08-14 08:07:40.048 I/kernel  ( 4243): [71588.029774][wlan][4243]aisGetWMMInfo:(AIS LOUD) Use default, invalid index = 255
08-14 08:07:40.048 I/kernel  ( 4243): [71588.030226][wlan][4243]aisGetWMMInfo:(AIS LOUD) Use default, invalid index = 255
08-14 08:07:40.234 I/cast_shell( 3609): [0814/080740.234334:INFO:metrics_recorder.cc(193)] Record action: Cast.CecHdmiInputState.Inactive
08-14 08:07:40.234 I/cast_shell( 3609): [0814/080740.234511:INFO:metrics_recorder.cc(193)] Record action: Cast.CecStandby.Standby
08-14 08:07:40.424 I/kernel  (  570): [71588.405689][wlan][570]asicConnac2xFillCmdTxdInfo:(INIT INFO) TX CMD: ID[0x7E] SEQ[63] SET[1] LEN[376]
08-14 08:07:40.424 I/kernel  (  570): [71588.405708][wlan][570]kalEnqueueCommand:(INIT INFO) EN-Q CMD TYPE[1] ID[0x7E] SEQ[63] to CMD Q
08-14 08:07:40.424 I/kernel  (  570): [71588.405724][wlan][570]asicConnac2xFillCmdTxdInfo:(INIT INFO) TX CMD: ID[0x85] SEQ[64] SET[0] LEN[92]
08-14 08:07:40.424 I/kernel  (  570): [71588.405728][wlan][570]kalEnqueueCommand:(INIT INFO) EN-Q CMD TYPE[1] ID[0x85] SEQ[64] to CMD Q
08-14 08:07:40.424 I/kernel  (  570): [71588.405733][wlan][570]asicConnac2xFillCmdTxdInfo:(INIT INFO) TX CMD: ID[0x82] SEQ[65] SET[0] LEN[76]
08-14 08:07:40.424 I/kernel  (  570): [71588.405736][wlan][570]kalEnqueueCommand:(INIT INFO) EN-Q CMD TYPE[1] ID[0x82] SEQ[65] to CMD Q
08-14 08:07:40.430 I/kernel  ( 4243): [71588.411932][wlan][4243]aisGetWMMInfo:(AIS LOUD) Use default, invalid index = 255
08-14 08:07:40.430 I/kernel  ( 4243): [71588.412298][wlan][4243]aisGetWMMInfo:(AIS LOUD) Use default, invalid index = 255
08-14 08:07:40.431 I/kernel  ( 4243): [71588.412769][wlan][4243]aisGetWMMInfo:(AIS LOUD) Use default, invalid index = 255
08-14 08:07:40.432 I/kernel  ( 4243): [71588.413504][wlan][4243]aisGetWMMInfo:(AIS LOUD) Use default, invalid index = 255
08-14 08:07:40.597 I/kernel  (  105): [71588.579289][wdk-c] cpu=2 o_k=2 lbit=0x4 cbit=0xf,b,3,1,8467838492208,f,8467255,0,8468244,0,[71588579283843,11000000] 30
08-14 08:07:40.597 I/kernel  (  106): [71588.579293][wdk-c] cpu=3 o_k=3 lbit=0xc cbit=0xf,3,3,1,8467838492208,f,8467255,0,8468244,0,[71588579289676,10999988] 30
08-14 08:07:40.597 I/kernel  (  106): [71588.579297]wdt_dump_cntcv CPU:3 CNTCV_CTL:0 CNTCV_TVAL:3d926656 CNTVCT:b05b83ba2a SYST_CNTCR:0 SYST_DISTL:0 SYST_CNTCV:0
08-14 08:07:40.597 I/kernel  (  105): [71588.579299]wdt_dump_cntcv CPU:2 CNTCV_CTL:0 CNTCV_TVAL:57bbb170 CNTVCT:b05b83b9f0 SYST_CNTCR:0 SYST_DISTL:0 SYST_CNTCV:0
08-14 08:07:40.598 I/kernel  (  104): [71588.579300][wdk-c] cpu=1 o_k=1 lbit=0xe cbit=0xf,1,3,1,8467838492208,f,8467255,0,8468244,0,[71588579296426,10999981] 30
08-14 08:07:40.598 I/kernel  (  104): [71588.579303]wdt_dump_cntcv CPU:1 CNTCV_CTL:0 CNTCV_TVAL:8559640e CNTVCT:b05b83b9f2 SYST_CNTCR:0 SYST_DISTL:0 SYST_CNTCV:0
08-14 08:07:40.598 I/kernel  (  102): [71588.579459][thread:102] 2025-08-13 23:07:40.596524 UTC;android time 2025-08-13 23:07:40.596524
08-14 08:07:40.598 I/kernel  (  102): [71588.579607][wdk-k] cpu=0 o_k=0 lbit=0xf cbit=0xf,0,3,1,8467838492208,f,8467255,0,8468244,0,[71588579455176,10999822] 30
08-14 08:07:40.598 I/kernel  (  102): [71588.579609]wdt_dump_cntcv CPU:0 CNTCV_CTL:0 CNTCV_TVAL:a6c55e6 CNTVCT:b05b83b9f5 SYST_CNTCR:0 SYST_DISTL:0 SYST_CNTCV:0
08-14 08:07:41.432 I/kernel  (  570): [71589.413677][wlan][570]asicConnac2xFillCmdTxdInfo:(INIT INFO) TX CMD: ID[0x7E] SEQ[66] SET[1] LEN[376]
08-14 08:07:41.432 I/kernel  (  570): [71589.413694][wlan][570]kalEnqueueCommand:(INIT INFO) EN-Q CMD TYPE[1] ID[0x7E] SEQ[66] to CMD Q
08-14 08:07:41.432 I/kernel  (  570): [71589.413709][wlan][570]asicConnac2xFillCmdTxdInfo:(INIT INFO) TX CMD: ID[0x85] SEQ[67] SET[0] LEN[92]
08-14 08:07:41.432 I/kernel  (  570): [71589.413712][wlan][570]kalEnqueueCommand:(INIT INFO) EN-Q CMD TYPE[1] ID[0x85] SEQ[67] to CMD Q
08-14 08:07:41.432 I/kernel  (  570): [71589.413716][wlan][570]asicConnac2xFillCmdTxdInfo:(INIT INFO) TX CMD: ID[0x82] SEQ[68] SET[0] LEN[76]
08-14 08:07:41.432 I/kernel  (  570): [71589.413719][wlan][570]kalEnqueueCommand:(INIT INFO) EN-Q CMD TYPE[1] ID[0x82] SEQ[68] to CMD Q
08-14 08:07:41.700 I/kernel  (  570): [71589.681364][wlan][570]scanAddToBssDesc:(SCN INFO) Receive type 8 in chnl 0 0 53 (02:64:cf:73:7e:01) valid(1) found(1), band=3 [DEVLINK_DECO_be75-6g]
08-14 08:07:41.700 I/kernel  (  570): [71589.681406][wlan][570]heRlmRecHeMcsMap:(RLM WARN) Change HeRxMcsMapBW80 from 0xffaa to 0xfffa
08-14 08:07:41.702 I/kernel  (    0): [71589.683909][    C3] [wlan][0]nicGetPhyRateByMcsRate:(RX WARN) Invalid McsRate: ucIdx=0, ucBw=0, ucGI=2
08-14 08:07:41.703 I/kernel  (    0): [71589.684616][    C3] [wlan][0]nicGetPhyRateByMcsRate:(RX WARN) Invalid McsRate: ucIdx=0, ucBw=0, ucGI=2
08-14 08:07:41.703 I/kernel  (    0): [71589.684888][    C3] [wlan][41]aisGetWMMInfo:(AIS LOUD) Use default, invalid index = 255
08-14 08:07:41.704 I/kernel  (31606): [71589.685492][wlan][31606]aisGetWMMInfo:(AIS LOUD) Use default, invalid index = 255
08-14 08:07:41.703 I/resolv  (  392): GetAddrInfoHandler::run: {103 103 103 983143 10102 0}
08-14 08:07:41.704 I/resolv  (  392): res_nmkquery: (QUERY, IN, AAAA)
08-14 08:07:41.704 I/resolv  (  392): res_nmkquery: (QUERY, IN, A)
08-14 08:07:41.704 I/resolv  (  392): resolv_cache_lookup: FOUND IN CACHE entry=0xf2b43a80
08-14 08:07:41.704 I/resolv  (  392): doQuery: rcode=0, ancount=4, return value=162
08-14 08:07:41.704 I/resolv  (  392): resolv_cache_lookup: FOUND IN CACHE entry=0xf15c3f80
08-14 08:07:41.704 I/resolv  (  392): doQuery: rcode=0, ancount=16, return value=306
08-14 08:07:41.705 I/kernel  (31606): [71589.686634][wlan][31606]aisGetWMMInfo:(AIS LOUD) Use default, invalid index = 255
08-14 08:07:41.710 I/kernel  (    0): [71589.691371][    C3] [wlan][0]aisGetWMMInfo:(AIS LOUD) Use default, invalid index = 255
08-14 08:07:41.710 I/kernel  (    0): [71589.691496][    C3] [wlan][0]aisGetWMMInfo:(AIS LOUD) Use default, invalid index = 255
08-14 08:07:41.710 I/kernel  (    0): [71589.691529][    C3] [wlan][0]aisGetWMMInfo:(AIS LOUD) Use default, invalid index = 255
08-14 08:07:41.714 I/kernel  (    0): [71589.695473][    C3] [wlan][0]aisGetWMMInfo:(AIS LOUD) Use default, invalid index = 255
08-14 08:07:42.436 I/kernel  (  570): [71590.417668][wlan][570]asicConnac2xFillCmdTxdInfo:(INIT INFO) TX CMD: ID[0x7E] SEQ[69] SET[1] LEN[376]
08-14 08:07:42.436 I/kernel  (  570): [71590.417687][wlan][570]kalEnqueueCommand:(INIT INFO) EN-Q CMD TYPE[1] ID[0x7E] SEQ[69] to CMD Q
08-14 08:07:42.436 I/kernel  (  570): [71590.417702][wlan][570]asicConnac2xFillCmdTxdInfo:(INIT INFO) TX CMD: ID[0x85] SEQ[70] SET[0] LEN[92]
08-14 08:07:42.436 I/kernel  (  570): [71590.417706][wlan][570]kalEnqueueCommand:(INIT INFO) EN-Q CMD TYPE[1] ID[0x85] SEQ[70] to CMD Q
08-14 08:07:42.436 I/kernel  (  570): [71590.417710][wlan][570]asicConnac2xFillCmdTxdInfo:(INIT INFO) TX CMD: ID[0x82] SEQ[71] SET[0] LEN[76]
08-14 08:07:42.436 I/kernel  (  570): [71590.417714][wlan][570]kalEnqueueCommand:(INIT INFO) EN-Q CMD TYPE[1] ID[0x82] SEQ[71] to CMD Q
08-14 08:07:43.316 D/AlarmManager(  793): Wakeup alarmType=ELAPSED_WAKEUP package=com.google.android.gms wakeups=42 alarms=42 whenElapsed=0 when=0 nowRTC=2025-08-14 08:07:43 workSource=WorkSource{10102 com.google.android.katniss} uid=10114 tag="*walarm*:NetworkLocationScanner"
08-14 08:07:43.320 I/WifiService(  793): getWifiEnabledState uid=10114 state=3
08-14 08:07:43.320 W/Settings( 1749): Setting airplane_mode_on has moved from android.provider.Settings.System to android.provider.Settings.Global, returning read-only value.
08-14 08:07:43.325 W/SystemServiceRegistry( 1749): No service published for: wifirtt
08-14 08:07:43.327 I/WifiScanningService(  793): Registering listener= android.net.wifi.IWifiScannerListener$Stub$Proxy@d0e90bf uid=10114 packageName=com.google.android.gms workSource=WorkSource{10114}
08-14 08:07:43.327 I/WifiScanningService(  793): start scan: ClientInfo[uid=10114, package=com.google.android.gms, android.net.wifi.IWifiScannerListener$Stub$Proxy@d0e90bf] package com.google.android.gms
08-14 08:07:43.328 I/WifiScanningService(  793): addSingleScanRequest: ClientInfo[uid=10114, package=com.google.android.gms, android.net.wifi.IWifiScannerListener$Stub$Proxy@d0e90bf],WorkSource{10102 com.google.android.katniss}, ScanSettings {  type:LOW LATENCY band:24Ghz & 5Ghz (no DFS) ignoreLocationSettings:false period:0 reportEvents:3 numBssidsPerScan:25 maxScansToCache:0 rnrSetting:0 6GhzPscOnlyEnabled:false channels:[  ]  } 
08-14 08:07:43.328 D/WifiScanningService(  793): replySucceeded onSuccess
08-14 08:07:43.336 D/WifiHAL (  568): event received NL80211_CMD_VENDOR, vendor_id = 0xce7, subcmd = 0xc
08-14 08:07:43.336 D/wpa_supplicant( 1173): nl80211: Drv Event 103 (NL80211_CMD_VENDOR) received for wlan0
08-14 08:07:43.336 D/wpa_supplicant( 1173): nl80211: Vendor event: wiphy=0 vendor_id=0xce7 subcmd=12
08-14 08:07:43.336 D/WifiHAL (  568): event received NL80211_CMD_VENDOR, vendor_id = 0xce7, subcmd = 0x99
08-14 08:07:43.336 D/WifiHAL (  568): event received NL80211_CMD_TRIGGER_SCAN
08-14 08:07:43.336 D/wpa_supplicant( 1173): nl80211: Ignore unsupported vendor event
08-14 08:07:43.336 D/wpa_supplicant( 1173): nl80211: Drv Event 103 (NL80211_CMD_VENDOR) received for wlan0
08-14 08:07:43.336 D/wpa_supplicant( 1173): nl80211: Vendor event: wiphy=0 vendor_id=0xce7 subcmd=153
08-14 08:07:43.336 D/wpa_supplicant( 1173): nl80211: Ignore unsupported vendor event
08-14 08:07:43.336 D/wpa_supplicant( 1173): nl80211: Drv Event 33 (NL80211_CMD_TRIGGER_SCAN) received for wlan0
08-14 08:07:43.336 D/wpa_supplicant( 1173): wlan0: nl80211: Scan trigger
08-14 08:07:43.336 D/wpa_supplicant( 1173): wlan0: Event SCAN_STARTED (47) received
08-14 08:07:43.336 D/wpa_supplicant( 1173): wlan0: External program started a scan
08-14 08:07:43.337 I/kernel  (  763): [71591.318778][wlan][763]mtk_IsP2PNetDevice:(REQ LOUD) ucIsP2p = 0
08-14 08:07:43.337 I/kernel  (  763): [71591.318792][wlan][763]wlanGetBssIdx:(REQ LOUD) ucBssIndex = 0, ndev(000000001358c204)
08-14 08:07:43.337 I/kernel  (  763): [71591.318827][wlan][763]SCANLOG:(SCN INFO) [SCN:100:K2D] Scan flags=0x0 [mac]addr=00:00:00:00:00:00 mask=00:00:00:00:00:00 n_ssids=1: n_channels=16: 1 2 3 4 5 6 7 8 9 10 11 149 153 157 161 165
08-14 08:07:43.337 I/kernel  (  763): [71591.318880][wlan][763]mtk_cfg80211_scan:(REQ STATE) i=0, wildcard scan
08-14 08:07:43.337 I/kernel  (  763): [71591.318885][wlan][763]mtk_cfg80211_scan:(REQ INFO) n_ssid=(1->0) n_channel(16==>16) wildcard=0x1 random_mac=00:00:00:00:00:00
08-14 08:07:43.337 I/kernel  (  570): [71591.318916][wlan][570]aisFsmSteps:(AIS STATE) [AIS0] TRANSITION: [NORMAL_TR] -> [ONLINE_SCAN]
08-14 08:07:43.337 I/kernel  (  570): [71591.318927][wlan][570]scanSetRequestChannel:(SCN INFO) channel num(16=>16) 00000000 00000000 00000022 22200000 00000000 00000000 00000000 00000FFE 00000000 00000000 00000000 00000000 00000000 00000000 00000000 00000000
08-14 08:07:43.337 I/kernel  (  570): [71591.318943][wlan][570]mtk_cfg80211_vendor_event_scan_status:(REQ INFO) wifi scan data wlan0. Status=[0]
08-14 08:07:43.337 I/kernel  (  570): [71591.318951][wlan][570]scnFsmSteps:(SCN STATE) [SCAN]TRANSITION: [IDLE] -> [SCANNING]
08-14 08:07:43.337 I/kernel  (  570): [71591.318959][wlan][570]scnSendScanReqV2:(SCN INFO) Include BSSID 00:00:00:00:00:00 in probe request
08-14 08:07:43.337 I/kernel  (  570): [71591.318968][wlan][570]SCANLOG:(SCN INFO) [SCN:200:D2F] 1: 0264cf737e01
08-14 08:07:43.337 I/kernel  (  570): [71591.318979][wlan][570]SCANLOG:(SCN INFO) [SCN:200:D2F] ScanReqV2: ScanType=1,BSS=0,SSIDType=1,Num=0,Ext=0,ChannelType=4,Num=16,Ext=0,Seq=46,Ver=1,Dw=0,Min=0,Func=(0x0,0x1000),Mac=00:00:00:00:00:00,Ch: 1 2 3 4 5 6 7 8 9 10 11 149 153 157 161 165
08-14 08:07:43.337 I/kernel  (  570): [71591.318991][wlan][570]asicConnac2xFillCmdTxdInfo:(INIT INFO) TX CMD: ID[0x03] SEQ[72] SET[1] LEN[1252]
08-14 08:07:43.337 I/kernel  (  570): [71591.318995][wlan][570]kalEnqueueCommand:(INIT INFO) EN-Q CMD TYPE[1] ID[0x03] SEQ[72] to CMD Q
08-14 08:07:43.337 I/kernel  ( 1173): [71591.319109][wlan][1173]mtk_IsP2PNetDevice:(REQ LOUD) ucIsP2p = 0
08-14 08:07:43.337 I/kernel  ( 1173): [71591.319115][wlan][1173]mtk_cfg_get_txpower:(REQ WARN) STA doesn't support this function
08-14 08:07:43.337 I/kernel  ( 1173): [71591.319250][wlan][1173]mtk_IsP2PNetDevice:(REQ LOUD) ucIsP2p = 0
08-14 08:07:43.337 I/kernel  ( 1173): [71591.319254][wlan][1173]mtk_cfg_get_txpower:(REQ WARN) STA doesn't support this function
08-14 08:07:43.356 I/perfetto(22902):    perfetto_cmd.cc:1051 Connected to the Perfetto traced service, TTL: 21001s
08-14 08:07:43.357 I/perfetto(  692): ing_service_impl.cc:740 A trace with this unique session name (perfetto_aot_merged) already exists
08-14 08:07:43.358 I/perfetto(22902):    perfetto_cmd.cc:1147 Service error: A trace with this unique session name (perfetto_aot_merged) already exists
08-14 08:07:43.362 I/kernel  (    1): [71591.343388]init: Untracked pid 22902 exited with status 0
08-14 08:07:43.362 I/kernel  (    1): [71591.343415]init: Untracked pid 22902 did not have an associated service entry and will not be reaped
08-14 08:07:43.438 I/kernel  (  570): [71591.419487][wlan][570]scanAddToBssDesc:(SCN INFO) Receive type 8 in chnl 0 0 53 (02:64:cf:73:7e:01) valid(1) found(1), band=3 [DEVLINK_DECO_be75-6g]
08-14 08:07:43.438 I/kernel  (  570): [71591.419527][wlan][570]heRlmRecHeMcsMap:(RLM WARN) Change HeRxMcsMapBW80 from 0xffaa to 0xfffa
08-14 08:07:43.438 I/kernel  (  570): [71591.419562][wlan][570]scanAddToBssDesc:(SCN INFO) Receive type 8 in chnl 0 0 53 (02:64:cf:73:7e:00) valid(1) found(1), band=3 [zEQQEQyG/Y0QTibL]
08-14 08:07:43.440 I/kernel  (  570): [71591.421696][wlan][570]asicConnac2xFillCmdTxdInfo:(INIT INFO) TX CMD: ID[0x85] SEQ[73] SET[0] LEN[92]
08-14 08:07:43.440 I/kernel  (  570): [71591.421706][wlan][570]kalEnqueueCommand:(INIT INFO) EN-Q CMD TYPE[1] ID[0x85] SEQ[73] to CMD Q
08-14 08:07:43.440 I/kernel  (  570): [71591.421712][wlan][570]asicConnac2xFillCmdTxdInfo:(INIT INFO) TX CMD: ID[0x82] SEQ[74] SET[0] LEN[76]
08-14 08:07:43.440 I/kernel  (  570): [71591.421714][wlan][570]kalEnqueueCommand:(INIT INFO) EN-Q CMD TYPE[1] ID[0x82] SEQ[74] to CMD Q
08-14 08:07:43.476 I/kernel  (  570): [71591.458084][wlan][570]scanAddToBssDesc:(SCN INFO) Receive type 5 in chnl 1 1 1 (18:ec:e7:cf:03:c4) valid(1) found(1), band=1 [Extender-G-03C4]
08-14 08:07:43.476 I/kernel  (  570): [71591.458121][wlan][570]scanCheckEpigramVhtIE:(RLM WARN) [Epigram] prEpiIE->ucLength is too short, skip!
08-14 08:07:43.481 I/kernel  (  570): [71591.462780][wlan][570]scanAddToBssDesc:(SCN INFO) Receive type 5 in chnl 1 1 1 (18:ec:e7:cf:03:c5) valid(1) found(1), band=1 [Buffalo-G-4D7E]
08-14 08:07:43.481 I/kernel  (  570): [71591.462802][wlan][570]scanCheckEpigramVhtIE:(RLM WARN) [Epigram] prEpiIE->ucLength is too short, skip!
08-14 08:07:43.485 I/kernel  (  570): [71591.466391][wlan][570]scanAddToBssDesc:(SCN INFO) Receive type 8 in chnl 1 1 1 (18:ec:e7:cf:03:c5) valid(1) found(1), band=1 [Buffalo-G-4D7E]
08-14 08:07:43.485 I/kernel  (  570): [71591.466414][wlan][570]scanCheckEpigramVhtIE:(RLM WARN) [Epigram] prEpiIE->ucLength is too short, skip!
08-14 08:07:43.513 I/kernel  (  570): [71591.494556][wlan][570]scanAddToBssDesc:(SCN INFO) Receive type 8 in chnl 1 0 1 (06:1b:8b:ea:ba:5d) valid(1) found(0), band=1 [WARPSTAR-DA7251-W]
08-14 08:07:43.516 I/kernel  (  570): [71591.497779][wlan][570]scanAddToBssDesc:(SCN INFO) Receive type 8 in chnl 1 1 1 (f8:b7:97:f7:a3:e6) valid(1) found(1), band=1 [devlink_wx6000hp_2G]
08-14 08:07:43.519 I/kernel  (  570): [71591.500446][wlan][570]scanAddToBssDesc:(SCN INFO) Receive type 5 in chnl 1 1 1 (a4:12:42:87:50:29) valid(1) found(0), band=1 [pr500k-fa73ad-1]
08-14 08:07:43.522 I/kernel  (  570): [71591.503405][wlan][570]scanAddToBssDesc:(SCN INFO) Receive type 5 in chnl 1 1 1 (0c:8d:db:6e:a2:bd) valid(1) found(1), band=1 [swd2-mw2]
08-14 08:07:43.533 I/kernel  (  570): [71591.514758][wlan][570]scanAddToBssDesc:(SCN INFO) Receive type 8 in chnl 1 1 1 (1c:d1:e0:dd:86:80) valid(1) found(1), band=1 [SWingS]
08-14 08:07:43.533 I/kernel  (  570): [71591.514786][wlan][570]scanCheckEpigramVhtIE:(RLM WARN) [Epigram] prEpiIE->ucLength is too short, skip!
08-14 08:07:43.533 I/kernel  (  570): [71591.514790][wlan][570]scanCheckEpigramVhtIE:(RLM WARN) [Epigram] prEpiIE->ucLength is too short, skip!
08-14 08:07:43.533 I/kernel  (  570): [71591.514793][wlan][570]scanCheckEpigramVhtIE:(RLM WARN) [Epigram] prEpiIE->ucLength is too short, skip!
08-14 08:07:43.533 I/kernel  (  570): [71591.514795][wlan][570]scanCheckEpigramVhtIE:(RLM WARN) [Epigram] prEpiIE->ucLength is too short, skip!
08-14 08:07:43.535 I/kernel  (  570): [71591.517147][wlan][570]scanAddToBssDesc:(SCN INFO) Receive type 8 in chnl 1 1 1 (f0:f8:4a:39:e2:38) valid(1) found(1), band=1 [System-ECO]
08-14 08:07:43.535 I/kernel  (  570): [71591.517170][wlan][570]scanCheckEpigramVhtIE:(RLM WARN) [Epigram] prEpiIE->ucLength is too short, skip!
08-14 08:07:43.539 I/kernel  (  570): [71591.521272][wlan][570]scanAddToBssDesc:(SCN INFO) Receive type 5 in chnl 1 1 1 (a6:12:42:87:50:29) valid(1) found(0), band=1 [pr500k-fa73ad-2]
08-14 08:07:43.542 I/kernel  (  570): [71591.523565][wlan][570]scanAddToBssDesc:(SCN INFO) Receive type 8 in chnl 1 1 1 (1c:d1:e0:dd:86:81) valid(1) found(1), band=1 [GuestNet]
08-14 08:07:43.542 I/kernel  (  570): [71591.523577][wlan][570]scanCheckEpigramVhtIE:(RLM WARN) [Epigram] prEpiIE->ucLength is too short, skip!
08-14 08:07:43.542 I/kernel  (  570): [71591.523580][wlan][570]scanCheckEpigramVhtIE:(RLM WARN) [Epigram] prEpiIE->ucLength is too short, skip!
08-14 08:07:43.542 I/kernel  (  570): [71591.523582][wlan][570]scanCheckEpigramVhtIE:(RLM WARN) [Epigram] prEpiIE->ucLength is too short, skip!
08-14 08:07:43.542 I/kernel  (  570): [71591.523584][wlan][570]scanCheckEpigramVhtIE:(RLM WARN) [Epigram] prEpiIE->ucLength is too short, skip!
08-14 08:07:43.544 I/kernel  (  570): [71591.525759][wlan][570]scanAddToBssDesc:(SCN INFO) Receive type 8 in chnl 1 1 1 (18:ec:e7:cf:03:c4) valid(1) found(1), band=1 [Extender-G-03C4]
08-14 08:07:43.544 I/kernel  (  570): [71591.525779][wlan][570]scanCheckEpigramVhtIE:(RLM WARN) [Epigram] prEpiIE->ucLength is too short, skip!
08-14 08:07:43.544 I/kernel  (  570): [71591.525819][wlan][570]scanAddToBssDesc:(SCN INFO) Receive type 8 in chnl 1 1 1 (1c:d1:e0:dd:86:83) valid(1) found(1), band=1 [EngN]
08-14 08:07:43.544 I/kernel  (  570): [71591.525825][wlan][570]scanCheckEpigramVhtIE:(RLM WARN) [Epigram] prEpiIE->ucLength is too short, skip!
08-14 08:07:43.544 I/kernel  (  570): [71591.525827][wlan][570]scanCheckEpigramVhtIE:(RLM WARN) [Epigram] prEpiIE->ucLength is too short, skip!
08-14 08:07:43.544 I/kernel  (  570): [71591.525829][wlan][570]scanCheckEpigramVhtIE:(RLM WARN) [Epigram] prEpiIE->ucLength is too short, skip!
08-14 08:07:43.544 I/kernel  (  570): [71591.525831][wlan][570]scanCheckEpigramVhtIE:(RLM WARN) [Epigram] prEpiIE->ucLength is too short, skip!
08-14 08:07:43.549 I/kernel  (  570): [71591.530664][wlan][570]scanAddToBssDesc:(SCN INFO) Receive type 5 in chnl 1 1 1 (0c:8d:db:6e:a2:bd) valid(1) found(1), band=1 [swd2-mw2]
08-14 08:07:43.551 I/kernel  (  570): [71591.532933][wlan][570]scanAddToBssDesc:(SCN INFO) Receive type 5 in chnl 1 1 1 (a4:12:42:87:50:29) valid(1) found(1), band=1 [pr500k-fa73ad-1]
08-14 08:07:43.554 I/kernel  (  570): [71591.535436][wlan][570]scanAddToBssDesc:(SCN INFO) Receive type 8 in chnl 1 1 1 (88:57:ee:a4:6e:08) valid(0) found(0), band=1 []
08-14 08:07:43.555 I/kernel  (  570): [71591.536848][wlan][570]scanAddToBssDesc:(SCN INFO) Receive type 8 in chnl 1 0 1 (88:57:ee:a4:6e:09) valid(0) found(0), band=1 []
08-14 08:07:43.567 I/kernel  (  570): [71591.548679][wlan][570]scanAddToBssDesc:(SCN INFO) Receive type 8 in chnl 1 1 1 (20:4e:7f:91:82:61) valid(1) found(1), band=1 [uz-2.4GHz]
08-14 08:07:43.577 I/kernel  (  570): [71591.558951][wlan][570]scanAddToBssDesc:(SCN INFO) Receive type 5 in chnl 2 2 2 (74:03:bd:ee:d9:30) valid(1) found(1), band=1 [WXR-1900DHP2_2.4GHz]
08-14 08:07:43.582 I/kernel  (  570): [71591.563327][wlan][570]scanAddToBssDesc:(SCN INFO) Receive type 8 in chnl 2 2 2 (3c:64:cf:73:7d:3e) valid(1) found(1), band=1 [DEVLINK_DECO_be75]
08-14 08:07:43.585 I/kernel  (  570): [71591.567177][wlan][570]scanAddToBssDesc:(SCN INFO) Receive type 8 in chnl 2 2 2 (42:64:cf:73:7d:3e) valid(1) found(1), band=1 [DevLink_deco_be75_Guest]
08-14 08:07:43.598 I/kernel  (  570): [71591.579432][wlan][570]scanAddToBssDesc:(SCN INFO) Receive type 8 in chnl 2 2 2 (3c:64:cf:73:7d:fe) valid(1) found(1), band=1 [DEVLINK_DECO_be75]
08-14 08:07:43.602 I/kernel  (  570): [71591.583569][wlan][570]scanAddToBssDesc:(SCN INFO) Receive type 8 in chnl 2 2 2 (42:64:cf:73:7d:fe) valid(0) found(0), band=1 []
08-14 08:07:43.606 I/kernel  (  570): [71591.587655][wlan][570]scanAddToBssDesc:(SCN INFO) Receive type 8 in chnl 2 2 2 (46:64:cf:73:7d:fe) valid(1) found(1), band=1 [DEVLINK_DECO_be75_IoT]
08-14 08:07:43.610 I/kernel  (  570): [71591.591534][wlan][570]scanAddToBssDesc:(SCN INFO) Receive type 8 in chnl 2 2 2 (4a:64:cf:73:7d:fe) valid(1) found(1), band=1 [DevLink_deco_be75_Guest]
08-14 08:07:43.613 I/kernel  (  570): [71591.594864][wlan][570]scanAddToBssDesc:(SCN INFO) Receive type 5 in chnl 2 2 2 (10:da:43:7b:1e:4d) valid(1) found(1), band=1 [NETGEAR84]
08-14 08:07:43.613 I/kernel  (  570): [71591.594887][wlan][570]scanCheckEpigramVhtIE:(RLM WARN) [Epigram] prEpiIE->ucLength is too short, skip!
08-14 08:07:43.617 I/kernel  (  570): [71591.599088][wlan][570]scanAddToBssDesc:(SCN INFO) Receive type 5 in chnl 2 2 2 (42:64:cf:73:7d:3e) valid(1) found(1), band=1 [DevLink_deco_be75_Guest]
08-14 08:07:43.625 I/kernel  (  570): [71591.606547][wlan][570]scanAddToBssDesc:(SCN INFO) Receive type 5 in chnl 2 2 2 (3c:64:cf:73:7d:3e) valid(1) found(1), band=1 [DEVLINK_DECO_be75]
08-14 08:07:43.639 I/kernel  (  570): [71591.620374][wlan][570]scanAddToBssDesc:(SCN INFO) Receive type 5 in chnl 2 2 2 (4a:64:cf:73:7d:3e) valid(1) found(1), band=1 [DEVLINK_DECO_be75_IoT]
08-14 08:07:43.645 I/kernel  (  570): [71591.627223][wlan][570]scanAddToBssDesc:(SCN INFO) Receive type 8 in chnl 2 2 2 (74:03:bd:ee:d9:30) valid(1) found(1), band=1 [WXR-1900DHP2_2.4GHz]
08-14 08:07:43.649 I/kernel  (  570): [71591.630470][wlan][570]scanAddToBssDesc:(SCN INFO) Receive type 5 in chnl 2 2 2 (74:03:bd:ee:d9:30) valid(1) found(1), band=1 [WXR-1900DHP2_2.4GHz]
08-14 08:07:43.654 I/kernel  (  570): [71591.635690][wlan][570]scanAddToBssDesc:(SCN INFO) Receive type 5 in chnl 2 2 2 (3c:64:cf:73:7d:fe) valid(1) found(1), band=1 [DEVLINK_DECO_be75]
08-14 08:07:43.658 I/kernel  (  570): [71591.639441][wlan][570]scanAddToBssDesc:(SCN INFO) Receive type 5 in chnl 2 2 2 (74:03:bd:ee:d9:30) valid(1) found(1), band=1 [WXR-1900DHP2_2.4GHz]
08-14 08:07:43.670 I/kernel  (  570): [71591.652104][wlan][570]scanAddToBssDesc:(SCN INFO) Receive type 5 in chnl 2 2 2 (46:64:cf:73:7d:fe) valid(1) found(1), band=1 [DEVLINK_DECO_be75_IoT]
08-14 08:07:43.678 I/kernel  (  570): [71591.659558][wlan][570]scanAddToBssDesc:(SCN INFO) Receive type 5 in chnl 2 2 3 (3c:64:cf:73:7d:3e) valid(1) found(1), band=1 [DEVLINK_DECO_be75]
08-14 08:07:43.682 I/kernel  (  570): [71591.663769][wlan][570]scanAddToBssDesc:(SCN INFO) Receive type 5 in chnl 2 2 3 (4a:64:cf:73:7d:fe) valid(1) found(1), band=1 [DevLink_deco_be75_Guest]
08-14 08:07:43.686 I/kernel  (  570): [71591.668140][wlan][570]scanAddToBssDesc:(SCN INFO) Receive type 8 in chnl 2 2 3 (3c:64:cf:73:7d:3e) valid(1) found(1), band=1 [DEVLINK_DECO_be75]
08-14 08:07:43.729 I/kernel  (  570): [71591.710943][wlan][570]scanAddToBssDesc:(SCN INFO) Receive type 8 in chnl 4 4 3 (14:91:82:c7:98:1f) valid(0) found(0), band=1 []
08-14 08:07:43.754 I/kernel  (  570): [71591.735845][wlan][570]scanAddToBssDesc:(SCN INFO) Receive type 5 in chnl 2 2 3 (42:64:cf:73:7d:3e) valid(1) found(1), band=1 [DevLink_deco_be75_Guest]
08-14 08:07:43.847 I/kernel  (  570): [71591.828975][wlan][570]scanAddToBssDesc:(SCN INFO) Receive type 8 in chnl 0 0 53 (02:64:cf:73:7e:01) valid(1) found(1), band=3 [DEVLINK_DECO_be75-6g]
08-14 08:07:43.847 I/kernel  (  570): [71591.829017][wlan][570]heRlmRecHeMcsMap:(RLM WARN) Change HeRxMcsMapBW80 from 0xffaa to 0xfffa
08-14 08:07:43.847 I/kernel  (  570): [71591.829055][wlan][570]scanAddToBssDesc:(SCN INFO) Receive type 8 in chnl 0 0 53 (02:64:cf:73:7e:00) valid(1) found(1), band=3 [zEQQEQyG/Y0QTibL]
08-14 08:07:43.916 I/bluetooth( 1431): packages/modules/Bluetooth/system/gd/hci/le_advertising_manager.cc:1518 on_set_advertising_set_random_address_complete: update random address for advertising set 1 : xx:xx:xx:xx:ec:76
08-14 08:07:43.933 I/kernel  (  570): [71591.915114][wlan][570]scanAddToBssDesc:(SCN INFO) Receive type 8 in chnl 4 4 4 (14:91:82:c7:98:1f) valid(0) found(1), band=1 []
08-14 08:07:44.022 I/kernel  (  570): [71592.004075][wlan][570]scanAddToBssDesc:(SCN INFO) Receive type 5 in chnl 6 6 5 (3c:47:11:8d:56:14) valid(1) found(1), band=1 [HWD11_3C47118D5614]
08-14 08:07:44.024 I/kernel  (  570): [71592.006141][wlan][570]scanAddToBssDesc:(SCN INFO) Receive type 5 in chnl 6 6 5 (ce:47:40:a7:66:c4) valid(1) found(1), band=1 [HT-A9000.d]
08-14 08:07:44.031 I/kernel  (  570): [71592.012863][wlan][570]scanAddToBssDesc:(SCN INFO) Receive type 5 in chnl 6 6 5 (ce:47:40:a7:66:c4) valid(1) found(1), band=1 [HT-A9000.d]
08-14 08:07:44.037 I/kernel  (  570): [71592.019260][wlan][570]scanAddToBssDesc:(SCN INFO) Receive type 5 in chnl 6 6 5 (3c:47:11:8d:56:14) valid(1) found(1), band=1 [HWD11_3C47118D5614]
08-14 08:07:44.048 I/kernel  (  570): [71592.030106][wlan][570]scanAddToBssDesc:(SCN INFO) Receive type 8 in chnl 6 6 5 (34:3d:c4:19:e1:e0) valid(1) found(0), band=1 [MW1-AP]
08-14 08:07:44.066 I/kernel  (  570): [71592.047767][wlan][570]scanAddToBssDesc:(SCN INFO) Receive type 8 in chnl 6 6 5 (ce:47:40:a7:66:c4) valid(1) found(1), band=1 [HT-A9000.d]
08-14 08:07:44.091 I/kernel  (  570): [71592.072855][wlan][570]scanAddToBssDesc:(SCN INFO) Receive type 8 in chnl 6 6 5 (b0:c7:45:6e:1a:fb) valid(0) found(0), band=1 []
08-14 08:07:44.108 I/kernel  (  570): [71592.090234][wlan][570]scanAddToBssDesc:(SCN INFO) Receive type 5 in chnl 6 6 6 (34:3d:c4:19:e1:e0) valid(1) found(1), band=1 [MW1-AP]
08-14 08:07:44.112 I/kernel  (  570): [71592.093711][wlan][570]scanAddToBssDesc:(SCN INFO) Receive type 5 in chnl 6 6 6 (3c:47:11:8d:56:14) valid(1) found(1), band=1 [HWD11_3C47118D5614]
08-14 08:07:44.115 I/kernel  (  570): [71592.096761][wlan][570]scanAddToBssDesc:(SCN INFO) Receive type 8 in chnl 6 6 6 (98:fc:11:77:b6:47) valid(1) found(1), band=1 [AsDW]
08-14 08:07:44.118 I/kernel  (  570): [71592.100294][wlan][570]scanAddToBssDesc:(SCN INFO) Receive type 5 in chnl 6 6 6 (fa:8f:ca:80:b2:52) valid(1) found(1), band=1 [HT-A5000M #8855.l099,]
08-14 08:07:44.119 I/kernel  (  570): [71592.100356][wlan][570]scanAddToBssDesc:(SCN INFO) Receive type 5 in chnl 6 6 6 (1c:d1:e0:da:13:00) valid(1) found(1), band=1 [SWingS]
08-14 08:07:44.119 I/kernel  (  570): [71592.100365][wlan][570]scanCheckEpigramVhtIE:(RLM WARN) [Epigram] prEpiIE->ucLength is too short, skip!
08-14 08:07:44.119 I/kernel  (  570): [71592.100369][wlan][570]scanCheckEpigramVhtIE:(RLM WARN) [Epigram] prEpiIE->ucLength is too short, skip!
08-14 08:07:44.119 I/kernel  (  570): [71592.100372][wlan][570]scanCheckEpigramVhtIE:(RLM WARN) [Epigram] prEpiIE->ucLength is too short, skip!
08-14 08:07:44.119 I/kernel  (  570): [71592.100374][wlan][570]scanCheckEpigramVhtIE:(RLM WARN) [Epigram] prEpiIE->ucLength is too short, skip!
08-14 08:07:44.123 I/kernel  (  570): [71592.104476][wlan][570]scanAddToBssDesc:(SCN INFO) Receive type 5 in chnl 6 6 6 (3c:47:11:8d:56:14) valid(1) found(1), band=1 [HWD11_3C47118D5614]
08-14 08:07:44.127 I/kernel  (  570): [71592.108532][wlan][570]scanAddToBssDesc:(SCN INFO) Receive type 5 in chnl 6 6 6 (98:fc:11:77:b6:47) valid(1) found(1), band=1 [AsDW]
08-14 08:07:44.127 I/kernel  (  570): [71592.108599][wlan][570]scanAddToBssDesc:(SCN INFO) Receive type 5 in chnl 6 6 6 (a4:9b:cd:3c:0a:c0) valid(1) found(1), band=1 [SWingS]
08-14 08:07:44.127 I/kernel  (  570): [71592.108606][wlan][570]scanCheckEpigramVhtIE:(RLM WARN) [Epigram] prEpiIE->ucLength is too short, skip!
08-14 08:07:44.127 I/kernel  (  570): [71592.108608][wlan][570]scanCheckEpigramVhtIE:(RLM WARN) [Epigram] prEpiIE->ucLength is too short, skip!
08-14 08:07:44.127 I/kernel  (  570): [71592.108610][wlan][570]scanCheckEpigramVhtIE:(RLM WARN) [Epigram] prEpiIE->ucLength is too short, skip!
08-14 08:07:44.127 I/kernel  (  570): [71592.108613][wlan][570]scanCheckEpigramVhtIE:(RLM WARN) [Epigram] prEpiIE->ucLength is too short, skip!
08-14 08:07:44.129 I/kernel  (  570): [71592.111060][wlan][570]scanAddToBssDesc:(SCN INFO) Receive type 5 in chnl 6 6 6 (e4:4e:2d:7c:66:a5) valid(1) found(1), band=1 [SWingCert-Enroll]
08-14 08:07:44.129 I/kernel  (  570): [71592.111074][wlan][570]scanCheckEpigramVhtIE:(RLM WARN) [Epigram] prEpiIE->ucLength is too short, skip!
08-14 08:07:44.129 I/kernel  (  570): [71592.111077][wlan][570]scanCheckEpigramVhtIE:(RLM WARN) [Epigram] prEpiIE->ucLength is too short, skip!
08-14 08:07:44.129 I/kernel  (  570): [71592.111079][wlan][570]scanCheckEpigramVhtIE:(RLM WARN) [Epigram] prEpiIE->ucLength is too short, skip!
08-14 08:07:44.129 I/kernel  (  570): [71592.111082][wlan][570]scanCheckEpigramVhtIE:(RLM WARN) [Epigram] prEpiIE->ucLength is too short, skip!
08-14 08:07:44.133 I/kernel  (  570): [71592.115106][wlan][570]scanAddToBssDesc:(SCN INFO) Receive type 5 in chnl 6 6 6 (04:ab:18:07:c6:79) valid(1) found(1), band=1 [elecom-07c677]
08-14 08:07:44.137 I/kernel  (  570): [71592.119182][wlan][570]scanAddToBssDesc:(SCN INFO) Receive type 5 in chnl 6 6 6 (1c:d1:e0:da:13:04) valid(1) found(0), band=1 [SWing]
08-14 08:07:44.137 I/kernel  (  570): [71592.119205][wlan][570]scanCheckEpigramVhtIE:(RLM WARN) [Epigram] prEpiIE->ucLength is too short, skip!
08-14 08:07:44.137 I/kernel  (  570): [71592.119209][wlan][570]scanCheckEpigramVhtIE:(RLM WARN) [Epigram] prEpiIE->ucLength is too short, skip!
08-14 08:07:44.137 I/kernel  (  570): [71592.119212][wlan][570]scanCheckEpigramVhtIE:(RLM WARN) [Epigram] prEpiIE->ucLength is too short, skip!
08-14 08:07:44.137 I/kernel  (  570): [71592.119214][wlan][570]scanCheckEpigramVhtIE:(RLM WARN) [Epigram] prEpiIE->ucLength is too short, skip!
08-14 08:07:44.142 I/kernel  (  570): [71592.124049][wlan][570]scanAddToBssDesc:(SCN INFO) Receive type 5 in chnl 6 6 6 (a4:9b:cd:3c:0a:c0) valid(1) found(1), band=1 [SWingS]
08-14 08:07:44.142 I/kernel  (  570): [71592.124073][wlan][570]scanCheckEpigramVhtIE:(RLM WARN) [Epigram] prEpiIE->ucLength is too short, skip!
08-14 08:07:44.142 I/kernel  (  570): [71592.124076][wlan][570]scanCheckEpigramVhtIE:(RLM WARN) [Epigram] prEpiIE->ucLength is too short, skip!
08-14 08:07:44.142 I/kernel  (  570): [71592.124079][wlan][570]scanCheckEpigramVhtIE:(RLM WARN) [Epigram] prEpiIE->ucLength is too short, skip!
08-14 08:07:44.142 I/kernel  (  570): [71592.124081][wlan][570]scanCheckEpigramVhtIE:(RLM WARN) [Epigram] prEpiIE->ucLength is too short, skip!
08-14 08:07:44.142 I/kernel  (  570): [71592.124122][wlan][570]scanAddToBssDesc:(SCN INFO) Receive type 5 in chnl 6 6 6 (a4:9b:cd:3c:0a:c1) valid(1) found(1), band=1 [GuestNet]
08-14 08:07:44.142 I/kernel  (  570): [71592.124128][wlan][570]scanCheckEpigramVhtIE:(RLM WARN) [Epigram] prEpiIE->ucLength is too short, skip!
08-14 08:07:44.142 I/kernel  (  570): [71592.124130][wlan][570]scanCheckEpigramVhtIE:(RLM WARN) [Epigram] prEpiIE->ucLength is too short, skip!
08-14 08:07:44.142 I/kernel  (  570): [71592.124132][wlan][570]scanCheckEpigramVhtIE:(RLM WARN) [Epigram] prEpiIE->ucLength is too short, skip!
08-14 08:07:44.142 I/kernel  (  570): [71592.124134][wlan][570]scanCheckEpigramVhtIE:(RLM WARN) [Epigram] prEpiIE->ucLength is too short, skip!
08-14 08:07:44.147 I/kernel  (  570): [71592.128621][wlan][570]scanAddToBssDesc:(SCN INFO) Receive type 5 in chnl 6 6 6 (04:ab:18:07:c6:79) valid(1) found(1), band=1 [elecom-07c677]
08-14 08:07:44.151 I/kernel  (  570): [71592.132873][wlan][570]scanAddToBssDesc:(SCN INFO) Receive type 5 in chnl 6 6 6 (04:ab:18:07:c6:79) valid(1) found(1), band=1 [elecom-07c677]
08-14 08:07:44.155 I/kernel  (  570): [71592.137231][wlan][570]scanAddToBssDesc:(SCN INFO) Receive type 5 in chnl 6 6 6 (fa:8f:ca:89:8f:fb) valid(1) found(0), band=1 [STR-AZ7000ES.h052,]
08-14 08:07:44.157 I/kernel  (  570): [71592.139273][wlan][570]scanAddToBssDesc:(SCN INFO) Receive type 5 in chnl 6 6 6 (fa:8f:ca:75:1b:f0) valid(1) found(1), band=1 [ItBX.d]
08-14 08:07:44.159 I/kernel  (  570): [71592.141208][wlan][570]scanAddToBssDesc:(SCN INFO) Receive type 5 in chnl 6 6 6 (fa:8f:ca:75:1b:f0) valid(1) found(1), band=1 [ItBX.d]
08-14 08:07:44.161 I/kernel  (  570): [71592.143117][wlan][570]scanAddToBssDesc:(SCN INFO) Receive type 5 in chnl 6 6 6 (fa:8f:ca:75:1b:f0) valid(1) found(1), band=1 [ItBX.d]
08-14 08:07:44.166 I/kernel  (  570): [71592.147365][wlan][570]scanAddToBssDesc:(SCN INFO) Receive type 8 in chnl 6 6 6 (fa:8f:ca:9a:db:32) valid(1) found(0), band=1 [HT-A5000 #2869.l074,]
08-14 08:07:44.168 I/kernel  (  570): [71592.150214][wlan][570]scanAddToBssDesc:(SCN INFO) Receive type 8 in chnl 6 6 6 (ce:47:40:a7:66:c4) valid(1) found(1), band=1 [HT-A9000.d]
08-14 08:07:44.168 I/kernel  (  570): [71592.150274][wlan][570]scanAddToBssDesc:(SCN INFO) Receive type 8 in chnl 6 6 6 (1c:d1:e0:da:13:00) valid(1) found(1), band=1 [SWingS]
08-14 08:07:44.168 I/kernel  (  570): [71592.150283][wlan][570]scanCheckEpigramVhtIE:(RLM WARN) [Epigram] prEpiIE->ucLength is too short, skip!
08-14 08:07:44.168 I/kernel  (  570): [71592.150286][wlan][570]scanCheckEpigramVhtIE:(RLM WARN) [Epigram] prEpiIE->ucLength is too short, skip!
08-14 08:07:44.168 I/kernel  (  570): [71592.150288][wlan][570]scanCheckEpigramVhtIE:(RLM WARN) [Epigram] prEpiIE->ucLength is too short, skip!
08-14 08:07:44.168 I/kernel  (  570): [71592.150290][wlan][570]scanCheckEpigramVhtIE:(RLM WARN) [Epigram] prEpiIE->ucLength is too short, skip!
08-14 08:07:44.169 I/kernel  (  570): [71592.151112][wlan][570]scanAddToBssDesc:(SCN INFO) Receive type 8 in chnl 6 6 6 (1c:d1:e0:da:13:01) valid(1) found(0), band=1 [GuestNet]
08-14 08:07:44.169 I/kernel  (  570): [71592.151119][wlan][570]scanCheckEpigramVhtIE:(RLM WARN) [Epigram] prEpiIE->ucLength is too short, skip!
08-14 08:07:44.169 I/kernel  (  570): [71592.151122][wlan][570]scanCheckEpigramVhtIE:(RLM WARN) [Epigram] prEpiIE->ucLength is too short, skip!
08-14 08:07:44.169 I/kernel  (  570): [71592.151124][wlan][570]scanCheckEpigramVhtIE:(RLM WARN) [Epigram] prEpiIE->ucLength is too short, skip!
08-14 08:07:44.169 I/kernel  (  570): [71592.151126][wlan][570]scanCheckEpigramVhtIE:(RLM WARN) [Epigram] prEpiIE->ucLength is too short, skip!
08-14 08:07:44.169 I/kernel  (  570): [71592.151138][wlan][570]scanAddToBssDesc:(SCN INFO) Receive type 8 in chnl 6 6 6 (1c:d1:e0:da:13:02) valid(0) found(0), band=1 []
08-14 08:07:44.169 I/kernel  (  570): [71592.151143][wlan][570]scanCheckEpigramVhtIE:(RLM WARN) [Epigram] prEpiIE->ucLength is too short, skip!
08-14 08:07:44.169 I/kernel  (  570): [71592.151145][wlan][570]scanCheckEpigramVhtIE:(RLM WARN) [Epigram] prEpiIE->ucLength is too short, skip!
08-14 08:07:44.169 I/kernel  (  570): [71592.151148][wlan][570]scanCheckEpigramVhtIE:(RLM WARN) [Epigram] prEpiIE->ucLength is too short, skip!
08-14 08:07:44.169 I/kernel  (  570): [71592.151150][wlan][570]scanCheckEpigramVhtIE:(RLM WARN) [Epigram] prEpiIE->ucLength is too short, skip!
08-14 08:07:44.169 I/kernel  (  570): [71592.151160][wlan][570]scanAddToBssDesc:(SCN INFO) Receive type 8 in chnl 6 6 6 (1c:d1:e0:da:13:03) valid(1) found(0), band=1 [EngN]
08-14 08:07:44.169 I/kernel  (  570): [71592.151165][wlan][570]scanCheckEpigramVhtIE:(RLM WARN) [Epigram] prEpiIE->ucLength is too short, skip!
08-14 08:07:44.169 I/kernel  (  570): [71592.151167][wlan][570]scanCheckEpigramVhtIE:(RLM WARN) [Epigram] prEpiIE->ucLength is too short, skip!
08-14 08:07:44.169 I/kernel  (  570): [71592.151169][wlan][570]scanCheckEpigramVhtIE:(RLM WARN) [Epigram] prEpiIE->ucLength is too short, skip!
08-14 08:07:44.169 I/kernel  (  570): [71592.151171][wlan][570]scanCheckEpigramVhtIE:(RLM WARN) [Epigram] prEpiIE->ucLength is too short, skip!
08-14 08:07:44.169 I/kernel  (  570): [71592.151179][wlan][570]scanAddToBssDesc:(SCN INFO) Receive type 8 in chnl 6 6 6 (1c:d1:e0:da:13:04) valid(1) found(1), band=1 [SWing]
08-14 08:07:44.169 I/kernel  (  570): [71592.151184][wlan][570]scanCheckEpigramVhtIE:(RLM WARN) [Epigram] prEpiIE->ucLength is too short, skip!
08-14 08:07:44.169 I/kernel  (  570): [71592.151186][wlan][570]scanCheckEpigramVhtIE:(RLM WARN) [Epigram] prEpiIE->ucLength is too short, skip!
08-14 08:07:44.169 I/kernel  (  570): [71592.151188][wlan][570]scanCheckEpigramVhtIE:(RLM WARN) [Epigram] prEpiIE->ucLength is too short, skip!
08-14 08:07:44.169 I/kernel  (  570): [71592.151190][wlan][570]scanCheckEpigramVhtIE:(RLM WARN) [Epigram] prEpiIE->ucLength is too short, skip!
08-14 08:07:44.170 I/kernel  (  570): [71592.152265][wlan][570]scanAddToBssDesc:(SCN INFO) Receive type 8 in chnl 6 6 6 (1c:d1:e0:da:13:05) valid(1) found(1), band=1 [SWingCert-Enroll]
08-14 08:07:44.170 I/kernel  (  570): [71592.152280][wlan][570]scanCheckEpigramVhtIE:(RLM WARN) [Epigram] prEpiIE->ucLength is too short, skip!
08-14 08:07:44.170 I/kernel  (  570): [71592.152284][wlan][570]scanCheckEpigramVhtIE:(RLM WARN) [Epigram] prEpiIE->ucLength is too short, skip!
08-14 08:07:44.170 I/kernel  (  570): [71592.152286][wlan][570]scanCheckEpigramVhtIE:(RLM WARN) [Epigram] prEpiIE->ucLength is too short, skip!
08-14 08:07:44.170 I/kernel  (  570): [71592.152289][wlan][570]scanCheckEpigramVhtIE:(RLM WARN) [Epigram] prEpiIE->ucLength is too short, skip!
08-14 08:07:44.176 I/kernel  (  570): [71592.157923][wlan][570]scanAddToBssDesc:(SCN INFO) Receive type 8 in chnl 6 6 6 (04:ab:18:07:c6:79) valid(1) found(1), band=1 [elecom-07c677]
08-14 08:07:44.176 I/kernel  (  570): [71592.157993][wlan][570]scanAddToBssDesc:(SCN INFO) Receive type 8 in chnl 6 6 6 (a4:9b:cd:3c:0a:c0) valid(1) found(1), band=1 [SWingS]
08-14 08:07:44.176 I/kernel  (  570): [71592.158001][wlan][570]scanCheckEpigramVhtIE:(RLM WARN) [Epigram] prEpiIE->ucLength is too short, skip!
08-14 08:07:44.176 I/kernel  (  570): [71592.158004][wlan][570]scanCheckEpigramVhtIE:(RLM WARN) [Epigram] prEpiIE->ucLength is too short, skip!
08-14 08:07:44.176 I/kernel  (  570): [71592.158007][wlan][570]scanCheckEpigramVhtIE:(RLM WARN) [Epigram] prEpiIE->ucLength is too short, skip!
08-14 08:07:44.176 I/kernel  (  570): [71592.158010][wlan][570]scanCheckEpigramVhtIE:(RLM WARN) [Epigram] prEpiIE->ucLength is too short, skip!
08-14 08:07:44.176 I/kernel  (  570): [71592.158021][wlan][570]scanAddToBssDesc:(SCN INFO) Receive type 8 in chnl 6 6 6 (a4:9b:cd:3c:0a:c1) valid(1) found(1), band=1 [GuestNet]
08-14 08:07:44.176 I/kernel  (  570): [71592.158028][wlan][570]scanCheckEpigramVhtIE:(RLM WARN) [Epigram] prEpiIE->ucLength is too short, skip!
08-14 08:07:44.176 I/kernel  (  570): [71592.158030][wlan][570]scanCheckEpigramVhtIE:(RLM WARN) [Epigram] prEpiIE->ucLength is too short, skip!
08-14 08:07:44.176 I/kernel  (  570): [71592.158033][wlan][570]scanCheckEpigramVhtIE:(RLM WARN) [Epigram] prEpiIE->ucLength is too short, skip!
08-14 08:07:44.176 I/kernel  (  570): [71592.158035][wlan][570]scanCheckEpigramVhtIE:(RLM WARN) [Epigram] prEpiIE->ucLength is too short, skip!
08-14 08:07:44.176 I/kernel  (  570): [71592.158053][wlan][570]scanAddToBssDesc:(SCN INFO) Receive type 8 in chnl 6 6 6 (a4:9b:cd:3c:0a:c2) valid(0) found(0), band=1 []
08-14 08:07:44.176 I/kernel  (  570): [71592.158059][wlan][570]scanCheckEpigramVhtIE:(RLM WARN) [Epigram] prEpiIE->ucLength is too short, skip!
08-14 08:07:44.176 I/kernel  (  570): [71592.158062][wlan][570]scanCheckEpigramVhtIE:(RLM WARN) [Epigram] prEpiIE->ucLength is too short, skip!
08-14 08:07:44.176 I/kernel  (  570): [71592.158064][wlan][570]scanCheckEpigramVhtIE:(RLM WARN) [Epigram] prEpiIE->ucLength is too short, skip!
08-14 08:07:44.176 I/kernel  (  570): [71592.158066][wlan][570]scanCheckEpigramVhtIE:(RLM WARN) [Epigram] prEpiIE->ucLength is too short, skip!
08-14 08:07:44.176 I/kernel  (  570): [71592.158078][wlan][570]scanAddToBssDesc:(SCN INFO) Receive type 8 in chnl 6 6 6 (a4:9b:cd:3c:0a:c3) valid(1) found(0), band=1 [EngN]
08-14 08:07:44.176 I/kernel  (  570): [71592.158084][wlan][570]scanCheckEpigramVhtIE:(RLM WARN) [Epigram] prEpiIE->ucLength is too short, skip!
08-14 08:07:44.176 I/kernel  (  570): [71592.158086][wlan][570]scanCheckEpigramVhtIE:(RLM WARN) [Epigram] prEpiIE->ucLength is too short, skip!
08-14 08:07:44.176 I/kernel  (  570): [71592.158088][wlan][570]scanCheckEpigramVhtIE:(RLM WARN) [Epigram] prEpiIE->ucLength is too short, skip!
08-14 08:07:44.176 I/kernel  (  570): [71592.158091][wlan][570]scanCheckEpigramVhtIE:(RLM WARN) [Epigram] prEpiIE->ucLength is too short, skip!
08-14 08:07:44.177 I/kernel  (  570): [71592.158985][wlan][570]scanAddToBssDesc:(SCN INFO) Receive type 8 in chnl 6 6 6 (a4:9b:cd:3c:0a:c4) valid(1) found(1), band=1 [SWing]
08-14 08:07:44.177 I/kernel  (  570): [71592.158994][wlan][570]scanCheckEpigramVhtIE:(RLM WARN) [Epigram] prEpiIE->ucLength is too short, skip!
08-14 08:07:44.177 I/kernel  (  570): [71592.158997][wlan][570]scanCheckEpigramVhtIE:(RLM WARN) [Epigram] prEpiIE->ucLength is too short, skip!
08-14 08:07:44.177 I/kernel  (  570): [71592.159000][wlan][570]scanCheckEpigramVhtIE:(RLM WARN) [Epigram] prEpiIE->ucLength is too short, skip!
08-14 08:07:44.177 I/kernel  (  570): [71592.159003][wlan][570]scanCheckEpigramVhtIE:(RLM WARN) [Epigram] prEpiIE->ucLength is too short, skip!
08-14 08:07:44.177 I/kernel  (  570): [71592.159016][wlan][570]scanAddToBssDesc:(SCN INFO) Receive type 8 in chnl 6 6 6 (a4:9b:cd:3c:0a:c5) valid(1) found(1), band=1 [SWingCert-Enroll]
08-14 08:07:44.177 I/kernel  (  570): [71592.159023][wlan][570]scanCheckEpigramVhtIE:(RLM WARN) [Epigram] prEpiIE->ucLength is too short, skip!
08-14 08:07:44.177 I/kernel  (  570): [71592.159026][wlan][570]scanCheckEpigramVhtIE:(RLM WARN) [Epigram] prEpiIE->ucLength is too short, skip!
08-14 08:07:44.177 I/kernel  (  570): [71592.159028][wlan][570]scanCheckEpigramVhtIE:(RLM WARN) [Epigram] prEpiIE->ucLength is too short, skip!
08-14 08:07:44.177 I/kernel  (  570): [71592.159031][wlan][570]scanCheckEpigramVhtIE:(RLM WARN) [Epigram] prEpiIE->ucLength is too short, skip!
08-14 08:07:44.179 I/kernel  (  570): [71592.161050][wlan][570]scanAddToBssDesc:(SCN INFO) Receive type 8 in chnl 6 6 6 (fa:8f:ca:9c:49:e1) valid(1) found(1), band=1 [HT-A5000M.l099,]
08-14 08:07:44.181 I/kernel  (  570): [71592.162828][wlan][570]scanAddToBssDesc:(SCN INFO) Receive type 8 in chnl 6 6 6 (fa:8f:ca:80:b2:52) valid(1) found(1), band=1 [HT-A5000M #8855.l099,]
08-14 08:07:44.189 I/kernel  (  570): [71592.170504][wlan][570]scanAddToBssDesc:(SCN INFO) Receive type 8 in chnl 7 7 6 (72:62:8b:7f:b4:a8) valid(0) found(0), band=1 []
08-14 08:07:44.192 I/kernel  (  570): [71592.173566][wlan][570]scanAddToBssDesc:(SCN INFO) Receive type 8 in chnl 6 6 6 (b0:c7:45:6e:1a:fb) valid(0) found(1), band=1 []
08-14 08:07:44.197 I/kernel  (  570): [71592.178313][wlan][570]scanAddToBssDesc:(SCN INFO) Receive type 8 in chnl 6 6 6 (fa:8f:ca:89:8f:fb) valid(1) found(1), band=1 [STR-AZ7000ES.h052,]
08-14 08:07:44.198 I/kernel  (  570): [71592.180184][wlan][570]scanAddToBssDesc:(SCN INFO) Receive type 8 in chnl 6 6 6 (e4:4e:2d:7c:66:a0) valid(1) found(1), band=1 [SWingS]
08-14 08:07:44.198 I/kernel  (  570): [71592.180197][wlan][570]scanCheckEpigramVhtIE:(RLM WARN) [Epigram] prEpiIE->ucLength is too short, skip!
08-14 08:07:44.198 I/kernel  (  570): [71592.180201][wlan][570]scanCheckEpigramVhtIE:(RLM WARN) [Epigram] prEpiIE->ucLength is too short, skip!
08-14 08:07:44.198 I/kernel  (  570): [71592.180204][wlan][570]scanCheckEpigramVhtIE:(RLM WARN) [Epigram] prEpiIE->ucLength is too short, skip!
08-14 08:07:44.198 I/kernel  (  570): [71592.180206][wlan][570]scanCheckEpigramVhtIE:(RLM WARN) [Epigram] prEpiIE->ucLength is too short, skip!
08-14 08:07:44.198 I/kernel  (  570): [71592.180227][wlan][570]scanAddToBssDesc:(SCN INFO) Receive type 8 in chnl 6 6 6 (e4:4e:2d:7c:66:a1) valid(1) found(1), band=1 [GuestNet]
08-14 08:07:44.198 I/kernel  (  570): [71592.180234][wlan][570]scanCheckEpigramVhtIE:(RLM WARN) [Epigram] prEpiIE->ucLength is too short, skip!
08-14 08:07:44.198 I/kernel  (  570): [71592.180237][wlan][570]scanCheckEpigramVhtIE:(RLM WARN) [Epigram] prEpiIE->ucLength is too short, skip!
08-14 08:07:44.198 I/kernel  (  570): [71592.180239][wlan][570]scanCheckEpigramVhtIE:(RLM WARN) [Epigram] prEpiIE->ucLength is too short, skip!
08-14 08:07:44.198 I/kernel  (  570): [71592.180242][wlan][570]scanCheckEpigramVhtIE:(RLM WARN) [Epigram] prEpiIE->ucLength is too short, skip!
08-14 08:07:44.198 I/kernel  (  570): [71592.180256][wlan][570]scanAddToBssDesc:(SCN INFO) Receive type 8 in chnl 6 6 6 (e4:4e:2d:7c:66:a3) valid(1) found(0), band=1 [EngN]
08-14 08:07:44.198 I/kernel  (  570): [71592.180263][wlan][570]scanCheckEpigramVhtIE:(RLM WARN) [Epigram] prEpiIE->ucLength is too short, skip!
08-14 08:07:44.198 I/kernel  (  570): [71592.180266][wlan][570]scanCheckEpigramVhtIE:(RLM WARN) [Epigram] prEpiIE->ucLength is too short, skip!
08-14 08:07:44.198 I/kernel  (  570): [71592.180268][wlan][570]scanCheckEpigramVhtIE:(RLM WARN) [Epigram] prEpiIE->ucLength is too short, skip!
08-14 08:07:44.198 I/kernel  (  570): [71592.180270][wlan][570]scanCheckEpigramVhtIE:(RLM WARN) [Epigram] prEpiIE->ucLength is too short, skip!
08-14 08:07:44.257 I/kernel  (  570): [71592.238587][wlan][570]scanAddToBssDesc:(SCN INFO) Receive type 8 in chnl 0 0 53 (02:64:cf:73:7e:01) valid(1) found(1), band=3 [DEVLINK_DECO_be75-6g]
08-14 08:07:44.257 I/kernel  (  570): [71592.238633][wlan][570]heRlmRecHeMcsMap:(RLM WARN) Change HeRxMcsMapBW80 from 0xffaa to 0xfffa
08-14 08:07:44.257 I/kernel  (  570): [71592.238674][wlan][570]scanAddToBssDesc:(SCN INFO) Receive type 8 in chnl 0 0 53 (02:64:cf:73:7e:00) valid(1) found(1), band=3 [zEQQEQyG/Y0QTibL]
08-14 08:07:44.334 I/kernel  (  570): [71592.315424][wlan][570]scanAddToBssDesc:(SCN INFO) Receive type 5 in chnl 6 6 7 (98:fc:11:77:b6:47) valid(1) found(1), band=1 [AsDW]
08-14 08:07:44.337 I/kernel  (  570): [71592.319293][wlan][570]scanAddToBssDesc:(SCN INFO) Receive type 5 in chnl 6 6 7 (98:fc:11:77:b6:47) valid(1) found(1), band=1 [AsDW]
08-14 08:07:44.342 I/kernel  (  570): [71592.324089][wlan][570]scanAddToBssDesc:(SCN INFO) Receive type 5 in chnl 7 7 7 (30:68:93:b7:3f:57) valid(1) found(1), band=1 [MW1_sotokaisen_18]
08-14 08:07:44.363 I/kernel  (  570): [71592.345021][wlan][570]scanAddToBssDesc:(SCN INFO) Receive type 5 in chnl 6 6 7 (ce:47:40:a7:66:c4) valid(1) found(1), band=1 [HT-A9000.d]
08-14 08:07:44.373 I/kernel  (  570): [71592.355002][wlan][570]scanAddToBssDesc:(SCN INFO) Receive type 8 in chnl 6 6 7 (ce:47:40:a7:66:c4) valid(1) found(1), band=1 [HT-A9000.d]
08-14 08:07:44.380 I/kernel  (  570): [71592.361474][wlan][570]scanAddToBssDesc:(SCN INFO) Receive type 5 in chnl 6 6 7 (3c:47:11:8d:56:14) valid(1) found(1), band=1 [HWD11_3C47118D5614]
08-14 08:07:44.394 I/kernel  (  570): [71592.375344][wlan][570]scanAddToBssDesc:(SCN INFO) Receive type 8 in chnl 7 7 7 (72:62:8b:7f:b4:a8) valid(0) found(1), band=1 []
08-14 08:07:44.400 I/kernel  (  570): [71592.381953][wlan][570]scanAddToBssDesc:(SCN INFO) Receive type 5 in chnl 6 6 7 (3c:47:11:8d:56:14) valid(1) found(1), band=1 [HWD11_3C47118D5614]
08-14 08:07:44.406 I/kernel  (  570): [71592.387523][wlan][570]scanAddToBssDesc:(SCN INFO) Receive type 8 in chnl 7 7 7 (30:68:93:b7:3f:57) valid(1) found(1), band=1 [MW1_sotokaisen_18]
08-14 08:07:44.410 I/kernel  (  570): [71592.391538][wlan][570]scanAddToBssDesc:(SCN INFO) Receive type 8 in chnl 7 7 7 (32:68:93:a7:3f:57) valid(0) found(0), band=1 []
08-14 08:07:44.438 I/kernel  (  570): [71592.419374][wlan][570]scanAddToBssDesc:(SCN INFO) Receive type 5 in chnl 8 8 8 (dc:fb:02:3e:22:d8) valid(1) found(1), band=1 [Buffalo-G-22D8]
08-14 08:07:44.496 I/kernel  (  570): [71592.477687][wlan][570]scanAddToBssDesc:(SCN INFO) Receive type 8 in chnl 7 7 8 (72:62:8b:7f:b4:a8) valid(0) found(1), band=1 []
08-14 08:07:44.499 I/kernel  (  570): [71592.480881][wlan][570]scanAddToBssDesc:(SCN INFO) Receive type 8 in chnl 8 8 8 (dc:fb:02:3e:22:d8) valid(1) found(1), band=1 [Buffalo-G-22D8]
08-14 08:07:44.537 I/kernel  (  570): [71592.518322][wlan][570]scanAddToBssDesc:(SCN INFO) Receive type 8 in chnl 10 10 9 (18:c2:bf:dc:75:b9) valid(1) found(1), band=1 [devlink_bt_Buffalo-G-75B8]
08-14 08:07:44.594 I/kernel  (  570): [71592.576034][wlan][570]scanAddToBssDesc:(SCN INFO) Receive type 8 in chnl 9 9 9 (c0:25:a2:d4:6c:06) valid(1) found(1), band=1 [MW2-WIFI-14-G]
08-14 08:07:44.620 I/kernel  (    0): [71592.602228][    C3] [wlan][0]nicGetPhyRateByMcsRate:(RX WARN) Invalid McsRate: ucIdx=0, ucBw=0, ucGI=2
08-14 08:07:44.621 I/kernel  (    0): [71592.602847][    C3] [wlan][0]nicGetPhyRateByMcsRate:(RX WARN) Invalid McsRate: ucIdx=0, ucBw=0, ucGI=2
08-14 08:07:44.622 I/kernel  (    0): [71592.603504][    C3] [wlan][0]nicGetPhyRateByMcsRate:(RX WARN) Invalid McsRate: ucIdx=0, ucBw=0, ucGI=2
08-14 08:07:44.622 I/kernel  (    0): [71592.604158][    C3] [wlan][0]nicGetPhyRateByMcsRate:(RX WARN) Invalid McsRate: ucIdx=0, ucBw=0, ucGI=2
08-14 08:07:44.666 I/kernel  (  570): [71592.648221][wlan][570]scanAddToBssDesc:(SCN INFO) Receive type 8 in chnl 0 0 53 (02:64:cf:73:7e:01) valid(1) found(1), band=3 [DEVLINK_DECO_be75-6g]
08-14 08:07:44.666 I/kernel  (  570): [71592.648266][wlan][570]heRlmRecHeMcsMap:(RLM WARN) Change HeRxMcsMapBW80 from 0xffaa to 0xfffa
08-14 08:07:44.667 I/kernel  (  570): [71592.648305][wlan][570]scanAddToBssDesc:(SCN INFO) Receive type 8 in chnl 0 0 53 (02:64:cf:73:7e:00) valid(1) found(1), band=3 [zEQQEQyG/Y0QTibL]
