08-14 08:14:38.206 W/kernel  ( 6520): [71694.279108]Modules linked in: hid_sony_bt_remote(OE) sony_sus_res_wdt(OE) sony_ether_power(OE) pl2303(E) ftdi_sio(E) sony_pq_ecs(OE) sony_led(OE) ax88179_178a mtk_sc(OE) pqu_system_driver(OE) sony_m6_camera(OE) sony_hl_usb(OE) dish_mp8128(OE) dish_tps65235(OE) dish_a8303_1(OE) cxd_dmd(POE) cxd_tnr(POE) sony_pmu(OE) sony_m6_lightsensor(OE) bma456o_i2c_driver(OE) lm75_ro(OE) lm75(OE) hwmon(E) sony_display_extension(OE) backlight_sony(OE) panel_sony(OE) texfat(POE) tntfs(POE) tfs_linux(OE) sony_damp(OE) airoha_usb_nic(OE) aee_drm(OE) mtk_light(OE) mtk_als(OE) mtk_aloop(OE) snd_aloop(E) snd_machine(OE) snd_pcm_platform(OE) extcon_mtk_headset(OE) snd_coprocessor(OE) ntfs(E) tuner_av2017(POE) mtk_pcmcia(OE) mtktv_gpu_thermal(OE) mtk_msb9121(OE) mtk_es_buf_mgr(OE) mtktv_cpufreq(OE) dish_rt5047(OE) usbcam(OE) mtktv_cpufreq_ca(OE) mtk_mediator(OE) mediatek_drm_tv(OE) mtktv_regulator_mt5896(OE) btmtk_pmu(OE) spi_mtkdtv_ci(OE) spi_mtk_pmu(OE) tuner_mxl661(POE) mtk_earc(OE)
08-14 08:14:38.206 W/kernel  ( 6520): [71694.279190]mtk_mic_capture(OE) mtk_mic_cap_iface(OE) mtk_mic_communication(OE) mtk_pmu_cec(OE) mtk_soc(OE) mtk_srccap(OE) mtk_pq(OE) mali_kbase_mt5897(OE) mtk_tvpqu(OE) edma(OE) mtk_v4l2_jpd(OE) mdla(OE) mtk_vcodec_enc(OE) apusys(OE) mtk_vcodec_dec(OE) mtk_dramc(OE) mtk_vcodec_common(OE) mtk_dramc_ca(OE) mtk_vcu_venc(POE) mtktv_thermal(OE) mtk_tvcpuif(OE) mtk_caps(OE) mtk_stctrl(OE) mtk_dmx(OE) mtk_shmctrl(OE) snd_amp_rt9114(OE) mtk_merak_demod(OE) mtk_austin_demod(OE) mtk_pqu_rproc(OE) mtk_vcu_vdec(POE) mtk_dvb_adapter(OE) mtk_cfm(OE) dvb_core(OE) vim2m(E) mtk_xcalg3pty(POE) apu_power(OE) mtk_vcu(OE) mtktv_apusys(POE) apu_comm(OE) usbnet mtk_realtime_producer(OE) r8152 mtk_tty_uart(OE) mtk_tty_vuart(OE) i2c_mt5896_rproc(OE) mtk_ir(OE) mac80211(E) gpio_mtk_pmu(OE) leds_gpio(E) leds_mtk_irtx(OE) spidev(E) i2c_dev(E) pwmadc_mt5896(OE) i2c_gpio(E) i2c_mt5896(OE) pwm_mtk_pmu(OE) mt5896_saradc(OE) rtc_mt5896(OE) wdt_mt5896(OE) mt5896_mailbox(OE) mtk_xcalg3pty_hdrvivid(POE)
08-14 08:14:38.206 W/kernel  ( 6520): [71694.279275]wlan_mt7961(OE) mtprealloc_mt7961(OE) btmtk_usb_unify(OE) bluetooth mtreset(OE) xhci_mtk_hcd_tv(OE) mtu3(OE) phy_mtk_tphy_tv(OE) zram zsmalloc cfg80211(E) mtk_ab_boot(OE) mtk_pixelmnt(OE) mtk_tvscriptmgt(OE) mtk_gmac_mt5896(OE) mtk_xcalg(POE) mtk_memory(OE) mtktv_disp_rm(OE) mtk_hwreg(POE) aee_rs(OE) mtk_iommu(OE) mtk_tee(OE) mtk_kmiup(OE) aee_aed(OE) aee_hangdet(OE) clk_mt5896(OE) keypad_mt5896(OE) leds_mtk_control(OE) monitor_hang(OE) mtk_cus(POE) mtk_efuse(POE) mtk_miup(OE) mtk_pqmaputil(POE) optee(OE) virtio_rpmsg_bus(E) spi_mt5896(OE) kheaders 8250_mtk_tv(OE) clk_common(OE) cfi_nonGPL_patch(OE) kdrv_mfc_sys_protect(OE) clk_dtv_util(OE) gpio_mt5896(OE) irq_mt58xx(OE) mtk_bdma(OE) leds_breath(OE) libarc4 mii mrdump(OE) mt5896_hwspinlock(OE) mtk_boottime(OE) mtk_mmc_fcie(OE) mtk_metautil(OE) mtk_pm(OE) mtk_pmu_ir(OE) mtk_pmu_keypad(OE) mtk_pmu_rproc(OE) mtktv_public_if(OE) mtk_smi_tv(OE) mtk_tv_atrace(OE) mtk_v4l2_g2d(OE) pinctrl_mt5896(OE) rfkill
08-14 08:14:38.206 W/kernel  ( 6520): [71694.279362]pnl_cust(OE) pwm_mt5896(OE) pwmscan_mt5896(OE) rpmsg_ns(E) usbserial system_heap(E) tee(OE) sony_mmc_pwrseq(OE)
08-14 08:14:38.206 W/kernel  ( 6520): [71694.279375]CPU: 0 PID: 6520 Comm: binder:266_2 Tainted: P        W  OE     5.15.167-android14-11-g6cd5beea1922-ab13171409 #1
08-14 08:14:38.206 W/kernel  ( 6520): [71694.279379]Hardware name: MediaTek MT5897 (DT)
08-14 08:14:38.206 W/kernel  ( 6520): [71694.279381]pstate: 60400005 (nZCv daif +PAN -UAO -TCO -DIT -SSBS BTYPE=--)
08-14 08:14:38.206 W/kernel  ( 6520): [71694.279385]pc : clk_core_unprepare+0xdc/0x288
08-14 08:14:38.206 W/kernel  ( 6520): [71694.279390]lr : clk_core_unprepare+0xdc/0x288
08-14 08:14:38.206 W/kernel  ( 6520): [71694.279395]sp : ffffffc027e13780
08-14 08:14:38.206 W/kernel  ( 6520): [71694.279397]x29: ffffffc027e13790 x28: ffffff811d575700 x27: ffffff811d575740
08-14 08:14:38.206 W/kernel  ( 6520): [71694.279403]x26: ffffffeb7479e258 x25: ffffffeb744e3480 x24: ffffff8107768440
08-14 08:14:38.206 W/kernel  ( 6520): [71694.279409]x23: ffffffeb76f0a3b4 x22: ffffff8167d2b780 x21: ffffffeb784ec000
08-14 08:14:38.206 W/kernel  ( 6520): [71694.279415]x20: ffffffeb784ec000 x19: ffffff8107b85c00 x18: ffffffc027ded0d0
08-14 08:14:38.206 W/kernel  ( 6520): [71694.279421]x17: ffffffffffffffff x16: 0000000000000004 x15: 0000000000000004
08-14 08:14:38.206 W/kernel  ( 6520): [71694.279427]x14: ffffffeb78291310 x13: 0000000000000003 x12: 0000000000000003
08-14 08:14:38.206 W/kernel  ( 6520): [71694.279433]x11: 0000000100157f78 x10: ffffffeb78327d68 x9 : 0852b8324ca67600
08-14 08:14:38.206 W/kernel  ( 6520): [71694.279439]x8 : 0852b8324ca67600 x7 : 6d5f73663635325f x6 : 317265646f636564
08-14 08:14:38.206 W/kernel  ( 6520): [71694.279445]x5 : ffffffeb784a9c3d x4 : ffffffeb78497124 x3 : 0000000000000000
08-14 08:14:38.206 W/kernel  ( 6520): [71694.279451]x2 : 0000000000000000 x1 : ffffffc027e13530 x0 : 000000000000002c
08-14 08:14:38.206 W/kernel  ( 6520): [71694.279457]Call trace:
08-14 08:14:38.206 W/kernel  ( 6520): [71694.279458]clk_core_unprepare+0xdc/0x288
08-14 08:14:38.206 W/kernel  ( 6520): [71694.279463]clk_core_unprepare+0xa0/0x288
08-14 08:14:38.206 W/kernel  ( 6520): [71694.279467]clk_core_unprepare_lock+0x74/0xf0
08-14 08:14:38.206 W/kernel  ( 6520): [71694.279472]clk_unprepare+0x20/0x2c
08-14 08:14:38.206 W/kernel  ( 6520): [71694.279476]mtk_alsa_audio_clock_disable+0xb8/0x320 [mtk_soc]
08-14 08:14:38.206 W/kernel  ( 6520): [71694.279484]mtk_init_comp_suspend+0xb8/0xdc [mtk_soc]
08-14 08:14:38.206 W/kernel  ( 6520): [71694.279492]snd_soc_suspend+0x3e0/0x60c
08-14 08:14:38.206 W/kernel  ( 6520): [71694.279496]platform_pm_suspend+0x44/0xe4
08-14 08:14:38.206 W/kernel  ( 6520): [71694.279500]dpm_run_callback+0x6c/0x474
08-14 08:14:38.206 W/kernel  ( 6520): [71694.279505]__device_suspend+0x4a0/0x5d4
08-14 08:14:38.206 W/kernel  ( 6520): [71694.279510]dpm_suspend+0x230/0x8e4
08-14 08:14:38.206 W/kernel  ( 6520): [71694.279515]dpm_suspend_start+0x150/0x390
08-14 08:14:38.206 W/kernel  ( 6520): [71694.279519]suspend_devices_and_enter+0xf8/0x1204
08-14 08:14:38.206 W/kernel  ( 6520): [71694.279524]pm_suspend+0x330/0x7fc
08-14 08:14:38.206 W/kernel  ( 6520): [71694.279527]state_store+0x104/0x13c
08-14 08:14:38.206 W/kernel  ( 6520): [71694.279531]kobj_attr_store+0x34/0x8c
08-14 08:14:38.206 W/kernel  ( 6520): [71694.279536]sysfs_kf_write+0x64/0xc4
08-14 08:14:38.206 W/kernel  ( 6520): [71694.279541]kernfs_fop_write_iter+0x15c/0x29c
08-14 08:14:38.206 W/kernel  ( 6520): [71694.279546]vfs_write+0x32c/0x410
08-14 08:14:38.206 W/kernel  ( 6520): [71694.279551]ksys_write+0x78/0xe8
08-14 08:14:38.206 W/kernel  ( 6520): [71694.279555]__arm64_sys_write+0x1c/0x28
08-14 08:14:38.206 W/kernel  ( 6520): [71694.279559]invoke_syscall+0x5c/0x140
08-14 08:14:38.206 W/kernel  ( 6520): [71694.279562]el0_svc_common+0xb4/0xf0
08-14 08:14:38.206 W/kernel  ( 6520): [71694.279566]do_el0_svc_compat+0x1c/0x28
08-14 08:14:38.206 W/kernel  ( 6520): [71694.279570]el0_svc_compat+0x2c/0xa4
08-14 08:14:38.206 W/kernel  ( 6520): [71694.279575]el0t_32_sync_handler+0x60/0x8c
08-14 08:14:38.206 W/kernel  ( 6520): [71694.279580]el0t_32_sync+0x1b8/0x1bc
08-14 08:14:38.206 W/kernel  ( 6520): [71694.279583]---[ end trace 6791429360cc0289 ]---
08-14 08:14:38.206 I/kernel  ( 6520): [71694.279759][btmtk_info] mtk_bt_pmu_drv_suspend!
08-14 08:14:38.206 I/kernel  ( 6520): [71694.279769][btmtk_info] MTK_BT:suspend (name=(null), id=0x00, key=0x00).
08-14 08:14:38.206 I/kernel  ( 6520): [71694.279856][edma][error] edma_power_off(): force power off skip
08-14 08:14:38.206 I/kernel  ( 6520): [71694.279861][apusys]mdw_sched_pause pause
08-14 08:14:38.207 I/kernel  (22918): [71694.280101][wlan][22918]mtk_usb_suspend:(HAL STATE) mtk_usb_suspend()
08-14 08:14:38.207 I/kernel  ( 6520): [71694.280227]mt5896-rtc 1c020600.rtc: rtc set alarm  2025:08:13-23:14:39, cnt=0x689d1c5f
08-14 08:14:38.207 I/kernel  ( 6520): [71694.280243]mt5896-rtc 1c020600.rtc: rtc alarm irq enable=0x1
08-14 08:14:38.207 I/kernel  (22567): [71694.280291][wlan][22567]mtk_cfg80211_suspend:(REQ INFO) mtk_cfg80211_suspend
08-14 08:14:38.207 I/kernel  (22567): [71694.280298][wlan][22567]aisFsmFlushRequest:(AIS EVENT) aisFsmFlushRequest 0
08-14 08:14:38.207 I/kernel  (22567): [71694.280303][wlan][22567]mtk_cfg80211_suspend:(REQ EVENT) Enter AIS pre-suspend
08-14 08:14:38.207 I/kernel  (  570): [71694.280328][wlan][570]rlmObssAbortScan:(RLM STATE) [0] rlmObssAbortScan
08-14 08:14:38.207 I/kernel  (  570): [71694.280335][wlan][570]rlmObssAbortScan:(RLM STATE) [1] rlmObssAbortScan
08-14 08:14:38.207 I/kernel  (  570): [71694.280338][wlan][570]rlmObssAbortScan:(RLM STATE) [2] rlmObssAbortScan
08-14 08:14:38.207 I/kernel  (  570): [71694.280341][wlan][570]rlmObssAbortScan:(RLM STATE) [3] rlmObssAbortScan
08-14 08:14:38.207 I/kernel  (  570): [71694.280345][wlan][570]aisFsmStateAbort_SCAN:(AIS STATE) [0] aisFsmStateAbort_SCAN
08-14 08:14:38.207 I/kernel  (  570): [71694.280349][wlan][570]aisPreSuspendFlow:(REQ STATE) Wow:1, WowEnable:1, state:0
08-14 08:14:38.207 I/kernel  (  570): [71694.280353][wlan][570]p2pRoleProcessPreSuspendFlow:(P2P STATE) Force P2P to IDLE state when suspend
08-14 08:14:38.207 I/kernel  (  570): [71694.280359][wlan][570]secPrivacySeekForBcEntry:(INIT INFO) OpMode:3, NetworkType:1, CheckKeyId:0
08-14 08:14:38.207 I/kernel  (  570): [71694.280368][wlan][570]asicConnac2xFillCmdTxdInfo:(INIT INFO) TX CMD: ID[0x11] SEQ[179] SET[1] LEN[76]
08-14 08:14:38.207 I/kernel  (  570): [71694.280373][wlan][570]kalEnqueueCommand:(INIT INFO) EN-Q CMD TYPE[1] ID[0x11] SEQ[179] to CMD Q
08-14 08:14:38.207 I/kernel  (  570): [71694.280379][wlan][570]p2pDevFsmStateTransition:(P2P STATE) [P2P_DEV]TRANSITION: [P2P_DEV_STATE_IDLE] -> [P2P_DEV_STATE_IDLE]
08-14 08:14:38.207 I/kernel  (  570): [71694.280385][wlan][570]asicConnac2xFillCmdTxdInfo:(INIT INFO) TX CMD: ID[0x11] SEQ[180] SET[1] LEN[76]
08-14 08:14:38.207 I/kernel  (  570): [71694.280388][wlan][570]kalEnqueueCommand:(INIT INFO) EN-Q CMD TYPE[1] ID[0x11] SEQ[180] to CMD Q
08-14 08:14:38.207 I/kernel  (  570): [71694.280395][wlan][570]asicConnac2xFillCmdTxdInfo:(INIT INFO) TX CMD: ID[0x14] SEQ[181] SET[1] LEN[68]
08-14 08:14:39.308 D/ExtCamPrvdr(  599): threadLoop event name: rpmsg_ctrl2
08-14 08:14:39.308 D/ExtCamPrvdr(  599): threadLoop event name: ttyVUART-pqu-vuart
08-14 08:14:39.308 D/ExtCamPrvdr(  599): threadLoop event name: ttyVUART-frc-vuart
08-14 08:14:39.308 D/ExtCamPrvdr(  599): threadLoop event name: shmctrl_memcu
08-14 08:14:39.308 D/ExtCamPrvdr(  599): threadLoop event name: shmctrl_pqu
08-14 08:14:39.308 I/SSpOut_filter(  584): ret(-1),errno(86),delay(0xffffffff->0xffffffff)
08-14 08:14:39.308 I/SSpOut_filter(  584): speaker write error , DD just in suspend
08-14 08:14:39.311 I/adbd    ( 1410): UsbFfsConnection being destroyed
08-14 08:14:38.213 I/kernel  (  570): [71694.286143][wlan][570]wlanoidSetGtkRekeyData:(REQ INFO) wlanoidSetGtkRekeyData
08-14 08:14:38.213 I/kernel  (  570): [71694.286150][wlan][570]asicConnac2xFillCmdTxdInfo:(INIT INFO) TX CMD: ID[0x3D] SEQ[182] SET[1] LEN[128]
08-14 08:14:38.213 I/kernel  (  570): [71694.286155][wlan][570]kalEnqueueCommand:(INIT INFO) EN-Q CMD TYPE[1] ID[0x3D] SEQ[182] to CMD Q
08-14 08:14:38.213 I/kernel  (22918): [71694.286211][wlan][22918]wlanSuspendPmHandle:(HAL STATE) Suspend rekey offload
08-14 08:14:38.213 I/kernel  (22918): [71694.286218][wlan][22918]asicConnac2xFillCmdTxdInfo:(INIT INFO) TX CMD: ID[0x05] SEQ[183] SET[1] LEN[68]
08-14 08:14:38.213 I/kernel  (22918): [71694.286222][wlan][22918]kalEnqueueCommand:(INIT INFO) EN-Q CMD TYPE[1] ID[0x05] SEQ[183] to CMD Q
08-14 08:14:38.213 I/kernel  (22918): [71694.286228][wlan][22918]wlanSuspendPmHandle:(HAL STATE) Wow AIS_idx:0, pwr mode:2
08-14 08:14:38.213 I/kernel  (22918): [71694.286232][wlan][22918]wlanSuspendPmHandle:(HAL EVENT) enter WOW flow
08-14 08:14:38.213 I/kernel  (22918): [71694.286236][wlan][22918]asicConnac2xFillCmdTxdInfo:(INIT INFO) TX CMD: ID[0x59] SEQ[184] SET[1] LEN[400]
08-14 08:14:38.213 I/kernel  (22918): [71694.286240][wlan][22918]kalEnqueueCommand:(INIT INFO) EN-Q CMD TYPE[1] ID[0x59] SEQ[184] to CMD Q
08-14 08:14:38.213 I/kernel  (22918): [71694.286246][wlan][22918]kalSendMdnsFlagsToFw:(REQ STATE) kalSendMdnsFlagsToFw enter .
08-14 08:14:38.213 I/kernel  (22918): [71694.286252][wlan][22918]kalMdnsConvettoDataBlock:(REQ ERROR) kalMdnsConvettoDataBlock currentIndex:0
08-14 08:14:38.213 I/kernel  (22918): [71694.286255][wlan][22918]kalMdnsConvettoDataBlock:(REQ ERROR) prMdnsInfo->passrthrough.count:1
08-14 08:14:38.213 I/kernel  (22918): [71694.286258][wlan][22918]kalMdnsConvettoDataBlock:(REQ ERROR) prMdnsInfo->dataBlock.index:29
08-14 08:14:38.213 I/kernel  (22918): [71694.286262][wlan][22918]kalSendMdnsFlagsToFw:(REQ WARN) u2DataCurrentIndex:37.
08-14 08:14:38.213 I/kernel  (22918): [71694.286264][wlan][22918]kalSendMdnsFlagsToFw:(REQ INFO) u2ChunkSize:37.
08-14 08:14:38.213 I/kernel  (  570): [71694.286264][wlan][570]kalWowCmdEventSetCb:(INIT STATE) CMD_ID_SET_PF_CAPABILITY cmd done
08-14 08:14:38.213 I/kernel  (22918): [71694.286267][wlan][22918]kalSendMdnsFlagsToFw:(REQ INFO) cmdMdnsParam->ucPayloadOrder:0.
08-14 08:14:38.213 I/kernel  (  570): [71694.286277][wlan][570]wlanoidSetMdnsCmdToFw:(SW4 STATE) set cmd 13.
08-14 08:14:38.213 I/kernel  (  570): [71694.286281][wlan][570]asicConnac2xFillCmdTxdInfo:(INIT INFO) TX CMD: ID[0x4E] SEQ[185] SET[1] LEN[1152]
08-14 08:14:38.213 I/kernel  (  570): [71694.286285][wlan][570]kalEnqueueCommand:(INIT INFO) EN-Q CMD TYPE[1] ID[0x4E] SEQ[185] to CMD Q
08-14 08:14:38.213 I/kernel  (22918): [71694.286324][wlan][22918]kalSendMdnsFlagsToFw:(REQ INFO) u2CopiedSize:37.
08-14 08:14:38.213 I/kernel  (22918): [71694.286328][wlan][22918]kalSendMdnsFlagsToFw:(REQ INFO) u2RemainSize:0.
08-14 08:14:38.213 I/kernel  (  570): [71694.286341][wlan][570]wlanoidSetCurrentPacketFilter:(REQ INFO) wlanoidSetCurrentPacketFilter
08-14 08:14:38.213 I/kernel  (  570): [71694.286345][wlan][570]asicConnac2xFillCmdTxdInfo:(INIT INFO) TX CMD: ID[0x0A] SEQ[186] SET[1] LEN[132]
08-14 08:14:38.213 I/kernel  (  570): [71694.286349][wlan][570]kalEnqueueCommand:(INIT INFO) EN-Q CMD TYPE[1] ID[0x0A] SEQ[186] to CMD Q
08-14 08:14:38.213 I/kernel  (22918): [71694.286382][wlan][22918]kalGetIPv4Address:(INIT INFO) IPv4 addr [0][192.168.68.50] mask [255.255.252.0]
08-14 08:14:38.213 I/kernel  (22918): [71694.286390][wlan][22918]kalGetIPv6Address:(INIT INFO) IPv6 addr [0][fe80:0000:0000:0000:ece5:7cff:feb5:1697]
08-14 08:14:39.315 W/bluetooth( 1431): packages/modules/Bluetooth/system/gd/hci/hci_layer.cc:428 on_hci_event: Unhandled event of type 0xe7 (Unknown EventCode: 231)
08-14 08:14:39.315 W/bluetooth( 1431): packages/modules/Bluetooth/system/gd/hci/hci_layer.cc:428 on_hci_event: Unhandled event of type 0xe8 (Unknown EventCode: 232)
08-14 08:14:39.320 I/android.system.suspend-service(  266): Unknown/empty wakeup reason. Re-opening wakeup_reason file.
08-14 08:14:39.322 E/AlarmManager(  793): Attempt to decrement existing alarm count 0 by 1 for uid 1000
08-14 08:14:39.325 D/AlarmManager(  793): Wakeup alarmType=ELAPSED_WAKEUP package=android wakeups=116 alarms=116 whenElapsed=-1m0s330ms when=-1m0s330ms nowRTC=2025-08-14 08:14:39 workSource=null uid=1000 tag="*walarm*:DeviceIdleController.light"
08-14 08:14:39.325 E/AlarmManager(  793): Attempt to decrement existing alarm count 0 by 1 for uid 1000
08-14 08:14:39.338 I/Tethering( 1367): USB bcast connected:true configured:false rndis:false ncm:false
08-14 08:14:39.345 W/IPCThreadState(  793): Sending oneway calls to frozen process.
08-14 08:14:39.345 W/IPCThreadState(  793): Sending oneway calls to frozen process.
08-14 08:14:39.345 W/IPCThreadState(  793): Sending oneway calls to frozen process.
08-14 08:14:39.346 W/IPCThreadState(  793): Sending oneway calls to frozen process.
08-14 08:14:39.346 W/IPCThreadState(  793): Sending oneway calls to frozen process.
08-14 08:14:39.346 W/IPCThreadState(  793): Sending oneway calls to frozen process.
08-14 08:14:39.346 W/IPCThreadState(  793): Sending oneway calls to frozen process.
08-14 08:14:39.347 W/IPCThreadState(  793): Sending oneway calls to frozen process.
08-14 08:14:39.347 W/IPCThreadState(  793): Sending oneway calls to frozen process.
08-14 08:14:39.355 E/btm_sco ( 1431): packages/modules/Bluetooth/system/stack/btm/btm_sco.cc:1137 btm_sco_on_disconnected: Unable to find sco connection
08-14 08:14:39.355 I/bluetooth( 1431): packages/modules/Bluetooth/system/gd/hci/acl_manager/le_impl.h:672 on_le_disconnect: re-add device to connect list
08-14 08:14:39.355 I/btm_acl ( 1431): packages/modules/Bluetooth/system/stack/acl/btm_acl.cc:2774 btm_acl_iso_disconnected: ISO disconnection from GD, handle: 0x200, reason: 0x13
08-14 08:14:39.375 I/bluetooth( 1431): packages/modules/Bluetooth/system/gd/hci/le_address_manager.cc:265 ack_pause: Client already in paused state
08-14 08:14:39.375 I/bluetooth( 1431): packages/modules/Bluetooth/system/stack/arbiter/acl_arbiter.cc:90 OnLeDisconnect: Notifying Rust of LE disconnection
08-14 08:14:39.375 I/bt      ( 1431): bluetooth_core::gatt::arbiter: processing disconnection on transport TransportIndex(0)
08-14 08:14:39.375 I/bluetooth( 1431): packages/modules/Bluetooth/system/stack/eatt/eatt_impl.h:914 disconnect:  Device: xx:xx:xx:xx:28:80, cid: 0xffff
08-14 08:14:39.375 I/bluetooth( 1431): packages/modules/Bluetooth/system/gd/hci/le_address_manager.cc:265 ack_pause: Client already in paused state
08-14 08:14:39.375 I/bluetooth( 1431): packages/modules/Bluetooth/system/gd/hci/le_address_manager.cc:265 ack_pause: Client already in paused state
08-14 08:14:39.375 W/bt_stack( 1431): [WARNING:eatt_impl.h(918)] disconnect no eatt device found
08-14 08:14:39.376 I/bluetooth( 1431): packages/modules/Bluetooth/system/stack/gap/gap_ble.cc:304 client_connect_cback: No active GAP service found for peer:xx:xx:xx:xx:28:80 callback:Disconnected
08-14 08:14:39.376 I/bt_bta_gattc( 1431): packages/modules/Bluetooth/system/bta/gatt/bta_gattc_act.cc:1364 bta_gattc_conn_cback: Disconnected att_id:3 addr:xx:xx:xx:xx:28:80, transport:BT_TRANSPORT_LE reason:GATT_CONN_TERMINATE_PEER_USER
08-14 08:14:39.376 I/bt_bta_gattc( 1431): packages/modules/Bluetooth/system/bta/gatt/bta_gattc_act.cc:1364 bta_gattc_conn_cback: Disconnected att_id:4 addr:xx:xx:xx:xx:28:80, transport:BT_TRANSPORT_LE reason:GATT_CONN_TERMINATE_PEER_USER
08-14 08:14:39.376 I/bt_bta_gattc( 1431): packages/modules/Bluetooth/system/bta/gatt/bta_gattc_act.cc:1364 bta_gattc_conn_cback: Disconnected att_id:5 addr:xx:xx:xx:xx:28:80, transport:BT_TRANSPORT_LE reason:GATT_CONN_TERMINATE_PEER_USER
08-14 08:14:39.376 I/bt_bta_gattc( 1431): packages/modules/Bluetooth/system/bta/gatt/bta_gattc_act.cc:1364 bta_gattc_conn_cback: Disconnected att_id:6 addr:xx:xx:xx:xx:28:80, transport:BT_TRANSPORT_LE reason:GATT_CONN_TERMINATE_PEER_USER
08-14 08:14:39.376 I/bt_bta_gattc( 1431): packages/modules/Bluetooth/system/bta/gatt/bta_gattc_act.cc:1364 bta_gattc_conn_cback: Disconnected att_id:7 addr:xx:xx:xx:xx:28:80, transport:BT_TRANSPORT_LE reason:GATT_CONN_TERMINATE_PEER_USER
08-14 08:14:39.376 D/BtGatt.GattService( 1431): onClientConnected() connId=8, address=E4:A6:34:6B:28:80, connected=false
08-14 08:14:39.376 E/bta_gattc_main( 1431): packages/modules/Bluetooth/system/bta/gatt/bta_gattc_main.cc:395 bta_gattc_hdl_event: Ignore unknown conn ID: 3
08-14 08:14:39.376 E/bta_gattc_main( 1431): packages/modules/Bluetooth/system/bta/gatt/bta_gattc_main.cc:395 bta_gattc_hdl_event: Ignore unknown conn ID: 5
08-14 08:14:39.376 D/BtGatt.GattService( 1431): onClientConnected() uid_not_found=android.uid.system:1000
08-14 08:14:39.377 D/BluetoothGattServer( 1508): onServerConnectionState() - status=0 serverIf=8 device=E4:A6:34:6B:28:80
08-14 08:14:39.379 D/BtGatt.GattService( 1431): Gatt Logging: metric_id=1, app_uid=-1
08-14 08:14:39.380 D/BtGatt.GattService( 1431): Gatt Logging: metric_id=1, session_index=8, connection state=0, connection status=-1
08-14 08:14:39.380 D/BtGatt.GattService( 1431): onDisconnected() - clientIf=6, connId=6, address=E4:A6:34:6B:28:80
08-14 08:14:39.380 D/BluetoothGatt( 1431): onClientConnectionState() - status=19 clientIf=6 device=E4:A6:34:6B:28:80
08-14 08:14:39.381 D/BtGatt.GattService( 1431): Gatt Logging: metric_id=1, session_index=6, connection state=0, connection status=19
08-14 08:14:39.383 D/BtGatt.GattService( 1431): onDisconnected() - clientIf=7, connId=7, address=E4:A6:34:6B:28:80
08-14 08:14:39.383 D/BtGatt.GattService( 1431): onDisconnected() - removing permit for address=E4:A6:34:6B:28:80
08-14 08:14:39.384 D/BluetoothGatt( 1593): onClientConnectionState() - status=19 clientIf=7 device=E4:A6:34:6B:28:80
08-14 08:14:39.385 D/BtGatt.GattService( 1431): Gatt Logging: metric_id=1, session_index=7, connection state=0, connection status=19
08-14 08:14:39.387 W/AtvRemote.BleDeviceConnection( 1593): Failed to successfully disconnect from XX:XX:XX:XX:28:80: 19
08-14 08:14:39.387 D/BluetoothGatt( 1593): close()
08-14 08:14:39.387 D/BluetoothGatt( 1593): unregisterApp() - mClientIf=7
08-14 08:14:39.389 D/BtGatt.GattService( 1431): unregisterClient() - clientIf=7
08-14 08:14:39.389 D/AtvRemote.BleDeviceConnection( 1593): Disconnected from XX:XX:XX:XX:28:80
08-14 08:14:39.390 I/AtvRemote.AudioBridgeX( 1593): Total number of connected audio devices is 0
08-14 08:14:39.391 I/btif_av ( 1431): packages/modules/Bluetooth/system/btif/src/btif_av.cc:4174 btif_av_acl_disconnected: btif_av_acl_disconnected: Peer xx:xx:xx:xx:28:80 : ACL Disconnected
08-14 08:14:39.391 I/bluetooth( 1431): packages/modules/Bluetooth/system/gd/hci/le_address_manager.cc:596 OnCommandComplete: Received command complete with op_code LE_ADD_DEVICE_TO_FILTER_ACCEPT_LIST
08-14 08:14:39.393 I/bluetooth( 1431): packages/modules/Bluetooth/system/gd/hci/le_address_manager.cc:294 resume_registered_clients: Resuming registered clients
08-14 08:14:39.393 I/BASM_Connected( 1431): Disconnected from XX:XX:XX:XX:28:80
08-14 08:14:39.398 I/NetworkScheduler.Stats( 1749): Task com.google.android.gms/com.google.android.gms.auth.account.be.accountstate.GcmTaskService started execution. cause:11 exec_start_elapsed_seconds: 81585 [CONTEXT service_id=218 ]
08-14 08:14:39.405 I/NetworkScheduler.Stats( 1749): Task com.google.android.gms/com.google.android.gms.auth.account.be.accountstate.GcmTaskService finished executing. cause:11 result: 1 elapsed_millis: 34 uptime_millis: 33 exec_start_elapsed_seconds: 81585 [CONTEXT service_id=218 ]
08-14 08:14:39.411 D/BluetoothGatt( 1431): close()
08-14 08:14:39.411 D/BluetoothGatt( 1431): unregisterApp() - mClientIf=6
08-14 08:14:39.422 D/BtGatt.GattService( 1431): unregisterClient() - clientIf=6
08-14 08:14:39.423 I/bt_stack( 1431): [INFO:gatt_api.cc(1279)] GATT_Deregister gatt_if=7
08-14 08:14:39.424 I/btif_av ( 1431): packages/modules/Bluetooth/system/btif/src/btif_av.cc:1244 FindOrCreatePeer: BtifAvPeer *BtifAvSource::FindOrCreatePeer(const RawAddress &, tBTA_AV_HNDL): Create peer: peer_address=xx:xx:xx:xx:28:80 bta_handle=0x41 peer_id=0
08-14 08:14:39.424 I/btif_av ( 1431): packages/modules/Bluetooth/system/btif/src/btif_av.cc:4099 btif_av_get_peer_sep: No active sink or source peer found
08-14 08:14:39.424 I/btif_av ( 1431): packages/modules/Bluetooth/system/btif/src/btif_av.cc:4099 btif_av_get_peer_sep: No active sink or source peer found
08-14 08:14:39.424 I/btif_av ( 1431): packages/modules/Bluetooth/system/btif/src/btif_av.cc:4099 btif_av_get_peer_sep: No active sink or source peer found
08-14 08:14:39.424 I/btif_av ( 1431): packages/modules/Bluetooth/system/btif/src/btif_av.cc:4099 btif_av_get_peer_sep: No active sink or source peer found
08-14 08:14:39.424 I/bt_bta_gattc( 1431): packages/modules/Bluetooth/system/bta/gatt/bta_gattc_act.cc:429 bta_gattc_init_bk_conn: Not a connected remote device yet
08-14 08:14:39.424 I/btif_av ( 1431): packages/modules/Bluetooth/system/btif/src/btif_av.cc:1335 DeleteIdlePeers: DeleteIdlePeers: Deleting idle peer: xx:xx:xx:xx:28:80 bta_handle=0x41
08-14 08:14:39.425 V/BluetoothDatabase( 1431): getProfileConnectionPolicy: device XX:XX:XX:XX:28:80 profile=A2DP, connectionPolicy=-1
08-14 08:14:39.425 V/BluetoothDatabase( 1431): getProfileConnectionPolicy: device XX:XX:XX:XX:28:80 profile=HID_HOST, connectionPolicy=100
08-14 08:14:39.427 I/bluetooth( 1431): packages/modules/Bluetooth/system/gd/hci/acl_manager/le_impl.h:877 update_connectability_state_after_armed: Le connection state machine armed state:ConnectabilityState::ARMED status:SUCCESS
08-14 08:14:38.213 I/kernel  (  570): [71694.286435][wlan][570]kalEnqueueCommand:(INIT INFO) EN-Q CMD TYPE[1] ID[0x10] SEQ[187] to CMD Q
08-14 08:14:38.213 I/kernel  (22918): [71694.286475][wlan][22918]wlanNotifyFwSuspend:(REQ INFO) mdtim [1]
08-14 08:14:38.213 I/kernel  (  570): [71694.286487][wlan][570]asicConnac2xFillCmdTxdInfo:(INIT INFO) TX CMD: ID[0x58] SEQ[188] SET[1] LEN[132]
08-14 08:14:38.213 I/kernel  (  570): [71694.286491][wlan][570]kalEnqueueCommand:(INIT INFO) EN-Q CMD TYPE[1] ID[0x58] SEQ[188] to CMD Q
08-14 08:14:38.213 I/kernel  (22918): [71694.286525][wlan][22918]asicConnac2xFillCmdTxdInfo:(INIT INFO) TX CMD: ID[0x4A] SEQ[189] SET[1] LEN[292]
08-14 08:14:38.213 I/kernel  (22918): [71694.286529][wlan][22918]kalEnqueueCommand:(INIT INFO) EN-Q CMD TYPE[1] ID[0x4A] SEQ[189] to CMD Q
08-14 08:14:38.213 I/kernel  (  570): [71694.286560][wlan][570]kalWowCmdEventSetCb:(INIT STATE) CMD_ID_SET_WOWLAN cmd done
08-14 08:14:38.213 I/kernel  (22918): [71694.286735][wlan][22918]kalWowProcess:(INIT STATE) WoW process done
08-14 08:14:38.213 I/kernel  (22918): [71694.286741][wlan][22918]asicConnac2xFillCmdTxdInfo:(INIT INFO) TX CMD: ID[0xF6] SEQ[190] SET[1] LEN[100]
08-14 08:14:38.213 I/kernel  (22918): [71694.286745][wlan][22918]kalEnqueueCommand:(INIT INFO) EN-Q CMD TYPE[1] ID[0xF6] SEQ[190] to CMD Q
08-14 08:14:38.231 I/kernel  (    0): [71694.304961][    C3] [wlan][0]halRxUSBReceiveWdtComplete:(RX ERROR) USB device shutdown skip Rx
08-14 08:14:38.232 I/kernel  (22918): [71694.305239][wlan][22918]mtk_usb_suspend:(HAL STATE) mtk_usb_suspend() done!
08-14 08:14:38.232 I/kernel  (22918): [71694.305245][btmtk_info] btmtk_cif_suspend, enter
08-14 08:14:38.232 I/kernel  (22918): [71694.305248][btmtk_info] btmtk_cif_suspend, interface num is for isoc interface, do't do suspend!
08-14 08:14:38.232 I/kernel  (22918): [71694.305251][btmtk_info] btmtk_cif_suspend, end. ret = 0
08-14 08:14:38.232 I/kernel  (22918): [71694.305254][btmtk_info] btmtk_cif_suspend, enter
08-14 08:14:38.232 I/kernel  (22918): [71694.305256][btmtk_info] btmtk_cif_suspend, interface num is for isoc interface, do't do suspend!
08-14 08:14:38.232 I/kernel  (22918): [71694.305258][btmtk_info] btmtk_cif_suspend, end. ret = 0
08-14 08:14:38.232 I/kernel  (22918): [71694.305260][btmtk_info] btmtk_cif_suspend, enter
08-14 08:14:38.232 I/kernel  (22918): [71694.305262][btmtk_info] btmtk_set_chip_state: WORKING(4) -> SUSPEND(5)
08-14 08:14:38.232 I/kernel  (22918): [71694.305266][btmtk_info] btmtk_woble_suspend: enter
08-14 08:14:38.232 I/kernel  (22918): [71694.305269][btmtk_info] btmtk_handle_entering_WoBLE_state: begin
08-14 08:14:38.232 I/kernel  (22918): [71694.305272][btmtk_info] btmtk_reset_power_on: end success
08-14 08:14:38.232 I/kernel  (22918): [71694.305274][btmtk_info] btmtk_send_woble_read_BDADDR_cmd: begin
08-14 08:14:38.232 I/kernel  (22918): [71694.305276][btmtk_info] btmtk_send_woble_read_BDADDR_cmd, end, ret = 0
08-14 08:14:38.232 I/kernel  (22918): [71694.305279][btmtk_info] btmtk_set_Woble_APCF: woble_setting_apcf[0].length 43
08-14 08:14:38.232 I/kernel  (22918): [71694.305282][btmtk_info] btmtk_set_Woble_APCF: apcf_fill_mac[0].content[0] = 0x01
08-14 08:14:38.232 I/kernel  (22918): [71694.305285][btmtk_info] btmtk_set_Woble_APCF: apcf_fill_mac_location[0].length = 1
08-14 08:14:38.232 I/kernel  (22918): [71694.305288][btmtk_info] btmtk_set_Woble_APCF: apcf[0], add local BDADDR to location 9
08-14 08:14:38.232 I/kernel  (22918): [71694.305299][btmtk_info] Send woble_setting_apcf[0] 0x01 0x57 0xFD 0x27 0x06 0x00 0x1E 0x46 0x00 0x00 0xA8 0x8D 0x8A 0xC9 0xCD 0x58 0x00 0x00 0x00 0x00 0x43 0x52 0x4B 0x54 0x4D 0xFF 0xFF 0x00 0xFF 0xFF 0xFF 0xFF 0xFF 0xFF 0x00 0x00 0x00 0x00 0xFF 0xFF 0xFF 0xFF 0xFF
08-14 08:14:38.232 I/kernel  (22918): [71694.305309][btmtk_info] event_need_compare_len 6, event_compare_status 2
08-14 08:14:38.232 W/kernel  (22921): [71694.305736]xhci-mtk 1c7a0000.xhci: xhci_mtk_suspend_tv: disable irq 27
08-14 08:14:38.232 W/kernel  (22921): [71694.305747]xhci-mtk 1c7a0000.xhci: suspend.. [Non-PM][+]
08-14 08:14:38.232 W/kernel  (22921): [71694.305769]xhci-mtk 1c7a0000.xhci: suspend.. [Non-PM][-]
08-14 08:14:38.232 I/kernel  (22921): [71694.305772]xhci-mtk 1c7a0000.xhci: [Vbus] port1 Off
08-14 08:14:38.232 W/kernel  (22922): [71694.305797]mtu3 1c7a3e00.usb: suspend [Non-PM][+]
08-14 08:14:38.232 I/kernel  (22922): [71694.305822]phy phy-1c790060.usb-phy.0: mtk_misc_phy_power_off[0]:type 3, mix 0
08-14 08:14:38.233 I/kernel  (22922): [71694.306135]phy phy-1c790060.usb-phy.1: mtk_misc_phy_power_off[1]:type 3, mix 0
08-14 08:14:38.233 I/kernel  (22922): [71694.306446]phy phy-1c790060.usb-phy.2: mtk_misc_phy_power_off[2]:type 3, mix 0
08-14 08:14:38.233 I/kernel  (22922): [71694.306756]phy phy-1c790060.usb-phy.3: mtk_misc_phy_power_off[3]:type 4, mix 0
08-14 08:14:38.233 W/kernel  (22922): [71694.306761]mtu3 1c7a3e00.usb: suspend [Non-PM][-]
08-14 08:14:38.234 I/kernel  (22918): [71694.307922][btmtk_info] btmtk_set_Woble_APCF: apcf_fill_mac[1].content[0] = 0x00
08-14 08:14:39.458 D/ActivityManager(  793): sync unfroze 2711 com.google.android.gms for 10
08-14 08:14:39.461 D/ActivityManager(  793): sync unfroze 21794 com.google.android.gms.unstable for 10
08-14 08:14:38.234 I/kernel  (22918): [71694.307925][btmtk_info] btmtk_set_Woble_APCF: apcf_fill_mac_location[1].length = 1
08-14 08:14:38.234 I/kernel  (22918): [71694.307931][btmtk_info] Send woble_setting_apcf[1] 0x01 0x57 0xFD 0x0A 0x01 0x00 0x1E 0x20 0x00 0x20 0x00 0x01 0x80 0x00
08-14 08:14:38.234 I/kernel  (22918): [71694.307937][btmtk_info] event_need_compare_len 6, event_compare_status 2
08-14 08:14:38.235 I/kernel  (22918): [71694.308377][btmtk_info] btmtk_set_Woble_APCF: end ret=0
08-14 08:14:38.235 I/kernel  (22918): [71694.308380][btmtk_info] btmtk_set_Woble_Radio_Off: woble_setting_radio_off.length 34
08-14 08:14:38.235 I/kernel  (22918): [71694.308397][btmtk_info] Send radio off0x01 0xC9 0xFC 0xCC 0x01 0x20 0x02 0x00 0x00 0x02 0x01 0x00 0x02 0x40 0x1E 0x02 0x41 0x0F 0x05 0x24 0x20 0x04 0x32 0x00 0x09 0x26 0xC0 0x12 0x00 0x00 0x12 0x00 0x00 0x00 0x05 0x10 0x00 0x00 0x20 0x00 0x04 0x42 0x09 0x01 0x02 0xA2 0x48 0x01 0xFF 0xFF 0x00 0x00 0x10 0x00 0x00 0xFE 0xA5 0xA5 0x00 0x00 0x10 0x00 0x4A 0xFF 0x5A 0x5A  (prtail)
08-14 08:14:38.235 I/kernel  (22918): [71694.308403][btmtk_info] event_need_compare_len 4, event_compare_status 2
08-14 08:14:38.236 I/kernel  (20624): [71694.309576][btmtk_info] btmtk_usb_event_filter: event_need_compare:0xE6 0x02 0x08 0x00
08-14 08:14:38.236 I/kernel  (20624): [71694.309581][btmtk_info] btmtk_usb_event_filter: skb->data:0x0F 0x04 0x00 0x01 0xC9 0xFC
08-14 08:14:38.600 I/kernel  (20624): [71694.673331][btmtk_info] btmtk_usb_event_filter: event_need_compare:0xE6 0x02 0x08 0x00
08-14 08:14:38.600 I/kernel  (20624): [71694.673341][btmtk_info] btmtk_usb_event_filter: skb->data:0x05 0x04 0x00 0x00 0x02 0x13
08-14 08:14:38.611 I/kernel  (22918): [71694.684295][btmtk_info] btmtk_set_Woble_Radio_Off, end ret=0
08-14 08:14:38.611 I/kernel  (22918): [71694.684300][btmtk_info] btmtk_handle_entering_WoBLE_state: end ret = 0, power_state =1
08-14 08:14:38.611 I/kernel  (22918): [71694.684304][btmtk_info] btmtk_woble_suspend: end
08-14 08:14:38.611 W/kernel  (    0): [71694.684337][    C3] [btmtk_warn] btusb_intr_complete: urb 000000007e340bf0 urb->status -2 count 0
08-14 08:14:38.611 I/kernel  (    0): [71694.684344][    C3] [btmtk_info] btusb_intr_complete: urb->status is ENOENT!
08-14 08:14:38.611 W/kernel  (    0): [71694.684410][    C3] [btmtk_warn] btusb_intr_complete: urb 00000000e056b9ae urb->status -2 count 0
08-14 08:14:38.611 I/kernel  (    0): [71694.684414][    C3] [btmtk_info] btusb_intr_complete: urb->status is ENOENT!
08-14 08:14:38.611 I/kernel  (    0): [71694.684491][    C3] [btmtk_info] btusb_bulk_complete: urb 00000000a9ea0526 urb->status -2 count 0
08-14 08:14:38.611 I/kernel  (    0): [71694.684495][    C3] [btmtk_info] hci0 urb 00000000a9ea0526 status -2 count 0
08-14 08:14:38.611 I/kernel  (    0): [71694.684535][    C3] [btmtk_info] btusb_ble_isoc_complete: urb->status is ENOENT!
08-14 08:14:38.611 I/kernel  (    0): [71694.684613][    C3] [btmtk_info] btusb_ble_isoc_complete: urb->status is ENOENT!
08-14 08:14:38.611 I/kernel  (22918): [71694.684623][btmtk_info] btusb_suspend end, suspend_count = 1
08-14 08:14:38.611 I/kernel  (22918): [71694.684627][btmtk_info] btmtk_set_chip_state: SUSPEND(5) -> SUSPEND(5)
08-14 08:14:38.611 I/kernel  (22918): [71694.684630][btmtk_info] btmtk_cif_suspend, end. ret = 0
08-14 08:14:38.621 W/kernel  (22920): [71694.694797]xhci-mtk 1c1b0000.xhci: xhci_mtk_suspend_tv: disable irq 28
08-14 08:14:38.621 W/kernel  (22920): [71694.694808]xhci-mtk 1c1b0000.xhci: suspend [PM][+]
08-14 08:14:38.621 W/kernel  (22920): [71694.694818]xhci-mtk 1c1b0000.xhci: suspend [PM][-]
08-14 08:14:38.621 W/kernel  (22919): [71694.694840]mtu3 1c1b3e00.usb: suspend [PM][+]
08-14 08:14:38.621 I/kernel  (22919): [71694.694961]phy phy-1c0212e8.usb-phy.4: mtk_misc_phy_power_off[0]:type 3, mix 0
08-14 08:14:38.622 I/kernel  (22919): [71694.695273]phy phy-1c0212e8.usb-phy.5: mtk_misc_phy_power_off[1]:type 4, mix 0
08-14 08:14:38.622 W/kernel  (22919): [71694.695290]mtu3 1c1b3e00.usb: suspend [PM][-]
08-14 08:14:38.622 I/kernel  ( 6520): [71694.695557][G2D] [info] [GFXStr,1967] Kernel STR Suspend Start!!!!!
08-14 08:14:38.622 I/kernel  ( 6520): [71694.695624][G2D] [info] [GFXStr,1969] Kernel STR Suspend End!!!!!
08-14 08:14:38.628 W/kernel  ( 6520): [71694.701435]mtk_mci 1c660000.mtk-mmc-fcie: eMMC, suspend +
08-14 08:14:38.628 W/kernel  ( 6520): [71694.701446]mtk_mci 1c660000.mtk-mmc-fcie: eMMC, suspend -
08-14 08:14:38.628 I/kernel  ( 6520): [71694.701462]function : [mtk_ir_suspend]
08-14 08:14:38.628 I/kernel  ( 6520): [71694.701569]mtk16550 1c647100.UART1: suspend with remain 0, real port 1
08-14 08:14:38.628 I/kernel  ( 6520): [71694.701577]mtk16550 1c647100.UART1: disable clock/sw_en (1/1).
08-14 08:14:38.628 I/kernel  ( 6520): [71694.701605]mtk16550 1c646100.UART0: suspend with remain 0, real port 0
08-14 08:14:38.628 I/kernel  ( 6520): [71694.701616]mtk16550 1c647200.UART2: suspend with remain 0, real port 2
08-14 08:14:38.628 I/kernel  ( 6520): [71694.701620]mtk16550 1c647200.UART2: disable clock/sw_en (2/2).
08-14 08:14:38.630 E/kernel  ( 6520): [71694.703399][HWREG_HDMIRX_INFO][_KHal_HDMIRx_Clk_Mux_Query][807] [50]_KHal_HDMIRx_Clk_Mux_Query=8
08-14 08:14:38.630 E/kernel  ( 6520): [71694.703435][HWREG_HDMIRX_INFO][hdmi_pkt_que_suspend][3331] [0]mask=1
08-14 08:14:38.630 E/kernel  ( 6520): [71694.703444][HWREG_HDMIRX_INFO][_KHal_HDMIRx_IRQ_OnOff][695] [50],1,10,0
08-14 08:14:38.630 E/kernel  ( 6520): [71694.703453][HWREG_HDMIRX_INFO][_KHal_HDMIRx_Clk_Mux_Query][807] [51]_KHal_HDMIRx_Clk_Mux_Query=8
08-14 08:14:38.630 E/kernel  ( 6520): [71694.703474][HWREG_HDMIRX_INFO][hdmi_pkt_que_suspend][3331] [1]mask=1
08-14 08:14:38.630 E/kernel  ( 6520): [71694.703482][HWREG_HDMIRX_INFO][_KHal_HDMIRx_IRQ_OnOff][695] [50],1,20,0
08-14 08:14:38.630 E/kernel  ( 6520): [71694.703490][HWREG_HDMIRX_INFO][_KHal_HDMIRx_Clk_Mux_Query][807] [52]_KHal_HDMIRx_Clk_Mux_Query=8
08-14 08:14:38.630 E/kernel  ( 6520): [71694.703511][HWREG_HDMIRX_INFO][hdmi_pkt_que_suspend][3331] [2]mask=1
08-14 08:14:38.630 E/kernel  ( 6520): [71694.703518][HWREG_HDMIRX_INFO][_KHal_HDMIRx_IRQ_OnOff][695] [50],1,40,0
08-14 08:14:38.630 E/kernel  ( 6520): [71694.703526][HWREG_HDMIRX_INFO][_KHal_HDMIRx_Clk_Mux_Query][807] [53]_KHal_HDMIRx_Clk_Mux_Query=8
08-14 08:14:38.630 E/kernel  ( 6520): [71694.703548][HWREG_HDMIRX_INFO][hdmi_pkt_que_suspend][3331] [3]mask=1
08-14 08:14:38.630 E/kernel  ( 6520): [71694.703554][HWREG_HDMIRX_INFO][_KHal_HDMIRx_IRQ_OnOff][695] [50],1,80,0
08-14 08:14:38.630 E/kernel  ( 6520): [71694.703563][HWREG_HDMIRX_INFO][_KHal_HDMIRx_IRQ_OnOff][695] [50],1,4,0
08-14 08:14:38.630 E/kernel  ( 6520): [71694.703634][HWREG_HDMIRX_INFO][_KHal_HDMIRx_Clk_Mux_Query][807] [50]_KHal_HDMIRx_Clk_Mux_Query=8
08-14 08:14:38.630 E/kernel  ( 6520): [71694.703657][HWREG_HDMIRX_INFO][hdmi_pkt_que_suspend][3331] [0]mask=1
08-14 08:14:38.630 E/kernel  ( 6520): [71694.703663][HWREG_HDMIRX_INFO][_KHal_HDMIRx_IRQ_OnOff][695] [50],1,10,0
08-14 08:14:38.630 E/kernel  ( 6520): [71694.703686][HWREG_HDMIRX_INFO][_KHal_HDMIRx_Clk_Mux_Query][807] [51]_KHal_HDMIRx_Clk_Mux_Query=8
08-14 08:14:38.630 E/kernel  ( 6520): [71694.703707][HWREG_HDMIRX_INFO][hdmi_pkt_que_suspend][3331] [1]mask=1
08-14 08:14:38.630 E/kernel  ( 6520): [71694.703713][HWREG_HDMIRX_INFO][_KHal_HDMIRx_IRQ_OnOff][695] [50],1,20,0
08-14 08:14:38.630 E/kernel  ( 6520): [71694.703725][HWREG_HDMIRX_INFO][_KHal_HDMIRx_Clk_Mux_Query][807] [52]_KHal_HDMIRx_Clk_Mux_Query=8
08-14 08:14:38.630 E/kernel  ( 6520): [71694.703745][HWREG_HDMIRX_INFO][hdmi_pkt_que_suspend][3331] [2]mask=1
08-14 08:14:38.630 E/kernel  ( 6520): [71694.703751][HWREG_HDMIRX_INFO][_KHal_HDMIRx_IRQ_OnOff][695] [50],1,40,0
08-14 08:14:38.630 E/kernel  ( 6520): [71694.703763][HWREG_HDMIRX_INFO][_KHal_HDMIRx_Clk_Mux_Query][807] [53]_KHal_HDMIRx_Clk_Mux_Query=8
08-14 08:14:38.630 E/kernel  ( 6520): [71694.703783][HWREG_HDMIRX_INFO][hdmi_pkt_que_suspend][3331] [3]mask=1
08-14 08:14:38.630 E/kernel  ( 6520): [71694.703790][HWREG_HDMIRX_INFO][_KHal_HDMIRx_IRQ_OnOff][695] [50],1,80,0
08-14 08:14:38.630 I/kernel  ( 6520): [71694.703848]mtk16550 1c061080.UART3: suspend with remain 0, real port 3
08-14 08:14:38.630 I/kernel  ( 6520): [71694.703856]mtk16550 1c061080.UART3: disable clock/sw_en (3/3).
08-14 08:14:38.630 I/kernel  (22920): [71694.703898]mtk-pqu 1d024200.pqu: shutdown pqu
08-14 08:14:38.630 I/kernel  (22919): [71694.703905]mtk-pqu 1d020200.memcu: shutdown pqu
08-14 08:14:38.631 I/kernel  (22919): [71694.704569][CPUIF][PROBE][mtk_pqu_rpmsg_suspend, 1190]suspend start
08-14 08:14:38.631 I/kernel  (22919): [71694.704573][CPUIF][PROBE][mtk_pqu_rpmsg_suspend, 1208]Suspend channel : 1
08-14 08:14:38.631 I/kernel  (22919): [71694.704577][CPUIF][PROBE][mtk_pqu_rpmsg_suspend, 1217]Set channel[1][frc-ept] status to suspend.
08-14 08:14:38.631 I/kernel  (22919): [71694.704581][CPUIF][PROBE][mtk_pqu_rpmsg_suspend, 1221]kthread_stop
08-14 08:14:38.631 I/kernel  (19390): [71694.704602][CPUIF][PROBE][task_cpuif_main, 1169]task end
08-14 08:14:38.631 I/kernel  (22919): [71694.704627][CPUIF][PROBE][mtk_pqu_rpmsg_suspend, 1224]call wait_for_completion
08-14 08:14:38.631 I/kernel  (22919): [71694.704631][CPUIF][PROBE][mtk_pqu_rpmsg_suspend, 1226]wait_for_completion end
08-14 08:14:38.631 I/kernel  (22919): [71694.704634][CPUIF][PROBE][mtk_pqu_rpmsg_suspend, 1233]mtk_pqu_rpmsg_suspend/get:14 event:0 result:2
08-14 08:14:38.631 I/kernel  (22919): [71694.704638][CPUIF][PROBE][mtk_pqu_rpmsg_suspend, 1236]mtk_pqu_rpmsg_suspend/read buffer is Empty
08-14 08:14:38.631 I/kernel  (22919): [71694.704656][CPUIF][PROBE][mtk_pqu_rpmsg_suspend, 1247]Channel[1][frc-ept] suspend event notify.
08-14 08:14:38.631 I/kernel  (22919): [71694.704660][CPUIF][PROBE][mtk_pqu_rpmsg_suspend, 1259]mtk_pqu_rpmsg_suspend/get:22 event:0 result:2
08-14 08:14:38.631 I/kernel  (22919): [71694.704664][CPUIF][PROBE][mtk_pqu_rpmsg_suspend, 1262]mtk_pqu_rpmsg_suspend/send buffer is Empty
08-14 08:14:38.631 I/kernel  (22919): [71694.704667][CPUIF][PROBE][mtk_pqu_rpmsg_suspend, 1270]Channel[1][frc-ept] ring buffer clear.
08-14 08:14:38.631 I/kernel  (22919): [71694.704670][CPUIF][PROBE][mtk_pqu_rpmsg_suspend, 1275]suspend end
08-14 08:14:38.631 I/kernel  (22919): [71694.704672][CPUIF][PROBE][cpuif_remove_sys_fs,  494]Remove device attribute files
08-14 08:14:38.631 I/kernel  (22919): [71694.704687][CPUIF][PROBE][mtk_pqu_rpmsg_remove_callback, 2178]mtk_pqu_rpmsg_remove_callback/pqu rpmsg remove done id : frc-ept
08-14 08:14:38.631 I/kernel  (22920): [71694.704901]i2c_mt5896_rproc virtio2.I2C_3.-1.2: mtk_rpmsg_i2c_remove dev I2C_3
08-14 08:14:38.631 I/kernel  (22920): [71694.704907]i2c_mt5896_rproc virtio2.I2C_3.-1.2: i2c device already unbinded
08-14 08:14:38.632 I/kernel  (22920): [71694.705050]i2c_mt5896_rproc virtio2.I2C_2.-1.3: mtk_rpmsg_i2c_remove dev I2C_2
08-14 08:14:38.632 I/kernel  (22920): [71694.705054]i2c_mt5896_rproc virtio2.I2C_2.-1.3: i2c device already unbinded
08-14 08:14:38.632 I/kernel  (22920): [71694.705116]i2c_mt5896_rproc virtio2.I2C_0.-1.4: mtk_rpmsg_i2c_remove dev I2C_0
08-14 08:14:38.632 I/kernel  (22920): [71694.705120]i2c_mt5896_rproc virtio2.I2C_0.-1.4: i2c device already unbinded
08-14 08:14:38.632 I/kernel  (22919): [71694.705167]mtk-pqu 1d020200.memcu: Polling safe reset start.
08-14 08:14:38.632 I/kernel  (22919): [71694.705172]mtk-pqu 1d020200.memcu: Safe reset finish.
08-14 08:14:38.632 I/kernel  (22919): [71694.705188]remoteproc remoteproc2: stopped remote processor memcu
08-14 08:14:38.632 I/kernel  (22920): [71694.705284][CPUIF][PROBE][mtk_pqu_rpmsg_suspend, 1190]suspend start
08-14 08:14:38.632 I/kernel  (22920): [71694.705287][CPUIF][PROBE][mtk_pqu_rpmsg_suspend, 1208]Suspend channel : 0
08-14 08:14:38.632 I/kernel  (22920): [71694.705291][CPUIF][PROBE][mtk_pqu_rpmsg_suspend, 1217]Set channel[0][pq-pqu-ept] status to suspend.
08-14 08:14:38.632 I/kernel  (22920): [71694.705294][CPUIF][PROBE][mtk_pqu_rpmsg_suspend, 1233]mtk_pqu_rpmsg_suspend/get:14 event:0 result:2
08-14 08:14:38.632 I/kernel  (22920): [71694.705297][CPUIF][PROBE][mtk_pqu_rpmsg_suspend, 1236]mtk_pqu_rpmsg_suspend/read buffer is Empty
08-14 08:14:38.632 I/kernel  (22920): [71694.705306][CPUIF][PROBE][mtk_pqu_rpmsg_suspend, 1247]Channel[0][pq-pqu-ept] suspend event notify.
08-14 08:14:38.632 I/kernel  (22920): [71694.705309][CPUIF][PROBE][mtk_pqu_rpmsg_suspend, 1259]mtk_pqu_rpmsg_suspend/get:20 event:0 result:2
08-14 08:14:38.632 I/kernel  (22920): [71694.705312][CPUIF][PROBE][mtk_pqu_rpmsg_suspend, 1262]mtk_pqu_rpmsg_suspend/send buffer is Empty
08-14 08:14:38.632 I/kernel  (22920): [71694.705315][CPUIF][PROBE][mtk_pqu_rpmsg_suspend, 1270]Channel[0][pq-pqu-ept] ring buffer clear.
08-14 08:14:38.632 I/kernel  (22920): [71694.705318][CPUIF][PROBE][mtk_pqu_rpmsg_suspend, 1275]suspend end
08-14 08:14:38.632 I/kernel  (22920): [71694.705320][CPUIF][PROBE][cpuif_remove_sys_fs,  494]Remove device attribute files
08-14 08:14:38.632 I/kernel  (22920): [71694.705333][CPUIF][PROBE][mtk_pqu_rpmsg_remove_callback, 2178]mtk_pqu_rpmsg_remove_callback/pqu rpmsg remove done id : pq-pqu-ept
08-14 08:14:38.632 I/kernel  (22920): [71694.705387][CPUIF][PROBE][mtk_pqu_rpmsg_suspend, 1190]suspend start
08-14 08:14:38.632 I/kernel  (22920): [71694.705390][CPUIF][PROBE][mtk_pqu_rpmsg_suspend, 1208]Suspend channel : 2
08-14 08:14:38.632 I/kernel  (22920): [71694.705393][CPUIF][PROBE][mtk_pqu_rpmsg_suspend, 1233]mtk_pqu_rpmsg_suspend/get:14 event:0 result:2
08-14 08:14:38.632 I/kernel  (22920): [71694.705397][CPUIF][PROBE][mtk_pqu_rpmsg_suspend, 1236]mtk_pqu_rpmsg_suspend/read buffer is Empty
08-14 08:14:38.632 I/kernel  (22920): [71694.705400][CPUIF][PROBE][mtk_pqu_rpmsg_suspend, 1275]suspend end
08-14 08:14:38.632 I/kernel  (22920): [71694.705402][CPUIF][PROBE][cpuif_remove_sys_fs,  494]Remove device attribute files
08-14 08:14:38.632 I/kernel  (22920): [71694.705414][CPUIF][PROBE][mtk_pqu_rpmsg_remove_callback, 2178]mtk_pqu_rpmsg_remove_callback/pqu rpmsg remove done id : pqu-trace-ept
08-14 08:14:38.632 I/kernel  (22920): [71694.705469]mtk-pqu 1d024200.pqu: Polling safe reset start.
08-14 08:14:38.632 I/kernel  (22920): [71694.705473]mtk-pqu 1d024200.pqu: Safe reset finish.
08-14 08:14:38.632 I/kernel  (22920): [71694.705485]remoteproc remoteproc1: stopped remote processor pqu
08-14 08:14:38.632 I/kernel  ( 6520): [71694.705611]mtk_tv_vcu 1c570000.vcu: vdec suspend start
08-14 08:14:38.632 I/kernel  ( 6520): [71694.705618]mtk_tv_vcu 1c570000.vcu: vdec suspend done. ret 0
08-14 08:14:38.637 I/kernel  ( 6520): [71694.710589]mtk_dmx: [mtk_dmx_pm_runtime][325]dmx runtime pm(0): SUSPEND
08-14 08:14:38.637 I/kernel  ( 6520): [71694.710669]mtk_dmx: [mtk_dmx2dev_suspend][3071]suspend : ok
08-14 08:14:38.639 I/kernel  ( 6520): [71694.712246]mtk_mdla 1c506000.mdla: mdla_suspend()
08-14 08:14:38.639 I/kernel  ( 6520): [71694.712296]mt5896-gmac 1c700000.gmac: enter gmac suspend
08-14 08:14:38.639 I/kernel  ( 6520): [71694.712309]mt5896-gmac 1c700000.gmac: get wakeup config lan: pm_flag=0x1
08-14 08:14:38.639 I/kernel  ( 6520): [71694.712315]mt5896-gmac 1c700000.gmac: enable wol
08-14 08:14:38.639 I/kernel  ( 6520): [71694.712321]mt5896-gmac 1c700000.gmac: disable woc
08-14 08:14:38.640 I/kernel  ( 6520): [71694.713569]mt5896-gmac 1c700000.gmac: gmac suspend with eth open
08-14 08:14:38.640 I/kernel  ( 6520): [71694.713581]mt5896-gmac 1c700000.gmac: cannot get wakeup reason
08-14 08:14:38.640 I/kernel  ( 6520): [71694.713584]mt5896-gmac 1c700000.gmac: leave gmac suspend
08-14 08:14:38.646 I/kernel  ( 6520): [71694.719923][0;33m[MFC INFO] KDrv_MfcAlgo_SendCommand:171: [0m
08-14 08:14:38.646 I/kernel  ( 6520): [71694.719932]KDrv_MfcAlgo_SendCommand
08-14 08:14:38.647 I/kernel  ( 6520): [71694.720449][drm] [DRM] CVBSO CLK SWEN nums from ADC table is: 3
08-14 08:14:38.647 I/kernel  ( 6520): [71694.720453][drm] [DRM] SWEN[ 0]: Name= adctbl_swen_cvbs_dac_a_digital0_mux2adc , enable=OFF
08-14 08:14:38.647 I/kernel  ( 6520): [71694.720474][drm] [DRM] SWEN[ 1]: Name= adctbl_swen_cvbs_dac_a_digital02adc     , enable=OFF
08-14 08:14:38.647 I/kernel  ( 6520): [71694.720485][drm] [DRM] SWEN[ 2]: Name= adctbl_swen_cvbs_dac_a_digital12adc     , enable=OFF
08-14 08:14:38.647 I/kernel  ( 6520): [71694.720506][drm] [DRM] CVBSO CLK nums from ADC table = 4
08-14 08:14:38.647 I/kernel  ( 6520): [71694.720509][drm] [DRM] CLK[ 0]: Name= adctbl_cvbs_dac_a_digital0_int_ck  , parent=NA
08-14 08:14:38.647 I/kernel  ( 6520): [71694.720519][drm] [DRM] CLK[ 1]: Name= adctbl_cvbs_dac_a_digital1_int_ck  , parent=NA
08-14 08:14:38.647 I/kernel  ( 6520): [71694.720528][drm] [DRM] CLK[ 2]: Name= adctbl_cvbs_dac_a_digital0_mux_int_ck, parent=NA
08-14 08:14:38.647 I/kernel  ( 6520): [71694.720539][drm] [DRM] CLK[ 3]: Name= adctbl_adc_daca2_int_ck            , parent=NA
08-14 08:14:38.647 I/kernel  ( 6520): [71694.720552][drm] [1;34m [mtk_tvdac_cvbso_suspend][452] [m
08-14 08:14:38.647 I/kernel  ( 6520): [71694.720687][eARC] [Info] [earc_suspend,1674]eARC suspend done
08-14 08:14:38.647 I/kernel  ( 6520): [71694.720816]mtk_cfm: [cfm_suspend][2087]
08-14 08:14:38.647 I/kernel  ( 6520): [71694.720819]mtk_cfm: [cfm_suspend][2099]demod suspend!
08-14 08:14:38.647 I/kernel  ( 6520): [71694.720824]mtk_merak_demod: [mdbgin_merak_demod_dd][mtk_demod_suspend][1847] __entry__
08-14 08:14:38.647 I/kernel  ( 6520): [71694.720828]mtk_cfm: [cfm_suspend][2108]tuner suspend!
08-14 08:14:38.647 I/kernel  ( 6520): [71694.720831]mtk_cfm: [cfm_suspend][2122]dish suspend!
08-14 08:14:38.647 I/kernel  ( 6520): [71694.720833]mtk_cfm: [cfm_suspend][2099]demod suspend!
08-14 08:14:38.647 I/kernel  ( 6520): [71694.720838]mtk_cfm: [cfm_suspend][2108]tuner suspend!
08-14 08:14:38.647 I/kernel  ( 6520): [71694.720841]mtk_cfm: [cfm_suspend][2122]dish suspend!
08-14 08:14:38.744 E/kernel  ( 6520): [71694.817651][ALSA MTK]do depop off done
08-14 08:14:38.745 F/kernel  ( 6520): [71694.818695][mtk_keypad_suspend] Start drop keyevent++
08-14 08:14:38.745 F/kernel  ( 6520): [71694.818842][mtk_keypad_suspend]wait complete
08-14 08:14:38.756 F/kernel  ( 6520): [71694.829734]mtk_keypad_suspend, ret = 0
08-14 08:14:38.761 F/kernel  ( 6520): [71694.834275][mtk_ir_suspend_late] Start drop keyevent++
08-14 08:14:38.761 F/kernel  ( 6520): [71694.834380][mtk_ir_suspend_late]wait complete
08-14 08:14:38.772 F/kernel  ( 6520): [71694.845426]mtk_ir_suspend_late, ret = 0
08-14 08:14:38.777 I/kernel  ( 6520): [71694.850153]mt5896-gpio 1c023000.gpio: skip str store in suspend
08-14 08:14:38.777 I/kernel  ( 6520): [71694.850184]set led off
08-14 08:14:38.777 W/kernel  ( 6520): [71694.850488]mt5896-gpio 1c2e6000.gpio: Check IRQ_GPIO72 call disable_IRQ()
08-14 08:14:38.777 I/kernel  ( 6520): [71694.850784]i2c-mt5896-rproc 1c644000.I2C_0: rpmsg device already removed
08-14 08:14:38.777 I/kernel  ( 6520): [71694.850800]i2c-mt5896-rproc 1c644800.I2C_2: rpmsg device already removed
08-14 08:14:38.777 I/kernel  ( 6520): [71694.850805]i2c-mt5896-rproc 1c644c00.I2C_3: rpmsg device already removed
08-14 08:14:38.777 I/kernel  ( 6520): [71694.851009]pinctrl-mt5896 1c022a00.pinconf: skip str store in suspend
08-14 08:14:38.777 I/kernel  ( 6520): [71694.851012]pinctrl-mt5896 1c022a00.pinconf: get pcs->num_pinctrl_pm_reg_save is (1024)
08-14 08:14:39.471 D/CompatibilityChangeReporter(  793): Compat change id reported: 135634846; UID 10114; state: DISABLED
08-14 08:14:38.778 I/kernel  ( 6520): [71694.851088]pinctrl-mt5896 1c2e6200.pinconf: get pcs->num_pinctrl_pm_reg_save is (1536)
08-14 08:14:38.778 I/kernel  ( 6520): [71694.851094]pinctrl-mt5896 1c022000.pinctrl: skip str store in suspend
08-14 08:14:38.778 I/kernel  ( 6520): [71694.851097]pinctrl-mt5896 1c022000.pinctrl: get pcs->num_pinctrl_pm_reg_save is (512)
08-14 08:14:38.778 I/kernel  ( 6520): [71694.851127]pinctrl-mt5896 1c2e4000.pinctrl: get pcs->num_pinctrl_pm_reg_save is (512)
08-14 08:14:38.779 W/kernel  ( 6520): [71694.852414]miup suspend
08-14 08:14:38.779 F/kernel  ( 6520): [71694.852529]System STR off (boot_reason=0x01), occur 9/52 times.
08-14 08:14:38.832 I/kernel  ( 6520): [71694.905941]Disabling non-boot CPUs ...
