08-14 08:14:38.836 I/kernel  ( 6520): [71694.910013]psci: CPU1 killed (polled 4 ms)
08-14 08:14:38.842 I/kernel  ( 6520): [71694.915655]psci: CPU2 killed (polled 4 ms)
08-14 08:14:38.847 I/kernel  ( 6520): [71694.920514]psci: CPU3 killed (polled 4 ms)
08-14 08:14:38.849 W/kernel  ( 6520): [71694.922171]clk_mt5896: (clk_mt5896_suspend)
08-14 08:14:38.849 W/kernel  ( 6520): [71694.922225]clk_mt5896: (clk_mt5896_resume)
08-14 08:14:38.850 I/kernel  ( 6520): [71694.923962]Enabling non-boot CPUs ...
08-14 08:14:38.851 I/kernel  (    0): [71694.924194]Detected VIPT I-cache on CPU1
08-14 08:14:38.851 I/kernel  (    0): [71694.924217]GICv3: CPU1: found redistributor 1 region 0:0x0000000016060000
08-14 08:14:38.851 I/kernel  (    0): [71694.924240]arch_timer: CPU1: Trapping CNTVCT access
08-14 08:14:38.851 I/kernel  (    0): [71694.924249]CPU1: Booted secondary processor 0x0000000001 [0x411fd090]
08-14 08:14:38.851 I/kernel  ( 6520): [71694.925031]CPU1 is up
08-14 08:14:38.852 I/kernel  (    0): [71694.925195]Detected VIPT I-cache on CPU2
08-14 08:14:38.852 I/kernel  (    0): [71694.925210]GICv3: CPU2: found redistributor 2 region 0:0x0000000016080000
08-14 08:14:38.852 I/kernel  (    0): [71694.925224]arch_timer: CPU2: Trapping CNTVCT access
08-14 08:14:38.852 I/kernel  (    0): [71694.925232]CPU2: Booted secondary processor 0x0000000002 [0x411fd090]
08-14 08:14:38.852 I/kernel  ( 6520): [71694.926026]CPU2 is up
08-14 08:14:38.853 I/kernel  (    0): [71694.926181]Detected VIPT I-cache on CPU3
08-14 08:14:38.853 I/kernel  (    0): [71694.926195]GICv3: CPU3: found redistributor 3 region 0:0x00000000160a0000
08-14 08:14:38.853 I/kernel  (    0): [71694.926210]arch_timer: CPU3: Trapping CNTVCT access
08-14 08:14:38.853 I/kernel  (    0): [71694.926217]CPU3: Booted secondary processor 0x0000000003 [0x411fd090]
08-14 08:14:38.854 I/kernel  ( 6520): [71694.927101]CPU3 is up
08-14 08:14:38.856 I/kernel  ( 6520): [71694.929325]<debug> drv_hwreg_adl_init!!
08-14 08:14:38.856 F/kernel  ( 6520): [71694.929355]System STR on (boot_reason=0x01, wakeup_reason=rtc0), occur 8/52 times.
08-14 08:14:38.864 W/kernel  ( 6520): [71694.937839]miup resume
08-14 08:14:38.865 I/kernel  (19699): [71694.938607]mt5896-rtc 1c020600.rtc: rtc alarm irq enable=0x0
08-14 08:14:38.865 I/kernel  ( 6520): [71694.938830]pinctrl-mt5896 1c022000.pinctrl: skip str restore in resume
08-14 08:14:38.865 I/kernel  ( 6520): [71694.938904]pinctrl-mt5896 1c022a00.pinconf: skip str restore in resume
08-14 08:14:38.866 I/kernel  (22927): [71694.939240]i2c-mt5896-rproc 1c644c00.I2C_3: Check i2c adap I2C_3 binding rpmsg...
08-14 08:14:38.866 I/kernel  (22927): [71694.939246]i2c-mt5896-rproc 1c644c00.I2C_3: Wait i2c adap I2C_3 binding rpmsg device...
08-14 08:14:38.866 I/kernel  (22928): [71694.939301]i2c-mt5896-rproc 1c644800.I2C_2: Check i2c adap I2C_2 binding rpmsg...
08-14 08:14:38.866 I/kernel  (22928): [71694.939307]i2c-mt5896-rproc 1c644800.I2C_2: Wait i2c adap I2C_2 binding rpmsg device...
08-14 08:14:38.866 I/kernel  (22929): [71694.939390]i2c-mt5896-rproc 1c644000.I2C_0: Check i2c adap I2C_0 binding rpmsg...
08-14 08:14:38.866 I/kernel  (22929): [71694.939394]i2c-mt5896-rproc 1c644000.I2C_0: Wait i2c adap I2C_0 binding rpmsg device...
08-14 08:14:38.867 I/kernel  ( 6520): [71694.940808][CPUIF][READY][ext_command_send,  636]Add ready callback category_id = 3 command_id = 17
08-14 08:14:38.867 W/kernel  ( 6520): [71694.940834]UNSUPPORT PATTERN
08-14 08:14:38.867 I/kernel  ( 6520): [71694.940839][TCON] mtk_tcon_get_lanes_num_by_linktype:1115: This is not the tconless model or pre-init first.
08-14 08:14:38.867 E/kernel  ( 6520): [71694.940844][drm:mtk_tv_drm_ambient_light_set_frame_size [mediatek_drm_tv]] *ERROR* [mtk_tv_drm_ambient_light_set_frame_size][456] AMB not init
08-14 08:14:38.876 I/kernel  ( 6520): [71694.949636][EFUSE][K]{_efuse_hal_EFUSE_read_subbank_reg_U32,439} _efuse_hal_EFUSE_read_subbank_reg_U32(u8SubBank:0xD)
08-14 08:14:38.876 I/kernel  ( 6520): [71694.949642][EFUSE][K]{_efuse_hal_EFUSE_read_subbank_reg_U32,476} Use last subbank_0D val:0x1268030
08-14 08:14:38.876 I/kernel  ( 6520): [71694.949662][TCON] mtk_tcon_get_lanes_num_by_linktype:1115: This is not the tconless model or pre-init first.
08-14 08:14:38.876 E/kernel  ( 6520): [71694.949684]odclk_p = 1000
08-14 08:14:38.876 E/kernel  ( 6520): [71694.949686]odclk = 594000KHz
08-14 08:14:38.876 E/kernel  ( 6520): [71694.949688]htt = 4400
08-14 08:14:38.876 E/kernel  ( 6520): [71694.949690]vtt = 2250
08-14 08:14:38.876 E/kernel  ( 6520): [71694.949692]lanes = 8
08-14 08:14:38.876 E/kernel  ( 6520): [71694.949694]refresh = 60
08-14 08:14:38.876 W/kernel  ( 6520): [71694.949698][hal_hwreg_render_pnl_set_odclk] init output clk
08-14 08:14:38.876 E/kernel  ( 6520): [71694.949700][hal_hwreg_render_pnl_set_odclk] lpllset = 29283867
08-14 08:14:38.878 I/kernel  ( 6520): [71694.951783][_vby1_set_swing_Rcon:4298] rcon_en=1 value=14
08-14 08:14:38.881 I/kernel  ( 6520): [71694.954821]hal_hwreg_render_pnl_set_swing_biascon: Current mode is Single Term val=-1599907122 sub_val1=83906576 sub_val2=19300400
08-14 08:14:38.881 I/kernel  ( 6520): [71694.954827]Dump single term biasCon = 53 from efuse
08-14 08:14:38.881 I/kernel  ( 6520): [71694.954829]_hal_hwreg_render_pnl_efuse_set_biascon_offset: biascon_offset_en=1
08-14 08:14:38.881 I/kernel  ( 6520): [71694.954947][PNL]hde_st is bigger than maximum
08-14 08:14:38.881 I/kernel  ( 6520): [71694.954969][TCON] _mtk_tcon_init_proc:5334: ModeChg=0 PreOutputEn=0 upd_type=3
08-14 08:14:38.881 E/kernel  ( 6520): [71694.954978][drm:mtk_tv_drm_backlight_set_panel_info [mediatek_drm_tv]] *ERROR* [_backlight_set_period_multi][486] Invalid period_multi[0] = 0
08-14 08:14:38.882 E/kernel  ( 6520): [71694.955050][drm:mtk_tv_drm_backlight_set_panel_info [mediatek_drm_tv]] *ERROR* [mtk_tv_drm_backlight_set_panel_info][905] _backlight_set_period_multi fail, ret = -1
08-14 08:14:38.882 E/kernel  ( 6520): [71694.955113][drm:mtk_tv_drm_ambient_light_set_frame_size [mediatek_drm_tv]] *ERROR* [mtk_tv_drm_ambient_light_set_frame_size][456] AMB not init
08-14 08:14:38.887 I/kernel  ( 6520): [71694.960691][CPUIF][READY][ext_command_send,  636]Add ready callback category_id = 3 command_id = 15
08-14 08:14:38.887 I/kernel  ( 6520): [71694.960714][CPUIF][READY][ext_command_send,  636]Add ready callback category_id = 3 command_id = 16
08-14 08:14:38.887 I/kernel  ( 6520): [71694.960912]mt5896-gpio 1c023000.gpio: skip str restore in resume
08-14 08:14:38.888 F/kernel  ( 6520): [71694.961133][mtk_ir_resume_early] Enable receive keyevent++
08-14 08:14:38.888 F/kernel  ( 6520): [71694.961252][mtk_ir_resume_early]wait complete
08-14 08:14:38.899 F/kernel  ( 6520): [71694.972691]mtk_ir_resume_early, ret = 0
08-14 08:14:38.904 F/kernel  ( 6520): [71694.977336][mtk_keypad_resume] Enable receive keyevent++
08-14 08:14:38.904 F/kernel  ( 6520): [71694.977434][mtk_keypad_resume]wait complete
08-14 08:14:38.915 F/kernel  ( 6520): [71694.988507]mtk_keypad_resume, ret = 0
08-14 08:14:38.920 I/kernel  ( 6520): [71694.993566]mtk_cfm: [cfm_resume][2139]
08-14 08:14:38.920 I/kernel  ( 6520): [71694.993572]mtk_cfm: [cfm_resume][2166]dish resume!
08-14 08:14:38.920 I/kernel  ( 6520): [71694.993574]mtk_cfm: [cfm_resume][2173]tuner resume!
08-14 08:14:38.920 I/kernel  ( 6520): [71694.993577]mtk_cfm: [cfm_resume][2187]demod resume!
08-14 08:14:38.920 I/kernel  ( 6520): [71694.993580]mtk_merak_demod: [mdbgin_merak_demod_dd][mtk_demod_resume][1971] __entry__
08-14 08:14:38.920 I/kernel  ( 6520): [71694.993584]mtk_merak_demod: ######## IF Freq = 0 KHz
08-14 08:14:38.920 I/kernel  ( 6520): [71694.993587]mtk_merak_demod: ######## Spectrum Inversion = 0
08-14 08:14:38.920 I/kernel  ( 6520): [71694.993588]mtk_merak_demod: ######## AGC Polarity = 0
08-14 08:14:38.920 W/kernel  ( 6520): [71694.993598]mtk_merak_demod: [mdbgerr_merak_demod_dd][mtk_demod_resume][2190]SYS_UNDEFINED!
08-14 08:14:38.920 W/kernel  ( 6520): [71694.993602]mtk_merak_demod: [mdbgerr_merak_demod_dd][mtk_demod_resume][2283]SYS_UNDEFINED!
08-14 08:14:38.920 I/kernel  ( 6520): [71694.993605]mtk_cfm: [cfm_resume][2166]dish resume!
08-14 08:14:38.920 I/kernel  ( 6520): [71694.993607]mtk_cfm: [cfm_resume][2173]tuner resume!
08-14 08:14:38.920 I/kernel  ( 6520): [71694.993609]mtk_cfm: [cfm_resume][2187]demod resume!
08-14 08:14:38.940 I/kernel  ( 6520): [71695.013678][eARC] [Info] [mtk_earc_set_parent_clock,165]clk_name = hdmirx_earc_debounce_int_ck
08-14 08:14:38.940 I/kernel  ( 6520): [71695.013685][eARC] [Info] [mtk_earc_set_parent_clock,165]clk_name = hdmirx_earc_cm_int_ck
08-14 08:14:38.940 I/kernel  ( 6520): [71695.013697][eARC] [Info] [mtk_earc_SetClockSource,771]hdmirx_earc_dm_prbs_int_ck
08-14 08:14:38.940 I/kernel  ( 6520): [71695.013700][eARC] [Info] [mtk_earc_SetClockSource,779]hdmirx_earc_cm_int_ck
08-14 08:14:38.940 I/kernel  ( 6520): [71695.013709][eARC] [Info] [mtk_earc_SetClockSource,787]earc_earc_audio_int_ck
08-14 08:14:38.940 I/kernel  ( 6520): [71695.013724][eARC] [Info] [Hal_EARC_TX_SetSupportMode,187]Set SUPPORT_EARC Mode
08-14 08:14:38.940 I/kernel  ( 6520): [71695.013729][eARC] [Info] [hal_hwreg_earc_OutputPortSelect,272]OutputPortSelect on port 2, 5VInvert = 1, HPDInvert = 1
08-14 08:14:38.940 I/kernel  ( 6520): [71695.013732][eARC] [Info] [mdrv_EARC_Resume_Init,978]Resume Initial Setting Done !!!
08-14 08:14:38.940 I/kernel  ( 6520): [71695.013736][eARC] [Info] [Hal_EARC_TX_SetArcPin,228]Set ArcPin = 0
08-14 08:14:38.940 I/kernel  ( 6520): [71695.013739][eARC] [Info] [earc_resume,1686]Disable ARC pin. eARC resume done.
08-14 08:14:38.942 I/kernel  ( 6520): [71695.015219][CPUIF][READY][ext_command_send,  636]Add ready callback category_id = 3 command_id = 24
08-14 08:14:38.942 I/kernel  ( 6520): [71695.015237][CPUIF][READY][ext_command_send,  636]Add ready callback category_id = 3 command_id = 6
08-14 08:14:38.952 I/kernel  ( 6520): [71695.025869][0;33m[MFC INFO] KDrv_MfcAlgo_SendCommand:171: [0m
08-14 08:14:38.952 I/kernel  ( 6520): [71695.025881]KDrv_MfcAlgo_SendCommand
08-14 08:14:38.952 I/kernel  ( 6520): [71695.025936][_mtk_video_display_set_mute_color][5500] video mute color GBR/YUV:[0, 0, 0]
08-14 08:14:38.953 I/kernel  ( 6520): [71695.026824][drm] [DRM] CVBSO CLK SWEN nums from ADC table is: 3
08-14 08:14:38.953 I/kernel  ( 6520): [71695.026834][drm] [DRM] SWEN[ 0]: Name= adctbl_swen_cvbs_dac_a_digital0_mux2adc , enable=ON
08-14 08:14:38.953 I/kernel  ( 6520): [71695.026875][drm] [DRM] SWEN[ 1]: Name= adctbl_swen_cvbs_dac_a_digital02adc     , enable=ON
08-14 08:14:38.953 I/kernel  ( 6520): [71695.026886][drm] [DRM] SWEN[ 2]: Name= adctbl_swen_cvbs_dac_a_digital12adc     , enable=ON
08-14 08:14:38.953 I/kernel  ( 6520): [71695.026914][drm] [DRM] CVBSO CLK nums from ADC table = 4
08-14 08:14:38.953 I/kernel  ( 6520): [71695.026918][drm] [DRM] CLK[ 0]: Name= adctbl_cvbs_dac_a_digital0_int_ck  , parent=adctbl_prnt_ck_cvbs_dac_a_digital_p_buf_ck
08-14 08:14:38.953 I/kernel  ( 6520): [71695.026937][drm] [DRM] CLK[ 1]: Name= adctbl_cvbs_dac_a_digital1_int_ck  , parent=adctbl_prnt_ck_cvbs_dac_a_digital_p_buf_ck
08-14 08:14:38.953 I/kernel  ( 6520): [71695.026951][drm] [DRM] CLK[ 2]: Name= adctbl_cvbs_dac_a_digital0_mux_int_ck, parent=adctbl_prnt_ck_cvbs_dac_a_digital_p_buf_ck
08-14 08:14:38.953 I/kernel  ( 6520): [71695.026965][drm] [DRM] CLK[ 3]: Name= adctbl_adc_daca2_int_ck            , parent=adctbl_prnt_adc_vif
08-14 08:14:38.953 I/kernel  ( 6520): [71695.026982][drm] [1;34m [mtk_tvdac_cvbso_resume][478] [m
08-14 08:14:38.953 I/kernel  ( 6520): [71695.026993][CPUIF][READY][ext_command_send,  636]Add ready callback category_id = 3 command_id = 22
08-14 08:14:38.953 I/kernel  ( 6520): [71695.027001][CPUIF][READY][ext_command_send,  636]Add ready callback category_id = 3 command_id = 22
08-14 08:14:38.953 I/kernel  ( 6520): [71695.027006][CPUIF][READY][ext_command_send,  636]Add ready callback category_id = 3 command_id = 8
08-14 08:14:38.953 I/kernel  ( 6520): [71695.027015][CPUIF][READY][ext_command_send,  636]Add ready callback category_id = 3 command_id = 1
08-14 08:14:38.953 W/kernel  ( 6520): [71695.027039][drm] [mtk_tv_drm_ambient_light_init][298] Ambient Light efuse not support
08-14 08:14:38.954 I/kernel  ( 6520): [71695.027056]mt5896-gmac 1c700000.gmac: enter gmac resume
08-14 08:14:38.954 I/kernel  ( 6520): [71695.027064]mt5896-gmac 1c700000.gmac: wakeup reason is rtc0
08-14 08:14:38.954 I/kernel  ( 6520): [71695.027071]mt5896-gmac 1c700000.gmac: eth_efuse=0x40cc40, tx_swing_level=0x4
08-14 08:14:38.954 I/kernel  ( 6520): [71695.027075]mt5896-gmac 1c700000.gmac: tx swing read=0x0, level=0x4, write=0x44
08-14 08:14:38.954 I/kernel  ( 6520): [71695.027096]mt5896-gmac 1c700000.gmac: load script done without hw reset
08-14 08:14:38.954 I/kernel  ( 6520): [71695.027101]mt5896-gmac 1c700000.gmac: phy addr(0)
08-14 08:14:38.955 I/kernel  ( 6520): [71695.028189]mt5896-gmac 1c700000.gmac: gmac resume with eth open
08-14 08:14:38.955 I/kernel  ( 6520): [71695.028203]mt5896-gmac 1c700000.gmac: disable woc
08-14 08:14:38.955 I/kernel  ( 6520): [71695.028207]mt5896-gmac 1c700000.gmac: force disable wol
08-14 08:14:38.955 I/kernel  ( 6520): [71695.028211]mt5896-gmac 1c700000.gmac: clear woc wol irq status
08-14 08:14:38.955 I/kernel  ( 6520): [71695.028215]mt5896-gmac 1c700000.gmac: leave gmac resume
08-14 08:14:38.955 I/kernel  ( 6520): [71695.028246]mtk_mdla 1c506000.mdla: mdla_resume()
08-14 08:14:38.957 I/kernel  ( 6520): [71695.030073]mtk_dmx: [mtk_dmx_pm_runtime][325]dmx runtime pm(0): RESUME
08-14 08:14:38.957 I/kernel  ( 6520): [71695.030334]mtk_dmx: [_pm_init_mcu_and_vq][580]bDmxTeeInited = 1
08-14 08:14:38.965 I/kernel  ( 6520): [71695.038168]mtk_dmx: [mtk_dmx2dev_suspend][3071]resume : ok
08-14 08:14:38.965 I/kernel  ( 6520): [71695.038173]mtk_dmx: [mtk_dmx_pm_runtime][325]dmx runtime pm(0): SUSPEND
08-14 08:14:38.967 I/kernel  ( 6520): [71695.040748][CPUIF][READY][ext_command_send,  636]Add ready callback category_id = 1 command_id = 5
08-14 08:14:38.967 I/kernel  ( 6520): [71695.040771][CPUIF][READY][ext_command_send,  636]Add ready callback category_id = 1 command_id = 23
08-14 08:14:38.967 I/kernel  ( 6520): [71695.040775][CPUIF][READY][ext_command_send,  636]Add ready callback category_id = 1 command_id = 6
08-14 08:14:38.967 I/kernel  ( 6520): [71695.040779][CPUIF][READY][ext_command_send,  636]Add ready callback category_id = 1 command_id = 18
08-14 08:14:38.967 I/kernel  ( 6520): [71695.040783][CPUIF][READY][ext_command_send,  636]Add ready callback category_id = 1 command_id = 19
08-14 08:14:38.967 I/kernel  ( 6520): [71695.040787][CPUIF][READY][ext_command_send,  636]Add ready callback category_id = 1 command_id = 20
08-14 08:14:38.967 I/kernel  ( 6520): [71695.040792][CPUIF][READY][ext_command_send,  636]Add ready callback category_id = 1 command_id = 22
08-14 08:14:38.967 I/kernel  ( 6520): [71695.040802][CPUIF][READY][ext_command_send,  636]Add ready callback category_id = 1 command_id = 11
08-14 08:14:38.967 I/kernel  ( 6520): [71695.040894][CPUIF][READY][ext_command_send,  636]Add ready callback category_id = 1 command_id = 15
08-14 08:14:38.967 I/kernel  ( 6520): [71695.040915]mtk_tv_vcu 1c570000.vcu: vdec resume start
08-14 08:14:38.968 E/kernel  (  471): [71695.041176][DV][dv_core_hw2_set3DLut,152] pointer is NULL
08-14 08:14:38.968 I/kernel  ( 6520): [71695.041797]mtk_tv_vcu 1c570000.vcu: vdec resume done
08-14 08:14:38.969 I/kernel  ( 6520): [71695.042367]mtk16550 1c061080.UART3: port clock/sw_en enabled (3/3).
08-14 08:14:38.969 I/kernel  ( 6520): [71695.042376]mtk16550 1c061080.UART3: port resume done, real port 3.
08-14 08:14:38.969 I/kernel  (22922): [71695.042382]mtk-pqu 1d020200.memcu: reinit pqu clk
08-14 08:14:38.969 D/kernel  (  471): [71695.042499][hal_hwreg_pq_enhance_hdr_adl_enable,  155][hal_hwreg_pq_enhance_hdr_adl_enable 155] hdrAdlEnable=1
08-14 08:14:38.969 I/kernel  (22922): [71695.043017]mtk-pqu 1d020200.memcu: boot pqu
08-14 08:14:38.969 I/kernel  (22922): [71695.043023]remoteproc remoteproc2: powering up memcu
08-14 08:14:38.970 I/kernel  (22919): [71695.043124]mtk-pqu 1d024200.pqu: boot pqu
08-14 08:14:38.970 I/kernel  (22919): [71695.043128]remoteproc remoteproc1: powering up pqu
08-14 08:14:38.979 E/kernel  ( 6520): [71695.052385][HDMIRX_KERN_INFO][_mdrv_HDMI_hw_module_resume][1564] ** HDMI mdrv resume HPD do noting
08-14 08:14:38.979 E/kernel  ( 6520): [71695.052391][HDMIRX_KERN_INFO][_mdrv_HDMI_hw_module_resume][1564] ** HDMI mdrv resume HPD do noting
08-14 08:14:38.979 E/kernel  ( 6520): [71695.052394][HDMIRX_KERN_INFO][_mdrv_HDMI_hw_module_resume][1564] ** HDMI mdrv resume HPD do noting
08-14 08:14:38.979 E/kernel  ( 6520): [71695.052397][HDMIRX_KERN_INFO][_mdrv_HDMI_hw_module_resume][1564] ** HDMI mdrv resume HPD do noting
08-14 08:14:38.979 E/kernel  ( 6520): [71695.052402][HWREG_HDMIRX_INFO][_KHal_HDMIRx_init][1725] >>HDMI Immeswitch support flag = 0
08-14 08:14:38.979 E/kernel  ( 6520): [71695.052406][HWREG_HDMIRX_INFO][_KHal_HDMIRx_IRQ_OnOff][695] [50],3,1,0
08-14 08:14:38.979 E/kernel  ( 6520): [71695.052411][HWREG_HDMIRX_INFO][_KHal_HDMIRx_IRQ_OnOff][695] [50],5,1,0
08-14 08:14:38.979 E/kernel  ( 6520): [71695.052416][HWREG_HDMIRX_INFO][_KHal_HDMIRx_IRQ_OnOff][695] [51],3,1,0
08-14 08:14:38.979 E/kernel  ( 6520): [71695.052419][HWREG_HDMIRX_INFO][_KHal_HDMIRx_IRQ_OnOff][695] [51],6,1,0
08-14 08:14:38.979 E/kernel  ( 6520): [71695.052424][HWREG_HDMIRX_INFO][_KHal_HDMIRx_IRQ_OnOff][695] [52],3,1,0
08-14 08:14:38.979 E/kernel  ( 6520): [71695.052428][HWREG_HDMIRX_INFO][_KHal_HDMIRx_IRQ_OnOff][695] [52],7,1,0
08-14 08:14:38.979 E/kernel  ( 6520): [71695.052432][HWREG_HDMIRX_INFO][_KHal_HDMIRx_IRQ_OnOff][695] [53],3,1,0
08-14 08:14:38.979 E/kernel  ( 6520): [71695.052436][HWREG_HDMIRX_INFO][_KHal_HDMIRx_IRQ_OnOff][695] [53],8,1,0
08-14 08:14:38.979 E/kernel  ( 6520): [71695.052439][HWREG_HDMIRX_INFO][_KHal_HDMIRx_IRQ_OnOff][695] [50],1,7ff,0
08-14 08:14:38.980 E/kernel  ( 6520): [71695.053087][HWREG_HDMIRX_INFO][_KHal_HDMIRx_IRQ_OnOff][695] [50],1,f,1
08-14 08:14:38.980 E/kernel  ( 6520): [71695.053091][HWREG_HDMIRX_INFO][_KHal_HDMIRx_IRQ_OnOff][695] [50],4,3,1
08-14 08:14:38.980 E/kernel  ( 6520): [71695.053095][HWREG_HDMIRX_INFO][_KHal_HDMIRx_IRQ_OnOff][695] [51],4,3,1
08-14 08:14:38.980 E/kernel  ( 6520): [71695.053098][HWREG_HDMIRX_INFO][_KHal_HDMIRx_IRQ_OnOff][695] [52],4,3,1
08-14 08:14:38.980 E/kernel  ( 6520): [71695.053102][HWREG_HDMIRX_INFO][_KHal_HDMIRx_IRQ_OnOff][695] [53],4,3,1
08-14 08:14:38.994 E/kernel  ( 6520): [71695.067703][HWREG_HDMIRX_INFO][_KHal_HDMIRx_HDMIInit][2274] >>
08-14 08:14:38.994 E/kernel  ( 6520): [71695.067721][HWREG_HDMIRX_INFO][hdmi_pkt_que_init][3070] PORT=0,MEM=0000000047f024ec,MODE=0,COLLECT=ff
08-14 08:14:38.994 E/kernel  ( 6520): [71695.067827][HWREG_HDMIRX_INFO][_hdmi_pkt_que_sw_init][412] ffffffc00a9a0000,ffffffc00a9a0004,ffffffc00a9a0008|ffffffc00a9a000c,ffffffc00a9a00d4|ffffffc00a9a0250,ffffffc00a9a0580|ffffffc00a9a0584,ffffffc00a9a05a0|ffffffc00a9a05a4
08-14 08:14:39.473 D/CompatibilityChangeReporter(  793): Compat change id reported: 143937733; UID 10114; state: ENABLED
08-14 08:14:38.994 E/kernel  ( 6520): [71695.067840][HWREG_HDMIRX_INFO][hdmi_pkt_que_single_port_dram_size][3443] hdmi_pkt_que_single_port_dram_size, 4,4,4,200,380,816,4,28,4,8160,TOL=9604
08-14 08:14:38.994 E/kernel  ( 6520): [71695.067847][HWREG_HDMIRX_INFO][hdmi_pkt_que_single_port_dram_size][3443] hdmi_pkt_que_single_port_dram_size, 4,4,4,200,380,816,4,28,4,8160,TOL=9604
08-14 08:14:38.994 E/kernel  ( 6520): [71695.067853][HWREG_HDMIRX_INFO][hdmi_pkt_que_single_port_dram_size][3443] hdmi_pkt_que_single_port_dram_size, 4,4,4,200,380,816,4,28,4,8160,TOL=9604
08-14 08:14:38.994 E/kernel  ( 6520): [71695.067859][HWREG_HDMIRX_INFO][hdmi_pkt_que_Is_sw_init][1817] OK.hdmi_pkt_que_Is_sw_init,1817, timeout, 0, 100, 9604,9604
08-14 08:14:38.994 E/kernel  ( 6520): [71695.067928][HWREG_HDMIRX_INFO][_KHal_HDMIRx_HDMIInit][2274] >>
08-14 08:14:38.994 E/kernel  ( 6520): [71695.067944][HWREG_HDMIRX_INFO][hdmi_pkt_que_init][3070] PORT=1,MEM=00000000214586df,MODE=0,COLLECT=ff
08-14 08:14:38.994 E/kernel  ( 6520): [71695.068042][HWREG_HDMIRX_INFO][_hdmi_pkt_que_sw_init][412] ffffffc00a9a4000,ffffffc00a9a4004,ffffffc00a9a4008|ffffffc00a9a400c,ffffffc00a9a40d4|ffffffc00a9a4250,ffffffc00a9a4580|ffffffc00a9a4584,ffffffc00a9a45a0|ffffffc00a9a45a4
08-14 08:14:38.995 E/kernel  ( 6520): [71695.068050][HWREG_HDMIRX_INFO][hdmi_pkt_que_single_port_dram_size][3443] hdmi_pkt_que_single_port_dram_size, 4,4,4,200,380,816,4,28,4,8160,TOL=9604
08-14 08:14:38.995 E/kernel  ( 6520): [71695.068056][HWREG_HDMIRX_INFO][hdmi_pkt_que_single_port_dram_size][3443] hdmi_pkt_que_single_port_dram_size, 4,4,4,200,380,816,4,28,4,8160,TOL=9604
08-14 08:14:38.995 E/kernel  ( 6520): [71695.068062][HWREG_HDMIRX_INFO][hdmi_pkt_que_single_port_dram_size][3443] hdmi_pkt_que_single_port_dram_size, 4,4,4,200,380,816,4,28,4,8160,TOL=9604
08-14 08:14:38.995 E/kernel  ( 6520): [71695.068067][HWREG_HDMIRX_INFO][hdmi_pkt_que_Is_sw_init][1817] OK.hdmi_pkt_que_Is_sw_init,1817, timeout, 1, 100, 9604,9604
08-14 08:14:38.995 E/kernel  ( 6520): [71695.068148][HWREG_HDMIRX_INFO][_KHal_HDMIRx_HDMIInit][2274] >>
08-14 08:14:38.995 E/kernel  ( 6520): [71695.068164][HWREG_HDMIRX_INFO][hdmi_pkt_que_init][3070] PORT=2,MEM=000000002b9c9cea,MODE=0,COLLECT=ff
08-14 08:14:38.995 E/kernel  ( 6520): [71695.068263][HWREG_HDMIRX_INFO][_hdmi_pkt_que_sw_init][412] ffffffc00a9a8000,ffffffc00a9a8004,ffffffc00a9a8008|ffffffc00a9a800c,ffffffc00a9a80d4|ffffffc00a9a8250,ffffffc00a9a8580|ffffffc00a9a8584,ffffffc00a9a85a0|ffffffc00a9a85a4
08-14 08:14:38.995 E/kernel  ( 6520): [71695.068270][HWREG_HDMIRX_INFO][hdmi_pkt_que_single_port_dram_size][3443] hdmi_pkt_que_single_port_dram_size, 4,4,4,200,380,816,4,28,4,8160,TOL=9604
08-14 08:14:38.995 E/kernel  ( 6520): [71695.068276][HWREG_HDMIRX_INFO][hdmi_pkt_que_single_port_dram_size][3443] hdmi_pkt_que_single_port_dram_size, 4,4,4,200,380,816,4,28,4,8160,TOL=9604
08-14 08:14:38.995 E/kernel  ( 6520): [71695.068281][HWREG_HDMIRX_INFO][hdmi_pkt_que_single_port_dram_size][3443] hdmi_pkt_que_single_port_dram_size, 4,4,4,200,380,816,4,28,4,8160,TOL=9604
08-14 08:14:38.995 E/kernel  ( 6520): [71695.068287][HWREG_HDMIRX_INFO][hdmi_pkt_que_Is_sw_init][1817] OK.hdmi_pkt_que_Is_sw_init,1817, timeout, 2, 100, 9604,9604
08-14 08:14:38.995 E/kernel  ( 6520): [71695.068369][HWREG_HDMIRX_INFO][_KHal_HDMIRx_HDMIInit][2274] >>
08-14 08:14:38.995 E/kernel  ( 6520): [71695.068384][HWREG_HDMIRX_INFO][hdmi_pkt_que_init][3070] PORT=3,MEM=0000000067d5ed69,MODE=0,COLLECT=ff
08-14 08:14:38.995 E/kernel  ( 6520): [71695.068482][HWREG_HDMIRX_INFO][_hdmi_pkt_que_sw_init][412] ffffffc00a9ac000,ffffffc00a9ac004,ffffffc00a9ac008|ffffffc00a9ac00c,ffffffc00a9ac0d4|ffffffc00a9ac250,ffffffc00a9ac580|ffffffc00a9ac584,ffffffc00a9ac5a0|ffffffc00a9ac5a4
08-14 08:14:38.995 E/kernel  ( 6520): [71695.068490][HWREG_HDMIRX_INFO][hdmi_pkt_que_single_port_dram_size][3443] hdmi_pkt_que_single_port_dram_size, 4,4,4,200,380,816,4,28,4,8160,TOL=9604
08-14 08:14:38.995 E/kernel  ( 6520): [71695.068495][HWREG_HDMIRX_INFO][hdmi_pkt_que_single_port_dram_size][3443] hdmi_pkt_que_single_port_dram_size, 4,4,4,200,380,816,4,28,4,8160,TOL=9604
08-14 08:14:38.995 E/kernel  ( 6520): [71695.068501][HWREG_HDMIRX_INFO][hdmi_pkt_que_single_port_dram_size][3443] hdmi_pkt_que_single_port_dram_size, 4,4,4,200,380,816,4,28,4,8160,TOL=9604
08-14 08:14:38.995 E/kernel  ( 6520): [71695.068506][HWREG_HDMIRX_INFO][hdmi_pkt_que_Is_sw_init][1817] OK.hdmi_pkt_que_Is_sw_init,1817, timeout, 3, 100, 9604,9604
08-14 08:14:38.996 I/kernel  ( 6520): [71695.069793][CPUIF][READY][ext_command_send,  636]Add ready callback category_id = 129 command_id = 10
08-14 08:14:38.996 I/kernel  ( 6520): [71695.069813][Panel Driver] Send panel drive [0, 60000, 0, 473000, 603000]
08-14 08:14:38.996 I/kernel  ( 6520): [71695.069819][CPUIF][READY][ext_command_send,  636]Add ready callback category_id = 129 command_id = 15
08-14 08:14:38.996 I/kernel  ( 6520): [71695.069826][CPUIF][READY][ext_command_send,  636]Add ready callback category_id = 129 command_id = 10
08-14 08:14:38.996 I/kernel  ( 6520): [71695.069830][CPUIF][READY][ext_command_send,  636]Add ready callback category_id = 129 command_id = 13
08-14 08:14:38.996 I/kernel  ( 6520): [71695.069840][sony_disp_ext][display_extension_on_resume,755] Resume
08-14 08:14:38.996 E/kernel  ( 6520): [71695.069843][sony_disp_ext][vbo_rx_setting_on_resume,369] skip process because no sent yet
08-14 08:14:38.996 I/kernel  ( 6520): [71695.070026]mtk16550 1c647200.UART2: port clock/sw_en enabled (2/2).
08-14 08:14:38.996 I/kernel  ( 6520): [71695.070035]mtk16550 1c647200.UART2: port resume done, real port 2.
08-14 08:14:38.996 I/kernel  ( 6520): [71695.070044]mtk16550 1c646100.UART0: set termios with remain 0.
08-14 08:14:38.996 I/kernel  ( 6520): [71695.070048]mtk16550 1c646100.UART0: request baudrate 115200 at uartclk 24000000
08-14 08:14:38.997 I/kernel  ( 6520): [71695.070053]mtk16550 1c646100.UART0: UART IER before set termios 0x0 (uport->ier 0x5)
08-14 08:14:38.997 I/kernel  ( 6520): [71695.070064]mtk16550 1c646100.UART0: UART IER after set termios 0x5 (uport->ier 0x5)
08-14 08:14:38.997 I/kernel  ( 6520): [71695.070068]mtk16550 1c646100.UART0: port resume done, real port 0.
08-14 08:14:38.997 I/kernel  ( 6520): [71695.070089]mtk16550 1c647100.UART1: port clock/sw_en enabled (1/1).
08-14 08:14:38.997 I/kernel  ( 6520): [71695.070093]mtk16550 1c647100.UART1: port resume done, real port 1.
08-14 08:14:38.997 I/kernel  ( 6520): [71695.070228]function : [mtk_ir_resume]
08-14 08:14:38.997 I/kernel  ( 6520): [71695.070320][mtk_ir_get_wakeup_key](ret, reply->ret)= (0, 51)
08-14 08:14:38.997 W/kernel  ( 6520): [71695.070333]mtk_mci 1c660000.mtk-mmc-fcie: eMMC, resume +
08-14 08:14:38.999 W/kernel  ( 6520): [71695.072786]mtk_mci 1c660000.mtk-mmc-fcie: eMMC, resume -
08-14 08:14:38.999 I/kernel  ( 6520): [71695.072981][G2D] [info] [GFXStr,1973] Kernel STR Resume Start!!!!!
08-14 08:14:39.000 I/kernel  ( 6520): [71695.073067][G2D] [info] [GFXStr,1975] Kernel STR Resume End!!!!!
08-14 08:14:39.000 W/kernel  (22920): [71695.073214]mtu3 1c7a3e00.usb: resume [Non-PM][+]
08-14 08:14:39.000 W/kernel  (22921): [71695.073244]mtu3 1c1b3e00.usb: resume [PM][+]
08-14 08:14:39.000 I/kernel  (22920): [71695.073245]phy phy-1c790060.usb-phy.0: ls-sr:2 pre-em:2
08-14 08:14:39.000 I/kernel  (22920): [71695.073256]phy phy-1c790060.usb-phy.1: ls-sr:2 pre-em:2
08-14 08:14:39.000 I/kernel  (22921): [71695.073262]phy phy-1c0212e8.usb-phy.4: mtk_misc_phy_power_on[0]:type 3, mix 0
08-14 08:14:39.000 I/kernel  (22920): [71695.073267]phy phy-1c790060.usb-phy.2: ls-sr:2 pre-em:2
08-14 08:14:39.000 I/kernel  (22920): [71695.073276]phy phy-1c790060.usb-phy.0: mtk_misc_phy_power_on[0]:type 3, mix 0
08-14 08:14:39.000 I/kernel  (22921): [71695.073723]phy phy-1c0212e8.usb-phy.5: mtk_misc_phy_power_on[1]:type 4, mix 0
08-14 08:14:39.000 W/kernel  (22921): [71695.073731]mtu3 1c1b3e00.usb: resume [PM][-]
08-14 08:14:39.000 I/kernel  (22920): [71695.073735]phy phy-1c790060.usb-phy.1: mtk_misc_phy_power_on[1]:type 3, mix 0
08-14 08:14:39.000 W/kernel  (22921): [71695.073741]xhci-mtk 1c1b0000.xhci: resume [PM][+]
08-14 08:14:39.000 W/kernel  (22921): [71695.073753]xhci-mtk 1c1b0000.xhci: reusme [PM][-]
08-14 08:14:39.000 I/kernel  (22921): [71695.073756]xhci-mtk 1c1b0000.xhci: Resume set irq affinity 3
08-14 08:14:39.000 W/kernel  (22921): [71695.073763]xhci-mtk 1c1b0000.xhci: xhci_mtk_resume_tv: enable irq 28
08-14 08:14:39.001 I/kernel  (22920): [71695.074195]phy phy-1c790060.usb-phy.2: mtk_misc_phy_power_on[2]:type 3, mix 0
08-14 08:14:39.001 I/kernel  (22942): [71695.074600][wlan][22942]mtk_cfg80211_resume:(REQ INFO) mtk_cfg80211_resume
08-14 08:14:39.001 I/kernel  (22942): [71695.074606][wlan][22942]mtk_cfg80211_resume:(SCN INFO) pending 0 sched scan results
08-14 08:14:39.001 I/kernel  (22920): [71695.074653]phy phy-1c790060.usb-phy.3: mtk_misc_phy_power_on[3]:type 4, mix 0
08-14 08:14:39.003 I/kernel  (22920): [71695.076285]mtu3 1c7a3e00.usb: max_speed: high-speed
08-14 08:14:39.003 I/kernel  (22920): [71695.076294]mtu3 1c7a3e00.usb: max_speed: high-speed
08-14 08:14:39.003 I/kernel  (22920): [71695.076300]mtu3 1c7a3e00.usb: gadget (high-speed) pullup D+
08-14 08:14:39.003 I/kernel  (22920): [71695.076310]mtu3 1c7a3e00.usb: max_speed: high-speed
08-14 08:14:39.003 I/kernel  (22920): [71695.076316]mtu3 1c7a3e00.usb: gadget (high-speed) pullup D+
08-14 08:14:39.003 W/kernel  (22920): [71695.076385]mtu3 1c7a3e00.usb: resume [Non-PM][-]
08-14 08:14:39.003 W/kernel  (22918): [71695.076402]xhci-mtk 1c7a0000.xhci: resume [Non-PM][+]
08-14 08:14:39.003 I/kernel  (22918): [71695.076414]usb usb1: root hub lost power or was reset
08-14 08:14:39.003 I/kernel  (22918): [71695.076418]usb usb2: root hub lost power or was reset
08-14 08:14:39.003 I/kernel  (22477): [71695.076483]android_work: sent uevent USB_STATE=DISCONNECTED
08-14 08:14:39.061 F/kernel  (22917): [71695.134890]mtk_mci 1c660000.mtk-mmc-fcie: eMMC: HS400 5.1 200MHz
08-14 08:14:39.069 F/kernel  (22917): [71695.142285]mtk_mci 1c660000.mtk-mmc-fcie: eMMC: HS400 5.1 200MHz
08-14 08:14:39.076 I/kernel  (22942): [71695.149732][btmtk_info] btmtk_cif_resume, enter
08-14 08:14:39.076 I/kernel  (22942): [71695.149740][btmtk_info] btmtk_set_chip_state: SUSPEND(5) -> RESUME(6)
08-14 08:14:39.076 I/kernel  (22942): [71695.149745][btmtk_info] btusb_resume begin
08-14 08:14:39.076 I/kernel  (22942): [71695.149749][btmtk_info] btusb_submit_intr_urb: maximum packet size:260
08-14 08:14:39.076 I/kernel  (22942): [71695.149760][btmtk_info] btusb_resume 7961 submit urb
08-14 08:14:39.076 I/kernel  (22942): [71695.149769][btmtk_info] btusb_submit_intr_iso_urb : polling  0x8A
08-14 08:14:39.076 I/kernel  (22942): [71695.149781][btmtk_info] btusb_submit_intr_iso_urb : polling  0x8A
08-14 08:14:39.076 I/kernel  (19699): [71695.149797][btmtk_info] btusb_work set alt to zero
08-14 08:14:39.076 I/kernel  (22942): [71695.149894][btmtk_info] btmtk_woble_resume: enter
08-14 08:14:39.076 I/kernel  (22942): [71695.149897][btmtk_info] btmtk_handle_leaving_WoBLE_state: begin
08-14 08:14:39.076 I/kernel  (22942): [71695.149899][btmtk_info] btmtk_set_Woble_Radio_On: woble_setting_radio_on.length 9
08-14 08:14:39.077 I/kernel  (22942): [71695.150074][btmtk_info] send radio on0x01 0xC9 0xFC 0x05 0x01 0x21 0x02 0x00 0x00
08-14 08:14:39.077 I/kernel  (22942): [71695.150083][btmtk_info] event_need_compare_len 4, event_compare_status 2
08-14 08:14:39.077 I/kernel  (19699): [71695.150113][btmtk_info] setting interface alt = 0, interface = 1
08-14 08:14:39.079 I/kernel  (20624): [71695.152187][btmtk_info] btmtk_usb_event_filter: event_need_compare:0xE6 0x02 0x08 0x01
08-14 08:14:39.079 I/kernel  (20624): [71695.152200][btmtk_info] btmtk_usb_event_filter: skb->data:0x0F 0x04 0x00 0x01 0xC9 0xFC
08-14 08:14:39.079 I/kernel  (22942): [71695.152485][btmtk_info] btmtk_set_Woble_Radio_On, end ret=0
08-14 08:14:39.079 I/kernel  (22942): [71695.152489][btmtk_info] btmtk_set_Woble_APCF_Resume, enter, bt_woble->woble_setting_apcf_resume[0].length= 7
08-14 08:14:39.079 I/kernel  (22942): [71695.152492][btmtk_info] btmtk_set_Woble_APCF_Resume: handle leave woble apcf from file
08-14 08:14:39.079 I/kernel  (22942): [71695.152497][btmtk_info] btmtk_set_Woble_APCF_Resume: send apcf resume 0:0x01 0x57 0xFD 0x03 0x01 0x01 0x1E
08-14 08:14:39.079 I/kernel  (22942): [71695.152503][btmtk_info] event_need_compare_len 6, event_compare_status 2
08-14 08:14:39.079 I/kernel  (20624): [71695.152890][btmtk_info] btmtk_usb_event_filter: event_need_compare:0x0E 0x07 0x01 0x57 0xFD 0x00
08-14 08:14:39.079 I/kernel  (20624): [71695.152899][btmtk_info] btmtk_usb_event_filter: skb->data:0xE7 0x14 0x00 0x00 0x00 0x00 0x00 0x00 0x00 0x00 0x00 0x00 0x00 0x00 0x00 0x00 0x00 0x00 0x10 0x00 0x00 0x00
08-14 08:14:39.080 I/kernel  (20624): [71695.153395][btmtk_info] btmtk_usb_event_filter: event_need_compare:0x0E 0x07 0x01 0x57 0xFD 0x00
08-14 08:14:39.080 I/kernel  (20624): [71695.153410][btmtk_info] btmtk_usb_event_filter: skb->data:0xE8 0x2A 0x07 0x01 0x00 0x00 0x00 0x00 0x00 0x00 0x01 0x02 0x15 0x04 0x00 0x00 0x00 0x00 0x00 0x00 0x00 0x00 0x00 0x00 0x00 0x00 0x00 0x00 0x00 0x00 0x10 0x00 0x00 0x00 0x09 0x06 0x00 0x00 0x00 0x00 0x00 0x00 0x00 0x00
08-14 08:14:39.083 I/kernel  (22942): [71695.156089][btmtk_info] btmtk_set_Woble_APCF_Resume, end
08-14 08:14:39.083 I/kernel  (22942): [71695.156099][btmtk_info] btmtk_check_wobx_debug_log: begin
08-14 08:14:39.083 I/kernel  (22942): [71695.156105][btmtk_info] event_need_compare_len 1, event_compare_status 2
08-14 08:14:39.083 I/kernel  (22946): [71695.157011][btmtk_info] btmtk_usb_event_filter: event_need_compare:0xE8
08-14 08:14:39.083 I/kernel  (22946): [71695.157016][btmtk_info] btmtk_usb_event_filter: skb->data:0x0F 0x04 0x00 0x01 0xCE 0xFC
08-14 08:14:39.084 I/kernel  (22946): [71695.157526][btmtk_info] btmtk_usb_event_filter: wobx debug log:0xE8 0x2A 0x07 0x01 0x00 0x00 0x00 0x00 0x00 0x00 0x01 0x02 0x15 0x04 0x00 0x00 0x00 0x00 0x00 0x00 0x00 0x00 0x00 0x00 0x00 0x00 0x00 0x00 0x00 0x00 0x10 0x00 0x00 0x00 0x09 0x06 0x00 0x00 0x00 0x00 0x00 0x00 0x00 0x00
08-14 08:14:39.084 I/kernel  (22942): [71695.157620][btmtk_info] btmtk_handle_leaving_WoBLE_state: success
08-14 08:14:39.084 I/kernel  (22942): [71695.157623][btmtk_info] btmtk_handle_leaving_WoBLE_state: end
08-14 08:14:39.084 W/kernel  (22942): [71695.157626][btmtk_err] ***btmtk_send_hw_err_to_host reset_stack_flag = 0!!***
08-14 08:14:39.084 I/kernel  (22942): [71695.157628][btmtk_info] btmtk_woble_resume: end(0), reset_stack_flag = 0, fstate = 3
08-14 08:14:39.084 I/kernel  (22942): [71695.157632][btmtk_info] btmtk_woble_resume: end
08-14 08:14:39.084 I/kernel  (22942): [71695.157634][btmtk_info] btusb_resume end
08-14 08:14:39.084 I/kernel  (22942): [71695.157636][btmtk_info] btmtk_le_audio_clk_enable enter
08-14 08:14:39.084 I/kernel  (22942): [71695.157641][btmtk_info] btmtk_le_audio_clk_enable: enable clk, 0x01 0x03 0xFD 0x04 0x00 0x03 0x00 0x00
08-14 08:14:39.084 I/kernel  (22942): [71695.157645][btmtk_info] event_need_compare_len 6, event_compare_status 2
08-14 08:14:39.085 I/kernel  (22942): [71695.158304][btmtk_info] btmtk_le_audio_clk_enable exit
08-14 08:14:39.085 I/kernel  (22942): [71695.158307][btmtk_info] btmtk_set_chip_state: RESUME(6) -> WORKING(4)
08-14 08:14:39.085 I/kernel  (22942): [71695.158311][btmtk_info] btmtk_cif_resume, end. ret = 0
08-14 08:14:39.085 I/kernel  (22942): [71695.158316][btmtk_info] btmtk_cif_resume, enter
08-14 08:14:39.085 I/kernel  (22942): [71695.158318][btmtk_info] btmtk_cif_resume, interface num is for isoc interface, do't do resume!
08-14 08:14:39.085 I/kernel  (22942): [71695.158321][btmtk_info] btmtk_cif_resume, end. ret = 0
08-14 08:14:39.085 I/kernel  (22942): [71695.158323][btmtk_info] btmtk_cif_resume, enter
08-14 08:14:39.085 I/kernel  (22942): [71695.158325][btmtk_info] btmtk_cif_resume, interface num is for isoc interface, do't do resume!
08-14 08:14:39.085 I/kernel  (22942): [71695.158327][btmtk_info] btmtk_cif_resume, end. ret = 0
08-14 08:14:39.085 I/kernel  (22942): [71695.158331][wlan][22942]mtk_usb_resume:(HAL STATE) mtk_usb_resume()
08-14 08:14:39.086 I/kernel  (22942): [71695.159401][wlan][22942]asicConnac2xUsbResume:(INIT INFO) Deep sleep happens in suspend
08-14 08:14:39.087 I/kernel  (22942): [71695.160083][wlan][22942]asicConnac2xWfdmaReInit:(INIT INFO) WFDMA reinit due to deep sleep
08-14 08:14:39.092 I/kernel  (22942): [71695.165336][wlan][22942]asicConnac2xFillCmdTxdInfo:(INIT INFO) TX CMD: ID[0x00] SEQ[191] SET[1] LEN[64]
08-14 08:14:39.092 I/kernel  (22942): [71695.165617][wlan][22942]asicConnac2xFillCmdTxdInfo:(INIT INFO) TX CMD: ID[0xF6] SEQ[192] SET[1] LEN[100]
08-14 08:14:39.092 I/kernel  (22942): [71695.165625][wlan][22942]kalEnqueueCommand:(INIT INFO) EN-Q CMD TYPE[1] ID[0xF6] SEQ[192] to CMD Q
08-14 08:14:39.120 I/kernel  (22942): [71695.193628][wlan][22942]asicConnac2xUsbResume:(HAL STATE) pre_resume event check(count 1)
08-14 08:14:39.120 I/kernel  (  570): [71695.193695][wlan][570]wlanoidSetGtkRekeyData:(REQ INFO) wlanoidSetGtkRekeyData
08-14 08:14:39.120 I/kernel  (  570): [71695.193703][wlan][570]asicConnac2xFillCmdTxdInfo:(INIT INFO) TX CMD: ID[0x3D] SEQ[193] SET[1] LEN[128]
08-14 08:14:39.120 I/kernel  (  570): [71695.193708][wlan][570]kalEnqueueCommand:(INIT INFO) EN-Q CMD TYPE[1] ID[0x3D] SEQ[193] to CMD Q
08-14 08:14:39.122 I/kernel  (22942): [71695.195538][wlan][22942]wlanResumePmHandle:(HAL STATE) Resume rekey offload disable
08-14 08:14:39.122 I/kernel  (22942): [71695.195553][wlan][22942]wlanResumePmHandle:(HAL EVENT) leave WOW flow
08-14 08:14:39.122 I/kernel  (22942): [71695.195562][wlan][22942]asicConnac2xFillCmdTxdInfo:(INIT INFO) TX CMD: ID[0x59] SEQ[194] SET[1] LEN[400]
08-14 08:14:39.122 I/kernel  (22942): [71695.195568][wlan][22942]kalEnqueueCommand:(INIT INFO) EN-Q CMD TYPE[1] ID[0x59] SEQ[194] to CMD Q
08-14 08:14:39.122 I/kernel  (  570): [71695.195593][wlan][570]wlanoidSetCurrentPacketFilter:(REQ INFO) wlanoidSetCurrentPacketFilter
08-14 08:14:39.122 I/kernel  (  570): [71695.195598][wlan][570]asicConnac2xFillCmdTxdInfo:(INIT INFO) TX CMD: ID[0x0A] SEQ[195] SET[1] LEN[132]
08-14 08:14:39.122 I/kernel  (  570): [71695.195602][wlan][570]kalEnqueueCommand:(INIT INFO) EN-Q CMD TYPE[1] ID[0x0A] SEQ[195] to CMD Q
08-14 08:14:39.122 I/kernel  (  570): [71695.195669][wlan][570]kalWowCmdEventSetCb:(INIT STATE) CMD_ID_SET_PF_CAPABILITY cmd done
08-14 08:14:39.122 I/kernel  (  570): [71695.195738][wlan][570]asicConnac2xFillCmdTxdInfo:(INIT INFO) TX CMD: ID[0x10] SEQ[196] SET[1] LEN[68]
08-14 08:14:39.122 I/kernel  (  570): [71695.195742][wlan][570]kalEnqueueCommand:(INIT INFO) EN-Q CMD TYPE[1] ID[0x10] SEQ[196] to CMD Q
08-14 08:14:39.122 I/kernel  (22942): [71695.195785][wlan][22942]wlanNotifyFwSuspend:(REQ INFO) mdtim [1]
08-14 08:14:39.122 I/kernel  (  570): [71695.195800][wlan][570]asicConnac2xFillCmdTxdInfo:(INIT INFO) TX CMD: ID[0x58] SEQ[197] SET[1] LEN[132]
08-14 08:14:39.122 I/kernel  (  570): [71695.195805][wlan][570]kalEnqueueCommand:(INIT INFO) EN-Q CMD TYPE[1] ID[0x58] SEQ[197] to CMD Q
08-14 08:14:39.122 I/kernel  (22942): [71695.195839][wlan][22942]asicConnac2xFillCmdTxdInfo:(INIT INFO) TX CMD: ID[0x4A] SEQ[198] SET[1] LEN[292]
08-14 08:14:39.122 I/kernel  (22942): [71695.195843][wlan][22942]kalEnqueueCommand:(INIT INFO) EN-Q CMD TYPE[1] ID[0x4A] SEQ[198] to CMD Q
08-14 08:14:39.122 I/kernel  (  570): [71695.195882][wlan][570]kalWowCmdEventSetCb:(INIT STATE) CMD_ID_SET_WOWLAN cmd done
08-14 08:14:39.123 I/kernel  (22942): [71695.196081][wlan][22942]kalWowProcess:(INIT STATE) WoW process done
08-14 08:14:39.123 I/kernel  (22942): [71695.196120][wlan][22942]mtk_usb_resume:(HAL STATE) mtk_usb_resume() done ret=0!
08-14 08:14:39.128 I/kernel  (22922): [71695.201227]remoteproc remoteproc2: Booting fw image frc_mt5897_2048.elf, size 6351648
08-14 08:14:39.128 W/kernel  (22922): [71695.201296]remoteproc2#vdev0buffer: PM: parent remoteproc2 should not be sleeping
08-14 08:14:39.128 E/kernel  (22922): [71695.201400]mtk-pqu 1d020200.memcu: pqu_elf_load_customize_tables: find coredump_table fail
08-14 08:14:39.128 I/kernel  (22922): [71695.201620]mtk-pqu 1d020200.memcu: DTB section is found, phdr(1): filesz 0xa000 offset 0xb7000
08-14 08:14:39.128 I/kernel  (22922): [71695.201631]mtk-pqu 1d020200.memcu: dtb-name = (null)
08-14 08:14:39.128 I/kernel  (22922): [71695.201914]mtk-pqu 1d020200.memcu: expanded result = 0
08-14 08:14:39.128 I/kernel  (22922): [71695.201921]mtk-pqu 1d020200.memcu: dtbo-prop count = -22
08-14 08:14:39.130 I/kernel  (22922): [71695.203404]mtk-pqu 1d020200.memcu: fw mem base = 8ee95000, emi_offset = 6ee95000
08-14 08:14:39.130 W/kernel  (22922): [71695.203421]remoteproc2#vdev0buffer: vdev 0 buffer already mapped
08-14 08:14:39.130 I/kernel  (22922): [71695.203604]remoteproc2#vdev0buffer: registered virtio1 (type 7)
08-14 08:14:39.130 I/kernel  (22922): [71695.203610]remoteproc remoteproc2: remote processor memcu is now up
08-14 08:14:39.132 W/kernel  (22918): [71695.205637]xhci-mtk 1c7a0000.xhci: resume [Non-PM][-]
08-14 08:14:39.132 I/kernel  (22918): [71695.205646]xhci-mtk 1c7a0000.xhci: Resume set irq affinity 3
08-14 08:14:39.132 W/kernel  (22918): [71695.205658]xhci-mtk 1c7a0000.xhci: xhci_mtk_resume_tv: enable irq 27
08-14 08:14:39.132 I/kernel  (22918): [71695.205664]xhci-mtk 1c7a0000.xhci: [Vbus] port1 On
08-14 08:14:39.178 I/kernel  (22919): [71695.251063]remoteproc remoteproc1: Booting fw image pqu_mt5897_2048.elf, size 13209600
08-14 08:14:39.178 W/kernel  (22919): [71695.251130]remoteproc1#vdev0buffer: PM: parent remoteproc1 should not be sleeping
08-14 08:14:39.178 I/kernel  (22919): [71695.251241]mtk-pqu 1d024200.pqu: coredump table addr : 0x856f000
08-14 08:14:39.179 I/kernel  (22919): [71695.252432]mtk-pqu 1d024200.pqu: DTB section is found, phdr(1): filesz 0x40000 offset 0x578000
08-14 08:14:39.179 I/kernel  (22919): [71695.252448]mtk-pqu 1d024200.pqu: dtb-name =
08-14 08:14:39.179 I/kernel  (22919): [71695.252563]mtk-pqu 1d024200.pqu: expanded result = 0
08-14 08:14:39.179 I/kernel  (22919): [71695.252568]mtk-pqu 1d024200.pqu: dtbo-prop count = 18
08-14 08:14:39.179 I/kernel  (22919): [71695.252572]mtk-pqu 1d024200.pqu: dtbo-prop[0] = dtbo-name
08-14 08:14:39.179 I/kernel  (22919): [71695.252576]mtk-pqu 1d024200.pqu: dtbo-name[0] = pqu_mt5897_h1v1_6g.dtbo
08-14 08:14:39.181 I/kernel  (22919): [71695.254311]mtk-pqu 1d024200.pqu: dtbo filesz = 42036
08-14 08:14:39.181 I/kernel  (22919): [71695.254320]mtk-pqu 1d024200.pqu: start to do dtbo overlay...
08-14 08:14:39.212 I/kernel  (19699): [71695.285409]android_work: did not send uevent (0 0 0000000000000000)
08-14 08:14:39.242 I/kernel  (22919): [71695.315050]mtk-pqu 1d024200.pqu: overlay result = 0
08-14 08:14:39.242 I/kernel  (22919): [71695.315079]mtk-pqu 1d024200.pqu: dtbo-prop[1] = dtbo-name-Sony-default
08-14 08:14:39.242 I/kernel  (22919): [71695.315084]mtk-pqu 1d024200.pqu: dtbo-name[0] = pqu_Sony_default.dtbo
08-14 08:14:39.242 I/kernel  (22919): [71695.315755]mtk-pqu 1d024200.pqu: dtbo filesz = 2563
08-14 08:14:39.242 I/kernel  (22919): [71695.315762]mtk-pqu 1d024200.pqu: start to do dtbo overlay...
08-14 08:14:39.246 I/kernel  (22919): [71695.319998]mtk-pqu 1d024200.pqu: overlay result = 0
08-14 08:14:39.246 I/kernel  (22919): [71695.320013]mtk-pqu 1d024200.pqu: dtbo-prop[2] = dtbo-name-Sony-color-sensor
08-14 08:14:39.246 I/kernel  (22919): [71695.320019]mtk-pqu 1d024200.pqu: dtbo-prop[3] = dtbo-name-Sony-thermal-sensor-ambient
08-14 08:14:39.246 I/kernel  (22919): [71695.320024]mtk-pqu 1d024200.pqu: dtbo-name[0] = pqu_Sony_thermal_sensor_ambient.dtbo
08-14 08:14:39.247 I/kernel  (22919): [71695.320320]mtk-pqu 1d024200.pqu: dtbo filesz = 460
08-14 08:14:39.247 I/kernel  (22919): [71695.320324]mtk-pqu 1d024200.pqu: start to do dtbo overlay...
08-14 08:14:39.248 I/kernel  (22919): [71695.321677]mtk-pqu 1d024200.pqu: overlay result = 0
08-14 08:14:39.248 I/kernel  (22919): [71695.321687]mtk-pqu 1d024200.pqu: dtbo-prop[4] = dtbo-name-Sony-thermal-sensor-ambient-dev
08-14 08:14:39.248 I/kernel  (22919): [71695.321693]mtk-pqu 1d024200.pqu: dtbo-name[0] = pqu_Sony_thermal_sensor_ambient_ti_tmp100.dtbo
08-14 08:14:39.248 I/kernel  (22919): [71695.321893]mtk-pqu 1d024200.pqu: dtbo filesz = 281
08-14 08:14:39.248 I/kernel  (22919): [71695.321897]mtk-pqu 1d024200.pqu: start to do dtbo overlay...
08-14 08:14:39.249 I/kernel  (22919): [71695.322812]mtk-pqu 1d024200.pqu: overlay result = 0
08-14 08:14:39.249 I/kernel  (22919): [71695.322822]mtk-pqu 1d024200.pqu: dtbo-prop[5] = dtbo-name-Sony-thermal-sensor-high-temp
08-14 08:14:39.249 I/kernel  (22919): [71695.322827]mtk-pqu 1d024200.pqu: dtbo-name[0] = pqu_Sony_thermal_sensor_high_temp.dtbo
08-14 08:14:39.249 I/kernel  (22919): [71695.322862]mtk-pqu 1d024200.pqu: dtbo filesz = 439
08-14 08:14:39.249 I/kernel  (22919): [71695.322866]mtk-pqu 1d024200.pqu: start to do dtbo overlay...
08-14 08:14:39.251 I/kernel  (22919): [71695.324189]mtk-pqu 1d024200.pqu: overlay result = 0
08-14 08:14:39.251 I/kernel  (22919): [71695.324197]mtk-pqu 1d024200.pqu: dtbo-prop[6] = dtbo-name-Sony-thermal-sensor-high-temp-dev
08-14 08:14:39.251 I/kernel  (22919): [71695.324203]mtk-pqu 1d024200.pqu: dtbo-name[0] = pqu_Sony_thermal_sensor_high_temp_ti_tmp100.dtbo
08-14 08:14:39.251 I/kernel  (22919): [71695.324485]mtk-pqu 1d024200.pqu: dtbo filesz = 276
08-14 08:14:39.251 I/kernel  (22919): [71695.324489]mtk-pqu 1d024200.pqu: start to do dtbo overlay...
08-14 08:14:39.252 I/kernel  (22919): [71695.325407]mtk-pqu 1d024200.pqu: overlay result = 0
08-14 08:14:39.252 I/kernel  (22919): [71695.325415]mtk-pqu 1d024200.pqu: dtbo-prop[7] = dtbo-name-Sony-oled-ip
08-14 08:14:39.252 I/kernel  (22919): [71695.325420]mtk-pqu 1d024200.pqu: dtbo-name[0] = pqu_Sony_oled_ip_partially_enable.dtbo
08-14 08:14:39.252 I/kernel  (22919): [71695.325456]mtk-pqu 1d024200.pqu: dtbo filesz = 339
08-14 08:14:39.252 I/kernel  (22919): [71695.325459]mtk-pqu 1d024200.pqu: start to do dtbo overlay...
08-14 08:14:39.253 I/kernel  (22919): [71695.326588]mtk-pqu 1d024200.pqu: overlay result = 0
08-14 08:14:39.253 I/kernel  (22919): [71695.326596]mtk-pqu 1d024200.pqu: dtbo-prop[8] = dtbo-name-Sony-pqu-PanelDet-PanelID
08-14 08:14:39.253 I/kernel  (22919): [71695.326601]mtk-pqu 1d024200.pqu: dtbo-prop[9] = dtbo-name-Sony-pqu-BEDet
08-14 08:14:39.253 I/kernel  (22919): [71695.326605]mtk-pqu 1d024200.pqu: dtbo-name[0] = pqu_Sony_be_det_none.dtbo
08-14 08:14:39.253 I/kernel  (22919): [71695.326844]mtk-pqu 1d024200.pqu: dtbo filesz = 1182
08-14 08:14:39.253 I/kernel  (22919): [71695.326848]mtk-pqu 1d024200.pqu: start to do dtbo overlay...
08-14 08:14:39.256 I/kernel  (22919): [71695.329085]mtk-pqu 1d024200.pqu: overlay result = 0
08-14 08:14:39.256 I/kernel  (22919): [71695.329093]mtk-pqu 1d024200.pqu: dtbo-prop[10] = dtbo-name-Sony-gpio-mute-disabled
08-14 08:14:39.256 I/kernel  (22919): [71695.329097]mtk-pqu 1d024200.pqu: dtbo-name[0] = pqu_Sony_gpio_mute_disabled.dtbo
08-14 08:14:39.256 I/kernel  (22919): [71695.329337]mtk-pqu 1d024200.pqu: dtbo filesz = 353
08-14 08:14:39.256 I/kernel  (22919): [71695.329341]mtk-pqu 1d024200.pqu: start to do dtbo overlay...
08-14 08:14:39.257 I/kernel  (22919): [71695.330577]mtk-pqu 1d024200.pqu: overlay result = 0
08-14 08:14:39.257 I/kernel  (22919): [71695.330586]mtk-pqu 1d024200.pqu: dtbo-prop[11] = dtbo-name-Sony-gpio-mute-enabled
08-14 08:14:39.257 I/kernel  (22919): [71695.330591]mtk-pqu 1d024200.pqu: dtbo-prop[12] = dtbo-name-Sony-gpio-mute-trial-valid
08-14 08:14:39.257 I/kernel  (22919): [71695.330596]mtk-pqu 1d024200.pqu: dtbo-name[0] = pqu_Sony_gpio_mute_trial_valid.dtbo
08-14 08:14:39.257 I/kernel  (22919): [71695.330665]mtk-pqu 1d024200.pqu: dtbo filesz = 394
08-14 08:14:39.257 I/kernel  (22919): [71695.330668]mtk-pqu 1d024200.pqu: start to do dtbo overlay...
08-14 08:14:39.258 I/kernel  (22919): [71695.331871]mtk-pqu 1d024200.pqu: overlay result = 0
08-14 08:14:39.258 I/kernel  (22919): [71695.331893]mtk-pqu 1d024200.pqu: dtbo-prop[13] = dtbo-name-Sony-gpio-mute-trial-invalid
08-14 08:14:39.258 I/kernel  (22919): [71695.331899]mtk-pqu 1d024200.pqu: dtbo-prop[14] = dtbo-name-Sony-pqu-EVDD_PWM_duty
08-14 08:14:39.258 I/kernel  (22919): [71695.331903]mtk-pqu 1d024200.pqu: dtbo-prop[15] = dtbo-name-Sony-pqu-tcon-od
08-14 08:14:39.258 I/kernel  (22919): [71695.331908]mtk-pqu 1d024200.pqu: dtbo-prop[16] = dtbo-name-Sony-pqu-bcm
08-14 08:14:39.258 I/kernel  (22919): [71695.331912]mtk-pqu 1d024200.pqu: dtbo-prop[17] = dtbo-name-Sony-pqu-pwm
08-14 08:14:39.273 I/kernel  (22919): [71695.346785]mtk-pqu 1d024200.pqu: fw mem base = 86495000, emi_offset = 66495000
08-14 08:14:39.273 W/kernel  (22919): [71695.346802]remoteproc1#vdev0buffer: vdev 0 buffer already mapped
08-14 08:14:39.273 I/kernel  (22919): [71695.346995]remoteproc1#vdev0buffer: registered virtio2 (type 7)
08-14 08:14:39.273 I/kernel  (22919): [71695.347001]remoteproc remoteproc1: remote processor pqu is now up
08-14 08:14:39.275 I/kernel  ( 6520): [71695.348739][apusys]mdw_sched_restart resume
08-14 08:14:39.275 I/kernel  ( 6520): [71695.348815][btmtk_info] mtk_bt_pmu_drv_resume!
08-14 08:14:39.275 I/kernel  ( 6520): [71695.348821][btmtk_info] MTK_BT:WakeUp (name=rtc0, id=0x08, key=0x00).
08-14 08:14:39.275 I/kernel  ( 6520): [71695.348826][btmtk_info] ##### BT PMU Driver Resume #####
08-14 08:14:39.275 I/kernel  ( 6520): [71695.348959][PQU_SYS_DD] Resume: Starting request listener
08-14 08:14:39.275 I/kernel  ( 6520): [71695.348966][CPUIF][READY][ext_command_send,  636]Add ready callback category_id = 200 command_id = 0
08-14 08:14:39.279 I/kernel  ( 6520): [71695.352410]mtktv_cpufreq_ca:[MTKTV_CPUFREQ_TEEC_Resume:368] Resume Successfully
08-14 08:14:39.280 I/kernel  ( 6520): [71695.353761]OOM killer enabled.
08-14 08:14:39.280 I/kernel  ( 6520): [71695.353769]Restarting tasks ...
08-14 08:14:39.281 I/kernel  (22934): [71695.354124]virtio_rpmsg_bus virtio1: rpmsg host is online
08-14 08:14:39.281 E/kernel  (  485): [71695.354499][HWREG_HDMIRX_INFO][_KHal_HDMIRx_SetMacPowerDown][3315] ** HDMI SetMacPower, port: 0, bPowerDown: 1
08-14 08:14:39.281 E/kernel  (  485): [71695.354528][HWREG_HDMIRX_INFO][_KHal_HDMIRx_SetMacPowerDown][3315] ** HDMI SetMacPower, port: 1, bPowerDown: 1
08-14 08:14:39.281 E/kernel  (  485): [71695.354546][HWREG_HDMIRX_INFO][_KHal_HDMIRx_SetMacPowerDown][3315] ** HDMI SetMacPower, port: 2, bPowerDown: 1
08-14 08:14:39.281 E/kernel  (  485): [71695.354564][HWREG_HDMIRX_INFO][_KHal_HDMIRx_SetMacPowerDown][3315] ** HDMI SetMacPower, port: 3, bPowerDown: 1
08-14 08:14:39.283 I/kernel  (  450): [71695.356853]virtio_rpmsg_bus virtio1: creating channel frc-ept addr 0x0
08-14 08:14:39.288 E/kernel  (  537): [71695.361169]pqu_ambient_light_sensor_get_illuminance() Fail
