08-14 08:08:37.964 W/ContextImpl(  793): Calling a method in the system process without a qualified user: android.app.ContextImpl.sendBroadcast:1220 com.android.server.power.PowerManagerService.handleSonyUserActivityTimeout:3295 com.android.server.power.PowerManagerService.-$$Nest$mhandleSonyUserActivityTimeout:0 com.android.server.power.PowerManagerService$PowerManagerHandlerCallback.handleMessage:5470 android.os.Handler.dispatchMessage:102 
08-14 08:08:37.965 E/ActivityManager(  793): Sending non-protected broadcast com.sony.dtv.intent.action.USER_ACTIVITY_IDLE from system 793:system/1000 pkg android
08-14 08:08:37.965 E/ActivityManager(  793): java.lang.Throwable
08-14 08:08:37.965 E/ActivityManager(  793): 	at com.android.server.am.ActivityManagerService.checkBroadcastFromSystem(ActivityManagerService.java:14427)
08-14 08:08:37.965 E/ActivityManager(  793): 	at com.android.server.am.ActivityManagerService.broadcastIntentLockedTraced(ActivityManagerService.java:15252)
08-14 08:08:37.965 E/ActivityManager(  793): 	at com.android.server.am.ActivityManagerService.broadcastIntentLocked(ActivityManagerService.java:14491)
08-14 08:08:37.965 E/ActivityManager(  793): 	at com.android.server.am.ActivityManagerService.broadcastIntentWithFeature(ActivityManagerService.java:15457)
08-14 08:08:37.965 E/ActivityManager(  793): 	at android.app.ContextImpl.sendBroadcast(ContextImpl.java:1224)
08-14 08:08:37.965 E/ActivityManager(  793): 	at com.android.server.power.PowerManagerService.handleSonyUserActivityTimeout(PowerManagerService.java:3295)
08-14 08:08:37.965 E/ActivityManager(  793): 	at com.android.server.power.PowerManagerService.-$$Nest$mhandleSonyUserActivityTimeout(PowerManagerService.java:0)
08-14 08:08:37.965 E/ActivityManager(  793): 	at com.android.server.power.PowerManagerService$PowerManagerHandlerCallback.handleMessage(PowerManagerService.java:5470)
08-14 08:08:37.965 E/ActivityManager(  793): 	at android.os.Handler.dispatchMessage(Handler.java:102)
08-14 08:08:37.965 E/ActivityManager(  793): 	at android.os.Looper.loopOnce(Looper.java:205)
08-14 08:08:37.965 E/ActivityManager(  793): 	at android.os.Looper.loop(Looper.java:294)
08-14 08:08:37.965 E/ActivityManager(  793): 	at android.os.HandlerThread.run(HandlerThread.java:67)
08-14 08:08:37.965 E/ActivityManager(  793): 	at com.android.server.ServiceThread.run(ServiceThread.java:46)
08-14 08:08:37.966 W/ContextImpl(  793): Calling a method in the system process without a qualified user: android.app.ContextImpl.sendBroadcast:1220 com.android.server.power.PowerManagerService.handleSonyUserActivityTimeout:3295 com.android.server.power.PowerManagerService.-$$Nest$mhandleSonyUserActivityTimeout:0 com.android.server.power.PowerManagerService$PowerManagerHandlerCallback.handleMessage:5470 android.os.Handler.dispatchMessage:102 
08-14 08:08:37.969 I/PanelRef_CommonUtil( 1785): isOledModel value=false
08-14 08:08:37.969 I/PanelRef_PanelSettingsReceiver( 1785): unsupported model.
08-14 08:08:38.632 I/kernel  (    0): [71646.613690][    C3] [wlan][0]nicGetPhyRateByMcsRate:(RX WARN) Invalid McsRate: ucIdx=0, ucBw=0, ucGI=2
08-14 08:08:38.633 I/kernel  (    0): [71646.614354][    C3] [wlan][0]nicGetPhyRateByMcsRate:(RX WARN) Invalid McsRate: ucIdx=0, ucBw=0, ucGI=2
08-14 08:08:38.633 I/kernel  (    0): [71646.614564][    C3] [wlan][6419]nicGetPhyRateByMcsRate:(RX WARN) Invalid McsRate: ucIdx=0, ucBw=0, ucGI=2
08-14 08:08:38.633 I/kernel  (    0): [71646.614656][    C3] [wlan][6419]aisGetWMMInfo:(AIS LOUD) Use default, invalid index = 255
08-14 08:08:38.633 I/kernel  (    0): [71646.614674][    C3] [wlan][6419]wlanGetSpeIdx:(INIT INFO) SpeIdx:24,D:0,G=0,B=3,Bss=0
08-14 08:08:38.952 D/AlarmManager(  793): Wakeup alarmType=ELAPSED_WAKEUP package=android wakeups=115 alarms=115 whenElapsed=-1m0s0ms when=-1m0s0ms nowRTC=2025-08-14 08:08:38 workSource=null uid=1000 tag="*walarm*:DeviceIdleController.light"
08-14 08:08:38.953 D/AlarmManager(  793): Wakeup alarmType=ELAPSED_WAKEUP package=android wakeups=113 alarms=113 whenElapsed=-157ms when=-157ms nowRTC=2025-08-14 08:08:38 workSource=null uid=1000 tag="*walarm*:JS idleness"
08-14 08:08:38.991 D/InetDiagMessage(  793): Destroyed 0 sockets, proto=IPPROTO_TCP, family=AF_INET, states=14
08-14 08:08:38.992 D/InetDiagMessage(  793): Destroyed 0 sockets, proto=IPPROTO_TCP, family=AF_INET6, states=14
08-14 08:08:38.993 D/InetDiagMessage(  793): Destroyed live tcp sockets for uids={[10000, 2147483647]} exemptUids={1000, 1002, 1068, 1073, 2000, 10052, 10054, 10074, 10081, 10082, 10102, 10104, 10114, 10120, 10141, 10143, 10152, 10153, 10164, 10169, 10181, 10182, 10186, 10191, 10194, 10195, 10199, 10203, 10208, 10209, 10217, 10219, 10223, 10224, 10233, 10235, 20052, 20054, 20074, 20081, 20082, 20102, 20104, 20114, 20120, 20141, 20143, 20152, 20153, 20164, 20169, 20181, 20182, 20186, 20191, 20194, 20195, 20199, 20203, 20208, 20209, 20217, 20219, 20223, 20224, 20233, 20235, 1002000, 1010052, 1010054, 1010081, 1010114, 1010120, 1010141, 1010181, 1010182, 1010194, 1010199, 1010208, 1020052, 1020054, 1020081, 1020114, 1020120, 1020141, 1020181, 1020182, 1020194, 1020199, 1020208} in 3ms
08-14 08:08:39.007 W/IPCThreadState(  793): Sending oneway calls to frozen process.
08-14 08:08:39.007 W/IPCThreadState(  793): Sending oneway calls to frozen process.
08-14 08:08:39.008 W/IPCThreadState(  793): Sending oneway calls to frozen process.
08-14 08:08:39.008 W/IPCThreadState(  793): Sending oneway calls to frozen process.
08-14 08:08:39.008 W/IPCThreadState(  793): Sending oneway calls to frozen process.
08-14 08:08:39.008 W/IPCThreadState(  793): Sending oneway calls to frozen process.
08-14 08:08:39.009 W/IPCThreadState(  793): Sending oneway calls to frozen process.
08-14 08:08:39.010 W/IPCThreadState(  793): Sending oneway calls to frozen process.
08-14 08:08:39.010 W/IPCThreadState(  793): Sending oneway calls to frozen process.
08-14 08:08:39.636 I/kernel  (  570): [71647.617671][wlan][570]asicConnac2xFillCmdTxdInfo:(INIT INFO) TX CMD: ID[0x7E] SEQ[139] SET[1] LEN[376]
08-14 08:08:39.636 I/kernel  (  570): [71647.617689][wlan][570]kalEnqueueCommand:(INIT INFO) EN-Q CMD TYPE[1] ID[0x7E] SEQ[139] to CMD Q
08-14 08:08:39.636 I/kernel  (  570): [71647.617703][wlan][570]asicConnac2xFillCmdTxdInfo:(INIT INFO) TX CMD: ID[0x85] SEQ[140] SET[0] LEN[92]
08-14 08:08:39.636 I/kernel  (  570): [71647.617706][wlan][570]kalEnqueueCommand:(INIT INFO) EN-Q CMD TYPE[1] ID[0x85] SEQ[140] to CMD Q
08-14 08:08:39.636 I/kernel  (  570): [71647.617710][wlan][570]asicConnac2xFillCmdTxdInfo:(INIT INFO) TX CMD: ID[0x82] SEQ[141] SET[0] LEN[76]
08-14 08:08:39.636 I/kernel  (  570): [71647.617713][wlan][570]kalEnqueueCommand:(INIT INFO) EN-Q CMD TYPE[1] ID[0x82] SEQ[141] to CMD Q
08-14 08:08:39.952 I/WifiService(  793): getConnectionInfo uid=10176
08-14 08:08:39.953 V/WifiPermissionsUtil(  793): checkCallersLocationPermission(com.uei.quicksetsdk): uid 10176 doesn't have permission android.permission.ACCESS_FINE_LOCATION
08-14 08:08:39.953 V/WifiPermissionsUtil(  793): enforceCanAccessScanResults(pkg=com.uei.quicksetsdk, uid=10176): canCallingUidAccessLocation=false, canAppPackageUseLocation=false
08-14 08:08:39.953 V/WifiService(  793): Keeping REDACT_FOR_ACCESS_FINE_LOCATION:java.lang.SecurityException: UID 10176 has no location permission
08-14 08:08:39.953 I/WifiService(  793): getWifiEnabledState uid=10176 state=3
08-14 08:08:40.640 I/kernel  (  570): [71648.621705][wlan][570]asicConnac2xFillCmdTxdInfo:(INIT INFO) TX CMD: ID[0x85] SEQ[142] SET[0] LEN[92]
08-14 08:08:40.640 I/kernel  (  570): [71648.621723][wlan][570]kalEnqueueCommand:(INIT INFO) EN-Q CMD TYPE[1] ID[0x85] SEQ[142] to CMD Q
08-14 08:08:40.640 I/kernel  (  570): [71648.621729][wlan][570]asicConnac2xFillCmdTxdInfo:(INIT INFO) TX CMD: ID[0x82] SEQ[143] SET[0] LEN[76]
08-14 08:08:40.640 I/kernel  (  570): [71648.621733][wlan][570]kalEnqueueCommand:(INIT INFO) EN-Q CMD TYPE[1] ID[0x82] SEQ[143] to CMD Q
08-14 08:08:41.704 I/kernel  (    0): [71649.685321][    C3] [wlan][0]nicGetPhyRateByMcsRate:(RX WARN) Invalid McsRate: ucIdx=0, ucBw=0, ucGI=2
08-14 08:08:41.704 I/kernel  (    0): [71649.686003][    C3] [wlan][0]nicGetPhyRateByMcsRate:(RX WARN) Invalid McsRate: ucIdx=0, ucBw=0, ucGI=2
08-14 08:08:41.705 I/kernel  (    0): [71649.686702][    C3] [wlan][0]nicGetPhyRateByMcsRate:(RX WARN) Invalid McsRate: ucIdx=0, ucBw=0, ucGI=2
08-14 08:08:44.776 I/kernel  (    0): [71652.757725][    C3] [wlan][41]nicGetPhyRateByMcsRate:(RX WARN) Invalid McsRate: ucIdx=0, ucBw=0, ucGI=2
08-14 08:08:44.776 I/kernel  (    0): [71652.758296][    C3] [wlan][0]nicGetPhyRateByMcsRate:(RX WARN) Invalid McsRate: ucIdx=0, ucBw=0, ucGI=2
08-14 08:08:44.777 I/kernel  (    0): [71652.758931][    C3] [wlan][0]nicGetPhyRateByMcsRate:(RX WARN) Invalid McsRate: ucIdx=0, ucBw=0, ucGI=2
08-14 08:08:44.952 I/WifiService(  793): getConnectionInfo uid=10176
08-14 08:08:44.952 V/WifiPermissionsUtil(  793): checkCallersLocationPermission(com.uei.quicksetsdk): uid 10176 doesn't have permission android.permission.ACCESS_FINE_LOCATION
08-14 08:08:44.952 V/WifiPermissionsUtil(  793): enforceCanAccessScanResults(pkg=com.uei.quicksetsdk, uid=10176): canCallingUidAccessLocation=false, canAppPackageUseLocation=false
08-14 08:08:44.952 V/WifiService(  793): Keeping REDACT_FOR_ACCESS_FINE_LOCATION:java.lang.SecurityException: UID 10176 has no location permission
08-14 08:08:44.953 I/WifiService(  793): getWifiEnabledState uid=10176 state=3
08-14 08:08:45.712 D/AES     (  793): AEEIOCTL_RT_MON_Kick IOCTL, cmd= 2147774474, lParam=300. 
08-14 08:08:44.778 I/kernel  (    0): [71652.759582][    C3] [wlan][0]nicGetPhyRateByMcsRate:(RX WARN) Invalid McsRate: ucIdx=0, ucBw=0, ucGI=2
08-14 08:08:45.714 I/kernel  (  957): [71653.695458]hang_detect HANG_KICK ( 300)
08-14 08:08:45.714 I/kernel  (  957): [71653.695472][Hang_Detect] hang_detect enabled 10
08-14 08:08:46.598 I/kernel  (  105): [71654.579423][wdk-c] cpu=2 o_k=2 lbit=0x4 cbit=0xf,b,3,1,8467838492208,f,8467255,0,8468244,0,[71654579418218,11000000] 30
08-14 08:08:46.598 I/kernel  (  106): [71654.579428][wdk-c] cpu=3 o_k=3 lbit=0xc cbit=0xf,3,3,1,8467838492208,f,8467255,0,8468244,0,[71654579424385,10999987] 30
08-14 08:08:46.598 I/kernel  (  106): [71654.579432]wdt_dump_cntcv CPU:3 CNTCV_CTL:0 CNTCV_TVAL:e5d6a0d CNTVCT:b08ab8b673 SYST_CNTCR:0 SYST_DISTL:0 SYST_CNTCV:0
08-14 08:08:46.598 I/kernel  (  104): [71654.579433][wdk-c] cpu=1 o_k=1 lbit=0xe cbit=0xf,1,3,1,8467838492208,f,8467255,0,8468244,0,[71654579429218,10999982] 30
08-14 08:08:46.598 I/kernel  (  105): [71654.579434]wdt_dump_cntcv CPU:2 CNTCV_CTL:0 CNTCV_TVAL:2886b52a CNTVCT:b08ab8b636 SYST_CNTCR:0 SYST_DISTL:0 SYST_CNTCV:0
08-14 08:08:46.598 I/kernel  (  104): [71654.579436]wdt_dump_cntcv CPU:1 CNTCV_CTL:0 CNTCV_TVAL:562467ca CNTVCT:b08ab8b636 SYST_CNTCR:0 SYST_DISTL:0 SYST_CNTCV:0
08-14 08:08:46.598 I/kernel  (  102): [71654.579593][thread:102] 2025-08-13 23:08:46.596658 UTC;android time 2025-08-13 23:08:46.596658
08-14 08:08:46.598 I/kernel  (  102): [71654.579747][wdk-k] cpu=0 o_k=0 lbit=0xf cbit=0xf,0,3,1,8467838492208,f,8467255,0,8468244,0,[71654579589385,10999821] 30
08-14 08:08:46.598 I/kernel  (  102): [71654.579749]wdt_dump_cntcv CPU:0 CNTCV_CTL:0 CNTCV_TVAL:db3759a5 CNTVCT:b08ab8b636 SYST_CNTCR:0 SYST_DISTL:0 SYST_CNTCV:0
08-14 08:08:48.770 I/kernel  (    0): [71656.751513][    C3] [wlan][0]nicGetPhyRateByMcsRate:(RX WARN) Invalid McsRate: ucIdx=0, ucBw=0, ucGI=2
08-14 08:08:49.952 I/WifiService(  793): getConnectionInfo uid=10176
08-14 08:08:49.953 V/WifiPermissionsUtil(  793): checkCallersLocationPermission(com.uei.quicksetsdk): uid 10176 doesn't have permission android.permission.ACCESS_FINE_LOCATION
08-14 08:08:49.953 V/WifiPermissionsUtil(  793): enforceCanAccessScanResults(pkg=com.uei.quicksetsdk, uid=10176): canCallingUidAccessLocation=false, canAppPackageUseLocation=false
08-14 08:08:49.953 V/WifiService(  793): Keeping REDACT_FOR_ACCESS_FINE_LOCATION:java.lang.SecurityException: UID 10176 has no location permission
08-14 08:08:49.953 I/WifiService(  793): getWifiEnabledState uid=10176 state=3
08-14 08:08:48.770 I/kernel  (    0): [71656.752225][    C3] [wlan][0]nicGetPhyRateByMcsRate:(RX WARN) Invalid McsRate: ucIdx=0, ucBw=0, ucGI=2
08-14 08:08:50.534 D/MtkNetworkMonitorService(  793): Received type 17 packet, Dest port is :5353 Src port is :5353 networktype is :1
08-14 08:08:50.534 D/MtkNetworkMonitorService(  793): Acquire Wake Lock 6000ms
08-14 08:08:49.998 I/kernel  (    0): [71657.979854][    C3] [wlan][0]nicGetPhyRateByMcsRate:(RX WARN) Invalid McsRate: ucIdx=0, ucBw=0, ucGI=2
08-14 08:08:50.535 I/kernel  ( 4216): [71658.517039][wlan][4216]aisGetWMMInfo:(AIS LOUD) Use default, invalid index = 255
08-14 08:08:50.535 I/kernel  ( 4216): [71658.517294][wlan][4216]aisGetWMMInfo:(AIS LOUD) Use default, invalid index = 255
08-14 08:08:51.536 I/kernel  (  570): [71659.517667][wlan][570]asicConnac2xFillCmdTxdInfo:(INIT INFO) TX CMD: ID[0x7E] SEQ[144] SET[1] LEN[376]
08-14 08:08:51.536 I/kernel  (  570): [71659.517685][wlan][570]kalEnqueueCommand:(INIT INFO) EN-Q CMD TYPE[1] ID[0x7E] SEQ[144] to CMD Q
08-14 08:08:51.536 I/kernel  (  570): [71659.517699][wlan][570]asicConnac2xFillCmdTxdInfo:(INIT INFO) TX CMD: ID[0x85] SEQ[145] SET[0] LEN[92]
08-14 08:08:51.536 I/kernel  (  570): [71659.517703][wlan][570]kalEnqueueCommand:(INIT INFO) EN-Q CMD TYPE[1] ID[0x85] SEQ[145] to CMD Q
08-14 08:08:51.536 I/kernel  (  570): [71659.517706][wlan][570]asicConnac2xFillCmdTxdInfo:(INIT INFO) TX CMD: ID[0x82] SEQ[146] SET[0] LEN[76]
08-14 08:08:51.536 I/kernel  (  570): [71659.517710][wlan][570]kalEnqueueCommand:(INIT INFO) EN-Q CMD TYPE[1] ID[0x82] SEQ[146] to CMD Q
08-14 08:08:52.540 I/kernel  (  570): [71660.521687][wlan][570]asicConnac2xFillCmdTxdInfo:(INIT INFO) TX CMD: ID[0x85] SEQ[147] SET[0] LEN[92]
08-14 08:08:52.540 I/kernel  (  570): [71660.521706][wlan][570]kalEnqueueCommand:(INIT INFO) EN-Q CMD TYPE[1] ID[0x85] SEQ[147] to CMD Q
08-14 08:08:52.540 I/kernel  (  570): [71660.521712][wlan][570]asicConnac2xFillCmdTxdInfo:(INIT INFO) TX CMD: ID[0x82] SEQ[148] SET[0] LEN[76]
08-14 08:08:52.540 I/kernel  (  570): [71660.521716][wlan][570]kalEnqueueCommand:(INIT INFO) EN-Q CMD TYPE[1] ID[0x82] SEQ[148] to CMD Q
08-14 08:08:52.763 I/kernel  (    0): [71660.745164][    C3] [wlan][0]nicGetPhyRateByMcsRate:(RX WARN) Invalid McsRate: ucIdx=0, ucBw=0, ucGI=2
08-14 08:08:54.951 I/WifiService(  793): getConnectionInfo uid=10176
08-14 08:08:54.952 V/WifiPermissionsUtil(  793): checkCallersLocationPermission(com.uei.quicksetsdk): uid 10176 doesn't have permission android.permission.ACCESS_FINE_LOCATION
08-14 08:08:54.952 V/WifiPermissionsUtil(  793): enforceCanAccessScanResults(pkg=com.uei.quicksetsdk, uid=10176): canCallingUidAccessLocation=false, canAppPackageUseLocation=false
08-14 08:08:54.952 V/WifiService(  793): Keeping REDACT_FOR_ACCESS_FINE_LOCATION:java.lang.SecurityException: UID 10176 has no location permission
08-14 08:08:54.954 I/WifiService(  793): getWifiEnabledState uid=10176 state=3
08-14 08:08:52.764 I/kernel  (    0): [71660.745848][    C3] [wlan][0]nicGetPhyRateByMcsRate:(RX WARN) Invalid McsRate: ucIdx=0, ucBw=0, ucGI=2
08-14 08:08:56.757 I/kernel  (    0): [71664.738865][    C3] [wlan][0]nicGetPhyRateByMcsRate:(RX WARN) Invalid McsRate: ucIdx=0, ucBw=0, ucGI=2
08-14 08:08:56.758 I/kernel  (    0): [71664.739544][    C3] [wlan][0]nicGetPhyRateByMcsRate:(RX WARN) Invalid McsRate: ucIdx=0, ucBw=0, ucGI=2
08-14 08:08:56.863 I/kernel  (  570): [71664.844530][wlan][570]scanAddToBssDesc:(SCN INFO) Receive type 8 in chnl 0 0 53 (02:64:cf:73:7e:01) valid(1) found(1), band=3 [DEVLINK_DECO_be75-6g]
08-14 08:08:56.863 I/kernel  (  570): [71664.844572][wlan][570]heRlmRecHeMcsMap:(RLM WARN) Change HeRxMcsMapBW80 from 0xffaa to 0xfffa
08-14 08:08:56.865 I/kernel  (    0): [71664.846614][    C3] [wlan][0]nicGetPhyRateByMcsRate:(RX WARN) Invalid McsRate: ucIdx=0, ucBw=0, ucGI=2
08-14 08:08:56.865 I/kernel  (    0): [71664.846981][    C3] [wlan][22876]aisGetWMMInfo:(AIS LOUD) Use default, invalid index = 255
08-14 08:08:56.865 I/kernel  (    0): [71664.847002][    C3] [wlan][22876]asicConnac2xFillCmdTxdInfo:(INIT INFO) TX CMD: ID[0xCB] SEQ[149] SET[1] LEN[100]
08-14 08:08:56.865 I/kernel  (    0): [71664.847008][    C3] [wlan][22876]kalEnqueueCommand:(INIT INFO) EN-Q CMD TYPE[1] ID[0xCB] SEQ[149] to CMD Q
08-14 08:08:56.870 I/AlarmManager( 1749): setExactAndAllowWhileIdle [name: GCM_HB_ALARM type: 2 triggerAtMillis: 81652529]
08-14 08:08:56.886 I/kernel  (22915): [71664.868186][wlan][22915]aisGetWMMInfo:(AIS LOUD) Use default, invalid index = 255
08-14 08:08:56.887 I/AlarmManager( 1749): setExactAndAllowWhileIdle [name: GCM_HB_ALARM type: 2 triggerAtMillis: 81652546]
08-14 08:08:57.598 I/kernel  (  106): [71665.579452][wdk-c] cpu=3 o_k=3 lbit=0x8 cbit=0xf,7,3,1,8467838492208,f,8467255,0,8468244,0,[71665579445906,11000000] 30
08-14 08:08:57.598 I/kernel  (  104): [71665.579457][wdk-c] cpu=1 o_k=1 lbit=0xa cbit=0xf,5,3,1,8467838492208,f,8467255,0,8468244,0,[71665579452989,10999982] 30
08-14 08:08:57.598 I/kernel  (  104): [71665.579461]wdt_dump_cntcv CPU:1 CNTCV_CTL:0 CNTCV_TVAL:4e463d99 CNTVCT:b09296e067 SYST_CNTCR:0 SYST_DISTL:0 SYST_CNTCV:0
08-14 08:08:57.598 I/kernel  (  105): [71665.579462][wdk-c] cpu=2 o_k=2 lbit=0xe cbit=0xf,1,3,1,8467838492208,f,8467255,0,8468244,0,[71665579458156,10999977] 30
08-14 08:08:57.598 I/kernel  (  106): [71665.579464]wdt_dump_cntcv CPU:3 CNTCV_CTL:0 CNTCV_TVAL:67f4019 CNTVCT:b09296e067 SYST_CNTCR:0 SYST_DISTL:0 SYST_CNTCV:0
08-14 08:08:57.598 I/kernel  (  105): [71665.579466]wdt_dump_cntcv CPU:2 CNTCV_CTL:0 CNTCV_TVAL:20a88aa6 CNTVCT:b09296e0ba SYST_CNTCR:0 SYST_DISTL:0 SYST_CNTCV:0
08-14 08:08:57.598 I/kernel  (  102): [71665.579593][thread:102] 2025-08-13 23:08:57.596658 UTC;android time 2025-08-13 23:08:57.596658
08-14 08:08:57.598 I/kernel  (  102): [71665.579773][wdk-k] cpu=0 o_k=0 lbit=0xf cbit=0xf,0,3,1,8467838492208,f,8467255,0,8468244,0,[71665579588073,10999847] 30
08-14 08:08:57.598 I/kernel  (  102): [71665.579775]wdt_dump_cntcv CPU:0 CNTCV_CTL:0 CNTCV_TVAL:d3592f74 CNTVCT:b09296e067 SYST_CNTCR:0 SYST_DISTL:0 SYST_CNTCV:0
08-14 08:08:57.868 I/kernel  (  570): [71665.849679][wlan][570]asicConnac2xFillCmdTxdInfo:(INIT INFO) TX CMD: ID[0x7E] SEQ[150] SET[1] LEN[376]
08-14 08:08:57.868 I/kernel  (  570): [71665.849696][wlan][570]kalEnqueueCommand:(INIT INFO) EN-Q CMD TYPE[1] ID[0x7E] SEQ[150] to CMD Q
08-14 08:08:57.868 I/kernel  (  570): [71665.849710][wlan][570]asicConnac2xFillCmdTxdInfo:(INIT INFO) TX CMD: ID[0x85] SEQ[151] SET[0] LEN[92]
08-14 08:08:57.868 I/kernel  (  570): [71665.849713][wlan][570]kalEnqueueCommand:(INIT INFO) EN-Q CMD TYPE[1] ID[0x85] SEQ[151] to CMD Q
08-14 08:08:57.868 I/kernel  (  570): [71665.849717][wlan][570]asicConnac2xFillCmdTxdInfo:(INIT INFO) TX CMD: ID[0x82] SEQ[152] SET[0] LEN[76]
08-14 08:08:57.868 I/kernel  (  570): [71665.849720][wlan][570]kalEnqueueCommand:(INIT INFO) EN-Q CMD TYPE[1] ID[0x82] SEQ[152] to CMD Q
08-14 08:08:57.883 D/BoundBrokerSvc( 1749): onRebind: Intent { act=com.google.android.gms.libs.gmscorelogger.service.START dat=chimera-action:/... cmp=com.google.android.gms/.chimera.PersistentDirectBootAwareApiService }
08-14 08:08:58.876 I/kernel  (  570): [71666.857690][wlan][570]asicConnac2xFillCmdTxdInfo:(INIT INFO) TX CMD: ID[0x85] SEQ[153] SET[0] LEN[92]
08-14 08:08:58.876 I/kernel  (  570): [71666.857708][wlan][570]kalEnqueueCommand:(INIT INFO) EN-Q CMD TYPE[1] ID[0x85] SEQ[153] to CMD Q
08-14 08:08:58.876 I/kernel  (  570): [71666.857714][wlan][570]asicConnac2xFillCmdTxdInfo:(INIT INFO) TX CMD: ID[0x82] SEQ[154] SET[0] LEN[76]
08-14 08:08:58.876 I/kernel  (  570): [71666.857718][wlan][570]kalEnqueueCommand:(INIT INFO) EN-Q CMD TYPE[1] ID[0x82] SEQ[154] to CMD Q
08-14 08:08:59.952 I/WifiService(  793): getConnectionInfo uid=10176
08-14 08:08:59.953 V/WifiPermissionsUtil(  793): checkCallersLocationPermission(com.uei.quicksetsdk): uid 10176 doesn't have permission android.permission.ACCESS_FINE_LOCATION
08-14 08:08:59.953 V/WifiPermissionsUtil(  793): enforceCanAccessScanResults(pkg=com.uei.quicksetsdk, uid=10176): canCallingUidAccessLocation=false, canAppPackageUseLocation=false
08-14 08:08:59.953 V/WifiService(  793): Keeping REDACT_FOR_ACCESS_FINE_LOCATION:java.lang.SecurityException: UID 10176 has no location permission
08-14 08:08:59.953 I/WifiService(  793): getWifiEnabledState uid=10176 state=3
08-14 08:09:00.724 I/kernel  (   95): [71668.705661][Hang_Detect] hang_detect thread counts down 10:10, status 1.
08-14 08:09:00.751 I/kernel  (    0): [71668.732577][    C3] [wlan][0]nicGetPhyRateByMcsRate:(RX WARN) Invalid McsRate: ucIdx=0, ucBw=0, ucGI=2
08-14 08:09:00.751 I/kernel  (    0): [71668.733272][    C3] [wlan][0]nicGetPhyRateByMcsRate:(RX WARN) Invalid McsRate: ucIdx=0, ucBw=0, ucGI=2
08-14 08:09:02.004 I/kernel  (    0): [71669.985707][    C3] [wlan][0]aisGetWMMInfo:(AIS LOUD) Use default, invalid index = 255
08-14 08:09:02.004 I/kernel  (    0): [71669.985737][    C3] [wlan][0]wlanGetSpeIdx:(INIT INFO) SpeIdx:24,D:0,G=0,B=3,Bss=0
08-14 08:09:03.008 I/kernel  (  570): [71670.989682][wlan][570]asicConnac2xFillCmdTxdInfo:(INIT INFO) TX CMD: ID[0x7E] SEQ[155] SET[1] LEN[376]
08-14 08:09:03.008 I/kernel  (  570): [71670.989700][wlan][570]kalEnqueueCommand:(INIT INFO) EN-Q CMD TYPE[1] ID[0x7E] SEQ[155] to CMD Q
08-14 08:09:03.008 I/kernel  (  570): [71670.989715][wlan][570]asicConnac2xFillCmdTxdInfo:(INIT INFO) TX CMD: ID[0x85] SEQ[156] SET[0] LEN[92]
08-14 08:09:03.008 I/kernel  (  570): [71670.989719][wlan][570]kalEnqueueCommand:(INIT INFO) EN-Q CMD TYPE[1] ID[0x85] SEQ[156] to CMD Q
08-14 08:09:03.008 I/kernel  (  570): [71670.989724][wlan][570]asicConnac2xFillCmdTxdInfo:(INIT INFO) TX CMD: ID[0x82] SEQ[157] SET[0] LEN[76]
08-14 08:09:03.008 I/kernel  (  570): [71670.989728][wlan][570]kalEnqueueCommand:(INIT INFO) EN-Q CMD TYPE[1] ID[0x82] SEQ[157] to CMD Q
08-14 08:09:04.012 I/kernel  (  570): [71671.993708][wlan][570]asicConnac2xFillCmdTxdInfo:(INIT INFO) TX CMD: ID[0x85] SEQ[158] SET[0] LEN[92]
08-14 08:09:04.012 I/kernel  (  570): [71671.993724][wlan][570]kalEnqueueCommand:(INIT INFO) EN-Q CMD TYPE[1] ID[0x85] SEQ[158] to CMD Q
08-14 08:09:04.012 I/kernel  (  570): [71671.993730][wlan][570]asicConnac2xFillCmdTxdInfo:(INIT INFO) TX CMD: ID[0x82] SEQ[159] SET[0] LEN[76]
08-14 08:09:04.012 I/kernel  (  570): [71671.993733][wlan][570]kalEnqueueCommand:(INIT INFO) EN-Q CMD TYPE[1] ID[0x82] SEQ[159] to CMD Q
08-14 08:09:04.130 I/kernel  (    0): [71672.111397][    C3] [wlan][0]nicGetPhyRateByMcsRate:(RX WARN) Invalid McsRate: ucIdx=0, ucBw=0, ucGI=2
08-14 08:09:04.744 I/kernel  (    0): [71672.726214][    C3] [wlan][0]nicGetPhyRateByMcsRate:(RX WARN) Invalid McsRate: ucIdx=0, ucBw=0, ucGI=2
08-14 08:09:04.952 I/WifiService(  793): getConnectionInfo uid=10176
08-14 08:09:04.953 V/WifiPermissionsUtil(  793): checkCallersLocationPermission(com.uei.quicksetsdk): uid 10176 doesn't have permission android.permission.ACCESS_FINE_LOCATION
08-14 08:09:04.953 V/WifiPermissionsUtil(  793): enforceCanAccessScanResults(pkg=com.uei.quicksetsdk, uid=10176): canCallingUidAccessLocation=false, canAppPackageUseLocation=false
08-14 08:09:04.953 V/WifiService(  793): Keeping REDACT_FOR_ACCESS_FINE_LOCATION:java.lang.SecurityException: UID 10176 has no location permission
08-14 08:09:04.953 I/WifiService(  793): getWifiEnabledState uid=10176 state=3
08-14 08:09:04.745 I/kernel  (    0): [71672.726902][    C3] [wlan][0]nicGetPhyRateByMcsRate:(RX WARN) Invalid McsRate: ucIdx=0, ucBw=0, ucGI=2
08-14 08:09:08.598 I/kernel  (  105): [71676.579475][wdk-c] cpu=2 o_k=2 lbit=0x4 cbit=0xf,b,3,1,8467838492208,f,8467255,0,8468244,0,[71676579468927,11000000] 30
08-14 08:09:08.598 I/kernel  (  104): [71676.579480][wdk-c] cpu=1 o_k=1 lbit=0x6 cbit=0xf,9,3,1,8467838492208,f,8467255,0,8468244,0,[71676579475844,10999985] 30
08-14 08:09:08.598 I/kernel  (  104): [71676.579484]wdt_dump_cntcv CPU:1 CNTCV_CTL:0 CNTCV_TVAL:46681370 CNTVCT:b09a750a90 SYST_CNTCR:0 SYST_DISTL:0 SYST_CNTCV:0
08-14 08:09:08.598 I/kernel  (  105): [71676.579487]wdt_dump_cntcv CPU:2 CNTCV_CTL:0 CNTCV_TVAL:18ca60d1 CNTVCT:b09a750a8f SYST_CNTCR:0 SYST_DISTL:0 SYST_CNTCV:0
08-14 08:09:08.598 I/kernel  (  106): [71676.579490][wdk-c] cpu=3 o_k=3 lbit=0xe cbit=0xf,1,3,1,8467838492208,f,8467255,0,8468244,0,[71676579486427,10999974] 30
08-14 08:09:08.598 I/kernel  (  106): [71676.579494]wdt_dump_cntcv CPU:3 CNTCV_CTL:0 CNTCV_TVAL:fea1154a CNTVCT:b09a750b36 SYST_CNTCR:0 SYST_DISTL:0 SYST_CNTCV:0
08-14 08:09:08.598 I/kernel  (  102): [71676.580231][thread:102] 2025-08-13 23:09:08.597295 UTC;android time 2025-08-13 23:09:08.597295
08-14 08:09:08.599 I/kernel  (  102): [71676.580389][wdk-k] cpu=0 o_k=0 lbit=0xf cbit=0xf,0,3,1,8467838492208,f,8467255,0,8468244,0,[71676580225927,10999235] 30
08-14 08:09:08.599 I/kernel  (  102): [71676.580392]wdt_dump_cntcv CPU:0 CNTCV_CTL:0 CNTCV_TVAL:cb7b054b CNTVCT:b09a750a90 SYST_CNTCR:0 SYST_DISTL:0 SYST_CNTCV:0
08-14 08:09:08.738 I/kernel  (    0): [71676.719939][    C3] [wlan][0]nicGetPhyRateByMcsRate:(RX WARN) Invalid McsRate: ucIdx=0, ucBw=0, ucGI=2
08-14 08:09:09.951 I/WifiService(  793): getConnectionInfo uid=10176
08-14 08:09:09.952 V/WifiPermissionsUtil(  793): checkCallersLocationPermission(com.uei.quicksetsdk): uid 10176 doesn't have permission android.permission.ACCESS_FINE_LOCATION
08-14 08:09:09.952 V/WifiPermissionsUtil(  793): enforceCanAccessScanResults(pkg=com.uei.quicksetsdk, uid=10176): canCallingUidAccessLocation=false, canAppPackageUseLocation=false
08-14 08:09:09.952 V/WifiService(  793): Keeping REDACT_FOR_ACCESS_FINE_LOCATION:java.lang.SecurityException: UID 10176 has no location permission
08-14 08:09:09.953 I/WifiService(  793): getWifiEnabledState uid=10176 state=3
08-14 08:09:10.365 I/cast_shell( 3609): [0814/080910.365264:INFO:service_base.h(78)] Size of the map for type AuthTokenResponse is 0
08-14 08:09:10.365 I/cast_shell( 3609): [0814/080910.365907:INFO:service_base.h(246)] Container sizes for type CloudSetting are (session_info_map: 0), (topic_info_map: 21), (pending_events: 0).
08-14 08:09:11.050 I/cast_shell( 3609): [0814/080911.050486:INFO:metrics_stat_logger.cc(38)] Metrics stat for the past 60 secs : total=1
08-14 08:09:11.050 I/cast_shell( 3609): [metrics_stat_logger] Cast.Discovery.Mdns.Query.Cast.Count=1
08-14 08:09:08.739 I/kernel  (    0): [71676.720608][    C3] [wlan][0]nicGetPhyRateByMcsRate:(RX WARN) Invalid McsRate: ucIdx=0, ucBw=0, ucGI=2
08-14 08:09:11.502 I/kernel  (    0): [71679.484289][    C3] [wlan][0]nicGetPhyRateByMcsRate:(RX WARN) Invalid McsRate: ucIdx=0, ucBw=0, ucGI=2
08-14 08:09:11.810 I/kernel  (    0): [71679.791979][    C3] [wlan][0]nicGetPhyRateByMcsRate:(RX WARN) Invalid McsRate: ucIdx=0, ucBw=0, ucGI=2
08-14 08:09:12.891 D/BoundBrokerSvc( 1749): onUnbind: Intent { act=com.google.android.gms.libs.gmscorelogger.service.START dat=chimera-action:/... cmp=com.google.android.gms/.chimera.PersistentDirectBootAwareApiService }
08-14 08:09:11.811 I/kernel  (    0): [71679.792660][    C3] [wlan][0]nicGetPhyRateByMcsRate:(RX WARN) Invalid McsRate: ucIdx=0, ucBw=0, ucGI=2
08-14 08:09:13.503 I/kernel  ( 4065): [71681.485051][wlan][4065]aisGetWMMInfo:(AIS LOUD) Use default, invalid index = 255
08-14 08:09:13.513 I/kernel  (    0): [71681.494467][    C3] [wlan][41]aisGetWMMInfo:(AIS LOUD) Use default, invalid index = 255
08-14 08:09:14.504 I/kernel  (  570): [71682.485732][wlan][570]asicConnac2xFillCmdTxdInfo:(INIT INFO) TX CMD: ID[0x7E] SEQ[160] SET[1] LEN[376]
08-14 08:09:14.504 I/kernel  (  570): [71682.485751][wlan][570]kalEnqueueCommand:(INIT INFO) EN-Q CMD TYPE[1] ID[0x7E] SEQ[160] to CMD Q
08-14 08:09:14.504 I/kernel  (  570): [71682.485766][wlan][570]asicConnac2xFillCmdTxdInfo:(INIT INFO) TX CMD: ID[0x85] SEQ[161] SET[0] LEN[92]
08-14 08:09:14.504 I/kernel  (  570): [71682.485770][wlan][570]kalEnqueueCommand:(INIT INFO) EN-Q CMD TYPE[1] ID[0x85] SEQ[161] to CMD Q
08-14 08:09:14.504 I/kernel  (  570): [71682.485775][wlan][570]asicConnac2xFillCmdTxdInfo:(INIT INFO) TX CMD: ID[0x82] SEQ[162] SET[0] LEN[76]
08-14 08:09:14.504 I/kernel  (  570): [71682.485779][wlan][570]kalEnqueueCommand:(INIT INFO) EN-Q CMD TYPE[1] ID[0x82] SEQ[162] to CMD Q
08-14 08:09:14.882 I/kernel  (    0): [71682.863939][    C3] [wlan][0]nicGetPhyRateByMcsRate:(RX WARN) Invalid McsRate: ucIdx=0, ucBw=0, ucGI=2
08-14 08:09:14.883 I/kernel  (    0): [71682.864533][    C3] [wlan][0]nicGetPhyRateByMcsRate:(RX WARN) Invalid McsRate: ucIdx=0, ucBw=0, ucGI=2
08-14 08:09:14.883 I/kernel  (    0): [71682.865170][    C3] [wlan][246]nicGetPhyRateByMcsRate:(RX WARN) Invalid McsRate: ucIdx=0, ucBw=0, ucGI=2
08-14 08:09:14.952 I/WifiService(  793): getConnectionInfo uid=10176
08-14 08:09:14.953 V/WifiPermissionsUtil(  793): checkCallersLocationPermission(com.uei.quicksetsdk): uid 10176 doesn't have permission android.permission.ACCESS_FINE_LOCATION
08-14 08:09:14.953 V/WifiPermissionsUtil(  793): enforceCanAccessScanResults(pkg=com.uei.quicksetsdk, uid=10176): canCallingUidAccessLocation=false, canAppPackageUseLocation=false
08-14 08:09:14.953 V/WifiService(  793): Keeping REDACT_FOR_ACCESS_FINE_LOCATION:java.lang.SecurityException: UID 10176 has no location permission
08-14 08:09:14.953 I/WifiService(  793): getWifiEnabledState uid=10176 state=3
08-14 08:09:14.884 I/kernel  (    0): [71682.865833][    C3] [wlan][0]nicGetPhyRateByMcsRate:(RX WARN) Invalid McsRate: ucIdx=0, ucBw=0, ucGI=2
08-14 08:09:15.508 I/kernel  (  570): [71683.489671][wlan][570]asicConnac2xFillCmdTxdInfo:(INIT INFO) TX CMD: ID[0x7E] SEQ[163] SET[1] LEN[376]
08-14 08:09:15.508 I/kernel  (  570): [71683.489689][wlan][570]kalEnqueueCommand:(INIT INFO) EN-Q CMD TYPE[1] ID[0x7E] SEQ[163] to CMD Q
08-14 08:09:15.508 I/kernel  (  570): [71683.489704][wlan][570]asicConnac2xFillCmdTxdInfo:(INIT INFO) TX CMD: ID[0x85] SEQ[164] SET[0] LEN[92]
08-14 08:09:15.508 I/kernel  (  570): [71683.489707][wlan][570]kalEnqueueCommand:(INIT INFO) EN-Q CMD TYPE[1] ID[0x85] SEQ[164] to CMD Q
08-14 08:09:15.508 I/kernel  (  570): [71683.489710][wlan][570]asicConnac2xFillCmdTxdInfo:(INIT INFO) TX CMD: ID[0x82] SEQ[165] SET[0] LEN[76]
08-14 08:09:15.508 I/kernel  (  570): [71683.489713][wlan][570]kalEnqueueCommand:(INIT INFO) EN-Q CMD TYPE[1] ID[0x82] SEQ[165] to CMD Q
08-14 08:09:15.712 D/AES     (  793): AEEIOCTL_RT_MON_Kick IOCTL, cmd= 2147774474, lParam=300. 
08-14 08:09:15.714 I/kernel  (  957): [71683.695924]hang_detect HANG_KICK ( 300)
08-14 08:09:15.714 I/kernel  (  957): [71683.695936][Hang_Detect] hang_detect enabled 10
08-14 08:09:15.803 I/kernel  (    0): [71683.785175][    C3] [wlan][0]nicGetPhyRateByMcsRate:(RX WARN) Invalid McsRate: ucIdx=0, ucBw=0, ucGI=2
08-14 08:09:16.512 I/kernel  (  570): [71684.493678][wlan][570]asicConnac2xFillCmdTxdInfo:(INIT INFO) TX CMD: ID[0x7E] SEQ[166] SET[1] LEN[376]
08-14 08:09:16.512 I/kernel  (  570): [71684.493694][wlan][570]kalEnqueueCommand:(INIT INFO) EN-Q CMD TYPE[1] ID[0x7E] SEQ[166] to CMD Q
08-14 08:09:16.512 I/kernel  (  570): [71684.493709][wlan][570]asicConnac2xFillCmdTxdInfo:(INIT INFO) TX CMD: ID[0x85] SEQ[167] SET[0] LEN[92]
08-14 08:09:16.512 I/kernel  (  570): [71684.493713][wlan][570]kalEnqueueCommand:(INIT INFO) EN-Q CMD TYPE[1] ID[0x85] SEQ[167] to CMD Q
08-14 08:09:16.512 I/kernel  (  570): [71684.493718][wlan][570]asicConnac2xFillCmdTxdInfo:(INIT INFO) TX CMD: ID[0x82] SEQ[168] SET[0] LEN[76]
08-14 08:09:16.512 I/kernel  (  570): [71684.493721][wlan][570]kalEnqueueCommand:(INIT INFO) EN-Q CMD TYPE[1] ID[0x82] SEQ[168] to CMD Q
08-14 08:09:17.025 D/MtkNetworkMonitorService(  793): Received type 17 packet, Dest port is :5353 Src port is :5353 networktype is :1
08-14 08:09:17.025 D/MtkNetworkMonitorService(  793): Acquire Wake Lock 6000ms
08-14 08:09:17.025 I/cast_shell( 3609): [0814/080917.025749:INFO:mdns_app_filter.cc(3358)] MdnsAppFilter: responses sent in 97 seconds: 6
08-14 08:09:17.026 I/kernel  ( 4243): [71685.008046][wlan][4243]aisGetWMMInfo:(AIS LOUD) Use default, invalid index = 255
08-14 08:09:17.026 I/kernel  ( 4243): [71685.008244][wlan][4243]aisGetWMMInfo:(AIS LOUD) Use default, invalid index = 255
08-14 08:09:17.027 I/kernel  ( 4243): [71685.008620][wlan][4243]aisGetWMMInfo:(AIS LOUD) Use default, invalid index = 255
08-14 08:09:17.028 I/kernel  ( 4243): [71685.009385][wlan][4243]aisGetWMMInfo:(AIS LOUD) Use default, invalid index = 255
08-14 08:09:17.516 I/kernel  (  570): [71685.497679][wlan][570]asicConnac2xFillCmdTxdInfo:(INIT INFO) TX CMD: ID[0x7E] SEQ[169] SET[1] LEN[376]
08-14 08:09:17.516 I/kernel  (  570): [71685.497696][wlan][570]kalEnqueueCommand:(INIT INFO) EN-Q CMD TYPE[1] ID[0x7E] SEQ[169] to CMD Q
08-14 08:09:17.516 I/kernel  (  570): [71685.497710][wlan][570]asicConnac2xFillCmdTxdInfo:(INIT INFO) TX CMD: ID[0x85] SEQ[170] SET[0] LEN[92]
08-14 08:09:17.516 I/kernel  (  570): [71685.497714][wlan][570]kalEnqueueCommand:(INIT INFO) EN-Q CMD TYPE[1] ID[0x85] SEQ[170] to CMD Q
08-14 08:09:17.516 I/kernel  (  570): [71685.497718][wlan][570]asicConnac2xFillCmdTxdInfo:(INIT INFO) TX CMD: ID[0x82] SEQ[171] SET[0] LEN[76]
08-14 08:09:17.516 I/kernel  (  570): [71685.497721][wlan][570]kalEnqueueCommand:(INIT INFO) EN-Q CMD TYPE[1] ID[0x82] SEQ[171] to CMD Q
08-14 08:09:18.520 I/kernel  (  570): [71686.501698][wlan][570]asicConnac2xFillCmdTxdInfo:(INIT INFO) TX CMD: ID[0x85] SEQ[172] SET[0] LEN[92]
08-14 08:09:18.520 I/kernel  (  570): [71686.501715][wlan][570]kalEnqueueCommand:(INIT INFO) EN-Q CMD TYPE[1] ID[0x85] SEQ[172] to CMD Q
08-14 08:09:18.520 I/kernel  (  570): [71686.501720][wlan][570]asicConnac2xFillCmdTxdInfo:(INIT INFO) TX CMD: ID[0x82] SEQ[173] SET[0] LEN[76]
08-14 08:09:18.520 I/kernel  (  570): [71686.501723][wlan][570]kalEnqueueCommand:(INIT INFO) EN-Q CMD TYPE[1] ID[0x82] SEQ[173] to CMD Q
08-14 08:09:18.777 I/kernel  (  570): [71686.758579][wlan][570]scanAddToBssDesc:(SCN INFO) Receive type 8 in chnl 0 0 53 (02:64:cf:73:7e:01) valid(1) found(1), band=3 [DEVLINK_DECO_be75-6g]
08-14 08:09:18.777 I/kernel  (  570): [71686.758621][wlan][570]heRlmRecHeMcsMap:(RLM WARN) Change HeRxMcsMapBW80 from 0xffaa to 0xfffa
08-14 08:09:18.780 I/kernel  (    0): [71686.761403][    C3] [wlan][0]nicGetPhyRateByMcsRate:(RX WARN) Invalid McsRate: ucIdx=0, ucBw=0, ucGI=2
08-14 08:09:18.780 I/kernel  (    0): [71686.762122][    C3] [wlan][0]nicGetPhyRateByMcsRate:(RX WARN) Invalid McsRate: ucIdx=0, ucBw=0, ucGI=2
08-14 08:09:18.781 I/kernel  (    0): [71686.762371][    C3] [wlan][0]aisGetWMMInfo:(AIS LOUD) Use default, invalid index = 255
08-14 08:09:18.781 I/kernel  (    0): [71686.762392][    C3] [wlan][0]wlanGetSpeIdx:(INIT INFO) SpeIdx:24,D:0,G=0,B=3,Bss=0
08-14 08:09:19.598 I/kernel  (  106): [71687.579500][wdk-c] cpu=3 o_k=3 lbit=0x8 cbit=0xf,7,3,1,8467838492208,f,8467255,0,8468244,0,[71687579494365,11000000] 30
08-14 08:09:19.598 I/kernel  (  104): [71687.579504][wdk-c] cpu=1 o_k=1 lbit=0xa cbit=0xf,5,3,1,8467838492208,f,8467255,0,8468244,0,[71687579500781,10999984] 30
08-14 08:09:19.598 I/kernel  (  104): [71687.579508]wdt_dump_cntcv CPU:1 CNTCV_CTL:0 CNTCV_TVAL:3e89e94c CNTVCT:b0a25334b4 SYST_CNTCR:0 SYST_DISTL:0 SYST_CNTCV:0
08-14 08:09:19.598 I/kernel  (  105): [71687.579509][wdk-c] cpu=2 o_k=2 lbit=0xe cbit=0xf,1,3,1,8467838492208,f,8467255,0,8468244,0,[71687579505781,10999979] 30
08-14 08:09:19.598 I/kernel  (  106): [71687.579510]wdt_dump_cntcv CPU:3 CNTCV_CTL:0 CNTCV_TVAL:f6c2ebcd CNTVCT:b0a25334b4 SYST_CNTCR:0 SYST_DISTL:0 SYST_CNTCV:0
08-14 08:09:19.598 I/kernel  (  105): [71687.579512]wdt_dump_cntcv CPU:2 CNTCV_CTL:0 CNTCV_TVAL:10ec36ac CNTVCT:b0a25334b4 SYST_CNTCR:0 SYST_DISTL:0 SYST_CNTCV:0
08-14 08:09:19.598 I/kernel  (  102): [71687.579646][thread:102] 2025-08-13 23:09:19.596711 UTC;android time 2025-08-13 23:09:19.596711
08-14 08:09:19.598 I/kernel  (  102): [71687.579800][wdk-k] cpu=0 o_k=0 lbit=0xf cbit=0xf,0,3,1,8467838492208,f,8467255,0,8468244,0,[71687579642198,10999843] 30
08-14 08:09:19.598 I/kernel  (  102): [71687.579802]wdt_dump_cntcv CPU:0 CNTCV_CTL:0 CNTCV_TVAL:c39cdb27 CNTVCT:b0a25334b4 SYST_CNTCR:0 SYST_DISTL:0 SYST_CNTCV:0
08-14 08:09:19.784 I/kernel  (  570): [71687.765677][wlan][570]asicConnac2xFillCmdTxdInfo:(INIT INFO) TX CMD: ID[0x7E] SEQ[174] SET[1] LEN[376]
08-14 08:09:19.784 I/kernel  (  570): [71687.765695][wlan][570]kalEnqueueCommand:(INIT INFO) EN-Q CMD TYPE[1] ID[0x7E] SEQ[174] to CMD Q
08-14 08:09:19.784 I/kernel  (  570): [71687.765711][wlan][570]asicConnac2xFillCmdTxdInfo:(INIT INFO) TX CMD: ID[0x85] SEQ[175] SET[0] LEN[92]
08-14 08:09:19.784 I/kernel  (  570): [71687.765715][wlan][570]kalEnqueueCommand:(INIT INFO) EN-Q CMD TYPE[1] ID[0x85] SEQ[175] to CMD Q
08-14 08:09:19.784 I/kernel  (  570): [71687.765720][wlan][570]asicConnac2xFillCmdTxdInfo:(INIT INFO) TX CMD: ID[0x82] SEQ[176] SET[0] LEN[76]
08-14 08:09:19.784 I/kernel  (  570): [71687.765724][wlan][570]kalEnqueueCommand:(INIT INFO) EN-Q CMD TYPE[1] ID[0x82] SEQ[176] to CMD Q
08-14 08:09:19.951 I/WifiService(  793): getConnectionInfo uid=10176
08-14 08:09:19.952 V/WifiPermissionsUtil(  793): checkCallersLocationPermission(com.uei.quicksetsdk): uid 10176 doesn't have permission android.permission.ACCESS_FINE_LOCATION
08-14 08:09:19.952 V/WifiPermissionsUtil(  793): enforceCanAccessScanResults(pkg=com.uei.quicksetsdk, uid=10176): canCallingUidAccessLocation=false, canAppPackageUseLocation=false
08-14 08:09:19.952 V/WifiService(  793): Keeping REDACT_FOR_ACCESS_FINE_LOCATION:java.lang.SecurityException: UID 10176 has no location permission
08-14 08:09:19.953 I/WifiService(  793): getWifiEnabledState uid=10176 state=3
08-14 08:09:20.788 I/kernel  (  570): [71688.769676][wlan][570]asicConnac2xFillCmdTxdInfo:(INIT INFO) TX CMD: ID[0x85] SEQ[177] SET[0] LEN[92]
08-14 08:09:20.788 I/kernel  (  570): [71688.769691][wlan][570]kalEnqueueCommand:(INIT INFO) EN-Q CMD TYPE[1] ID[0x85] SEQ[177] to CMD Q
08-14 08:09:20.788 I/kernel  (  570): [71688.769697][wlan][570]asicConnac2xFillCmdTxdInfo:(INIT INFO) TX CMD: ID[0x82] SEQ[178] SET[0] LEN[76]
08-14 08:09:20.788 I/kernel  (  570): [71688.769700][wlan][570]kalEnqueueCommand:(INIT INFO) EN-Q CMD TYPE[1] ID[0x82] SEQ[178] to CMD Q
08-14 08:09:21.368 I/cast_shell( 3609): [0814/080921.368927:INFO:mdns_app_filter.cc(3550)] Mdns cast queries recently sent: queries=1
08-14 08:09:21.640 I/kernel  (    0): [71689.622099][    C3] [wlan][0]nicGetPhyRateByMcsRate:(RX WARN) Invalid McsRate: ucIdx=0, ucBw=0, ucGI=2
08-14 08:09:22.870 I/kernel  (    0): [71690.851430][    C3] [wlan][0]nicGetPhyRateByMcsRate:(RX WARN) Invalid McsRate: ucIdx=0, ucBw=0, ucGI=2
08-14 08:09:22.870 I/kernel  (    0): [71690.852136][    C3] [wlan][0]nicGetPhyRateByMcsRate:(RX WARN) Invalid McsRate: ucIdx=0, ucBw=0, ucGI=2
08-14 08:09:24.952 I/WifiService(  793): getConnectionInfo uid=10176
08-14 08:09:24.954 V/WifiPermissionsUtil(  793): checkCallersLocationPermission(com.uei.quicksetsdk): uid 10176 doesn't have permission android.permission.ACCESS_FINE_LOCATION
08-14 08:09:24.954 V/WifiPermissionsUtil(  793): enforceCanAccessScanResults(pkg=com.uei.quicksetsdk, uid=10176): canCallingUidAccessLocation=false, canAppPackageUseLocation=false
08-14 08:09:24.954 V/WifiService(  793): Keeping REDACT_FOR_ACCESS_FINE_LOCATION:java.lang.SecurityException: UID 10176 has no location permission
08-14 08:09:24.954 I/WifiService(  793): getWifiEnabledState uid=10176 state=3
08-14 08:09:25.934 I/JobServiceContext(  793): Client timed out while executing (no jobFinished received). Sending onStop: 9431e9f #u0a155/227 com.sony.dtv.fingerprinterserver/androidx.work.impl.background.systemjob.SystemJobService
08-14 08:09:25.937 I/WM-WorkerWrapper(18239): Work [ id=449fa288-87bb-4a3a-87d6-bfeb1ab4113a, tags={ com.sony.dtv.fingerprinterserver.CheckIfJPListenableWorker } ] was cancelled
08-14 08:09:25.937 I/WM-WorkerWrapper(18239): java.util.concurrent.CancellationException: Task was cancelled.
08-14 08:09:25.937 I/WM-WorkerWrapper(18239): 	at androidx.work.impl.utils.o.a.f(Unknown Source:2)
08-14 08:09:25.937 I/WM-WorkerWrapper(18239): 	at androidx.work.impl.utils.o.a.k(Unknown Source:31)
08-14 08:09:25.937 I/WM-WorkerWrapper(18239): 	at androidx.work.impl.utils.o.a.get(Unknown Source:21)
08-14 08:09:25.937 I/WM-WorkerWrapper(18239): 	at androidx.work.impl.k$b.run(Unknown Source:4)
08-14 08:09:25.937 I/WM-WorkerWrapper(18239): 	at androidx.work.impl.utils.g$a.run(Unknown Source:2)
08-14 08:09:25.937 I/WM-WorkerWrapper(18239): 	at java.util.concurrent.ThreadPoolExecutor.runWorker(ThreadPoolExecutor.java:1145)
08-14 08:09:25.937 I/WM-WorkerWrapper(18239): 	at java.util.concurrent.ThreadPoolExecutor$Worker.run(ThreadPoolExecutor.java:644)
08-14 08:09:25.937 I/WM-WorkerWrapper(18239): 	at java.lang.Thread.run(Thread.java:1012)
08-14 08:09:24.405 I/kernel  (    0): [71692.386941][    C3] [wlan][0]nicGetPhyRateByMcsRate:(RX WARN) Invalid McsRate: ucIdx=0, ucBw=0, ucGI=2
08-14 08:09:25.938 I/kernel  ( 6520): [71693.919950]PM: suspend entry (deep)
08-14 08:09:25.947 I/kernel  ( 6520): [71693.929171]Filesystems sync: 0.009 seconds
08-14 08:09:25.947 I/kernel  ( 6520): [71693.929190]mtktv_cpufreq:[cpufreq_driver_suspend_event:1695] PM_SUSPEND_PREPARE
08-14 08:09:25.948 I/kernel  ( 6520): [71693.929311]mtktv_cpufreq_ca:[MTKTV_CPUFREQ_TEEC_Suspend:347] Suspend Successfully
08-14 08:09:25.948 I/kernel  ( 6520): [71693.929317]mtktv_cpufreq:[cpufreq_driver_suspend_event:1703] Suspend Clock 1600000 KHz
08-14 08:09:25.948 I/kernel  ( 6520): [71693.929322][sony_disp_ext][suspend_event_receive,412] suspend notifiler event = 3
08-14 08:09:25.948 I/kernel  ( 6520): [71693.929326][sony_disp_ext][suspend_event_receive,426] command_id = 19. Send to BeCtrl
08-14 08:09:25.948 I/kernel  ( 6520): [71693.929571][sony_disp_ext][suspend_event_receive,444] command_id = 19. Success
08-14 08:09:25.948 I/kernel  ( 6520): [71693.929584]function : [mtk_ir_suspend_prepare]
08-14 08:09:25.948 I/kernel  ( 6520): [71693.929587][mtk_ir_pm_notifier_cb]PM_SUSPEND_PREPARE
08-14 08:09:25.948 I/kernel  ( 6520): [71693.929590]function : [mtk_keypad_suspend_prepare]
08-14 08:09:25.948 I/kernel  ( 6520): [71693.929594][MDLA] suspend_event(): SUSPEND_PREPARE
08-14 08:09:25.950 I/kernel  ( 6520): [71693.931350][CPUIF][PROBE][suspend_notifier, 1294]PM_SUSPEND_PREPARE pid = 19390
08-14 08:09:25.952 W/ActivityManager(  793): Unable to start service Intent { act=tv.samba.ssm.action.BIND_SAMBA_OEM_INTERFACE pkg=tv.samba.ssm cmp=tv.samba.ssm/.SambaApiService } U=0: not found
08-14 08:14:37.932 I/kernel  ( 6520): [71694.005799]Freezing user space processes ... (elapsed 0.003 seconds) done.
08-14 08:14:37.936 I/kernel  ( 6520): [71694.009541]OOM killer disabled.
08-14 08:14:37.936 I/kernel  ( 6520): [71694.009545]Freezing remaining freezable tasks ... (elapsed 0.085 seconds) done.
08-14 08:14:38.022 I/kernel  ( 6520): [71694.095289]i2c-mt5896-rproc 1c644000.I2C_0: mtk_rpmsg_i2c_suspend dev I2C_0
08-14 08:14:38.022 I/kernel  ( 6520): [71694.095302]i2c-mt5896-rproc 1c644800.I2C_2: mtk_rpmsg_i2c_suspend dev I2C_2
08-14 08:14:38.022 I/kernel  ( 6520): [71694.095308]i2c-mt5896-rproc 1c644c00.I2C_3: mtk_rpmsg_i2c_suspend dev I2C_3
08-14 08:14:38.023 I/kernel  ( 6520): [71694.096195]sony_damp odm:sony_damp: sony_damp_component_suspend start
08-14 08:14:38.023 I/kernel  ( 6520): [71694.096202]sony_damp odm:sony_damp: sony_damp_mute 1
08-14 08:14:38.023 I/kernel  ( 6520): [71694.096209]sony_damp odm:sony_damp: sony_headphone_mute 1
08-14 08:14:38.128 I/kernel  ( 6520): [71694.201652]sony_damp odm:sony_damp: amp_i2c_param_set param:000000009e58b0e6 length:0
08-14 08:14:38.128 I/kernel  ( 6520): [71694.201661]sony_damp odm:sony_damp: amp_i2c_param_set param:000000009e58b0e6 length:0
08-14 08:14:38.128 I/kernel  ( 6520): [71694.201666]sony_damp odm:sony_damp: sony_damp_reset 1
08-14 08:14:38.196 W/kernel  ( 6520): [71694.269651]sony_damp odm:sony_damp: sony_damp_powersaving not support
08-14 08:14:38.196 I/kernel  ( 6520): [71694.269655]sony_damp odm:sony_damp: sony_damp_component_suspend end
08-14 08:14:38.202 W/kernel  ( 6520): [71694.275239]------------[ cut here ]------------
08-14 08:14:38.202 W/kernel  ( 6520): [71694.275242]decoder3_256fs_mux0_int_ck already disabled
08-14 08:14:38.202 W/kernel  ( 6520): [71694.275278]WARNING: CPU: 0 PID: 6520 at drivers/clk/clk.c:1073 clk_core_disable+0xa8/0x564
08-14 08:14:38.202 W/kernel  ( 6520): [71694.275293]Modules linked in: hid_sony_bt_remote(OE) sony_sus_res_wdt(OE) sony_ether_power(OE) pl2303(E) ftdi_sio(E) sony_pq_ecs(OE) sony_led(OE) ax88179_178a mtk_sc(OE) pqu_system_driver(OE) sony_m6_camera(OE) sony_hl_usb(OE) dish_mp8128(OE) dish_tps65235(OE) dish_a8303_1(OE) cxd_dmd(POE) cxd_tnr(POE) sony_pmu(OE) sony_m6_lightsensor(OE) bma456o_i2c_driver(OE) lm75_ro(OE) lm75(OE) hwmon(E) sony_display_extension(OE) backlight_sony(OE) panel_sony(OE) texfat(POE) tntfs(POE) tfs_linux(OE) sony_damp(OE) airoha_usb_nic(OE) aee_drm(OE) mtk_light(OE) mtk_als(OE) mtk_aloop(OE) snd_aloop(E) snd_machine(OE) snd_pcm_platform(OE) extcon_mtk_headset(OE) snd_coprocessor(OE) ntfs(E) tuner_av2017(POE) mtk_pcmcia(OE) mtktv_gpu_thermal(OE) mtk_msb9121(OE) mtk_es_buf_mgr(OE) mtktv_cpufreq(OE) dish_rt5047(OE) usbcam(OE) mtktv_cpufreq_ca(OE) mtk_mediator(OE) mediatek_drm_tv(OE) mtktv_regulator_mt5896(OE) btmtk_pmu(OE) spi_mtkdtv_ci(OE) spi_mtk_pmu(OE) tuner_mxl661(POE) mtk_earc(OE)
08-14 08:14:38.202 W/kernel  ( 6520): [71694.275396]mtk_mic_capture(OE) mtk_mic_cap_iface(OE) mtk_mic_communication(OE) mtk_pmu_cec(OE) mtk_soc(OE) mtk_srccap(OE) mtk_pq(OE) mali_kbase_mt5897(OE) mtk_tvpqu(OE) edma(OE) mtk_v4l2_jpd(OE) mdla(OE) mtk_vcodec_enc(OE) apusys(OE) mtk_vcodec_dec(OE) mtk_dramc(OE) mtk_vcodec_common(OE) mtk_dramc_ca(OE) mtk_vcu_venc(POE) mtktv_thermal(OE) mtk_tvcpuif(OE) mtk_caps(OE) mtk_stctrl(OE) mtk_dmx(OE) mtk_shmctrl(OE) snd_amp_rt9114(OE) mtk_merak_demod(OE) mtk_austin_demod(OE) mtk_pqu_rproc(OE) mtk_vcu_vdec(POE) mtk_dvb_adapter(OE) mtk_cfm(OE) dvb_core(OE) vim2m(E) mtk_xcalg3pty(POE) apu_power(OE) mtk_vcu(OE) mtktv_apusys(POE) apu_comm(OE) usbnet mtk_realtime_producer(OE) r8152 mtk_tty_uart(OE) mtk_tty_vuart(OE) i2c_mt5896_rproc(OE) mtk_ir(OE) mac80211(E) gpio_mtk_pmu(OE) leds_gpio(E) leds_mtk_irtx(OE) spidev(E) i2c_dev(E) pwmadc_mt5896(OE) i2c_gpio(E) i2c_mt5896(OE) pwm_mtk_pmu(OE) mt5896_saradc(OE) rtc_mt5896(OE) wdt_mt5896(OE) mt5896_mailbox(OE) mtk_xcalg3pty_hdrvivid(POE)
08-14 08:14:38.202 W/kernel  ( 6520): [71694.275498]wlan_mt7961(OE) mtprealloc_mt7961(OE) btmtk_usb_unify(OE) bluetooth mtreset(OE) xhci_mtk_hcd_tv(OE) mtu3(OE) phy_mtk_tphy_tv(OE) zram zsmalloc cfg80211(E) mtk_ab_boot(OE) mtk_pixelmnt(OE) mtk_tvscriptmgt(OE) mtk_gmac_mt5896(OE) mtk_xcalg(POE) mtk_memory(OE) mtktv_disp_rm(OE) mtk_hwreg(POE) aee_rs(OE) mtk_iommu(OE) mtk_tee(OE) mtk_kmiup(OE) aee_aed(OE) aee_hangdet(OE) clk_mt5896(OE) keypad_mt5896(OE) leds_mtk_control(OE) monitor_hang(OE) mtk_cus(POE) mtk_efuse(POE) mtk_miup(OE) mtk_pqmaputil(POE) optee(OE) virtio_rpmsg_bus(E) spi_mt5896(OE) kheaders 8250_mtk_tv(OE) clk_common(OE) cfi_nonGPL_patch(OE) kdrv_mfc_sys_protect(OE) clk_dtv_util(OE) gpio_mt5896(OE) irq_mt58xx(OE) mtk_bdma(OE) leds_breath(OE) libarc4 mii mrdump(OE) mt5896_hwspinlock(OE) mtk_boottime(OE) mtk_mmc_fcie(OE) mtk_metautil(OE) mtk_pm(OE) mtk_pmu_ir(OE) mtk_pmu_keypad(OE) mtk_pmu_rproc(OE) mtktv_public_if(OE) mtk_smi_tv(OE) mtk_tv_atrace(OE) mtk_v4l2_g2d(OE) pinctrl_mt5896(OE) rfkill
08-14 08:14:38.202 W/kernel  ( 6520): [71694.275604]pnl_cust(OE) pwm_mt5896(OE) pwmscan_mt5896(OE) rpmsg_ns(E) usbserial system_heap(E) tee(OE) sony_mmc_pwrseq(OE)
08-14 08:14:38.202 W/kernel  ( 6520): [71694.275620]CPU: 0 PID: 6520 Comm: binder:266_2 Tainted: P        W  OE     5.15.167-android14-11-g6cd5beea1922-ab13171409 #1
08-14 08:14:38.202 W/kernel  ( 6520): [71694.275625]Hardware name: MediaTek MT5897 (DT)
08-14 08:14:38.202 W/kernel  ( 6520): [71694.275629]pstate: 604000c5 (nZCv daIF +PAN -UAO -TCO -DIT -SSBS BTYPE=--)
08-14 08:14:38.202 W/kernel  ( 6520): [71694.275634]pc : clk_core_disable+0xa8/0x564
08-14 08:14:38.202 W/kernel  ( 6520): [71694.275640]lr : clk_core_disable+0xa8/0x564
08-14 08:14:38.202 W/kernel  ( 6520): [71694.275645]sp : ffffffc027e13730
08-14 08:14:38.202 W/kernel  ( 6520): [71694.275647]x29: ffffffc027e13740 x28: ffffff811d575700 x27: ffffff811d575740
08-14 08:14:38.202 W/kernel  ( 6520): [71694.275654]x26: ffffffeb7479e258 x25: ffffffeb744e3480 x24: ffffff8107768440
08-14 08:14:38.202 W/kernel  ( 6520): [71694.275660]x23: ffffffeb784ec000 x22: 00000000000000c0 x21: 0000000000000000
08-14 08:14:38.202 W/kernel  ( 6520): [71694.275667]x20: ffffff8167d2b780 x19: ffffff8107b8d600 x18: ffffffc027ded0d8
08-14 08:14:38.202 W/kernel  ( 6520): [71694.275673]x17: ffffffffffffffff x16: 0000000000000004 x15: 0000000000000004
08-14 08:14:38.202 W/kernel  ( 6520): [71694.275679]x14: ffffffeb78291310 x13: 0000000000000003 x12: 0000000000000003
08-14 08:14:38.202 W/kernel  ( 6520): [71694.275685]x11: 0000000100157e08 x10: ffffffeb78327d68 x9 : 0852b8324ca67600
08-14 08:14:38.202 W/kernel  ( 6520): [71694.275691]x8 : 0852b8324ca67600 x7 : 6d5f73663635325f x6 : 337265646f636564
08-14 08:14:38.202 W/kernel  ( 6520): [71694.275697]x5 : ffffffeb784a9c3c x4 : ffffffeb7848d5fb x3 : 0000000000000000
08-14 08:14:38.202 W/kernel  ( 6520): [71694.275703]x2 : 0000000000000000 x1 : ffffffc027e134e0 x0 : 000000000000002b
08-14 08:14:38.202 W/kernel  ( 6520): [71694.275709]Call trace:
08-14 08:14:38.202 W/kernel  ( 6520): [71694.275711]clk_core_disable+0xa8/0x564
08-14 08:14:38.202 W/kernel  ( 6520): [71694.275716]clk_core_disable+0x80/0x564
08-14 08:14:38.202 W/kernel  ( 6520): [71694.275721]clk_core_disable+0x80/0x564
08-14 08:14:38.202 W/kernel  ( 6520): [71694.275726]clk_core_disable_lock+0x138/0x294
08-14 08:14:38.202 W/kernel  ( 6520): [71694.275731]clk_disable+0x20/0x2c
08-14 08:14:38.202 W/kernel  ( 6520): [71694.275736]mtk_alsa_audio_clock_disable+0xb0/0x320 [mtk_soc]
