--------- beginning of main
09-18 17:35:48.626 E/<MI3>   (  636): <ERR>_MI_TUNER_GetLock[4279]: [_MI_TUNER_GetLock][4279] *peLockStatus =  E_MI_TUNER_UNLOCK@!!!
09-18 17:35:48.626 E/<MI3>   (  636): <ERR>_MI_TUNER_GetLock[4279]: [_MI_TUNER_GetLock][4279] *peLockStatus =  E_MI_TUNER_UNLOCK@!!!
09-18 17:35:48.627 E/<MI3>   (  636): <ERR>_MI_TUNER_GetLock[4279]: [_MI_TUNER_GetLock][4279] *peLockStatus =  E_MI_TUNER_UNLOCK@!!!
--------- beginning of kernel
09-18 17:35:48.720 I/kernel  (  243): [  215.981045]logd: logdr: UID=2000 GID=2000 PID=6899 b tail=0 logMask=99 pid=0 start=0ns deadline=0ns
09-18 17:35:48.748 I/WifiService(  733): getConnectionInfo uid=10184
09-18 17:35:48.749 V/WifiPermissionsUtil(  733): checkCallersLocationPermission(com.uei.quicksetsdk): uid 10184 doesn't have permission android.permission.ACCESS_FINE_LOCATION
09-18 17:35:48.749 V/WifiPermissionsUtil(  733): enforceCanAccessScanResults(pkg=com.uei.quicksetsdk, uid=10184): canCallingUidAccessLocation=false, canAppPackageUseLocation=false
09-18 17:35:48.749 V/WifiService(  733): Keeping REDACT_FOR_ACCESS_FINE_LOCATION:java.lang.SecurityException: UID 10184 has no location permission
09-18 17:35:48.750 I/WifiService(  733): getWifiEnabledState uid=10184 state=3
09-18 17:35:48.827 E/<MI3>   (  636): <ERR>_MI_TUNER_GetLock[4279]: [_MI_TUNER_GetLock][4279] *peLockStatus =  E_MI_TUNER_UNLOCK@!!!
09-18 17:35:48.828 E/<MI3>   (  636): <ERR>_MI_TUNER_GetLock[4279]: [_MI_TUNER_GetLock][4279] *peLockStatus =  E_MI_TUNER_UNLOCK@!!!
09-18 17:35:48.828 E/<MI3>   (  636): <ERR>_MI_TUNER_GetLock[4279]: [_MI_TUNER_GetLock][4279] *peLockStatus =  E_MI_TUNER_UNLOCK@!!!
09-18 17:35:48.938 I/kernel  ( 2513): [  216.199152][A8303-1_Driver] addr:0x08,  i2c status:0x0a from 0x0a
09-18 17:35:49.029 E/<MI3>   (  636): <ERR>_MI_TUNER_GetLock[4279]: [_MI_TUNER_GetLock][4279] *peLockStatus =  E_MI_TUNER_UNLOCK@!!!
09-18 17:35:49.029 E/<MI3>   (  636): <ERR>_MI_TUNER_GetLock[4279]: [_MI_TUNER_GetLock][4279] *peLockStatus =  E_MI_TUNER_UNLOCK@!!!
09-18 17:35:49.029 E/<MI3>   (  636): <ERR>_MI_TUNER_GetLock[4279]: [_MI_TUNER_GetLock][4279] *peLockStatus =  E_MI_TUNER_UNLOCK@!!!
09-18 17:35:49.030 I/kernel  ( 6882): [  216.291290]mtk_cfm: [cfm_get_frontend_algo][1070]
09-18 17:35:49.030 I/kernel  ( 6884): [  216.291290]mtk_cfm: [cfm_get_frontend_algo][1070]
09-18 17:35:49.030 I/kernel  ( 6886): [  216.291303]mtk_cfm: [cfm_get_frontend_algo][1070]
09-18 17:35:49.030 I/kernel  ( 6884): [  216.291304]mtk_cfm: [cfm_tune][777]Start: re_tune = 0
09-18 17:35:49.030 I/kernel  ( 6882): [  216.291306]mtk_cfm: [cfm_tune][777]Start: re_tune = 0
09-18 17:35:49.030 I/kernel  ( 6886): [  216.291308]mtk_cfm: [cfm_tune][777]Start: re_tune = 0
09-18 17:35:49.031 I/kernel  ( 6884): [  216.291977]mtk_cfm: [cfm_tune][896]E(status:0x20)
09-18 17:35:49.230 E/<MI3>   (  636): <ERR>_MI_TUNER_GetLock[4279]: [_MI_TUNER_GetLock][4279] *peLockStatus =  E_MI_TUNER_UNLOCK@!!!
09-18 17:35:49.230 E/<MI3>   (  636): <ERR>_MI_TUNER_GetLock[4279]: [_MI_TUNER_GetLock][4279] *peLockStatus =  E_MI_TUNER_UNLOCK@!!!
09-18 17:35:49.231 E/<MI3>   (  636): <ERR>_MI_TUNER_GetLock[4279]: [_MI_TUNER_GetLock][4279] *peLockStatus =  E_MI_TUNER_UNLOCK@!!!
09-18 17:35:49.431 E/<MI3>   (  636): <ERR>_MI_TUNER_GetLock[4279]: [_MI_TUNER_GetLock][4279] *peLockStatus =  E_MI_TUNER_UNLOCK@!!!
09-18 17:35:49.431 E/<MI3>   (  636): <ERR>_MI_TUNER_GetLock[4279]: [_MI_TUNER_GetLock][4279] *peLockStatus =  E_MI_TUNER_UNLOCK@!!!
09-18 17:35:49.432 E/<MI3>   (  636): <ERR>_MI_TUNER_GetLock[4279]: [_MI_TUNER_GetLock][4279] *peLockStatus =  E_MI_TUNER_UNLOCK@!!!
09-18 17:35:49.632 E/<MI3>   (  636): <ERR>_MI_TUNER_GetLock[4279]: [_MI_TUNER_GetLock][4279] *peLockStatus =  E_MI_TUNER_UNLOCK@!!!
09-18 17:35:49.633 E/<MI3>   (  636): <ERR>_MI_TUNER_GetLock[4279]: [_MI_TUNER_GetLock][4279] *peLockStatus =  E_MI_TUNER_UNLOCK@!!!
09-18 17:35:49.633 E/<MI3>   (  636): <ERR>_MI_TUNER_GetLock[4279]: [_MI_TUNER_GetLock][4279] *peLockStatus =  E_MI_TUNER_UNLOCK@!!!
09-18 17:35:49.834 E/<MI3>   (  636): <ERR>_MI_TUNER_GetLock[4279]: [_MI_TUNER_GetLock][4279] *peLockStatus =  E_MI_TUNER_UNLOCK@!!!
09-18 17:35:49.834 E/<MI3>   (  636): <ERR>_MI_TUNER_GetLock[4279]: [_MI_TUNER_GetLock][4279] *peLockStatus =  E_MI_TUNER_UNLOCK@!!!
09-18 17:35:49.834 E/<MI3>   (  636): <ERR>_MI_TUNER_GetLock[4279]: [_MI_TUNER_GetLock][4279] *peLockStatus =  E_MI_TUNER_UNLOCK@!!!
--------- beginning of system
09-18 17:35:49.867 D/ActivityManager(  733): freezing 4647 com.google.android.katniss:search
09-18 17:35:49.975 I/kernel  ( 2513): [  217.236447][A8303-1_Driver] addr:0x08,  i2c status:0x0a from 0x0a
09-18 17:35:50.035 E/<MI3>   (  636): <ERR>_MI_TUNER_GetLock[4279]: [_MI_TUNER_GetLock][4279] *peLockStatus =  E_MI_TUNER_UNLOCK@!!!
09-18 17:35:50.035 E/<MI3>   (  636): <ERR>_MI_TUNER_GetLock[4279]: [_MI_TUNER_GetLock][4279] *peLockStatus =  E_MI_TUNER_UNLOCK@!!!
09-18 17:35:50.036 E/<MI3>   (  636): <ERR>_MI_TUNER_GetLock[4279]: [_MI_TUNER_GetLock][4279] *peLockStatus =  E_MI_TUNER_UNLOCK@!!!
09-18 17:35:50.135 I/cast_shell( 3414): [0918/173550.135211:INFO:service_base.h(78)] Size of the map for type AuthTokenResponse is 0
09-18 17:35:50.236 E/<MI3>   (  636): <ERR>_MI_TUNER_GetLock[4279]: [_MI_TUNER_GetLock][4279] *peLockStatus =  E_MI_TUNER_UNLOCK@!!!
09-18 17:35:50.237 E/<MI3>   (  636): <ERR>_MI_TUNER_GetLock[4279]: [_MI_TUNER_GetLock][4279] *peLockStatus =  E_MI_TUNER_UNLOCK@!!!
09-18 17:35:50.237 E/<MI3>   (  636): <ERR>_MI_TUNER_GetLock[4279]: [_MI_TUNER_GetLock][4279] *peLockStatus =  E_MI_TUNER_UNLOCK@!!!
09-18 17:35:50.427 D/vendor.sony.hardware.led@1.0-service(  678): setLed,97 setLed=LED_ID_KEY_RESPONSE
09-18 17:35:50.430 I/kernel  (  126): [  217.690711][PERF][KEY] [mtk_ir_thread] received_keyevent: 0x161 , 0x1
09-18 17:35:50.437 E/<MI3>   (  636): <ERR>_MI_TUNER_GetLock[4279]: [_MI_TUNER_GetLock][4279] *peLockStatus =  E_MI_TUNER_UNLOCK@!!!
09-18 17:35:50.438 E/<MI3>   (  636): <ERR>_MI_TUNER_GetLock[4279]: [_MI_TUNER_GetLock][4279] *peLockStatus =  E_MI_TUNER_UNLOCK@!!!
09-18 17:35:50.438 E/<MI3>   (  636): <ERR>_MI_TUNER_GetLock[4279]: [_MI_TUNER_GetLock][4279] *peLockStatus =  E_MI_TUNER_UNLOCK@!!!
09-18 17:35:50.441 D/VSyncReactor(  708): Set the Vsync Period= 16666666
09-18 17:35:50.465 D/android.hardware.media.c2@1.1-mediatek(  607): [import_mtk_dtv_native_buffer(): 717] mst buffer is secure: 0
09-18 17:35:50.466 D/android.hardware.media.c2@1.1-mediatek(  607): [import_mtk_dtv_native_buffer(): 717] mst buffer is secure: 0
09-18 17:35:50.469 D/VCodecVenc(  607): [L 324][EnqueInputBuffer]
09-18 17:35:50.470 D/BufferPoolAccessor2.0(  607): bufferpool2 0xda083628 : 2(2099200 size) total buffers - 2(2099200 size) used buffers - 3156/3161 (recycle/alloc) - 14/3159 (fetch/transfer)
09-18 17:35:50.470 D/VCodecVencImpl(  607): [L 572][MtkVencSetConfig]
09-18 17:35:50.474 I/kernel  ( 6265): [  217.735529][MTK_V4L2] level=0 vidioc_venc_qbuf(),1318: [4] id=0 getdata FB(2088960,2) vb=000000000c42c7f0 pts=0
09-18 17:35:50.481 D/android.hardware.media.c2@1.1-mediatek(  607): [import_mtk_dtv_native_buffer(): 717] mst buffer is secure: 0
09-18 17:35:50.481 D/android.hardware.media.c2@1.1-mediatek(  607): [import_mtk_dtv_native_buffer(): 717] mst buffer is secure: 0
09-18 17:35:50.485 D/VCodecVenc(  607): [L 324][EnqueInputBuffer]
09-18 17:35:50.498 D/android.hardware.media.c2@1.1-mediatek(  607): [import_mtk_dtv_native_buffer(): 717] mst buffer is secure: 0
09-18 17:35:50.498 D/android.hardware.media.c2@1.1-mediatek(  607): [import_mtk_dtv_native_buffer(): 717] mst buffer is secure: 0
09-18 17:35:50.500 D/VCodecVencImpl(  607): [L 572][MtkVencSetConfig]
09-18 17:35:50.502 D/VCodecVenc(  607): [L 324][EnqueInputBuffer]
09-18 17:35:50.505 I/kernel  ( 6265): [  217.766090][MTK_V4L2] level=0 vidioc_venc_qbuf(),1318: [4] id=0 getdata FB(2088960,2) vb=000000000c42c7f0 pts=0
09-18 17:35:50.515 D/android.hardware.media.c2@1.1-mediatek(  607): [import_mtk_dtv_native_buffer(): 717] mst buffer is secure: 0
09-18 17:35:50.516 D/android.hardware.media.c2@1.1-mediatek(  607): [import_mtk_dtv_native_buffer(): 717] mst buffer is secure: 0
09-18 17:35:50.520 D/VCodecVenc(  607): [L 324][EnqueInputBuffer]
09-18 17:35:50.530 D/VCodecVencImpl(  607): [L 572][MtkVencSetConfig]
09-18 17:35:50.533 D/android.hardware.media.c2@1.1-mediatek(  607): [import_mtk_dtv_native_buffer(): 717] mst buffer is secure: 0
09-18 17:35:50.533 D/android.hardware.media.c2@1.1-mediatek(  607): [import_mtk_dtv_native_buffer(): 717] mst buffer is secure: 0
09-18 17:35:50.535 I/kernel  ( 6265): [  217.796282][MTK_V4L2] level=0 vidioc_venc_qbuf(),1318: [4] id=0 getdata FB(2088960,2) vb=000000000c42c7f0 pts=0
09-18 17:35:50.537 D/VCodecVenc(  607): [L 324][EnqueInputBuffer]
09-18 17:35:50.548 D/android.hardware.media.c2@1.1-mediatek(  607): [import_mtk_dtv_native_buffer(): 717] mst buffer is secure: 0
09-18 17:35:50.549 D/android.hardware.media.c2@1.1-mediatek(  607): [import_mtk_dtv_native_buffer(): 717] mst buffer is secure: 0
09-18 17:35:50.553 D/VCodecVenc(  607): [L 324][EnqueInputBuffer]
09-18 17:35:50.560 D/VCodecVencImpl(  607): [L 572][MtkVencSetConfig]
09-18 17:35:50.565 I/kernel  ( 6265): [  217.826543][MTK_V4L2] level=0 vidioc_venc_qbuf(),1318: [4] id=0 getdata FB(2088960,2) vb=000000000c42c7f0 pts=0
09-18 17:35:50.565 D/android.hardware.media.c2@1.1-mediatek(  607): [import_mtk_dtv_native_buffer(): 717] mst buffer is secure: 0
09-18 17:35:50.565 D/android.hardware.media.c2@1.1-mediatek(  607): [import_mtk_dtv_native_buffer(): 717] mst buffer is secure: 0
09-18 17:35:50.569 D/VCodecVenc(  607): [L 324][EnqueInputBuffer]
09-18 17:35:50.575 I/kernel  (  126): [  217.835697][PERF][KEY] [mtk_ir_thread] received_keyevent: 0x161 , 0x0
09-18 17:35:50.576 D/audioserver(  701): FGS Logger Transaction failed
09-18 17:35:50.576 D/audioserver(  701): -129
09-18 17:35:50.577 W/WindowOnBackDispatcher( 1493): OnBackInvokedCallback is not enabled for the application.
09-18 17:35:50.577 W/WindowOnBackDispatcher( 1493): Set 'android:enableOnBackInvokedCallback="true"' in the application manifest.
09-18 17:35:50.578 I/audio_hw_primary(  637): getVolNickName Not outputdevice pipelinename: Decoder_13
09-18 17:35:50.579 I/<APAF>  (  637): <PRINT>_MI_APAF_FILTER_VOLUME_SetDepopTime[3314]: Pipeline(Decoder_13) depop duration is set to 40 ms. Current system time:217840178 us
09-18 17:35:50.580 I/<APAF>  (  637): <PRINT>_MI_APAF_FILTER_VOLUME_SetMute[3238]: Pipeline Decoder_13: set Mute = 0 (Current depop time:40)
09-18 17:35:50.580 I/audio_hw_primary(  637): setMute: Decoder_13 set volume unmute type 0. final muted:0
09-18 17:35:50.591 D/VCodecVencImpl(  607): [L 572][MtkVencSetConfig]
09-18 17:35:50.596 I/kernel  ( 6265): [  217.856993][MTK_V4L2] level=0 vidioc_venc_qbuf(),1318: [4] id=0 getdata FB(2088960,2) vb=000000000c42c7f0 pts=0
09-18 17:35:50.597 D/TpcAudioPipeline(  637): setAudioClockState: this 0xea9402b0 hwSyncId 3840 ClockState(1) ClockPauseType(0)
09-18 17:35:50.597 I/TpcAudioPipeline(  637): setAudioClockState: this 0xea9402b0 hwSyncId 3840, m_audio_clock_status[Cur/P/S/TPC/Ept]=[1/1/1/1/1]
09-18 17:35:50.597 I/audio_hw_primary(  637): utils_TpcPreWrite: setAudioClockState hw_sync_id 3840 user_id 0 state 1 type 0
09-18 17:35:50.598 D/audio_hw_primary(  637): getParameter: latencyreportpolicy =highest
09-18 17:35:50.598 I/audio_hw_primary(  637): getLatency: get SpeakerOutput latency 27333.
09-18 17:35:50.598 I/audio_hw_primary(  637): getLatency: get SESpeakerOutput latency 24666.
09-18 17:35:50.598 I/audio_hw_primary(  637): alignmentDeviceLatencyHighest: SpeakerOutput latency 51999(51999) [SpeakerOutput:27333(pipe:27333)(adj:0) -> SESpeakerOutput:24666(pipe:24666)(adj:0)][ext:0][extra:0]
09-18 17:35:50.598 I/audio_hw_primary(  637): alignmentDeviceLatencyHighest: latency maximum 51999
09-18 17:35:50.599 I/<APAF>  (  637): <PRINT>_MI_APAF_FILTER_DELAY_SetParameter[1292]: [Delay][SESpeakerOutput] SetDelay RAW = 0 (CH = 0, SR = 0, BW = 16)
09-18 17:35:50.599 I/audio_hw_primary(  637): setDelayAdjustLatency: set SESpeakerOutput delay adjust latency 0 ms [total delay:0][delay:0/adjust:0/extra:0]
09-18 17:35:50.599 I/audio_hw_primary(  637): alignmentDeviceLatencyHighest: adjust pipeline:SESpeakerOutput delay_adjust_latency[1] 0->0 ms
09-18 17:35:50.600 I/<APAF>  (  637): <PRINT>_MI_APAF_FILTER_DELAY_SetParameter[1292]: [Delay][Loopback] SetDelay RAW = 0 (CH = 0, SR = 0, BW = 16)
09-18 17:35:50.600 I/audio_hw_primary(  637): setDelayAdjustLatency: set Loopback delay adjust latency 0 ms [total delay:0][delay:0/adjust:0/extra:0]
09-18 17:35:50.600 I/audio_hw_primary(  637): getPipelineTopologyLatency: Stream=Decoder_13, Device=SpeakerOutput, Action=connect, PathType=Primary, PostMode=Mpost.
09-18 17:35:50.600 D/audio_hw_primary(  637): getParameter: opspk.bt_a2dp =false
09-18 17:35:50.600 D/audio_hw_primary(  637): getSpeakerPostMode: ret= Sony.
09-18 17:35:50.600 D/audio_hw_primary(  637): getParameter: multipletunnelmode =false
09-18 17:35:50.600 D/audio_hw_primary(  637): getParameter: latencyreportpolicy =highest
09-18 17:35:50.600 I/audio_hw_primary(  637): getParameter: get Decoder_13 latency 0.
09-18 17:35:50.600 I/audio_hw_primary(  637): getPipelineTopologyLatencyHighest: Customized pipeline[Decoder_13] type[0] latency[pipe:0/adj:0/extra:0/ext:0]
09-18 17:35:50.600 I/audio_hw_primary(  637): getLatency: get SESpeakerOutput latency 24666.
09-18 17:35:50.601 I/audio_hw_primary(  637): getPipelineTopologyLatencyHighest: Customized pipeline[SESpeakerOutput] type[2] latency[pipe:24666/adj:0/extra:0/ext:0]
09-18 17:35:50.601 I/audio_hw_primary(  637): getLatency: get SpeakerOutput latency 27333.
09-18 17:35:50.601 I/audio_hw_primary(  637): getPipelineTopologyLatencyHighest: Customized pipeline[SpeakerOutput] type[4] latency[pipe:27333/adj:0/extra:0/ext:0]
09-18 17:35:50.601 I/audio_hw_primary(  637): utils_update_avsync_information: handle=13 latency render=51999 external=0
09-18 17:35:50.601 D/TpcAudioPipeline(  637): latencyInfo: this 0xea9402b0 hwSyncId 3840, user_id 0, type 2, min_latency 0
09-18 17:35:50.601 D/TpcAudioPipeline(  637): latencyInfo: latnecy change(0->0) is less than 5000, ignore to notify TPC
09-18 17:35:50.601 D/TpcAudioPipeline(  637): latencyInfo: this 0xea9402b0 hwSyncId 3840, user_id 0, type 1, min_latency 51999
09-18 17:35:50.601 I/audio_hw_primary(  637): utils_update_avsync_information: hw_sync_id 3840 use_id 0 report latency done
09-18 17:35:50.601 I/audio_hw_primary(  637): utils_TpcPostWrite: handle=13, current state(0) enter PLAY state
09-18 17:35:50.601 D/tpc@1.0-impl(  647): [mdbgin_TPC][onNotify][1265] [HwSyncId:3840][userId:0] pl:0xeb545ac0 this:0xecf05920 haltype:HAL_AUDIO pipeIndex:0 notify:RENDER_LATENCY_INFO, p1:51999000, p2:0, p3:0, p4:0 
09-18 17:35:50.601 I/audio_hw_primary(  637): __utils_judge_Metadata_source: primary_media_active=0, isKeep=0, MDFixMode=0
09-18 17:35:50.601 D/tpc@1.0-impl(  647): [mdbgin_TPC][onNotify][1265] [HwSyncId:3840][userId:0] pl:0xeb545ac0 this:0xecf05920 haltype:HAL_AUDIO pipeIndex:0 notify:UNMUTE_LATENCY_INFO, p1:51999000, p2:0, p3:0, p4:0 
09-18 17:35:50.601 D/tpc@1.0-impl(  647): [setUnMuteLatency][9718] Not support build source or type!!
09-18 17:35:50.603 D/android.hardware.media.c2@1.1-mediatek(  607): [import_mtk_dtv_native_buffer(): 717] mst buffer is secure: 0
09-18 17:35:50.604 D/android.hardware.media.c2@1.1-mediatek(  607): [import_mtk_dtv_native_buffer(): 717] mst buffer is secure: 0
09-18 17:35:50.607 I/audio_hw_primary(  637): updateFirstDecodedTimestamp: out_handle=13, hPipelineHandle=0x1f000000, sync id:3840 use id:0 first timestamp:0
09-18 17:35:50.607 D/TpcAudioPipeline(  637): firstDecodedTimestamp: this 0xea9402b0 hwSyncId 3840, timestamp 0
09-18 17:35:50.607 D/tpc@1.0-impl(  647): [mdbgin_TPC][onNotify][1265] [HwSyncId:3840][userId:0] pl:0xeb545ac0 this:0xecf05920 haltype:HAL_AUDIO pipeIndex:0 notify:FIRST_DECODED_TIMESTAMP, p1:0, p2:0, p3:0, p4:0 
09-18 17:35:50.607 I/audio_hw_primary(  637): utils_audio_metadata_callBack: handle=13 channel-mask=0x0000000c, seq-number=217868202 sample-rate=48000, has-atmos = 0, mtk.is-dualmono=0, presentation-language=, presentation-id=-1, mtk.dialogue-enhancement-max-gain=0
09-18 17:35:50.607 I/audio_hw_primary(  637): syncStatus: out_handle=13, hPipelineHandle=0x1f000000, sync id:3840 sync_status(2, 2)
09-18 17:35:50.607 D/TpcAudioPipeline(  637): syncStatus: this 0xea9402b0 hwSyncId 3840 sync_status 2
09-18 17:35:50.607 I/<APAF>  (  637): <PRINT>_MI_APAF_FILTER_SYNC_Thread[4285]: SyncDone[PTS:0 cPTS:0] pipeline[Decoder_13]
09-18 17:35:50.607 I/audio_hw_primary(  637): syncDone: out_handle=13, hPipelineHandle=0x1f000000, sync id:3840 sync done, timestamp=0
09-18 17:35:50.608 D/TpcAudioPipeline(  637): syncDone: this 0xea9402b0 hwSyncId 3840 timestamp 0
09-18 17:35:50.608 D/tpc@1.0-impl(  647): [mdbgin_TPC][onNotify][1265] [HwSyncId:3840][userId:0] pl:0xeb545ac0 this:0xecf05920 haltype:HAL_AUDIO pipeIndex:0 notify:REACH_SYNC, p1:0, p2:0, p3:0, p4:0 
09-18 17:35:50.608 D/VCodecVenc(  607): [L 324][EnqueInputBuffer]
09-18 17:35:50.611 I/<APAF>  (  637): <PRINT>_MI_APAF_FILTER_MIXER_ProcessData_32Bit[2118]: [SpeakerOutput] port[0] PreInputQue f[192]+j[256]=[448]
09-18 17:35:50.612 D/MediaStatisticsAnchor(  733): notifyMediaStatistics(pid=733, format="channel-mask=12, atmos-present=0", /*update*/ sessionId=2)
09-18 17:35:50.612 D/MediaStatisticsRepositoryService(  733): addMediaSessions: session 2, pid 733, channel-mask=12, atmos-present=0
09-18 17:35:50.612 D/MediaStatisticsRepositoryService(  733): calling listener: com.sony.dtv.mediastatistics.IMediaStatisticsChangeListener$Stub$Proxy@b1513f6
09-18 17:35:50.613 D/MediaStatisticsRepositoryService(  733): calling listener: com.sony.dtv.mediastatistics.IMediaStatisticsChangeListener$Stub$Proxy@8bf3af8
09-18 17:35:50.614 I/SSS_ProdMediaStatisticsApi( 1510): updateAudioSignalInfo
09-18 17:35:50.614 I/SSS_MediaStatisticsProvider( 1510): Analysing media format: {mime=video/raw, bitrate=8000000, component-name=c2.mtk.avc.encoder, width=1920, height=1080, max-bitrate=8000000, frame-rate=60, intra-refresh-period=0, prepend-sps-pps-to-idr-frames=0, latency=2, bitrate-mode=1, color-standard=1, color-transfer=3, color-range=2, pq-session-id=0}, isNativeStream=false
09-18 17:35:50.615 D/MediaStatisticsAnchor(  733): notifyMediaStatistics(pid=733, format="channel-mask=12, atmos-present=0", /*update*/ sessionId=3)
09-18 17:35:50.615 D/MediaStatisticsRepositoryService(  733): addMediaSessions: session 3, pid 733, channel-mask=12, atmos-present=0
09-18 17:35:50.615 D/MediaStatisticsRepositoryService(  733): calling listener: com.sony.dtv.mediastatistics.IMediaStatisticsChangeListener$Stub$Proxy@b1513f6
09-18 17:35:50.615 D/MediaStatisticsRepositoryService(  733): calling listener: com.sony.dtv.mediastatistics.IMediaStatisticsChangeListener$Stub$Proxy@8bf3af8
09-18 17:35:50.618 I/SSS_ProdMediaStatisticsApi( 1510): Mime category is NONE.
09-18 17:35:50.618 I/SSS_ProdMediaStatisticsApi( 1510): Construct AudioSignalInfo w/ package=android, mime=, isAtmos=false and channels=STEREO
09-18 17:35:50.618 I/SSS_ProdMediaStatisticsApi( 1510): Current Audio Signal Info is updated: [] -> [AudioSignalInfo(packageName=android, codec=UNKNOWN, channel=STEREO)]
09-18 17:35:50.618 E/SSS_HdrType( 1510): Unknown integer:null for HdrType. Returning null.
09-18 17:35:50.618 W/SSS_MediaStatisticsProvider( 1510): Couldn't resolve HDR type from media format.
09-18 17:35:50.626 I/kernel  ( 6265): [  217.887208][MTK_V4L2] level=0 vidioc_venc_qbuf(),1318: [4] id=0 getdata FB(2088960,2) vb=000000000c42c7f0 pts=0
09-18 17:35:50.618 I/SSS_AudioTraitManager( 1510): AudioSignalInfo(packageName=android, codec=UNKNOWN, channel=STEREO) is dropped because android is unexpected.
09-18 17:35:50.618 I/SSS_ProdMediaStatisticsApi( 1510): updateAudioSignalInfo
09-18 17:35:50.618 I/SSS_AudioTraitManager( 1510): audioSignalInfoForTraitClient is updated: [] -> []
09-18 17:35:50.619 W/SSS_MediaStatisticsProvider( 1510): Couldn't resolve media format category for null
09-18 17:35:50.619 W/SSS_MediaStatisticsProvider( 1510): Analysing media format is not contain pq-session-id
09-18 17:35:50.620 I/cast_shell( 3414): [0918/173550.620504:INFO:service_base.h(246)] Container sizes for type CloudSetting are (session_info_map: 0), (topic_info_map: 21), (pending_events: 0).
09-18 17:35:50.621 D/VCodecVencImpl(  607): [L 572][MtkVencSetConfig]
09-18 17:35:50.621 I/SSS_ProdMediaStatisticsApi( 1510): Mime category is NONE.
09-18 17:35:50.622 E/SSS_HdrType( 1510): Unknown integer:null for HdrType. Returning null.
09-18 17:35:50.622 W/SSS_MediaStatisticsProvider( 1510): Couldn't resolve HDR type from media format.
09-18 17:35:50.624 I/SSS_ProdMediaStatisticsApi( 1510): Construct AudioSignalInfo w/ package=android, mime=, isAtmos=false and channels=STEREO
09-18 17:35:50.624 I/SSS_MediaStatisticsProvider( 1510): Analysing media format: {mime=video/raw, bitrate=8000000, component-name=c2.mtk.avc.encoder, width=1920, height=1080, max-bitrate=8000000, frame-rate=60, intra-refresh-period=0, prepend-sps-pps-to-idr-frames=0, latency=2, bitrate-mode=1, color-standard=1, color-transfer=3, color-range=2, pq-session-id=0}, isNativeStream=false
09-18 17:35:50.625 I/SSS_ProdMediaStatisticsApi( 1510): Mime category is NONE.
09-18 17:35:50.625 I/SSS_ProdMediaStatisticsApi( 1510): Construct AudioSignalInfo w/ package=android, mime=, isAtmos=false and channels=STEREO
09-18 17:35:50.626 I/SSS_ProdMediaStatisticsApi( 1510): Current Audio Signal Info is updated: [AudioSignalInfo(packageName=android, codec=UNKNOWN, channel=STEREO)] -> [AudioSignalInfo(packageName=android, codec=UNKNOWN, channel=STEREO), AudioSignalInfo(packageName=android, codec=UNKNOWN, channel=STEREO)]
09-18 17:35:50.626 I/SSS_AudioTraitManager( 1510): AudioSignalInfo(packageName=android, codec=UNKNOWN, channel=STEREO) is dropped because android is unexpected.
09-18 17:35:50.626 I/SSS_AudioTraitManager( 1510): AudioSignalInfo(packageName=android, codec=UNKNOWN, channel=STEREO) is dropped because android is unexpected.
09-18 17:35:50.626 I/SSS_AudioTraitManager( 1510): audioSignalInfoForTraitClient is updated: [] -> []
09-18 17:35:50.627 E/SSS_HdrType( 1510): Unknown integer:null for HdrType. Returning null.
09-18 17:35:50.627 W/SSS_MediaStatisticsProvider( 1510): Couldn't resolve HDR type from media format.
09-18 17:35:50.628 W/SSS_MediaStatisticsProvider( 1510): Couldn't resolve media format category for null
09-18 17:35:50.628 W/SSS_MediaStatisticsProvider( 1510): Analysing media format is not contain pq-session-id
09-18 17:35:50.631 E/SSS_HdrType( 1510): Unknown integer:null for HdrType. Returning null.
09-18 17:35:50.631 W/SSS_MediaStatisticsProvider( 1510): Couldn't resolve HDR type from media format.
09-18 17:35:50.631 I/<APAF>  (  637): <PRINT>_MI_APAF_FILTER_MIXER_ProcessData_32Bit[2118]: [SESpeakerOutput] port[0] PreInputQue f[384]+j[768]=[1152]
09-18 17:35:50.631 W/SSS_MediaStatisticsProvider( 1510): Couldn't resolve media format category for null
09-18 17:35:50.631 W/SSS_MediaStatisticsProvider( 1510): Analysing media format is not contain pq-session-id
09-18 17:35:50.634 E/SSS_HdrType( 1510): Unknown integer:null for HdrType. Returning null.
09-18 17:35:50.634 W/SSS_MediaStatisticsProvider( 1510): Couldn't resolve HDR type from media format.
09-18 17:35:50.635 I/SSS_InternalPqParamProcessor( 1510): setPqParameters, setPqParamSessionId=59, contentMode=video, targetId=common, packageName=com.android.tv.settings, signalType=0
09-18 17:35:50.639 E/<MI3>   (  636): <ERR>_MI_TUNER_GetLock[4279]: [_MI_TUNER_GetLock][4279] *peLockStatus =  E_MI_TUNER_UNLOCK@!!!
09-18 17:35:50.639 E/<MI3>   (  636): <ERR>_MI_TUNER_GetLock[4279]: [_MI_TUNER_GetLock][4279] *peLockStatus =  E_MI_TUNER_UNLOCK@!!!
09-18 17:35:50.640 E/<MI3>   (  636): <ERR>_MI_TUNER_GetLock[4279]: [_MI_TUNER_GetLock][4279] *peLockStatus =  E_MI_TUNER_UNLOCK@!!!
09-18 17:35:50.641 I/SSS_GlobalPqParamsExtractorV2( 1510): Extracted global PQ mode = PQ_Single_Prioritized.
09-18 17:35:50.641 I/SSS_GlobalPqParamsMediator( 1510): setGlobalPqParameter: setPqParamSessionId = 59, isForceTimeSharingMode = ForceTimeSharingMode(value=true), refreshMode = RefreshMode(value=0), frameRate = FrameRate(value=0), isRefreshModeEnable = RefreshModeEnable(value=false).
09-18 17:35:50.642 I/SSS_InternalPqParamProcessor( 1510): setPqParameters, setPqParamSessionId=60, contentMode=video, targetId=common, packageName=com.android.tv.settings, signalType=0
09-18 17:35:50.649 I/SSS_GlobalPqParamsExtractorV2( 1510): Extracted global PQ mode = PQ_Single_Prioritized.
09-18 17:35:50.649 I/SSS_GlobalPqParamsMediator( 1510): setGlobalPqParameter: setPqParamSessionId = 60, isForceTimeSharingMode = ForceTimeSharingMode(value=true), refreshMode = RefreshMode(value=0), frameRate = FrameRate(value=0), isRefreshModeEnable = RefreshModeEnable(value=false).
09-18 17:35:50.652 D/VCodecVencImpl(  607): [L 572][MtkVencSetConfig]
09-18 17:35:50.657 I/kernel  ( 6265): [  217.917899][MTK_V4L2] level=0 vidioc_venc_qbuf(),1318: [4] id=0 getdata FB(2088960,2) vb=000000000c42c7f0 pts=0
09-18 17:35:50.665 D/android.hardware.media.c2@1.1-mediatek(  607): [import_mtk_dtv_native_buffer(): 717] mst buffer is secure: 0
09-18 17:35:50.666 D/android.hardware.media.c2@1.1-mediatek(  607): [import_mtk_dtv_native_buffer(): 717] mst buffer is secure: 0
09-18 17:35:50.670 D/VCodecVenc(  607): [L 324][EnqueInputBuffer]
09-18 17:35:50.681 D/android.hardware.media.c2@1.1-mediatek(  607): [import_mtk_dtv_native_buffer(): 717] mst buffer is secure: 0
09-18 17:35:50.682 D/android.hardware.media.c2@1.1-mediatek(  607): [import_mtk_dtv_native_buffer(): 717] mst buffer is secure: 0
09-18 17:35:50.683 D/VCodecVencImpl(  607): [L 572][MtkVencSetConfig]
09-18 17:35:50.686 D/VCodecVenc(  607): [L 324][EnqueInputBuffer]
09-18 17:35:50.688 I/kernel  ( 6265): [  217.949297][MTK_V4L2] level=0 vidioc_venc_qbuf(),1318: [4] id=0 getdata FB(2088960,2) vb=000000000c42c7f0 pts=0
09-18 17:35:50.698 D/android.hardware.media.c2@1.1-mediatek(  607): [import_mtk_dtv_native_buffer(): 717] mst buffer is secure: 0
09-18 17:35:50.699 D/android.hardware.media.c2@1.1-mediatek(  607): [import_mtk_dtv_native_buffer(): 717] mst buffer is secure: 0
09-18 17:35:50.703 D/VCodecVenc(  607): [L 324][EnqueInputBuffer]
09-18 17:35:50.714 D/VCodecVencImpl(  607): [L 572][MtkVencSetConfig]
09-18 17:35:50.716 D/android.hardware.media.c2@1.1-mediatek(  607): [import_mtk_dtv_native_buffer(): 717] mst buffer is secure: 0
09-18 17:35:50.717 D/android.hardware.media.c2@1.1-mediatek(  607): [import_mtk_dtv_native_buffer(): 717] mst buffer is secure: 0
09-18 17:35:50.719 I/kernel  ( 6265): [  217.979875][MTK_V4L2] level=0 vidioc_venc_qbuf(),1318: [4] id=0 getdata FB(2088960,2) vb=000000000c42c7f0 pts=0
09-18 17:35:50.721 D/VCodecVenc(  607): [L 324][EnqueInputBuffer]
09-18 17:35:50.732 D/android.hardware.media.c2@1.1-mediatek(  607): [import_mtk_dtv_native_buffer(): 717] mst buffer is secure: 0
09-18 17:35:50.732 D/android.hardware.media.c2@1.1-mediatek(  607): [import_mtk_dtv_native_buffer(): 717] mst buffer is secure: 0
09-18 17:35:50.736 D/VCodecVenc(  607): [L 324][EnqueInputBuffer]
09-18 17:35:50.744 D/VCodecVencImpl(  607): [L 572][MtkVencSetConfig]
09-18 17:35:50.749 I/kernel  ( 6265): [  218.010331][MTK_V4L2] level=0 vidioc_venc_qbuf(),1318: [4] id=0 getdata FB(2088960,2) vb=000000000c42c7f0 pts=0
09-18 17:35:50.751 D/android.hardware.media.c2@1.1-mediatek(  607): [import_mtk_dtv_native_buffer(): 717] mst buffer is secure: 0
09-18 17:35:50.752 D/android.hardware.media.c2@1.1-mediatek(  607): [import_mtk_dtv_native_buffer(): 717] mst buffer is secure: 0
09-18 17:35:50.757 D/VCodecVenc(  607): [L 324][EnqueInputBuffer]
09-18 17:35:50.765 D/android.hardware.media.c2@1.1-mediatek(  607): [import_mtk_dtv_native_buffer(): 717] mst buffer is secure: 0
09-18 17:35:50.766 D/android.hardware.media.c2@1.1-mediatek(  607): [import_mtk_dtv_native_buffer(): 717] mst buffer is secure: 0
09-18 17:35:50.769 D/VCodecVenc(  607): [L 324][EnqueInputBuffer]
09-18 17:35:50.775 D/VCodecVencImpl(  607): [L 572][MtkVencSetConfig]
09-18 17:35:50.779 I/kernel  ( 6265): [  218.040565][MTK_V4L2] level=0 vidioc_venc_qbuf(),1318: [4] id=0 getdata FB(2088960,2) vb=000000000c42c7f0 pts=0
09-18 17:35:50.782 D/android.hardware.media.c2@1.1-mediatek(  607): [import_mtk_dtv_native_buffer(): 717] mst buffer is secure: 0
09-18 17:35:50.782 D/android.hardware.media.c2@1.1-mediatek(  607): [import_mtk_dtv_native_buffer(): 717] mst buffer is secure: 0
09-18 17:35:50.786 D/VCodecVenc(  607): [L 324][EnqueInputBuffer]
09-18 17:35:50.798 D/android.hardware.media.c2@1.1-mediatek(  607): [import_mtk_dtv_native_buffer(): 717] mst buffer is secure: 0
09-18 17:35:50.798 D/android.hardware.media.c2@1.1-mediatek(  607): [import_mtk_dtv_native_buffer(): 717] mst buffer is secure: 0
09-18 17:35:50.803 D/VCodecVenc(  607): [L 324][EnqueInputBuffer]
09-18 17:35:50.808 D/VCodecVencImpl(  607): [L 572][MtkVencSetConfig]
09-18 17:35:50.813 I/kernel  ( 6265): [  218.073981][MTK_V4L2] level=0 vidioc_venc_qbuf(),1318: [4] id=0 getdata FB(2088960,2) vb=000000000c42c7f0 pts=0
09-18 17:35:50.815 D/android.hardware.media.c2@1.1-mediatek(  607): [import_mtk_dtv_native_buffer(): 717] mst buffer is secure: 0
09-18 17:35:50.815 D/android.hardware.media.c2@1.1-mediatek(  607): [import_mtk_dtv_native_buffer(): 717] mst buffer is secure: 0
09-18 17:35:50.820 D/VCodecVenc(  607): [L 324][EnqueInputBuffer]
09-18 17:35:50.831 D/android.hardware.media.c2@1.1-mediatek(  607): [import_mtk_dtv_native_buffer(): 717] mst buffer is secure: 0
09-18 17:35:50.832 D/android.hardware.media.c2@1.1-mediatek(  607): [import_mtk_dtv_native_buffer(): 717] mst buffer is secure: 0
09-18 17:35:50.836 D/VCodecVenc(  607): [L 324][EnqueInputBuffer]
09-18 17:35:50.838 D/VCodecVencImpl(  607): [L 572][MtkVencSetConfig]
09-18 17:35:50.840 E/<MI3>   (  636): <ERR>_MI_TUNER_GetLock[4279]: [_MI_TUNER_GetLock][4279] *peLockStatus =  E_MI_TUNER_UNLOCK@!!!
09-18 17:35:50.841 E/<MI3>   (  636): <ERR>_MI_TUNER_GetLock[4279]: [_MI_TUNER_GetLock][4279] *peLockStatus =  E_MI_TUNER_UNLOCK@!!!
09-18 17:35:50.841 E/<MI3>   (  636): <ERR>_MI_TUNER_GetLock[4279]: [_MI_TUNER_GetLock][4279] *peLockStatus =  E_MI_TUNER_UNLOCK@!!!
09-18 17:35:50.843 I/kernel  ( 6265): [  218.104094][MTK_V4L2] level=0 vidioc_venc_qbuf(),1318: [4] id=0 getdata FB(2088960,2) vb=000000000c42c7f0 pts=0
09-18 17:35:50.849 D/android.hardware.media.c2@1.1-mediatek(  607): [import_mtk_dtv_native_buffer(): 717] mst buffer is secure: 0
09-18 17:35:50.849 D/android.hardware.media.c2@1.1-mediatek(  607): [import_mtk_dtv_native_buffer(): 717] mst buffer is secure: 0
09-18 17:35:50.853 D/VCodecVenc(  607): [L 324][EnqueInputBuffer]
09-18 17:35:50.868 D/android.hardware.media.c2@1.1-mediatek(  607): [import_mtk_dtv_native_buffer(): 717] mst buffer is secure: 0
09-18 17:35:50.868 D/VCodecVencImpl(  607): [L 572][MtkVencSetConfig]
09-18 17:35:50.870 D/android.hardware.media.c2@1.1-mediatek(  607): [import_mtk_dtv_native_buffer(): 717] mst buffer is secure: 0
09-18 17:35:50.873 I/kernel  ( 6265): [  218.134334][MTK_V4L2] level=0 vidioc_venc_qbuf(),1318: [4] id=0 getdata FB(2088960,2) vb=000000000c42c7f0 pts=0
09-18 17:35:50.874 D/VCodecVenc(  607): [L 324][EnqueInputBuffer]
09-18 17:35:50.899 D/VCodecVencImpl(  607): [L 572][MtkVencSetConfig]
09-18 17:35:50.899 D/android.hardware.media.c2@1.1-mediatek(  607): [import_mtk_dtv_native_buffer(): 717] mst buffer is secure: 0
09-18 17:35:50.901 D/android.hardware.media.c2@1.1-mediatek(  607): [import_mtk_dtv_native_buffer(): 717] mst buffer is secure: 0
09-18 17:35:50.902 I/JpTis_IsdbSFrontendTuneImpl@4( 2016): LnbStatusCallbackImpl:onLnbStatusChanged from:LnbStatus(voltageOn=true, status=Pending) to:LnbStatus(voltageOn=false, status=Off) lnbPowerStatus:Pending
09-18 17:35:50.903 I/kernel  ( 6265): [  218.164614][MTK_V4L2] level=0 vidioc_venc_qbuf(),1318: [4] id=0 getdata FB(2088960,2) vb=000000000c42c7f0 pts=0
09-18 17:35:50.904 I/kernel  (  863): [  218.164888][A8303-1_Driver] [dish_a8303_1_fe_set_voltage] arg voltage is 0x00
09-18 17:35:50.904 I/kernel  (  863): [  218.165084][A8303-1_Driver] i2c_transfer msg[0] addr:0x08, len:2, flags:0
09-18 17:35:50.904 I/kernel  (  863): [  218.165089][A8303-1_Driver] i2c_transfer msg[0] buf[0]:0x00
09-18 17:35:50.904 I/kernel  (  863): [  218.165092][A8303-1_Driver] i2c_transfer msg[0] buf[1]:0x00
09-18 17:35:50.904 I/kernel  (  863): [  218.165203][A8303-1_Driver] [memorize_voltage] main_voltage = 2
09-18 17:35:50.902 I/JpTis_IsdbSFrontendTuneImpl@9( 2016): LnbStatusCallbackImpl:onLnbStatusChanged from:LnbStatus(voltageOn=true, status=Pending) to:LnbStatus(voltageOn=false, status=Off) lnbPowerStatus:Pending
09-18 17:35:50.902 I/JpTis_IsdbSFrontendTuneImpl@10( 2016): LnbStatusCallbackImpl:onLnbStatusChanged from:LnbStatus(voltageOn=true, status=Pending) to:LnbStatus(voltageOn=false, status=Off) lnbPowerStatus:Pending
09-18 17:35:50.902 I/JpTis_IsdbSFrontendTuneImpl@4( 2016): sendFrontendTuneStatusUnlocked()
09-18 17:35:50.902 I/JpTis_IsdbSFrontendTuneImpl@10( 2016): sendFrontendTuneStatusUnlocked()
09-18 17:35:50.902 I/JpTis_IsdbSFrontendTuneImpl@9( 2016): sendFrontendTuneStatusUnlocked()
09-18 17:35:50.902 I/JpTis_IsdbSTunerTune@9( 2016): onTuneEvent
09-18 17:35:50.903 I/JpTis_IsdbSTunerTune@10( 2016): onTuneEvent
09-18 17:35:50.903 I/JpTis_IsdbSTunerTune@4( 2016): onTuneEvent
09-18 17:35:50.904 I/JpTis_IsdbSTunerTune@10( 2016): lockStatus is Unlocked
09-18 17:35:50.904 I/JpTis_IsdbSTunerTune@9( 2016): lockStatus is Unlocked
09-18 17:35:50.905 I/JpTis_TsSatelliteSiAccumulatingTuneElement@9( 2016): Completed. Process transfer and status update. isWholeTimeout:false, eitPfCondition:BAD, eitSchCondition:BAD, ldtCondition:BAD, networkId:4, streamId:0x4450, serviceIds:[192]
09-18 17:35:50.905 D/VCodecVenc(  607): [L 324][EnqueInputBuffer]
09-18 17:35:50.905 I/JpTis_TsSatelliteSiAccumulatingTuneElement@9( 2016): Not Tables to store.
09-18 17:35:50.905 I/JpTis_IsdbSTunerTune@9( 2016): stop
09-18 17:35:50.905 I/JpTis_IsdbSTunerTune@4( 2016): lockStatus is Unlocked
09-18 17:35:50.906 I/JpTis_TsSatelliteSiAccumulatingTuneElement@4( 2016): Completed. Process transfer and status update. isWholeTimeout:false, eitPfCondition:BAD, eitSchCondition:BAD, ldtCondition:BAD, networkId:4, streamId:0x4770, serviceIds:[256]
09-18 17:35:50.906 I/JpTis_TsSatelliteSiAccumulatingTuneElement@4( 2016): Not Tables to store.
09-18 17:35:50.906 I/JpTis_IsdbSTunerTune@4( 2016): stop
09-18 17:35:50.907 I/kernel  ( 2513): [  218.168467][A8303-1_Driver] addr:0x08,  i2c status:0x1b from 0x0a
09-18 17:35:50.907 I/JpTis_TsSatelliteSiAccumulatingTuneElement@10( 2016): Completed. Process transfer and status update. isWholeTimeout:false, eitPfCondition:BAD, eitSchCondition:BAD, ldtCondition:BAD, networkId:7, streamId:0x7100, serviceIds:[290, 311, 316, 321, 333, 353]
09-18 17:35:50.907 I/JpTis_TsSatelliteSiAccumulatingTuneElement@10( 2016): Not Tables to store.
09-18 17:35:50.908 I/JpTis_IsdbSTunerTune@10( 2016): stop
09-18 17:35:50.914 V/mtktv.frontend(  636): [close:2632]: @@@@@@@@@@@@Frontend_close
09-18 17:35:50.918 E/kernel  ( 6884): [  218.178990]mediatek,dvb-adapter mtk-dvb-adapter: dvb_frontend_thread: !!!!!!DVB_FE_NORMAL_EXIT
09-18 17:35:50.918 I/kernel  ( 6884): [  218.179006]mtk_cfm: [cfm_sleep][1094]
09-18 17:35:50.918 I/kernel  (  863): [  218.179186][A8303-1_Driver] [dish_a8303_1_fe_set_voltage] arg voltage is 0x0b
09-18 17:35:50.920 I/kernel  (  863): [  218.180718][A8303-1_Driver] i2c_transfer msg[0] addr:0x08, len:2, flags:0
09-18 17:35:50.920 I/kernel  (  863): [  218.180732][A8303-1_Driver] i2c_transfer msg[0] buf[0]:0x00
09-18 17:35:50.920 I/kernel  (  863): [  218.180736][A8303-1_Driver] i2c_transfer msg[0] buf[1]:0x0b
09-18 17:35:50.920 I/kernel  (  863): [  218.180851][A8303-1_Driver] [memorize_voltage] main_voltage = 5
09-18 17:35:50.929 D/android.hardware.media.c2@1.1-mediatek(  607): [import_mtk_dtv_native_buffer(): 717] mst buffer is secure: 0
09-18 17:35:50.929 D/VCodecVencImpl(  607): [L 572][MtkVencSetConfig]
09-18 17:35:50.930 D/android.hardware.media.c2@1.1-mediatek(  607): [import_mtk_dtv_native_buffer(): 717] mst buffer is secure: 0
09-18 17:35:50.932 I/kernel  ( 2513): [  218.193240][A8303-1_Driver] addr:0x08,  i2c status:0x0a from 0x1b
09-18 17:35:50.934 I/kernel  ( 6265): [  218.195412][MTK_V4L2] level=0 vidioc_venc_qbuf(),1318: [4] id=0 getdata FB(2088960,2) vb=000000000c42c7f0 pts=0
09-18 17:35:50.933 D/VCodecVenc(  607): [L 324][EnqueInputBuffer]
09-18 17:35:50.960 D/VCodecVencImpl(  607): [L 572][MtkVencSetConfig]
09-18 17:35:50.960 D/android.hardware.media.c2@1.1-mediatek(  607): [import_mtk_dtv_native_buffer(): 717] mst buffer is secure: 0
09-18 17:35:50.962 D/android.hardware.media.c2@1.1-mediatek(  607): [import_mtk_dtv_native_buffer(): 717] mst buffer is secure: 0
09-18 17:35:50.965 I/kernel  ( 6265): [  218.225837][MTK_V4L2] level=0 vidioc_venc_qbuf(),1318: [4] id=0 getdata FB(2088960,2) vb=000000000c42c7f0 pts=0
09-18 17:35:50.965 V/mtktv.frontend(  636): [close:2683]: REMOVE DELAY in Frontend::close() to chk mutex work or not when open)
09-18 17:35:50.966 D/VCodecVenc(  607): [L 324][EnqueInputBuffer]
09-18 17:35:50.966 V/mtktv.frontend(  636): [close:2632]: @@@@@@@@@@@@Frontend_close
09-18 17:35:50.967 I/JpTis_TsSatelliteStreamSiAccumulatingRequest@9( 2016): tryNext
09-18 17:35:50.967 I/JpTis_TsSatelliteStreamSiAccumulatingRequest@9( 2016): process next.
09-18 17:35:50.970 E/kernel  ( 6882): [  218.230883]mediatek,dvb-adapter mtk-dvb-adapter: dvb_frontend_thread: !!!!!!DVB_FE_NORMAL_EXIT
09-18 17:35:50.970 I/kernel  ( 6882): [  218.230899]mtk_cfm: [cfm_sleep][1094]
09-18 17:35:50.970 I/JpTis_TsSatelliteEitSchSegmentTableContainerFactory@9( 2016): create EitSchBasicActual container. networkId:4, serviceId:193, serviceType:AribServiceType(serviceTypeValue=0x01), basicSegments:64, criteriaSegments:64, timeout:PT3M19S
09-18 17:35:50.970 I/JpTis_TsSatelliteEitSchSegmentTableContainerFactory@9( 2016): create EitSchExtended container. networkId:4, serviceId:193, serviceType:AribServiceType(serviceTypeValue=0x01), basicSegments:64, criteriaSegments:64, timeout:PT3M19S
09-18 17:35:50.972 I/JpTis_IsdbSFrontendTuneImpl@9( 2016): startTuning: frontendSettings: frequency:1126200000, streamId:0x4451, streamIdType:0x00, modulation:1, codeRate:1, symbolRate:0, rollOff:0
09-18 17:35:50.973 D/MediaTvTuner( 2016): Tune to 1126200000
09-18 17:35:50.990 D/VCodecVencImpl(  607): [L 572][MtkVencSetConfig]
09-18 17:35:50.990 D/android.hardware.media.c2@1.1-mediatek(  607): [import_mtk_dtv_native_buffer(): 717] mst buffer is secure: 0
09-18 17:35:50.991 D/android.hardware.media.c2@1.1-mediatek(  607): [import_mtk_dtv_native_buffer(): 717] mst buffer is secure: 0
09-18 17:35:50.994 D/VCodecVenc(  607): [L 324][EnqueInputBuffer]
09-18 17:35:50.995 I/kernel  ( 6265): [  218.256216][MTK_V4L2] level=0 vidioc_venc_qbuf(),1318: [4] id=0 getdata FB(2088960,2) vb=000000000c42c7f0 pts=0
09-18 17:35:51.017 V/mtktv.frontend(  636): [close:2683]: REMOVE DELAY in Frontend::close() to chk mutex work or not when open)
09-18 17:35:51.018 I/JpTis_TsSatelliteStreamSiAccumulatingRequest@4( 2016): tryNext
09-18 17:35:51.018 I/JpTis_TsSatelliteStreamSiAccumulatingRequest@4( 2016): process next.
09-18 17:35:51.018 V/mtktv.frontend(  636): [close:2632]: @@@@@@@@@@@@Frontend_close
09-18 17:35:51.021 D/android.hardware.media.c2@1.1-mediatek(  607): [import_mtk_dtv_native_buffer(): 717] mst buffer is secure: 0
09-18 17:35:51.021 D/VCodecVencImpl(  607): [L 572][MtkVencSetConfig]
09-18 17:35:51.022 I/JpTis_TsSatelliteEitSchSegmentTableContainerFactory@4( 2016): create EitSchBasicActual container. networkId:4, serviceId:200, serviceType:AribServiceType(serviceTypeValue=0x01), basicSegments:64, criteriaSegments:16, timeout:PT12S
09-18 17:35:51.023 D/android.hardware.media.c2@1.1-mediatek(  607): [import_mtk_dtv_native_buffer(): 717] mst buffer is secure: 0
09-18 17:35:51.022 E/kernel  ( 6886): [  218.283311]mediatek,dvb-adapter mtk-dvb-adapter: dvb_frontend_thread: !!!!!!DVB_FE_NORMAL_EXIT
09-18 17:35:51.022 I/kernel  ( 6886): [  218.283327]mtk_cfm: [cfm_sleep][1094]
09-18 17:35:51.026 I/kernel  ( 6265): [  218.286682][MTK_V4L2] level=0 vidioc_venc_qbuf(),1318: [4] id=0 getdata FB(2088960,2) vb=000000000c42c7f0 pts=0
09-18 17:35:51.025 I/JpTis_IsdbSFrontendTuneImpl@4( 2016): startTuning: frontendSettings: frequency:1318000000, streamId:0x48f3, streamIdType:0x00, modulation:1, codeRate:1, symbolRate:0, rollOff:0
09-18 17:35:51.025 D/MediaTvTuner( 2016): Tune to 1318000000
09-18 17:35:51.026 D/VCodecVenc(  607): [L 324][EnqueInputBuffer]
09-18 17:35:51.051 D/VCodecVencImpl(  607): [L 572][MtkVencSetConfig]
09-18 17:35:51.052 D/android.hardware.media.c2@1.1-mediatek(  607): [import_mtk_dtv_native_buffer(): 717] mst buffer is secure: 0
09-18 17:35:51.052 D/android.hardware.media.c2@1.1-mediatek(  607): [import_mtk_dtv_native_buffer(): 717] mst buffer is secure: 0
09-18 17:35:51.056 I/kernel  ( 6265): [  218.316980][MTK_V4L2] level=0 vidioc_venc_qbuf(),1318: [4] id=0 getdata FB(2088960,2) vb=000000000c42c7f0 pts=0
09-18 17:35:51.056 D/VCodecVenc(  607): [L 324][EnqueInputBuffer]
09-18 17:35:51.069 V/mtktv.frontend(  636): [close:2683]: REMOVE DELAY in Frontend::close() to chk mutex work or not when open)
09-18 17:35:51.070 D/MediaTvTuner( 2016): Requesting frontend: clientId = 12, frontendType = 7
09-18 17:35:51.070 I/JpTis_IsdbSFrontendTuneImpl@10( 2016): LnbStatusCallbackImpl:onLnbStatusChanged from:LnbStatus(voltageOn=false, status=Off) to:LnbStatus(voltageOn=false, status=Pending) lnbPowerStatus:Pending
09-18 17:35:51.070 I/JpTis_IsdbSFrontendTuneImpl@10( 2016): onLnbStatusChanged() is invalid
09-18 17:35:51.070 I/JpTis_TsSatelliteStreamSiAccumulatingRequest@10( 2016): tryNext
09-18 17:35:51.070 I/JpTis_TsSatelliteStreamSiAccumulatingRequest@10( 2016): process next.
09-18 17:35:51.072 E/<MI3>   (  636): <ERR>MI_TUNER_GetAttr[13152]: pOutputParams is NULL
09-18 17:35:51.072 V/mtktv.frontend(  636): [open:2541]: @@@@@@@@@@@@Frontend_open
09-18 17:35:51.073 I/JpTis_TsSatelliteEitSchSegmentTableContainerFactory@10( 2016): create EitSchBasicActual container. networkId:7, serviceId:240, serviceType:AribServiceType(serviceTypeValue=0x01), basicSegments:64, criteriaSegments:64, timeout:PT3M19S
09-18 17:35:51.073 I/JpTis_TsSatelliteEitSchSegmentTableContainerFactory@10( 2016): create EitSchBasicActual container. networkId:7, serviceId:262, serviceType:AribServiceType(serviceTypeValue=0x01), basicSegments:64, criteriaSegments:64, timeout:PT3M19S
09-18 17:35:51.074 I/JpTis_TsSatelliteEitSchSegmentTableContainerFactory@10( 2016): create EitSchBasicActual container. networkId:7, serviceId:305, serviceType:AribServiceType(serviceTypeValue=0x01), basicSegments:64, criteriaSegments:64, timeout:PT3M19S
09-18 17:35:51.074 I/JpTis_TsSatelliteEitSchSegmentTableContainerFactory@10( 2016): create EitSchBasicActual container. networkId:7, serviceId:314, serviceType:AribServiceType(serviceTypeValue=0x01), basicSegments:64, criteriaSegments:64, timeout:PT3M19S
09-18 17:35:51.074 I/JpTis_TsSatelliteEitSchSegmentTableContainerFactory@10( 2016): Do not create EitSchExtended container. extendedTransmissionRanges:Segments(minSegments=64, maxSegments=64, defaultSegments=64, signaledSegments=null)
09-18 17:35:51.074 I/JpTis_TsSatelliteEitSchSegmentTableContainerFactory@10( 2016): Do not create EitSchExtended container. extendedTransmissionRanges:Segments(minSegments=64, maxSegments=64, defaultSegments=64, signaledSegments=null)
09-18 17:35:51.074 I/JpTis_TsSatelliteEitSchSegmentTableContainerFactory@10( 2016): Do not create EitSchExtended container. extendedTransmissionRanges:Segments(minSegments=64, maxSegments=64, defaultSegments=64, signaledSegments=null)
09-18 17:35:51.074 I/JpTis_TsSatelliteEitSchSegmentTableContainerFactory@10( 2016): Do not create EitSchExtended container. extendedTransmissionRanges:Segments(minSegments=64, maxSegments=64, defaultSegments=64, signaledSegments=null)
09-18 17:35:51.075 I/kernel  ( 6905): [  218.336591]mtk_cfm: [cfm_init][600]
09-18 17:35:51.075 I/kernel  ( 6905): [  218.336604]mtk_cfm: [_confirm_which_tuner_use][299]
09-18 17:35:51.075 I/kernel  ( 6905): [  218.336608]mtk_cfm: [_convert_array_to_u16][282], testValue.element[i = 0] = [0x1], value = [0x2]
09-18 17:35:51.075 I/kernel  ( 6905): [  218.336612]mtk_cfm: [_convert_array_to_u16][282], testValue.element[i = 1] = [0x2], value = [0x6]
09-18 17:35:51.075 I/kernel  ( 6905): [  218.336616]mtk_cfm: [_convert_array_to_u16][282], testValue.element[i = 2] = [0x3], value = [0xe]
09-18 17:35:51.075 I/kernel  ( 6905): [  218.336619]mtk_cfm: [_convert_array_to_u16][282], testValue.element[i = 3] = [0x5], value = [0x2e]
09-18 17:35:51.075 I/kernel  ( 6905): [  218.336622]mtk_cfm: [_convert_array_to_u16][282], testValue.element[i = 4] = [0x6], value = [0x6e]
09-18 17:35:51.075 I/kernel  ( 6905): [  218.336625]mtk_cfm: [_convert_array_to_u16][282], testValue.element[i = 5] = [0x8], value = [0x16e]
09-18 17:35:51.076 I/JpTis_LdtTableContainerFactory@10( 2016): create LdtTableContainer. services:[ServiceElement(networkId=7, serviceId=240, serviceType=AribServiceType(serviceTypeValue=0x01), isEitSchBasicOn=true, isEitSchExtendedOn=true, criteriaSegments=64), ServiceElement(networkId=7, serviceId=262, serviceType=AribServiceType(serviceTypeValue=0x01), isEitSchBasicOn=true, isEitSchExtendedOn=true, criteriaSegments=64), ServiceElement(networkId=7, serviceId=305, serviceType=AribServiceType(serviceTypeValue=0x01), isEitSchBasicOn=true, isEitSchExtendedOn=true, criteriaSegments=64), ServiceElement(networkId=7, serviceId=314, serviceType=AribServiceType(serviceTypeValue=0x01), isEitSchBasicOn=true, isEitSchExtendedOn=true, criteriaSegments=64)], timeout:PT3M19S
09-18 17:35:51.075 I/kernel  ( 6905): [  218.336628]mtk_cfm: [_convert_array_to_u16][282], testValue.element[i = 6] = [0x9], value = [0x36e]
09-18 17:35:51.078 I/JpTis_IsdbSFrontendTuneImpl@10( 2016): startTuning: frontendSettings: frequency:1933000000, streamId:0x7120, streamIdType:0x00, modulation:1, codeRate:1, symbolRate:0, rollOff:0
09-18 17:35:51.075 I/kernel  ( 6905): [  218.336631]mtk_cfm: [_convert_array_to_u16][282], testValue.element[i = 7] = [0xa], value = [0x76e]
09-18 17:35:51.078 D/MediaTvTuner( 2016): Tune to 1933000000
09-18 17:35:51.075 I/kernel  ( 6905): [  218.336635]mtk_cfm: [_convert_array_to_u16][282], testValue.element[i = 8] = [0xb], value = [0xf6e]
09-18 17:35:51.075 I/kernel  ( 6905): [  218.336638]mtk_cfm: [_convert_array_to_u16][282], testValue.element[i = 9] = [0xd], value = [0x2f6e]
09-18 17:35:51.075 I/kernel  ( 6905): [  218.336641]mtk_cfm: [_convert_array_to_u16][282], testValue.element[i = 10] = [0x10], value = [0x12f6e]
09-18 17:35:51.075 I/kernel  ( 6905): [  218.336644]mtk_cfm: [_convert_array_to_u16][282], testValue.element[i = 11] = [0x12], value = [0x52f6e]
09-18 17:35:51.075 I/kernel  ( 6905): [  218.336647]mtk_cfm: [_convert_array_to_u16][282], testValue.element[i = 12] = [0x14], value = [0x152f6e]
09-18 17:35:51.075 I/kernel  ( 6905): [  218.336650]mtk_cfm: [_convert_array_to_u16][282], testValue.element[i = 13] = [0x15], value = [0x352f6e]
09-18 17:35:51.075 I/kernel  ( 6905): [  218.336653]mtk_cfm: [_convert_array_to_u16][282], testValue.element[i = 14] = [0x13], value = [0x3d2f6e]
09-18 17:35:51.075 I/kernel  ( 6905): [  218.336656]mtk_cfm: [_confirm_which_tuner_use][322], board_del_sys_capability = [0x3d2f6e]
09-18 17:35:51.075 I/kernel  ( 6905): [  218.336659]mtk_cfm: [_confirm_which_tuner_use][327], act_del_sys_capability = [0x3d2f6e]
09-18 17:35:51.075 I/kernel  ( 6905): [  218.336662]mtk_cfm: [_confirm_which_tuner_use][333], Correct to selected tuner index = [0]
09-18 17:35:51.075 I/kernel  ( 6905): [  218.336665]mtk_cfm: [_confirm_which_demod_use][368]
09-18 17:35:51.081 D/VCodecVencImpl(  607): [L 572][MtkVencSetConfig]
09-18 17:35:51.086 I/kernel  ( 6265): [  218.347325][MTK_V4L2] level=0 vidioc_venc_qbuf(),1318: [4] id=0 getdata FB(2088960,2) vb=000000000c42c7f0 pts=0
09-18 17:35:51.108 I/kernel  (  862): [  218.369562]mtk_cfm: [cfm_set_lna][725] lna 1
09-18 17:35:51.107 D/MediaTvTuner( 2016): Write Stats Log for tuning.
09-18 17:35:51.107 D/MediaTvTuner( 2016): Requesting frontend: clientId = 7, frontendType = 7
09-18 17:35:51.109 E/<MI3>   (  636): <ERR>MI_TUNER_GetAttr[13152]: pOutputParams is NULL
09-18 17:35:51.109 V/mtktv.frontend(  636): [open:2541]: @@@@@@@@@@@@Frontend_open
09-18 17:35:51.111 W/kernel  (  862): [  218.372098]mediatek,dvb-adapter mtk-dvb-adapter: DVB: adapter 0 frontend 0 frequency limits undefined - fix the driver
09-18 17:35:51.111 I/kernel  (  862): [  218.372116]mtk_cfm: [cfm_get_tune_settings][1149]
09-18 17:35:51.112 D/VCodecVencImpl(  607): [L 572][MtkVencSetConfig]
09-18 17:35:51.111 I/kernel  ( 6905): [  218.372145]mtk_cfm: [cfm_get_frontend_algo][1070]
09-18 17:35:51.111 I/kernel  ( 6905): [  218.372153]mtk_cfm: [cfm_tune][777]Start: re_tune = 1
09-18 17:35:51.111 I/kernel  ( 6905): [  218.372157]mtk_cfm: [_confirm_which_tuner_use][299]
09-18 17:35:51.111 I/kernel  ( 6905): [  218.372160]mtk_cfm: [_convert_array_to_u16][282], testValue.element[i = 0] = [0x1], value = [0x2]
09-18 17:35:51.111 I/kernel  ( 6905): [  218.372165]mtk_cfm: [_convert_array_to_u16][282], testValue.element[i = 1] = [0x2], value = [0x6]
09-18 17:35:51.111 I/kernel  ( 6905): [  218.372168]mtk_cfm: [_convert_array_to_u16][282], testValue.element[i = 2] = [0x3], value = [0xe]
09-18 17:35:51.111 I/kernel  ( 6905): [  218.372171]mtk_cfm: [_convert_array_to_u16][282], testValue.element[i = 3] = [0x5], value = [0x2e]
09-18 17:35:51.111 I/kernel  ( 6905): [  218.372174]mtk_cfm: [_convert_array_to_u16][282], testValue.element[i = 4] = [0x6], value = [0x6e]
09-18 17:35:51.111 I/kernel  ( 6905): [  218.372177]mtk_cfm: [_convert_array_to_u16][282], testValue.element[i = 5] = [0x8], value = [0x16e]
