09-18 17:36:24.139 D/PasspointManager(  733): No service provider found for _b2b_wpa3_192
09-18 17:36:24.139 I/ScanResultUtil####debug(  733): check createSecurityParamsBySecurityType
09-18 17:36:24.139 I/ScanResultUtil####debug(  733): check createSecurityParamsBySecurityType
09-18 17:36:24.139 I/ScanResultUtil####debug(  733): call createSecurityParamsBySecurityType
09-18 17:36:24.139 I/SecurityParams####debug(  733): createWpa3PersonalParams
09-18 17:36:24.139 I/ScanResultUtil####debug(  733): check createSecurityParamsBySecurityType
09-18 17:36:24.139 I/ScanResultUtil####debug(  733): call createSecurityParamsBySecurityType
09-18 17:36:24.139 I/SecurityParams####debug(  733): createWpa3PersonalParams
09-18 17:36:24.139 I/ScanResultUtil####debug(  733): check createSecurityParamsBySecurityType
09-18 17:36:24.139 I/ScanResultUtil####debug(  733): call createSecurityParamsBySecurityType
09-18 17:36:24.139 I/SecurityParams####debug(  733): createWpa3PersonalParams
09-18 17:36:24.139 I/ScanResultUtil####debug(  733): check createSecurityParamsBySecurityType
09-18 17:36:24.139 I/ScanResultUtil####debug(  733): call createSecurityParamsBySecurityType
09-18 17:36:24.139 I/SecurityParams####debug(  733): createWpa3PersonalParams
09-18 17:36:24.139 I/ScanResultUtil####debug(  733): check createSecurityParamsBySecurityType
09-18 17:36:24.139 I/ScanResultUtil####debug(  733): call createSecurityParamsBySecurityType
09-18 17:36:24.139 I/SecurityParams####debug(  733): createWpa3PersonalParams
09-18 17:36:24.140 I/ScanResultUtil####debug(  733): check createSecurityParamsBySecurityType
09-18 17:36:24.140 I/ScanResultUtil####debug(  733): call createSecurityParamsBySecurityType
09-18 17:36:24.140 I/SecurityParams####debug(  733): createWpa3PersonalParams
09-18 17:36:24.140 I/ScanResultUtil####debug(  733): check createSecurityParamsBySecurityType
09-18 17:36:24.140 I/ScanResultUtil####debug(  733): call createSecurityParamsBySecurityType
09-18 17:36:24.140 I/SecurityParams####debug(  733): createWpa3PersonalParams
09-18 17:36:24.140 I/ScanResultUtil####debug(  733): check createSecurityParamsBySecurityType
09-18 17:36:24.140 I/ScanResultUtil####debug(  733): call createSecurityParamsBySecurityType
09-18 17:36:24.140 I/SecurityParams####debug(  733): createWpa3PersonalParams
09-18 17:36:24.140 I/ScanResultUtil####debug(  733): check createSecurityParamsBySecurityType
09-18 17:36:24.140 I/ScanResultUtil####debug(  733): check createSecurityParamsBySecurityType
09-18 17:36:24.140 I/ScanResultUtil####debug(  733): check createSecurityParamsBySecurityType
09-18 17:36:24.140 I/ScanResultUtil####debug(  733): call createSecurityParamsBySecurityType
09-18 17:36:24.140 I/SecurityParams####debug(  733): createWpa3PersonalParams
09-18 17:36:24.140 I/ScanResultUtil####debug(  733): check createSecurityParamsBySecurityType
09-18 17:36:24.141 I/ScanResultUtil####debug(  733): call createSecurityParamsBySecurityType
09-18 17:36:24.141 I/SecurityParams####debug(  733): createWpa3PersonalParams
09-18 17:36:24.141 I/ScanResultUtil####debug(  733): check createSecurityParamsBySecurityType
09-18 17:36:24.141 I/ScanResultUtil####debug(  733): call createSecurityParamsBySecurityType
09-18 17:36:24.141 I/SecurityParams####debug(  733): createWpa3PersonalParams
09-18 17:36:24.141 I/ScanResultUtil####debug(  733): check createSecurityParamsBySecurityType
09-18 17:36:24.141 I/ScanResultUtil####debug(  733): call createSecurityParamsBySecurityType
09-18 17:36:24.141 I/SecurityParams####debug(  733): createWpa3PersonalParams
09-18 17:36:24.141 I/ScanResultUtil####debug(  733): check createSecurityParamsBySecurityType
09-18 17:36:24.141 I/ScanResultUtil####debug(  733): check createSecurityParamsBySecurityType
09-18 17:36:24.141 I/ScanResultUtil####debug(  733): check createSecurityParamsBySecurityType
09-18 17:36:24.141 I/ScanResultUtil####debug(  733): check createSecurityParamsBySecurityType
09-18 17:36:24.141 I/ScanResultUtil####debug(  733): check createSecurityParamsBySecurityType
09-18 17:36:24.141 I/ScanResultUtil####debug(  733): check createSecurityParamsBySecurityType
09-18 17:36:24.141 I/ScanResultUtil####debug(  733): check createSecurityParamsBySecurityType
09-18 17:36:24.141 I/ScanResultUtil####debug(  733): call createSecurityParamsBySecurityType
09-18 17:36:24.141 I/SecurityParams####debug(  733): createWpa3PersonalParams
09-18 17:36:24.141 I/ScanResultUtil####debug(  733): check createSecurityParamsBySecurityType
09-18 17:36:24.142 I/ScanResultUtil####debug(  733): check createSecurityParamsBySecurityType
09-18 17:36:24.142 I/ScanResultUtil####debug(  733): call createSecurityParamsBySecurityType
09-18 17:36:24.142 I/SecurityParams####debug(  733): createWpa3PersonalParams
09-18 17:36:24.142 I/ScanResultUtil####debug(  733): check createSecurityParamsBySecurityType
09-18 17:36:24.142 I/ScanResultUtil####debug(  733): call createSecurityParamsBySecurityType
09-18 17:36:24.142 I/SecurityParams####debug(  733): createWpa3PersonalParams
09-18 17:36:24.142 I/ScanResultUtil####debug(  733): check createSecurityParamsBySecurityType
09-18 17:36:24.142 I/ScanResultUtil####debug(  733): check createSecurityParamsBySecurityType
09-18 17:36:24.142 I/ScanResultUtil####debug(  733): call createSecurityParamsBySecurityType
09-18 17:36:24.142 I/SecurityParams####debug(  733): createWpa3PersonalParams
09-18 17:36:24.142 I/ScanResultUtil####debug(  733): check createSecurityParamsBySecurityType
09-18 17:36:24.142 I/ScanResultUtil####debug(  733): call createSecurityParamsBySecurityType
09-18 17:36:24.142 I/SecurityParams####debug(  733): createWpa3PersonalParams
09-18 17:36:24.142 I/ScanResultUtil####debug(  733): check createSecurityParamsBySecurityType
09-18 17:36:24.142 I/ScanResultUtil####debug(  733): call createSecurityParamsBySecurityType
09-18 17:36:24.142 I/SecurityParams####debug(  733): createWpa3PersonalParams
09-18 17:36:24.142 I/ScanResultUtil####debug(  733): check createSecurityParamsBySecurityType
09-18 17:36:24.142 I/ScanResultUtil####debug(  733): call createSecurityParamsBySecurityType
09-18 17:36:24.142 I/SecurityParams####debug(  733): createWpa3PersonalParams
09-18 17:36:24.142 I/ScanResultUtil####debug(  733): check createSecurityParamsBySecurityType
09-18 17:36:24.142 I/ScanResultUtil####debug(  733): call createSecurityParamsBySecurityType
09-18 17:36:24.142 I/SecurityParams####debug(  733): createWpa3PersonalParams
09-18 17:36:24.143 I/ScanResultUtil####debug(  733): check createSecurityParamsBySecurityType
09-18 17:36:24.143 I/ScanResultUtil####debug(  733): call createSecurityParamsBySecurityType
09-18 17:36:24.143 I/SecurityParams####debug(  733): createWpa3PersonalParams
09-18 17:36:24.143 I/ScanResultUtil####debug(  733): check createSecurityParamsBySecurityType
09-18 17:36:24.143 I/ScanResultUtil####debug(  733): check createSecurityParamsBySecurityType
09-18 17:36:24.143 I/ScanResultUtil####debug(  733): check createSecurityParamsBySecurityType
09-18 17:36:24.143 I/ScanResultUtil####debug(  733): check createSecurityParamsBySecurityType
09-18 17:36:24.143 I/ScanResultUtil####debug(  733): check createSecurityParamsBySecurityType
09-18 17:36:24.143 I/ScanResultUtil####debug(  733): call createSecurityParamsBySecurityType
09-18 17:36:24.143 I/SecurityParams####debug(  733): createWpa3PersonalParams
09-18 17:36:24.143 I/ScanResultUtil####debug(  733): check createSecurityParamsBySecurityType
09-18 17:36:24.143 I/ScanResultUtil####debug(  733): call createSecurityParamsBySecurityType
09-18 17:36:24.143 I/SecurityParams####debug(  733): createWpa3PersonalParams
09-18 17:36:24.143 I/ScanResultUtil####debug(  733): check createSecurityParamsBySecurityType
09-18 17:36:24.143 D/PasspointManager(  733): ANQP entry not found for: ec:5a:31:ac:ab:11:<_b2b_wpa3_192>
09-18 17:36:24.144 D/PasspointManager(  733): No service provider found for _b2b_wpa3_192
09-18 17:36:24.144 I/ScanResultUtil####debug(  733): check createSecurityParamsBySecurityType
09-18 17:36:24.144 I/ScanResultUtil####debug(  733): check createSecurityParamsBySecurityType
09-18 17:36:24.144 I/ScanResultUtil####debug(  733): call createSecurityParamsBySecurityType
09-18 17:36:24.144 I/SecurityParams####debug(  733): createWpa3PersonalParams
09-18 17:36:24.144 I/ScanResultUtil####debug(  733): check createSecurityParamsBySecurityType
09-18 17:36:24.144 I/ScanResultUtil####debug(  733): call createSecurityParamsBySecurityType
09-18 17:36:24.144 I/SecurityParams####debug(  733): createWpa3PersonalParams
09-18 17:36:24.144 I/ScanResultUtil####debug(  733): check createSecurityParamsBySecurityType
09-18 17:36:24.144 I/ScanResultUtil####debug(  733): call createSecurityParamsBySecurityType
09-18 17:36:24.144 I/SecurityParams####debug(  733): createWpa3PersonalParams
09-18 17:36:24.144 D/PasspointManager(  733): ANQP entry not found for: 68:e1:dc:a9:f6:29:<Buffalo-5G-F620>
09-18 17:36:24.144 D/PasspointManager(  733): No service provider found for Buffalo-5G-F620
09-18 17:36:24.144 I/ScanResultUtil####debug(  733): check createSecurityParamsBySecurityType
09-18 17:36:24.144 I/ScanResultUtil####debug(  733): check createSecurityParamsBySecurityType
09-18 17:36:24.145 I/ScanResultUtil####debug(  733): check createSecurityParamsBySecurityType
09-18 17:36:24.145 I/ScanResultUtil####debug(  733): call createSecurityParamsBySecurityType
09-18 17:36:24.145 I/SecurityParams####debug(  733): createWpa3PersonalParams
09-18 17:36:24.145 I/ScanResultUtil####debug(  733): check createSecurityParamsBySecurityType
09-18 17:36:24.145 I/ScanResultUtil####debug(  733): call createSecurityParamsBySecurityType
09-18 17:36:24.145 I/SecurityParams####debug(  733): createWpa3PersonalParams
09-18 17:36:24.145 I/ScanResultUtil####debug(  733): check createSecurityParamsBySecurityType
09-18 17:36:24.145 I/ScanResultUtil####debug(  733): call createSecurityParamsBySecurityType
09-18 17:36:24.145 I/SecurityParams####debug(  733): createWpa3PersonalParams
09-18 17:36:24.145 I/ScanResultUtil####debug(  733): check createSecurityParamsBySecurityType
09-18 17:36:24.145 I/ScanResultUtil####debug(  733): call createSecurityParamsBySecurityType
09-18 17:36:24.145 I/SecurityParams####debug(  733): createWpa3PersonalParams
09-18 17:36:24.145 I/ScanResultUtil####debug(  733): check createSecurityParamsBySecurityType
09-18 17:36:24.145 I/ScanResultUtil####debug(  733): call createSecurityParamsBySecurityType
09-18 17:36:24.145 I/SecurityParams####debug(  733): createWpa3PersonalParams
09-18 17:36:24.145 I/ScanResultUtil####debug(  733): check createSecurityParamsBySecurityType
09-18 17:36:24.145 I/ScanResultUtil####debug(  733): call createSecurityParamsBySecurityType
09-18 17:36:24.145 I/SecurityParams####debug(  733): createWpa3PersonalParams
09-18 17:36:24.147 I/ScanResultUtil####debug(  733): check createSecurityParamsBySecurityType
09-18 17:36:24.147 I/ScanResultUtil####debug(  733): call createSecurityParamsBySecurityType
09-18 17:36:24.147 I/SecurityParams####debug(  733): createWpa3PersonalParams
09-18 17:36:24.148 V/WifiConnectivityManager(  733): AllSingleScanListener onResults: start network selection
09-18 17:36:24.148 I/ScanResultUtil####debug(  733): check createSecurityParamsBySecurityType
09-18 17:36:24.148 I/ScanResultUtil####debug(  733): call createSecurityParamsBySecurityType
09-18 17:36:24.148 I/SecurityParams####debug(  733): createWpa3PersonalParams
09-18 17:36:24.148 I/ScanResultUtil####debug(  733): check createSecurityParamsBySecurityType
09-18 17:36:24.148 I/ScanResultUtil####debug(  733): call createSecurityParamsBySecurityType
09-18 17:36:24.148 I/SecurityParams####debug(  733): createWpa3PersonalParams
09-18 17:36:24.148 I/ScanResultUtil####debug(  733): check createSecurityParamsBySecurityType
09-18 17:36:24.148 I/ScanResultUtil####debug(  733): call createSecurityParamsBySecurityType
09-18 17:36:24.148 I/SecurityParams####debug(  733): createWpa3PersonalParams
09-18 17:36:24.148 I/ScanResultUtil####debug(  733): check createSecurityParamsBySecurityType
09-18 17:36:24.148 I/ScanResultUtil####debug(  733): call createSecurityParamsBySecurityType
09-18 17:36:24.148 I/SecurityParams####debug(  733): createWpa3PersonalParams
09-18 17:36:24.149 I/ScanResultUtil####debug(  733): check createSecurityParamsBySecurityType
09-18 17:36:24.149 I/ScanResultUtil####debug(  733): call createSecurityParamsBySecurityType
09-18 17:36:24.149 I/SecurityParams####debug(  733): createWpa3PersonalParams
09-18 17:36:24.149 I/ScanResultUtil####debug(  733): check createSecurityParamsBySecurityType
09-18 17:36:24.149 I/ScanResultUtil####debug(  733): call createSecurityParamsBySecurityType
09-18 17:36:24.149 I/SecurityParams####debug(  733): createWpa3PersonalParams
09-18 17:36:24.149 I/ScanResultUtil####debug(  733): check createSecurityParamsBySecurityType
09-18 17:36:24.149 I/ScanResultUtil####debug(  733): call createSecurityParamsBySecurityType
09-18 17:36:24.149 I/SecurityParams####debug(  733): createWpa3PersonalParams
09-18 17:36:24.149 I/ScanResultUtil####debug(  733): check createSecurityParamsBySecurityType
09-18 17:36:24.149 I/ScanResultUtil####debug(  733): check createSecurityParamsBySecurityType
09-18 17:36:24.150 I/ScanResultUtil####debug(  733): call createSecurityParamsBySecurityType
09-18 17:36:24.150 I/SecurityParams####debug(  733): createWpa3PersonalParams
09-18 17:36:24.150 I/ScanResultUtil####debug(  733): check createSecurityParamsBySecurityType
09-18 17:36:24.150 I/ScanResultUtil####debug(  733): call createSecurityParamsBySecurityType
09-18 17:36:24.150 I/SecurityParams####debug(  733): createWpa3PersonalParams
09-18 17:36:24.150 I/ScanResultUtil####debug(  733): check createSecurityParamsBySecurityType
09-18 17:36:24.150 I/ScanResultUtil####debug(  733): call createSecurityParamsBySecurityType
09-18 17:36:24.150 I/SecurityParams####debug(  733): createWpa3PersonalParams
09-18 17:36:24.150 V/WifiConfigManager(  733): getSavedNetworkFromScanResult Found "HyokaT-Buffalo-B_2.4GHz"WPA_PSK for HyokaT-Buffalo-B_2.4GHz[[WPA2-PSK-CCMP][RSN-PSK-CCMP][ESS][WPS]]
09-18 17:36:24.150 I/ScanResultUtil####debug(  733): check createSecurityParamsBySecurityType
09-18 17:36:24.150 I/ScanResultUtil####debug(  733): call createSecurityParamsBySecurityType
09-18 17:36:24.150 I/SecurityParams####debug(  733): createWpa3PersonalParams
09-18 17:36:24.150 I/ScanResultUtil####debug(  733): check createSecurityParamsBySecurityType
09-18 17:36:24.150 I/ScanResultUtil####debug(  733): call createSecurityParamsBySecurityType
09-18 17:36:24.150 I/SecurityParams####debug(  733): createWpa3PersonalParams
09-18 17:36:24.151 I/ScanResultUtil####debug(  733): check createSecurityParamsBySecurityType
09-18 17:36:24.151 I/ScanResultUtil####debug(  733): call createSecurityParamsBySecurityType
09-18 17:36:24.151 I/SecurityParams####debug(  733): createWpa3PersonalParams
09-18 17:36:24.151 I/ScanResultUtil####debug(  733): check createSecurityParamsBySecurityType
09-18 17:36:24.151 I/ScanResultUtil####debug(  733): call createSecurityParamsBySecurityType
09-18 17:36:24.151 I/SecurityParams####debug(  733): createWpa3PersonalParams
09-18 17:36:24.151 I/ScanResultUtil####debug(  733): check createSecurityParamsBySecurityType
09-18 17:36:24.151 I/ScanResultUtil####debug(  733): call createSecurityParamsBySecurityType
09-18 17:36:24.151 I/SecurityParams####debug(  733): createWpa3PersonalParams
09-18 17:36:24.151 I/ScanResultUtil####debug(  733): check createSecurityParamsBySecurityType
09-18 17:36:24.151 I/ScanResultUtil####debug(  733): call createSecurityParamsBySecurityType
09-18 17:36:24.151 I/SecurityParams####debug(  733): createWpa3PersonalParams
09-18 17:36:24.151 I/ScanResultUtil####debug(  733): check createSecurityParamsBySecurityType
09-18 17:36:24.151 I/ScanResultUtil####debug(  733): call createSecurityParamsBySecurityType
09-18 17:36:24.151 I/SecurityParams####debug(  733): createWpa3PersonalParams
09-18 17:36:24.151 I/ScanResultUtil####debug(  733): check createSecurityParamsBySecurityType
09-18 17:36:24.151 I/ScanResultUtil####debug(  733): call createSecurityParamsBySecurityType
09-18 17:36:24.151 I/SecurityParams####debug(  733): createWpa3PersonalParams
09-18 17:36:24.151 I/ScanResultUtil####debug(  733): check createSecurityParamsBySecurityType
09-18 17:36:24.151 I/ScanResultUtil####debug(  733): call createSecurityParamsBySecurityType
09-18 17:36:24.151 I/SecurityParams####debug(  733): createWpa3PersonalParams
09-18 17:36:24.151 I/ScanResultUtil####debug(  733): check createSecurityParamsBySecurityType
09-18 17:36:24.151 I/ScanResultUtil####debug(  733): call createSecurityParamsBySecurityType
09-18 17:36:24.151 I/SecurityParams####debug(  733): createWpa3PersonalParams
09-18 17:36:24.151 I/ScanResultUtil####debug(  733): check createSecurityParamsBySecurityType
09-18 17:36:24.152 I/ScanResultUtil####debug(  733): call createSecurityParamsBySecurityType
09-18 17:36:24.152 I/SecurityParams####debug(  733): createWpa3PersonalParams
09-18 17:36:24.152 I/ScanResultUtil####debug(  733): check createSecurityParamsBySecurityType
09-18 17:36:24.152 I/ScanResultUtil####debug(  733): call createSecurityParamsBySecurityType
09-18 17:36:24.152 I/SecurityParams####debug(  733): createWpa3PersonalParams
09-18 17:36:24.152 I/ScanResultUtil####debug(  733): check createSecurityParamsBySecurityType
09-18 17:36:24.152 I/ScanResultUtil####debug(  733): call createSecurityParamsBySecurityType
09-18 17:36:24.152 I/SecurityParams####debug(  733): createWpa3PersonalParams
09-18 17:36:24.152 I/ScanResultUtil####debug(  733): check createSecurityParamsBySecurityType
09-18 17:36:24.152 I/ScanResultUtil####debug(  733): call createSecurityParamsBySecurityType
09-18 17:36:24.152 I/SecurityParams####debug(  733): createWpa3PersonalParams
09-18 17:36:24.152 I/ScanResultUtil####debug(  733): check createSecurityParamsBySecurityType
09-18 17:36:24.152 I/ScanResultUtil####debug(  733): call createSecurityParamsBySecurityType
09-18 17:36:24.152 I/SecurityParams####debug(  733): createWpa3PersonalParams
09-18 17:36:24.152 I/ScanResultUtil####debug(  733): check createSecurityParamsBySecurityType
09-18 17:36:24.152 I/ScanResultUtil####debug(  733): call createSecurityParamsBySecurityType
09-18 17:36:24.152 I/SecurityParams####debug(  733): createWpa3PersonalParams
09-18 17:36:24.152 I/ScanResultUtil####debug(  733): check createSecurityParamsBySecurityType
09-18 17:36:24.152 I/ScanResultUtil####debug(  733): call createSecurityParamsBySecurityType
09-18 17:36:24.152 I/SecurityParams####debug(  733): createWpa3PersonalParams
09-18 17:36:24.152 I/ScanResultUtil####debug(  733): check createSecurityParamsBySecurityType
09-18 17:36:24.152 I/ScanResultUtil####debug(  733): call createSecurityParamsBySecurityType
09-18 17:36:24.152 I/SecurityParams####debug(  733): createWpa3PersonalParams
09-18 17:36:24.152 I/ScanResultUtil####debug(  733): check createSecurityParamsBySecurityType
09-18 17:36:24.152 I/ScanResultUtil####debug(  733): call createSecurityParamsBySecurityType
09-18 17:36:24.152 I/SecurityParams####debug(  733): createWpa3PersonalParams
09-18 17:36:24.153 I/ScanResultUtil####debug(  733): check createSecurityParamsBySecurityType
09-18 17:36:24.153 I/ScanResultUtil####debug(  733): call createSecurityParamsBySecurityType
09-18 17:36:24.153 I/SecurityParams####debug(  733): createWpa3PersonalParams
09-18 17:36:24.153 I/ScanResultUtil####debug(  733): check createSecurityParamsBySecurityType
09-18 17:36:24.153 I/ScanResultUtil####debug(  733): call createSecurityParamsBySecurityType
09-18 17:36:24.153 I/SecurityParams####debug(  733): createWpa3PersonalParams
09-18 17:36:24.153 I/ScanResultUtil####debug(  733): check createSecurityParamsBySecurityType
09-18 17:36:24.153 I/ScanResultUtil####debug(  733): call createSecurityParamsBySecurityType
09-18 17:36:24.153 I/SecurityParams####debug(  733): createWpa3PersonalParams
09-18 17:36:24.153 I/ScanResultUtil####debug(  733): check createSecurityParamsBySecurityType
09-18 17:36:24.153 I/ScanResultUtil####debug(  733): call createSecurityParamsBySecurityType
09-18 17:36:24.153 I/SecurityParams####debug(  733): createWpa3PersonalParams
09-18 17:36:24.153 I/ScanResultUtil####debug(  733): check createSecurityParamsBySecurityType
09-18 17:36:24.153 I/ScanResultUtil####debug(  733): call createSecurityParamsBySecurityType
09-18 17:36:24.153 I/SecurityParams####debug(  733): createWpa3PersonalParams
09-18 17:36:24.153 I/ScanResultUtil####debug(  733): check createSecurityParamsBySecurityType
09-18 17:36:24.153 I/ScanResultUtil####debug(  733): call createSecurityParamsBySecurityType
09-18 17:36:24.153 I/SecurityParams####debug(  733): createWpa3PersonalParams
09-18 17:36:24.153 I/ScanResultUtil####debug(  733): check createSecurityParamsBySecurityType
09-18 17:36:24.153 I/ScanResultUtil####debug(  733): call createSecurityParamsBySecurityType
09-18 17:36:24.153 I/SecurityParams####debug(  733): createWpa3PersonalParams
09-18 17:36:24.154 I/ScanResultUtil####debug(  733): check createSecurityParamsBySecurityType
09-18 17:36:24.154 I/ScanResultUtil####debug(  733): call createSecurityParamsBySecurityType
09-18 17:36:24.154 I/SecurityParams####debug(  733): createWpa3PersonalParams
09-18 17:36:24.154 I/ScanResultUtil####debug(  733): check createSecurityParamsBySecurityType
09-18 17:36:24.154 I/ScanResultUtil####debug(  733): call createSecurityParamsBySecurityType
09-18 17:36:24.154 I/SecurityParams####debug(  733): createWpa3PersonalParams
09-18 17:36:24.154 I/ScanResultUtil####debug(  733): check createSecurityParamsBySecurityType
09-18 17:36:24.154 I/ScanResultUtil####debug(  733): call createSecurityParamsBySecurityType
09-18 17:36:24.154 I/SecurityParams####debug(  733): createWpa3PersonalParams
09-18 17:36:24.154 I/ScanResultUtil####debug(  733): check createSecurityParamsBySecurityType
09-18 17:36:24.154 I/ScanResultUtil####debug(  733): call createSecurityParamsBySecurityType
09-18 17:36:24.154 I/SecurityParams####debug(  733): createWpa3PersonalParams
09-18 17:36:24.154 I/ScanResultUtil####debug(  733): check createSecurityParamsBySecurityType
09-18 17:36:24.154 I/ScanResultUtil####debug(  733): call createSecurityParamsBySecurityType
09-18 17:36:24.154 I/SecurityParams####debug(  733): createWpa3PersonalParams
09-18 17:36:24.154 I/ScanResultUtil####debug(  733): check createSecurityParamsBySecurityType
09-18 17:36:24.154 I/ScanResultUtil####debug(  733): call createSecurityParamsBySecurityType
09-18 17:36:24.156 I/kernel  ( 6986): [  251.416732]mtk_cfm: [cfm_tune][868] demod_result : 0
09-18 17:36:24.157 I/kernel  ( 6986): [  251.417819]mtk_cfm: [cfm_tune][896]E(status:0x0)
09-18 17:36:24.165 I/kernel  ( 6265): [  251.426659][MTK_V4L2] level=0 vidioc_venc_qbuf(),1318: [4] id=0 getdata FB(2088960,2) vb=000000000c42c7f0 pts=0
09-18 17:36:24.154 I/SecurityParams####debug(  733): createWpa3PersonalParams
09-18 17:36:24.154 I/ScanResultUtil####debug(  733): check createSecurityParamsBySecurityType
09-18 17:36:24.154 I/ScanResultUtil####debug(  733): call createSecurityParamsBySecurityType
09-18 17:36:24.154 I/SecurityParams####debug(  733): createWpa3PersonalParams
09-18 17:36:24.154 I/ScanResultUtil####debug(  733): check createSecurityParamsBySecurityType
09-18 17:36:24.154 I/ScanResultUtil####debug(  733): call createSecurityParamsBySecurityType
09-18 17:36:24.154 I/SecurityParams####debug(  733): createWpa3PersonalParams
09-18 17:36:24.154 I/ScanResultUtil####debug(  733): check createSecurityParamsBySecurityType
09-18 17:36:24.155 I/ScanResultUtil####debug(  733): call createSecurityParamsBySecurityType
09-18 17:36:24.155 I/SecurityParams####debug(  733): createWpa3PersonalParams
09-18 17:36:24.155 I/ScanResultUtil####debug(  733): check createSecurityParamsBySecurityType
09-18 17:36:24.155 I/ScanResultUtil####debug(  733): call createSecurityParamsBySecurityType
09-18 17:36:24.155 I/SecurityParams####debug(  733): createWpa3PersonalParams
09-18 17:36:24.155 I/ScanResultUtil####debug(  733): check createSecurityParamsBySecurityType
09-18 17:36:24.155 I/ScanResultUtil####debug(  733): call createSecurityParamsBySecurityType
09-18 17:36:24.155 I/SecurityParams####debug(  733): createWpa3PersonalParams
09-18 17:36:24.155 I/ScanResultUtil####debug(  733): check createSecurityParamsBySecurityType
09-18 17:36:24.155 I/ScanResultUtil####debug(  733): call createSecurityParamsBySecurityType
09-18 17:36:24.155 I/SecurityParams####debug(  733): createWpa3PersonalParams
09-18 17:36:24.155 I/ScanResultUtil####debug(  733): check createSecurityParamsBySecurityType
09-18 17:36:24.155 I/ScanResultUtil####debug(  733): call createSecurityParamsBySecurityType
09-18 17:36:24.155 I/SecurityParams####debug(  733): createWpa3PersonalParams
09-18 17:36:24.155 I/ScanResultUtil####debug(  733): check createSecurityParamsBySecurityType
09-18 17:36:24.155 I/ScanResultUtil####debug(  733): call createSecurityParamsBySecurityType
09-18 17:36:24.155 I/SecurityParams####debug(  733): createWpa3PersonalParams
09-18 17:36:24.155 I/ScanResultUtil####debug(  733): check createSecurityParamsBySecurityType
09-18 17:36:24.155 I/ScanResultUtil####debug(  733): call createSecurityParamsBySecurityType
09-18 17:36:24.155 I/SecurityParams####debug(  733): createWpa3PersonalParams
09-18 17:36:24.155 I/ScanResultUtil####debug(  733): check createSecurityParamsBySecurityType
09-18 17:36:24.155 I/ScanResultUtil####debug(  733): call createSecurityParamsBySecurityType
09-18 17:36:24.155 I/SecurityParams####debug(  733): createWpa3PersonalParams
09-18 17:36:24.155 I/ScanResultUtil####debug(  733): check createSecurityParamsBySecurityType
09-18 17:36:24.155 I/ScanResultUtil####debug(  733): call createSecurityParamsBySecurityType
09-18 17:36:24.155 I/SecurityParams####debug(  733): createWpa3PersonalParams
09-18 17:36:24.156 I/ScanResultUtil####debug(  733): check createSecurityParamsBySecurityType
09-18 17:36:24.156 I/ScanResultUtil####debug(  733): call createSecurityParamsBySecurityType
09-18 17:36:24.156 I/SecurityParams####debug(  733): createWpa3PersonalParams
09-18 17:36:24.156 I/ScanResultUtil####debug(  733): check createSecurityParamsBySecurityType
09-18 17:36:24.156 I/ScanResultUtil####debug(  733): call createSecurityParamsBySecurityType
09-18 17:36:24.156 I/SecurityParams####debug(  733): createWpa3PersonalParams
09-18 17:36:24.156 I/ScanResultUtil####debug(  733): check createSecurityParamsBySecurityType
09-18 17:36:24.156 I/ScanResultUtil####debug(  733): call createSecurityParamsBySecurityType
09-18 17:36:24.156 I/SecurityParams####debug(  733): createWpa3PersonalParams
09-18 17:36:24.156 I/ScanResultUtil####debug(  733): check createSecurityParamsBySecurityType
09-18 17:36:24.156 I/ScanResultUtil####debug(  733): call createSecurityParamsBySecurityType
09-18 17:36:24.156 I/SecurityParams####debug(  733): createWpa3PersonalParams
09-18 17:36:24.156 I/ScanResultUtil####debug(  733): check createSecurityParamsBySecurityType
09-18 17:36:24.156 I/ScanResultUtil####debug(  733): call createSecurityParamsBySecurityType
09-18 17:36:24.156 I/SecurityParams####debug(  733): createWpa3PersonalParams
09-18 17:36:24.156 I/ScanResultUtil####debug(  733): check createSecurityParamsBySecurityType
09-18 17:36:24.156 I/ScanResultUtil####debug(  733): call createSecurityParamsBySecurityType
09-18 17:36:24.156 I/SecurityParams####debug(  733): createWpa3PersonalParams
09-18 17:36:24.156 I/ScanResultUtil####debug(  733): check createSecurityParamsBySecurityType
09-18 17:36:24.156 I/ScanResultUtil####debug(  733): call createSecurityParamsBySecurityType
09-18 17:36:24.156 I/SecurityParams####debug(  733): createWpa3PersonalParams
09-18 17:36:24.156 I/ScanResultUtil####debug(  733): check createSecurityParamsBySecurityType
09-18 17:36:24.156 I/ScanResultUtil####debug(  733): call createSecurityParamsBySecurityType
09-18 17:36:24.157 I/SecurityParams####debug(  733): createWpa3PersonalParams
09-18 17:36:24.157 I/ScanResultUtil####debug(  733): check createSecurityParamsBySecurityType
09-18 17:36:24.157 I/ScanResultUtil####debug(  733): call createSecurityParamsBySecurityType
09-18 17:36:24.157 I/SecurityParams####debug(  733): createWpa3PersonalParams
09-18 17:36:24.157 I/ScanResultUtil####debug(  733): check createSecurityParamsBySecurityType
09-18 17:36:24.157 I/ScanResultUtil####debug(  733): call createSecurityParamsBySecurityType
09-18 17:36:24.157 I/SecurityParams####debug(  733): createWpa3PersonalParams
09-18 17:36:24.157 I/ScanResultUtil####debug(  733): check createSecurityParamsBySecurityType
09-18 17:36:24.157 I/ScanResultUtil####debug(  733): call createSecurityParamsBySecurityType
09-18 17:36:24.157 I/SecurityParams####debug(  733): createWpa3PersonalParams
09-18 17:36:24.157 I/ScanResultUtil####debug(  733): check createSecurityParamsBySecurityType
09-18 17:36:24.157 I/ScanResultUtil####debug(  733): check createSecurityParamsBySecurityType
09-18 17:36:24.157 I/ScanResultUtil####debug(  733): call createSecurityParamsBySecurityType
09-18 17:36:24.158 I/SecurityParams####debug(  733): createWpa3PersonalParams
09-18 17:36:24.158 I/ScanResultUtil####debug(  733): check createSecurityParamsBySecurityType
09-18 17:36:24.158 I/ScanResultUtil####debug(  733): check createSecurityParamsBySecurityType
09-18 17:36:24.158 I/ScanResultUtil####debug(  733): check createSecurityParamsBySecurityType
09-18 17:36:24.158 I/ScanResultUtil####debug(  733): call createSecurityParamsBySecurityType
09-18 17:36:24.158 I/SecurityParams####debug(  733): createWpa3PersonalParams
09-18 17:36:24.158 I/ScanResultUtil####debug(  733): check createSecurityParamsBySecurityType
09-18 17:36:24.158 I/ScanResultUtil####debug(  733): check createSecurityParamsBySecurityType
09-18 17:36:24.158 I/ScanResultUtil####debug(  733): call createSecurityParamsBySecurityType
09-18 17:36:24.158 I/SecurityParams####debug(  733): createWpa3PersonalParams
09-18 17:36:24.158 I/ScanResultUtil####debug(  733): check createSecurityParamsBySecurityType
09-18 17:36:24.158 I/ScanResultUtil####debug(  733): call createSecurityParamsBySecurityType
09-18 17:36:24.158 I/SecurityParams####debug(  733): createWpa3PersonalParams
09-18 17:36:24.158 I/ScanResultUtil####debug(  733): check createSecurityParamsBySecurityType
09-18 17:36:24.158 I/ScanResultUtil####debug(  733): check createSecurityParamsBySecurityType
09-18 17:36:24.158 I/ScanResultUtil####debug(  733): call createSecurityParamsBySecurityType
09-18 17:36:24.158 I/SecurityParams####debug(  733): createWpa3PersonalParams
09-18 17:36:24.159 I/ScanResultUtil####debug(  733): check createSecurityParamsBySecurityType
09-18 17:36:24.159 I/ScanResultUtil####debug(  733): call createSecurityParamsBySecurityType
09-18 17:36:24.159 I/SecurityParams####debug(  733): createWpa3PersonalParams
09-18 17:36:24.159 I/ScanResultUtil####debug(  733): check createSecurityParamsBySecurityType
09-18 17:36:24.179 I/kernel  ( 6988): [  251.439766]cxd_tnr: [cxd_tnr_set_params][372] broadcastType:20 freq:1164560 bandwidth_hz:0 tvsystem:0
09-18 17:36:24.179 I/kernel  ( 6988): [  251.440168]cxd_tnr: :----------------------     TUNE (Tuner)      -------------------
09-18 17:36:24.179 I/kernel  ( 6988): [  251.440171]cxd_tnr: :                      | dtvSystem           | (sat)
09-18 17:36:24.179 I/kernel  ( 6988): [  251.440173]cxd_tnr: :                      | frequency           | 1164560 kHz
09-18 17:36:24.179 I/kernel  ( 6988): [  251.440176]cxd_tnr: :                      | symbol rate         | 0 ksps
09-18 17:36:24.159 I/ScanResultUtil####debug(  733): check createSecurityParamsBySecurityType
09-18 17:36:24.159 I/ScanResultUtil####debug(  733): call createSecurityParamsBySecurityType
09-18 17:36:24.159 I/SecurityParams####debug(  733): createWpa3PersonalParams
09-18 17:36:24.159 I/ScanResultUtil####debug(  733): check createSecurityParamsBySecurityType
09-18 17:36:24.159 I/ScanResultUtil####debug(  733): call createSecurityParamsBySecurityType
09-18 17:36:24.159 I/SecurityParams####debug(  733): createWpa3PersonalParams
09-18 17:36:24.159 I/ScanResultUtil####debug(  733): check createSecurityParamsBySecurityType
09-18 17:36:24.159 I/ScanResultUtil####debug(  733): call createSecurityParamsBySecurityType
09-18 17:36:24.159 I/SecurityParams####debug(  733): createWpa3PersonalParams
09-18 17:36:24.159 I/ScanResultUtil####debug(  733): check createSecurityParamsBySecurityType
09-18 17:36:24.159 I/ScanResultUtil####debug(  733): call createSecurityParamsBySecurityType
09-18 17:36:24.159 I/SecurityParams####debug(  733): createWpa3PersonalParams
09-18 17:36:24.159 I/ScanResultUtil####debug(  733): check createSecurityParamsBySecurityType
09-18 17:36:24.159 I/ScanResultUtil####debug(  733): check createSecurityParamsBySecurityType
09-18 17:36:24.160 I/ScanResultUtil####debug(  733): check createSecurityParamsBySecurityType
09-18 17:36:24.160 I/ScanResultUtil####debug(  733): call createSecurityParamsBySecurityType
09-18 17:36:24.160 I/SecurityParams####debug(  733): createWpa3PersonalParams
09-18 17:36:24.160 I/ScanResultUtil####debug(  733): check createSecurityParamsBySecurityType
09-18 17:36:24.160 I/ScanResultUtil####debug(  733): check createSecurityParamsBySecurityType
09-18 17:36:24.160 I/ScanResultUtil####debug(  733): call createSecurityParamsBySecurityType
09-18 17:36:24.160 I/SecurityParams####debug(  733): createWpa3PersonalParams
09-18 17:36:24.160 I/ScanResultUtil####debug(  733): check createSecurityParamsBySecurityType
09-18 17:36:24.160 I/ScanResultUtil####debug(  733): check createSecurityParamsBySecurityType
09-18 17:36:24.160 I/ScanResultUtil####debug(  733): check createSecurityParamsBySecurityType
09-18 17:36:24.160 I/ScanResultUtil####debug(  733): call createSecurityParamsBySecurityType
09-18 17:36:24.160 I/SecurityParams####debug(  733): createWpa3PersonalParams
09-18 17:36:24.160 I/ScanResultUtil####debug(  733): check createSecurityParamsBySecurityType
09-18 17:36:24.160 I/ScanResultUtil####debug(  733): check createSecurityParamsBySecurityType
09-18 17:36:24.160 I/ScanResultUtil####debug(  733): call createSecurityParamsBySecurityType
09-18 17:36:24.160 I/SecurityParams####debug(  733): createWpa3PersonalParams
09-18 17:36:24.161 I/ScanResultUtil####debug(  733): check createSecurityParamsBySecurityType
09-18 17:36:24.161 I/ScanResultUtil####debug(  733): check createSecurityParamsBySecurityType
09-18 17:36:24.161 I/ScanResultUtil####debug(  733): call createSecurityParamsBySecurityType
09-18 17:36:24.161 I/SecurityParams####debug(  733): createWpa3PersonalParams
09-18 17:36:24.161 I/ScanResultUtil####debug(  733): check createSecurityParamsBySecurityType
09-18 17:36:24.161 D/VCodecVencImpl(  607): [L 572][MtkVencSetConfig]
09-18 17:36:24.161 I/ScanResultUtil####debug(  733): check createSecurityParamsBySecurityType
09-18 17:36:24.161 I/ScanResultUtil####debug(  733): call createSecurityParamsBySecurityType
09-18 17:36:24.161 I/SecurityParams####debug(  733): createWpa3PersonalParams
09-18 17:36:24.161 I/ScanResultUtil####debug(  733): check createSecurityParamsBySecurityType
09-18 17:36:24.161 I/ScanResultUtil####debug(  733): call createSecurityParamsBySecurityType
09-18 17:36:24.161 I/SecurityParams####debug(  733): createWpa3PersonalParams
09-18 17:36:24.161 I/ScanResultUtil####debug(  733): check createSecurityParamsBySecurityType
09-18 17:36:24.161 D/android.hardware.media.c2@1.1-mediatek(  607): [import_mtk_dtv_native_buffer(): 717] mst buffer is secure: 0
09-18 17:36:24.163 D/android.hardware.media.c2@1.1-mediatek(  607): [import_mtk_dtv_native_buffer(): 717] mst buffer is secure: 0
09-18 17:36:24.164 I/ScanResultUtil####debug(  733): call createSecurityParamsBySecurityType
09-18 17:36:24.164 I/SecurityParams####debug(  733): createWpa3PersonalParams
09-18 17:36:24.165 I/ScanResultUtil####debug(  733): check createSecurityParamsBySecurityType
09-18 17:36:24.165 I/ScanResultUtil####debug(  733): check createSecurityParamsBySecurityType
09-18 17:36:24.165 I/ScanResultUtil####debug(  733): call createSecurityParamsBySecurityType
09-18 17:36:24.165 I/SecurityParams####debug(  733): createWpa3PersonalParams
09-18 17:36:24.165 I/ScanResultUtil####debug(  733): check createSecurityParamsBySecurityType
09-18 17:36:24.165 I/ScanResultUtil####debug(  733): check createSecurityParamsBySecurityType
09-18 17:36:24.165 I/ScanResultUtil####debug(  733): call createSecurityParamsBySecurityType
09-18 17:36:24.165 I/SecurityParams####debug(  733): createWpa3PersonalParams
09-18 17:36:24.165 I/ScanResultUtil####debug(  733): check createSecurityParamsBySecurityType
09-18 17:36:24.165 I/ScanResultUtil####debug(  733): check createSecurityParamsBySecurityType
09-18 17:36:24.165 I/ScanResultUtil####debug(  733): call createSecurityParamsBySecurityType
09-18 17:36:24.165 I/SecurityParams####debug(  733): createWpa3PersonalParams
09-18 17:36:24.165 I/ScanResultUtil####debug(  733): check createSecurityParamsBySecurityType
09-18 17:36:24.165 I/ScanResultUtil####debug(  733): call createSecurityParamsBySecurityType
09-18 17:36:24.165 I/SecurityParams####debug(  733): createWpa3PersonalParams
09-18 17:36:24.166 I/ScanResultUtil####debug(  733): check createSecurityParamsBySecurityType
09-18 17:36:24.166 I/ScanResultUtil####debug(  733): check createSecurityParamsBySecurityType
09-18 17:36:24.166 I/ScanResultUtil####debug(  733): call createSecurityParamsBySecurityType
09-18 17:36:24.166 I/SecurityParams####debug(  733): createWpa3PersonalParams
09-18 17:36:24.166 I/ScanResultUtil####debug(  733): check createSecurityParamsBySecurityType
09-18 17:36:24.166 I/ScanResultUtil####debug(  733): check createSecurityParamsBySecurityType
09-18 17:36:24.166 I/ScanResultUtil####debug(  733): call createSecurityParamsBySecurityType
09-18 17:36:24.166 I/SecurityParams####debug(  733): createWpa3PersonalParams
09-18 17:36:24.166 I/ScanResultUtil####debug(  733): check createSecurityParamsBySecurityType
09-18 17:36:24.166 I/ScanResultUtil####debug(  733): check createSecurityParamsBySecurityType
09-18 17:36:24.166 I/ScanResultUtil####debug(  733): call createSecurityParamsBySecurityType
09-18 17:36:24.166 I/SecurityParams####debug(  733): createWpa3PersonalParams
09-18 17:36:24.166 I/ScanResultUtil####debug(  733): check createSecurityParamsBySecurityType
09-18 17:36:24.166 I/ScanResultUtil####debug(  733): call createSecurityParamsBySecurityType
09-18 17:36:24.166 I/SecurityParams####debug(  733): createWpa3PersonalParams
09-18 17:36:24.166 I/ScanResultUtil####debug(  733): check createSecurityParamsBySecurityType
09-18 17:36:24.166 I/ScanResultUtil####debug(  733): call createSecurityParamsBySecurityType
09-18 17:36:24.166 I/SecurityParams####debug(  733): createWpa3PersonalParams
09-18 17:36:24.166 I/ScanResultUtil####debug(  733): check createSecurityParamsBySecurityType
09-18 17:36:24.167 I/ScanResultUtil####debug(  733): check createSecurityParamsBySecurityType
09-18 17:36:24.167 I/ScanResultUtil####debug(  733): call createSecurityParamsBySecurityType
09-18 17:36:24.167 I/SecurityParams####debug(  733): createWpa3PersonalParams
09-18 17:36:24.167 I/ScanResultUtil####debug(  733): check createSecurityParamsBySecurityType
09-18 17:36:24.167 I/ScanResultUtil####debug(  733): call createSecurityParamsBySecurityType
09-18 17:36:24.167 I/SecurityParams####debug(  733): createWpa3PersonalParams
09-18 17:36:24.167 I/ScanResultUtil####debug(  733): check createSecurityParamsBySecurityType
09-18 17:36:24.167 I/ScanResultUtil####debug(  733): call createSecurityParamsBySecurityType
09-18 17:36:24.167 I/SecurityParams####debug(  733): createWpa3PersonalParams
09-18 17:36:24.167 I/ScanResultUtil####debug(  733): check createSecurityParamsBySecurityType
09-18 17:36:24.167 I/ScanResultUtil####debug(  733): check createSecurityParamsBySecurityType
09-18 17:36:24.167 I/ScanResultUtil####debug(  733): call createSecurityParamsBySecurityType
09-18 17:36:24.167 I/SecurityParams####debug(  733): createWpa3PersonalParams
09-18 17:36:24.167 D/VCodecVenc(  607): [L 324][EnqueInputBuffer]
09-18 17:36:24.169 I/ScanResultUtil####debug(  733): check createSecurityParamsBySecurityType
09-18 17:36:24.169 I/ScanResultUtil####debug(  733): call createSecurityParamsBySecurityType
09-18 17:36:24.169 I/SecurityParams####debug(  733): createWpa3PersonalParams
09-18 17:36:24.169 I/ScanResultUtil####debug(  733): check createSecurityParamsBySecurityType
09-18 17:36:24.169 I/ScanResultUtil####debug(  733): call createSecurityParamsBySecurityType
09-18 17:36:24.169 I/SecurityParams####debug(  733): createWpa3PersonalParams
09-18 17:36:24.170 I/ScanResultUtil####debug(  733): check createSecurityParamsBySecurityType
09-18 17:36:24.170 I/ScanResultUtil####debug(  733): call createSecurityParamsBySecurityType
09-18 17:36:24.170 I/SecurityParams####debug(  733): createWpa3PersonalParams
09-18 17:36:24.170 I/ScanResultUtil####debug(  733): check createSecurityParamsBySecurityType
09-18 17:36:24.170 I/ScanResultUtil####debug(  733): check createSecurityParamsBySecurityType
09-18 17:36:24.170 I/ScanResultUtil####debug(  733): call createSecurityParamsBySecurityType
09-18 17:36:24.170 I/SecurityParams####debug(  733): createWpa3PersonalParams
09-18 17:36:24.170 I/ScanResultUtil####debug(  733): check createSecurityParamsBySecurityType
09-18 17:36:24.170 I/ScanResultUtil####debug(  733): call createSecurityParamsBySecurityType
09-18 17:36:24.170 I/SecurityParams####debug(  733): createWpa3PersonalParams
09-18 17:36:24.170 I/ScanResultUtil####debug(  733): check createSecurityParamsBySecurityType
09-18 17:36:24.170 I/ScanResultUtil####debug(  733): check createSecurityParamsBySecurityType
09-18 17:36:24.170 I/ScanResultUtil####debug(  733): check createSecurityParamsBySecurityType
09-18 17:36:24.170 I/ScanResultUtil####debug(  733): check createSecurityParamsBySecurityType
09-18 17:36:24.170 I/ScanResultUtil####debug(  733): check createSecurityParamsBySecurityType
09-18 17:36:24.170 I/ScanResultUtil####debug(  733): call createSecurityParamsBySecurityType
09-18 17:36:24.170 I/SecurityParams####debug(  733): createWpa3PersonalParams
09-18 17:36:24.170 I/ScanResultUtil####debug(  733): check createSecurityParamsBySecurityType
09-18 17:36:24.170 I/ScanResultUtil####debug(  733): check createSecurityParamsBySecurityType
09-18 17:36:24.170 I/ScanResultUtil####debug(  733): call createSecurityParamsBySecurityType
09-18 17:36:24.170 I/SecurityParams####debug(  733): createWpa3PersonalParams
09-18 17:36:24.171 I/ScanResultUtil####debug(  733): check createSecurityParamsBySecurityType
09-18 17:36:24.171 I/ScanResultUtil####debug(  733): check createSecurityParamsBySecurityType
09-18 17:36:24.171 I/ScanResultUtil####debug(  733): call createSecurityParamsBySecurityType
09-18 17:36:24.171 I/SecurityParams####debug(  733): createWpa3PersonalParams
09-18 17:36:24.171 I/ScanResultUtil####debug(  733): check createSecurityParamsBySecurityType
09-18 17:36:24.171 I/ScanResultUtil####debug(  733): call createSecurityParamsBySecurityType
09-18 17:36:24.171 I/SecurityParams####debug(  733): createWpa3PersonalParams
09-18 17:36:24.171 I/ScanResultUtil####debug(  733): check createSecurityParamsBySecurityType
09-18 17:36:24.171 I/ScanResultUtil####debug(  733): call createSecurityParamsBySecurityType
09-18 17:36:24.171 I/SecurityParams####debug(  733): createWpa3PersonalParams
09-18 17:36:24.171 I/ScanResultUtil####debug(  733): check createSecurityParamsBySecurityType
09-18 17:36:24.171 I/ScanResultUtil####debug(  733): check createSecurityParamsBySecurityType
09-18 17:36:24.171 I/ScanResultUtil####debug(  733): check createSecurityParamsBySecurityType
09-18 17:36:24.171 I/ScanResultUtil####debug(  733): call createSecurityParamsBySecurityType
09-18 17:36:24.171 I/SecurityParams####debug(  733): createWpa3PersonalParams
09-18 17:36:24.171 I/ScanResultUtil####debug(  733): check createSecurityParamsBySecurityType
09-18 17:36:24.171 I/ScanResultUtil####debug(  733): check createSecurityParamsBySecurityType
09-18 17:36:24.171 I/ScanResultUtil####debug(  733): call createSecurityParamsBySecurityType
09-18 17:36:24.171 I/SecurityParams####debug(  733): createWpa3PersonalParams
09-18 17:36:24.171 I/ScanResultUtil####debug(  733): check createSecurityParamsBySecurityType
09-18 17:36:24.171 I/ScanResultUtil####debug(  733): call createSecurityParamsBySecurityType
09-18 17:36:24.172 I/SecurityParams####debug(  733): createWpa3PersonalParams
09-18 17:36:24.172 I/ScanResultUtil####debug(  733): check createSecurityParamsBySecurityType
09-18 17:36:24.172 I/ScanResultUtil####debug(  733): check createSecurityParamsBySecurityType
09-18 17:36:24.172 I/ScanResultUtil####debug(  733): call createSecurityParamsBySecurityType
09-18 17:36:24.172 I/SecurityParams####debug(  733): createWpa3PersonalParams
09-18 17:36:24.172 I/ScanResultUtil####debug(  733): check createSecurityParamsBySecurityType
09-18 17:36:24.172 I/ScanResultUtil####debug(  733): call createSecurityParamsBySecurityType
09-18 17:36:24.172 I/SecurityParams####debug(  733): createWpa3PersonalParams
09-18 17:36:24.172 I/ScanResultUtil####debug(  733): check createSecurityParamsBySecurityType
09-18 17:36:24.172 I/ScanResultUtil####debug(  733): call createSecurityParamsBySecurityType
09-18 17:36:24.172 I/SecurityParams####debug(  733): createWpa3PersonalParams
09-18 17:36:24.172 I/ScanResultUtil####debug(  733): check createSecurityParamsBySecurityType
09-18 17:36:24.172 I/ScanResultUtil####debug(  733): call createSecurityParamsBySecurityType
09-18 17:36:24.172 I/SecurityParams####debug(  733): createWpa3PersonalParams
09-18 17:36:24.172 I/ScanResultUtil####debug(  733): check createSecurityParamsBySecurityType
09-18 17:36:24.172 I/ScanResultUtil####debug(  733): call createSecurityParamsBySecurityType
09-18 17:36:24.172 I/SecurityParams####debug(  733): createWpa3PersonalParams
09-18 17:36:24.172 I/ScanResultUtil####debug(  733): check createSecurityParamsBySecurityType
09-18 17:36:24.172 I/ScanResultUtil####debug(  733): call createSecurityParamsBySecurityType
09-18 17:36:24.196 I/kernel  ( 6265): [  251.456916][MTK_V4L2] level=0 vidioc_venc_qbuf(),1318: [4] id=0 getdata FB(2088960,2) vb=000000000c42c7f0 pts=0
09-18 17:36:24.198 I/kernel  ( 6988): [  251.458849]cxd_tnr: Request Freq, 1164560 [kHz]; RSSI, -68230e-3 [dBm]; Symbol rate, 33756.1 [ksps];
09-18 17:36:24.198 I/kernel  ( 6988): [  251.459027]cxd_tnr: : PLL Lock (Tuner)     | PLL Lock (REG)      | reg:0x1d value=0x2
09-18 17:36:24.172 I/SecurityParams####debug(  733): createWpa3PersonalParams
09-18 17:36:24.173 I/ScanResultUtil####debug(  733): check createSecurityParamsBySecurityType
09-18 17:36:24.173 I/ScanResultUtil####debug(  733): call createSecurityParamsBySecurityType
09-18 17:36:24.173 I/SecurityParams####debug(  733): createWpa3PersonalParams
09-18 17:36:24.173 I/ScanResultUtil####debug(  733): check createSecurityParamsBySecurityType
09-18 17:36:24.173 I/ScanResultUtil####debug(  733): call createSecurityParamsBySecurityType
09-18 17:36:24.173 I/SecurityParams####debug(  733): createWpa3PersonalParams
09-18 17:36:24.173 I/ScanResultUtil####debug(  733): check createSecurityParamsBySecurityType
09-18 17:36:24.173 I/ScanResultUtil####debug(  733): call createSecurityParamsBySecurityType
09-18 17:36:24.173 I/SecurityParams####debug(  733): createWpa3PersonalParams
09-18 17:36:24.173 I/ScanResultUtil####debug(  733): check createSecurityParamsBySecurityType
09-18 17:36:24.173 I/ScanResultUtil####debug(  733): call createSecurityParamsBySecurityType
09-18 17:36:24.173 I/SecurityParams####debug(  733): createWpa3PersonalParams
09-18 17:36:24.173 I/ScanResultUtil####debug(  733): check createSecurityParamsBySecurityType
09-18 17:36:24.173 I/ScanResultUtil####debug(  733): call createSecurityParamsBySecurityType
09-18 17:36:24.173 I/SecurityParams####debug(  733): createWpa3PersonalParams
09-18 17:36:24.173 I/ScanResultUtil####debug(  733): check createSecurityParamsBySecurityType
09-18 17:36:24.173 I/ScanResultUtil####debug(  733): check createSecurityParamsBySecurityType
09-18 17:36:24.173 I/ScanResultUtil####debug(  733): call createSecurityParamsBySecurityType
09-18 17:36:24.173 I/SecurityParams####debug(  733): createWpa3PersonalParams
09-18 17:36:24.173 I/ScanResultUtil####debug(  733): check createSecurityParamsBySecurityType
09-18 17:36:24.173 I/ScanResultUtil####debug(  733): call createSecurityParamsBySecurityType
09-18 17:36:24.173 I/SecurityParams####debug(  733): createWpa3PersonalParams
09-18 17:36:24.174 I/ScanResultUtil####debug(  733): check createSecurityParamsBySecurityType
09-18 17:36:24.174 I/ScanResultUtil####debug(  733): call createSecurityParamsBySecurityType
09-18 17:36:24.174 I/SecurityParams####debug(  733): createWpa3PersonalParams
09-18 17:36:24.174 I/ScanResultUtil####debug(  733): check createSecurityParamsBySecurityType
09-18 17:36:24.174 I/ScanResultUtil####debug(  733): call createSecurityParamsBySecurityType
09-18 17:36:24.174 I/SecurityParams####debug(  733): createWpa3PersonalParams
09-18 17:36:24.174 I/ScanResultUtil####debug(  733): check createSecurityParamsBySecurityType
09-18 17:36:24.174 I/ScanResultUtil####debug(  733): call createSecurityParamsBySecurityType
09-18 17:36:24.174 I/SecurityParams####debug(  733): createWpa3PersonalParams
09-18 17:36:24.174 I/ScanResultUtil####debug(  733): check createSecurityParamsBySecurityType
09-18 17:36:24.181 I/ScanResultUtil####debug(  733): call createSecurityParamsBySecurityType
09-18 17:36:24.181 I/SecurityParams####debug(  733): createWpa3PersonalParams
09-18 17:36:24.182 I/ScanResultUtil####debug(  733): check createSecurityParamsBySecurityType
09-18 17:36:24.182 I/ScanResultUtil####debug(  733): call createSecurityParamsBySecurityType
09-18 17:36:24.182 I/SecurityParams####debug(  733): createWpa3PersonalParams
09-18 17:36:24.182 I/ScanResultUtil####debug(  733): check createSecurityParamsBySecurityType
09-18 17:36:24.182 I/ScanResultUtil####debug(  733): call createSecurityParamsBySecurityType
