09-18 17:35:55.309 I/ScanResultUtil####debug( 1493): check createSecurityParamsBySecurityType
09-18 17:35:55.309 I/ScanResultUtil####debug( 1493): call createSecurityParamsBySecurityType
09-18 17:35:55.309 I/SecurityParams####debug( 1493): createWpa3PersonalParams
09-18 17:35:55.309 I/ScanResultUtil####debug( 1493): check createSecurityParamsBySecurityType
09-18 17:35:55.309 I/ScanResultUtil####debug( 1493): call createSecurityParamsBySecurityType
09-18 17:35:55.309 I/SecurityParams####debug( 1493): createWpa3PersonalParams
09-18 17:35:55.309 I/ScanResultUtil####debug( 1493): check createSecurityParamsBySecurityType
09-18 17:35:55.309 I/ScanResultUtil####debug( 1493): call createSecurityParamsBySecurityType
09-18 17:35:55.309 I/SecurityParams####debug( 1493): createWpa3PersonalParams
09-18 17:35:55.309 I/ScanResultUtil####debug( 1493): check createSecurityParamsBySecurityType
09-18 17:35:55.309 I/ScanResultUtil####debug( 1493): call createSecurityParamsBySecurityType
09-18 17:35:55.309 I/SecurityParams####debug( 1493): createWpa3PersonalParams
09-18 17:35:55.309 I/ScanResultUtil####debug( 1493): check createSecurityParamsBySecurityType
09-18 17:35:55.309 I/ScanResultUtil####debug( 1493): call createSecurityParamsBySecurityType
09-18 17:35:55.309 I/SecurityParams####debug( 1493): createWpa3PersonalParams
09-18 17:35:55.309 I/ScanResultUtil####debug( 1493): check createSecurityParamsBySecurityType
09-18 17:35:55.309 I/ScanResultUtil####debug( 1493): call createSecurityParamsBySecurityType
09-18 17:35:55.309 I/SecurityParams####debug( 1493): createWpa3PersonalParams
09-18 17:35:55.309 I/ScanResultUtil####debug( 1493): check createSecurityParamsBySecurityType
09-18 17:35:55.309 I/ScanResultUtil####debug( 1493): call createSecurityParamsBySecurityType
09-18 17:35:55.309 I/SecurityParams####debug( 1493): createWpa3PersonalParams
09-18 17:35:55.309 I/ScanResultUtil####debug( 1493): check createSecurityParamsBySecurityType
09-18 17:35:55.309 I/ScanResultUtil####debug( 1493): call createSecurityParamsBySecurityType
09-18 17:35:55.310 I/SecurityParams####debug( 1493): createWpa3PersonalParams
09-18 17:35:55.310 I/ScanResultUtil####debug( 1493): check createSecurityParamsBySecurityType
09-18 17:35:55.310 I/ScanResultUtil####debug( 1493): call createSecurityParamsBySecurityType
09-18 17:35:55.310 I/SecurityParams####debug( 1493): createWpa3PersonalParams
09-18 17:35:55.310 I/ScanResultUtil####debug( 1493): check createSecurityParamsBySecurityType
09-18 17:35:55.310 I/ScanResultUtil####debug( 1493): call createSecurityParamsBySecurityType
09-18 17:35:55.310 I/SecurityParams####debug( 1493): createWpa3PersonalParams
09-18 17:35:55.310 I/ScanResultUtil####debug( 1493): check createSecurityParamsBySecurityType
09-18 17:35:55.310 I/ScanResultUtil####debug( 1493): call createSecurityParamsBySecurityType
09-18 17:35:55.310 I/SecurityParams####debug( 1493): createWpa3PersonalParams
09-18 17:35:55.310 I/ScanResultUtil####debug( 1493): check createSecurityParamsBySecurityType
09-18 17:35:55.310 I/ScanResultUtil####debug( 1493): call createSecurityParamsBySecurityType
09-18 17:35:55.310 I/SecurityParams####debug( 1493): createWpa3PersonalParams
09-18 17:35:55.310 I/ScanResultUtil####debug( 1493): check createSecurityParamsBySecurityType
09-18 17:35:55.310 I/ScanResultUtil####debug( 1493): call createSecurityParamsBySecurityType
09-18 17:35:55.310 I/SecurityParams####debug( 1493): createWpa3PersonalParams
09-18 17:35:55.310 E/<MI3>   (  636): <ERR>_MI_TUNER_GetLock[4279]: [_MI_TUNER_GetLock][4279] *peLockStatus =  E_MI_TUNER_UNLOCK@!!!
09-18 17:35:55.310 I/ScanResultUtil####debug( 1493): check createSecurityParamsBySecurityType
09-18 17:35:55.310 I/ScanResultUtil####debug( 1493): call createSecurityParamsBySecurityType
09-18 17:35:55.310 I/SecurityParams####debug( 1493): createWpa3PersonalParams
09-18 17:35:55.310 I/ScanResultUtil####debug( 1493): check createSecurityParamsBySecurityType
09-18 17:35:55.311 I/ScanResultUtil####debug( 1493): call createSecurityParamsBySecurityType
09-18 17:35:55.311 E/<MI3>   (  636): <ERR>_MI_TUNER_GetLock[4279]: [_MI_TUNER_GetLock][4279] *peLockStatus =  E_MI_TUNER_UNLOCK@!!!
09-18 17:35:55.311 I/SecurityParams####debug( 1493): createWpa3PersonalParams
09-18 17:35:55.311 I/ScanResultUtil####debug( 1493): check createSecurityParamsBySecurityType
09-18 17:35:55.311 I/ScanResultUtil####debug( 1493): call createSecurityParamsBySecurityType
09-18 17:35:55.311 I/SecurityParams####debug( 1493): createWpa3PersonalParams
09-18 17:35:55.311 I/ScanResultUtil####debug( 1493): check createSecurityParamsBySecurityType
09-18 17:35:55.311 I/ScanResultUtil####debug( 1493): call createSecurityParamsBySecurityType
09-18 17:35:55.311 E/<MI3>   (  636): <ERR>_MI_TUNER_GetLock[4279]: [_MI_TUNER_GetLock][4279] *peLockStatus =  E_MI_TUNER_UNLOCK@!!!
09-18 17:35:55.311 I/SecurityParams####debug( 1493): createWpa3PersonalParams
09-18 17:35:55.311 I/ScanResultUtil####debug( 1493): check createSecurityParamsBySecurityType
09-18 17:35:55.311 I/ScanResultUtil####debug( 1493): call createSecurityParamsBySecurityType
09-18 17:35:55.311 I/SecurityParams####debug( 1493): createWpa3PersonalParams
09-18 17:35:55.311 I/ScanResultUtil####debug( 1493): check createSecurityParamsBySecurityType
09-18 17:35:55.311 I/ScanResultUtil####debug( 1493): call createSecurityParamsBySecurityType
09-18 17:35:55.311 I/SecurityParams####debug( 1493): createWpa3PersonalParams
09-18 17:35:55.311 I/ScanResultUtil####debug( 1493): check createSecurityParamsBySecurityType
09-18 17:35:55.311 I/ScanResultUtil####debug( 1493): call createSecurityParamsBySecurityType
09-18 17:35:55.311 I/SecurityParams####debug( 1493): createWpa3PersonalParams
09-18 17:35:55.312 I/ScanResultUtil####debug( 1493): check createSecurityParamsBySecurityType
09-18 17:35:55.312 I/ScanResultUtil####debug( 1493): call createSecurityParamsBySecurityType
09-18 17:35:55.312 I/SecurityParams####debug( 1493): createWpa3PersonalParams
09-18 17:35:55.312 I/ScanResultUtil####debug( 1493): check createSecurityParamsBySecurityType
09-18 17:35:55.312 I/ScanResultUtil####debug( 1493): call createSecurityParamsBySecurityType
09-18 17:35:55.312 I/SecurityParams####debug( 1493): createWpa3PersonalParams
09-18 17:35:55.312 I/ScanResultUtil####debug( 1493): check createSecurityParamsBySecurityType
09-18 17:35:55.312 I/ScanResultUtil####debug( 1493): call createSecurityParamsBySecurityType
09-18 17:35:55.312 I/SecurityParams####debug( 1493): createWpa3PersonalParams
09-18 17:35:55.312 I/ScanResultUtil####debug( 1493): check createSecurityParamsBySecurityType
09-18 17:35:55.312 I/ScanResultUtil####debug( 1493): call createSecurityParamsBySecurityType
09-18 17:35:55.312 I/SecurityParams####debug( 1493): createWpa3PersonalParams
09-18 17:35:55.313 I/ScanResultUtil####debug( 1493): check createSecurityParamsBySecurityType
09-18 17:35:55.313 I/ScanResultUtil####debug( 1493): call createSecurityParamsBySecurityType
09-18 17:35:55.313 I/SecurityParams####debug( 1493): createWpa3PersonalParams
09-18 17:35:55.313 I/ScanResultUtil####debug( 1493): check createSecurityParamsBySecurityType
09-18 17:35:55.313 I/ScanResultUtil####debug( 1493): check createSecurityParamsBySecurityType
09-18 17:35:55.313 I/ScanResultUtil####debug( 1493): call createSecurityParamsBySecurityType
09-18 17:35:55.313 I/SecurityParams####debug( 1493): createWpa3PersonalParams
09-18 17:35:55.313 I/ScanResultUtil####debug( 1493): check createSecurityParamsBySecurityType
09-18 17:35:55.313 I/ScanResultUtil####debug( 1493): call createSecurityParamsBySecurityType
09-18 17:35:55.313 I/SecurityParams####debug( 1493): createWpa3PersonalParams
09-18 17:35:55.313 I/ScanResultUtil####debug( 1493): check createSecurityParamsBySecurityType
09-18 17:35:55.314 I/ScanResultUtil####debug( 1493): call createSecurityParamsBySecurityType
09-18 17:35:55.314 I/SecurityParams####debug( 1493): createWpa3PersonalParams
09-18 17:35:55.314 I/ScanResultUtil####debug( 1493): check createSecurityParamsBySecurityType
09-18 17:35:55.314 I/ScanResultUtil####debug( 1493): call createSecurityParamsBySecurityType
09-18 17:35:55.314 I/SecurityParams####debug( 1493): createWpa3PersonalParams
09-18 17:35:55.314 I/ScanResultUtil####debug( 1493): check createSecurityParamsBySecurityType
09-18 17:35:55.314 I/ScanResultUtil####debug( 1493): call createSecurityParamsBySecurityType
09-18 17:35:55.314 I/SecurityParams####debug( 1493): createWpa3PersonalParams
09-18 17:35:55.314 I/ScanResultUtil####debug( 1493): check createSecurityParamsBySecurityType
09-18 17:35:55.314 I/ScanResultUtil####debug( 1493): call createSecurityParamsBySecurityType
09-18 17:35:55.314 I/SecurityParams####debug( 1493): createWpa3PersonalParams
09-18 17:35:55.314 I/ScanResultUtil####debug( 1493): check createSecurityParamsBySecurityType
09-18 17:35:55.314 I/ScanResultUtil####debug( 1493): call createSecurityParamsBySecurityType
09-18 17:35:55.314 I/SecurityParams####debug( 1493): createWpa3PersonalParams
09-18 17:35:55.314 I/ScanResultUtil####debug( 1493): check createSecurityParamsBySecurityType
09-18 17:35:55.314 I/ScanResultUtil####debug( 1493): call createSecurityParamsBySecurityType
09-18 17:35:55.314 I/SecurityParams####debug( 1493): createWpa3PersonalParams
09-18 17:35:55.314 I/ScanResultUtil####debug( 1493): check createSecurityParamsBySecurityType
09-18 17:35:55.314 I/ScanResultUtil####debug( 1493): call createSecurityParamsBySecurityType
09-18 17:35:55.314 I/SecurityParams####debug( 1493): createWpa3PersonalParams
09-18 17:35:55.315 I/ScanResultUtil####debug( 1493): check createSecurityParamsBySecurityType
09-18 17:35:55.315 I/ScanResultUtil####debug( 1493): call createSecurityParamsBySecurityType
09-18 17:35:55.315 I/SecurityParams####debug( 1493): createWpa3PersonalParams
09-18 17:35:55.315 I/ScanResultUtil####debug( 1493): check createSecurityParamsBySecurityType
09-18 17:35:55.315 I/ScanResultUtil####debug( 1493): call createSecurityParamsBySecurityType
09-18 17:35:55.315 I/SecurityParams####debug( 1493): createWpa3PersonalParams
09-18 17:35:55.315 I/ScanResultUtil####debug( 1493): check createSecurityParamsBySecurityType
09-18 17:35:55.315 I/ScanResultUtil####debug( 1493): call createSecurityParamsBySecurityType
09-18 17:35:55.315 I/SecurityParams####debug( 1493): createWpa3PersonalParams
09-18 17:35:55.315 I/ScanResultUtil####debug( 1493): check createSecurityParamsBySecurityType
09-18 17:35:55.315 I/ScanResultUtil####debug( 1493): call createSecurityParamsBySecurityType
09-18 17:35:55.315 I/SecurityParams####debug( 1493): createWpa3PersonalParams
09-18 17:35:55.315 I/ScanResultUtil####debug( 1493): check createSecurityParamsBySecurityType
09-18 17:35:55.315 I/ScanResultUtil####debug( 1493): call createSecurityParamsBySecurityType
09-18 17:35:55.316 I/SecurityParams####debug( 1493): createWpa3PersonalParams
09-18 17:35:55.319 I/WifiService(  733): getMatchingPasspointConfigurations uid=1000
09-18 17:35:55.324 I/WifiService(  733): getMatchingOsuProviders uid=1000
09-18 17:35:55.326 I/WifiService(  733): getMatchingPasspointConfigsForOsuProviders uid=1000
09-18 17:35:55.330 D/VCodecVencImpl(  607): [L 572][MtkVencSetConfig]
09-18 17:35:55.330 D/android.hardware.media.c2@1.1-mediatek(  607): [import_mtk_dtv_native_buffer(): 717] mst buffer is secure: 0
09-18 17:35:55.331 D/android.hardware.media.c2@1.1-mediatek(  607): [import_mtk_dtv_native_buffer(): 717] mst buffer is secure: 0
09-18 17:35:55.335 I/kernel  ( 6265): [  222.595707][MTK_V4L2] level=0 vidioc_venc_qbuf(),1318: [4] id=0 getdata FB(2088960,2) vb=000000000c42c7f0 pts=0
09-18 17:35:55.336 D/VCodecVenc(  607): [L 324][EnqueInputBuffer]
09-18 17:35:55.360 D/VCodecVencImpl(  607): [L 572][MtkVencSetConfig]
09-18 17:35:55.365 I/kernel  ( 6265): [  222.626168][MTK_V4L2] level=0 vidioc_venc_qbuf(),1318: [4] id=0 getdata FB(2088960,2) vb=000000000c42c7f0 pts=0
09-18 17:35:55.361 D/android.hardware.media.c2@1.1-mediatek(  607): [import_mtk_dtv_native_buffer(): 717] mst buffer is secure: 0
09-18 17:35:55.362 D/android.hardware.media.c2@1.1-mediatek(  607): [import_mtk_dtv_native_buffer(): 717] mst buffer is secure: 0
09-18 17:35:55.367 D/VCodecVenc(  607): [L 324][EnqueInputBuffer]
09-18 17:35:55.391 D/VCodecVencImpl(  607): [L 572][MtkVencSetConfig]
09-18 17:35:55.391 D/android.hardware.media.c2@1.1-mediatek(  607): [import_mtk_dtv_native_buffer(): 717] mst buffer is secure: 0
09-18 17:35:55.391 V/WifiPickerTracker( 1493): Connected WifiEntries: []
09-18 17:35:55.394 D/android.hardware.media.c2@1.1-mediatek(  607): [import_mtk_dtv_native_buffer(): 717] mst buffer is secure: 0
09-18 17:35:55.396 I/kernel  ( 6265): [  222.657259][MTK_V4L2] level=0 vidioc_venc_qbuf(),1318: [4] id=0 getdata FB(2088960,2) vb=000000000c42c7f0 pts=0
09-18 17:35:55.399 D/VCodecVenc(  607): [L 324][EnqueInputBuffer]
09-18 17:35:55.403 V/WifiPickerTracker( 1493): Updated WifiEntries: [StandardWifiEntry:{"SCAN_RESULT_KEY":"{\"SSID\":\"HyokaT-Buffalo-B_2.4GHz\",\"SECURITY_TYPES\":[2,4]}","IS_TARGETING_NEW_NETWORKS":true},title:HyokaT-Buffalo-B_2.4GHz,summary:Disconnected / Can't connect. Try again later.,isSaved:true,isSubscription:false,isSuggestion:false,level:4,security:[2, 4],connected:false,connectedInfo:null,hasInternet:false,isDefault:false,isPrimary:false, StandardWifiEntry:{"SCAN_RESULT_KEY":"{\"SSID\":\"ASUS-A-0316f\",\"SECURITY_TYPES\":[2,4]}","IS_TARGETING_NEW_NETWORKS":true},title:ASUS-A-0316f,summary:,isSaved:false,isSubscription:false,isSuggestion:false,level:4,security:[2, 4],connected:false,connectedInfo:null,hasInternet:false,isDefault:false,isPrimary:false, StandardWifiEntry:{"SCAN_RESULT_KEY":"{\"SSID\":\"ASUS_80\",\"SECURITY_TYPES\":[2,4]}","IS_TARGETING_NEW_NETWORKS":true},title:ASUS_80,summary:,isSaved:false,isSubscription:false,isSuggestion:false,level:4,security:[2, 4],connected:false,connectedInfo:null,hasInternet:false,isDefault:false,isPrimary:false, StandardWifiEntry:{"SCAN_RESULT_KEY":"{\"SSID\":\"ASUS_ber7_5G\",\"SECURITY_TYPES\":[2,4]}","IS_TARGETING_NEW_NETWORKS":true},title:ASUS_ber7_5G,summary:,isSaved:false,isSubscription:false,isSuggestion:false,level:4,security:[2, 4],connected:false,connectedInfo:null,hasInternet:false,isDefault:false,isPrimary:false, StandardWifiEntry:{"SCAN_RESULT_KEY":"{\"SSID\":\"AS_2\",\"SECURITY_TYPES\":[2,4]}","IS_TARGETING_NEW_NETWORKS":true},title:AS_2,summary:,isSaved:false,isSubscription:false,isSuggestion:false,level:4,security:[2, 4],connected:false,connectedInfo:null,hasInternet:false,isDefault:false,isPrimary:false, StandardWifiEntry:{"SCAN_RESULT_KEY":"{\"SSID\":\"Aterm-WG1400HP_A\",\"SECURITY_TYPES\":[2,4]}","IS_TARGETING_NEW_NETWORKS":true},title:Aterm-WG1400HP_A,summary:,isSaved:false,isSubscription:false,isSuggestion:false,level:4,security:[2, 4],connected:false,connectedInfo:null,hasInternet:false,isDefault:false,isPrimary:false, StandardWifiEntry:{"SCAN_RESULT_KEY":"{\"SSID\":\"Aterm-WG1400HP_G\",\"SECURITY_TYPES\":[2,4]}","IS_TARGETING_NEW_NETWORKS":true},title:Aterm-WG1400HP_G,summary:,isSaved:false,isSubscription:false,isSuggestion:false,level:4,security:[2, 4],connected:false,connectedInfo:null,hasInternet:false,isDefault:false,isPrimary:false, StandardWifiEntry:{"SCAN_RESULT_KEY":"{\"SSID\":\"Aterm-WG1400HP_GW\",\"SECURITY_TYPES\":[1]}","IS_TARGETING_NEW_NETWORKS":true},title:Aterm-WG1400HP_GW,summary:,isSaved:false,isSubscription:false,isSuggestion:false,level:4,security:[1],connected:false,connectedInfo:null,hasInternet:false,isDefault:false,isPrimary:false, StandardWifiEntry:{"SCAN_RESULT_KEY":"{\"SSID\":\"Buffalo-A-8178\",\"SECURITY_TYPES\":[2,4]}","IS_TARGETING_NEW_NETWORKS":true},title:Buffalo-A-8178,summary:,isSaved:false,isSubscription:false,isSuggestion:false,level:4,security:[2, 4],connected:false,connectedInfo:null,hasInternet:false,isDefault:false,isPrimary:false, StandardWifiEntry:{"SCAN_RESULT_KEY":"{\"SSID\":\"Buffalo-G-8178\",\"SECURITY_TYPES\":[2,4]}","IS_TARGETING_NEW_NETWORKS":true},title:Buffalo-G-8178,summary:,isSaved:false,isSubscription:false,isSuggestion:false,level:4,security:[2, 4],connected:false,connectedInfo:null,hasInternet:false,isDefault:false,isPrimary:false, StandardWifiEntry:{"SCAN_RESULT_KEY":"{\"SSID\":\"DIRECT-Df-BRAVIA\",\"SECURITY_TYPES\":[2,4]}","IS_TARGETING_NEW_NETWORKS":true},title:DIRECT-Df-BRAVIA,summary:,isSaved:false,isSubscription:false,isSuggestion:false,level:4,security:[2, 4],connected:false,connectedInfo:null,hasInternet:false,isDefault:false,isPrimary:false, StandardWifiEntry:{"SCAN_RESULT_KEY":"{\"SSID\":\"Devlink-Buffalo1900-5G\",\"SECURITY_TYPES\":[2,4]}","IS_TARGETING_NEW_NETWORKS":true},title:Devlink-Buffalo1900-5G,summary:,isSaved:false,isSubscription:false,isSuggestion:false,level:4,security:[2, 4],connected:false,connectedInfo:null,hasInternet:false,isDefault:false,isPrimary:false, StandardWifiEntry:{"SCAN_RESULT_KEY":"{\"SSID\":\"DevlinkAterm2g\",\"SECURITY_TYPES\":[2,4]}","IS_TARGETING_NEW_
09-18 17:35:55.404 V/WifiPickerTracker( 1493): Issuing scan request from WifiManager
09-18 17:35:55.405 I/WifiService(  733): startScan uid=1000
09-18 17:35:55.406 I/WifiScanningService(  733): Registering listener= com.android.server.wifi.scanner.WifiScannerInternal$ScanListener@e8b1e89 uid=1000 packageName=com.android.tv.settings workSource=WorkSource{1000}
09-18 17:35:55.406 I/WifiScanningService(  733): start scan: ClientInfo[uid=1000, package=com.android.tv.settings, com.android.server.wifi.scanner.WifiScannerInternal$ScanListener@e8b1e89] package com.android.tv.settings
09-18 17:35:55.406 I/WifiScanningService(  733): addSingleScanRequest: ClientInfo[uid=1000, package=com.android.tv.settings, com.android.server.wifi.scanner.WifiScannerInternal$ScanListener@e8b1e89],WorkSource{1000 com.android.tv.settings}, ScanSettings {  type:HIGH ACCURACY band:24Ghz & 5Ghz (DFS incl) & 6Ghz & 60Ghz ignoreLocationSettings:false period:0 reportEvents:3 numBssidsPerScan:0 maxScansToCache:0 rnrSetting:0 6GhzPscOnlyEnabled:false channels:[  ]  } 
09-18 17:35:55.407 D/WifiScanRequestProxy(  733): Scan request succeeded
09-18 17:35:55.407 D/WifiScanningService(  733): replySucceeded onSuccess
09-18 17:35:55.419 D/WifiHAL (  610): event received NL80211_CMD_VENDOR, vendor_id = 0xce7, subcmd = 0xc
09-18 17:35:55.419 D/wpa_supplicant( 1207): nl80211: Drv Event 103 (NL80211_CMD_VENDOR) received for wlan0
09-18 17:35:55.419 D/wpa_supplicant( 1207): nl80211: Vendor event: wiphy=0 vendor_id=0xce7 subcmd=12
09-18 17:35:55.422 I/kernel  (  801): [  222.683005][wlan][801]mtk_cfg80211_scan:(REQ STATE) i=0, wildcard scan
09-18 17:35:55.422 I/kernel  (  801): [  222.683018][wlan][801]mtk_cfg80211_scan:(REQ STATE) i=1, u4ValidIdx=0, Ssid=nonessid, SsidLen=8
09-18 17:35:55.422 I/kernel  (  587): [  222.683054][wlan][587]aisFsmSteps:(AIS STATE) [AIS0] TRANSITION: [IDLE] -> [SCAN]
09-18 17:35:55.422 I/kernel  (  587): [  222.683092][wlan][587]scnFsmSteps:(SCN STATE) [SCAN]TRANSITION: [IDLE] -> [SCANNING]
09-18 17:35:55.422 I/kernel  ( 1207): [  222.683223][wlan][1207]mtk_cfg_get_txpower:(REQ WARN) STA doesn't support this function
09-18 17:35:55.422 I/kernel  ( 1207): [  222.683442][wlan][1207]mtk_cfg_get_txpower:(REQ WARN) STA doesn't support this function
09-18 17:35:55.419 D/WifiHAL (  610): event received NL80211_CMD_VENDOR, vendor_id = 0xce7, subcmd = 0x99
09-18 17:35:55.419 D/WifiHAL (  610): event received NL80211_CMD_TRIGGER_SCAN
09-18 17:35:55.419 D/wpa_supplicant( 1207): nl80211: Ignore unsupported vendor event
09-18 17:35:55.419 D/wpa_supplicant( 1207): nl80211: Drv Event 103 (NL80211_CMD_VENDOR) received for wlan0
09-18 17:35:55.419 D/wpa_supplicant( 1207): nl80211: Vendor event: wiphy=0 vendor_id=0xce7 subcmd=153
09-18 17:35:55.419 D/wpa_supplicant( 1207): nl80211: Ignore unsupported vendor event
09-18 17:35:55.419 D/wpa_supplicant( 1207): nl80211: Drv Event 33 (NL80211_CMD_TRIGGER_SCAN) received for wlan0
09-18 17:35:55.419 D/wpa_supplicant( 1207): wlan0: nl80211: Scan trigger
09-18 17:35:55.419 D/wpa_supplicant( 1207): wlan0: Event SCAN_STARTED (47) received
09-18 17:35:55.419 D/wpa_supplicant( 1207): wlan0: External program started a scan
09-18 17:35:55.421 D/VCodecVencImpl(  607): [L 572][MtkVencSetConfig]
09-18 17:35:55.422 D/android.hardware.media.c2@1.1-mediatek(  607): [import_mtk_dtv_native_buffer(): 717] mst buffer is secure: 0
09-18 17:35:55.423 D/android.hardware.media.c2@1.1-mediatek(  607): [import_mtk_dtv_native_buffer(): 717] mst buffer is secure: 0
09-18 17:35:55.428 D/VCodecVenc(  607): [L 324][EnqueInputBuffer]
09-18 17:35:55.426 I/kernel  ( 6265): [  222.687404][MTK_V4L2] level=0 vidioc_venc_qbuf(),1318: [4] id=0 getdata FB(2088960,2) vb=000000000c42c7f0 pts=0
09-18 17:35:55.452 D/android.hardware.media.c2@1.1-mediatek(  607): [import_mtk_dtv_native_buffer(): 717] mst buffer is secure: 0
09-18 17:35:55.452 D/VCodecVencImpl(  607): [L 572][MtkVencSetConfig]
09-18 17:35:55.454 D/android.hardware.media.c2@1.1-mediatek(  607): [import_mtk_dtv_native_buffer(): 717] mst buffer is secure: 0
09-18 17:35:55.454 I/kernel  (  587): [  222.715252][wlan][587]scanCheckEpigramVhtIE:(RLM WARN) [Epigram] prEpiIE->ucLength is too short, skip!
09-18 17:35:55.457 I/kernel  ( 6265): [  222.717743][MTK_V4L2] level=0 vidioc_venc_qbuf(),1318: [4] id=0 getdata FB(2088960,2) vb=000000000c42c7f0 pts=0
09-18 17:35:55.457 D/VCodecVenc(  607): [L 324][EnqueInputBuffer]
09-18 17:35:55.482 D/VCodecVencImpl(  607): [L 572][MtkVencSetConfig]
09-18 17:35:55.482 D/android.hardware.media.c2@1.1-mediatek(  607): [import_mtk_dtv_native_buffer(): 717] mst buffer is secure: 0
09-18 17:35:55.482 D/android.hardware.media.c2@1.1-mediatek(  607): [import_mtk_dtv_native_buffer(): 717] mst buffer is secure: 0
09-18 17:35:55.487 I/kernel  ( 6265): [  222.747961][MTK_V4L2] level=0 vidioc_venc_qbuf(),1318: [4] id=0 getdata FB(2088960,2) vb=000000000c42c7f0 pts=0
09-18 17:35:55.487 D/VCodecVenc(  607): [L 324][EnqueInputBuffer]
09-18 17:35:55.500 I/kernel  (  587): [  222.760969][wlan][587]scanCheckEpigramVhtIE:(RLM WARN) [Epigram] prEpiIE->ucLength is too short, skip!
09-18 17:35:55.500 I/kernel  (  587): [  222.760985][wlan][587]scanCheckEpigramVhtIE:(RLM WARN) [Epigram] prEpiIE->ucLength is too short, skip!
09-18 17:35:55.500 I/kernel  (  587): [  222.760988][wlan][587]scanCheckEpigramVhtIE:(RLM WARN) [Epigram] prEpiIE->ucLength is too short, skip!
09-18 17:35:55.500 I/kernel  (  587): [  222.760990][wlan][587]scanCheckEpigramVhtIE:(RLM WARN) [Epigram] prEpiIE->ucLength is too short, skip!
09-18 17:35:55.512 E/<MI3>   (  636): <ERR>_MI_TUNER_GetLock[4279]: [_MI_TUNER_GetLock][4279] *peLockStatus =  E_MI_TUNER_UNLOCK@!!!
09-18 17:35:55.512 E/<MI3>   (  636): <ERR>_MI_TUNER_GetLock[4279]: [_MI_TUNER_GetLock][4279] *peLockStatus =  E_MI_TUNER_UNLOCK@!!!
09-18 17:35:55.513 E/<MI3>   (  636): <ERR>_MI_TUNER_GetLock[4279]: [_MI_TUNER_GetLock][4279] *peLockStatus =  E_MI_TUNER_UNLOCK@!!!
09-18 17:35:55.513 D/android.hardware.media.c2@1.1-mediatek(  607): [import_mtk_dtv_native_buffer(): 717] mst buffer is secure: 0
09-18 17:35:55.513 D/android.hardware.media.c2@1.1-mediatek(  607): [import_mtk_dtv_native_buffer(): 717] mst buffer is secure: 0
09-18 17:35:55.514 D/VCodecVencImpl(  607): [L 572][MtkVencSetConfig]
09-18 17:35:55.519 I/kernel  ( 6265): [  222.779761][MTK_V4L2] level=0 vidioc_venc_qbuf(),1318: [4] id=0 getdata FB(2088960,2) vb=000000000c42c7f0 pts=0
09-18 17:35:55.519 D/VCodecVenc(  607): [L 324][EnqueInputBuffer]
09-18 17:35:55.544 D/android.hardware.media.c2@1.1-mediatek(  607): [import_mtk_dtv_native_buffer(): 717] mst buffer is secure: 0
09-18 17:35:55.545 D/android.hardware.media.c2@1.1-mediatek(  607): [import_mtk_dtv_native_buffer(): 717] mst buffer is secure: 0
09-18 17:35:55.545 D/VCodecVencImpl(  607): [L 572][MtkVencSetConfig]
09-18 17:35:55.550 I/kernel  ( 6265): [  222.810912][MTK_V4L2] level=0 vidioc_venc_qbuf(),1318: [4] id=0 getdata FB(2088960,2) vb=000000000c42c7f0 pts=0
09-18 17:35:55.551 D/VCodecVenc(  607): [L 324][EnqueInputBuffer]
09-18 17:35:55.576 D/VCodecVencImpl(  607): [L 572][MtkVencSetConfig]
09-18 17:35:55.577 D/android.hardware.media.c2@1.1-mediatek(  607): [import_mtk_dtv_native_buffer(): 717] mst buffer is secure: 0
09-18 17:35:55.578 D/android.hardware.media.c2@1.1-mediatek(  607): [import_mtk_dtv_native_buffer(): 717] mst buffer is secure: 0
09-18 17:35:55.580 I/kernel  ( 6265): [  222.841535][MTK_V4L2] level=0 vidioc_venc_qbuf(),1318: [4] id=0 getdata FB(2088960,2) vb=000000000c42c7f0 pts=0
09-18 17:35:55.583 D/VCodecVenc(  607): [L 324][EnqueInputBuffer]
09-18 17:35:55.607 D/VCodecVencImpl(  607): [L 572][MtkVencSetConfig]
09-18 17:35:55.607 D/android.hardware.media.c2@1.1-mediatek(  607): [import_mtk_dtv_native_buffer(): 717] mst buffer is secure: 0
09-18 17:35:55.608 D/android.hardware.media.c2@1.1-mediatek(  607): [import_mtk_dtv_native_buffer(): 717] mst buffer is secure: 0
09-18 17:35:55.612 I/kernel  ( 6265): [  222.873529][MTK_V4L2] level=0 vidioc_venc_qbuf(),1318: [4] id=0 getdata FB(2088960,2) vb=000000000c42c7f0 pts=0
09-18 17:35:55.614 D/VCodecVenc(  607): [L 324][EnqueInputBuffer]
09-18 17:35:55.625 I/kernel  ( 2513): [  222.886130][A8303-1_Driver] addr:0x08,  i2c status:0x0a from 0x0a
09-18 17:35:55.638 D/VCodecVencImpl(  607): [L 572][MtkVencSetConfig]
09-18 17:35:55.638 D/android.hardware.media.c2@1.1-mediatek(  607): [import_mtk_dtv_native_buffer(): 717] mst buffer is secure: 0
09-18 17:35:55.640 D/android.hardware.media.c2@1.1-mediatek(  607): [import_mtk_dtv_native_buffer(): 717] mst buffer is secure: 0
09-18 17:35:55.643 I/kernel  ( 6265): [  222.903884][MTK_V4L2] level=0 vidioc_venc_qbuf(),1318: [4] id=0 getdata FB(2088960,2) vb=000000000c42c7f0 pts=0
09-18 17:35:55.644 D/VCodecVenc(  607): [L 324][EnqueInputBuffer]
09-18 17:35:55.668 D/VCodecVencImpl(  607): [L 572][MtkVencSetConfig]
09-18 17:35:55.668 D/android.hardware.media.c2@1.1-mediatek(  607): [import_mtk_dtv_native_buffer(): 717] mst buffer is secure: 0
09-18 17:35:55.670 D/android.hardware.media.c2@1.1-mediatek(  607): [import_mtk_dtv_native_buffer(): 717] mst buffer is secure: 0
09-18 17:35:55.673 I/kernel  ( 6265): [  222.934080][MTK_V4L2] level=0 vidioc_venc_qbuf(),1318: [4] id=0 getdata FB(2088960,2) vb=000000000c42c7f0 pts=0
09-18 17:35:55.674 D/VCodecVenc(  607): [L 324][EnqueInputBuffer]
09-18 17:35:55.686 I/kernel  ( 6905): [  222.947332]mtk_cfm: [cfm_get_frontend_algo][1070]
09-18 17:35:55.686 I/kernel  ( 6905): [  222.947347]mtk_cfm: [cfm_tune][777]Start: re_tune = 0
09-18 17:35:55.687 I/kernel  ( 6905): [  222.947695]mtk_cfm: [cfm_tune][896]E(status:0x20)
09-18 17:35:55.697 I/kernel  (  587): [  222.958289][wlan][587]scanCheckEpigramVhtIE:(RLM WARN) [Epigram] prEpiIE->ucLength is too short, skip!
09-18 17:35:55.698 D/VCodecVencImpl(  607): [L 572][MtkVencSetConfig]
09-18 17:35:55.698 D/android.hardware.media.c2@1.1-mediatek(  607): [import_mtk_dtv_native_buffer(): 717] mst buffer is secure: 0
09-18 17:35:55.701 D/android.hardware.media.c2@1.1-mediatek(  607): [import_mtk_dtv_native_buffer(): 717] mst buffer is secure: 0
09-18 17:35:55.703 I/kernel  ( 6265): [  222.964383][MTK_V4L2] level=0 vidioc_venc_qbuf(),1318: [4] id=0 getdata FB(2088960,2) vb=000000000c42c7f0 pts=0
09-18 17:35:55.704 D/VCodecVenc(  607): [L 324][EnqueInputBuffer]
09-18 17:35:55.713 E/<MI3>   (  636): <ERR>_MI_TUNER_GetLock[4279]: [_MI_TUNER_GetLock][4279] *peLockStatus =  E_MI_TUNER_UNLOCK@!!!
09-18 17:35:55.714 E/<MI3>   (  636): <ERR>_MI_TUNER_GetLock[4279]: [_MI_TUNER_GetLock][4279] *peLockStatus =  E_MI_TUNER_UNLOCK@!!!
09-18 17:35:55.714 E/<MI3>   (  636): <ERR>_MI_TUNER_GetLock[4279]: [_MI_TUNER_GetLock][4279] *peLockStatus =  E_MI_TUNER_UNLOCK@!!!
09-18 17:35:55.729 D/VCodecVencImpl(  607): [L 572][MtkVencSetConfig]
09-18 17:35:55.731 D/android.hardware.media.c2@1.1-mediatek(  607): [import_mtk_dtv_native_buffer(): 717] mst buffer is secure: 0
09-18 17:35:55.732 D/android.hardware.media.c2@1.1-mediatek(  607): [import_mtk_dtv_native_buffer(): 717] mst buffer is secure: 0
09-18 17:35:55.734 I/kernel  ( 6265): [  222.995193][MTK_V4L2] level=0 vidioc_venc_qbuf(),1318: [4] id=0 getdata FB(2088960,2) vb=000000000c42c7f0 pts=0
09-18 17:35:55.736 D/VCodecVenc(  607): [L 324][EnqueInputBuffer]
09-18 17:35:55.757 D/audio_hw_primary(  637): out_standby: stream=0xe5985c10, handle=13
09-18 17:35:55.757 I/audio_hw_primary(  637): out_standby: totalPresentationPosition:26874000 current_position:5220000
09-18 17:35:55.757 I/audio_hw_primary(  637): getVolNickName Not outputdevice pipelinename: Decoder_13
09-18 17:35:55.758 I/<APAF>  (  637): <PRINT>_MI_APAF_FILTER_VOLUME_SetMute[3238]: Pipeline Decoder_13: set Mute = 1 (Current depop time:0)
09-18 17:35:55.758 I/audio_hw_primary(  637): setMute: Decoder_13 set volume mute type 0. final muted:1
09-18 17:35:55.760 D/VCodecVencImpl(  607): [L 572][MtkVencSetConfig]
09-18 17:35:55.760 D/android.hardware.media.c2@1.1-mediatek(  607): [import_mtk_dtv_native_buffer(): 717] mst buffer is secure: 0
09-18 17:35:55.761 D/android.hardware.media.c2@1.1-mediatek(  607): [import_mtk_dtv_native_buffer(): 717] mst buffer is secure: 0
09-18 17:35:55.764 I/kernel  ( 6265): [  223.025514][MTK_V4L2] level=0 vidioc_venc_qbuf(),1318: [4] id=0 getdata FB(2088960,2) vb=000000000c42c7f0 pts=0
09-18 17:35:55.767 I/kernel  (  587): [  223.028406][wlan][587]scanCheckEpigramVhtIE:(RLM WARN) [Epigram] prEpiIE->ucLength is too short, skip!
09-18 17:35:55.767 D/VCodecVenc(  607): [L 324][EnqueInputBuffer]
09-18 17:35:55.776 I/SAPVSE_filter(  637): _MI_APAF_FILTER_SAPVSE_Reset Program Version:0002001F
09-18 17:35:55.777 D/TpcAudioPipeline(  637): setAudioClockState: this 0xea9402b0 hwSyncId 3840 ClockState(0) ClockPauseType(3)
09-18 17:35:55.777 I/TpcAudioPipeline(  637): setAudioClockState: this 0xea9402b0 hwSyncId 3840, m_audio_clock_status[Cur/P/S/TPC/Ept]=[0/1/0/1/1]
09-18 17:35:55.777 D/TpcAudioPipeline(  637): latencyInfo: this 0xea9402b0 hwSyncId 3840, user_id 0, type 2, min_latency 1
09-18 17:35:55.777 D/TpcAudioPipeline(  637): latencyInfo: latnecy change(0->1) is less than 5000, ignore to notify TPC
09-18 17:35:55.777 D/TpcAudioPipeline(  637): latencyInfo: this 0xea9402b0 hwSyncId 3840, user_id 0, type 1, min_latency 1
09-18 17:35:55.777 D/audio_hw_primary(  637): out_standby: stream=0xe5985c10, handle=13, end
09-18 17:35:55.778 D/tpc@1.0-impl(  647): [mdbgin_TPC][onNotify][1265] [HwSyncId:3840][userId:0] pl:0xeb545ac0 this:0xecf05920 haltype:HAL_AUDIO pipeIndex:0 notify:RENDER_LATENCY_INFO, p1:1000, p2:0, p3:0, p4:0 
09-18 17:35:55.779 E/tpc@1.0-impl(  647): [getRenderLatencySum][9488] [HwSyncId:3840] buildHalSource:SRC_MM_NONTUNNEL latencySum=1000 ns smaller than MIN_RENDER_LATENCY(5ms)
09-18 17:35:55.779 D/tpc@1.0-impl(  647): [mdbgin_TPC][onNotify][1265] [HwSyncId:3840][userId:0] pl:0xeb545ac0 this:0xecf05920 haltype:HAL_AUDIO pipeIndex:0 notify:UNMUTE_LATENCY_INFO, p1:1000, p2:0, p3:0, p4:0 
09-18 17:35:55.779 D/tpc@1.0-impl(  647): [setUnMuteLatency][9718] Not support build source or type!!
09-18 17:35:55.790 D/BufferPoolAccessor2.0(  607): bufferpool2 0xda083628 : 4(6293504 size) total buffers - 3(4196352 size) used buffers - 3306/3313 (recycle/alloc) - 18/3310 (fetch/transfer)
09-18 17:35:55.790 D/android.hardware.media.c2@1.1-mediatek(  607): [import_mtk_dtv_native_buffer(): 717] mst buffer is secure: 0
09-18 17:35:55.790 D/VCodecVencImpl(  607): [L 572][MtkVencSetConfig]
09-18 17:35:55.790 D/android.hardware.media.c2@1.1-mediatek(  607): [import_mtk_dtv_native_buffer(): 717] mst buffer is secure: 0
09-18 17:35:55.794 D/VCodecVenc(  607): [L 324][EnqueInputBuffer]
09-18 17:35:55.795 I/kernel  ( 6265): [  223.055980][MTK_V4L2] level=0 vidioc_venc_qbuf(),1318: [4] id=0 getdata FB(2088960,2) vb=000000000c42c7f0 pts=0
09-18 17:35:55.798 I/kernel  (  587): [  223.059360][wlan][587]scanCheckEpigramVhtIE:(RLM WARN) [Epigram] prEpiIE->ucLength is too short, skip!
09-18 17:35:55.821 D/android.hardware.media.c2@1.1-mediatek(  607): [import_mtk_dtv_native_buffer(): 717] mst buffer is secure: 0
09-18 17:35:55.821 D/VCodecVencImpl(  607): [L 572][MtkVencSetConfig]
09-18 17:35:55.821 D/android.hardware.media.c2@1.1-mediatek(  607): [import_mtk_dtv_native_buffer(): 717] mst buffer is secure: 0
09-18 17:35:55.826 I/kernel  ( 6265): [  223.087095][MTK_V4L2] level=0 vidioc_venc_qbuf(),1318: [4] id=0 getdata FB(2088960,2) vb=000000000c42c7f0 pts=0
09-18 17:35:55.826 D/VCodecVenc(  607): [L 324][EnqueInputBuffer]
09-18 17:35:55.851 D/VCodecVencImpl(  607): [L 572][MtkVencSetConfig]
09-18 17:35:55.852 D/android.hardware.media.c2@1.1-mediatek(  607): [import_mtk_dtv_native_buffer(): 717] mst buffer is secure: 0
09-18 17:35:55.853 D/android.hardware.media.c2@1.1-mediatek(  607): [import_mtk_dtv_native_buffer(): 717] mst buffer is secure: 0
09-18 17:35:55.856 I/kernel  ( 6265): [  223.117500][MTK_V4L2] level=0 vidioc_venc_qbuf(),1318: [4] id=0 getdata FB(2088960,2) vb=000000000c42c7f0 pts=0
09-18 17:35:55.857 D/VCodecVenc(  607): [L 324][EnqueInputBuffer]
09-18 17:35:55.882 D/VCodecVencImpl(  607): [L 572][MtkVencSetConfig]
09-18 17:35:55.882 D/android.hardware.media.c2@1.1-mediatek(  607): [import_mtk_dtv_native_buffer(): 717] mst buffer is secure: 0
09-18 17:35:55.882 D/android.hardware.media.c2@1.1-mediatek(  607): [import_mtk_dtv_native_buffer(): 717] mst buffer is secure: 0
09-18 17:35:55.886 D/VCodecVenc(  607): [L 324][EnqueInputBuffer]
09-18 17:35:55.887 I/kernel  ( 6265): [  223.148038][MTK_V4L2] level=0 vidioc_venc_qbuf(),1318: [4] id=0 getdata FB(2088960,2) vb=000000000c42c7f0 pts=0
09-18 17:35:55.913 D/android.hardware.media.c2@1.1-mediatek(  607): [import_mtk_dtv_native_buffer(): 717] mst buffer is secure: 0
09-18 17:35:55.913 D/VCodecVencImpl(  607): [L 572][MtkVencSetConfig]
09-18 17:35:55.915 E/<MI3>   (  636): <ERR>_MI_TUNER_GetLock[4279]: [_MI_TUNER_GetLock][4279] *peLockStatus =  E_MI_TUNER_UNLOCK@!!!
09-18 17:35:55.916 D/android.hardware.media.c2@1.1-mediatek(  607): [import_mtk_dtv_native_buffer(): 717] mst buffer is secure: 0
09-18 17:35:55.916 E/<MI3>   (  636): <ERR>_MI_TUNER_GetLock[4279]: [_MI_TUNER_GetLock][4279] *peLockStatus =  E_MI_TUNER_UNLOCK@!!!
09-18 17:35:55.917 E/<MI3>   (  636): <ERR>_MI_TUNER_GetLock[4279]: [_MI_TUNER_GetLock][4279] *peLockStatus =  E_MI_TUNER_UNLOCK@!!!
09-18 17:35:55.918 I/kernel  ( 6265): [  223.179395][MTK_V4L2] level=0 vidioc_venc_qbuf(),1318: [4] id=0 getdata FB(2088960,2) vb=000000000c42c7f0 pts=0
09-18 17:35:55.919 D/VCodecVenc(  607): [L 324][EnqueInputBuffer]
09-18 17:35:55.942 I/kernel  ( 6909): [  223.203305]mtk_cfm: [cfm_get_frontend_algo][1070]
09-18 17:35:55.942 I/kernel  ( 6907): [  223.203304]mtk_cfm: [cfm_get_frontend_algo][1070]
09-18 17:35:55.942 I/kernel  ( 6907): [  223.203322]mtk_cfm: [cfm_tune][777]Start: re_tune = 0
09-18 17:35:55.942 I/kernel  ( 6909): [  223.203354]mtk_cfm: [cfm_tune][777]Start: re_tune = 0
09-18 17:35:55.944 D/VCodecVencImpl(  607): [L 572][MtkVencSetConfig]
09-18 17:35:55.944 D/android.hardware.media.c2@1.1-mediatek(  607): [import_mtk_dtv_native_buffer(): 717] mst buffer is secure: 0
09-18 17:35:55.945 D/android.hardware.media.c2@1.1-mediatek(  607): [import_mtk_dtv_native_buffer(): 717] mst buffer is secure: 0
09-18 17:35:55.948 I/kernel  ( 6265): [  223.209566][MTK_V4L2] level=0 vidioc_venc_qbuf(),1318: [4] id=0 getdata FB(2088960,2) vb=000000000c42c7f0 pts=0
09-18 17:35:55.950 D/VCodecVenc(  607): [L 324][EnqueInputBuffer]
09-18 17:35:55.961 I/kernel  (  587): [  223.222204][wlan][587]scanCheckEpigramVhtIE:(RLM WARN) [Epigram] prEpiIE->ucLength is too short, skip!
09-18 17:35:55.961 I/kernel  (  587): [  223.222227][wlan][587]scanCheckEpigramVhtIE:(RLM WARN) [Epigram] prEpiIE->ucLength is too short, skip!
09-18 17:35:55.961 I/kernel  (  587): [  223.222230][wlan][587]scanCheckEpigramVhtIE:(RLM WARN) [Epigram] prEpiIE->ucLength is too short, skip!
09-18 17:35:55.961 I/kernel  (  587): [  223.222233][wlan][587]scanCheckEpigramVhtIE:(RLM WARN) [Epigram] prEpiIE->ucLength is too short, skip!
09-18 17:35:55.961 I/kernel  (  587): [  223.222286][wlan][587]scanCheckEpigramVhtIE:(RLM WARN) [Epigram] prEpiIE->ucLength is too short, skip!
09-18 17:35:55.961 I/kernel  (  587): [  223.222290][wlan][587]scanCheckEpigramVhtIE:(RLM WARN) [Epigram] prEpiIE->ucLength is too short, skip!
09-18 17:35:55.961 I/kernel  (  587): [  223.222292][wlan][587]scanCheckEpigramVhtIE:(RLM WARN) [Epigram] prEpiIE->ucLength is too short, skip!
09-18 17:35:55.961 I/kernel  (  587): [  223.222295][wlan][587]scanCheckEpigramVhtIE:(RLM WARN) [Epigram] prEpiIE->ucLength is too short, skip!
09-18 17:35:55.974 D/VCodecVencImpl(  607): [L 572][MtkVencSetConfig]
09-18 17:35:55.974 D/android.hardware.media.c2@1.1-mediatek(  607): [import_mtk_dtv_native_buffer(): 717] mst buffer is secure: 0
09-18 17:35:55.974 D/android.hardware.media.c2@1.1-mediatek(  607): [import_mtk_dtv_native_buffer(): 717] mst buffer is secure: 0
09-18 17:35:55.979 I/kernel  ( 6265): [  223.240085][MTK_V4L2] level=0 vidioc_venc_qbuf(),1318: [4] id=0 getdata FB(2088960,2) vb=000000000c42c7f0 pts=0
09-18 17:35:55.979 D/VCodecVenc(  607): [L 324][EnqueInputBuffer]
09-18 17:35:55.996 I/kernel  (  587): [  223.257370][wlan][587]scanCheckEpigramVhtIE:(RLM WARN) [Epigram] prEpiIE->ucLength is too short, skip!
09-18 17:35:56.004 I/kernel  (  587): [  223.265200][wlan][587]scanCheckEpigramVhtIE:(RLM WARN) [Epigram] prEpiIE->ucLength is too short, skip!
09-18 17:35:56.004 I/kernel  (  587): [  223.265215][wlan][587]scanCheckEpigramVhtIE:(RLM WARN) [Epigram] prEpiIE->ucLength is too short, skip!
09-18 17:35:56.004 I/kernel  (  587): [  223.265218][wlan][587]scanCheckEpigramVhtIE:(RLM WARN) [Epigram] prEpiIE->ucLength is too short, skip!
09-18 17:35:56.004 I/kernel  (  587): [  223.265220][wlan][587]scanCheckEpigramVhtIE:(RLM WARN) [Epigram] prEpiIE->ucLength is too short, skip!
09-18 17:35:56.007 I/kernel  (  587): [  223.268417][wlan][587]scanCheckEpigramVhtIE:(RLM WARN) [Epigram] prEpiIE->ucLength is too short, skip!
09-18 17:35:56.007 I/kernel  (  587): [  223.268432][wlan][587]scanCheckEpigramVhtIE:(RLM WARN) [Epigram] prEpiIE->ucLength is too short, skip!
09-18 17:35:56.007 I/kernel  (  587): [  223.268435][wlan][587]scanCheckEpigramVhtIE:(RLM WARN) [Epigram] prEpiIE->ucLength is too short, skip!
09-18 17:35:56.007 I/kernel  (  587): [  223.268437][wlan][587]scanCheckEpigramVhtIE:(RLM WARN) [Epigram] prEpiIE->ucLength is too short, skip!
09-18 17:35:56.007 I/kernel  (  587): [  223.268473][wlan][587]scanCheckEpigramVhtIE:(RLM WARN) [Epigram] prEpiIE->ucLength is too short, skip!
09-18 17:35:56.007 I/kernel  (  587): [  223.268476][wlan][587]scanCheckEpigramVhtIE:(RLM WARN) [Epigram] prEpiIE->ucLength is too short, skip!
09-18 17:35:56.007 I/kernel  (  587): [  223.268478][wlan][587]scanCheckEpigramVhtIE:(RLM WARN) [Epigram] prEpiIE->ucLength is too short, skip!
09-18 17:35:56.007 I/kernel  (  587): [  223.268481][wlan][587]scanCheckEpigramVhtIE:(RLM WARN) [Epigram] prEpiIE->ucLength is too short, skip!
09-18 17:35:56.007 I/kernel  (  587): [  223.268495][wlan][587]scanCheckEpigramVhtIE:(RLM WARN) [Epigram] prEpiIE->ucLength is too short, skip!
09-18 17:35:56.007 I/kernel  (  587): [  223.268497][wlan][587]scanCheckEpigramVhtIE:(RLM WARN) [Epigram] prEpiIE->ucLength is too short, skip!
09-18 17:35:56.007 I/kernel  (  587): [  223.268500][wlan][587]scanCheckEpigramVhtIE:(RLM WARN) [Epigram] prEpiIE->ucLength is too short, skip!
09-18 17:35:56.007 I/kernel  (  587): [  223.268502][wlan][587]scanCheckEpigramVhtIE:(RLM WARN) [Epigram] prEpiIE->ucLength is too short, skip!
09-18 17:35:56.007 I/kernel  (  587): [  223.268569][wlan][587]scanCheckEpigramVhtIE:(RLM WARN) [Epigram] prEpiIE->ucLength is too short, skip!
09-18 17:35:56.007 I/kernel  (  587): [  223.268572][wlan][587]scanCheckEpigramVhtIE:(RLM WARN) [Epigram] prEpiIE->ucLength is too short, skip!
09-18 17:35:56.007 I/kernel  (  587): [  223.268574][wlan][587]scanCheckEpigramVhtIE:(RLM WARN) [Epigram] prEpiIE->ucLength is too short, skip!
09-18 17:35:56.007 I/kernel  (  587): [  223.268577][wlan][587]scanCheckEpigramVhtIE:(RLM WARN) [Epigram] prEpiIE->ucLength is too short, skip!
09-18 17:35:56.006 D/VCodecVencImpl(  607): [L 572][MtkVencSetConfig]
09-18 17:35:56.006 D/android.hardware.media.c2@1.1-mediatek(  607): [import_mtk_dtv_native_buffer(): 717] mst buffer is secure: 0
09-18 17:35:56.007 D/android.hardware.media.c2@1.1-mediatek(  607): [import_mtk_dtv_native_buffer(): 717] mst buffer is secure: 0
09-18 17:35:56.008 I/kernel  (  587): [  223.269617][wlan][587]scanCheckEpigramVhtIE:(RLM WARN) [Epigram] prEpiIE->ucLength is too short, skip!
09-18 17:35:56.008 I/kernel  (  587): [  223.269629][wlan][587]scanCheckEpigramVhtIE:(RLM WARN) [Epigram] prEpiIE->ucLength is too short, skip!
09-18 17:35:56.008 I/kernel  (  587): [  223.269632][wlan][587]scanCheckEpigramVhtIE:(RLM WARN) [Epigram] prEpiIE->ucLength is too short, skip!
09-18 17:35:56.008 I/kernel  (  587): [  223.269634][wlan][587]scanCheckEpigramVhtIE:(RLM WARN) [Epigram] prEpiIE->ucLength is too short, skip!
09-18 17:35:56.009 I/kernel  (  587): [  223.269675][wlan][587]scanCheckEpigramVhtIE:(RLM WARN) [Epigram] prEpiIE->ucLength is too short, skip!
09-18 17:35:56.009 I/kernel  (  587): [  223.269678][wlan][587]scanCheckEpigramVhtIE:(RLM WARN) [Epigram] prEpiIE->ucLength is too short, skip!
09-18 17:35:56.009 I/kernel  (  587): [  223.269680][wlan][587]scanCheckEpigramVhtIE:(RLM WARN) [Epigram] prEpiIE->ucLength is too short, skip!
09-18 17:35:56.009 I/kernel  (  587): [  223.269683][wlan][587]scanCheckEpigramVhtIE:(RLM WARN) [Epigram] prEpiIE->ucLength is too short, skip!
09-18 17:35:56.009 I/kernel  (  587): [  223.269699][wlan][587]scanCheckEpigramVhtIE:(RLM WARN) [Epigram] prEpiIE->ucLength is too short, skip!
09-18 17:35:56.009 I/kernel  (  587): [  223.269701][wlan][587]scanCheckEpigramVhtIE:(RLM WARN) [Epigram] prEpiIE->ucLength is too short, skip!
09-18 17:35:56.009 I/kernel  (  587): [  223.269704][wlan][587]scanCheckEpigramVhtIE:(RLM WARN) [Epigram] prEpiIE->ucLength is too short, skip!
09-18 17:35:56.009 I/kernel  (  587): [  223.269706][wlan][587]scanCheckEpigramVhtIE:(RLM WARN) [Epigram] prEpiIE->ucLength is too short, skip!
09-18 17:35:56.011 I/kernel  (  587): [  223.271860][wlan][587]scanCheckEpigramVhtIE:(RLM WARN) [Epigram] prEpiIE->ucLength is too short, skip!
09-18 17:35:56.011 I/kernel  (  587): [  223.271874][wlan][587]scanCheckEpigramVhtIE:(RLM WARN) [Epigram] prEpiIE->ucLength is too short, skip!
09-18 17:35:56.011 I/kernel  (  587): [  223.271877][wlan][587]scanCheckEpigramVhtIE:(RLM WARN) [Epigram] prEpiIE->ucLength is too short, skip!
09-18 17:35:56.011 I/kernel  (  587): [  223.271879][wlan][587]scanCheckEpigramVhtIE:(RLM WARN) [Epigram] prEpiIE->ucLength is too short, skip!
09-18 17:35:56.011 I/kernel  (  587): [  223.271947][wlan][587]scanCheckEpigramVhtIE:(RLM WARN) [Epigram] prEpiIE->ucLength is too short, skip!
09-18 17:35:56.011 I/kernel  (  587): [  223.271951][wlan][587]scanCheckEpigramVhtIE:(RLM WARN) [Epigram] prEpiIE->ucLength is too short, skip!
09-18 17:35:56.011 I/kernel  (  587): [  223.271954][wlan][587]scanCheckEpigramVhtIE:(RLM WARN) [Epigram] prEpiIE->ucLength is too short, skip!
09-18 17:35:56.011 I/kernel  (  587): [  223.271956][wlan][587]scanCheckEpigramVhtIE:(RLM WARN) [Epigram] prEpiIE->ucLength is too short, skip!
09-18 17:35:56.011 I/kernel  ( 6265): [  223.272404][MTK_V4L2] level=0 vidioc_venc_qbuf(),1318: [4] id=0 getdata FB(2088960,2) vb=000000000c42c7f0 pts=0
09-18 17:35:56.011 D/VCodecVenc(  607): [L 324][EnqueInputBuffer]
09-18 17:35:56.037 D/android.hardware.media.c2@1.1-mediatek(  607): [import_mtk_dtv_native_buffer(): 717] mst buffer is secure: 0
09-18 17:35:56.037 D/VCodecVencImpl(  607): [L 572][MtkVencSetConfig]
09-18 17:35:56.037 D/android.hardware.media.c2@1.1-mediatek(  607): [import_mtk_dtv_native_buffer(): 717] mst buffer is secure: 0
09-18 17:35:56.042 I/kernel  ( 6265): [  223.302934][MTK_V4L2] level=0 vidioc_venc_qbuf(),1318: [4] id=0 getdata FB(2088960,2) vb=000000000c42c7f0 pts=0
09-18 17:35:56.041 D/VCodecVenc(  607): [L 324][EnqueInputBuffer]
09-18 17:35:56.067 D/VCodecVencImpl(  607): [L 572][MtkVencSetConfig]
09-18 17:35:56.067 D/android.hardware.media.c2@1.1-mediatek(  607): [import_mtk_dtv_native_buffer(): 717] mst buffer is secure: 0
09-18 17:35:56.068 D/android.hardware.media.c2@1.1-mediatek(  607): [import_mtk_dtv_native_buffer(): 717] mst buffer is secure: 0
09-18 17:35:56.071 D/VCodecVenc(  607): [L 324][EnqueInputBuffer]
09-18 17:35:56.072 I/kernel  ( 6265): [  223.333428][MTK_V4L2] level=0 vidioc_venc_qbuf(),1318: [4] id=0 getdata FB(2088960,2) vb=000000000c42c7f0 pts=0
09-18 17:35:56.098 D/VCodecVencImpl(  607): [L 572][MtkVencSetConfig]
09-18 17:35:56.098 D/android.hardware.media.c2@1.1-mediatek(  607): [import_mtk_dtv_native_buffer(): 717] mst buffer is secure: 0
09-18 17:35:56.099 D/android.hardware.media.c2@1.1-mediatek(  607): [import_mtk_dtv_native_buffer(): 717] mst buffer is secure: 0
09-18 17:35:56.103 I/kernel  ( 6265): [  223.363874][MTK_V4L2] level=0 vidioc_venc_qbuf(),1318: [4] id=0 getdata FB(2088960,2) vb=000000000c42c7f0 pts=0
09-18 17:35:56.103 D/VCodecVenc(  607): [L 324][EnqueInputBuffer]
09-18 17:35:56.117 E/<MI3>   (  636): <ERR>_MI_TUNER_GetLock[4279]: [_MI_TUNER_GetLock][4279] *peLockStatus =  E_MI_TUNER_UNLOCK@!!!
09-18 17:35:56.118 E/<MI3>   (  636): <ERR>_MI_TUNER_GetLock[4279]: [_MI_TUNER_GetLock][4279] *peLockStatus =  E_MI_TUNER_UNLOCK@!!!
09-18 17:35:56.118 E/<MI3>   (  636): <ERR>_MI_TUNER_GetLock[4279]: [_MI_TUNER_GetLock][4279] *peLockStatus =  E_MI_TUNER_UNLOCK@!!!
09-18 17:35:56.128 D/VCodecVencImpl(  607): [L 572][MtkVencSetConfig]
09-18 17:35:56.130 D/android.hardware.media.c2@1.1-mediatek(  607): [import_mtk_dtv_native_buffer(): 717] mst buffer is secure: 0
09-18 17:35:56.131 D/android.hardware.media.c2@1.1-mediatek(  607): [import_mtk_dtv_native_buffer(): 717] mst buffer is secure: 0
09-18 17:35:56.133 I/kernel  ( 6265): [  223.394288][MTK_V4L2] level=0 vidioc_venc_qbuf(),1318: [4] id=0 getdata FB(2088960,2) vb=000000000c42c7f0 pts=0
09-18 17:35:56.135 D/VCodecVenc(  607): [L 324][EnqueInputBuffer]
09-18 17:35:56.159 D/VCodecVencImpl(  607): [L 572][MtkVencSetConfig]
09-18 17:35:56.159 D/android.hardware.media.c2@1.1-mediatek(  607): [import_mtk_dtv_native_buffer(): 717] mst buffer is secure: 0
09-18 17:35:56.159 D/android.hardware.media.c2@1.1-mediatek(  607): [import_mtk_dtv_native_buffer(): 717] mst buffer is secure: 0
09-18 17:35:56.163 I/kernel  ( 6265): [  223.424658][MTK_V4L2] level=0 vidioc_venc_qbuf(),1318: [4] id=0 getdata FB(2088960,2) vb=000000000c42c7f0 pts=0
09-18 17:35:56.165 D/VCodecVenc(  607): [L 324][EnqueInputBuffer]
09-18 17:35:56.189 D/VCodecVencImpl(  607): [L 572][MtkVencSetConfig]
09-18 17:35:56.189 D/android.hardware.media.c2@1.1-mediatek(  607): [import_mtk_dtv_native_buffer(): 717] mst buffer is secure: 0
09-18 17:35:56.191 D/android.hardware.media.c2@1.1-mediatek(  607): [import_mtk_dtv_native_buffer(): 717] mst buffer is secure: 0
09-18 17:35:56.194 I/kernel  ( 6265): [  223.455130][MTK_V4L2] level=0 vidioc_venc_qbuf(),1318: [4] id=0 getdata FB(2088960,2) vb=000000000c42c7f0 pts=0
09-18 17:35:56.198 D/VCodecVenc(  607): [L 324][EnqueInputBuffer]
09-18 17:35:56.220 D/VCodecVencImpl(  607): [L 572][MtkVencSetConfig]
09-18 17:35:56.220 D/android.hardware.media.c2@1.1-mediatek(  607): [import_mtk_dtv_native_buffer(): 717] mst buffer is secure: 0
09-18 17:35:56.222 D/android.hardware.media.c2@1.1-mediatek(  607): [import_mtk_dtv_native_buffer(): 717] mst buffer is secure: 0
09-18 17:35:56.225 I/kernel  ( 6265): [  223.485914][MTK_V4L2] level=0 vidioc_venc_qbuf(),1318: [4] id=0 getdata FB(2088960,2) vb=000000000c42c7f0 pts=0
09-18 17:35:56.226 D/VCodecVenc(  607): [L 324][EnqueInputBuffer]
09-18 17:35:56.241 I/kernel  (  587): [  223.501728][wlan][587]scanParsingRnrElement:(SCN STATE) OOB scan specific SSIDNum 1
09-18 17:35:56.250 D/VCodecVencImpl(  607): [L 572][MtkVencSetConfig]
09-18 17:35:56.250 D/android.hardware.media.c2@1.1-mediatek(  607): [import_mtk_dtv_native_buffer(): 717] mst buffer is secure: 0
09-18 17:35:56.252 D/android.hardware.media.c2@1.1-mediatek(  607): [import_mtk_dtv_native_buffer(): 717] mst buffer is secure: 0
09-18 17:35:56.255 I/kernel  ( 6265): [  223.516167][MTK_V4L2] level=0 vidioc_venc_qbuf(),1318: [4] id=0 getdata FB(2088960,2) vb=000000000c42c7f0 pts=0
09-18 17:35:56.256 D/VCodecVenc(  607): [L 324][EnqueInputBuffer]
09-18 17:35:56.280 D/VCodecVencImpl(  607): [L 572][MtkVencSetConfig]
09-18 17:35:56.281 D/android.hardware.media.c2@1.1-mediatek(  607): [import_mtk_dtv_native_buffer(): 717] mst buffer is secure: 0
09-18 17:35:56.281 D/android.hardware.media.c2@1.1-mediatek(  607): [import_mtk_dtv_native_buffer(): 717] mst buffer is secure: 0
09-18 17:35:56.286 I/kernel  ( 6265): [  223.546831][MTK_V4L2] level=0 vidioc_venc_qbuf(),1318: [4] id=0 getdata FB(2088960,2) vb=000000000c42c7f0 pts=0
09-18 17:35:56.286 D/VCodecVenc(  607): [L 324][EnqueInputBuffer]
09-18 17:35:56.311 D/VCodecVencImpl(  607): [L 572][MtkVencSetConfi