09-18 17:35:51.111 I/kernel  ( 6905): [  218.372180]mtk_cfm: [_convert_array_to_u16][282], testValue.element[i = 6] = [0x9], value = [0x36e]
09-18 17:35:51.111 I/kernel  ( 6905): [  218.372183]mtk_cfm: [_convert_array_to_u16][282], testValue.element[i = 7] = [0xa], value = [0x76e]
09-18 17:35:51.111 I/kernel  ( 6905): [  218.372186]mtk_cfm: [_convert_array_to_u16][282], testValue.element[i = 8] = [0xb], value = [0xf6e]
09-18 17:35:51.111 I/kernel  ( 6905): [  218.372189]mtk_cfm: [_convert_array_to_u16][282], testValue.element[i = 9] = [0xd], value = [0x2f6e]
09-18 17:35:51.111 I/kernel  ( 6905): [  218.372192]mtk_cfm: [_convert_array_to_u16][282], testValue.element[i = 10] = [0x10], value = [0x12f6e]
09-18 17:35:51.111 I/kernel  ( 6905): [  218.372196]mtk_cfm: [_convert_array_to_u16][282], testValue.element[i = 11] = [0x12], value = [0x52f6e]
09-18 17:35:51.111 I/kernel  ( 6905): [  218.372199]mtk_cfm: [_convert_array_to_u16][282], testValue.element[i = 12] = [0x14], value = [0x152f6e]
09-18 17:35:51.111 I/kernel  ( 6905): [  218.372202]mtk_cfm: [_convert_array_to_u16][282], testValue.element[i = 13] = [0x15], value = [0x352f6e]
09-18 17:35:51.111 I/kernel  ( 6905): [  218.372205]mtk_cfm: [_convert_array_to_u16][282], testValue.element[i = 14] = [0x13], value = [0x3d2f6e]
09-18 17:35:51.111 I/kernel  ( 6905): [  218.372208]mtk_cfm: [_confirm_which_tuner_use][322], board_del_sys_capability = [0x3d2f6e]
09-18 17:35:51.111 I/kernel  ( 6905): [  218.372211]mtk_cfm: [_confirm_which_tuner_use][327], act_del_sys_capability = [0x3d2f6e]
09-18 17:35:51.111 I/kernel  ( 6905): [  218.372213]mtk_cfm: [_confirm_which_tuner_use][333], Correct to selected tuner index = [0]
09-18 17:35:51.111 I/kernel  ( 6905): [  218.372216]mtk_cfm: [cfm_tune][790],	tuner_idx_use = [0]
09-18 17:35:51.111 I/kernel  ( 6905): [  218.372219]mtk_cfm: [_confirm_which_demod_use][368]
09-18 17:35:51.111 I/kernel  ( 6905): [  218.372221]mtk_cfm: [cfm_tune][799], dmd_idx_use = [0]
09-18 17:35:51.111 I/kernel  ( 6905): [  218.372224]mtk_cfm: [_check_and_do_frontend_init][548]
09-18 17:35:51.111 I/kernel  ( 6905): [  218.372226]mtk_cfm: [_check_and_do_tuner_init][467]
09-18 17:35:51.113 I/kernel  ( 6907): [  218.374140]mtk_cfm: [cfm_init][600]
09-18 17:35:51.113 I/kernel  ( 6907): [  218.374156]mtk_cfm: [_confirm_which_tuner_use][299]
09-18 17:35:51.113 I/kernel  ( 6907): [  218.374160]mtk_cfm: [_convert_array_to_u16][282], testValue.element[i = 0] = [0x1], value = [0x2]
09-18 17:35:51.113 I/kernel  ( 6907): [  218.374164]mtk_cfm: [_convert_array_to_u16][282], testValue.element[i = 1] = [0x2], value = [0x6]
09-18 17:35:51.113 I/kernel  ( 6907): [  218.374167]mtk_cfm: [_convert_array_to_u16][282], testValue.element[i = 2] = [0x3], value = [0xe]
09-18 17:35:51.113 I/kernel  ( 6907): [  218.374171]mtk_cfm: [_convert_array_to_u16][282], testValue.element[i = 3] = [0x5], value = [0x2e]
09-18 17:35:51.113 I/kernel  ( 6907): [  218.374174]mtk_cfm: [_convert_array_to_u16][282], testValue.element[i = 4] = [0x6], value = [0x6e]
09-18 17:35:51.113 I/kernel  ( 6907): [  218.374177]mtk_cfm: [_convert_array_to_u16][282], testValue.element[i = 5] = [0x8], value = [0x16e]
09-18 17:35:51.113 I/kernel  ( 6907): [  218.374180]mtk_cfm: [_convert_array_to_u16][282], testValue.element[i = 6] = [0x9], value = [0x36e]
09-18 17:35:51.113 I/kernel  ( 6907): [  218.374183]mtk_cfm: [_convert_array_to_u16][282], testValue.element[i = 7] = [0xa], value = [0x76e]
09-18 17:35:51.113 I/kernel  ( 6907): [  218.374186]mtk_cfm: [_convert_array_to_u16][282], testValue.element[i = 8] = [0xb], value = [0xf6e]
09-18 17:35:51.113 I/kernel  ( 6907): [  218.374189]mtk_cfm: [_convert_array_to_u16][282], testValue.element[i = 9] = [0xd], value = [0x2f6e]
09-18 17:35:51.113 I/kernel  ( 6907): [  218.374192]mtk_cfm: [_convert_array_to_u16][282], testValue.element[i = 10] = [0x10], value = [0x12f6e]
09-18 17:35:51.113 I/kernel  ( 6907): [  218.374196]mtk_cfm: [_convert_array_to_u16][282], testValue.element[i = 11] = [0x12], value = [0x52f6e]
09-18 17:35:51.113 I/kernel  ( 6907): [  218.374199]mtk_cfm: [_convert_array_to_u16][282], testValue.element[i = 12] = [0x14], value = [0x152f6e]
09-18 17:35:51.113 I/kernel  ( 6907): [  218.374202]mtk_cfm: [_convert_array_to_u16][282], testValue.element[i = 13] = [0x15], value = [0x352f6e]
09-18 17:35:51.113 I/kernel  ( 6907): [  218.374205]mtk_cfm: [_convert_array_to_u16][282], testValue.element[i = 14] = [0x13], value = [0x3d2f6e]
09-18 17:35:51.113 I/kernel  ( 6907): [  218.374208]mtk_cfm: [_confirm_which_tuner_use][322], board_del_sys_capability = [0x3d2f6e]
09-18 17:35:51.113 I/kernel  ( 6907): [  218.374211]mtk_cfm: [_confirm_which_tuner_use][327], act_del_sys_capability = [0x3d2f6e]
09-18 17:35:51.113 I/kernel  ( 6907): [  218.374214]mtk_cfm: [_confirm_which_tuner_use][333], Correct to selected tuner index = [0]
09-18 17:35:51.113 I/kernel  ( 6907): [  218.374216]mtk_cfm: [_confirm_which_demod_use][368]
09-18 17:35:51.116 I/kernel  ( 6265): [  218.377601][MTK_V4L2] level=0 vidioc_venc_qbuf(),1318: [4] id=0 getdata FB(2088960,2) vb=000000000c42c7f0 pts=0
09-18 17:35:51.129 I/kernel  ( 6905): [  218.390553]mtk_cfm: [_check_and_do_demod_init][417]
09-18 17:35:51.130 D/audioserver(  701): FGS Logger Transaction failed
09-18 17:35:51.130 D/audioserver(  701): -129
09-18 17:35:51.142 D/VCodecVencImpl(  607): [L 572][MtkVencSetConfig]
09-18 17:35:51.147 I/kernel  ( 6265): [  218.408000][MTK_V4L2] level=0 vidioc_venc_qbuf(),1318: [4] id=0 getdata FB(2088960,2) vb=000000000c42c7f0 pts=0
09-18 17:35:51.149 D/android.hardware.media.c2@1.1-mediatek(  607): [import_mtk_dtv_native_buffer(): 717] mst buffer is secure: 0
09-18 17:35:51.149 D/android.hardware.media.c2@1.1-mediatek(  607): [import_mtk_dtv_native_buffer(): 717] mst buffer is secure: 0
09-18 17:35:51.151 I/kernel  ( 6905): [  218.412223]cxd_tnr: [cxd_tnr_set_params][372] broadcastType:9 freq:1126200 bandwidth_hz:0 tvsystem:0
09-18 17:35:51.153 I/kernel  ( 6905): [  218.414567]cxd_tnr: :----------------------     TUNE (Tuner)      -------------------
09-18 17:35:51.153 I/kernel  ( 6905): [  218.414582]cxd_tnr: :                      | dtvSystem           | (sat)
09-18 17:35:51.153 I/kernel  ( 6905): [  218.414584]cxd_tnr: :                      | frequency           | 1126200 kHz
09-18 17:35:51.153 I/kernel  ( 6905): [  218.414590]cxd_tnr: :                      | symbol rate         | 0 ksps
09-18 17:35:51.153 D/VCodecVenc(  607): [L 324][EnqueInputBuffer]
09-18 17:35:51.157 I/kernel  (  862): [  218.418193]mtk_cfm: [cfm_set_lna][725] lna 1
09-18 17:35:51.156 D/MediaTvTuner( 2016): Write Stats Log for tuning.
09-18 17:35:51.156 D/MediaTvTuner( 2016): Requesting frontend: clientId = 13, frontendType = 7
09-18 17:35:51.159 E/<MI3>   (  636): <ERR>MI_TUNER_GetAttr[13152]: pOutputParams is NULL
09-18 17:35:51.159 V/mtktv.frontend(  636): [open:2541]: @@@@@@@@@@@@Frontend_open
09-18 17:35:51.160 W/kernel  (  862): [  218.420988]mediatek,dvb-adapter mtk-dvb-adapter: DVB: adapter 0 frontend 1 frequency limits undefined - fix the driver
09-18 17:35:51.160 I/kernel  (  862): [  218.421006]mtk_cfm: [cfm_get_tune_settings][1149]
09-18 17:35:51.160 I/kernel  ( 6907): [  218.421033]mtk_cfm: [cfm_get_frontend_algo][1070]
09-18 17:35:51.160 I/kernel  ( 6907): [  218.421040]mtk_cfm: [cfm_tune][777]Start: re_tune = 1
09-18 17:35:51.160 I/kernel  ( 6907): [  218.421044]mtk_cfm: [_confirm_which_tuner_use][299]
09-18 17:35:51.160 I/kernel  ( 6907): [  218.421047]mtk_cfm: [_convert_array_to_u16][282], testValue.element[i = 0] = [0x1], value = [0x2]
09-18 17:35:51.160 I/kernel  ( 6907): [  218.421051]mtk_cfm: [_convert_array_to_u16][282], testValue.element[i = 1] = [0x2], value = [0x6]
09-18 17:35:51.160 I/kernel  ( 6907): [  218.421054]mtk_cfm: [_convert_array_to_u16][282], testValue.element[i = 2] = [0x3], value = [0xe]
09-18 17:35:51.160 I/kernel  ( 6907): [  218.421057]mtk_cfm: [_convert_array_to_u16][282], testValue.element[i = 3] = [0x5], value = [0x2e]
09-18 17:35:51.160 I/kernel  ( 6907): [  218.421060]mtk_cfm: [_convert_array_to_u16][282], testValue.element[i = 4] = [0x6], value = [0x6e]
09-18 17:35:51.160 I/kernel  ( 6907): [  218.421063]mtk_cfm: [_convert_array_to_u16][282], testValue.element[i = 5] = [0x8], value = [0x16e]
09-18 17:35:51.160 I/kernel  ( 6907): [  218.421067]mtk_cfm: [_convert_array_to_u16][282], testValue.element[i = 6] = [0x9], value = [0x36e]
09-18 17:35:51.160 I/kernel  ( 6907): [  218.421070]mtk_cfm: [_convert_array_to_u16][282], testValue.element[i = 7] = [0xa], value = [0x76e]
09-18 17:35:51.160 I/kernel  ( 6907): [  218.421072]mtk_cfm: [_convert_array_to_u16][282], testValue.element[i = 8] = [0xb], value = [0xf6e]
09-18 17:35:51.160 I/kernel  ( 6907): [  218.421076]mtk_cfm: [_convert_array_to_u16][282], testValue.element[i = 9] = [0xd], value = [0x2f6e]
09-18 17:35:51.160 I/kernel  ( 6907): [  218.421079]mtk_cfm: [_convert_array_to_u16][282], testValue.element[i = 10] = [0x10], value = [0x12f6e]
09-18 17:35:51.160 I/kernel  ( 6907): [  218.421082]mtk_cfm: [_convert_array_to_u16][282], testValue.element[i = 11] = [0x12], value = [0x52f6e]
09-18 17:35:51.160 I/kernel  ( 6907): [  218.421085]mtk_cfm: [_convert_array_to_u16][282], testValue.element[i = 12] = [0x14], value = [0x152f6e]
09-18 17:35:51.160 I/kernel  ( 6907): [  218.421089]mtk_cfm: [_convert_array_to_u16][282], testValue.element[i = 13] = [0x15], value = [0x352f6e]
09-18 17:35:51.160 I/kernel  ( 6907): [  218.421092]mtk_cfm: [_convert_array_to_u16][282], testValue.element[i = 14] = [0x13], value = [0x3d2f6e]
09-18 17:35:51.160 I/kernel  ( 6907): [  218.421095]mtk_cfm: [_confirm_which_tuner_use][322], board_del_sys_capability = [0x3d2f6e]
09-18 17:35:51.160 I/kernel  ( 6907): [  218.421097]mtk_cfm: [_confirm_which_tuner_use][327], act_del_sys_capability = [0x3d2f6e]
09-18 17:35:51.160 I/kernel  ( 6907): [  218.421100]mtk_cfm: [_confirm_which_tuner_use][333], Correct to selected tuner index = [0]
09-18 17:35:51.160 I/kernel  ( 6907): [  218.421103]mtk_cfm: [cfm_tune][790],	tuner_idx_use = [0]
09-18 17:35:51.160 I/kernel  ( 6907): [  218.421106]mtk_cfm: [_confirm_which_demod_use][368]
09-18 17:35:51.160 I/kernel  ( 6907): [  218.421109]mtk_cfm: [cfm_tune][799], dmd_idx_use = [0]
09-18 17:35:51.160 I/kernel  ( 6907): [  218.421111]mtk_cfm: [_check_and_do_frontend_init][548]
09-18 17:35:51.160 I/kernel  ( 6907): [  218.421113]mtk_cfm: [_check_and_do_tuner_init][467]
09-18 17:35:51.162 I/kernel  ( 6909): [  218.423335]mtk_cfm: [cfm_init][600]
09-18 17:35:51.162 I/kernel  ( 6909): [  218.423346]mtk_cfm: [_confirm_which_tuner_use][299]
09-18 17:35:51.162 I/kernel  ( 6909): [  218.423350]mtk_cfm: [_convert_array_to_u16][282], testValue.element[i = 0] = [0x1], value = [0x2]
09-18 17:35:51.162 I/kernel  ( 6909): [  218.423355]mtk_cfm: [_convert_array_to_u16][282], testValue.element[i = 1] = [0x2], value = [0x6]
09-18 17:35:51.162 I/kernel  ( 6909): [  218.423358]mtk_cfm: [_convert_array_to_u16][282], testValue.element[i = 2] = [0x3], value = [0xe]
09-18 17:35:51.162 I/kernel  ( 6909): [  218.423361]mtk_cfm: [_convert_array_to_u16][282], testValue.element[i = 3] = [0x5], value = [0x2e]
09-18 17:35:51.162 I/kernel  ( 6909): [  218.423364]mtk_cfm: [_convert_array_to_u16][282], testValue.element[i = 4] = [0x6], value = [0x6e]
09-18 17:35:51.162 I/kernel  ( 6909): [  218.423368]mtk_cfm: [_convert_array_to_u16][282], testValue.element[i = 5] = [0x8], value = [0x16e]
09-18 17:35:51.162 I/kernel  ( 6909): [  218.423371]mtk_cfm: [_convert_array_to_u16][282], testValue.element[i = 6] = [0x9], value = [0x36e]
09-18 17:35:51.162 I/kernel  ( 6909): [  218.423374]mtk_cfm: [_convert_array_to_u16][282], testValue.element[i = 7] = [0xa], value = [0x76e]
09-18 17:35:51.162 I/kernel  ( 6909): [  218.423377]mtk_cfm: [_convert_array_to_u16][282], testValue.element[i = 8] = [0xb], value = [0xf6e]
09-18 17:35:51.162 I/kernel  ( 6909): [  218.423380]mtk_cfm: [_convert_array_to_u16][282], testValue.element[i = 9] = [0xd], value = [0x2f6e]
09-18 17:35:51.162 I/kernel  ( 6909): [  218.423383]mtk_cfm: [_convert_array_to_u16][282], testValue.element[i = 10] = [0x10], value = [0x12f6e]
09-18 17:35:51.162 I/kernel  ( 6909): [  218.423387]mtk_cfm: [_convert_array_to_u16][282], testValue.element[i = 11] = [0x12], value = [0x52f6e]
09-18 17:35:51.162 I/kernel  ( 6909): [  218.423390]mtk_cfm: [_convert_array_to_u16][282], testValue.element[i = 12] = [0x14], value = [0x152f6e]
09-18 17:35:51.162 I/kernel  ( 6909): [  218.423393]mtk_cfm: [_convert_array_to_u16][282], testValue.element[i = 13] = [0x15], value = [0x352f6e]
09-18 17:35:51.162 I/kernel  ( 6909): [  218.423396]mtk_cfm: [_convert_array_to_u16][282], testValue.element[i = 14] = [0x13], value = [0x3d2f6e]
09-18 17:35:51.162 I/kernel  ( 6909): [  218.423399]mtk_cfm: [_confirm_which_tuner_use][322], board_del_sys_capability = [0x3d2f6e]
09-18 17:35:51.162 I/kernel  ( 6909): [  218.423402]mtk_cfm: [_confirm_which_tuner_use][327], act_del_sys_capability = [0x3d2f6e]
09-18 17:35:51.162 I/kernel  ( 6909): [  218.423405]mtk_cfm: [_confirm_which_tuner_use][333], Correct to selected tuner index = [0]
09-18 17:35:51.162 I/kernel  ( 6909): [  218.423407]mtk_cfm: [_confirm_which_demod_use][368]
09-18 17:35:51.169 I/JpTis_IsdbSFrontendTuneImpl@4( 2016): LnbStatusCallbackImpl:onLnbStatusChanged from:LnbStatus(voltageOn=false, status=Pending) to:LnbStatus(voltageOn=false, status=Pending) lnbPowerStatus:Pending
09-18 17:35:51.169 I/JpTis_IsdbSFrontendTuneImpl@9( 2016): LnbStatusCallbackImpl:onLnbStatusChanged from:LnbStatus(voltageOn=false, status=Pending) to:LnbStatus(voltageOn=false, status=Pending) lnbPowerStatus:Pending
09-18 17:35:51.171 I/kernel  (  863): [  218.431899][A8303-1_Driver] [dish_a8303_1_fe_set_voltage] arg voltage is 0x00
09-18 17:35:51.171 I/kernel  (  863): [  218.432100][A8303-1_Driver] i2c_transfer msg[0] addr:0x08, len:2, flags:0
09-18 17:35:51.171 I/kernel  (  863): [  218.432106][A8303-1_Driver] i2c_transfer msg[0] buf[0]:0x00
09-18 17:35:51.171 I/kernel  (  863): [  218.432109][A8303-1_Driver] i2c_transfer msg[0] buf[1]:0x00
09-18 17:35:51.171 I/kernel  (  863): [  218.432219][A8303-1_Driver] [memorize_voltage] main_voltage = 2
09-18 17:35:51.172 I/kernel  ( 2513): [  218.433469][A8303-1_Driver] addr:0x08,  i2c status:0x1b from 0x0a
09-18 17:35:51.173 I/kernel  ( 6905): [  218.434437]cxd_tnr: Request Freq, 1126200 [kHz]; RSSI, -71550e-3 [dBm]; Symbol rate, 28859.9 [ksps];
09-18 17:35:51.173 I/kernel  ( 6905): [  218.434602]cxd_tnr: : PLL Lock (Tuner)     | PLL Lock (REG)      | reg:0x1d value=0x12
09-18 17:35:51.172 D/VCodecVencImpl(  607): [L 572][MtkVencSetConfig]
09-18 17:35:51.175 I/kernel  ( 6905): [  218.435869]cxd_tnr: : AGC (Tuner)          | IF AGC (REG)        | reg:0x5B value=0x40
09-18 17:35:51.175 E/kernel  ( 6905): [  218.435881]cxd_tnr: [cxd_tnr_cfm_get_params][754] unknown 9
09-18 17:35:51.175 I/kernel  ( 6905): [  218.435997]cxd_dmd: :----------------------     TUNE (Demod)      -------------------
09-18 17:35:51.175 I/kernel  ( 6905): [  218.436000]cxd_dmd: :                      | delivery System(dvb)| 9
09-18 17:35:51.175 I/kernel  ( 6905): [  218.436496]cxd_dmd: :                      | frequency           | 1126200 kHz
09-18 17:35:51.177 I/kernel  ( 6265): [  218.438254][MTK_V4L2] level=0 vidioc_venc_qbuf(),1318: [4] id=0 getdata FB(2088960,2) vb=000000000c42c7f0 pts=0
09-18 17:35:51.184 I/kernel  ( 6907): [  218.444718]mtk_cfm: [_check_and_do_demod_init][417]
09-18 17:35:51.195 I/kernel  ( 6905): [  218.456065]mtk_cfm: [cfm_tune][868] demod_result : 0
09-18 17:35:51.196 I/kernel  ( 6905): [  218.457004]mtk_cfm: [cfm_tune][896]E(status:0x0)
09-18 17:35:51.203 D/VCodecVencImpl(  607): [L 572][MtkVencSetConfig]
09-18 17:35:51.207 I/kernel  ( 6907): [  218.467722]cxd_tnr: [cxd_tnr_set_params][372] broadcastType:9 freq:1318000 bandwidth_hz:0 tvsystem:0
09-18 17:35:51.207 I/kernel  ( 6907): [  218.468284]cxd_tnr: :----------------------     TUNE (Tuner)      -------------------
09-18 17:35:51.207 I/kernel  ( 6907): [  218.468292]cxd_tnr: :                      | dtvSystem           | (sat)
09-18 17:35:51.207 I/kernel  ( 6907): [  218.468294]cxd_tnr: :                      | frequency           | 1318000 kHz
09-18 17:35:51.207 I/kernel  ( 6907): [  218.468298]cxd_tnr: :                      | symbol rate         | 0 ksps
09-18 17:35:51.208 I/kernel  ( 6265): [  218.469120][MTK_V4L2] level=0 vidioc_venc_qbuf(),1318: [4] id=0 getdata FB(2088960,2) vb=000000000c42c7f0 pts=0
09-18 17:35:51.211 D/MediaTvTuner( 2016): Write Stats Log for tuning.
09-18 17:35:51.212 I/kernel  (  862): [  218.473112]mtk_cfm: [cfm_set_lna][725] lna 1
09-18 17:35:51.222 W/kernel  (  862): [  218.482885]mediatek,dvb-adapter mtk-dvb-adapter: DVB: adapter 0 frontend 2 frequency limits undefined - fix the driver
09-18 17:35:51.222 I/kernel  (  862): [  218.482902]mtk_cfm: [cfm_get_tune_settings][1149]
09-18 17:35:51.222 I/kernel  ( 6909): [  218.482922]mtk_cfm: [cfm_get_frontend_algo][1070]
09-18 17:35:51.222 I/kernel  ( 6909): [  218.482929]mtk_cfm: [cfm_tune][777]Start: re_tune = 1
09-18 17:35:51.222 I/kernel  ( 6909): [  218.482933]mtk_cfm: [_confirm_which_tuner_use][299]
09-18 17:35:51.222 I/kernel  ( 6909): [  218.482936]mtk_cfm: [_convert_array_to_u16][282], testValue.element[i = 0] = [0x1], value = [0x2]
09-18 17:35:51.222 I/kernel  ( 6909): [  218.482940]mtk_cfm: [_convert_array_to_u16][282], testValue.element[i = 1] = [0x2], value = [0x6]
09-18 17:35:51.222 I/kernel  ( 6909): [  218.482943]mtk_cfm: [_convert_array_to_u16][282], testValue.element[i = 2] = [0x3], value = [0xe]
09-18 17:35:51.222 I/kernel  ( 6909): [  218.482946]mtk_cfm: [_convert_array_to_u16][282], testValue.element[i = 3] = [0x5], value = [0x2e]
09-18 17:35:51.222 I/kernel  ( 6909): [  218.482949]mtk_cfm: [_convert_array_to_u16][282], testValue.element[i = 4] = [0x6], value = [0x6e]
09-18 17:35:51.222 I/kernel  ( 6909): [  218.482952]mtk_cfm: [_convert_array_to_u16][282], testValue.element[i = 5] = [0x8], value = [0x16e]
09-18 17:35:51.222 I/kernel  ( 6909): [  218.482955]mtk_cfm: [_convert_array_to_u16][282], testValue.element[i = 6] = [0x9], value = [0x36e]
09-18 17:35:51.222 I/kernel  ( 6909): [  218.482958]mtk_cfm: [_convert_array_to_u16][282], testValue.element[i = 7] = [0xa], value = [0x76e]
09-18 17:35:51.222 I/kernel  ( 6909): [  218.482961]mtk_cfm: [_convert_array_to_u16][282], testValue.element[i = 8] = [0xb], value = [0xf6e]
09-18 17:35:51.220 I/JpTis_IsdbSFrontendTuneImpl@10( 2016): LnbStatusCallbackImpl:onLnbStatusChanged from:LnbStatus(voltageOn=false, status=Pending) to:LnbStatus(voltageOn=true, status=Pending) lnbPowerStatus:Pending
09-18 17:35:51.222 I/kernel  ( 6909): [  218.482964]mtk_cfm: [_convert_array_to_u16][282], testValue.element[i = 9] = [0xd], value = [0x2f6e]
09-18 17:35:51.222 I/kernel  ( 6909): [  218.482967]mtk_cfm: [_convert_array_to_u16][282], testValue.element[i = 10] = [0x10], value = [0x12f6e]
09-18 17:35:51.222 I/kernel  ( 6909): [  218.482970]mtk_cfm: [_convert_array_to_u16][282], testValue.element[i = 11] = [0x12], value = [0x52f6e]
09-18 17:35:51.222 I/kernel  ( 6909): [  218.482973]mtk_cfm: [_convert_array_to_u16][282], testValue.element[i = 12] = [0x14], value = [0x152f6e]
09-18 17:35:51.222 I/kernel  ( 6909): [  218.482977]mtk_cfm: [_convert_array_to_u16][282], testValue.element[i = 13] = [0x15], value = [0x352f6e]
09-18 17:35:51.222 I/kernel  ( 6909): [  218.482980]mtk_cfm: [_convert_array_to_u16][282], testValue.element[i = 14] = [0x13], value = [0x3d2f6e]
09-18 17:35:51.220 I/JpTis_IsdbSFrontendTuneImpl@10( 2016): onLnbStatusChanged() is invalid
09-18 17:35:51.220 I/JpTis_IsdbSFrontendTuneImpl@10( 2016): LnbStatusCallbackImpl:onLnbStatusChanged from:LnbStatus(voltageOn=false, status=Pending) to:LnbStatus(voltageOn=false, status=Pending) lnbPowerStatus:Pending
09-18 17:35:51.222 I/kernel  ( 6909): [  218.482983]mtk_cfm: [_confirm_which_tuner_use][322], board_del_sys_capability = [0x3d2f6e]
09-18 17:35:51.222 I/kernel  ( 6909): [  218.482985]mtk_cfm: [_confirm_which_tuner_use][327], act_del_sys_capability = [0x3d2f6e]
09-18 17:35:51.222 I/kernel  ( 6909): [  218.482988]mtk_cfm: [_confirm_which_tuner_use][333], Correct to selected tuner index = [0]
09-18 17:35:51.222 I/kernel  ( 6909): [  218.482991]mtk_cfm: [cfm_tune][790],	tuner_idx_use = [0]
09-18 17:35:51.222 I/kernel  ( 6909): [  218.482993]mtk_cfm: [_confirm_which_demod_use][368]
09-18 17:35:51.222 I/kernel  ( 6909): [  218.482996]mtk_cfm: [cfm_tune][799], dmd_idx_use = [0]
09-18 17:35:51.222 I/kernel  ( 6909): [  218.482998]mtk_cfm: [_check_and_do_frontend_init][548]
09-18 17:35:51.222 I/kernel  ( 6909): [  218.483000]mtk_cfm: [_check_and_do_tuner_init][467]
09-18 17:35:51.229 I/kernel  ( 6907): [  218.490203]cxd_tnr: Request Freq, 1318000 [kHz]; RSSI, -74230e-3 [dBm]; Symbol rate, 28859.9 [ksps];
09-18 17:35:51.229 I/kernel  ( 6907): [  218.490373]cxd_tnr: : PLL Lock (Tuner)     | PLL Lock (REG)      | reg:0x1d value=0x2
09-18 17:35:51.231 I/kernel  ( 6907): [  218.492352]cxd_tnr: : AGC (Tuner)          | IF AGC (REG)        | reg:0x5B value=0x3C
09-18 17:35:51.231 E/kernel  ( 6907): [  218.492370]cxd_tnr: [cxd_tnr_cfm_get_params][754] unknown 9
09-18 17:35:51.231 I/kernel  ( 6907): [  218.492509]cxd_dmd: :----------------------     TUNE (Demod)      -------------------
09-18 17:35:51.231 I/kernel  ( 6907): [  218.492512]cxd_dmd: :                      | delivery System(dvb)| 9
09-18 17:35:51.232 I/kernel  ( 6907): [  218.492994]cxd_dmd: :                      | frequency           | 1318000 kHz
09-18 17:35:51.233 D/VCodecVencImpl(  607): [L 572][MtkVencSetConfig]
09-18 17:35:51.238 I/kernel  ( 6265): [  218.499572][MTK_V4L2] level=0 vidioc_venc_qbuf(),1318: [4] id=0 getdata FB(2088960,2) vb=000000000c42c7f0 pts=0
09-18 17:35:51.240 I/kernel  ( 6907): [  218.501167]mtk_cfm: [cfm_tune][868] demod_result : 0
09-18 17:35:51.242 I/kernel  ( 6907): [  218.502826]mtk_cfm: [cfm_tune][896]E(status:0x0)
09-18 17:35:51.243 I/kernel  ( 6909): [  218.503844]mtk_cfm: [_check_and_do_demod_init][417]
09-18 17:35:51.249 D/android.hardware.media.c2@1.1-mediatek(  607): [import_mtk_dtv_native_buffer(): 717] mst buffer is secure: 0
09-18 17:35:51.249 D/android.hardware.media.c2@1.1-mediatek(  607): [import_mtk_dtv_native_buffer(): 717] mst buffer is secure: 0
09-18 17:35:51.253 D/VCodecVenc(  607): [L 324][EnqueInputBuffer]
09-18 17:35:51.257 I/kernel  ( 6909): [  218.518647]cxd_tnr: [cxd_tnr_set_params][372] broadcastType:9 freq:1933000 bandwidth_hz:0 tvsystem:0
09-18 17:35:51.258 I/kernel  ( 6909): [  218.518929]cxd_tnr: :----------------------     TUNE (Tuner)      -------------------
09-18 17:35:51.258 I/kernel  ( 6909): [  218.518931]cxd_tnr: :                      | dtvSystem           | (sat)
09-18 17:35:51.258 I/kernel  ( 6909): [  218.518934]cxd_tnr: :                      | frequency           | 1933000 kHz
09-18 17:35:51.258 I/kernel  ( 6909): [  218.518936]cxd_tnr: :                      | symbol rate         | 0 ksps
09-18 17:35:51.264 D/VCodecVencImpl(  607): [L 572][MtkVencSetConfig]
09-18 17:35:51.269 I/kernel  ( 6265): [  218.529845][MTK_V4L2] level=0 vidioc_venc_qbuf(),1318: [4] id=0 getdata FB(2088960,2) vb=000000000c42c7f0 pts=0
09-18 17:35:51.276 I/kernel  ( 6909): [  218.536726]cxd_tnr: Request Freq, 1933000 [kHz]; RSSI, -69360e-3 [dBm]; Symbol rate, 28859.9 [ksps];
09-18 17:35:51.276 I/kernel  ( 6909): [  218.536898]cxd_tnr: : PLL Lock (Tuner)     | PLL Lock (REG)      | reg:0x1d value=0x12
09-18 17:35:51.277 I/kernel  ( 6909): [  218.538084]cxd_tnr: : AGC (Tuner)          | IF AGC (REG)        | reg:0x5B value=0x4C
09-18 17:35:51.277 E/kernel  ( 6909): [  218.538094]cxd_tnr: [cxd_tnr_cfm_get_params][754] unknown 9
09-18 17:35:51.277 I/kernel  ( 6909): [  218.538242]cxd_dmd: :----------------------     TUNE (Demod)      -------------------
09-18 17:35:51.277 I/kernel  ( 6909): [  218.538245]cxd_dmd: :                      | delivery System(dvb)| 9
09-18 17:35:51.278 I/kernel  ( 6909): [  218.538670]cxd_dmd: :                      | frequency           | 1933000 kHz
09-18 17:35:51.285 I/kernel  ( 6909): [  218.546244]mtk_cfm: [cfm_tune][868] demod_result : 0
09-18 17:35:51.286 I/kernel  ( 6909): [  218.547106]mtk_cfm: [cfm_tune][896]E(status:0x0)
09-18 17:35:51.284 I/cast_shell( 3414): [0918/173551.284273:INFO:metrics_stat_logger.cc(38)] Metrics stat for the past 60 secs : total=0
09-18 17:35:51.294 D/VCodecVencImpl(  607): [L 572][MtkVencSetConfig]
09-18 17:35:51.299 I/kernel  ( 6265): [  218.560112][MTK_V4L2] level=0 vidioc_venc_qbuf(),1318: [4] id=0 getdata FB(2088960,2) vb=000000000c42c7f0 pts=0
09-18 17:35:51.324 D/VCodecVencImpl(  607): [L 572][MtkVencSetConfig]
09-18 17:35:51.329 I/kernel  ( 6265): [  218.590294][MTK_V4L2] level=0 vidioc_venc_qbuf(),1318: [4] id=0 getdata FB(2088960,2) vb=000000000c42c7f0 pts=0
09-18 17:35:51.349 D/android.hardware.media.c2@1.1-mediatek(  607): [import_mtk_dtv_native_buffer(): 717] mst buffer is secure: 0
09-18 17:35:51.349 D/android.hardware.media.c2@1.1-mediatek(  607): [import_mtk_dtv_native_buffer(): 717] mst buffer is secure: 0
09-18 17:35:51.353 D/VCodecVenc(  607): [L 324][EnqueInputBuffer]
09-18 17:35:51.354 D/VCodecVencImpl(  607): [L 572][MtkVencSetConfig]
09-18 17:35:51.359 I/kernel  ( 6265): [  218.620347][MTK_V4L2] level=0 vidioc_venc_qbuf(),1318: [4] id=0 getdata FB(2088960,2) vb=000000000c42c7f0 pts=0
09-18 17:35:51.449 D/android.hardware.media.c2@1.1-mediatek(  607): [import_mtk_dtv_native_buffer(): 717] mst buffer is secure: 0
09-18 17:35:51.449 D/android.hardware.media.c2@1.1-mediatek(  607): [import_mtk_dtv_native_buffer(): 717] mst buffer is secure: 0
09-18 17:35:51.453 D/VCodecVenc(  607): [L 324][EnqueInputBuffer]
09-18 17:35:51.453 D/VCodecVencImpl(  607): [L 572][MtkVencSetConfig]
09-18 17:35:51.458 I/kernel  ( 6265): [  218.719032][MTK_V4L2] level=0 vidioc_venc_qbuf(),1318: [4] id=0 getdata FB(2088960,2) vb=000000000c42c7f0 pts=0
09-18 17:35:51.549 D/android.hardware.media.c2@1.1-mediatek(  607): [import_mtk_dtv_native_buffer(): 717] mst buffer is secure: 0
09-18 17:35:51.550 D/android.hardware.media.c2@1.1-mediatek(  607): [import_mtk_dtv_native_buffer(): 717] mst buffer is secure: 0
09-18 17:35:51.553 D/VCodecVenc(  607): [L 324][EnqueInputBuffer]
09-18 17:35:51.554 D/VCodecVencImpl(  607): [L 572][MtkVencSetConfig]
09-18 17:35:51.557 I/kernel  ( 6265): [  218.818183][MTK_V4L2] level=0 vidioc_venc_qbuf(),1318: [4] id=0 getdata FB(2088960,2) vb=000000000c42c7f0 pts=0
09-18 17:35:51.650 D/android.hardware.media.c2@1.1-mediatek(  607): [import_mtk_dtv_native_buffer(): 717] mst buffer is secure: 0
09-18 17:35:51.650 D/android.hardware.media.c2@1.1-mediatek(  607): [import_mtk_dtv_native_buffer(): 717] mst buffer is secure: 0
09-18 17:35:51.654 D/VCodecVenc(  607): [L 324][EnqueInputBuffer]
09-18 17:35:51.654 D/VCodecVencImpl(  607): [L 572][MtkVencSetConfig]
09-18 17:35:51.658 I/kernel  ( 6265): [  218.918852][MTK_V4L2] level=0 vidioc_venc_qbuf(),1318: [4] id=0 getdata FB(2088960,2) vb=000000000c42c7f0 pts=0
09-18 17:35:51.750 D/android.hardware.media.c2@1.1-mediatek(  607): [import_mtk_dtv_native_buffer(): 717] mst buffer is secure: 0
09-18 17:35:51.750 D/android.hardware.media.c2@1.1-mediatek(  607): [import_mtk_dtv_native_buffer(): 717] mst buffer is secure: 0
09-18 17:35:51.754 D/VCodecVenc(  607): [L 324][EnqueInputBuffer]
09-18 17:35:51.754 D/VCodecVencImpl(  607): [L 572][MtkVencSetConfig]
09-18 17:35:51.758 I/kernel  ( 6265): [  219.018970][MTK_V4L2] level=0 vidioc_venc_qbuf(),1318: [4] id=0 getdata FB(2088960,2) vb=000000000c42c7f0 pts=0
09-18 17:35:51.850 D/android.hardware.media.c2@1.1-mediatek(  607): [import_mtk_dtv_native_buffer(): 717] mst buffer is secure: 0
09-18 17:35:51.851 D/android.hardware.media.c2@1.1-mediatek(  607): [import_mtk_dtv_native_buffer(): 717] mst buffer is secure: 0
09-18 17:35:51.855 D/VCodecVenc(  607): [L 324][EnqueInputBuffer]
09-18 17:35:51.855 D/VCodecVencImpl(  607): [L 572][MtkVencSetConfig]
09-18 17:35:51.858 I/kernel  ( 6265): [  219.119362][MTK_V4L2] level=0 vidioc_venc_qbuf(),1318: [4] id=0 getdata FB(2088960,2) vb=000000000c42c7f0 pts=0
09-18 17:35:51.951 D/android.hardware.media.c2@1.1-mediatek(  607): [import_mtk_dtv_native_buffer(): 717] mst buffer is secure: 0
09-18 17:35:51.951 D/android.hardware.media.c2@1.1-mediatek(  607): [import_mtk_dtv_native_buffer(): 717] mst buffer is secure: 0
09-18 17:35:51.955 D/VCodecVenc(  607): [L 324][EnqueInputBuffer]
09-18 17:35:51.955 D/VCodecVencImpl(  607): [L 572][MtkVencSetConfig]
09-18 17:35:51.959 I/kernel  ( 6265): [  219.220083][MTK_V4L2] level=0 vidioc_venc_qbuf(),1318: [4] id=0 getdata FB(2088960,2) vb=000000000c42c7f0 pts=0
09-18 17:35:52.168 D/vendor.sony.hardware.led@1.0-service(  678): setLed,97 setLed=LED_ID_KEY_RESPONSE
09-18 17:35:52.171 I/kernel  (  126): [  219.431723][PERF][KEY] [mtk_ir_thread] received_keyevent: 0x161 , 0x1
09-18 17:35:52.174 D/VSyncReactor(  708): Set the Vsync Period= 16666666
09-18 17:35:52.198 E/<MI3>   (  636): <ERR>_MI_TUNER_GetLock[4279]: [_MI_TUNER_GetLock][4279] *peLockStatus =  E_MI_TUNER_UNLOCK@!!!
09-18 17:35:52.198 D/android.hardware.media.c2@1.1-mediatek(  607): [import_mtk_dtv_native_buffer(): 717] mst buffer is secure: 0
09-18 17:35:52.199 D/android.hardware.media.c2@1.1-mediatek(  607): [import_mtk_dtv_native_buffer(): 717] mst buffer is secure: 0
09-18 17:35:52.202 D/VCodecVenc(  607): [L 324][EnqueInputBuffer]
09-18 17:35:52.203 D/VCodecVencImpl(  607): [L 572][MtkVencSetConfig]
09-18 17:35:52.206 I/kernel  ( 6265): [  219.467260][MTK_V4L2] level=0 vidioc_venc_qbuf(),1318: [4] id=0 getdata FB(2088960,2) vb=000000000c42c7f0 pts=0
09-18 17:35:52.208 D/MediaTvTuner( 2016): Got event from tuning. Event type: 1 for android.media.tv.tuner.Tuner@f1fe9e2
09-18 17:35:52.208 D/MediaTvTuner( 2016): Wrote Stats Log for the events from tuning.
09-18 17:35:52.209 I/JpTis_IsdbSFrontendTuneImpl@9( 2016): onTuneEvent() tuneEvent:1
09-18 17:35:52.209 E/<MI3>   (  636): <ERR>_MI_TUNER_GetLock[4279]: [_MI_TUNER_GetLock][4279] *peLockStatus =  E_MI_TUNER_UNLOCK@!!!
09-18 17:35:52.216 I/kernel  (  862): [  219.476940][A8303-1_Driver] [dish_a8303_1_fe_set_voltage] arg voltage is 0x0b
09-18 17:35:52.216 I/kernel  (  862): [  219.477167][A8303-1_Driver] i2c_transfer msg[0] addr:0x08, len:2, flags:0
09-18 17:35:52.216 I/kernel  (  862): [  219.477175][A8303-1_Driver] i2c_transfer msg[0] buf[0]:0x00
09-18 17:35:52.216 I/kernel  (  862): [  219.477178][A8303-1_Driver] i2c_transfer msg[0] buf[1]:0x0b
09-18 17:35:52.216 I/kernel  (  862): [  219.477296][A8303-1_Driver] [memorize_voltage] main_voltage = 5
09-18 17:35:52.216 D/android.hardware.media.c2@1.1-mediatek(  607): [import_mtk_dtv_native_buffer(): 717] mst buffer is secure: 0
09-18 17:35:52.216 D/android.hardware.media.c2@1.1-mediatek(  607): [import_mtk_dtv_native_buffer(): 717] mst buffer is secure: 0
09-18 17:35:52.220 D/VCodecVenc(  607): [L 324][EnqueInputBuffer]
09-18 17:35:52.220 E/<MI3>   (  636): <ERR>_MI_TUNER_GetLock[4279]: [_MI_TUNER_GetLock][4279] *peLockStatus =  E_MI_TUNER_UNLOCK@!!!
09-18 17:35:52.224 I/kernel  ( 2513): [  219.484997][A8303-1_Driver] addr:0x08,  i2c status:0x0a from 0x1b
09-18 17:35:52.232 D/VCodecVencImpl(  607): [L 572][MtkVencSetConfig]
09-18 17:35:52.232 D/android.hardware.media.c2@1.1-mediatek(  607): [import_mtk_dtv_native_buffer(): 717] mst buffer is secure: 0
09-18 17:35:52.232 E/<MI3>   (  636): <ERR>_MI_TUNER_GetLock[4279]: [_MI_TUNER_GetLock][4279] *peLockStatus =  E_MI_TUNER_UNLOCK@!!!
09-18 17:35:52.233 D/android.hardware.media.c2@1.1-mediatek(  607): [import_mtk_dtv_native_buffer(): 717] mst buffer is secure: 0
09-18 17:35:52.236 I/kernel  ( 6265): [  219.497572][MTK_V4L2] level=0 vidioc_venc_qbuf(),1318: [4] id=0 getdata FB(2088960,2) vb=000000000c42c7f0 pts=0
09-18 17:35:52.236 D/VCodecVenc(  607): [L 324][EnqueInputBuffer]
09-18 17:35:52.244 E/<MI3>   (  636): <ERR>_MI_TUNER_GetLock[4279]: [_MI_TUNER_GetLock][4279] *peLockStatus =  E_MI_TUNER_UNLOCK@!!!
09-18 17:35:52.244 E/<MI3>   (  636): <ERR>_MI_TUNER_GetLock[4279]: [_MI_TUNER_GetLock][4279] *peLockStatus =  E_MI_TUNER_UNLOCK@!!!
09-18 17:35:52.248 D/MediaTvTuner( 2016): Got event from tuning. Event type: 1 for android.media.tv.tuner.Tuner@62de995
09-18 17:35:52.248 D/MediaTvTuner( 2016): Wrote Stats Log for the events from tuning.
09-18 17:35:52.248 I/JpTis_IsdbSFrontendTuneImpl@4( 2016): onTuneEvent() tuneEvent:1
09-18 17:35:52.249 D/android.hardware.media.c2@1.1-mediatek(  607): [import_mtk_dtv_native_buffer(): 717] mst buffer is secure: 0
09-18 17:35:52.249 D/android.hardware.media.c2@1.1-mediatek(  607): [import_mtk_dtv_native_buffer(): 717] mst buffer is secure: 0
09-18 17:35:52.253 D/VCodecVenc(  607): [L 324][EnqueInputBuffer]
09-18 17:35:52.255 E/<MI3>   (  636): <ERR>_MI_TUNER_GetLock[4279]: [_MI_TUNER_GetLock][4279] *peLockStatus =  E_MI_TUNER_UNLOCK@!!!
09-18 17:35:52.256 E/<MI3>   (  636): <ERR>_MI_TUNER_GetLock[4279]: [_MI_TUNER_GetLock][4279] *peLockStatus =  E_MI_TUNER_UNLOCK@!!!
09-18 17:35:52.262 D/VCodecVencImpl(  607): [L 572][MtkVencSetConfig]
09-18 17:35:52.266 D/android.hardware.media.c2@1.1-mediatek(  607): [import_mtk_dtv_native_buffer(): 717] mst buffer is secure: 0
09-18 17:35:52.266 D/android.hardware.media.c2@1.1-mediatek(  607): [import_mtk_dtv_native_buffer(): 717] mst buffer is secure: 0
09-18 17:35:52.267 E/<MI3>   (  636): <ERR>_MI_TUNER_GetLock[4279]: [_MI_TUNER_GetLock][4279] *peLockStatus =  E_MI_TUNER_UNLOCK@!!!
09-18 17:35:52.267 I/kernel  ( 6265): [  219.528195][MTK_V4L2] level=0 vidioc_venc_qbuf(),1318: [4] id=0 getdata FB(2088960,2) vb=000000000c42c7f0 pts=0
09-18 17:35:52.267 E/<MI3>   (  636): <ERR>_MI_TUNER_GetLock[4279]: [_MI_TUNER_GetLock][4279] *peLockStatus =  E_MI_TUNER_UNLOCK@!!!
09-18 17:35:52.270 D/VCodecVenc(  607): [L 324][EnqueInputBuffer]
09-18 17:35:52.279 E/<MI3>   (  636): <ERR>_MI_TUNER_GetLock[4279]: [_MI_TUNER_GetLock][4279] *peLockStatus =  E_MI_TUNER_UNLOCK@!!!
09-18 17:35:52.279 E/<MI3>   (  636): <ERR>_MI_TUNER_GetLock[4279]: [_MI_TUNER_GetLock][4279] *peLockStatus =  E_MI_TUNER_UNLOCK@!!!
09-18 17:35:52.282 D/android.hardware.media.c2@1.1-mediatek(  607): [import_mtk_dtv_native_buffer(): 717] mst buffer is secure: 0
09-18 17:35:52.282 D/android.hardware.media.c2@1.1-mediatek(  607): [import_mtk_dtv_native_buffer(): 717] mst buffer is secure: 0
09-18 17:35:52.286 D/VCodecVenc(  607): [L 324][EnqueInputBuffer]
09-18 17:35:52.291 E/<MI3>   (  636): <ERR>_MI_TUNER_GetLock[4279]: [_MI_TUNER_GetLock][4279] *peLockStatus =  E_MI_TUNER_UNLOCK@!!!
09-18 17:35:52.293 E/<MI3>   (  636): <ERR>_MI_TUNER_GetLock[4279]: [_MI_TUNER_GetLock][4279] *peLockStatus =  E_MI_TUNER_UNLOCK@!!!
09-18 17:35:52.293 D/VCodecVencImpl(  607): [L 572][MtkVencSetConfig]
09-18 17:35:52.293 E/<MI3>   (  636): <ERR>_MI_TUNER_GetLock[4279]: [_MI_TUNER_GetLock][4279] *peLockStatus =  E_MI_TUNER_UNLOCK@!!!
09-18 17:35:52.298 D/MediaTvTuner( 2016): Got event from tuning. Event type: 1 for android.media.tv.tuner.Tuner@c3fd208
09-18 17:35:52.298 D/MediaTvTuner( 2016): Wrote Stats Log for the events from tuning.
09-18 17:35:52.299 I/JpTis_IsdbSFrontendTuneImpl@10( 2016): onTuneEvent() tuneEvent:1
09-18 17:35:52.299 D/android.hardware.media.c2@1.1-mediatek(  607): [import_mtk_dtv_native_buffer(): 717] mst buffer is secure: 0
09-18 17:35:52.299 I/kernel  ( 6265): [  219.559885][MTK_V4L2] level=0 vidioc_venc_qbuf(),1318: [4] id=0 getdata FB(2088960,2) vb=000000000c42c7f0 pts=0
09-18 17:35:52.299 D/android.hardware.media.c2@1.1-mediatek(  607): [import_mtk_dtv_native_buffer(): 717] mst buffer is secure: 0
09-18 17:35:52.303 D/VCodecVenc(  607): [L 324][EnqueInputBuffer]
09-18 17:35:52.325 D/VCodecVencImpl(  607): [L 572][MtkVencSetConfig]
09-18 17:35:52.330 I/kernel  ( 6265): [  219.590832][MTK_V4L2] level=0 vidioc_venc_qbuf(),1318: [4] id=0 getdata FB(2088960,2) vb=000000000c42c7f0 pts=0
09-18 17:35:52.355 D/VCodecVencImpl(  607): [L 572][MtkVencSetConfig]
09-18 17:35:52.360 I/kernel  ( 6265): [  219.621663][MTK_V4L2] level=0 vidioc_venc_qbuf(),1318: [4] id=0 getdata FB(2088960,2) vb=000000000c42c7f0 pts=0
09-18 17:35:52.361 I/kernel  (  126): [  219.621700][PERF][KEY] [mtk_ir_thread] received_keyevent: 0x161 , 0x0
09-18 17:35:52.361 W/WindowOnBackDispatcher( 1493): OnBackInvokedCallback is not enabled for the application.
09-18 17:35:52.361 W/WindowOnBackDispatcher( 1493): Set 'android:enableOnBackInvokedCallback="true"' in the application manifest.
09-18 17:35:52.362 D/audioserver(  701): FGS Logger Transaction failed
09-18 17:35:52.362 D/audioserver(  701): -129
09-18 17:35:52.380 I/WifiService(  733): getVerboseLoggingLevel uid=1000
09-18 17:35:52.386 I/WifiService(  733): save uid=1000
09-18 17:35:52.386 D/VCodecVencImpl(  607): [L 572][MtkVencSetConfig]
09-18 17:35:52.387 V/WifiConfigManager(  733): Adding/Updating network nonessid
09-18 17:35:52.389 V/WifiPermissionsUtil(  733): deviceOwner:null
09-18 17:35:52.391 I/kernel  ( 6265): [  219.652428][MTK_V4L2] level=0 vidioc_venc_qbuf(),1318: [4] id=0 getdata FB(2088960,2) vb=000000000c42c7f0 pts=0
09-18 17:35:52.390 D/WifiConfigurationUtil(  733): Add upgradable SAE configuration.
09-18 17:35:52.390 I/SecurityParams####debug(  733): createWpa3PersonalParams
09-18 17:35:52.390 I/WifiConfigurationUtil####debug(  733): addPskUpgradableSecurityTypeIfNecessary value=true
09-18 17:35:52.391 E/WifiPermissionsUtil(  733): isDeviceOwner: packageName is null, returning false
09-18 17:35:52.392 E/WifiPermissionsUtil(  733): isProfileOwner: packageName is null, returning false
09-18 17:35:52.392 D/WifiConfigManager(  733): Enable disabled network: "nonessid" num=0
09-18 17:35:52.398 D/ConnectivityService(  733): requestNetwork for uid/pid:1000/1493 activeRequest: null callbackRequest: 180 [NetworkRequest [ REQUEST id=181, [ Capabilities: INTERNET&NOT_RESTRICTED&TRUSTED&NOT_VCN_MANAGED Uid: 1000 RequestorUid: 1000 RequestorPkg: com.android.tv.settings UnderlyingNetworks: Null] ]] callback flags: 0 order: 2147483647
09-18 17:35:52.400 D/android.hardware.media.c2@1.1-mediatek(  607): [import_mtk_dtv_native_buffer(): 717] mst buffer is secure: 0
09-18 17:35:52.400 D/ConnectivityService(  733): NetReassign [no changes] [c 0] [a 0] [i 2]
09-18 17:35:52.401 D/android.hardware.media.c2@1.1-mediatek(  607): [import_mtk_dtv_native_buffer(): 717] mst buffer is secure: 0
09-18 17:35:52.404 V/WifiPickerTracker( 1493): onStart
09-18 17:35:52.405 D/VCodecVenc(  607): [L 324][EnqueInputBuffer]
09-18 17:35:52.406 D/WifiConfigStore(  733): Writing to stores completed in 9 ms.
09-18 17:35:52.408 V/WifiConfigManager(  733): Enabling network 1 (disableOthers false)
09-18 17:35:52.409 V/WifiPermissionsUtil(  733): deviceOwner:null
09-18 17:35:52.417 D/VCodecVencImpl(  607): [L 572][MtkVencSetConfig]
09-18 17:35:52.422 I/kernel  ( 6265): [  219.682830][MTK_V4L2] level=0 vidioc_venc_qbuf(),1318: [4] id=0 getdata FB(2088960,2) vb=000000000c42c7f0 pts=0
09-18 17:35:52.420 D/android.hardware.media.c2@1.1-mediatek(  607): [import_mtk_dtv_native_buffer(): 717] mst buffer is secure: 0
09-18 17:35:52.420 D/android.hardware.media.c2@1.1-mediatek(  607): [import_mtk_dtv_native_buffer(): 717] mst buffer is secure: 0
09-18 17:35:52.420 D/ConnectivityService(  733): NetReassign [no changes] [c 0] [a 0] [i 3]
09-18 17:35:52.423 D/WifiConfigStore(  733): Writing to stores completed in 9 ms.
09-18 17:35:52.423 D/ConnectivityService(  733): requestNetwork for uid/pid:1000/1493 activeRequest: null callbackRequest: 183 [NetworkRequest [ REQUEST id=184, [ Capabilities: INTERNET&NOT_RESTRICTED&TRUSTED&NOT_VCN_MANAGED Uid: 1000 RequestorUid: 1000 RequestorPkg: com.android.tv.settings UnderlyingNetworks: Null] ]] callback flags: 1 order: 2147483647
09-18 17:35:52.424 D/VCodecVenc(  607): [L 324][EnqueInputBuffer]
09-18 17:35:52.425 W/ContextImpl(  733): Calling a method in the system process without a qualified user: android.app.ContextImpl.sendBroadcastMultiplePermissions:1253 android.content.Context.sendBroadcastWithMultiplePermissions:2504 com.android.server.wifi.WifiServiceImpl.broadcastWifiCredentialChanged:6312 com.android.server.wifi.WifiServiceImpl.lambda$save$116:6478 com.android.server.wifi.WifiServiceImpl.$r8$lambda$wHarYqB9lZb0YzKrC1dVNUuJ_MM:0 
09-18 17:35:52.425 D/WifiMbbManager(  733): No secondary transient CMM active, trigger callback immediately
09-18 17:35:52.426 V/WifiPermissionsUtil(  733): enforceNearbyDevicesPermission(attributionSource=AttributionSource { uid = 1000, packageName = com.android.tv.settings, attributionTag = null, token = android.os.BinderProxy@632cb24, next = null }, checkForLocation=false
09-18 17:35:52.426 I/WifiService(  733): getPrivilegedConfiguredNetworks uid=1000
09-18 17:35:52.427 D/ConnectivityService(  733): NetReassign [no changes] [c 0] [a 0] [i 3]
09-18 17:35:52.430 D/WifiNetworkFactory(  733): got request NetworkRequest [ REQUEST id=181, [ Capabilities: INTERNET&NOT_RESTRICTED&TRUSTED&NOT_VCN_MANAGED Uid: 1000 RequestorUid: 1000 RequestorPkg: com.android.tv.settings UnderlyingNetworks: Null] ]
09-18 17:35:52.430 V/WifiNetworkFactory(  733): Accepted network request NetworkRequest [ REQUEST id=181, [ Capabilities: INTERNET&NOT_RESTRICTED&TRUSTED&NOT_VCN_MANAGED Uid: 1000 RequestorUid: 1000 RequestorPkg: com.android.tv.settings UnderlyingNetworks: Null] ]
09-18 17:35:52.430 D/UntrustedWifiNetworkFactory(  733): got request NetworkRequest [ REQUEST id=181, [ Capabilities: INTERNET&NOT_RESTRICTED&TRUSTED&NOT_VCN_MANAGED Uid: 1000 RequestorUid: 1000 RequestorPkg: com.android.tv.settings UnderlyingNetworks: Null] ]
09-18 17:35:52.430 D/OemPaidWifiNetworkFactory(  733): got request NetworkRequest [ REQUEST id=181, [ Capabilities: INTERNET&NOT_RESTRICTED&TRUSTED&NOT_VCN_MANAGED Uid: 1000 RequestorUid: 1000 RequestorPkg: com.android.tv.settings UnderlyingNetworks: Null] ]
09-18 17:35:52.430 D/MultiInternetWifiNetworkFactory(  733): got request NetworkRequest [ REQUEST id=181, [ Capabilities: INTERNET&NOT_RESTRICTED&TRUSTED&NOT_VCN_MANAGED Uid: 1000 RequestorUid: 1000 RequestorPkg: com.android.tv.settings UnderlyingNetworks: Null] ]
09-18 17:35:52.431 D/WifiNetworkFactory(  733): got request NetworkRequest [ REQUEST id=184, [ Capabilities: INTERNET&NOT_RESTRICTED&TRUSTED&NOT_VCN_MANAGED Uid: 1000 RequestorUid: 1000 RequestorPkg: com.android.tv.settings UnderlyingNetworks: Null] ]
09-18 17:35:52.431 V/WifiNetworkFactory(  733): Accepted network request NetworkRequest [ REQUEST id=184, [ Capabilities: INTERNET&NOT_RESTRICTED&TRUSTED&NOT_VCN_MANAGED Uid: 1000 RequestorUid: 1000 RequestorPkg: com.android.tv.settings UnderlyingNetworks: Null] ]
09-18 17:35:52.431 D/UntrustedWifiNetworkFactory(  733): got request NetworkRequest [ REQUEST id=184, [ Capabilities: INTERNET&NOT_RESTRICTED&TRUSTED&NOT_VCN_MANAGED Uid: 1000 RequestorUid: 1000 RequestorPkg: com.android.tv.settings UnderlyingNetworks: Null] ]
09-18 17:35:52.432 D/WifiClientModeImpl[17734:wlan0](  733):  ClientModeImpl$ConnectableState screen=on uid=1000 1 "nonessid"WPA_PSK nid=1 hidden cuid=1000 suid=1000
09-18 17:35:52.432 D/android.hardware.media.c2@1.1-mediatek(  607): [import_mtk_dtv_native_buffer(): 717] mst buffer is secure: 0
09-18 17:35:52.432 D/OemPaidWifiNetworkFactory(  733): got request NetworkRequest [ REQUEST id=184, [ Capabilities: INTERNET&NOT_RESTRICTED&TRUSTED&NOT_VCN_MANAGED Uid: 1000 RequestorUid: 1000 RequestorPkg: com.android.tv.settings UnderlyingNetworks: Null] ]
09-18 17:35:52.432 D/android.hardware.media.c2@1.1-mediatek(  607): [import_mtk_dtv_native_buffer(): 717] mst buffer is secure: 0
09-18 17:35:52.432 V/WifiManager( 1493): ActionListenerProxy:save: onSuccess
09-18 17:35:52.432 D/MultiInternetWifiNetworkFactory(  733): got request NetworkRequest [ REQUEST id=184, [ Capabilities: INTERNET&NOT_RESTRICTED&TRUSTED&NOT_VCN_MANAGED Uid: 1000 RequestorUid: 1000 RequestorPkg: com.android.tv.settings UnderlyingNetworks: Null] ]
09-18 17:35:52.438 I/WifiService(  733): getWifiConfigsForMatchedNetworkSuggestions uid=1000
09-18 17:35:52.438 W/ScanResultUtil(  733): Empty or null ScanResult list
09-18 17:35:52.438 W/WifiService(  733): Attempt to retrieve WifiConfiguration with invalid scanResult List
09-18 17:35:52.439 I/WifiService(  733): getPasspointConfigurations uid=1000
09-18 17:35:52.439 D/VCodecVenc(  607): [L 324][EnqueInputBuffer]
09-18 17:35:52.440 I/WifiService(  733): getScanResults uid=1000
09-18 17:35:52.449 D/VCodecVencImpl(  607): [L 572][MtkVencSetConfig]
09-18 17:35:52.454 I/kernel  ( 6265): [  219.714721][MTK_V4L2] level=0 vidioc_venc_qbuf(),1318: [4] id=0 getdata FB(2088960,2) vb=000000000c42c7f0 pts=0
09-18 17:35:52.451 D/android.hardware.media.c2@1.1-mediatek(  607): [import_mtk_dtv_native_buffer(): 717] mst buffer is secure: 0
09-18 17:35:52.452 D/android.hardware.media.c2@1.1-mediatek(  607): [import_mtk_dtv_native_buffer(): 717] mst buffer is secure: 0
09-18 17:35:52.455 D/VCodecVenc(  607): [L 324][EnqueInputBuffer]
09-18 17:35:52.465 I/JpTis_IsdbSFrontendTuneImpl@9( 2016): LnbStatusCallbackImpl:onLnbStatusChanged from:LnbStatus(voltageOn=false, status=Pending) to:LnbStatus(voltageOn=true, status=Pending) lnbPowerStatus:Pending
09-18 17:35:52.465 I/JpTis_IsdbSFrontendTuneImpl@4( 2016): LnbStatusCallbackImpl:onLnbStatusChanged from:LnbStatus(voltageOn=false, status=Pending) to:LnbStatus(voltageOn=true, status=Pending) lnbPowerStatus:Pending
09-18 17:35:52.465 I/JpTis_IsdbSFrontendTuneImpl@9( 2016): startTuning: frontendSettings: frequency:1126200000, streamId:0x4451, streamIdType:0x00, modulation:1, codeRate:1, symbolRate:0, rollOff:0
09-18 17:35:52.466 D/MediaTvTuner( 2016): Tune to 1126200000
09-18 17:35:52.466 D/MediaTvTuner( 2016): Write Stats Log for tuning.
09-18 17:35:52.466 I/JpTis_IsdbSFrontendTuneImpl@10( 2016): LnbStatusCallbackImpl:onLnbStatusChanged from:LnbStatus(voltageOn=false, status=Pending) to:LnbStatus(voltageOn=true, status=Pending) lnbPowerStatus:Pending
09-18 17:35:52.466 I/JpTis_IsdbSFrontendTuneImpl@10( 2016): startTuning: frontendSettings: frequency:1933000000, streamId:0x7120, streamIdType:0x00, modulation:1, codeRate:1, symbolRate:0, rollOff:0
09-18 17:35:52.466 D/MediaTvTuner( 2016): Tune to 1933000000
09-18 17:35:52.466 D/MediaTvTuner( 2016): Write Stats Log for tuning.
09-18 17:35:52.466 I/JpTis_IsdbSFrontendTuneImpl@4( 2016): startTuning: frontendSettings: frequency:1318000000, streamId:0x48f3, streamIdType:0x00, modulation:1, codeRate:1, symbolRate:0, rollOff:0
09-18 17:35:52.466 D/android.hardware.media.c2@1.1-mediatek(  607): [import_mtk_dtv_native_buffer(): 717] mst buffer is secure: 0
09-18 17:35:52.466 D/MediaTvTuner( 2016): Tune to 1318000000
09-18 17:35:52.466 D/MediaTvTuner( 2016): Write Stats Log for tuning.
09-18 17:35:52.467 D/android.hardware.media.c2@1.1-mediatek(  607): [import_mtk_dtv_native_buffer(): 717] mst buffer is secure: 0
09-18 17:35:52.470 I/WifiService(  733): getWifiEnabledState uid=1000 state=3
09-18 17:35:52.470 I/WifiService(  733): getScanResults uid=1000
09-18 17:35:52.473 I/kernel  ( 5943): [  219.734466]dvb_frontend: [dvb_frontend_handle_compat_ioctl][2580]((tvp + 0)->cmd):17
09-18 17:35:52.473 I/kernel  ( 5943): [  219.734488]mtk_cfm: [cfm_get_frontend][999]
09-18 17:35:52.472 D/VCodecVenc(  607): [L 324][EnqueInputBuffer]
09-18 17:35:52.486 I/kernel  ( 6265): [  219.746696][MTK_V4L2] level=0 vidioc_venc_qbuf(),1318: [4] id=0 getdata FB(2088960,2) vb=000000000c42c7f0 pts=0
09-18 17:35:52.481 D/VCodecVencImpl(  607): [L 572][MtkVencSetConfig]
09-18 17:35:52.485 D/android.hardware.media.c2@1.1-mediatek(  607): [import_mtk_dtv_native_buffer(): 717] mst buffer is secure: 0
09-18 17:35:52.485 D/android.hardware.media.c2@1.1-mediatek(  607): [import_mtk_dtv_native_buffer(): 717] mst buffer is secure: 0
09-18 17:35:52.489 W/kernel  ( 5943): [  219.750582]mediatek,dvb-adapter mtk-dvb-adapter: DVB: adapter 0 frontend 1 frequency limits undefined - fix the driver
09-18 17:35:52.489 I/kernel  ( 5943): [  219.750600]mtk_cfm: [cfm_get_tune_settings][1149]
09-18 17:35:52.489 I/kernel  (  863): [  219.750640]dvb_frontend: [dvb_frontend_handle_compat_ioctl][2580]((tvp + 0)->cmd):17
09-18 17:35:52.489 I/kernel  (  863): [  219.750646]mtk_cfm: [cfm_get_frontend][999]
09-18 17:35:52.490 I/kernel  ( 6907): [  219.750707]mtk_cfm: [cfm_get_frontend_algo][1070]
09-18 17:35:52.490 I/kernel  ( 6907): [  219.750714]mtk_cfm: [cfm_tune][777]Start: re_tune = 1
09-18 17:35:52.490 I/kernel  ( 6907): [  219.750717]mtk_cfm: [_confirm_which_tuner_use][299]
09-18 17:35:52.490 I/kernel  ( 6907): [  219.750721]mtk_cfm: [_convert_array_to_u16][282], testValue.element[i = 0] = [0x1], value = [0x2]
09-18 17:35:52.490 I/kernel  ( 6907): [  219.750724]mtk_cfm: [_convert_array_to_u16][282], testValue.element[i = 1] = [0x2], value = [0x6]
09-18 17:35:52.490 I/kernel  ( 6907): [  219.750727]mtk_cfm: [_convert_array_to_u16][282], testValue.element[i = 2] = [0x3], value = [0xe]
09-18 17:35:52.490 I/kernel  ( 6907): [  219.750731]mtk_cfm: [_convert_array_to_u16][282], testValue.element[i = 3] = [0x5], value = [0x2e]
09-18 17:35:52.490 I/kernel  ( 6907): [  219.750734]mtk_cfm: [_convert_array_to_u16][282], testValue.element[i = 4] = [0x6], value = [0x6e]
09-18 17:35:52.490 I/kernel  ( 6907): [  219.750737]mtk_cfm: [_convert_array_to_u16][282], testValue.element[i = 5] = [0x8], value = [0x16e]
09-18 17:35:52.490 I/kernel  ( 6907): [  219.750740]mtk_cfm: [_convert_array_to_u16][282], testValue.element[i = 6] = [0x9], value = [0x36e]
09-18 17:35:52.490 I/kernel  ( 6907): [  219.750743]mtk_cfm: [_convert_array_to_u16][282], testValue.element[i = 7] = [0xa], value = [0x76e]
09-18 17:35:52.490 I/kernel  ( 6907): [  219.750746]mtk_cfm: [_convert_array_to_u16][282], testValue.element[i = 8] = [0xb], value = [0xf6e]
09-18 17:35:52.490 I/kernel  ( 6907): [  219.750749]mtk_cfm: [_convert_array_to_u16][282], testValue.element[i = 9] = [0xd], value = [0x2f6e]
