09-18 17:36:04.422 I/kernel  ( 6940): [  231.683467]cxd_tnr: Request Freq, 1087840 [kHz]; RSSI, -64900e-3 [dBm]; Symbol rate, 28859.9 [ksps];
09-18 17:36:04.422 I/kernel  ( 6940): [  231.683639]cxd_tnr: : PLL Lock (Tuner)     | PLL Lock (REG)      | reg:0x1d value=0x12
09-18 17:36:04.424 I/kernel  ( 6940): [  231.684839]cxd_tnr: : AGC (Tuner)          | IF AGC (REG)        | reg:0x5B value=0x4F
09-18 17:36:04.424 E/kernel  ( 6940): [  231.684851]cxd_tnr: [cxd_tnr_cfm_get_params][754] unknown 9
09-18 17:36:04.424 I/kernel  ( 6940): [  231.685004]cxd_dmd: :----------------------     TUNE (Demod)      -------------------
09-18 17:36:04.424 I/kernel  ( 6940): [  231.685007]cxd_dmd: :                      | delivery System(dvb)| 9
09-18 17:36:04.424 I/kernel  ( 6940): [  231.685432]cxd_dmd: :                      | frequency           | 1087840 kHz
09-18 17:36:04.434 I/kernel  ( 6940): [  231.695298]mtk_cfm: [cfm_tune][868] demod_result : 0
09-18 17:36:04.434 I/kernel  ( 6940): [  231.695642]mtk_cfm: [cfm_tune][896]E(status:0x0)
09-18 17:36:04.436 D/VCodecVencImpl(  607): [L 572][MtkVencSetConfig]
09-18 17:36:04.437 D/android.hardware.media.c2@1.1-mediatek(  607): [import_mtk_dtv_native_buffer(): 717] mst buffer is secure: 0
09-18 17:36:04.437 D/android.hardware.media.c2@1.1-mediatek(  607): [import_mtk_dtv_native_buffer(): 717] mst buffer is secure: 0
09-18 17:36:04.441 I/kernel  ( 6265): [  231.702526][MTK_V4L2] level=0 vidioc_venc_qbuf(),1318: [4] id=0 getdata FB(2088960,2) vb=000000000c42c7f0 pts=0
09-18 17:36:04.441 D/VCodecVenc(  607): [L 324][EnqueInputBuffer]
09-18 17:36:04.467 D/VCodecVencImpl(  607): [L 572][MtkVencSetConfig]
09-18 17:36:04.467 D/android.hardware.media.c2@1.1-mediatek(  607): [import_mtk_dtv_native_buffer(): 717] mst buffer is secure: 0
09-18 17:36:04.468 D/android.hardware.media.c2@1.1-mediatek(  607): [import_mtk_dtv_native_buffer(): 717] mst buffer is secure: 0
09-18 17:36:04.472 I/kernel  ( 6265): [  231.732754][MTK_V4L2] level=0 vidioc_venc_qbuf(),1318: [4] id=0 getdata FB(2088960,2) vb=000000000c42c7f0 pts=0
09-18 17:36:04.472 D/VCodecVenc(  607): [L 324][EnqueInputBuffer]
09-18 17:36:04.497 D/VCodecVencImpl(  607): [L 572][MtkVencSetConfig]
09-18 17:36:04.497 D/android.hardware.media.c2@1.1-mediatek(  607): [import_mtk_dtv_native_buffer(): 717] mst buffer is secure: 0
09-18 17:36:04.497 D/android.hardware.media.c2@1.1-mediatek(  607): [import_mtk_dtv_native_buffer(): 717] mst buffer is secure: 0
09-18 17:36:04.502 I/kernel  ( 6265): [  231.762953][MTK_V4L2] level=0 vidioc_venc_qbuf(),1318: [4] id=0 getdata FB(2088960,2) vb=000000000c42c7f0 pts=0
09-18 17:36:04.501 D/VCodecVenc(  607): [L 324][EnqueInputBuffer]
09-18 17:36:04.527 D/VCodecVencImpl(  607): [L 572][MtkVencSetConfig]
09-18 17:36:04.527 D/android.hardware.media.c2@1.1-mediatek(  607): [import_mtk_dtv_native_buffer(): 717] mst buffer is secure: 0
09-18 17:36:04.528 D/android.hardware.media.c2@1.1-mediatek(  607): [import_mtk_dtv_native_buffer(): 717] mst buffer is secure: 0
09-18 17:36:04.532 I/kernel  ( 6265): [  231.793412][MTK_V4L2] level=0 vidioc_venc_qbuf(),1318: [4] id=0 getdata FB(2088960,2) vb=000000000c42c7f0 pts=0
09-18 17:36:04.532 D/VCodecVenc(  607): [L 324][EnqueInputBuffer]
09-18 17:36:04.558 D/VCodecVencImpl(  607): [L 572][MtkVencSetConfig]
09-18 17:36:04.558 D/android.hardware.media.c2@1.1-mediatek(  607): [import_mtk_dtv_native_buffer(): 717] mst buffer is secure: 0
09-18 17:36:04.559 D/android.hardware.media.c2@1.1-mediatek(  607): [import_mtk_dtv_native_buffer(): 717] mst buffer is secure: 0
09-18 17:36:04.563 I/kernel  ( 6265): [  231.824005][MTK_V4L2] level=0 vidioc_venc_qbuf(),1318: [4] id=0 getdata FB(2088960,2) vb=000000000c42c7f0 pts=0
09-18 17:36:04.565 D/VCodecVenc(  607): [L 324][EnqueInputBuffer]
09-18 17:36:04.589 D/VCodecVencImpl(  607): [L 572][MtkVencSetConfig]
09-18 17:36:04.591 D/android.hardware.media.c2@1.1-mediatek(  607): [import_mtk_dtv_native_buffer(): 717] mst buffer is secure: 0
09-18 17:36:04.591 D/android.hardware.media.c2@1.1-mediatek(  607): [import_mtk_dtv_native_buffer(): 717] mst buffer is secure: 0
09-18 17:36:04.596 D/VCodecVenc(  607): [L 324][EnqueInputBuffer]
09-18 17:36:04.594 I/kernel  ( 6265): [  231.855625][MTK_V4L2] level=0 vidioc_venc_qbuf(),1318: [4] id=0 getdata FB(2088960,2) vb=000000000c42c7f0 pts=0
09-18 17:36:04.620 D/VCodecVencImpl(  607): [L 572][MtkVencSetConfig]
09-18 17:36:04.620 D/android.hardware.media.c2@1.1-mediatek(  607): [import_mtk_dtv_native_buffer(): 717] mst buffer is secure: 0
09-18 17:36:04.621 D/android.hardware.media.c2@1.1-mediatek(  607): [import_mtk_dtv_native_buffer(): 717] mst buffer is secure: 0
09-18 17:36:04.625 I/kernel  ( 6265): [  231.885925][MTK_V4L2] level=0 vidioc_venc_qbuf(),1318: [4] id=0 getdata FB(2088960,2) vb=000000000c42c7f0 pts=0
09-18 17:36:04.625 D/VCodecVenc(  607): [L 324][EnqueInputBuffer]
09-18 17:36:04.650 D/VCodecVencImpl(  607): [L 572][MtkVencSetConfig]
09-18 17:36:04.650 D/android.hardware.media.c2@1.1-mediatek(  607): [import_mtk_dtv_native_buffer(): 717] mst buffer is secure: 0
09-18 17:36:04.652 D/android.hardware.media.c2@1.1-mediatek(  607): [import_mtk_dtv_native_buffer(): 717] mst buffer is secure: 0
09-18 17:36:04.655 I/kernel  ( 6265): [  231.916213][MTK_V4L2] level=0 vidioc_venc_qbuf(),1318: [4] id=0 getdata FB(2088960,2) vb=000000000c42c7f0 pts=0
09-18 17:36:04.656 D/VCodecVenc(  607): [L 324][EnqueInputBuffer]
09-18 17:36:04.681 W/kernel  (   59): [  231.942390][VENC]merge sps,pps,frame
09-18 17:36:04.678 V/C2MtkVenc(  607): set average qp 8.
09-18 17:36:04.685 I/kernel  ( 6265): [  231.946479][MTK_V4L2] level=0 vidioc_venc_qbuf(),1318: [4] id=0 getdata FB(2088960,2) vb=000000000c42c7f0 pts=0
09-18 17:36:04.680 D/android.hardware.media.c2@1.1-mediatek(  607): [import_mtk_dtv_native_buffer(): 717] mst buffer is secure: 0
09-18 17:36:04.680 D/VCodecVencImpl(  607): [L 572][MtkVencSetConfig]
09-18 17:36:04.683 D/android.hardware.media.c2@1.1-mediatek(  607): [import_mtk_dtv_native_buffer(): 717] mst buffer is secure: 0
09-18 17:36:04.686 D/VCodecVenc(  607): [L 324][EnqueInputBuffer]
09-18 17:36:04.711 D/VCodecVencImpl(  607): [L 572][MtkVencSetConfig]
09-18 17:36:04.711 D/android.hardware.media.c2@1.1-mediatek(  607): [import_mtk_dtv_native_buffer(): 717] mst buffer is secure: 0
09-18 17:36:04.714 D/android.hardware.media.c2@1.1-mediatek(  607): [import_mtk_dtv_native_buffer(): 717] mst buffer is secure: 0
09-18 17:36:04.716 I/kernel  ( 6265): [  231.976730][MTK_V4L2] level=0 vidioc_venc_qbuf(),1318: [4] id=0 getdata FB(2088960,2) vb=000000000c42c7f0 pts=0
09-18 17:36:04.718 D/VCodecVenc(  607): [L 324][EnqueInputBuffer]
09-18 17:36:04.741 D/VCodecVencImpl(  607): [L 572][MtkVencSetConfig]
09-18 17:36:04.741 D/android.hardware.media.c2@1.1-mediatek(  607): [import_mtk_dtv_native_buffer(): 717] mst buffer is secure: 0
09-18 17:36:04.744 D/android.hardware.media.c2@1.1-mediatek(  607): [import_mtk_dtv_native_buffer(): 717] mst buffer is secure: 0
09-18 17:36:04.746 I/kernel  ( 6265): [  232.007246][MTK_V4L2] level=0 vidioc_venc_qbuf(),1318: [4] id=0 getdata FB(2088960,2) vb=000000000c42c7f0 pts=0
09-18 17:36:04.750 D/VCodecVenc(  607): [L 324][EnqueInputBuffer]
09-18 17:36:04.772 D/VCodecVencImpl(  607): [L 572][MtkVencSetConfig]
09-18 17:36:04.772 D/android.hardware.media.c2@1.1-mediatek(  607): [import_mtk_dtv_native_buffer(): 717] mst buffer is secure: 0
09-18 17:36:04.774 D/android.hardware.media.c2@1.1-mediatek(  607): [import_mtk_dtv_native_buffer(): 717] mst buffer is secure: 0
09-18 17:36:04.776 I/kernel  ( 6265): [  232.037622][MTK_V4L2] level=0 vidioc_venc_qbuf(),1318: [4] id=0 getdata FB(2088960,2) vb=000000000c42c7f0 pts=0
09-18 17:36:04.778 D/VCodecVenc(  607): [L 324][EnqueInputBuffer]
09-18 17:36:04.802 D/android.hardware.media.c2@1.1-mediatek(  607): [import_mtk_dtv_native_buffer(): 717] mst buffer is secure: 0
09-18 17:36:04.802 D/VCodecVencImpl(  607): [L 572][MtkVencSetConfig]
09-18 17:36:04.802 D/android.hardware.media.c2@1.1-mediatek(  607): [import_mtk_dtv_native_buffer(): 717] mst buffer is secure: 0
09-18 17:36:04.806 D/VCodecVenc(  607): [L 324][EnqueInputBuffer]
09-18 17:36:04.807 I/kernel  ( 6265): [  232.067812][MTK_V4L2] level=0 vidioc_venc_qbuf(),1318: [4] id=0 getdata FB(2088960,2) vb=000000000c42c7f0 pts=0
09-18 17:36:04.832 D/VCodecVencImpl(  607): [L 572][MtkVencSetConfig]
09-18 17:36:04.832 D/android.hardware.media.c2@1.1-mediatek(  607): [import_mtk_dtv_native_buffer(): 717] mst buffer is secure: 0
09-18 17:36:04.833 D/android.hardware.media.c2@1.1-mediatek(  607): [import_mtk_dtv_native_buffer(): 717] mst buffer is secure: 0
09-18 17:36:04.837 I/kernel  ( 6265): [  232.097993][MTK_V4L2] level=0 vidioc_venc_qbuf(),1318: [4] id=0 getdata FB(2088960,2) vb=000000000c42c7f0 pts=0
09-18 17:36:04.836 D/VCodecVenc(  607): [L 324][EnqueInputBuffer]
09-18 17:36:04.862 D/VCodecVencImpl(  607): [L 572][MtkVencSetConfig]
09-18 17:36:04.863 D/android.hardware.media.c2@1.1-mediatek(  607): [import_mtk_dtv_native_buffer(): 717] mst buffer is secure: 0
09-18 17:36:04.864 D/android.hardware.media.c2@1.1-mediatek(  607): [import_mtk_dtv_native_buffer(): 717] mst buffer is secure: 0
09-18 17:36:04.867 I/kernel  ( 6265): [  232.128644][MTK_V4L2] level=0 vidioc_venc_qbuf(),1318: [4] id=0 getdata FB(2088960,2) vb=000000000c42c7f0 pts=0
09-18 17:36:04.868 D/VCodecVenc(  607): [L 324][EnqueInputBuffer]
09-18 17:36:04.893 D/VCodecVencImpl(  607): [L 572][MtkVencSetConfig]
09-18 17:36:04.898 I/kernel  ( 6265): [  232.159022][MTK_V4L2] level=0 vidioc_venc_qbuf(),1318: [4] id=0 getdata FB(2088960,2) vb=000000000c42c7f0 pts=0
09-18 17:36:04.893 D/android.hardware.media.c2@1.1-mediatek(  607): [import_mtk_dtv_native_buffer(): 717] mst buffer is secure: 0
09-18 17:36:04.894 D/android.hardware.media.c2@1.1-mediatek(  607): [import_mtk_dtv_native_buffer(): 717] mst buffer is secure: 0
09-18 17:36:04.900 D/VCodecVenc(  607): [L 324][EnqueInputBuffer]
09-18 17:36:04.923 D/VCodecVencImpl(  607): [L 572][MtkVencSetConfig]
09-18 17:36:04.924 D/android.hardware.media.c2@1.1-mediatek(  607): [import_mtk_dtv_native_buffer(): 717] mst buffer is secure: 0
09-18 17:36:04.924 D/android.hardware.media.c2@1.1-mediatek(  607): [import_mtk_dtv_native_buffer(): 717] mst buffer is secure: 0
09-18 17:36:04.929 I/kernel  ( 6265): [  232.189913][MTK_V4L2] level=0 vidioc_venc_qbuf(),1318: [4] id=0 getdata FB(2088960,2) vb=000000000c42c7f0 pts=0
09-18 17:36:04.928 D/VCodecVenc(  607): [L 324][EnqueInputBuffer]
09-18 17:36:04.956 D/VCodecVencImpl(  607): [L 572][MtkVencSetConfig]
09-18 17:36:04.956 D/android.hardware.media.c2@1.1-mediatek(  607): [import_mtk_dtv_native_buffer(): 717] mst buffer is secure: 0
09-18 17:36:04.956 D/android.hardware.media.c2@1.1-mediatek(  607): [import_mtk_dtv_native_buffer(): 717] mst buffer is secure: 0
09-18 17:36:04.961 I/kernel  ( 6265): [  232.221752][MTK_V4L2] level=0 vidioc_venc_qbuf(),1318: [4] id=0 getdata FB(2088960,2) vb=000000000c42c7f0 pts=0
09-18 17:36:04.960 D/VCodecVenc(  607): [L 324][EnqueInputBuffer]
09-18 17:36:04.986 D/VCodecVencImpl(  607): [L 572][MtkVencSetConfig]
09-18 17:36:04.986 D/android.hardware.media.c2@1.1-mediatek(  607): [import_mtk_dtv_native_buffer(): 717] mst buffer is secure: 0
09-18 17:36:04.988 D/android.hardware.media.c2@1.1-mediatek(  607): [import_mtk_dtv_native_buffer(): 717] mst buffer is secure: 0
09-18 17:36:04.991 I/kernel  ( 6265): [  232.252081][MTK_V4L2] level=0 vidioc_venc_qbuf(),1318: [4] id=0 getdata FB(2088960,2) vb=000000000c42c7f0 pts=0
09-18 17:36:04.992 D/VCodecVenc(  607): [L 324][EnqueInputBuffer]
09-18 17:36:05.016 D/VCodecVencImpl(  607): [L 572][MtkVencSetConfig]
09-18 17:36:05.016 D/android.hardware.media.c2@1.1-mediatek(  607): [import_mtk_dtv_native_buffer(): 717] mst buffer is secure: 0
09-18 17:36:05.017 D/android.hardware.media.c2@1.1-mediatek(  607): [import_mtk_dtv_native_buffer(): 717] mst buffer is secure: 0
09-18 17:36:05.021 I/kernel  ( 6265): [  232.282602][MTK_V4L2] level=0 vidioc_venc_qbuf(),1318: [4] id=0 getdata FB(2088960,2) vb=000000000c42c7f0 pts=0
09-18 17:36:05.021 D/VCodecVenc(  607): [L 324][EnqueInputBuffer]
09-18 17:36:05.047 D/VCodecVencImpl(  607): [L 572][MtkVencSetConfig]
09-18 17:36:05.047 D/android.hardware.media.c2@1.1-mediatek(  607): [import_mtk_dtv_native_buffer(): 717] mst buffer is secure: 0
09-18 17:36:05.047 D/android.hardware.media.c2@1.1-mediatek(  607): [import_mtk_dtv_native_buffer(): 717] mst buffer is secure: 0
09-18 17:36:05.052 I/kernel  ( 6265): [  232.312828][MTK_V4L2] level=0 vidioc_venc_qbuf(),1318: [4] id=0 getdata FB(2088960,2) vb=000000000c42c7f0 pts=0
09-18 17:36:05.051 D/VCodecVenc(  607): [L 324][EnqueInputBuffer]
09-18 17:36:05.077 D/VCodecVencImpl(  607): [L 572][MtkVencSetConfig]
09-18 17:36:05.077 D/android.hardware.media.c2@1.1-mediatek(  607): [import_mtk_dtv_native_buffer(): 717] mst buffer is secure: 0
09-18 17:36:05.082 I/kernel  ( 6265): [  232.343073][MTK_V4L2] level=0 vidioc_venc_qbuf(),1318: [4] id=0 getdata FB(2088960,2) vb=000000000c42c7f0 pts=0
09-18 17:36:05.079 D/android.hardware.media.c2@1.1-mediatek(  607): [import_mtk_dtv_native_buffer(): 717] mst buffer is secure: 0
09-18 17:36:05.083 D/VCodecVenc(  607): [L 324][EnqueInputBuffer]
09-18 17:36:05.108 D/VCodecVencImpl(  607): [L 572][MtkVencSetConfig]
09-18 17:36:05.108 D/android.hardware.media.c2@1.1-mediatek(  607): [import_mtk_dtv_native_buffer(): 717] mst buffer is secure: 0
09-18 17:36:05.110 D/android.hardware.media.c2@1.1-mediatek(  607): [import_mtk_dtv_native_buffer(): 717] mst buffer is secure: 0
09-18 17:36:05.112 I/kernel  ( 6265): [  232.373664][MTK_V4L2] level=0 vidioc_venc_qbuf(),1318: [4] id=0 getdata FB(2088960,2) vb=000000000c42c7f0 pts=0
09-18 17:36:05.115 D/VCodecVenc(  607): [L 324][EnqueInputBuffer]
09-18 17:36:05.138 D/VCodecVencImpl(  607): [L 572][MtkVencSetConfig]
09-18 17:36:05.138 D/android.hardware.media.c2@1.1-mediatek(  607): [import_mtk_dtv_native_buffer(): 717] mst buffer is secure: 0
09-18 17:36:05.140 D/android.hardware.media.c2@1.1-mediatek(  607): [import_mtk_dtv_native_buffer(): 717] mst buffer is secure: 0
09-18 17:36:05.143 I/kernel  ( 6265): [  232.403846][MTK_V4L2] level=0 vidioc_venc_qbuf(),1318: [4] id=0 getdata FB(2088960,2) vb=000000000c42c7f0 pts=0
09-18 17:36:05.144 D/VCodecVenc(  607): [L 324][EnqueInputBuffer]
09-18 17:36:05.168 D/VCodecVencImpl(  607): [L 572][MtkVencSetConfig]
09-18 17:36:05.168 D/android.hardware.media.c2@1.1-mediatek(  607): [import_mtk_dtv_native_buffer(): 717] mst buffer is secure: 0
09-18 17:36:05.170 D/android.hardware.media.c2@1.1-mediatek(  607): [import_mtk_dtv_native_buffer(): 717] mst buffer is secure: 0
09-18 17:36:05.173 I/kernel  ( 6265): [  232.434066][MTK_V4L2] level=0 vidioc_venc_qbuf(),1318: [4] id=0 getdata FB(2088960,2) vb=000000000c42c7f0 pts=0
09-18 17:36:05.174 D/VCodecVenc(  607): [L 324][EnqueInputBuffer]
09-18 17:36:05.185 I/kernel  ( 2513): [  232.446200][A8303-1_Driver] addr:0x08,  i2c status:0x1b from 0x1b
09-18 17:36:05.198 D/android.hardware.media.c2@1.1-mediatek(  607): [import_mtk_dtv_native_buffer(): 717] mst buffer is secure: 0
09-18 17:36:05.198 D/VCodecVencImpl(  607): [L 572][MtkVencSetConfig]
09-18 17:36:05.199 D/android.hardware.media.c2@1.1-mediatek(  607): [import_mtk_dtv_native_buffer(): 717] mst buffer is secure: 0
09-18 17:36:05.203 I/kernel  ( 6265): [  232.464639][MTK_V4L2] level=0 vidioc_venc_qbuf(),1318: [4] id=0 getdata FB(2088960,2) vb=000000000c42c7f0 pts=0
09-18 17:36:05.204 D/VCodecVenc(  607): [L 324][EnqueInputBuffer]
09-18 17:36:05.229 D/VCodecVencImpl(  607): [L 572][MtkVencSetConfig]
09-18 17:36:05.229 D/android.hardware.media.c2@1.1-mediatek(  607): [import_mtk_dtv_native_buffer(): 717] mst buffer is secure: 0
09-18 17:36:05.230 D/android.hardware.media.c2@1.1-mediatek(  607): [import_mtk_dtv_native_buffer(): 717] mst buffer is secure: 0
09-18 17:36:05.234 D/VCodecVenc(  607): [L 324][EnqueInputBuffer]
09-18 17:36:05.234 I/kernel  ( 6265): [  232.495433][MTK_V4L2] level=0 vidioc_venc_qbuf(),1318: [4] id=0 getdata FB(2088960,2) vb=000000000c42c7f0 pts=0
09-18 17:36:05.261 D/VCodecVencImpl(  607): [L 572][MtkVencSetConfig]
09-18 17:36:05.266 I/kernel  ( 6265): [  232.526740][MTK_V4L2] level=0 vidioc_venc_qbuf(),1318: [4] id=0 getdata FB(2088960,2) vb=000000000c42c7f0 pts=0
09-18 17:36:05.263 D/android.hardware.media.c2@1.1-mediatek(  607): [import_mtk_dtv_native_buffer(): 717] mst buffer is secure: 0
09-18 17:36:05.264 D/android.hardware.media.c2@1.1-mediatek(  607): [import_mtk_dtv_native_buffer(): 717] mst buffer is secure: 0
09-18 17:36:05.268 D/VCodecVenc(  607): [L 324][EnqueInputBuffer]
09-18 17:36:05.291 D/VCodecVencImpl(  607): [L 572][MtkVencSetConfig]
09-18 17:36:05.291 D/android.hardware.media.c2@1.1-mediatek(  607): [import_mtk_dtv_native_buffer(): 717] mst buffer is secure: 0
09-18 17:36:05.292 D/android.hardware.media.c2@1.1-mediatek(  607): [import_mtk_dtv_native_buffer(): 717] mst buffer is secure: 0
09-18 17:36:05.296 I/kernel  ( 6265): [  232.557240][MTK_V4L2] level=0 vidioc_venc_qbuf(),1318: [4] id=0 getdata FB(2088960,2) vb=000000000c42c7f0 pts=0
09-18 17:36:05.298 D/VCodecVenc(  607): [L 324][EnqueInputBuffer]
09-18 17:36:05.322 D/android.hardware.media.c2@1.1-mediatek(  607): [import_mtk_dtv_native_buffer(): 717] mst buffer is secure: 0
09-18 17:36:05.322 D/VCodecVencImpl(  607): [L 572][MtkVencSetConfig]
09-18 17:36:05.324 D/android.hardware.media.c2@1.1-mediatek(  607): [import_mtk_dtv_native_buffer(): 717] mst buffer is secure: 0
09-18 17:36:05.327 E/<MI3>   (  636): <ERR>_MI_TUNER_GetLock[4279]: [_MI_TUNER_GetLock][4279] *peLockStatus =  E_MI_TUNER_UNLOCK@!!!
09-18 17:36:05.326 I/kernel  ( 6265): [  232.587596][MTK_V4L2] level=0 vidioc_venc_qbuf(),1318: [4] id=0 getdata FB(2088960,2) vb=000000000c42c7f0 pts=0
09-18 17:36:05.328 D/VCodecVenc(  607): [L 324][EnqueInputBuffer]
09-18 17:36:05.328 D/MediaTvTuner( 2016): Got event from tuning. Event type: 1 for android.media.tv.tuner.Tuner@c3fd208
09-18 17:36:05.328 D/MediaTvTuner( 2016): Wrote Stats Log for the events from tuning.
09-18 17:36:05.328 I/JpTis_IsdbSFrontendTuneImpl@10( 2016): onTuneEvent() tuneEvent:1
09-18 17:36:05.333 I/kernel  (  863): [  232.593884][A8303-1_Driver] [dish_a8303_1_fe_set_voltage] arg voltage is 0x0b
09-18 17:36:05.335 I/kernel  (  863): [  232.595744][A8303-1_Driver] i2c_transfer msg[0] addr:0x08, len:2, flags:0
09-18 17:36:05.335 I/kernel  (  863): [  232.595761][A8303-1_Driver] i2c_transfer msg[0] buf[0]:0x00
09-18 17:36:05.335 I/kernel  (  863): [  232.595764][A8303-1_Driver] i2c_transfer msg[0] buf[1]:0x0b
09-18 17:36:05.335 I/kernel  (  863): [  232.595875][A8303-1_Driver] [memorize_voltage] main_voltage = 5
09-18 17:36:05.338 E/<MI3>   (  636): <ERR>_MI_TUNER_GetLock[4279]: [_MI_TUNER_GetLock][4279] *peLockStatus =  E_MI_TUNER_UNLOCK@!!!
09-18 17:36:05.342 I/kernel  ( 2513): [  232.603334][A8303-1_Driver] addr:0x08,  i2c status:0x0a from 0x1b
09-18 17:36:05.349 E/<MI3>   (  636): <ERR>_MI_TUNER_GetLock[4279]: [_MI_TUNER_GetLock][4279] *peLockStatus =  E_MI_TUNER_UNLOCK@!!!
09-18 17:36:05.352 D/VCodecVencImpl(  607): [L 572][MtkVencSetConfig]
09-18 17:36:05.352 D/android.hardware.media.c2@1.1-mediatek(  607): [import_mtk_dtv_native_buffer(): 717] mst buffer is secure: 0
09-18 17:36:05.354 D/android.hardware.media.c2@1.1-mediatek(  607): [import_mtk_dtv_native_buffer(): 717] mst buffer is secure: 0
09-18 17:36:05.357 I/kernel  ( 6265): [  232.617870][MTK_V4L2] level=0 vidioc_venc_qbuf(),1318: [4] id=0 getdata FB(2088960,2) vb=000000000c42c7f0 pts=0
09-18 17:36:05.358 D/VCodecVenc(  607): [L 324][EnqueInputBuffer]
09-18 17:36:05.361 E/<MI3>   (  636): <ERR>_MI_TUNER_GetLock[4279]: [_MI_TUNER_GetLock][4279] *peLockStatus =  E_MI_TUNER_UNLOCK@!!!
09-18 17:36:05.372 E/<MI3>   (  636): <ERR>_MI_TUNER_GetLock[4279]: [_MI_TUNER_GetLock][4279] *peLockStatus =  E_MI_TUNER_UNLOCK@!!!
09-18 17:36:05.382 D/VCodecVencImpl(  607): [L 572][MtkVencSetConfig]
09-18 17:36:05.383 E/<MI3>   (  636): <ERR>_MI_TUNER_GetLock[4279]: [_MI_TUNER_GetLock][4279] *peLockStatus =  E_MI_TUNER_UNLOCK@!!!
09-18 17:36:05.383 D/android.hardware.media.c2@1.1-mediatek(  607): [import_mtk_dtv_native_buffer(): 717] mst buffer is secure: 0
09-18 17:36:05.383 D/android.hardware.media.c2@1.1-mediatek(  607): [import_mtk_dtv_native_buffer(): 717] mst buffer is secure: 0
09-18 17:36:05.387 I/kernel  ( 6265): [  232.648175][MTK_V4L2] level=0 vidioc_venc_qbuf(),1318: [4] id=0 getdata FB(2088960,2) vb=000000000c42c7f0 pts=0
09-18 17:36:05.387 D/VCodecVenc(  607): [L 324][EnqueInputBuffer]
09-18 17:36:05.394 E/<MI3>   (  636): <ERR>_MI_TUNER_GetLock[4279]: [_MI_TUNER_GetLock][4279] *peLockStatus =  E_MI_TUNER_UNLOCK@!!!
09-18 17:36:05.395 E/<MI3>   (  636): <ERR>_MI_TUNER_GetLock[4279]: [_MI_TUNER_GetLock][4279] *peLockStatus =  E_MI_TUNER_UNLOCK@!!!
09-18 17:36:05.402 D/MediaTvTuner( 2016): Got event from tuning. Event type: 1 for android.media.tv.tuner.Tuner@62de995
09-18 17:36:05.402 D/MediaTvTuner( 2016): Wrote Stats Log for the events from tuning.
09-18 17:36:05.402 I/JpTis_IsdbSFrontendTuneImpl@4( 2016): onTuneEvent() tuneEvent:1
09-18 17:36:05.406 E/<MI3>   (  636): <ERR>_MI_TUNER_GetLock[4279]: [_MI_TUNER_GetLock][4279] *peLockStatus =  E_MI_TUNER_UNLOCK@!!!
09-18 17:36:05.406 E/<MI3>   (  636): <ERR>_MI_TUNER_GetLock[4279]: [_MI_TUNER_GetLock][4279] *peLockStatus =  E_MI_TUNER_UNLOCK@!!!
09-18 17:36:05.413 D/VCodecVencImpl(  607): [L 572][MtkVencSetConfig]
09-18 17:36:05.413 D/android.hardware.media.c2@1.1-mediatek(  607): [import_mtk_dtv_native_buffer(): 717] mst buffer is secure: 0
09-18 17:36:05.414 D/android.hardware.media.c2@1.1-mediatek(  607): [import_mtk_dtv_native_buffer(): 717] mst buffer is secure: 0
09-18 17:36:05.417 E/<MI3>   (  636): <ERR>_MI_TUNER_GetLock[4279]: [_MI_TUNER_GetLock][4279] *peLockStatus =  E_MI_TUNER_UNLOCK@!!!
09-18 17:36:05.417 E/<MI3>   (  636): <ERR>_MI_TUNER_GetLock[4279]: [_MI_TUNER_GetLock][4279] *peLockStatus =  E_MI_TUNER_UNLOCK@!!!
09-18 17:36:05.418 D/VCodecVenc(  607): [L 324][EnqueInputBuffer]
09-18 17:36:05.419 I/kernel  ( 6265): [  232.680367][MTK_V4L2] level=0 vidioc_venc_qbuf(),1318: [4] id=0 getdata FB(2088960,2) vb=000000000c42c7f0 pts=0
09-18 17:36:05.428 E/<MI3>   (  636): <ERR>_MI_TUNER_GetLock[4279]: [_MI_TUNER_GetLock][4279] *peLockStatus =  E_MI_TUNER_UNLOCK@!!!
09-18 17:36:05.429 E/<MI3>   (  636): <ERR>_MI_TUNER_GetLock[4279]: [_MI_TUNER_GetLock][4279] *peLockStatus =  E_MI_TUNER_UNLOCK@!!!
09-18 17:36:05.432 V/WifiPickerTracker( 1493): Issuing scan request from WifiManager
09-18 17:36:05.432 I/WifiService(  733): startScan uid=1000
09-18 17:36:05.433 I/WifiScanningService(  733): Registering listener= com.android.server.wifi.scanner.WifiScannerInternal$ScanListener@6fe1a45 uid=1000 packageName=com.android.tv.settings workSource=WorkSource{1000}
09-18 17:36:05.434 I/WifiScanningService(  733): start scan: ClientInfo[uid=1000, package=com.android.tv.settings, com.android.server.wifi.scanner.WifiScannerInternal$ScanListener@6fe1a45] package com.android.tv.settings
09-18 17:36:05.434 I/WifiScanningService(  733): addSingleScanRequest: ClientInfo[uid=1000, package=com.android.tv.settings, com.android.server.wifi.scanner.WifiScannerInternal$ScanListener@6fe1a45],WorkSource{1000 com.android.tv.settings}, ScanSettings {  type:HIGH ACCURACY band:24Ghz & 5Ghz (DFS incl) & 6Ghz & 60Ghz ignoreLocationSettings:false period:0 reportEvents:3 numBssidsPerScan:0 maxScansToCache:0 rnrSetting:0 6GhzPscOnlyEnabled:false channels:[  ]  } 
09-18 17:36:05.434 D/WifiScanRequestProxy(  733): Scan request succeeded
09-18 17:36:05.434 D/WifiScanningService(  733): replySucceeded onSuccess
09-18 17:36:05.440 E/<MI3>   (  636): <ERR>_MI_TUNER_GetLock[4279]: [_MI_TUNER_GetLock][4279] *peLockStatus =  E_MI_TUNER_UNLOCK@!!!
09-18 17:36:05.440 E/<MI3>   (  636): <ERR>_MI_TUNER_GetLock[4279]: [_MI_TUNER_GetLock][4279] *peLockStatus =  E_MI_TUNER_UNLOCK@!!!
09-18 17:36:05.441 E/<MI3>   (  636): <ERR>_MI_TUNER_GetLock[4279]: [_MI_TUNER_GetLock][4279] *peLockStatus =  E_MI_TUNER_UNLOCK@!!!
09-18 17:36:05.442 D/wpa_supplicant( 1207): nl80211: Drv Event 103 (NL80211_CMD_VENDOR) received for wlan0
09-18 17:36:05.442 D/wpa_supplicant( 1207): nl80211: Vendor event: wiphy=0 vendor_id=0xce7 subcmd=12
09-18 17:36:05.442 D/wpa_supplicant( 1207): nl80211: Ignore unsupported vendor event
09-18 17:36:05.442 D/wpa_supplicant( 1207): nl80211: Drv Event 103 (NL80211_CMD_VENDOR) received for wlan0
09-18 17:36:05.442 D/wpa_supplicant( 1207): nl80211: Vendor event: wiphy=0 vendor_id=0xce7 subcmd=153
09-18 17:36:05.442 D/wpa_supplicant( 1207): nl80211: Ignore unsupported vendor event
09-18 17:36:05.443 D/wpa_supplicant( 1207): nl80211: Drv Event 33 (NL80211_CMD_TRIGGER_SCAN) received for wlan0
09-18 17:36:05.443 D/wpa_supplicant( 1207): wlan0: nl80211: Scan trigger
09-18 17:36:05.443 D/wpa_supplicant( 1207): wlan0: Event SCAN_STARTED (47) received
09-18 17:36:05.443 D/wpa_supplicant( 1207): wlan0: External program started a scan
09-18 17:36:05.443 D/WifiHAL (  610): event received NL80211_CMD_VENDOR, vendor_id = 0xce7, subcmd = 0xc
09-18 17:36:05.443 D/WifiHAL (  610): event received NL80211_CMD_VENDOR, vendor_id = 0xce7, subcmd = 0x99
09-18 17:36:05.443 D/WifiHAL (  610): event received NL80211_CMD_TRIGGER_SCAN
09-18 17:36:05.445 I/kernel  (  801): [  232.706416][wlan][801]mtk_cfg80211_scan:(REQ STATE) i=0, wildcard scan
09-18 17:36:05.445 I/kernel  (  801): [  232.706429][wlan][801]mtk_cfg80211_scan:(REQ STATE) i=1, u4ValidIdx=0, Ssid=nonessid, SsidLen=8
09-18 17:36:05.445 I/kernel  (  587): [  232.706491][wlan][587]aisFsmSteps:(AIS STATE) [AIS0] TRANSITION: [IDLE] -> [SCAN]
09-18 17:36:05.445 I/kernel  (  587): [  232.706525][wlan][587]scnFsmSteps:(SCN STATE) [SCAN]TRANSITION: [IDLE] -> [SCANNING]
09-18 17:36:05.445 I/kernel  ( 1207): [  232.706657][wlan][1207]mtk_cfg_get_txpower:(REQ WARN) STA doesn't support this function
09-18 17:36:05.446 I/kernel  ( 1207): [  232.706838][wlan][1207]mtk_cfg_get_txpower:(REQ WARN) STA doesn't support this function
09-18 17:36:05.446 D/VCodecVencImpl(  607): [L 572][MtkVencSetConfig]
09-18 17:36:05.447 D/android.hardware.media.c2@1.1-mediatek(  607): [import_mtk_dtv_native_buffer(): 717] mst buffer is secure: 0
09-18 17:36:05.448 D/android.hardware.media.c2@1.1-mediatek(  607): [import_mtk_dtv_native_buffer(): 717] mst buffer is secure: 0
09-18 17:36:05.450 D/MediaTvTuner( 2016): Got event from tuning. Event type: 1 for android.media.tv.tuner.Tuner@f1fe9e2
09-18 17:36:05.450 D/MediaTvTuner( 2016): Wrote Stats Log for the events from tuning.
09-18 17:36:05.451 I/JpTis_IsdbSFrontendTuneImpl@9( 2016): onTuneEvent() tuneEvent:1
09-18 17:36:05.451 I/kernel  ( 6265): [  232.712598][MTK_V4L2] level=0 vidioc_venc_qbuf(),1318: [4] id=0 getdata FB(2088960,2) vb=000000000c42c7f0 pts=0
09-18 17:36:05.452 D/VCodecVenc(  607): [L 324][EnqueInputBuffer]
09-18 17:36:05.477 D/VCodecVencImpl(  607): [L 572][MtkVencSetConfig]
09-18 17:36:05.477 D/android.hardware.media.c2@1.1-mediatek(  607): [import_mtk_dtv_native_buffer(): 717] mst buffer is secure: 0
09-18 17:36:05.478 D/android.hardware.media.c2@1.1-mediatek(  607): [import_mtk_dtv_native_buffer(): 717] mst buffer is secure: 0
09-18 17:36:05.483 D/VCodecVenc(  607): [L 324][EnqueInputBuffer]
09-18 17:36:05.483 I/kernel  ( 6265): [  232.744565][MTK_V4L2] level=0 vidioc_venc_qbuf(),1318: [4] id=0 getdata FB(2088960,2) vb=000000000c42c7f0 pts=0
09-18 17:36:05.505 I/kernel  (  587): [  232.766114][wlan][587]scanCheckEpigramVhtIE:(RLM WARN) [Epigram] prEpiIE->ucLength is too short, skip!
09-18 17:36:05.505 I/kernel  (  587): [  232.766135][wlan][587]scanCheckEpigramVhtIE:(RLM WARN) [Epigram] prEpiIE->ucLength is too short, skip!
09-18 17:36:05.505 I/kernel  (  587): [  232.766138][wlan][587]scanCheckEpigramVhtIE:(RLM WARN) [Epigram] prEpiIE->ucLength is too short, skip!
09-18 17:36:05.505 I/kernel  (  587): [  232.766141][wlan][587]scanCheckEpigramVhtIE:(RLM WARN) [Epigram] prEpiIE->ucLength is too short, skip!
09-18 17:36:05.505 I/kernel  (  587): [  232.766197][wlan][587]scanCheckEpigramVhtIE:(RLM WARN) [Epigram] prEpiIE->ucLength is too short, skip!
09-18 17:36:05.505 I/kernel  (  587): [  232.766200][wlan][587]scanCheckEpigramVhtIE:(RLM WARN) [Epigram] prEpiIE->ucLength is too short, skip!
09-18 17:36:05.505 I/kernel  (  587): [  232.766203][wlan][587]scanCheckEpigramVhtIE:(RLM WARN) [Epigram] prEpiIE->ucLength is too short, skip!
09-18 17:36:05.505 I/kernel  (  587): [  232.766206][wlan][587]scanCheckEpigramVhtIE:(RLM WARN) [Epigram] prEpiIE->ucLength is too short, skip!
09-18 17:36:05.509 D/android.hardware.media.c2@1.1-mediatek(  607): [import_mtk_dtv_native_buffer(): 717] mst buffer is secure: 0
09-18 17:36:05.509 D/VCodecVencImpl(  607): [L 572][MtkVencSetConfig]
09-18 17:36:05.510 D/android.hardware.media.c2@1.1-mediatek(  607): [import_mtk_dtv_native_buffer(): 717] mst buffer is secure: 0
09-18 17:36:05.514 I/kernel  ( 6265): [  232.775374][MTK_V4L2] level=0 vidioc_venc_qbuf(),1318: [4] id=0 getdata FB(2088960,2) vb=000000000c42c7f0 pts=0
09-18 17:36:05.515 D/VCodecVenc(  607): [L 324][EnqueInputBuffer]
09-18 17:36:05.540 D/VCodecVencImpl(  607): [L 572][MtkVencSetConfig]
09-18 17:36:05.540 D/android.hardware.media.c2@1.1-mediatek(  607): [import_mtk_dtv_native_buffer(): 717] mst buffer is secure: 0
09-18 17:36:05.541 D/android.hardware.media.c2@1.1-mediatek(  607): [import_mtk_dtv_native_buffer(): 717] mst buffer is secure: 0
09-18 17:36:05.545 I/kernel  ( 6265): [  232.805863][MTK_V4L2] level=0 vidioc_venc_qbuf(),1318: [4] id=0 getdata FB(2088960,2) vb=000000000c42c7f0 pts=0
09-18 17:36:05.545 D/VCodecVenc(  607): [L 324][EnqueInputBuffer]
09-18 17:36:05.571 D/VCodecVencImpl(  607): [L 572][MtkVencSetConfig]
09-18 17:36:05.571 D/android.hardware.media.c2@1.1-mediatek(  607): [import_mtk_dtv_native_buffer(): 717] mst buffer is secure: 0
09-18 17:36:05.571 D/android.hardware.media.c2@1.1-mediatek(  607): [import_mtk_dtv_native_buffer(): 717] mst buffer is secure: 0
09-18 17:36:05.576 I/kernel  ( 6265): [  232.837017][MTK_V4L2] level=0 vidioc_venc_qbuf(),1318: [4] id=0 getdata FB(2088960,2) vb=000000000c42c7f0 pts=0
09-18 17:36:05.576 D/VCodecVenc(  607): [L 324][EnqueInputBuffer]
09-18 17:36:05.582 I/JpTis_IsdbSFrontendTuneImpl@9( 2016): LnbStatusCallbackImpl:onLnbStatusChanged from:LnbStatus(voltageOn=false, status=Pending) to:LnbStatus(voltageOn=true, status=Pending) lnbPowerStatus:Pending
09-18 17:36:05.582 I/JpTis_IsdbSFrontendTuneImpl@10( 2016): LnbStatusCallbackImpl:onLnbStatusChanged from:LnbStatus(voltageOn=false, status=Pending) to:LnbStatus(voltageOn=true, status=Pending) lnbPowerStatus:Pending
09-18 17:36:05.582 I/JpTis_IsdbSFrontendTuneImpl@10( 2016): startTuning: frontendSettings: frequency:2013000000, streamId:0x7160, streamIdType:0x00, modulation:1, codeRate:1, symbolRate:0, rollOff:0
09-18 17:36:05.582 I/JpTis_IsdbSFrontendTuneImpl@9( 2016): startTuning: frontendSettings: frequency:1087840000, streamId:0x4632, streamIdType:0x00, modulation:1, codeRate:1, symbolRate:0, rollOff:0
09-18 17:36:05.582 D/MediaTvTuner( 2016): Tune to 2013000000
09-18 17:36:05.583 D/MediaTvTuner( 2016): Write Stats Log for tuning.
09-18 17:36:05.583 D/MediaTvTuner( 2016): Tune to 1087840000
09-18 17:36:05.583 D/MediaTvTuner( 2016): Write Stats Log for tuning.
09-18 17:36:05.583 I/JpTis_IsdbSFrontendTuneImpl@4( 2016): LnbStatusCallbackImpl:onLnbStatusChanged from:LnbStatus(voltageOn=false, status=Pending) to:LnbStatus(voltageOn=true, status=Pending) lnbPowerStatus:Pending
09-18 17:36:05.583 I/JpTis_IsdbSFrontendTuneImpl@4( 2016): startTuning: frontendSettings: frequency:1471440000, streamId:0x4973, streamIdType:0x00, modulation:1, codeRate:1, symbolRate:0, rollOff:0
09-18 17:36:05.583 D/MediaTvTuner( 2016): Tune to 1471440000
09-18 17:36:05.583 D/MediaTvTuner( 2016): Write Stats Log for tuning.
09-18 17:36:05.595 I/kernel  (  636): [  232.855743]dvb_frontend: [dvb_frontend_handle_compat_ioctl][2580]((tvp + 0)->cmd):17
09-18 17:36:05.595 I/kernel  (  636): [  232.855762]mtk_cfm: [cfm_get_frontend][999]
09-18 17:36:05.601 I/kernel  (  863): [  232.862442]dvb_frontend: [dvb_frontend_handle_compat_ioctl][2580]((tvp + 0)->cmd):17
09-18 17:36:05.601 I/kernel  (  863): [  232.862461]mtk_cfm: [cfm_get_frontend][999]
09-18 17:36:05.601 D/VCodecVencImpl(  607): [L 572][MtkVencSetConfig]
09-18 17:36:05.601 D/android.hardware.media.c2@1.1-mediatek(  607): [import_mtk_dtv_native_buffer(): 717] mst buffer is secure: 0
09-18 17:36:05.606 I/kernel  ( 6265): [  232.867144][MTK_V4L2] level=0 vidioc_venc_qbuf(),1318: [4] id=0 getdata FB(2088960,2) vb=000000000c42c7f0 pts=0
09-18 17:36:05.602 D/android.hardware.media.c2@1.1-mediatek(  607): [import_mtk_dtv_native_buffer(): 717] mst buffer is secure: 0
09-18 17:36:05.605 D/VCodecVenc(  607): [L 324][EnqueInputBuffer]
09-18 17:36:05.608 W/kernel  (  863): [  232.868905]mediatek,dvb-adapter mtk-dvb-adapter: DVB: adapter 0 frontend 0 frequency limits undefined - fix the driver
09-18 17:36:05.608 I/kernel  (  863): [  232.868931]mtk_cfm: [cfm_get_tune_settings][1149]
09-18 17:36:05.608 I/kernel  ( 6936): [  232.868952]mtk_cfm: [cfm_get_frontend_algo][1070]
09-18 17:36:05.608 I/kernel  ( 6936): [  232.868959]mtk_cfm: [cfm_tune][777]Start: re_tune = 1
09-18 17:36:05.608 I/kernel  ( 6936): [  232.868963]mtk_cfm: [_confirm_which_tuner_use][299]
09-18 17:36:05.608 I/kernel  ( 6936): [  232.868966]mtk_cfm: [_convert_array_to_u16][282], testValue.element[i = 0] = [0x1], value = [0x2]
09-18 17:36:05.608 I/kernel  ( 6936): [  232.868970]mtk_cfm: [_convert_array_to_u16][282], testValue.element[i = 1] = [0x2], value = [0x6]
09-18 17:36:05.608 I/kernel  ( 6936): [  232.868974]mtk_cfm: [_convert_array_to_u16][282], testValue.element[i = 2] = [0x3], value = [0xe]
09-18 17:36:05.608 I/kernel  ( 6936): [  232.868977]mtk_cfm: [_convert_array_to_u16][282], testValue.element[i = 3] = [0x5], value = [0x2e]
09-18 17:36:05.608 W/kernel  (  636): [  232.868975]mediatek,dvb-adapter mtk-dvb-adapter: DVB: adapter 0 frontend 2 frequency limits undefined - fix the driver
09-18 17:36:05.608 I/kernel  ( 6936): [  232.868980]mtk_cfm: [_convert_array_to_u16][282], testValue.element[i = 4] = [0x6], value = [0x6e]
09-18 17:36:05.608 I/kernel  (  636): [  232.868982]mtk_cfm: [cfm_get_tune_settings][1149]
09-18 17:36:05.608 I/kernel  ( 6936): [  232.868984]mtk_cfm: [_convert_array_to_u16][282], testValue.element[i = 5] = [0x8], value = [0x16e]
09-18 17:36:05.608 I/kernel  ( 6936): [  232.868987]mtk_cfm: [_convert_array_to_u16][282], testValue.element[i = 6] = [0x9], value = [0x36e]
09-18 17:36:05.608 I/kernel  ( 6936): [  232.868990]mtk_cfm: [_convert_array_to_u16][282], testValue.element[i = 7] = [0xa], value = [0x76e]
09-18 17:36:05.608 I/kernel  ( 6936): [  232.868993]mtk_cfm: [_convert_array_to_u16][282], testValue.element[i = 8] = [0xb], value = [0xf6e]
09-18 17:36:05.608 I/kernel  ( 6936): [  232.868996]mtk_cfm: [_convert_array_to_u16][282], testValue.element[i = 9] = [0xd], value = [0x2f6e]
09-18 17:36:05.608 I/kernel  ( 6936): [  232.868999]mtk_cfm: [_convert_array_to_u16][282], testValue.element[i = 10] = [0x10], value = [0x12f6e]
09-18 17:36:05.608 I/kernel  ( 6936): [  232.869002]mtk_cfm: [_convert_array_to_u16][282], testValue.element[i = 11] = [0x12], value = [0x52f6e]
09-18 17:36:05.608 I/kernel  ( 6936): [  232.869005]mtk_cfm: [_convert_array_to_u16][282], testValue.element[i = 12] = [0x14], value = [0x152f6e]
09-18 17:36:05.608 I/kernel  ( 6936): [  232.869008]mtk_cfm: [_convert_array_to_u16][282], testValue.element[i = 13] = [0x15], value = [0x352f6e]
09-18 17:36:05.608 I/kernel  ( 6936): [  232.869011]mtk_cfm: [_convert_array_to_u16][282], testValue.element[i = 14] = [0x13], value = [0x3d2f6e]
09-18 17:36:05.608 I/kernel  ( 6936): [  232.869014]mtk_cfm: [_confirm_which_tuner_use][322], board_del_sys_capability = [0x3d2f6e]
09-18 17:36:05.608 I/kernel  ( 6936): [  232.869017]mtk_cfm: [_confirm_which_tuner_use][327], act_del_sys_capability = [0x3d2f6e]
09-18 17:36:05.608 I/kernel  ( 6936): [  232.869020]mtk_cfm: [_confirm_which_tuner_use][333], Correct to selected tuner index = [0]
09-18 17:36:05.608 I/kernel  ( 6936): [  232.869023]mtk_cfm: [cfm_tune][790],	tuner_idx_use = [0]
09-18 17:36:05.608 I/kernel  ( 6936): [  232.869025]mtk_cfm: [_confirm_which_demod_use][368]
09-18 17:36:05.608 I/kernel  ( 6936): [  232.869028]mtk_cfm: [cfm_tune][799], dmd_idx_use = [0]
09-18 17:36:05.608 I/kernel  ( 6936): [  232.869030]mtk_cfm: [_check_and_do_frontend_init][548]
09-18 17:36:05.608 I/kernel  ( 6936): [  232.869033]mtk_cfm: [_check_and_do_tuner_init][467]
09-18 17:36:05.608 I/kernel  ( 6940): [  232.869396]mtk_cfm: [cfm_get_frontend_algo][1070]
09-18 17:36:05.608 I/kernel  ( 6940): [  232.869404]mtk_cfm: [cfm_tune][777]Start: re_tune = 1
09-18 17:36:05.608 I/kernel  ( 6940): [  232.869408]mtk_cfm: [_confirm_which_tuner_use][299]
09-18 17:36:05.608 I/kernel  ( 6940): [  232.869411]mtk_cfm: [_convert_array_to_u16][282], testValue.element[i = 0] = [0x1], value = [0x2]
09-18 17:36:05.608 I/kernel  ( 6940): [  232.869414]mtk_cfm: [_convert_array_to_u16][282], testValue.element[i = 1] = [0x2], value = [0x6]
09-18 17:36:05.608 I/kernel  ( 6940): [  232.869418]mtk_cfm: [_convert_array_to_u16][282], testValue.element[i = 2] = [0x3], value = [0xe]
09-18 17:36:05.608 I/kernel  ( 6940): [  232.869421]mtk_cfm: [_convert_array_to_u16][282], testValue.element[i = 3] = [0x5], value = [0x2e]
09-18 17:36:05.608 I/kernel  ( 6940): [  232.869424]mtk_cfm: [_convert_array_to_u16][282], testValue.element[i = 4] = [0x6], value = [0x6e]
09-18 17:36:05.608 I/kernel  ( 6940): [  232.869427]mtk_cfm: [_convert_array_to_u16][282], testValue.element[i = 5] = [0x8], value = [0x16e]
09-18 17:36:05.608 I/kernel  ( 6940): [  232.869430]mtk_cfm: [_convert_array_to_u16][282], testValue.element[i = 6] = [0x9], value = [0x36e]
09-18 17:36:05.608 I/kernel  ( 6940): [  232.869433]mtk_cfm: [_convert_array_to_u16][282], testValue.element[i = 7] = [0xa], value = [0x76e]
09-18 17:36:05.608 I/kernel  ( 6940): [  232.869436]mtk_cfm: [_convert_array_to_u16][282], testValue.element[i = 8] = [0xb], value = [0xf6e]
09-18 17:36:05.608 I/kernel  ( 6940): [  232.869439]mtk_cfm: [_convert_array_to_u16][282], testValue.element[i = 9] = [0xd], value = [0x2f6e]
09-18 17:36:05.608 I/kernel  ( 6940): [  232.869442]mtk_cfm: [_convert_array_to_u16][282], testValue.element[i = 10] = [0x10], value = [0x12f6e]
09-18 17:36:05.608 I/kernel  ( 6940): [  232.869445]mtk_cfm: [_convert_array_to_u16][282], testValue.element[i = 11] = [0x12], value = [0x52f6e]
09-18 17:36:05.608 I/kernel  ( 6940): [  232.869448]mtk_cfm: [_convert_array_to_u16][282], testValue.element[i = 12] = [0x14], value = [0x152f6e]
09-18 17:36:05.608 I/kernel  ( 6940): [  232.869451]mtk_cfm: [_convert_array_to_u16][282], testValue.element[i = 13] = [0x15], value = [0x352f6e]
09-18 17:36:05.608 I/kernel  ( 6940): [  232.869454]mtk_cfm: [_convert_array_to_u16][282], testValue.element[i = 14] = [0x13], value = [0x3d2f6e]
09-18 17:36:05.608 I/kernel  ( 6940): [  232.869457]mtk_cfm: [_confirm_which_tuner_use][322], board_del_sys_capability = [0x3d2f6e]
09-18 17:36:05.608 I/kernel  ( 6940): [  232.869460]mtk_cfm: [_confirm_which_tuner_use][327], act_del_sys_capability = [0x3d2f6e]
09-18 17:36:05.608 I/kernel  ( 6940): [  232.869463]mtk_cfm: [_confirm_which_tuner_use][333], Correct to selected tuner index = [0]
09-18 17:36:05.608 I/kernel  ( 6940): [  232.869466]mtk_cfm: [cfm_tune][790],	tuner_idx_use = [0]
09-18 17:36:05.608 I/kernel  ( 6940): [  232.869468]mtk_cfm: [_confirm_which_demod_use][368]
09-18 17:36:05.608 I/kernel  ( 6940): [  232.869471]mtk_cfm: [cfm_tune][799], dmd_idx_use = [0]
09-18 17:36:05.608 I/kernel  ( 6940): [  232.869473]mtk_cfm: [_check_and_do_frontend_init][548]
09-18 17:36:05.608 I/kernel  ( 6940): [  232.869475]mtk_cfm: [_check_and_do_tuner_init][467]
09-18 17:36:05.608 I/kernel  (  862): [  232.869504]dvb_frontend: [dvb_frontend_handle_compat_ioctl][2580]((tvp + 0)->cmd):17
09-18 17:36:05.608 I/kernel  (  862): [  232.869511]mtk_cfm: [cfm_get_frontend][999]
09-18 17:36:05.622 W/kernel  (  862): [  232.882757]mediatek,dvb-adapter mtk-dvb-adapter: DVB: adapter 0 frontend 1 frequency limits undefined - fix the driver
09-18 17:36:05.622 I/kernel  (  862): [  232.882774]mtk_cfm: [cfm_get_tune_settings][1149]
09-18 17:36:05.622 I/kernel  ( 6938): [  232.882792]mtk_cfm: [cfm_get_frontend_algo][1070]
09-18 17:36:05.622 I/kernel  ( 6938): [  232.882798]mtk_cfm: [cfm_tune][777]Start: re_tune = 1
09-18 17:36:05.622 I/kernel  ( 6938): [  232.882801]mtk_cfm: [_confirm_which_tuner_use][299]
09-18 17:36:05.622 I/kernel  ( 6938): [  232.882804]mtk_cfm: [_convert_array_to_u16][282], testValue.element[i = 0] = [0x1], value = [0x2]
09-18 17:36:05.622 I/kernel  ( 6938): [  232.882808]mtk_cfm: [_convert_array_to_u16][282], testValue.element[i = 1] = [0x2], value = [0x6]
09-18 17:36:05.622 I/kernel  ( 6938): [  232.882811]mtk_cfm: [_convert_array_to_u16][282], testValue.element[i = 2] = [0x3], value = [0xe]
09-18 17:36:05.622 I/kernel  ( 6938): [  232.882815]mtk_cfm: [_convert_array_to_u16][282], testValue.element[i = 3] = [0x5], value = [0x2e]
09-18 17:36:05.622 I/kernel  ( 6938): [  232.882818]mtk_cfm: [_convert_array_to_u16][282], testValue.element[i = 4] = [0x6], value = [0x6e]
09-18 17:36:05.622 I/kernel  ( 6938): [  232.882821]mtk_cfm: [_convert_array_to_u16][282], testValue.element[i = 5] = [0x8], value = [0x16e]
09-18 17:36:05.622 I/kernel  ( 6938): [  232.882824]mtk_cfm: [_convert_array_to_u16][282], testValue.element[i = 6] = [0x9], value = [0x36e]
09-18 17:36:05.622 I/kernel  ( 6938): [  232.882827]mtk_cfm: [_convert_array_to_u16][282], testValue.element[i = 7] = [0xa], value = [0x76e]
09-18 17:36:05.622 I/kernel  ( 6938): [  232.882830]mtk_cfm: [_convert_array_to_u16][282], testValue.element[i = 8] = [0xb], value = [0xf6e]
09-18 17:36:05.622 I/kernel  ( 6938): [  232.882833]mtk_cfm: [_convert_array_to_u16][282], testValue.element[i = 9] = [0xd], value = [0x2f6e]
09-18 17:36:05.622 I/kernel  ( 6938): [  232.882836]mtk_cfm: [_convert_array_to_u16][282], testValue.element[i = 10] = [0x10], value = [0x12f6e]
09-18 17:36:05.622 I/kernel  ( 6938): [  232.882839]mtk_cfm: [_convert_array_to_u16][282], testValue.element[i = 11] = [0x12], value = [0x52f6e]
09-18 17:36:05.622 I/kernel  ( 6938): [  232.882843]mtk_cfm: [_convert_array_to_u16][282], testValue.element[i = 12] = [0x14], value = [0x152f6e]
09-18 17:36:05.622 I/kernel  ( 6938): [  232.882846]mtk_cfm: [_convert_array_to_u16][282], testValue.element[i = 13] = [0x15], value = [0x352f6e]
09-18 17:36:05.622 I/kernel  ( 6938): [  232.882849]mtk_cfm: [_convert_array_to_u16][282], testValue.element[i = 14] = [0x13], value = [0x3d2f6e]
09-18 17:36:05.622 I/kernel  ( 6938): [  232.882852]mtk_cfm: [_confirm_which_tuner_use][322], board_del_sys_capability = [0x3d2f6e]
09-18 17:36:05.622 I/kernel  ( 6938): [  232.882854]mtk_cfm: [_confirm_which_tuner_use][327], act_del_sys_capability = [0x3d2f6e]
09-18 17:36:05.622 I/kernel  ( 6938): [  232.882857]mtk_cfm: [_confirm_which_tuner_use][333], Correct to selected tuner index = [0]
09-18 17:36:05.622 I/kernel  ( 6938): [  232.882860]mtk_cfm: [cfm_tune][790],	tuner_idx_use = [0]
09-18 17:36:05.622 I/kernel  ( 6938): [  232.882863]mtk_cfm: [_confirm_which_demod_use][368]
09-18 17:36:05.622 I/kernel  ( 6938): [  232.882865]mtk_cfm: [cfm_tune][799], dmd_idx_use = [0]
09-18 17:36:05.622 I/kernel  ( 6938): [  232.882868]mtk_cfm: [_check_and_do_frontend_init][548]
09-18 17:36:05.622 I/kernel  ( 6938): [  232.882870]mtk_cfm: [_check_and_do_tuner_init][467]
09-18 17:36:05.633 D/android.hardware.media.c2@1.1-mediatek(  607): [import_mtk_dtv_native_buffer(): 717] mst buffer is secure: 0
09-18 17:36:05.633 D/VCodecVencImpl(  607): [L 572][MtkVencSetConfig]
09-18 17:36:05.633 D/android.hardware.media.c2@1.1-mediatek(  607): [import_mtk_dtv_native_buffer(): 717] mst buffer is secure: 0
09-18 17:36:05.635 I/kernel  ( 6936): [  232.896039]mtk_cfm: [_check_and_do_demod_init][417]
09-18 17:36:05.637 I/kernel  ( 6265): [  232.898627][MTK_V4L2] level=0 vidioc_venc_qbuf(),1318: [4] id=0 getdata FB(2088960,2) vb=000000000c42c7f0 pts=0
09-18 17:36:05.638 I/kernel  ( 6940): [  232.899088]mtk_cfm: [_check_and_do_demod_init][417]
09-18 17:36:05.637 D/VCodecVenc(  607): [L 324][EnqueInputBuffer]
09-18 17:36:05.645 I/kernel  ( 6938): [  232.906079]mtk_cfm: [_check_and_do_demod_init][417]
09-18 17:36:05.656 I/kernel  ( 6936): [  232.917366]cxd_tnr: [cxd_tnr_set_params][372] broadcastType:9 freq:2013000 bandwidth_hz:0 tvsystem:0
09-18 17:36:05.657 I/kernel  ( 6936): [  232.917774]cxd_tnr: :----------------------     TUNE (Tuner)      -------------------
09-18 17:36:05.657 I/kernel  ( 6936): [  232.917777]cxd_tnr: :                      | dtvSystem           | (sat)
09-18 17:36:05.657 I/kernel  ( 6936): [  232.917779]cxd_tnr: :                      | frequency           | 2013000 kHz
09-18 17:36:05.657 I/kernel  ( 6936): [  232.917782]cxd_tnr: :                      | symbol rate         | 0 ksps
09-18 17:36:05.663 D/VCodecVencImpl(  607): [L 572][MtkVencSetConfig]
09-18 17:36:05.664 D/android.hardware.media.c2@1.1-mediatek(  607): [import_mtk_dtv_native_buffer(): 717] mst buffer is secure: 0
09-18 17:36:05.664 D/android.hardware.media.c2@1.1-mediatek(  607): [import_mtk_dtv_native_buffer(): 717] mst buffer is secure: 0
09-18 17:36:05.668 I/kernel  ( 6265): [  232.929522][MTK_V4L2] level=0 vidioc_venc_qbuf(),1318: [4] id=0 getdata FB(2088960,2) vb=000000000c42c7f0 pts=0
09-18 17:36:05.668 D/VCodecVenc(  607): [L 324][EnqueInputBuffer]
09-18 17:36:05.674 I/kernel  ( 6936): [  232.935378]cxd_tnr: Request Freq, 2013000 [kHz]; RSSI, -93210e-3 [dBm]; Symbol rate, 28859.9 [ksps];
09-18 17:36:05.674 I/kernel  ( 6936): [  232.935554]cxd_tnr: : PLL Lock (Tuner)     | PLL Lock (REG)      | reg:0x1d value=0x12
09-18 17:36:05.676 I/kernel  ( 6936): [  232.936728]cxd_tnr: : AGC (Tuner)          | IF AGC (REG)        | reg:0x5B value=0x1B
09-18 17:36:05.676 E/kernel  ( 6936): [  232.936736]cxd_tnr: [cxd_tnr_cfm_get_params][754] unknown 9
09-18 17:36:05.676 I/kernel  ( 6936): [  232.937038]cxd_dmd: :----------------------     TUNE (Demod)      -------------------
09-18 17:36:05.676 I/kernel  ( 6936): [  232.937042]cxd_dmd: :                      | delivery System(dvb)| 9
09-18 17:36:05.676 I/kernel  ( 6936): [  232.937473]cxd_dmd: :                      | frequency           | 2013000 kHz
09-18 17:36:05.678 I/kernel  ( 6940): [  232.939353]cxd_tnr: [cxd_tnr_set_params][372] broadcastType:9 freq:1087840 bandwidth_hz:0 tvsystem:0
09-18 17:36:05.678 I/kernel  ( 6938): [  232.939373]cxd_tnr: [cxd_tnr_set_params][372] broadcastType:9 freq:1471440 bandwidth_hz:0 tvsystem:0
09-18 17:36:05.679 I/kernel  ( 6940): [  232.940063]cxd_tnr: :----------------------     TUNE (Tuner)      -------------------
09-18 17:36:05.679 I/kernel  ( 6940): [  232.940071]cxd_tnr: :                      | dtvSystem           | (sat)
09-18 17:36:05.679 I/kernel  ( 6940): [  232.940073]cxd_tnr: :                      | frequency           | 1087840 kHz
09-18 17:36:05.679 I/kernel  ( 6940): [  232.940077]cxd_tnr: :                      | symbol rate         | 0 ksps
09-18 17:36:05.681 I/kernel  ( 6938): [  232.942161]cxd_tnr: :----------------------     TUNE (Tuner)      -------------------
09-18 17:36:05.681 I/kernel  ( 6938): [  232.942174]cxd_tnr: :                      | dtvSystem           | (sat)
09-18 17:36:05.681 I/kernel  ( 6938): [  232.942176]cxd_tnr: :                      | frequency           | 1471440 kHz
09-18 17:36:05.681 I/kernel  ( 6938): [  232.942180]cxd_tnr: :                      | symbol rate         | 0 ksps
09-18 17:36:05.689 I/kernel  ( 6936): [  232.950466]mtk_cfm: [cfm_tune][868] demod_result : 0
09-18 17:36:05.690 I/kernel  ( 6936): [  232.950796]mtk_cfm: [cfm_tune][896]E(status:0x0)
09-18 17:36:05.694 D/VCodecVencImpl(  607): [L 572][MtkVencSetConfig]
09-18 17:36:05.694 D/android.hardware.media.c2@1.1-mediatek(  607): [import_mtk_dtv_native_buffer(): 717] mst buffer is secure: 0
09-18 17:36:05.694 D/android.hardware.media.c2@1.1-mediatek(  607): [import_mtk_dtv_native_buffer(): 717] mst buffer is secure: 0
09-18 17:36:05.699 I/kernel  ( 6265): [  232.959837][MTK_V4L2] level=0 vidioc_venc_qbuf(),1318: [4] id=0 getdata FB(2088960,2) vb=000000000c42c7f0 pts=0
09-18 17:36:05.699 D/VCodecVenc(  607): [L 324][EnqueInputBuffer]
09-18 17:36:05.703 I/kernel  ( 6940): [  232.964658]cxd_tnr: Request Freq, 1087840 [kHz]; RSSI, -86110e-3 [dBm]; Symbol rate, 28859.9 [ksps];
09-18 17:36:05.704 I/kernel  ( 6940): [  232.964964]cxd_tnr: : PLL Lock (Tuner)     | PLL Lock (REG)      | reg:0x1d value=0x12
09-18 17:36:05.704 I/kernel  ( 6938): [  232.965132]cxd_tnr: Request Freq, 1471440 [kHz]; RSSI, -90870e-3 [dBm]; Symbol rate, 28859.9 [ksps];
09-18 17:36:05.705 I/kernel  ( 6938): [  232.965708]cxd_tnr: : PLL Lock (Tuner)     | PLL Lock (REG)      | reg:0x1d value=0x2
09-18 17:36:05.707 I/kernel  ( 6940): [  232.968229]cxd_tnr: : AGC (Tuner)          | IF AGC (REG)        | reg:0x5B value=0x28
09-18 17:36:05.707 E/kernel  ( 6940): [  232.968247]cxd_tnr: [cxd_tnr_cfm_get_params][754] unknown 9
09-18 17:36:05.707 I/kernel  ( 6940): [  232.968353]cxd_dmd: :----------------------     TUNE (Demod)      -------------------
09-18 17:36:05.707 I/kernel  ( 6940): [  232.968355]cxd_dmd: :                      | delivery System(dvb)| 9
09-18 17:36:05.707 I/kernel  ( 6938): [  232.968455]cxd_tnr: : AGC (Tuner)          | IF AGC (REG)        | reg:0x5B value=0x1E
09-18 17:36:05.707 E/kernel  ( 6938): [  232.968461]cxd_tnr: [cxd_tnr_cfm_get_params][754] unknown 9
09-18 17:36:05.707 I/kernel  ( 6938): [  232.968512]cxd_dmd: :----------------------     TUNE (Demod)      -------------------
09-18 17:36:05.707 I/kernel  ( 6938): [  232.968514]cxd_dmd: :                      | delivery System(dvb)| 9
