09-18 17:36:38.946 I/kernel  ( 6265): [  266.207385][MTK_V4L2] level=0 vidioc_venc_qbuf(),1318: [4] id=0 getdata FB(2088960,2) vb=000000000c42c7f0 pts=0
09-18 17:36:38.949 D/VCodecVenc(  607): [L 324][EnqueInputBuffer]
09-18 17:36:38.972 D/VCodecVencImpl(  607): [L 572][MtkVencSetConfig]
09-18 17:36:38.972 D/android.hardware.media.c2@1.1-mediatek(  607): [import_mtk_dtv_native_buffer(): 717] mst buffer is secure: 0
09-18 17:36:38.974 D/android.hardware.media.c2@1.1-mediatek(  607): [import_mtk_dtv_native_buffer(): 717] mst buffer is secure: 0
09-18 17:36:38.976 I/kernel  ( 6265): [  266.237647][MTK_V4L2] level=0 vidioc_venc_qbuf(),1318: [4] id=0 getdata FB(2088960,2) vb=000000000c42c7f0 pts=0
09-18 17:36:38.978 D/VCodecVenc(  607): [L 324][EnqueInputBuffer]
09-18 17:36:39.002 D/VCodecVencImpl(  607): [L 572][MtkVencSetConfig]
09-18 17:36:39.002 D/android.hardware.media.c2@1.1-mediatek(  607): [import_mtk_dtv_native_buffer(): 717] mst buffer is secure: 0
09-18 17:36:39.003 D/android.hardware.media.c2@1.1-mediatek(  607): [import_mtk_dtv_native_buffer(): 717] mst buffer is secure: 0
09-18 17:36:39.007 I/kernel  ( 6265): [  266.267935][MTK_V4L2] level=0 vidioc_venc_qbuf(),1318: [4] id=0 getdata FB(2088960,2) vb=000000000c42c7f0 pts=0
09-18 17:36:39.007 D/VCodecVenc(  607): [L 324][EnqueInputBuffer]
09-18 17:36:39.032 D/VCodecVencImpl(  607): [L 572][MtkVencSetConfig]
09-18 17:36:39.032 D/android.hardware.media.c2@1.1-mediatek(  607): [import_mtk_dtv_native_buffer(): 717] mst buffer is secure: 0
09-18 17:36:39.033 D/android.hardware.media.c2@1.1-mediatek(  607): [import_mtk_dtv_native_buffer(): 717] mst buffer is secure: 0
09-18 17:36:39.037 I/kernel  ( 6265): [  266.298322][MTK_V4L2] level=0 vidioc_venc_qbuf(),1318: [4] id=0 getdata FB(2088960,2) vb=000000000c42c7f0 pts=0
09-18 17:36:39.036 D/VCodecVenc(  607): [L 324][EnqueInputBuffer]
09-18 17:36:39.063 D/VCodecVencImpl(  607): [L 572][MtkVencSetConfig]
09-18 17:36:39.063 D/android.hardware.media.c2@1.1-mediatek(  607): [import_mtk_dtv_native_buffer(): 717] mst buffer is secure: 0
09-18 17:36:39.064 D/android.hardware.media.c2@1.1-mediatek(  607): [import_mtk_dtv_native_buffer(): 717] mst buffer is secure: 0
09-18 17:36:39.068 I/kernel  ( 6265): [  266.328672][MTK_V4L2] level=0 vidioc_venc_qbuf(),1318: [4] id=0 getdata FB(2088960,2) vb=000000000c42c7f0 pts=0
09-18 17:36:39.068 D/VCodecVenc(  607): [L 324][EnqueInputBuffer]
09-18 17:36:39.094 D/android.hardware.media.c2@1.1-mediatek(  607): [import_mtk_dtv_native_buffer(): 717] mst buffer is secure: 0
09-18 17:36:39.094 D/VCodecVencImpl(  607): [L 572][MtkVencSetConfig]
09-18 17:36:39.096 D/android.hardware.media.c2@1.1-mediatek(  607): [import_mtk_dtv_native_buffer(): 717] mst buffer is secure: 0
09-18 17:36:39.099 I/kernel  ( 6265): [  266.359816][MTK_V4L2] level=0 vidioc_venc_qbuf(),1318: [4] id=0 getdata FB(2088960,2) vb=000000000c42c7f0 pts=0
09-18 17:36:39.101 D/VCodecVenc(  607): [L 324][EnqueInputBuffer]
09-18 17:36:39.125 D/android.hardware.media.c2@1.1-mediatek(  607): [import_mtk_dtv_native_buffer(): 717] mst buffer is secure: 0
09-18 17:36:39.126 D/android.hardware.media.c2@1.1-mediatek(  607): [import_mtk_dtv_native_buffer(): 717] mst buffer is secure: 0
09-18 17:36:39.127 D/VCodecVencImpl(  607): [L 572][MtkVencSetConfig]
09-18 17:36:39.130 D/VCodecVenc(  607): [L 324][EnqueInputBuffer]
09-18 17:36:39.132 I/kernel  ( 6265): [  266.392801][MTK_V4L2] level=0 vidioc_venc_qbuf(),1318: [4] id=0 getdata FB(2088960,2) vb=000000000c42c7f0 pts=0
09-18 17:36:39.157 D/android.hardware.media.c2@1.1-mediatek(  607): [import_mtk_dtv_native_buffer(): 717] mst buffer is secure: 0
09-18 17:36:39.158 D/android.hardware.media.c2@1.1-mediatek(  607): [import_mtk_dtv_native_buffer(): 717] mst buffer is secure: 0
09-18 17:36:39.158 D/VCodecVencImpl(  607): [L 572][MtkVencSetConfig]
09-18 17:36:39.162 D/VCodecVenc(  607): [L 324][EnqueInputBuffer]
09-18 17:36:39.163 I/kernel  ( 6265): [  266.424385][MTK_V4L2] level=0 vidioc_venc_qbuf(),1318: [4] id=0 getdata FB(2088960,2) vb=000000000c42c7f0 pts=0
09-18 17:36:39.181 I/kernel  ( 2513): [  266.442457][A8303-1_Driver] addr:0x08,  i2c status:0x1b from 0x1b
09-18 17:36:39.189 D/VCodecVencImpl(  607): [L 572][MtkVencSetConfig]
09-18 17:36:39.189 D/android.hardware.media.c2@1.1-mediatek(  607): [import_mtk_dtv_native_buffer(): 717] mst buffer is secure: 0
09-18 17:36:39.191 D/android.hardware.media.c2@1.1-mediatek(  607): [import_mtk_dtv_native_buffer(): 717] mst buffer is secure: 0
09-18 17:36:39.194 I/kernel  ( 6265): [  266.455299][MTK_V4L2] level=0 vidioc_venc_qbuf(),1318: [4] id=0 getdata FB(2088960,2) vb=000000000c42c7f0 pts=0
09-18 17:36:39.196 D/VCodecVenc(  607): [L 324][EnqueInputBuffer]
09-18 17:36:39.220 D/VCodecVencImpl(  607): [L 572][MtkVencSetConfig]
09-18 17:36:39.220 D/android.hardware.media.c2@1.1-mediatek(  607): [import_mtk_dtv_native_buffer(): 717] mst buffer is secure: 0
09-18 17:36:39.221 D/android.hardware.media.c2@1.1-mediatek(  607): [import_mtk_dtv_native_buffer(): 717] mst buffer is secure: 0
09-18 17:36:39.225 I/kernel  ( 6265): [  266.486189][MTK_V4L2] level=0 vidioc_venc_qbuf(),1318: [4] id=0 getdata FB(2088960,2) vb=000000000c42c7f0 pts=0
09-18 17:36:39.224 D/VCodecVenc(  607): [L 324][EnqueInputBuffer]
09-18 17:36:39.250 D/VCodecVencImpl(  607): [L 572][MtkVencSetConfig]
09-18 17:36:39.250 D/android.hardware.media.c2@1.1-mediatek(  607): [import_mtk_dtv_native_buffer(): 717] mst buffer is secure: 0
09-18 17:36:39.251 D/android.hardware.media.c2@1.1-mediatek(  607): [import_mtk_dtv_native_buffer(): 717] mst buffer is secure: 0
09-18 17:36:39.255 I/kernel  ( 6265): [  266.516365][MTK_V4L2] level=0 vidioc_venc_qbuf(),1318: [4] id=0 getdata FB(2088960,2) vb=000000000c42c7f0 pts=0
09-18 17:36:39.255 D/VCodecVenc(  607): [L 324][EnqueInputBuffer]
09-18 17:36:39.281 D/VCodecVencImpl(  607): [L 572][MtkVencSetConfig]
09-18 17:36:39.281 D/android.hardware.media.c2@1.1-mediatek(  607): [import_mtk_dtv_native_buffer(): 717] mst buffer is secure: 0
09-18 17:36:39.283 D/android.hardware.media.c2@1.1-mediatek(  607): [import_mtk_dtv_native_buffer(): 717] mst buffer is secure: 0
09-18 17:36:39.286 I/kernel  ( 6265): [  266.546701][MTK_V4L2] level=0 vidioc_venc_qbuf(),1318: [4] id=0 getdata FB(2088960,2) vb=000000000c42c7f0 pts=0
09-18 17:36:39.286 D/VCodecVenc(  607): [L 324][EnqueInputBuffer]
09-18 17:36:39.288 I/kernel  (  587): [  266.549148][wlan][587]scanAddToBssDesc:(SCN STATE) IE_PriCh:65 mismatch with RXD_ChNum:69
09-18 17:36:39.300 D/CompatibilityChangeReporter(  733): Compat change id reported: 171306433; UID 1000; state: ENABLED
09-18 17:36:39.311 D/VCodecVencImpl(  607): [L 572][MtkVencSetConfig]
09-18 17:36:39.313 D/android.hardware.media.c2@1.1-mediatek(  607): [import_mtk_dtv_native_buffer(): 717] mst buffer is secure: 0
09-18 17:36:39.314 D/android.hardware.media.c2@1.1-mediatek(  607): [import_mtk_dtv_native_buffer(): 717] mst buffer is secure: 0
09-18 17:36:39.316 I/kernel  ( 6265): [  266.577175][MTK_V4L2] level=0 vidioc_venc_qbuf(),1318: [4] id=0 getdata FB(2088960,2) vb=000000000c42c7f0 pts=0
09-18 17:36:39.317 D/VCodecVenc(  607): [L 324][EnqueInputBuffer]
09-18 17:36:39.330 W/WhiteListChecker( 2248): status is ready, but white list is not loaded.
09-18 17:36:39.342 D/VCodecVencImpl(  607): [L 572][MtkVencSetConfig]
09-18 17:36:39.343 D/android.hardware.media.c2@1.1-mediatek(  607): [import_mtk_dtv_native_buffer(): 717] mst buffer is secure: 0
09-18 17:36:39.344 D/android.hardware.media.c2@1.1-mediatek(  607): [import_mtk_dtv_native_buffer(): 717] mst buffer is secure: 0
09-18 17:36:39.346 I/kernel  ( 6265): [  266.607582][MTK_V4L2] level=0 vidioc_venc_qbuf(),1318: [4] id=0 getdata FB(2088960,2) vb=000000000c42c7f0 pts=0
09-18 17:36:39.349 D/VCodecVenc(  607): [L 324][EnqueInputBuffer]
09-18 17:36:39.372 D/VCodecVencImpl(  607): [L 572][MtkVencSetConfig]
09-18 17:36:39.372 D/android.hardware.media.c2@1.1-mediatek(  607): [import_mtk_dtv_native_buffer(): 717] mst buffer is secure: 0
09-18 17:36:39.372 D/android.hardware.media.c2@1.1-mediatek(  607): [import_mtk_dtv_native_buffer(): 717] mst buffer is secure: 0
09-18 17:36:39.377 I/kernel  ( 6265): [  266.637999][MTK_V4L2] level=0 vidioc_venc_qbuf(),1318: [4] id=0 getdata FB(2088960,2) vb=000000000c42c7f0 pts=0
09-18 17:36:39.376 D/VCodecVenc(  607): [L 324][EnqueInputBuffer]
09-18 17:36:39.390 I/kernel  (  587): [  266.651586][wlan][587]scanAddToBssDesc:(SCN STATE) IE_PriCh:65 mismatch with RXD_ChNum:85
09-18 17:36:39.401 E/<MI3>   (  636): <ERR>_MI_TUNER_GetLock[4279]: [_MI_TUNER_GetLock][4279] *peLockStatus =  E_MI_TUNER_UNLOCK@!!!
09-18 17:36:39.402 D/VCodecVencImpl(  607): [L 572][MtkVencSetConfig]
09-18 17:36:39.402 D/android.hardware.media.c2@1.1-mediatek(  607): [import_mtk_dtv_native_buffer(): 717] mst buffer is secure: 0
09-18 17:36:39.403 D/android.hardware.media.c2@1.1-mediatek(  607): [import_mtk_dtv_native_buffer(): 717] mst buffer is secure: 0
09-18 17:36:39.407 I/kernel  ( 6265): [  266.668664][MTK_V4L2] level=0 vidioc_venc_qbuf(),1318: [4] id=0 getdata FB(2088960,2) vb=000000000c42c7f0 pts=0
09-18 17:36:39.408 D/MediaTvTuner( 2016): Got event from tuning. Event type: 1 for android.media.tv.tuner.Tuner@f1fe9e2
09-18 17:36:39.408 D/MediaTvTuner( 2016): Wrote Stats Log for the events from tuning.
09-18 17:36:39.408 D/VCodecVenc(  607): [L 324][EnqueInputBuffer]
09-18 17:36:39.408 I/JpTis_IsdbSFrontendTuneImpl@9( 2016): onTuneEvent() tuneEvent:1
09-18 17:36:39.412 E/<MI3>   (  636): <ERR>_MI_TUNER_GetLock[4279]: [_MI_TUNER_GetLock][4279] *peLockStatus =  E_MI_TUNER_UNLOCK@!!!
09-18 17:36:39.423 E/<MI3>   (  636): <ERR>_MI_TUNER_GetLock[4279]: [_MI_TUNER_GetLock][4279] *peLockStatus =  E_MI_TUNER_UNLOCK@!!!
09-18 17:36:39.433 D/VCodecVencImpl(  607): [L 572][MtkVencSetConfig]
09-18 17:36:39.433 D/android.hardware.media.c2@1.1-mediatek(  607): [import_mtk_dtv_native_buffer(): 717] mst buffer is secure: 0
09-18 17:36:39.433 D/android.hardware.media.c2@1.1-mediatek(  607): [import_mtk_dtv_native_buffer(): 717] mst buffer is secure: 0
09-18 17:36:39.435 E/<MI3>   (  636): <ERR>_MI_TUNER_GetLock[4279]: [_MI_TUNER_GetLock][4279] *peLockStatus =  E_MI_TUNER_UNLOCK@!!!
09-18 17:36:39.438 I/kernel  ( 6265): [  266.698937][MTK_V4L2] level=0 vidioc_venc_qbuf(),1318: [4] id=0 getdata FB(2088960,2) vb=000000000c42c7f0 pts=0
09-18 17:36:39.437 D/VCodecVenc(  607): [L 324][EnqueInputBuffer]
09-18 17:36:39.446 E/<MI3>   (  636): <ERR>_MI_TUNER_GetLock[4279]: [_MI_TUNER_GetLock][4279] *peLockStatus =  E_MI_TUNER_UNLOCK@!!!
09-18 17:36:39.458 E/<MI3>   (  636): <ERR>_MI_TUNER_GetLock[4279]: [_MI_TUNER_GetLock][4279] *peLockStatus =  E_MI_TUNER_UNLOCK@!!!
09-18 17:36:39.464 D/android.hardware.media.c2@1.1-mediatek(  607): [import_mtk_dtv_native_buffer(): 717] mst buffer is secure: 0
09-18 17:36:39.464 D/android.hardware.media.c2@1.1-mediatek(  607): [import_mtk_dtv_native_buffer(): 717] mst buffer is secure: 0
09-18 17:36:39.465 D/VCodecVencImpl(  607): [L 572][MtkVencSetConfig]
09-18 17:36:39.470 I/kernel  (  587): [  266.730913][wlan][587]scnFsmSteps:(SCN STATE) [SCAN]TRANSITION: [SCANNING] -> [SCANNING]
09-18 17:36:39.470 I/kernel  ( 6265): [  266.731337][MTK_V4L2] level=0 vidioc_venc_qbuf(),1318: [4] id=0 getdata FB(2088960,2) vb=000000000c42c7f0 pts=0
09-18 17:36:39.468 D/VCodecVenc(  607): [L 324][EnqueInputBuffer]
09-18 17:36:39.469 E/<MI3>   (  636): <ERR>_MI_TUNER_GetLock[4279]: [_MI_TUNER_GetLock][4279] *peLockStatus =  E_MI_TUNER_UNLOCK@!!!
09-18 17:36:39.480 E/<MI3>   (  636): <ERR>_MI_TUNER_GetLock[4279]: [_MI_TUNER_GetLock][4279] *peLockStatus =  E_MI_TUNER_UNLOCK@!!!
09-18 17:36:39.491 E/<MI3>   (  636): <ERR>_MI_TUNER_GetLock[4279]: [_MI_TUNER_GetLock][4279] *peLockStatus =  E_MI_TUNER_UNLOCK@!!!
09-18 17:36:39.496 D/VCodecVencImpl(  607): [L 572][MtkVencSetConfig]
09-18 17:36:39.497 D/android.hardware.media.c2@1.1-mediatek(  607): [import_mtk_dtv_native_buffer(): 717] mst buffer is secure: 0
09-18 17:36:39.497 D/android.hardware.media.c2@1.1-mediatek(  607): [import_mtk_dtv_native_buffer(): 717] mst buffer is secure: 0
09-18 17:36:39.501 I/kernel  ( 6265): [  266.762411][MTK_V4L2] level=0 vidioc_venc_qbuf(),1318: [4] id=0 getdata FB(2088960,2) vb=000000000c42c7f0 pts=0
09-18 17:36:39.501 D/VCodecVenc(  607): [L 324][EnqueInputBuffer]
09-18 17:36:39.502 E/<MI3>   (  636): <ERR>_MI_TUNER_GetLock[4279]: [_MI_TUNER_GetLock][4279] *peLockStatus =  E_MI_TUNER_UNLOCK@!!!
09-18 17:36:39.513 E/<MI3>   (  636): <ERR>_MI_TUNER_GetLock[4279]: [_MI_TUNER_GetLock][4279] *peLockStatus =  E_MI_TUNER_UNLOCK@!!!
09-18 17:36:39.525 E/<MI3>   (  636): <ERR>_MI_TUNER_GetLock[4279]: [_MI_TUNER_GetLock][4279] *peLockStatus =  E_MI_TUNER_UNLOCK@!!!
09-18 17:36:39.527 D/VCodecVencImpl(  607): [L 572][MtkVencSetConfig]
09-18 17:36:39.532 I/kernel  ( 6265): [  266.792790][MTK_V4L2] level=0 vidioc_venc_qbuf(),1318: [4] id=0 getdata FB(2088960,2) vb=000000000c42c7f0 pts=0
09-18 17:36:39.527 D/android.hardware.media.c2@1.1-mediatek(  607): [import_mtk_dtv_native_buffer(): 717] mst buffer is secure: 0
09-18 17:36:39.528 D/android.hardware.media.c2@1.1-mediatek(  607): [import_mtk_dtv_native_buffer(): 717] mst buffer is secure: 0
09-18 17:36:39.533 D/VCodecVenc(  607): [L 324][EnqueInputBuffer]
09-18 17:36:39.536 E/<MI3>   (  636): <ERR>_MI_TUNER_GetLock[4279]: [_MI_TUNER_GetLock][4279] *peLockStatus =  E_MI_TUNER_UNLOCK@!!!
09-18 17:36:39.547 E/<MI3>   (  636): <ERR>_MI_TUNER_GetLock[4279]: [_MI_TUNER_GetLock][4279] *peLockStatus =  E_MI_TUNER_UNLOCK@!!!
09-18 17:36:39.558 D/VCodecVencImpl(  607): [L 572][MtkVencSetConfig]
09-18 17:36:39.558 E/<MI3>   (  636): <ERR>_MI_TUNER_GetLock[4279]: [_MI_TUNER_GetLock][4279] *peLockStatus =  E_MI_TUNER_UNLOCK@!!!
09-18 17:36:39.558 D/android.hardware.media.c2@1.1-mediatek(  607): [import_mtk_dtv_native_buffer(): 717] mst buffer is secure: 0
09-18 17:36:39.560 D/android.hardware.media.c2@1.1-mediatek(  607): [import_mtk_dtv_native_buffer(): 717] mst buffer is secure: 0
09-18 17:36:39.563 I/kernel  ( 6265): [  266.824223][MTK_V4L2] level=0 vidioc_venc_qbuf(),1318: [4] id=0 getdata FB(2088960,2) vb=000000000c42c7f0 pts=0
09-18 17:36:39.567 D/VCodecVenc(  607): [L 324][EnqueInputBuffer]
09-18 17:36:39.570 E/<MI3>   (  636): <ERR>_MI_TUNER_GetLock[4279]: [_MI_TUNER_GetLock][4279] *peLockStatus =  E_MI_TUNER_UNLOCK@!!!
09-18 17:36:39.581 E/<MI3>   (  636): <ERR>_MI_TUNER_GetLock[4279]: [_MI_TUNER_GetLock][4279] *peLockStatus =  E_MI_TUNER_UNLOCK@!!!
09-18 17:36:39.584 V/HotPlugDetectionAction(  733): Poll all devices.
09-18 17:36:39.589 D/VCodecVencImpl(  607): [L 572][MtkVencSetConfig]
09-18 17:36:39.589 D/android.hardware.media.c2@1.1-mediatek(  607): [import_mtk_dtv_native_buffer(): 717] mst buffer is secure: 0
09-18 17:36:39.590 D/android.hardware.media.c2@1.1-mediatek(  607): [import_mtk_dtv_native_buffer(): 717] mst buffer is secure: 0
09-18 17:36:39.593 E/<MI3>   (  636): <ERR>_MI_TUNER_GetLock[4279]: [_MI_TUNER_GetLock][4279] *peLockStatus =  E_MI_TUNER_UNLOCK@!!!
09-18 17:36:39.593 D/VCodecVenc(  607): [L 324][EnqueInputBuffer]
09-18 17:36:39.594 I/kernel  ( 6265): [  266.855485][MTK_V4L2] level=0 vidioc_venc_qbuf(),1318: [4] id=0 getdata FB(2088960,2) vb=000000000c42c7f0 pts=0
09-18 17:36:39.605 E/<MI3>   (  636): <ERR>_MI_TUNER_GetLock[4279]: [_MI_TUNER_GetLock][4279] *peLockStatus =  E_MI_TUNER_UNLOCK@!!!
09-18 17:36:39.616 E/<MI3>   (  636): <ERR>_MI_TUNER_GetLock[4279]: [_MI_TUNER_GetLock][4279] *peLockStatus =  E_MI_TUNER_UNLOCK@!!!
09-18 17:36:39.620 D/VCodecVencImpl(  607): [L 572][MtkVencSetConfig]
09-18 17:36:39.620 D/android.hardware.media.c2@1.1-mediatek(  607): [import_mtk_dtv_native_buffer(): 717] mst buffer is secure: 0
09-18 17:36:39.625 I/kernel  ( 6265): [  266.885730][MTK_V4L2] level=0 vidioc_venc_qbuf(),1318: [4] id=0 getdata FB(2088960,2) vb=000000000c42c7f0 pts=0
09-18 17:36:39.622 D/android.hardware.media.c2@1.1-mediatek(  607): [import_mtk_dtv_native_buffer(): 717] mst buffer is secure: 0
09-18 17:36:39.625 D/VCodecVenc(  607): [L 324][EnqueInputBuffer]
09-18 17:36:39.628 E/<MI3>   (  636): <ERR>_MI_TUNER_GetLock[4279]: [_MI_TUNER_GetLock][4279] *peLockStatus =  E_MI_TUNER_UNLOCK@!!!
09-18 17:36:39.640 E/<MI3>   (  636): <ERR>_MI_TUNER_GetLock[4279]: [_MI_TUNER_GetLock][4279] *peLockStatus =  E_MI_TUNER_UNLOCK@!!!
09-18 17:36:39.650 D/VCodecVencImpl(  607): [L 572][MtkVencSetConfig]
09-18 17:36:39.650 D/android.hardware.media.c2@1.1-mediatek(  607): [import_mtk_dtv_native_buffer(): 717] mst buffer is secure: 0
09-18 17:36:39.650 D/android.hardware.media.c2@1.1-mediatek(  607): [import_mtk_dtv_native_buffer(): 717] mst buffer is secure: 0
09-18 17:36:39.651 E/<MI3>   (  636): <ERR>_MI_TUNER_GetLock[4279]: [_MI_TUNER_GetLock][4279] *peLockStatus =  E_MI_TUNER_UNLOCK@!!!
09-18 17:36:39.654 D/VCodecVenc(  607): [L 324][EnqueInputBuffer]
09-18 17:36:39.655 I/kernel  ( 6265): [  266.915871][MTK_V4L2] level=0 vidioc_venc_qbuf(),1318: [4] id=0 getdata FB(2088960,2) vb=000000000c42c7f0 pts=0
09-18 17:36:39.663 E/<MI3>   (  636): <ERR>_MI_TUNER_GetLock[4279]: [_MI_TUNER_GetLock][4279] *peLockStatus =  E_MI_TUNER_UNLOCK@!!!
09-18 17:36:39.674 E/<MI3>   (  636): <ERR>_MI_TUNER_GetLock[4279]: [_MI_TUNER_GetLock][4279] *peLockStatus =  E_MI_TUNER_UNLOCK@!!!
09-18 17:36:39.680 D/VCodecVencImpl(  607): [L 572][MtkVencSetConfig]
09-18 17:36:39.680 D/android.hardware.media.c2@1.1-mediatek(  607): [import_mtk_dtv_native_buffer(): 717] mst buffer is secure: 0
09-18 17:36:39.681 D/android.hardware.media.c2@1.1-mediatek(  607): [import_mtk_dtv_native_buffer(): 717] mst buffer is secure: 0
09-18 17:36:39.685 I/kernel  ( 6265): [  266.946283][MTK_V4L2] level=0 vidioc_venc_qbuf(),1318: [4] id=0 getdata FB(2088960,2) vb=000000000c42c7f0 pts=0
09-18 17:36:39.685 D/VCodecVenc(  607): [L 324][EnqueInputBuffer]
09-18 17:36:39.685 E/<MI3>   (  636): <ERR>_MI_TUNER_GetLock[4279]: [_MI_TUNER_GetLock][4279] *peLockStatus =  E_MI_TUNER_UNLOCK@!!!
09-18 17:36:39.696 E/<MI3>   (  636): <ERR>_MI_TUNER_GetLock[4279]: [_MI_TUNER_GetLock][4279] *peLockStatus =  E_MI_TUNER_UNLOCK@!!!
09-18 17:36:39.708 E/<MI3>   (  636): <ERR>_MI_TUNER_GetLock[4279]: [_MI_TUNER_GetLock][4279] *peLockStatus =  E_MI_TUNER_UNLOCK@!!!
09-18 17:36:39.710 D/VCodecVencImpl(  607): [L 572][MtkVencSetConfig]
09-18 17:36:39.711 D/android.hardware.media.c2@1.1-mediatek(  607): [import_mtk_dtv_native_buffer(): 717] mst buffer is secure: 0
09-18 17:36:39.713 D/android.hardware.media.c2@1.1-mediatek(  607): [import_mtk_dtv_native_buffer(): 717] mst buffer is secure: 0
09-18 17:36:39.715 I/kernel  ( 6265): [  266.976609][MTK_V4L2] level=0 vidioc_venc_qbuf(),1318: [4] id=0 getdata FB(2088960,2) vb=000000000c42c7f0 pts=0
09-18 17:36:39.717 D/VCodecVenc(  607): [L 324][EnqueInputBuffer]
09-18 17:36:39.720 E/<MI3>   (  636): <ERR>_MI_TUNER_GetLock[4279]: [_MI_TUNER_GetLock][4279] *peLockStatus =  E_MI_TUNER_UNLOCK@!!!
09-18 17:36:39.731 E/<MI3>   (  636): <ERR>_MI_TUNER_GetLock[4279]: [_MI_TUNER_GetLock][4279] *peLockStatus =  E_MI_TUNER_UNLOCK@!!!
09-18 17:36:39.741 D/VCodecVencImpl(  607): [L 572][MtkVencSetConfig]
09-18 17:36:39.741 D/android.hardware.media.c2@1.1-mediatek(  607): [import_mtk_dtv_native_buffer(): 717] mst buffer is secure: 0
09-18 17:36:39.741 D/android.hardware.media.c2@1.1-mediatek(  607): [import_mtk_dtv_native_buffer(): 717] mst buffer is secure: 0
09-18 17:36:39.742 E/<MI3>   (  636): <ERR>_MI_TUNER_GetLock[4279]: [_MI_TUNER_GetLock][4279] *peLockStatus =  E_MI_TUNER_UNLOCK@!!!
09-18 17:36:39.746 I/kernel  ( 6265): [  267.007072][MTK_V4L2] level=0 vidioc_venc_qbuf(),1318: [4] id=0 getdata FB(2088960,2) vb=000000000c42c7f0 pts=0
09-18 17:36:39.748 D/VCodecVenc(  607): [L 324][EnqueInputBuffer]
09-18 17:36:39.754 E/<MI3>   (  636): <ERR>_MI_TUNER_GetLock[4279]: [_MI_TUNER_GetLock][4279] *peLockStatus =  E_MI_TUNER_UNLOCK@!!!
09-18 17:36:39.765 E/<MI3>   (  636): <ERR>_MI_TUNER_GetLock[4279]: [_MI_TUNER_GetLock][4279] *peLockStatus =  E_MI_TUNER_UNLOCK@!!!
09-18 17:36:39.772 D/VCodecVencImpl(  607): [L 572][MtkVencSetConfig]
09-18 17:36:39.772 D/android.hardware.media.c2@1.1-mediatek(  607): [import_mtk_dtv_native_buffer(): 717] mst buffer is secure: 0
09-18 17:36:39.772 D/android.hardware.media.c2@1.1-mediatek(  607): [import_mtk_dtv_native_buffer(): 717] mst buffer is secure: 0
09-18 17:36:39.776 D/VCodecVenc(  607): [L 324][EnqueInputBuffer]
09-18 17:36:39.776 E/<MI3>   (  636): <ERR>_MI_TUNER_GetLock[4279]: [_MI_TUNER_GetLock][4279] *peLockStatus =  E_MI_TUNER_UNLOCK@!!!
09-18 17:36:39.777 I/kernel  ( 6265): [  267.037812][MTK_V4L2] level=0 vidioc_venc_qbuf(),1318: [4] id=0 getdata FB(2088960,2) vb=000000000c42c7f0 pts=0
09-18 17:36:39.781 D/wpa_supplicant( 1207): nl80211: Drv Event 103 (NL80211_CMD_VENDOR) received for wlan0
09-18 17:36:39.781 D/wpa_supplicant( 1207): nl80211: Vendor event: wiphy=0 vendor_id=0xce7 subcmd=153
09-18 17:36:39.781 D/WifiNl80211Manager(  733): Scan result ready event
09-18 17:36:39.781 D/wpa_supplicant( 1207): nl80211: Ignore unsupported vendor event
09-18 17:36:39.781 D/WifiNative(  733): Scan result ready event
09-18 17:36:39.781 D/wpa_supplicant( 1207): nl80211: Drv Event 103 (NL80211_CMD_VENDOR) received for wlan0
09-18 17:36:39.781 D/wpa_supplicant( 1207): nl80211: Vendor event: wiphy=0 vendor_id=0xce7 subcmd=12
09-18 17:36:39.781 D/wpa_supplicant( 1207): nl80211: Ignore unsupported vendor event
09-18 17:36:39.781 D/wpa_supplicant( 1207): nl80211: Drv Event 34 (NL80211_CMD_NEW_SCAN_RESULTS) received for wlan0
09-18 17:36:39.781 D/wpa_supplicant( 1207): wlan0: nl80211: New scan results available
09-18 17:36:39.781 D/wpa_supplicant( 1207): nl80211: Scan probed for SSID ''
09-18 17:36:39.781 D/wpa_supplicant( 1207): nl80211: Scan probed for SSID 'nonessid'
09-18 17:36:39.781 D/wpa_supplicant( 1207): nl80211: Scan included frequencies: 2412 2417 2422 2427 2432 2437 2442 2447 2452 2457 2462 2467 2472 5180 5200 5220 5240 5260 5280 5300 5320 5500 5520 5540 5560 5580 5600 5620 5640 5660 5680 5700 5720 5955 5975 5995 6015 6035 6055 6075 6095 6115 6135 6155 6175 6195 6215 6235 6255 6275 6295 6315 6335 6355 6375 6395 6415
09-18 17:36:39.781 D/wpa_supplicant( 1207): wlan0: Event SCAN_RESULTS (3) received
09-18 17:36:39.782 D/WifiHAL (  610): event received NL80211_CMD_VENDOR, vendor_id = 0xce7, subcmd = 0x99
09-18 17:36:39.782 D/WifiHAL (  610): event received NL80211_CMD_VENDOR, vendor_id = 0xce7, subcmd = 0xc
09-18 17:36:39.782 D/WifiHAL (  610): event received NL80211_CMD_NEW_SCAN_RESULTS
09-18 17:36:39.785 D/wpa_supplicant( 1207): nl80211: Received scan results (0 BSSes)
09-18 17:36:39.786 D/wpa_supplicant( 1207): wlan0: BSS: Start scan result update 30
09-18 17:36:39.786 D/wpa_supplicant( 1207): BSS: last_scan_res_used=0/256
09-18 17:36:39.786 D/wpa_supplicant( 1207): wlan0: New scan results available (own=0 ext=1)
09-18 17:36:39.786 D/wpa_supplicant( 1207): wlan0: Do not use results from externally requested scan operation for network selection
09-18 17:36:39.786 D/wpa_supplicant( 1207): RTM_NEWLINK: ifi_index=16 ifname=wlan0 wext ifi_family=0 ifi_flags=0x1003 ([UP])
09-18 17:36:39.786 D/InterfaceObserverInternal(  733): Received interfaceLinkStateChanged, iface=wlan0 up=false
09-18 17:36:39.786 D/InterfaceEventCallback(  733): onInterfaceLinkStateChanged, ifaceName=wlan0 up=false CurrentState=ConnectModeState
09-18 17:36:39.787 D/WifiNative(  733): interfaceLinkStateChanged: ifaceName=wlan0, mInterfaceId = 0, mIfaceMgr={0=Iface:{Name=wlan0,Id=0,Type=STA_CONNECTIVITY}}
09-18 17:36:39.787 I/netd    (  409): interfaceGetCfg(wlan0) -> {InterfaceConfigurationParcel{ifName: wlan0, hwAddr: 96:f3:15:9d:51:ce, ipv4Addr: 0.0.0.0, prefixLength: 0, flags: [up, broadcast, multicast]}} <0.31ms>
09-18 17:36:39.787 E/<MI3>   (  636): <ERR>_MI_TUNER_GetLock[4279]: [_MI_TUNER_GetLock][4279] *peLockStatus =  E_MI_TUNER_UNLOCK@!!!
09-18 17:36:39.789 V/WifiNative(  733): Interface status unchanged on Iface:{Name=wlan0,Id=0,Type=STA_CONNECTIVITY} from true, Ignoring...
09-18 17:36:39.783 I/kernel  (  587): [  267.044393][wlan][587]scnFsmSteps:(SCN STATE) [SCAN]TRANSITION: [SCANNING] -> [IDLE]
09-18 17:36:39.784 I/kernel  (  587): [  267.045192][wlan][587]aisFsmSteps:(AIS STATE) [AIS0] TRANSITION: [SCAN] -> [IDLE]
09-18 17:36:39.784 I/kernel  ( 1207): [  267.045459][wlan][1207]mtk_cfg_get_txpower:(REQ WARN) STA doesn't support this function
09-18 17:36:39.784 I/kernel  ( 1207): [  267.045642][wlan][1207]mtk_cfg_get_txpower:(REQ WARN) STA doesn't support this function
09-18 17:36:39.790 D/WifiNl80211Manager(  733): get 281 scan results from wificond
09-18 17:36:39.791 W/IE_Capabilities(  733): Unknown RSN cipher suite: 6ac0f00
09-18 17:36:39.791 W/IE_Capabilities(  733): Unknown RSN cipher suite: 6ac0f00
09-18 17:36:39.796 W/IE_Capabilities(  733): Unknown RSN cipher suite: 6ac0f00
09-18 17:36:39.796 W/IE_Capabilities(  733): Unknown RSN cipher suite: 6ac0f00
09-18 17:36:39.799 W/IE_Capabilities(  733): Unknown RSN cipher suite: 6ac0f00
09-18 17:36:39.799 E/<MI3>   (  636): <ERR>_MI_TUNER_GetLock[4279]: [_MI_TUNER_GetLock][4279] *peLockStatus =  E_MI_TUNER_UNLOCK@!!!
09-18 17:36:39.800 W/IE_Capabilities(  733): Unknown RSN cipher suite: 6ac0f00
09-18 17:36:39.800 W/IE_Capabilities(  733): Unknown RSN cipher suite: 6ac0f00
09-18 17:36:39.802 D/VCodecVencImpl(  607): [L 572][MtkVencSetConfig]
09-18 17:36:39.802 D/android.hardware.media.c2@1.1-mediatek(  607): [import_mtk_dtv_native_buffer(): 717] mst buffer is secure: 0
09-18 17:36:39.803 D/android.hardware.media.c2@1.1-mediatek(  607): [import_mtk_dtv_native_buffer(): 717] mst buffer is secure: 0
09-18 17:36:39.804 W/IE_Capabilities(  733): Unknown RSN cipher suite: 6ac0f00
09-18 17:36:39.804 W/IE_Capabilities(  733): Unknown RSN cipher suite: 6ac0f00
09-18 17:36:39.804 W/IE_Capabilities(  733): Unknown RSN cipher suite: 6ac0f00
09-18 17:36:39.804 W/IE_Capabilities(  733): Unknown RSN cipher suite: 6ac0f00
09-18 17:36:39.807 I/kernel  ( 6265): [  267.068266][MTK_V4L2] level=0 vidioc_venc_qbuf(),1318: [4] id=0 getdata FB(2088960,2) vb=000000000c42c7f0 pts=0
09-18 17:36:39.807 W/IE_Capabilities(  733): Unknown RSN cipher suite: 6ac0f00
09-18 17:36:39.808 D/VCodecVenc(  607): [L 324][EnqueInputBuffer]
09-18 17:36:39.809 W/IE_Capabilities(  733): Unknown RSN cipher suite: 6ac0f00
09-18 17:36:39.810 E/<MI3>   (  636): <ERR>_MI_TUNER_GetLock[4279]: [_MI_TUNER_GetLock][4279] *peLockStatus =  E_MI_TUNER_UNLOCK@!!!
09-18 17:36:39.815 W/IE_Capabilities(  733): Unknown RSN cipher suite: 6ac0f00
09-18 17:36:39.816 W/IE_Capabilities(  733): Unknown RSN cipher suite: 6ac0f00
09-18 17:36:39.821 E/<MI3>   (  636): <ERR>_MI_TUNER_GetLock[4279]: [_MI_TUNER_GetLock][4279] *peLockStatus =  E_MI_TUNER_UNLOCK@!!!
09-18 17:36:39.826 W/IE_Capabilities(  733): Unknown RSN cipher suite: 6ac0f00
09-18 17:36:39.829 W/IE_Capabilities(  733): Unknown RSN cipher suite: 6ac0f00
09-18 17:36:39.830 W/IE_Capabilities(  733): Unknown RSN cipher suite: 6ac0f00
09-18 17:36:39.832 E/<MI3>   (  636): <ERR>_MI_TUNER_GetLock[4279]: [_MI_TUNER_GetLock][4279] *peLockStatus =  E_MI_TUNER_UNLOCK@!!!
09-18 17:36:39.833 W/IE_Capabilities(  733): Unknown RSN cipher suite: 6ac0f00
09-18 17:36:39.834 D/VCodecVencImpl(  607): [L 572][MtkVencSetConfig]
09-18 17:36:39.834 D/android.hardware.media.c2@1.1-mediatek(  607): [import_mtk_dtv_native_buffer(): 717] mst buffer is secure: 0
09-18 17:36:39.834 D/android.hardware.media.c2@1.1-mediatek(  607): [import_mtk_dtv_native_buffer(): 717] mst buffer is secure: 0
09-18 17:36:39.834 W/IE_Capabilities(  733): Unknown RSN cipher suite: 6ac0f00
09-18 17:36:39.835 W/IE_Capabilities(  733): Unknown RSN cipher suite: 6ac0f00
09-18 17:36:39.835 D/WifiNative(  733): get 281 scan results from wificond
09-18 17:36:39.835 D/WificondScannerImpl(  733): Filtering out 70 scan results.
09-18 17:36:39.838 D/VCodecVenc(  607): [L 324][EnqueInputBuffer]
09-18 17:36:39.838 I/kernel  ( 6265): [  267.099554][MTK_V4L2] level=0 vidioc_venc_qbuf(),1318: [4] id=0 getdata FB(2088960,2) vb=000000000c42c7f0 pts=0
09-18 17:36:39.844 E/<MI3>   (  636): <ERR>_MI_TUNER_GetLock[4279]: [_MI_TUNER_GetLock][4279] *peLockStatus =  E_MI_TUNER_UNLOCK@!!!
09-18 17:36:39.855 E/<MI3>   (  636): <ERR>_MI_TUNER_GetLock[4279]: [_MI_TUNER_GetLock][4279] *peLockStatus =  E_MI_TUNER_UNLOCK@!!!
09-18 17:36:39.864 D/VCodecVencImpl(  607): [L 572][MtkVencSetConfig]
09-18 17:36:39.864 D/android.hardware.media.c2@1.1-mediatek(  607): [import_mtk_dtv_native_buffer(): 717] mst buffer is secure: 0
09-18 17:36:39.865 D/android.hardware.media.c2@1.1-mediatek(  607): [import_mtk_dtv_native_buffer(): 717] mst buffer is secure: 0
09-18 17:36:39.869 I/kernel  ( 6265): [  267.129910][MTK_V4L2] level=0 vidioc_venc_qbuf(),1318: [4] id=0 getdata FB(2088960,2) vb=000000000c42c7f0 pts=0
09-18 17:36:39.866 E/<MI3>   (  636): <ERR>_MI_TUNER_GetLock[4279]: [_MI_TUNER_GetLock][4279] *peLockStatus =  E_MI_TUNER_UNLOCK@!!!
09-18 17:36:39.869 D/VCodecVenc(  607): [L 324][EnqueInputBuffer]
09-18 17:36:39.879 E/<MI3>   (  636): <ERR>_MI_TUNER_GetLock[4279]: [_MI_TUNER_GetLock][4279] *peLockStatus =  E_MI_TUNER_UNLOCK@!!!
09-18 17:36:39.890 E/<MI3>   (  636): <ERR>_MI_TUNER_GetLock[4279]: [_MI_TUNER_GetLock][4279] *peLockStatus =  E_MI_TUNER_UNLOCK@!!!
09-18 17:36:39.895 D/VCodecVencImpl(  607): [L 572][MtkVencSetConfig]
09-18 17:36:39.896 D/android.hardware.media.c2@1.1-mediatek(  607): [import_mtk_dtv_native_buffer(): 717] mst buffer is secure: 0
09-18 17:36:39.896 D/android.hardware.media.c2@1.1-mediatek(  607): [import_mtk_dtv_native_buffer(): 717] mst buffer is secure: 0
09-18 17:36:39.900 I/kernel  ( 6265): [  267.160914][MTK_V4L2] level=0 vidioc_venc_qbuf(),1318: [4] id=0 getdata FB(2088960,2) vb=000000000c42c7f0 pts=0
09-18 17:36:39.901 D/VCodecVenc(  607): [L 324][EnqueInputBuffer]
09-18 17:36:39.903 E/<MI3>   (  636): <ERR>_MI_TUNER_GetLock[4279]: [_MI_TUNER_GetLock][4279] *peLockStatus =  E_MI_TUNER_UNLOCK@!!!
09-18 17:36:39.914 E/<MI3>   (  636): <ERR>_MI_TUNER_GetLock[4279]: [_MI_TUNER_GetLock][4279] *peLockStatus =  E_MI_TUNER_UNLOCK@!!!
09-18 17:36:39.925 E/<MI3>   (  636): <ERR>_MI_TUNER_GetLock[4279]: [_MI_TUNER_GetLock][4279] *peLockStatus =  E_MI_TUNER_UNLOCK@!!!
09-18 17:36:39.926 D/VCodecVencImpl(  607): [L 572][MtkVencSetConfig]
09-18 17:36:39.926 D/android.hardware.media.c2@1.1-mediatek(  607): [import_mtk_dtv_native_buffer(): 717] mst buffer is secure: 0
09-18 17:36:39.927 D/android.hardware.media.c2@1.1-mediatek(  607): [import_mtk_dtv_native_buffer(): 717] mst buffer is secure: 0
09-18 17:36:39.933 I/kernel  ( 6265): [  267.193915][MTK_V4L2] level=0 vidioc_venc_qbuf(),1318: [4] id=0 getdata FB(2088960,2) vb=000000000c42c7f0 pts=0
09-18 17:36:39.933 D/VCodecVenc(  607): [L 324][EnqueInputBuffer]
09-18 17:36:39.937 E/<MI3>   (  636): <ERR>_MI_TUNER_GetLock[4279]: [_MI_TUNER_GetLock][4279] *peLockStatus =  E_MI_TUNER_UNLOCK@!!!
09-18 17:36:39.949 E/<MI3>   (  636): <ERR>_MI_TUNER_GetLock[4279]: [_MI_TUNER_GetLock][4279] *peLockStatus =  E_MI_TUNER_UNLOCK@!!!
09-18 17:36:39.959 D/android.hardware.media.c2@1.1-mediatek(  607): [import_mtk_dtv_native_buffer(): 717] mst buffer is secure: 0
09-18 17:36:39.959 D/android.hardware.media.c2@1.1-mediatek(  607): [import_mtk_dtv_native_buffer(): 717] mst buffer is secure: 0
09-18 17:36:39.960 D/VCodecVencImpl(  607): [L 572][MtkVencSetConfig]
09-18 17:36:39.962 E/<MI3>   (  636): <ERR>_MI_TUNER_GetLock[4279]: [_MI_TUNER_GetLock][4279] *peLockStatus =  E_MI_TUNER_UNLOCK@!!!
09-18 17:36:39.965 I/kernel  ( 6265): [  267.225832][MTK_V4L2] level=0 vidioc_venc_qbuf(),1318: [4] id=0 getdata FB(2088960,2) vb=000000000c42c7f0 pts=0
09-18 17:36:39.968 D/VCodecVenc(  607): [L 324][EnqueInputBuffer]
09-18 17:36:39.974 E/<MI3>   (  636): <ERR>_MI_TUNER_GetLock[4279]: [_MI_TUNER_GetLock][4279] *peLockStatus =  E_MI_TUNER_UNLOCK@!!!
09-18 17:36:39.985 I/WifiScanningService(  733): singleScanResults: ClientInfo[uid=1000, package=com.android.tv.settings, com.android.server.wifi.scanner.WifiScannerInternal$ScanListener@79feaec],results=211
09-18 17:36:39.985 I/WifiScanningService(  733): singleScanResults: ClientInfo[uid=1000, package=android, com.android.server.wifi.scanner.WifiScannerInternal$ScanListener@128a337],results=211
09-18 17:36:39.985 E/<MI3>   (  636): <ERR>_MI_TUNER_GetLock[4279]: [_MI_TUNER_GetLock][4279] *peLockStatus =  E_MI_TUNER_UNLOCK@!!!
09-18 17:36:39.985 D/WifiScanRequestProxy(  733): Scan results received
09-18 17:36:39.985 I/WifiScanningService(  733): singleScanResults: ClientInfo[uid=1000, package=android, com.android.server.wifi.scanner.WifiScannerInternal$ScanListener@6841e0d],results=211
09-18 17:36:39.985 D/WifiScanRequestProxy(  733): Received 211 scan results
09-18 17:36:39.985 I/WifiScanningService(  733): singleScanResults: ClientInfo[uid=1000, package=android, com.android.server.wifi.scanner.WifiScannerInternal$ScanListener@f52f96b],results=211
09-18 17:36:39.986 I/WifiScanningService(  733): singleScanResults: ClientInfo[uid=10122, package=com.google.android.gms, android.net.wifi.IWifiScannerListener$Stub$Proxy@368ff3a],results=211
09-18 17:36:39.986 D/WifiHealthMonitor(  733):  2G scanResult count: 34, Above2g scanResult count: 177
09-18 17:36:39.986 I/ScanResultUtil####debug(  733): check createSecurityParamsBySecurityType
09-18 17:36:39.986 I/ScanResultUtil####debug(  733): call createSecurityParamsBySecurityType
09-18 17:36:39.986 I/SecurityParams####debug(  733): createWpa3PersonalParams
09-18 17:36:39.987 I/ScanResultUtil####debug(  733): check createSecurityParamsBySecurityType
09-18 17:36:39.987 I/ScanResultUtil####debug(  733): call createSecurityParamsBySecurityType
09-18 17:36:39.987 I/SecurityParams####debug(  733): createWpa3PersonalParams
09-18 17:36:39.987 I/ScanResultUtil####debug(  733): check createSecurityParamsBySecurityType
09-18 17:36:39.987 I/ScanResultUtil####debug(  733): call createSecurityParamsBySecurityType
09-18 17:36:39.987 I/SecurityParams####debug(  733): createWpa3PersonalParams
09-18 17:36:39.987 I/ScanResultUtil####debug(  733): check createSecurityParamsBySecurityType
09-18 17:36:39.987 I/ScanResultUtil####debug(  733): call createSecurityParamsBySecurityType
09-18 17:36:39.987 V/WifiPickerTracker( 1493): Received broadcast: android.net.wifi.SCAN_RESULTS
09-18 17:36:39.988 I/WifiService(  733): getWifiEnabledState uid=1000 state=3
09-18 17:36:39.988 I/SecurityParams####debug(  733): createWpa3PersonalParams
09-18 17:36:39.988 I/WifiService(  733): getScanResults uid=1000
09-18 17:36:39.988 I/ScanResultUtil####debug(  733): check createSecurityParamsBySecurityType
09-18 17:36:39.988 I/ScanResultUtil####debug(  733): call createSecurityParamsBySecurityType
09-18 17:36:39.988 I/SecurityParams####debug(  733): createWpa3PersonalParams
09-18 17:36:39.988 I/ScanResultUtil####debug(  733): check createSecurityParamsBySecurityType
09-18 17:36:39.988 I/ScanResultUtil####debug(  733): call createSecurityParamsBySecurityType
09-18 17:36:39.988 I/SecurityParams####debug(  733): createWpa3PersonalParams
09-18 17:36:39.989 I/ScanResultUtil####debug(  733): check createSecurityParamsBySecurityType
09-18 17:36:39.989 I/ScanResultUtil####debug(  733): call createSecurityParamsBySecurityType
09-18 17:36:39.989 I/SecurityParams####debug(  733): createWpa3PersonalParams
09-18 17:36:39.989 I/ScanResultUtil####debug(  733): check createSecurityParamsBySecurityType
09-18 17:36:39.995 I/kernel  ( 6265): [  267.256277][MTK_V4L2] level=0 vidioc_venc_qbuf(),1318: [4] id=0 getdata FB(2088960,2) vb=000000000c42c7f0 pts=0
09-18 17:36:39.989 I/ScanResultUtil####debug(  733): call createSecurityParamsBySecurityType
09-18 17:36:39.989 I/SecurityParams####debug(  733): createWpa3PersonalParams
09-18 17:36:39.989 I/ScanResultUtil####debug(  733): check createSecurityParamsBySecurityType
09-18 17:36:39.989 I/ScanResultUtil####debug(  733): call createSecurityParamsBySecurityType
09-18 17:36:39.989 I/SecurityParams####debug(  733): createWpa3PersonalParams
09-18 17:36:39.989 I/ScanResultUtil####debug(  733): check createSecurityParamsBySecurityType
09-18 17:36:39.989 I/ScanResultUtil####debug(  733): call createSecurityParamsBySecurityType
09-18 17:36:39.989 I/SecurityParams####debug(  733): createWpa3PersonalParams
09-18 17:36:39.989 I/ScanResultUtil####debug(  733): check createSecurityParamsBySecurityType
09-18 17:36:39.989 I/ScanResultUtil####debug(  733): call createSecurityParamsBySecurityType
09-18 17:36:39.989 I/SecurityParams####debug(  733): createWpa3PersonalParams
09-18 17:36:39.989 I/ScanResultUtil####debug(  733): check createSecurityParamsBySecurityType
09-18 17:36:39.989 I/ScanResultUtil####debug(  733): call createSecurityParamsBySecurityType
09-18 17:36:39.989 I/SecurityParams####debug(  733): createWpa3PersonalParams
09-18 17:36:39.989 I/ScanResultUtil####debug(  733): check createSecurityParamsBySecurityType
09-18 17:36:39.989 I/ScanResultUtil####debug(  733): call createSecurityParamsBySecurityType
09-18 17:36:39.989 I/SecurityParams####debug(  733): createWpa3PersonalParams
09-18 17:36:39.989 I/ScanResultUtil####debug(  733): check createSecurityParamsBySecurityType
09-18 17:36:39.989 I/ScanResultUtil####debug(  733): call createSecurityParamsBySecurityType
09-18 17:36:39.990 I/SecurityParams####debug(  733): createWpa3PersonalParams
09-18 17:36:39.990 I/ScanResultUtil####debug(  733): check createSecurityParamsBySecurityType
09-18 17:36:39.990 I/ScanResultUtil####debug(  733): check createSecurityParamsBySecurityType
09-18 17:36:39.990 I/ScanResultUtil####debug(  733): check createSecurityParamsBySecurityType
09-18 17:36:39.990 I/ScanResultUtil####debug(  733): call createSecurityParamsBySecurityType
09-18 17:36:39.990 I/SecurityParams####debug(  733): createWpa3PersonalParams
09-18 17:36:39.990 I/ScanResultUtil####debug(  733): check createSecurityParamsBySecurityType
09-18 17:36:39.990 I/ScanResultUtil####debug(  733): call createSecurityParamsBySecurityType
09-18 17:36:39.990 D/VCodecVencImpl(  607): [L 572][MtkVencSetConfig]
09-18 17:36:39.990 I/SecurityParams####debug(  733): createWpa3PersonalParams
09-18 17:36:39.991 D/android.hardware.media.c2@1.1-mediatek(  607): [import_mtk_dtv_native_buffer(): 717] mst buffer is secure: 0
09-18 17:36:39.991 D/android.hardware.media.c2@1.1-mediatek(  607): [import_mtk_dtv_native_buffer(): 717] mst buffer is secure: 0
09-18 17:36:39.996 D/VCodecVenc(  607): [L 324][EnqueInputBuffer]
09-18 17:36:39.997 E/<MI3>   (  636): <ERR>_MI_TUNER_GetLock[4279]: [_MI_TUNER_GetLock][4279] *peLockStatus =  E_MI_TUNER_UNLOCK@!!!
09-18 17:36:39.992 I/ScanResultUtil####debug(  733): check createSecurityParamsBySecurityType
09-18 17:36:40.004 I/WifiScanningService(  733): Unregistering listener= com.android.server.wifi.scanner.WifiScannerInternal$ScanListener@79feaec uid=1000 packageName=com.android.tv.settings workSource=WorkSource{1000}
09-18 17:36:40.004 I/ScanResultUtil####debug(  733): call createSecurityParamsBySecurityType
09-18 17:36:40.004 I/SecurityParams####debug(  733): createWpa3PersonalParams
09-18 17:36:40.004 I/ScanResultUtil####debug(  733): check createSecurityParamsBySecurityType
09-18 17:36:40.004 I/ScanResultUtil####debug(  733): call createSecurityParamsBySecurityType
09-18 17:36:40.004 I/SecurityParams####debug(  733): createWpa3PersonalParams
09-18 17:36:40.004 V/WifiConfigManager(  733): getSavedNetworkFromScanResult Found "HyokaT-Buffalo-B_2.4GHz"WPA_PSK for HyokaT-Buffalo-B_2.4GHz[[WPA2-PSK-CCMP][RSN-PSK-CCMP][ESS][WPS]]
09-18 17:36:40.004 I/ScanResultUtil####debug(  733): check createSecurityParamsBySecurityType
09-18 17:36:40.004 I/ScanResultUtil####debug(  733): call createSecurityParamsBySecurityType
09-18 17:36:40.004 I/SecurityParams####debug(  733): createWpa3PersonalParams
09-18 17:36:40.005 I/ScanResultUtil####debug(  733): check createSecurityParamsBySecurityType
09-18 17:36:40.005 I/ScanResultUtil####debug(  733): call createSecurityParamsBySecurityType
09-18 17:36:40.005 I/SecurityParams####debug(  733): createWpa3PersonalParams
09-18 17:36:40.005 I/ScanResultUtil####debug(  733): check createSecurityParamsBySecurityType
09-18 17:36:40.005 I/ScanResultUtil####debug(  733): call createSecurityParamsBySecurityType
09-18 17:36:40.005 I/SecurityParams####debug(  733): createWpa3PersonalParams
09-18 17:36:40.005 I/ScanResultUtil####debug(  733): check createSecurityParamsBySecurityType
09-18 17:36:40.005 I/ScanResultUtil####debug(  733): call createSecurityParamsBySecurityType
09-18 17:36:40.005 I/SecurityParams####debug(  733): createWpa3PersonalParams
09-18 17:36:40.005 I/ScanResultUtil####debug(  733): check createSecurityParamsBySecurityType
09-18 17:36:40.005 I/ScanResultUtil####debug(  733): call createSecurityParamsBySecurityType
09-18 17:36:40.005 I/SecurityParams####debug(  733): createWpa3PersonalParams
09-18 17:36:40.005 I/ScanResultUtil####debug(  733): check createSecurityParamsBySecurityType
09-18 17:36:40.005 I/ScanResultUtil####debug(  733): call createSecurityParamsBySecurityType
09-18 17:36:40.005 I/SecurityParams####debug(  733): createWpa3PersonalParams
09-18 17:36:40.005 I/ScanResultUtil####debug(  733): check createSecurityParamsBySecurityType
09-18 17:36:40.005 I/ScanResultUtil####debug(  733): call createSecurityParamsBySecurityType
09-18 17:36:40.005 I/SecurityParams####debug(  733): createWpa3PersonalParams
09-18 17:36:40.005 I/ScanResultUtil####debug(  733): check createSecurityParamsBySecurityType
09-18 17:36:40.005 I/ScanResultUtil####debug(  733): call createSecurityParamsBySecurityType
09-18 17:36:40.005 I/SecurityParams####debug(  733): createWpa3PersonalParams
09-18 17:36:40.005 I/ScanResultUtil####debug(  733): check createSecurityParamsBySecurityType
09-18 17:36:40.005 I/ScanResultUtil####debug(  733): call createSecurityParamsBySecurityType
09-18 17:36:40.005 I/SecurityParams####debug(  733): createWpa3PersonalParams
09-18 17:36:40.006 I/ScanResultUtil####debug(  733): check createSecurityParamsBySecurityType
09-18 17:36:40.006 I/ScanResultUtil####debug(  733): call createSecurityParamsBySecurityType
09-18 17:36:40.006 I/SecurityParams####debug(  733): createWpa3PersonalParams
09-18 17:36:40.006 I/ScanResultUtil####debug(  733): check createSecurityParamsBySecurityType
09-18 17:36:40.006 I/ScanResultUtil####debug(  733): call createSecurityParamsBySecurityType
09-18 17:36:40.006 I/SecurityParams####debug(  733): createWpa3PersonalParams
09-18 17:36:40.006 I/ScanResultUtil####debug(  733): check createSecurityParamsBySecurityType
09-18 17:36:40.006 I/ScanResultUtil####debug(  733): call createSecurityParamsBySecurityType
09-18 17:36:40.006 I/SecurityParams####debug(  733): createWpa3PersonalParams
09-18 17:36:40.006 I/ScanResultUtil####debug(  733): check createSecurityParamsBySecurityType
09-18 17:36:40.006 I/ScanResultUtil####debug(  733): call createSecurityParamsBySecurityType
09-18 17:36:40.006 I/SecurityParams####debug(  733): createWpa3PersonalParams
09-18 17:36:40.006 I/ScanResultUtil####debug(  733): check createSecurityParamsBySecurityType
09-18 17:36:40.006 I/ScanResultUtil####debug(  733): call createSecurityParamsBySecurityType
09-18 17:36:40.006 I/SecurityParams####debug(  733): createWpa3PersonalParams
09-18 17:36:40.006 I/ScanResultUtil####debug(  733): check createSecurityParamsBySecurityType
09-18 17:36:40.006 I/ScanResultUtil####debug(  733): call createSecurityParamsBySecurityType
09-18 17:36:40.006 I/SecurityParams####debug(  733): createWpa3PersonalParams
09-18 17:36:40.006 I/ScanResultUtil####debug(  733): check createSecurityParamsBySecurityType
09-18 17:36:40.006 I/ScanResultUtil####debug(  733): call createSecurityParamsBySecurityType
09-18 17:36:40.006 I/SecurityParams####debug(  733): createWpa3PersonalParams
09-18 17:36:40.006 I/ScanResultUtil####debug(  733): check createSecurityParamsBySecurityType
09-18 17:36:40.006 I/ScanResultUtil####debug(  733): call createSecurityParamsBySecurityType
09-18 17:36:40.006 I/SecurityParams####debug(  733): createWpa3PersonalParams
09-18 17:36:40.007 D/PasspointManager(  733): ANQP entry not found for: 38:97:a4:64:cb:55:<elecom-64cb54>
09-18 17:36:40.007 D/PasspointManager(  733): No service provider found for elecom-64cb54
09-18 17:36:40.007 I/ScanResultUtil####debug(  733): check createSecurityParamsBySecurityType
09-18 17:36:40.007 I/ScanResultUtil####debug(  733): call createSecurityParamsBySecurityType
09-18 17:36:40.007 I/SecurityParams####debug(  733): createWpa3PersonalParams
09-18 17:36:40.007 I/ScanResultUtil####debug(  733): check createSecurityParamsBySecurityType
09-18 17:36:40.007 I/ScanResultUtil####debug(  733): call createSecurityParamsBySecurityType
09-18 17:36:40.007 I/SecurityParams####debug(  733): createWpa3PersonalParams
09-18 17:36:40.007 I/ScanResultUtil####debug(  733): check createSecurityParamsBySecurityType
09-18 17:36:40.007 I/ScanResultUtil####debug(  733): call createSecurityParamsBySecurityType
09-18 17:36:40.009 I/SecurityParams####debug(  733): createWpa3PersonalParams
09-18 17:36:40.009 E/<MI3>   (  636): <ERR>_MI_TUNER_GetLock[4279]: [_MI_TUNER_GetLock][4279] *peLockStatus =  E_MI_TUNER_UNLOCK@!!!
09-18 17:36:40.009 I/ScanResultUtil####debug(  733): check createSecurityParamsBySecurityType
09-18 17:36:40.009 I/ScanResultUtil####debug(  733): call createSecurityParamsBySecurityType
09-18 17:36:40.009 I/SecurityParams####debug(  733): createWpa3PersonalParams
09-18 17:36:40.009 I/ScanResultUtil####debug(  733): check createSecurityParamsBySecurityType
09-18 17:36:40.009 I/ScanResultUtil####debug(  733): call createSecurityParamsBySecurityType
09-18 17:36:40.009 I/SecurityParams####debug(  733): createWpa3PersonalParams
09-18 17:36:40.009 I/ScanResultUtil####debug(  733): check createSecurityParamsBySecurityType
09-18 17:36:40.009 I/ScanResultUtil####debug(  733): call createSecurityParamsBySecurityType
09-18 17:36:40.009 I/SecurityParams####debug(  733): createWpa3PersonalParams
09-18 17:36:40.009 D/PasspointManager(  733): ANQP entry not found for: c4:3c:ea:6c:7b:99:<Buffalo-A-7B90>
09-18 17:36:40.009 D/PasspointManager(  733): No service provider found for Buffalo-A-7B90
09-18 17:36:40.009 I/ScanResultUtil####debug(  733): check createSecurityParamsBySecurityType
09-18 17:36:40.009 I/ScanResultUtil####debug(  733): call createSecurityParamsBySecurityType
09-18 17:36:40.009 I/SecurityParams####debug(  733): createWpa3PersonalParams
09-18 17:36:40.010 I/ScanResultUtil####debug(  733): check createSecurityParamsBySecurityType
09-18 17:36:40.010 I/ScanResultUtil####debug(  733): call createSecurityParamsBySecurityType
09-18 17:36:40.010 I/SecurityParams####debug(  733): createWpa3PersonalParams
09-18 17:36:40.010 I/ScanResultUtil####debug(  733): check createSecurityParamsBySecurityType
09-18 17:36:40.010 I/ScanResultUtil####debug(  733): call createSecurityParamsBySecurityType
09-18 17:36:40.010 I/SecurityParams####debug(  733): createWpa3PersonalParams
09-18 17:36:40.010 I/ScanResultUtil####debug(  733): check createSecurityParamsBySecurityType
09-18 17:36:40.010 I/ScanResultUtil####debug(  733): call createSecurityParamsBySecurityType
09-18 17:36:40.010 I/SecurityParams####debug(  733): createWpa3PersonalParams
09-18 17:36:40.010 I/ScanResultUtil####debug(  733): check createSecurityParamsBySecurityType
09-18 17:36:40.010 I/ScanResultUtil####debug(  733): call createSecurityParamsBySecurityType
09-18 17:36:40.010 I/SecurityParams####debug(  733): createWpa3PersonalParams
09-18 17:36:40.010 I/ScanResultUtil####debug(  733): check createSecurityParamsBySecurityType
09-18 17:36:40.010 I/ScanResultUtil####debug(  733): call createSecurityParamsBySecurityType
09-18 17:36:40.010 I/SecurityParams####debug(  733): createWpa3PersonalParams
09-18 17:36:40.010 I/ScanResultUtil####debug(  733): check createSecurityParamsBySecurityType
09-18 17:36:40.010 I/ScanResultUtil####debug(  733): call createSecurityParamsBySecurityType
09-18 17:36:40.011 I/SecurityParams####debug(  733): createWpa3PersonalParams
09-18 17:36:40.011 I/ScanResultUtil####debug(  733): check createSecurityParamsBySecurityType
09-18 17:36:40.011 I/ScanResultUtil####debug(  733): call createSecurityParamsBySecurityType
09-18 17:36:40.011 I/SecurityParams####debug(  733): createWpa3PersonalParams
09-18 17:36:40.011 I/ScanResultUtil####debug(  733): check createSecurityParamsBySecurityType
09-18 17:36:40.011 I/ScanResultUtil####debug(  733): call createSecurityParamsBySecurityType
09-18 17:36:40.011 I/SecurityParams####debug(  733): createWpa3PersonalParams
09-18 17:36:40.011 I/ScanResultUtil####debug(  733): check createSecurityParamsBySecurityType
09-18 17:36:40.011 I/ScanResultUtil####debug(  733): call createSecurityParamsBySecurityType
09-18 17:36:40.011 I/SecurityParams####debug(  733): createWpa3PersonalParams
09-18 17:36:40.011 I/ScanResultUtil####debug(  733): check createSecurityParamsBySecurityType
09-18 17:36:40.011 I/ScanResultUtil####debug(  733): call createSecurityParamsBySecurityType
09-18 17:36:40.011 I/SecurityParams####debug(  733): createWpa3PersonalParams
09-18 17:36:40.011 I/ScanResultUtil####debug(  733): check createSecurityParamsBySecurityType
09-18 17:36:40.011 I/ScanResultUtil####debug(  733): call createSecurityParamsBySecurityType
09-18 17:36:40.011 I/SecurityParams####debug(  733): createWpa3PersonalParams
09-18 17:36:40.011 I/ScanResultUtil####debug(  733): check createSecurityParamsBySecurityType
09-18 17:36:40.012 I/ScanResultUtil####debug(  733): call createSecurityParamsBySecurityType
09-18 17:36:40.012 I/SecurityParams####debug(  733): createWpa3PersonalParams
09-18 17:36:40.012 I/ScanResultUtil####debug(  733): check createSecurityParamsBySecurityType
09-18 17:36:40.012 I/ScanResultUtil####debug(  733): call createSecurityParamsBySecurityType
09-18 17:36:40.012 I/SecurityParams####debug(  733): createWpa3PersonalParams
09-18 17:36:40.012 I/ScanResultUtil####debug(  733): check createSecurityParamsBySecurityType
09-18 17:36:40.012 I/ScanResultUtil####debug(  733): call createSecurityParamsBySecurityType
