09-18 17:35:52.490 I/kernel  ( 6907): [  219.750752]mtk_cfm: [_convert_array_to_u16][282], testValue.element[i = 10] = [0x10], value = [0x12f6e]
09-18 17:35:52.490 I/kernel  ( 6907): [  219.750756]mtk_cfm: [_convert_array_to_u16][282], testValue.element[i = 11] = [0x12], value = [0x52f6e]
09-18 17:35:52.490 I/kernel  ( 6907): [  219.750759]mtk_cfm: [_convert_array_to_u16][282], testValue.element[i = 12] = [0x14], value = [0x152f6e]
09-18 17:35:52.490 I/kernel  ( 6907): [  219.750762]mtk_cfm: [_convert_array_to_u16][282], testValue.element[i = 13] = [0x15], value = [0x352f6e]
09-18 17:35:52.490 I/kernel  ( 6907): [  219.750765]mtk_cfm: [_convert_array_to_u16][282], testValue.element[i = 14] = [0x13], value = [0x3d2f6e]
09-18 17:35:52.490 I/kernel  ( 6907): [  219.750768]mtk_cfm: [_confirm_which_tuner_use][322], board_del_sys_capability = [0x3d2f6e]
09-18 17:35:52.490 I/kernel  ( 6907): [  219.750771]mtk_cfm: [_confirm_which_tuner_use][327], act_del_sys_capability = [0x3d2f6e]
09-18 17:35:52.490 I/kernel  ( 6907): [  219.750773]mtk_cfm: [_confirm_which_tuner_use][333], Correct to selected tuner index = [0]
09-18 17:35:52.490 I/kernel  ( 6907): [  219.750776]mtk_cfm: [cfm_tune][790],	tuner_idx_use = [0]
09-18 17:35:52.490 I/kernel  ( 6907): [  219.750779]mtk_cfm: [_confirm_which_demod_use][368]
09-18 17:35:52.490 I/kernel  ( 6907): [  219.750782]mtk_cfm: [cfm_tune][799], dmd_idx_use = [0]
09-18 17:35:52.490 I/kernel  ( 6907): [  219.750784]mtk_cfm: [_check_and_do_frontend_init][548]
09-18 17:35:52.490 I/kernel  ( 6907): [  219.750786]mtk_cfm: [_check_and_do_tuner_init][467]
09-18 17:35:52.490 D/VCodecVenc(  607): [L 324][EnqueInputBuffer]
09-18 17:35:52.495 E/<MI3>   (  636): <ERR>_MI_TUNER_GetLock[4279]: [_MI_TUNER_GetLock][4279] *peLockStatus =  E_MI_TUNER_UNLOCK@!!!
09-18 17:35:52.495 I/ScanResultUtil####debug( 1493): check createSecurityParamsBySecurityType
09-18 17:35:52.495 I/ScanResultUtil####debug( 1493): call createSecurityParamsBySecurityType
09-18 17:35:52.495 I/SecurityParams####debug( 1493): createWpa3PersonalParams
09-18 17:35:52.495 I/ScanResultUtil####debug( 1493): check createSecurityParamsBySecurityType
09-18 17:35:52.495 I/ScanResultUtil####debug( 1493): call createSecurityParamsBySecurityType
09-18 17:35:52.495 I/SecurityParams####debug( 1493): createWpa3PersonalParams
09-18 17:35:52.495 I/ScanResultUtil####debug( 1493): check createSecurityParamsBySecurityType
09-18 17:35:52.495 I/ScanResultUtil####debug( 1493): call createSecurityParamsBySecurityType
09-18 17:35:52.496 I/SecurityParams####debug( 1493): createWpa3PersonalParams
09-18 17:35:52.496 I/ScanResultUtil####debug( 1493): check createSecurityParamsBySecurityType
09-18 17:35:52.496 I/ScanResultUtil####debug( 1493): call createSecurityParamsBySecurityType
09-18 17:35:52.496 I/SecurityParams####debug( 1493): createWpa3PersonalParams
09-18 17:35:52.496 I/ScanResultUtil####debug( 1493): check createSecurityParamsBySecurityType
09-18 17:35:52.496 I/ScanResultUtil####debug( 1493): call createSecurityParamsBySecurityType
09-18 17:35:52.496 I/SecurityParams####debug( 1493): createWpa3PersonalParams
09-18 17:35:52.497 I/ScanResultUtil####debug( 1493): check createSecurityParamsBySecurityType
09-18 17:35:52.497 I/ScanResultUtil####debug( 1493): call createSecurityParamsBySecurityType
09-18 17:35:52.497 I/SecurityParams####debug( 1493): createWpa3PersonalParams
09-18 17:35:52.498 W/kernel  (  863): [  219.759549]mediatek,dvb-adapter mtk-dvb-adapter: DVB: adapter 0 frontend 0 frequency limits undefined - fix the driver
09-18 17:35:52.498 I/kernel  (  863): [  219.759566]mtk_cfm: [cfm_get_tune_settings][1149]
09-18 17:35:52.499 I/kernel  ( 6905): [  219.760034]mtk_cfm: [cfm_get_frontend_algo][1070]
09-18 17:35:52.499 I/kernel  ( 6905): [  219.760050]mtk_cfm: [cfm_tune][777]Start: re_tune = 1
09-18 17:35:52.499 I/kernel  ( 6905): [  219.760055]mtk_cfm: [_confirm_which_tuner_use][299]
09-18 17:35:52.499 I/kernel  ( 6905): [  219.760058]mtk_cfm: [_convert_array_to_u16][282], testValue.element[i = 0] = [0x1], value = [0x2]
09-18 17:35:52.499 I/kernel  ( 6905): [  219.760062]mtk_cfm: [_convert_array_to_u16][282], testValue.element[i = 1] = [0x2], value = [0x6]
09-18 17:35:52.499 I/kernel  ( 6905): [  219.760066]mtk_cfm: [_convert_array_to_u16][282], testValue.element[i = 2] = [0x3], value = [0xe]
09-18 17:35:52.499 I/kernel  ( 6905): [  219.760069]mtk_cfm: [_convert_array_to_u16][282], testValue.element[i = 3] = [0x5], value = [0x2e]
09-18 17:35:52.499 I/kernel  ( 6905): [  219.760073]mtk_cfm: [_convert_array_to_u16][282], testValue.element[i = 4] = [0x6], value = [0x6e]
09-18 17:35:52.499 I/kernel  (  862): [  219.760225]dvb_frontend: [dvb_frontend_handle_compat_ioctl][2580]((tvp + 0)->cmd):17
09-18 17:35:52.499 I/kernel  (  862): [  219.760235]mtk_cfm: [cfm_get_frontend][999]
09-18 17:35:52.499 I/kernel  ( 6905): [  219.760270]mtk_cfm: [_convert_array_to_u16][282], testValue.element[i = 5] = [0x8], value = [0x16e]
09-18 17:35:52.499 I/kernel  ( 6905): [  219.760275]mtk_cfm: [_convert_array_to_u16][282], testValue.element[i = 6] = [0x9], value = [0x36e]
09-18 17:35:52.499 I/kernel  ( 6905): [  219.760279]mtk_cfm: [_convert_array_to_u16][282], testValue.element[i = 7] = [0xa], value = [0x76e]
09-18 17:35:52.499 I/kernel  ( 6905): [  219.760282]mtk_cfm: [_convert_array_to_u16][282], testValue.element[i = 8] = [0xb], value = [0xf6e]
09-18 17:35:52.499 I/kernel  ( 6905): [  219.760286]mtk_cfm: [_convert_array_to_u16][282], testValue.element[i = 9] = [0xd], value = [0x2f6e]
09-18 17:35:52.499 I/kernel  ( 6905): [  219.760289]mtk_cfm: [_convert_array_to_u16][282], testValue.element[i = 10] = [0x10], value = [0x12f6e]
09-18 17:35:52.499 I/kernel  ( 6905): [  219.760293]mtk_cfm: [_convert_array_to_u16][282], testValue.element[i = 11] = [0x12], value = [0x52f6e]
09-18 17:35:52.499 I/kernel  ( 6905): [  219.760296]mtk_cfm: [_convert_array_to_u16][282], testValue.element[i = 12] = [0x14], value = [0x152f6e]
09-18 17:35:52.499 I/kernel  ( 6905): [  219.760299]mtk_cfm: [_convert_array_to_u16][282], testValue.element[i = 13] = [0x15], value = [0x352f6e]
09-18 17:35:52.499 I/kernel  ( 6905): [  219.760303]mtk_cfm: [_convert_array_to_u16][282], testValue.element[i = 14] = [0x13], value = [0x3d2f6e]
09-18 17:35:52.499 I/kernel  ( 6905): [  219.760306]mtk_cfm: [_confirm_which_tuner_use][322], board_del_sys_capability = [0x3d2f6e]
09-18 17:35:52.499 I/kernel  ( 6905): [  219.760308]mtk_cfm: [_confirm_which_tuner_use][327], act_del_sys_capability = [0x3d2f6e]
09-18 17:35:52.499 I/kernel  ( 6905): [  219.760311]mtk_cfm: [_confirm_which_tuner_use][333], Correct to selected tuner index = [0]
09-18 17:35:52.499 I/kernel  ( 6905): [  219.760314]mtk_cfm: [cfm_tune][790],	tuner_idx_use = [0]
09-18 17:35:52.499 I/kernel  ( 6905): [  219.760317]mtk_cfm: [_confirm_which_demod_use][368]
09-18 17:35:52.499 I/kernel  ( 6905): [  219.760320]mtk_cfm: [cfm_tune][799], dmd_idx_use = [0]
09-18 17:35:52.499 I/kernel  ( 6905): [  219.760322]mtk_cfm: [_check_and_do_frontend_init][548]
09-18 17:35:52.499 I/kernel  ( 6905): [  219.760325]mtk_cfm: [_check_and_do_tuner_init][467]
09-18 17:35:52.497 I/ScanResultUtil####debug( 1493): check createSecurityParamsBySecurityType
09-18 17:35:52.497 I/ScanResultUtil####debug( 1493): call createSecurityParamsBySecurityType
09-18 17:35:52.497 I/SecurityParams####debug( 1493): createWpa3PersonalParams
09-18 17:35:52.497 I/ScanResultUtil####debug( 1493): check createSecurityParamsBySecurityType
09-18 17:35:52.497 I/ScanResultUtil####debug( 1493): call createSecurityParamsBySecurityType
09-18 17:35:52.497 I/SecurityParams####debug( 1493): createWpa3PersonalParams
09-18 17:35:52.497 I/ScanResultUtil####debug( 1493): check createSecurityParamsBySecurityType
09-18 17:35:52.497 I/ScanResultUtil####debug( 1493): call createSecurityParamsBySecurityType
09-18 17:35:52.497 I/SecurityParams####debug( 1493): createWpa3PersonalParams
09-18 17:35:52.497 I/ScanResultUtil####debug( 1493): check createSecurityParamsBySecurityType
09-18 17:35:52.497 I/ScanResultUtil####debug( 1493): call createSecurityParamsBySecurityType
09-18 17:35:52.497 I/SecurityParams####debug( 1493): createWpa3PersonalParams
09-18 17:35:52.497 I/ScanResultUtil####debug( 1493): check createSecurityParamsBySecurityType
09-18 17:35:52.497 I/ScanResultUtil####debug( 1493): call createSecurityParamsBySecurityType
09-18 17:35:52.497 I/SecurityParams####debug( 1493): createWpa3PersonalParams
09-18 17:35:52.497 I/ScanResultUtil####debug( 1493): check createSecurityParamsBySecurityType
09-18 17:35:52.497 I/ScanResultUtil####debug( 1493): call createSecurityParamsBySecurityType
09-18 17:35:52.500 D/android.hardware.media.c2@1.1-mediatek(  607): [import_mtk_dtv_native_buffer(): 717] mst buffer is secure: 0
09-18 17:35:52.500 D/android.hardware.media.c2@1.1-mediatek(  607): [import_mtk_dtv_native_buffer(): 717] mst buffer is secure: 0
09-18 17:35:52.501 I/SecurityParams####debug( 1493): createWpa3PersonalParams
09-18 17:35:52.502 I/ScanResultUtil####debug( 1493): check createSecurityParamsBySecurityType
09-18 17:35:52.502 I/ScanResultUtil####debug( 1493): check createSecurityParamsBySecurityType
09-18 17:35:52.502 I/ScanResultUtil####debug( 1493): check createSecurityParamsBySecurityType
09-18 17:35:52.502 I/ScanResultUtil####debug( 1493): check createSecurityParamsBySecurityType
09-18 17:35:52.502 I/ScanResultUtil####debug( 1493): check createSecurityParamsBySecurityType
09-18 17:35:52.502 I/ScanResultUtil####debug( 1493): check createSecurityParamsBySecurityType
09-18 17:35:52.502 I/ScanResultUtil####debug( 1493): call createSecurityParamsBySecurityType
09-18 17:35:52.502 I/SecurityParams####debug( 1493): createWpa3PersonalParams
09-18 17:35:52.502 I/ScanResultUtil####debug( 1493): check createSecurityParamsBySecurityType
09-18 17:35:52.502 I/ScanResultUtil####debug( 1493): call createSecurityParamsBySecurityType
09-18 17:35:52.502 I/SecurityParams####debug( 1493): createWpa3PersonalParams
09-18 17:35:52.502 I/ScanResultUtil####debug( 1493): check createSecurityParamsBySecurityType
09-18 17:35:52.502 I/ScanResultUtil####debug( 1493): call createSecurityParamsBySecurityType
09-18 17:35:52.502 I/SecurityParams####debug( 1493): createWpa3PersonalParams
09-18 17:35:52.502 I/ScanResultUtil####debug( 1493): check createSecurityParamsBySecurityType
09-18 17:35:52.502 I/ScanResultUtil####debug( 1493): call createSecurityParamsBySecurityType
09-18 17:35:52.502 I/SecurityParams####debug( 1493): createWpa3PersonalParams
09-18 17:35:52.502 I/ScanResultUtil####debug( 1493): check createSecurityParamsBySecurityType
09-18 17:35:52.502 I/ScanResultUtil####debug( 1493): call createSecurityParamsBySecurityType
09-18 17:35:52.502 I/SecurityParams####debug( 1493): createWpa3PersonalParams
09-18 17:35:52.502 I/ScanResultUtil####debug( 1493): check createSecurityParamsBySecurityType
09-18 17:35:52.503 I/ScanResultUtil####debug( 1493): call createSecurityParamsBySecurityType
09-18 17:35:52.503 I/SecurityParams####debug( 1493): createWpa3PersonalParams
09-18 17:35:52.503 I/ScanResultUtil####debug( 1493): check createSecurityParamsBySecurityType
09-18 17:35:52.503 I/ScanResultUtil####debug( 1493): call createSecurityParamsBySecurityType
09-18 17:35:52.503 I/SecurityParams####debug( 1493): createWpa3PersonalParams
09-18 17:35:52.503 I/ScanResultUtil####debug( 1493): check createSecurityParamsBySecurityType
09-18 17:35:52.503 I/ScanResultUtil####debug( 1493): call createSecurityParamsBySecurityType
09-18 17:35:52.503 I/SecurityParams####debug( 1493): createWpa3PersonalParams
09-18 17:35:52.503 I/ScanResultUtil####debug( 1493): check createSecurityParamsBySecurityType
09-18 17:35:52.503 I/ScanResultUtil####debug( 1493): call createSecurityParamsBySecurityType
09-18 17:35:52.504 I/SecurityParams####debug( 1493): createWpa3PersonalParams
09-18 17:35:52.504 I/ScanResultUtil####debug( 1493): check createSecurityParamsBySecurityType
09-18 17:35:52.504 I/ScanResultUtil####debug( 1493): check createSecurityParamsBySecurityType
09-18 17:35:52.504 I/ScanResultUtil####debug( 1493): check createSecurityParamsBySecurityType
09-18 17:35:52.504 I/ScanResultUtil####debug( 1493): check createSecurityParamsBySecurityType
09-18 17:35:52.504 I/ScanResultUtil####debug( 1493): check createSecurityParamsBySecurityType
09-18 17:35:52.504 I/ScanResultUtil####debug( 1493): call createSecurityParamsBySecurityType
09-18 17:35:52.505 I/SecurityParams####debug( 1493): createWpa3PersonalParams
09-18 17:35:52.505 I/ScanResultUtil####debug( 1493): check createSecurityParamsBySecurityType
09-18 17:35:52.505 I/ScanResultUtil####debug( 1493): call createSecurityParamsBySecurityType
09-18 17:35:52.505 I/SecurityParams####debug( 1493): createWpa3PersonalParams
09-18 17:35:52.505 I/ScanResultUtil####debug( 1493): check createSecurityParamsBySecurityType
09-18 17:35:52.505 I/ScanResultUtil####debug( 1493): check createSecurityParamsBySecurityType
09-18 17:35:52.505 I/ScanResultUtil####debug( 1493): check createSecurityParamsBySecurityType
09-18 17:35:52.505 I/ScanResultUtil####debug( 1493): call createSecurityParamsBySecurityType
09-18 17:35:52.505 I/SecurityParams####debug( 1493): createWpa3PersonalParams
09-18 17:35:52.505 I/ScanResultUtil####debug( 1493): check createSecurityParamsBySecurityType
09-18 17:35:52.505 I/ScanResultUtil####debug( 1493): call createSecurityParamsBySecurityType
09-18 17:35:52.505 I/SecurityParams####debug( 1493): createWpa3PersonalParams
09-18 17:35:52.505 I/ScanResultUtil####debug( 1493): check createSecurityParamsBySecurityType
09-18 17:35:52.505 I/ScanResultUtil####debug( 1493): call createSecurityParamsBySecurityType
09-18 17:35:52.505 I/SecurityParams####debug( 1493): createWpa3PersonalParams
09-18 17:35:52.505 I/ScanResultUtil####debug( 1493): check createSecurityParamsBySecurityType
09-18 17:35:52.505 I/ScanResultUtil####debug( 1493): call createSecurityParamsBySecurityType
09-18 17:35:52.505 I/SecurityParams####debug( 1493): createWpa3PersonalParams
09-18 17:35:52.505 I/ScanResultUtil####debug( 1493): check createSecurityParamsBySecurityType
09-18 17:35:52.505 I/ScanResultUtil####debug( 1493): call createSecurityParamsBySecurityType
09-18 17:35:52.506 I/SecurityParams####debug( 1493): createWpa3PersonalParams
09-18 17:35:52.506 I/ScanResultUtil####debug( 1493): check createSecurityParamsBySecurityType
09-18 17:35:52.506 I/ScanResultUtil####debug( 1493): check createSecurityParamsBySecurityType
09-18 17:35:52.506 I/ScanResultUtil####debug( 1493): check createSecurityParamsBySecurityType
09-18 17:35:52.506 I/ScanResultUtil####debug( 1493): call createSecurityParamsBySecurityType
09-18 17:35:52.506 I/SecurityParams####debug( 1493): createWpa3PersonalParams
09-18 17:35:52.506 I/ScanResultUtil####debug( 1493): check createSecurityParamsBySecurityType
09-18 17:35:52.506 D/VCodecVenc(  607): [L 324][EnqueInputBuffer]
09-18 17:35:52.506 I/ScanResultUtil####debug( 1493): call createSecurityParamsBySecurityType
09-18 17:35:52.506 I/SecurityParams####debug( 1493): createWpa3PersonalParams
09-18 17:35:52.506 I/ScanResultUtil####debug( 1493): check createSecurityParamsBySecurityType
09-18 17:35:52.506 I/ScanResultUtil####debug( 1493): call createSecurityParamsBySecurityType
09-18 17:35:52.506 I/SecurityParams####debug( 1493): createWpa3PersonalParams
09-18 17:35:52.506 I/ScanResultUtil####debug( 1493): check createSecurityParamsBySecurityType
09-18 17:35:52.506 I/ScanResultUtil####debug( 1493): check createSecurityParamsBySecurityType
09-18 17:35:52.506 I/ScanResultUtil####debug( 1493): call createSecurityParamsBySecurityType
09-18 17:35:52.506 I/SecurityParams####debug( 1493): createWpa3PersonalParams
09-18 17:35:52.506 I/ScanResultUtil####debug( 1493): check createSecurityParamsBySecurityType
09-18 17:35:52.506 I/ScanResultUtil####debug( 1493): call createSecurityParamsBySecurityType
09-18 17:35:52.506 I/SecurityParams####debug( 1493): createWpa3PersonalParams
09-18 17:35:52.506 I/ScanResultUtil####debug( 1493): check createSecurityParamsBySecurityType
09-18 17:35:52.507 I/ScanResultUtil####debug( 1493): call createSecurityParamsBySecurityType
09-18 17:35:52.507 I/SecurityParams####debug( 1493): createWpa3PersonalParams
09-18 17:35:52.507 I/ScanResultUtil####debug( 1493): check createSecurityParamsBySecurityType
09-18 17:35:52.507 I/ScanResultUtil####debug( 1493): check createSecurityParamsBySecurityType
09-18 17:35:52.507 I/ScanResultUtil####debug( 1493): check createSecurityParamsBySecurityType
09-18 17:35:52.507 I/ScanResultUtil####debug( 1493): check createSecurityParamsBySecurityType
09-18 17:35:52.508 I/ScanResultUtil####debug( 1493): check createSecurityParamsBySecurityType
09-18 17:35:52.508 I/ScanResultUtil####debug( 1493): call createSecurityParamsBySecurityType
09-18 17:35:52.508 I/SecurityParams####debug( 1493): createWpa3PersonalParams
09-18 17:35:52.508 I/ScanResultUtil####debug( 1493): check createSecurityParamsBySecurityType
09-18 17:35:52.508 I/ScanResultUtil####debug( 1493): call createSecurityParamsBySecurityType
09-18 17:35:52.508 I/SecurityParams####debug( 1493): createWpa3PersonalParams
09-18 17:35:52.509 I/ScanResultUtil####debug( 1493): check createSecurityParamsBySecurityType
09-18 17:35:52.509 I/ScanResultUtil####debug( 1493): call createSecurityParamsBySecurityType
09-18 17:35:52.509 I/SecurityParams####debug( 1493): createWpa3PersonalParams
09-18 17:35:52.509 I/ScanResultUtil####debug( 1493): check createSecurityParamsBySecurityType
09-18 17:35:52.511 D/VCodecVencImpl(  607): [L 572][MtkVencSetConfig]
09-18 17:35:52.512 I/ScanResultUtil####debug( 1493): call createSecurityParamsBySecurityType
09-18 17:35:52.512 I/SecurityParams####debug( 1493): createWpa3PersonalParams
09-18 17:35:52.512 I/ScanResultUtil####debug( 1493): check createSecurityParamsBySecurityType
09-18 17:35:52.512 I/ScanResultUtil####debug( 1493): call createSecurityParamsBySecurityType
09-18 17:35:52.512 I/SecurityParams####debug( 1493): createWpa3PersonalParams
09-18 17:35:52.512 I/ScanResultUtil####debug( 1493): check createSecurityParamsBySecurityType
09-18 17:35:52.512 I/ScanResultUtil####debug( 1493): call createSecurityParamsBySecurityType
09-18 17:35:52.512 I/SecurityParams####debug( 1493): createWpa3PersonalParams
09-18 17:35:52.512 I/ScanResultUtil####debug( 1493): check createSecurityParamsBySecurityType
09-18 17:35:52.513 I/ScanResultUtil####debug( 1493): call createSecurityParamsBySecurityType
09-18 17:35:52.513 I/SecurityParams####debug( 1493): createWpa3PersonalParams
09-18 17:35:52.513 I/ScanResultUtil####debug( 1493): check createSecurityParamsBySecurityType
09-18 17:35:52.513 I/ScanResultUtil####debug( 1493): call createSecurityParamsBySecurityType
09-18 17:35:52.513 I/SecurityParams####debug( 1493): createWpa3PersonalParams
09-18 17:35:52.513 I/ScanResultUtil####debug( 1493): check createSecurityParamsBySecurityType
09-18 17:35:52.513 I/ScanResultUtil####debug( 1493): call createSecurityParamsBySecurityType
09-18 17:35:52.513 I/SecurityParams####debug( 1493): createWpa3PersonalParams
09-18 17:35:52.513 I/ScanResultUtil####debug( 1493): check createSecurityParamsBySecurityType
09-18 17:35:52.513 I/ScanResultUtil####debug( 1493): call createSecurityParamsBySecurityType
09-18 17:35:52.513 I/SecurityParams####debug( 1493): createWpa3PersonalParams
09-18 17:35:52.514 I/ScanResultUtil####debug( 1493): check createSecurityParamsBySecurityType
09-18 17:35:52.514 I/ScanResultUtil####debug( 1493): call createSecurityParamsBySecurityType
09-18 17:35:52.514 I/SecurityParams####debug( 1493): createWpa3PersonalParams
09-18 17:35:52.514 I/ScanResultUtil####debug( 1493): check createSecurityParamsBySecurityType
09-18 17:35:52.514 I/ScanResultUtil####debug( 1493): call createSecurityParamsBySecurityType
09-18 17:35:52.514 I/SecurityParams####debug( 1493): createWpa3PersonalParams
09-18 17:35:52.514 I/ScanResultUtil####debug( 1493): check createSecurityParamsBySecurityType
09-18 17:35:52.514 I/ScanResultUtil####debug( 1493): call createSecurityParamsBySecurityType
09-18 17:35:52.514 I/SecurityParams####debug( 1493): createWpa3PersonalParams
09-18 17:35:52.514 I/ScanResultUtil####debug( 1493): check createSecurityParamsBySecurityType
09-18 17:35:52.514 I/ScanResultUtil####debug( 1493): call createSecurityParamsBySecurityType
09-18 17:35:52.514 I/SecurityParams####debug( 1493): createWpa3PersonalParams
09-18 17:35:52.514 I/ScanResultUtil####debug( 1493): check createSecurityParamsBySecurityType
09-18 17:35:52.514 I/ScanResultUtil####debug( 1493): call createSecurityParamsBySecurityType
09-18 17:35:52.514 I/SecurityParams####debug( 1493): createWpa3PersonalParams
09-18 17:35:52.514 I/ScanResultUtil####debug( 1493): check createSecurityParamsBySecurityType
09-18 17:35:52.514 I/ScanResultUtil####debug( 1493): call createSecurityParamsBySecurityType
09-18 17:35:52.514 I/SecurityParams####debug( 1493): createWpa3PersonalParams
09-18 17:35:52.514 I/ScanResultUtil####debug( 1493): check createSecurityParamsBySecurityType
09-18 17:35:52.514 I/ScanResultUtil####debug( 1493): check createSecurityParamsBySecurityType
09-18 17:35:52.514 I/ScanResultUtil####debug( 1493): call createSecurityParamsBySecurityType
09-18 17:35:52.514 I/SecurityParams####debug( 1493): createWpa3PersonalParams
09-18 17:35:52.517 D/android.hardware.media.c2@1.1-mediatek(  607): [import_mtk_dtv_native_buffer(): 717] mst buffer is secure: 0
09-18 17:35:52.517 D/android.hardware.media.c2@1.1-mediatek(  607): [import_mtk_dtv_native_buffer(): 717] mst buffer is secure: 0
09-18 17:35:52.518 I/ScanResultUtil####debug( 1493): check createSecurityParamsBySecurityType
09-18 17:35:52.518 I/ScanResultUtil####debug( 1493): call createSecurityParamsBySecurityType
09-18 17:35:52.518 I/SecurityParams####debug( 1493): createWpa3PersonalParams
09-18 17:35:52.518 I/ScanResultUtil####debug( 1493): check createSecurityParamsBySecurityType
09-18 17:35:52.518 I/ScanResultUtil####debug( 1493): call createSecurityParamsBySecurityType
09-18 17:35:52.518 I/SecurityParams####debug( 1493): createWpa3PersonalParams
09-18 17:35:52.518 I/ScanResultUtil####debug( 1493): check createSecurityParamsBySecurityType
09-18 17:35:52.518 I/ScanResultUtil####debug( 1493): call createSecurityParamsBySecurityType
09-18 17:35:52.518 I/SecurityParams####debug( 1493): createWpa3PersonalParams
09-18 17:35:52.518 I/ScanResultUtil####debug( 1493): check createSecurityParamsBySecurityType
09-18 17:35:52.518 I/ScanResultUtil####debug( 1493): check createSecurityParamsBySecurityType
09-18 17:35:52.518 I/ScanResultUtil####debug( 1493): call createSecurityParamsBySecurityType
09-18 17:35:52.519 I/SecurityParams####debug( 1493): createWpa3PersonalParams
09-18 17:35:52.519 I/ScanResultUtil####debug( 1493): check createSecurityParamsBySecurityType
09-18 17:35:52.519 I/ScanResultUtil####debug( 1493): check createSecurityParamsBySecurityType
09-18 17:35:52.519 I/ScanResultUtil####debug( 1493): call createSecurityParamsBySecurityType
09-18 17:35:52.519 I/SecurityParams####debug( 1493): createWpa3PersonalParams
09-18 17:35:52.519 I/ScanResultUtil####debug( 1493): check createSecurityParamsBySecurityType
09-18 17:35:52.519 I/ScanResultUtil####debug( 1493): check createSecurityParamsBySecurityType
09-18 17:35:52.519 I/ScanResultUtil####debug( 1493): call createSecurityParamsBySecurityType
09-18 17:35:52.519 I/SecurityParams####debug( 1493): createWpa3PersonalParams
09-18 17:35:52.519 I/kernel  ( 6265): [  219.779844][MTK_V4L2] level=0 vidioc_venc_qbuf(),1318: [4] id=0 getdata FB(2088960,2) vb=000000000c42c7f0 pts=0
09-18 17:35:52.520 I/ScanResultUtil####debug( 1493): check createSecurityParamsBySecurityType
09-18 17:35:52.520 I/ScanResultUtil####debug( 1493): call createSecurityParamsBySecurityType
09-18 17:35:52.520 I/SecurityParams####debug( 1493): createWpa3PersonalParams
09-18 17:35:52.521 I/ScanResultUtil####debug( 1493): check createSecurityParamsBySecurityType
09-18 17:35:52.521 I/ScanResultUtil####debug( 1493): call createSecurityParamsBySecurityType
09-18 17:35:52.521 I/SecurityParams####debug( 1493): createWpa3PersonalParams
09-18 17:35:52.521 D/VCodecVenc(  607): [L 324][EnqueInputBuffer]
09-18 17:35:52.521 I/ScanResultUtil####debug( 1493): check createSecurityParamsBySecurityType
09-18 17:35:52.521 I/ScanResultUtil####debug( 1493): call createSecurityParamsBySecurityType
09-18 17:35:52.521 I/SecurityParams####debug( 1493): createWpa3PersonalParams
09-18 17:35:52.521 I/ScanResultUtil####debug( 1493): check createSecurityParamsBySecurityType
09-18 17:35:52.521 I/ScanResultUtil####debug( 1493): check createSecurityParamsBySecurityType
09-18 17:35:52.521 I/ScanResultUtil####debug( 1493): check createSecurityParamsBySecurityType
09-18 17:35:52.521 I/ScanResultUtil####debug( 1493): call createSecurityParamsBySecurityType
09-18 17:35:52.521 I/SecurityParams####debug( 1493): createWpa3PersonalParams
09-18 17:35:52.521 I/ScanResultUtil####debug( 1493): check createSecurityParamsBySecurityType
09-18 17:35:52.522 I/ScanResultUtil####debug( 1493): call createSecurityParamsBySecurityType
09-18 17:35:52.522 I/SecurityParams####debug( 1493): createWpa3PersonalParams
09-18 17:35:52.522 I/ScanResultUtil####debug( 1493): check createSecurityParamsBySecurityType
09-18 17:35:52.522 I/ScanResultUtil####debug( 1493): call createSecurityParamsBySecurityType
09-18 17:35:52.522 I/SecurityParams####debug( 1493): createWpa3PersonalParams
09-18 17:35:52.522 I/ScanResultUtil####debug( 1493): check createSecurityParamsBySecurityType
09-18 17:35:52.522 I/ScanResultUtil####debug( 1493): call createSecurityParamsBySecurityType
09-18 17:35:52.522 I/SecurityParams####debug( 1493): createWpa3PersonalParams
09-18 17:35:52.522 I/ScanResultUtil####debug( 1493): check createSecurityParamsBySecurityType
09-18 17:35:52.522 I/ScanResultUtil####debug( 1493): call createSecurityParamsBySecurityType
09-18 17:35:52.522 I/SecurityParams####debug( 1493): createWpa3PersonalParams
09-18 17:35:52.522 I/ScanResultUtil####debug( 1493): check createSecurityParamsBySecurityType
09-18 17:35:52.522 I/ScanResultUtil####debug( 1493): call createSecurityParamsBySecurityType
09-18 17:35:52.522 I/SecurityParams####debug( 1493): createWpa3PersonalParams
09-18 17:35:52.522 I/ScanResultUtil####debug( 1493): check createSecurityParamsBySecurityType
09-18 17:35:52.522 I/ScanResultUtil####debug( 1493): call createSecurityParamsBySecurityType
09-18 17:35:52.522 I/SecurityParams####debug( 1493): createWpa3PersonalParams
09-18 17:35:52.522 I/ScanResultUtil####debug( 1493): check createSecurityParamsBySecurityType
09-18 17:35:52.522 I/ScanResultUtil####debug( 1493): call createSecurityParamsBySecurityType
09-18 17:35:52.523 I/SecurityParams####debug( 1493): createWpa3PersonalParams
09-18 17:35:52.523 I/ScanResultUtil####debug( 1493): check createSecurityParamsBySecurityType
09-18 17:35:52.523 I/ScanResultUtil####debug( 1493): check createSecurityParamsBySecurityType
09-18 17:35:52.523 I/ScanResultUtil####debug( 1493): check createSecurityParamsBySecurityType
09-18 17:35:52.523 I/ScanResultUtil####debug( 1493): check createSecurityParamsBySecurityType
09-18 17:35:52.524 W/kernel  (  862): [  219.785310]mediatek,dvb-adapter mtk-dvb-adapter: DVB: adapter 0 frontend 2 frequency limits undefined - fix the driver
09-18 17:35:52.524 I/kernel  (  862): [  219.785327]mtk_cfm: [cfm_get_tune_settings][1149]
09-18 17:35:52.525 I/kernel  ( 6909): [  219.785764]mtk_cfm: [cfm_get_frontend_algo][1070]
09-18 17:35:52.525 I/kernel  ( 6909): [  219.785777]mtk_cfm: [cfm_tune][777]Start: re_tune = 1
09-18 17:35:52.525 I/kernel  ( 6909): [  219.785781]mtk_cfm: [_confirm_which_tuner_use][299]
09-18 17:35:52.525 I/kernel  ( 6909): [  219.785785]mtk_cfm: [_convert_array_to_u16][282], testValue.element[i = 0] = [0x1], value = [0x2]
09-18 17:35:52.525 I/kernel  ( 6909): [  219.785788]mtk_cfm: [_convert_array_to_u16][282], testValue.element[i = 1] = [0x2], value = [0x6]
09-18 17:35:52.523 I/ScanResultUtil####debug( 1493): check createSecurityParamsBySecurityType
09-18 17:35:52.525 I/kernel  ( 6909): [  219.785792]mtk_cfm: [_convert_array_to_u16][282], testValue.element[i = 2] = [0x3], value = [0xe]
09-18 17:35:52.523 I/ScanResultUtil####debug( 1493): check createSecurityParamsBySecurityType
09-18 17:35:52.524 I/ScanResultUtil####debug( 1493): check createSecurityParamsBySecurityType
09-18 17:35:52.524 I/ScanResultUtil####debug( 1493): call createSecurityParamsBySecurityType
09-18 17:35:52.524 I/SecurityParams####debug( 1493): createWpa3PersonalParams
09-18 17:35:52.524 I/ScanResultUtil####debug( 1493): check createSecurityParamsBySecurityType
09-18 17:35:52.524 I/ScanResultUtil####debug( 1493): call createSecurityParamsBySecurityType
09-18 17:35:52.524 I/SecurityParams####debug( 1493): createWpa3PersonalParams
09-18 17:35:52.525 I/ScanResultUtil####debug( 1493): check createSecurityParamsBySecurityType
09-18 17:35:52.525 I/ScanResultUtil####debug( 1493): call createSecurityParamsBySecurityType
09-18 17:35:52.525 I/SecurityParams####debug( 1493): createWpa3PersonalParams
09-18 17:35:52.525 I/kernel  ( 6909): [  219.785795]mtk_cfm: [_convert_array_to_u16][282], testValue.element[i = 3] = [0x5], value = [0x2e]
09-18 17:35:52.525 I/ScanResultUtil####debug( 1493): check createSecurityParamsBySecurityType
09-18 17:35:52.525 I/ScanResultUtil####debug( 1493): call createSecurityParamsBySecurityType
09-18 17:35:52.525 I/ScanResultUtil####debug( 1493): check createSecurityParamsBySecurityType
09-18 17:35:52.525 I/kernel  ( 6909): [  219.785808]mtk_cfm: [_convert_array_to_u16][282], testValue.element[i = 7] = [0xa], value = [0x76e]
09-18 17:35:52.525 I/ScanResultUtil####debug( 1493): check createSecurityParamsBySecurityType
09-18 17:35:52.525 I/kernel  ( 6909): [  219.785811]mtk_cfm: [_convert_array_to_u16][282], testValue.element[i = 8] = [0xb], value = [0xf6e]
09-18 17:35:52.525 I/ScanResultUtil####debug( 1493): check createSecurityParamsBySecurityType
09-18 17:35:52.525 I/ScanResultUtil####debug( 1493): check createSecurityParamsBySecurityType
09-18 17:35:52.525 I/ScanResultUtil####debug( 1493): check createSecurityParamsBySecurityType
09-18 17:35:52.525 I/kernel  ( 6909): [  219.785814]mtk_cfm: [_convert_array_to_u16][282], testValue.element[i = 9] = [0xd], value = [0x2f6e]
09-18 17:35:52.525 I/ScanResultUtil####debug( 1493): call createSecurityParamsBySecurityType
09-18 17:35:52.525 I/SecurityParams####debug( 1493): createWpa3PersonalParams
09-18 17:35:52.525 I/ScanResultUtil####debug( 1493): check createSecurityParamsBySecurityType
09-18 17:35:52.525 I/ScanResultUtil####debug( 1493): check createSecurityParamsBySecurityType
09-18 17:35:52.525 I/ScanResultUtil####debug( 1493): check createSecurityParamsBySecurityType
09-18 17:35:52.525 I/ScanResultUtil####debug( 1493): call createSecurityParamsBySecurityType
09-18 17:35:52.525 I/SecurityParams####debug( 1493): createWpa3PersonalParams
09-18 17:35:52.526 I/ScanResultUtil####debug( 1493): check createSecurityParamsBySecurityType
09-18 17:35:52.525 I/kernel  ( 6909): [  219.785817]mtk_cfm: [_convert_array_to_u16][282], testValue.element[i = 10] = [0x10], value = [0x12f6e]
09-18 17:35:52.525 I/kernel  ( 6909): [  219.785820]mtk_cfm: [_convert_array_to_u16][282], testValue.element[i = 11] = [0x12], value = [0x52f6e]
09-18 17:35:52.525 I/kernel  ( 6909): [  219.785823]mtk_cfm: [_convert_array_to_u16][282], testValue.element[i = 12] = [0x14], value = [0x152f6e]
09-18 17:35:52.525 I/kernel  ( 6909): [  219.785826]mtk_cfm: [_convert_array_to_u16][282], testValue.element[i = 13] = [0x15], value = [0x352f6e]
09-18 17:35:52.526 I/ScanResultUtil####debug( 1493): call createSecurityParamsBySecurityType
09-18 17:35:52.525 I/kernel  ( 6909): [  219.785829]mtk_cfm: [_convert_array_to_u16][282], testValue.element[i = 14] = [0x13], value = [0x3d2f6e]
09-18 17:35:52.526 I/SecurityParams####debug( 1493): createWpa3PersonalParams
09-18 17:35:52.526 I/ScanResultUtil####debug( 1493): check createSecurityParamsBySecurityType
09-18 17:35:52.526 I/ScanResultUtil####debug( 1493): call createSecurityParamsBySecurityType
09-18 17:35:52.526 I/SecurityParams####debug( 1493): createWpa3PersonalParams
09-18 17:35:52.525 I/kernel  ( 6909): [  219.785832]mtk_cfm: [_confirm_which_tuner_use][322], board_del_sys_capability = [0x3d2f6e]
09-18 17:35:52.526 I/ScanResultUtil####debug( 1493): check createSecurityParamsBySecurityType
09-18 17:35:52.526 I/ScanResultUtil####debug( 1493): call createSecurityParamsBySecurityType
09-18 17:35:52.526 I/SecurityParams####debug( 1493): createWpa3PersonalParams
09-18 17:35:52.525 I/kernel  ( 6909): [  219.785835]mtk_cfm: [_confirm_which_tuner_use][327], act_del_sys_capability = [0x3d2f6e]
09-18 17:35:52.525 I/kernel  ( 6909): [  219.785838]mtk_cfm: [_confirm_which_tuner_use][333], Correct to selected tuner index = [0]
09-18 17:35:52.525 I/kernel  ( 6909): [  219.785840]mtk_cfm: [cfm_tune][790],	tuner_idx_use = [0]
09-18 17:35:52.525 I/kernel  ( 6909): [  219.785843]mtk_cfm: [_confirm_which_demod_use][368]
09-18 17:35:52.525 I/kernel  ( 6909): [  219.785846]mtk_cfm: [cfm_tune][799], dmd_idx_use = [0]
09-18 17:35:52.525 I/kernel  ( 6909): [  219.785848]mtk_cfm: [_check_and_do_frontend_init][548]
09-18 17:35:52.525 I/kernel  ( 6909): [  219.785850]mtk_cfm: [_check_and_do_tuner_init][467]
09-18 17:35:52.526 I/kernel  ( 6907): [  219.787551]mtk_cfm: [_check_and_do_demod_init][417]
09-18 17:35:52.526 I/ScanResultUtil####debug( 1493): check createSecurityParamsBySecurityType
09-18 17:35:52.526 I/ScanResultUtil####debug( 1493): call createSecurityParamsBySecurityType
09-18 17:35:52.526 I/SecurityParams####debug( 1493): createWpa3PersonalParams
09-18 17:35:52.526 I/ScanResultUtil####debug( 1493): check createSecurityParamsBySecurityType
09-18 17:35:52.526 I/ScanResultUtil####debug( 1493): call createSecurityParamsBySecurityType
09-18 17:35:52.526 I/SecurityParams####debug( 1493): createWpa3PersonalParams
09-18 17:35:52.527 I/WifiService(  733): getSupportedFeatures uid=1000 returns 19f010f38889419
09-18 17:35:52.530 I/ScanResultUtil####debug( 1493): check createSecurityParamsBySecurityType
09-18 17:35:52.531 I/ScanResultUtil####debug( 1493): call createSecurityParamsBySecurityType
09-18 17:35:52.531 I/SecurityParams####debug( 1493): createWpa3PersonalParams
09-18 17:35:52.533 D/android.hardware.media.c2@1.1-mediatek(  607): [import_mtk_dtv_native_buffer(): 717] mst buffer is secure: 0
09-18 17:35:52.534 I/ScanResultUtil####debug( 1493): check createSecurityParamsBySecurityType
09-18 17:35:52.534 I/ScanResultUtil####debug( 1493): call createSecurityParamsBySecurityType
09-18 17:35:52.534 I/SecurityParams####debug( 1493): createWpa3PersonalParams
09-18 17:35:52.534 D/android.hardware.media.c2@1.1-mediatek(  607): [import_mtk_dtv_native_buffer(): 717] mst buffer is secure: 0
09-18 17:35:52.536 I/ScanResultUtil####debug( 1493): check createSecurityParamsBySecurityType
09-18 17:35:52.536 I/ScanResultUtil####debug( 1493): call createSecurityParamsBySecurityType
09-18 17:35:52.536 I/SecurityParams####debug( 1493): createWpa3PersonalParams
09-18 17:35:52.538 D/VCodecVenc(  607): [L 324][EnqueInputBuffer]
09-18 17:35:52.539 I/ScanResultUtil####debug( 1493): check createSecurityParamsBySecurityType
09-18 17:35:52.539 I/ScanResultUtil####debug( 1493): call createSecurityParamsBySecurityType
09-18 17:35:52.539 I/SecurityParams####debug( 1493): createWpa3PersonalParams
09-18 17:35:52.542 I/kernel  ( 6905): [  219.802734]mtk_cfm: [_check_and_do_demod_init][417]
09-18 17:35:52.545 D/VCodecVencImpl(  607): [L 572][MtkVencSetConfig]
09-18 17:35:52.546 I/ScanResultUtil####debug( 1493): check createSecurityParamsBySecurityType
09-18 17:35:52.546 I/ScanResultUtil####debug( 1493): call createSecurityParamsBySecurityType
09-18 17:35:52.546 I/SecurityParams####debug( 1493): createWpa3PersonalParams
09-18 17:35:52.546 I/ScanResultUtil####debug( 1493): check createSecurityParamsBySecurityType
09-18 17:35:52.546 I/ScanResultUtil####debug( 1493): call createSecurityParamsBySecurityType
09-18 17:35:52.546 I/SecurityParams####debug( 1493): createWpa3PersonalParams
09-18 17:35:52.546 I/ScanResultUtil####debug( 1493): check createSecurityParamsBySecurityType
09-18 17:35:52.546 I/ScanResultUtil####debug( 1493): call createSecurityParamsBySecurityType
09-18 17:35:52.546 I/SecurityParams####debug( 1493): createWpa3PersonalParams
09-18 17:35:52.550 D/android.hardware.media.c2@1.1-mediatek(  607): [import_mtk_dtv_native_buffer(): 717] mst buffer is secure: 0
09-18 17:35:52.550 D/android.hardware.media.c2@1.1-mediatek(  607): [import_mtk_dtv_native_buffer(): 717] mst buffer is secure: 0
09-18 17:35:52.550 I/kernel  ( 6265): [  219.811652][MTK_V4L2] level=0 vidioc_venc_qbuf(),1318: [4] id=0 getdata FB(2088960,2) vb=000000000c42c7f0 pts=0
09-18 17:35:52.553 I/ScanResultUtil####debug( 1493): check createSecurityParamsBySecurityType
09-18 17:35:52.553 I/ScanResultUtil####debug( 1493): call createSecurityParamsBySecurityType
09-18 17:35:52.553 I/SecurityParams####debug( 1493): createWpa3PersonalParams
09-18 17:35:52.555 D/VCodecVenc(  607): [L 324][EnqueInputBuffer]
09-18 17:35:52.558 I/ScanResultUtil####debug( 1493): check createSecurityParamsBySecurityType
09-18 17:35:52.558 I/ScanResultUtil####debug( 1493): call createSecurityParamsBySecurityType
09-18 17:35:52.558 I/SecurityParams####debug( 1493): createWpa3PersonalParams
09-18 17:35:52.558 I/ScanResultUtil####debug( 1493): check createSecurityParamsBySecurityType
09-18 17:35:52.558 I/ScanResultUtil####debug( 1493): call createSecurityParamsBySecurityType
09-18 17:35:52.558 I/SecurityParams####debug( 1493): createWpa3PersonalParams
09-18 17:35:52.562 I/ScanResultUtil####debug( 1493): check createSecurityParamsBySecurityType
09-18 17:35:52.562 I/ScanResultUtil####debug( 1493): call createSecurityParamsBySecurityType
09-18 17:35:52.562 I/SecurityParams####debug( 1493): createWpa3PersonalParams
09-18 17:35:52.565 D/android.hardware.media.c2@1.1-mediatek(  607): [import_mtk_dtv_native_buffer(): 717] mst buffer is secure: 0
09-18 17:35:52.566 D/android.hardware.media.c2@1.1-mediatek(  607): [import_mtk_dtv_native_buffer(): 717] mst buffer is secure: 0
09-18 17:35:52.566 I/ScanResultUtil####debug( 1493): check createSecurityParamsBySecurityType
09-18 17:35:52.566 I/ScanResultUtil####debug( 1493): check createSecurityParamsBySecurityType
09-18 17:35:52.567 I/ScanResultUtil####debug( 1493): check createSecurityParamsBySecurityType
09-18 17:35:52.567 I/ScanResultUtil####debug( 1493): check createSecurityParamsBySecurityType
09-18 17:35:52.567 I/ScanResultUtil####debug( 1493): check createSecurityParamsBySecurityType
09-18 17:35:52.567 I/ScanResultUtil####debug( 1493): check createSecurityParamsBySecurityType
09-18 17:35:52.567 I/ScanResultUtil####debug( 1493): check createSecurityParamsBySecurityType
09-18 17:35:52.567 I/ScanResultUtil####debug( 1493): check createSecurityParamsBySecurityType
09-18 17:35:52.567 I/ScanResultUtil####debug( 1493): check createSecurityParamsBySecurityType
09-18 17:35:52.568 I/ScanResultUtil####debug( 1493): check createSecurityParamsBySecurityType
09-18 17:35:52.568 I/ScanResultUtil####debug( 1493): check createSecurityParamsBySecurityType
09-18 17:35:52.568 I/ScanResultUtil####debug( 1493): check createSecurityParamsBySecurityType
09-18 17:35:52.568 I/ScanResultUtil####debug( 1493): check createSecurityParamsBySecurityType
09-18 17:35:52.568 I/ScanResultUtil####debug( 1493): check createSecurityParamsBySecurityType
09-18 17:35:52.568 I/ScanResultUtil####debug( 1493): check createSecurityParamsBySecurityType
09-18 17:35:52.564 I/kernel  ( 6909): [  219.824707]mtk_cfm: [_check_and_do_demod_init][417]
09-18 17:35:52.568 I/ScanResultUtil####debug( 1493): check createSecurityParamsBySecurityType
09-18 17:35:52.570 D/VCodecVenc(  607): [L 324][EnqueInputBuffer]
09-18 17:35:52.573 I/ScanResultUtil####debug( 1493): check createSecurityParamsBySecurityType
09-18 17:35:52.573 I/ScanResultUtil####debug( 1493): call createSecurityParamsBySecurityType
09-18 17:35:52.573 I/SecurityParams####debug( 1493): createWpa3PersonalParams
09-18 17:35:52.575 I/ScanResultUtil####debug( 1493): check createSecurityParamsBySecurityType
09-18 17:35:52.575 I/ScanResultUtil####debug( 1493): call createSecurityParamsBySecurityType
09-18 17:35:52.575 I/SecurityParams####debug( 1493): createWpa3PersonalParams
09-18 17:35:52.577 D/VCodecVencImpl(  607): [L 572][MtkVencSetConfig]
09-18 17:35:52.582 I/kernel  ( 6265): [  219.842722][MTK_V4L2] level=0 vidioc_venc_qbuf(),1318: [4] id=0 getdata FB(2088960,2) vb=000000000c42c7f0 pts=0
09-18 17:35:52.583 I/ScanResultUtil####debug( 1493): check createSecurityParamsBySecurityType
09-18 17:35:52.583 I/ScanResultUtil####debug( 1493): call createSecurityParamsBySecurityType
09-18 17:35:52.583 I/SecurityParams####debug( 1493): createWpa3PersonalParams
09-18 17:35:52.585 D/android.hardware.media.c2@1.1-mediatek(  607): [import_mtk_dtv_native_buffer(): 717] mst buffer is secure: 0
09-18 17:35:52.585 I/ScanResultUtil####debug( 1493): check createSecurityParamsBySecurityType
09-18 17:35:52.585 I/ScanResultUtil####debug( 1493): call createSecurityParamsBySecurityType
09-18 17:35:52.585 I/SecurityParams####debug( 1493): createWpa3PersonalParams
09-18 17:35:52.586 D/android.hardware.media.c2@1.1-mediatek(  607): [import_mtk_dtv_native_buffer(): 717] mst buffer is secure: 0
09-18 17:35:52.587 I/kernel  ( 6905): [  219.848363]cxd_tnr: [cxd_tnr_set_params][372] broadcastType:9 freq:1126200 bandwidth_hz:0 tvsystem:0
09-18 17:35:52.590 I/kernel  ( 6905): [  219.851139]cxd_tnr: :----------------------     TUNE (Tuner)      -------------------
09-18 17:35:52.590 I/kernel  ( 6905): [  219.851154]cxd_tnr: :                      | dtvSystem           | (sat)
09-18 17:35:52.590 I/kernel  ( 6905): [  219.851156]cxd_tnr: :                      | frequency           | 1126200 kHz
09-18 17:35:52.590 I/kernel  ( 6905): [  219.851162]cxd_tnr: :                      | symbol rate         | 0 ksps
09-18 17:35:52.589 I/ScanResultUtil####debug( 1493): check createSecurityParamsBySecurityType
09-18 17:35:52.590 I/ScanResultUtil####debug( 1493): call createSecurityParamsBySecurityType
09-18 17:35:52.590 D/VCodecVenc(  607): [L 324][EnqueInputBuffer]
09-18 17:35:52.590 I/SecurityParams####debug( 1493): createWpa3PersonalParams
09-18 17:35:52.595 I/ScanResultUtil####debug( 1493): check createSecurityParamsBySecurityType
09-18 17:35:52.596 I/ScanResultUtil####debug( 1493): call createSecurityParamsBySecurityType
09-18 17:35:52.596 I/SecurityParams####debug( 1493): createWpa3PersonalParams
09-18 17:35:52.599 I/kernel  ( 6907): [  219.860306]cxd_tnr: [cxd_tnr_set_params][372] broadcastType:9 freq:1318000 bandwidth_hz:0 tvsystem:0
09-18 17:35:52.600 I/kernel  ( 6907): [  219.861408]cxd_tnr: :----------------------     TUNE (Tuner)      -------------------
09-18 17:35:52.600 I/kernel  ( 6907): [  219.861428]cxd_tnr: :                      | dtvSystem           | (sat)
09-18 17:35:52.600 I/kernel  ( 6907): [  219.861430]cxd_tnr: :                      | frequency           | 1318000 kHz
09-18 17:35:52.600 I/kernel  ( 6907): [  219.861437]cxd_tnr: :                      | symbol rate         | 0 ksps
09-18 17:35:52.601 I/ScanResultUtil####debug( 1493): check createSecurityParamsBySecurityType
09-18 17:35:52.601 I/ScanResultUtil####debug( 1493): call createSecurityParamsBySecurityType
09-18 17:35:52.601 I/SecurityParams####debug( 1493): createWpa3PersonalParams
09-18 17:35:52.601 D/android.hardware.media.c2@1.1-mediatek(  607): [import_mtk_dtv_native_buffer(): 717] mst buffer is secure: 0
09-18 17:35:52.602 D/android.hardware.media.c2@1.1-mediatek(  607): [import_mtk_dtv_native_buffer(): 717] mst buffer is secure: 0
09-18 17:35:52.604 I/ScanResultUtil####debug( 1493): check createSecurityParamsBySecurityType
09-18 17:35:52.604 I/ScanResultUtil####debug( 1493): call createSecurityParamsBySecurityType
09-18 17:35:52.604 I/SecurityParams####debug( 1493): createWpa3PersonalParams
09-18 17:35:52.606 I/ScanResultUtil####debug( 1493): check createSecurityParamsBySecurityType
09-18 17:35:52.606 I/ScanResultUtil####debug( 1493): call createSecurityParamsBySecurityType
09-18 17:35:52.606 I/SecurityParams####debug( 1493): createWpa3PersonalParams
09-18 17:35:52.608 D/VCodecVenc(  607): [L 324][EnqueInputBuffer]
09-18 17:35:52.607 I/kernel  ( 6909): [  219.868310]cxd_tnr: [cxd_tnr_set_params][372] broadcastType:9 freq:1933000 bandwidth_hz:0 tvsystem:0
09-18 17:35:52.607 I/kernel  ( 6909): [  219.868612]cxd_tnr: :----------------------     TUNE (Tuner)      -------------------
09-18 17:35:52.607 I/kernel  ( 6909): [  219.868617]cxd_tnr: :                      | dtvSystem           | (sat)
09-18 17:35:52.607 I/kernel  ( 6909): [  219.868619]cxd_tnr: :                      | frequency           | 1933000 kHz
09-18 17:35:52.607 I/kernel  ( 6909): [  219.868622]cxd_tnr: :                      | symbol rate         | 0 ksps
09-18 17:35:52.609 D/VCodecVencImpl(  607): [L 572][MtkVencSetConfig]
09-18 17:35:52.614 I/kernel  ( 6905): [  219.874722]cxd_tnr: Request Freq, 1126200 [kHz]; RSSI, -85940e-3 [dBm]; Symbol rate, 28859.9 [ksps];
09-18 17:35:52.614 I/kernel  ( 6265): [  219.875043][MTK_V4L2] level=0 vidioc_venc_qbuf(),1318: [4] id=0 getdata FB(2088960,2) vb=000000000c42c7f0 pts=0
09-18 17:35:52.614 I/kernel  ( 6905): [  219.875396]cxd_tnr: : PLL Lock (Tuner)     | PLL Lock (REG)      | reg:0x1d value=0x12
09-18 17:35:52.615 I/ScanResultUtil####debug( 1493): check createSecurityParamsBySecurityType
09-18 17:35:52.615 D/android.hardware.media.c2@1.1-mediatek(  607): [import_mtk_dtv_native_buffer(): 717] mst buffer is secure: 0
09-18 17:35:52.615 I/ScanResultUtil####debug( 1493): call createSecurityParamsBySecurityType
09-18 17:35:52.615 I/SecurityParams####debug( 1493): createWpa3PersonalParams
09-18 17:35:52.616 D/android.hardware.media.c2@1.1-mediatek(  607): [import_mtk_dtv_native_buffer(): 717] mst buffer is secure: 0
09-18 17:35:52.616 I/kernel  ( 6905): [  219.876842]cxd_tnr: : AGC (Tuner)          | IF AGC (REG)        | reg:0x5B value=0x26
09-18 17:35:52.616 E/kernel  ( 6905): [  219.877164]cxd_tnr: [cxd_tnr_cfm_get_params][754] unknown 9
09-18 17:35:52.620 I/kernel  ( 6905): [  219.881108]cxd_dmd: :----------------------     TUNE (Demod)      -------------------
09-18 17:35:52.620 I/kernel  ( 6905): [  219.881120]cxd_dmd: :                      | delivery System(dvb)| 9
09-18 17:35:52.621 I/kernel  ( 6905): [  219.881722]cxd_dmd: :                      | frequency           | 1126200 kHz
09-18 17:35:52.619 I/ScanResultUtil####debug( 1493): check createSecurityParamsBySecurityType
09-18 17:35:52.619 I/ScanResultUtil####debug( 1493): call createSecurityParamsBySecurityType
09-18 17:35:52.619 I/SecurityParams####debug( 1493): createWpa3PersonalParams
09-18 17:35:52.620 D/VCodecVenc(  607): [L 324][EnqueInputBuffer]
09-18 17:35:52.622 I/ScanResultUtil####debug( 1493): check createSecurityParamsBySecurityType
09-18 17:35:52.622 I/ScanResultUtil####debug( 1493): check createSecurityParamsBySecurityType
09-18 17:35:52.622 I/ScanResultUtil####debug( 1493): check createSecurityParamsBySecurityType
09-18 17:35:52.622 I/ScanResultUtil####debug( 1493): check createSecurityParamsBySecurityType
09-18 17:35:52.622 I/ScanResultUtil####debug( 1493): check createSecurityParamsBySecurityType
09-18 17:35:52.622 I/ScanResultUtil####debug( 1493): check createSecurityParamsBySecurityType
09-18 17:35:52.622 I/ScanResultUtil####debug( 1493): check createSecurityParamsBySecurityType
09-18 17:35:52.622 I/ScanResultUtil####debug( 1493): check createSecurityParamsBySecurityType
09-18 17:35:52.622 I/ScanResultUtil####debug( 1493): check createSecurityParamsBySecurityType
09-18 17:35:52.622 I/ScanResultUtil####debug( 1493): check createSecurityParamsBySecurityType
09-18 17:35:52.622 I/ScanResultUtil####debug( 1493): check createSecurityParamsBySecurityType
09-18 17:35:52.623 I/ScanResultUtil####debug( 1493): check createSecurityParamsBySecurityType
09-18 17:35:52.623 I/ScanResultUtil####debug( 1493): check createSecurityParamsBySecurityType
09-18 17:35:52.623 I/ScanResultUtil####debug( 1493): check createSecurityParamsBySecurityType
09-18 17:35:52.623 I/ScanResultUtil####debug( 1493): check createSecurityParamsBySecurityType
09-18 17:35:52.623 I/ScanResultUtil####debug( 1493): check createSecurityParamsBySecurityType
09-18 17:35:52.623 I/ScanResultUtil####debug( 1493): check createSecurityParamsBySecurityType
09-18 17:35:52.628 I/ScanResultUtil####debug( 1493): check createSecurityParamsBySecurityType
09-18 17:35:52.628 I/ScanResultUtil####debug( 1493): call createSecurityParamsBySecurityType
09-18 17:35:52.628 I/kernel  ( 6907): [  219.889332]cxd_tnr: Request Freq, 1318000 [kHz]; RSSI, -84370e-3 [dBm]; Symbol rate, 28859.9 [ksps];
09-18 17:35:52.629 I/kernel  ( 6907): [  219.890443]cxd_tnr: : PLL Lock (Tuner)     | PLL Lock (REG)      | reg:0x1d value=0x2
09-18 17:35:52.628 I/SecurityParams####debug( 1493): createWpa3PersonalParams
09-18 17:35:52.633 I/ScanResultUtil####debug( 1493): check createSecurityParamsBySecurityType
09-18 17:35:52.633 I/ScanResultUtil####debug( 1493): call createSecurityParamsBySecurityType
09-18 17:35:52.633 I/SecurityParams####debug( 1493): createWpa3PersonalParams
09-18 17:35:52.637 I/kernel  ( 6909): [  219.898188]cxd_tnr: Request Freq, 1933000 [kHz]; RSSI, -89680e-3 [dBm]; Symbol rate, 28859.9 [ksps];
09-18 17:35:52.637 I/kernel  ( 6909): [  219.898620]cxd_tnr: : PLL Lock (Tuner)     | PLL Lock (REG)      | reg:0x1d value=0x12
09-18 17:35:52.638 I/kernel  ( 6907): [  219.898813]cxd_tnr: : AGC (Tuner)          | IF AGC (REG)        | reg:0x5B value=0x2A
09-18 17:35:52.638 E/kernel  ( 6907): [  219.898822]cxd_tnr: [cxd_tnr_cfm_get_params][754] unknown 9
09-18 17:35:52.638 I/kernel  ( 6907): [  219.898966]cxd_dmd: :----------------------     TUNE (Demod)      -------------------
09-18 17:35:52.638 I/kernel  ( 6907): [  219.898970]cxd_dmd: :                      | delivery System(dvb)| 9
