09-18 17:36:38.044 I/JpTis_IsdbS3FrontendTuneImpl@11( 2016): LnbStatusCallbackImpl:onLnbStatusChanged from:LnbStatus(voltageOn=true, status=Pending) to:LnbStatus(voltageOn=false, status=Off) lnbPowerStatus:Pending
09-18 17:36:38.046 I/kernel  ( 5943): [  265.307441][A8303-1_Driver] i2c_transfer msg[0] buf[0]:0x00
09-18 17:36:38.046 I/kernel  ( 5943): [  265.307444][A8303-1_Driver] i2c_transfer msg[0] buf[1]:0x00
09-18 17:36:38.046 I/kernel  ( 5943): [  265.307560][A8303-1_Driver] [memorize_voltage] main_voltage = 2
09-18 17:36:38.049 I/kernel  ( 2513): [  265.309851][A8303-1_Driver] addr:0x08,  i2c status:0x1b from 0x0a
09-18 17:36:38.044 I/JpTis_IsdbS3FrontendTuneImpl@12( 2016): LnbStatusCallbackImpl:onLnbStatusChanged from:LnbStatus(voltageOn=true, status=Pending) to:LnbStatus(voltageOn=false, status=Off) lnbPowerStatus:Pending
09-18 17:36:38.044 I/JpTis_IsdbSFrontendTuneImpl@9( 2016): sendFrontendTuneStatusUnlocked()
09-18 17:36:38.045 I/JpTis_IsdbS3FrontendTuneImpl@12( 2016): sendFrontendTuneStatusUnlocked()
09-18 17:36:38.045 I/JpTis_IsdbSTunerTune@9( 2016): onTuneEvent
09-18 17:36:38.046 I/JpTis_IsdbSTunerTune@9( 2016): lockStatus is Unlocked
09-18 17:36:38.047 I/JpTis_IsdbS3TunerTune@12( 2016): onTuneEvent
09-18 17:36:38.047 I/JpTis_TsSatelliteSiAccumulatingTuneElement@9( 2016): Completed. Process transfer and status update. isWholeTimeout:false, eitPfCondition:BAD, eitSchCondition:BAD, ldtCondition:BAD, networkId:4, streamId:0x4732, serviceIds:[243]
09-18 17:36:38.047 I/JpTis_IsdbS3FrontendTuneImpl@11( 2016): sendFrontendTuneStatusUnlocked()
09-18 17:36:38.047 I/JpTis_TsSatelliteSiAccumulatingTuneElement@9( 2016): Not Tables to store.
09-18 17:36:38.047 I/JpTis_IsdbS3TunerTune@12( 2016): lockStatus is Unlocked
09-18 17:36:38.048 I/JpTis_IsdbSTunerTune@9( 2016): stop
09-18 17:36:38.048 I/JpTis_IsdbS3TunerTune@11( 2016): onTuneEvent
09-18 17:36:38.048 I/JpTis_IsdbS3TunerTune@11( 2016): lockStatus is Unlocked
09-18 17:36:38.048 I/JpTis_MmtSatelliteSiAccumulatingTuneElement@11( 2016): Completed. Process transfer and status update. isWholeTimeout:false, eitPfCondition:BAD, eitSchCondition:BAD, cdtCondition:GOOD, networkId:11, streamId:0xb080, serviceIds:[211]
09-18 17:36:38.049 I/JpTis_MmtSatelliteSiAccumulatingTuneElement@11( 2016): Not Tables to store.
09-18 17:36:38.049 I/JpTis_MmtSatelliteSiAccumulatingTuneElement@12( 2016): Completed. Process transfer and status update. isWholeTimeout:false, eitPfCondition:BAD, eitSchCondition:BAD, cdtCondition:GOOD, networkId:12, streamId:0xc130, serviceIds:[881, 882]
09-18 17:36:38.050 I/JpTis_MmtSatelliteSiAccumulatingTuneElement@12( 2016): Not Tables to store.
09-18 17:36:38.050 I/JpTis_IsdbS3TunerTune@12( 2016): stop
09-18 17:36:38.050 I/JpTis_IsdbS3TunerTune@11( 2016): stop
09-18 17:36:38.053 V/mtktv.frontend(  636): [close:2632]: @@@@@@@@@@@@Frontend_close
09-18 17:36:38.056 E/kernel  ( 7009): [  265.317298]mediatek,dvb-adapter mtk-dvb-adapter: dvb_frontend_thread: !!!!!!DVB_FE_NORMAL_EXIT
09-18 17:36:38.056 I/kernel  ( 7009): [  265.317315]mtk_cfm: [cfm_sleep][1094]
09-18 17:36:38.057 D/VCodecVencImpl(  607): [L 572][MtkVencSetConfig]
09-18 17:36:38.057 D/android.hardware.media.c2@1.1-mediatek(  607): [import_mtk_dtv_native_buffer(): 717] mst buffer is secure: 0
09-18 17:36:38.058 D/android.hardware.media.c2@1.1-mediatek(  607): [import_mtk_dtv_native_buffer(): 717] mst buffer is secure: 0
09-18 17:36:38.062 I/kernel  ( 6265): [  265.322830][MTK_V4L2] level=0 vidioc_venc_qbuf(),1318: [4] id=0 getdata FB(2088960,2) vb=000000000c42c7f0 pts=0
09-18 17:36:38.061 D/VCodecVenc(  607): [L 324][EnqueInputBuffer]
09-18 17:36:38.087 D/VCodecVencImpl(  607): [L 572][MtkVencSetConfig]
09-18 17:36:38.087 D/android.hardware.media.c2@1.1-mediatek(  607): [import_mtk_dtv_native_buffer(): 717] mst buffer is secure: 0
09-18 17:36:38.089 D/android.hardware.media.c2@1.1-mediatek(  607): [import_mtk_dtv_native_buffer(): 717] mst buffer is secure: 0
09-18 17:36:38.092 I/kernel  ( 6265): [  265.353103][MTK_V4L2] level=0 vidioc_venc_qbuf(),1318: [4] id=0 getdata FB(2088960,2) vb=000000000c42c7f0 pts=0
09-18 17:36:38.093 D/VCodecVenc(  607): [L 324][EnqueInputBuffer]
09-18 17:36:38.103 V/mtktv.frontend(  636): [close:2683]: REMOVE DELAY in Frontend::close() to chk mutex work or not when open)
09-18 17:36:38.105 I/JpTis_MmtSatelliteStreamSiAccumulatingRequest@12( 2016): tryNext
09-18 17:36:38.105 V/mtktv.frontend(  636): [close:2632]: @@@@@@@@@@@@Frontend_close
09-18 17:36:38.105 I/JpTis_MmtSatelliteStreamSiAccumulatingRequest@12( 2016): process next.
09-18 17:36:38.106 I/JpTis_MmtSatelliteEitSchSegmentTableContainerFactory@12( 2016): create EitSchBasicActual container. networkId:12, serviceId:883, serviceType:AribServiceType(serviceTypeValue=0x01), basicSegments:64, criteriaSegments:64, timeout:PT12S
09-18 17:36:38.106 I/JpTis_MmtSatelliteEitSchSegmentTableContainerFactory@12( 2016): create EitSchExtended container. networkId:12, serviceId:883, serviceType:AribServiceType(serviceTypeValue=0x01), basicSegments:64, criteriaSegments:64, timeout:PT1M7S
09-18 17:36:38.108 E/kernel  ( 7007): [  265.369174]mediatek,dvb-adapter mtk-dvb-adapter: dvb_frontend_thread: !!!!!!DVB_FE_NORMAL_EXIT
09-18 17:36:38.108 I/kernel  ( 7007): [  265.369190]mtk_cfm: [cfm_sleep][1094]
09-18 17:36:38.111 I/JpTis_IsdbS3FrontendTuneImpl@12( 2016): startTuning: frontendSettings: frequency:3166000000, streamId:0xc150, streamIdType:0x00, modulation:1, codeRate:1, symbolRate:0, rollOff:0
09-18 17:36:38.111 D/MediaTvTuner( 2016): Tune to 3166000000
09-18 17:36:38.117 D/VCodecVencImpl(  607): [L 572][MtkVencSetConfig]
09-18 17:36:38.117 D/android.hardware.media.c2@1.1-mediatek(  607): [import_mtk_dtv_native_buffer(): 717] mst buffer is secure: 0
09-18 17:36:38.122 I/kernel  ( 6265): [  265.383234][MTK_V4L2] level=0 vidioc_venc_qbuf(),1318: [4] id=0 getdata FB(2088960,2) vb=000000000c42c7f0 pts=0
09-18 17:36:38.120 D/android.hardware.media.c2@1.1-mediatek(  607): [import_mtk_dtv_native_buffer(): 717] mst buffer is secure: 0
09-18 17:36:38.123 D/VCodecVenc(  607): [L 324][EnqueInputBuffer]
09-18 17:36:38.148 D/VCodecVencImpl(  607): [L 572][MtkVencSetConfig]
09-18 17:36:38.149 D/android.hardware.media.c2@1.1-mediatek(  607): [import_mtk_dtv_native_buffer(): 717] mst buffer is secure: 0
09-18 17:36:38.149 D/android.hardware.media.c2@1.1-mediatek(  607): [import_mtk_dtv_native_buffer(): 717] mst buffer is secure: 0
09-18 17:36:38.153 I/kernel  ( 6265): [  265.414445][MTK_V4L2] level=0 vidioc_venc_qbuf(),1318: [4] id=0 getdata FB(2088960,2) vb=000000000c42c7f0 pts=0
09-18 17:36:38.153 D/VCodecVenc(  607): [L 324][EnqueInputBuffer]
09-18 17:36:38.155 V/mtktv.frontend(  636): [close:2683]: REMOVE DELAY in Frontend::close() to chk mutex work or not when open)
09-18 17:36:38.156 V/mtktv.frontend(  636): [close:2632]: @@@@@@@@@@@@Frontend_close
09-18 17:36:38.157 I/JpTis_TsSatelliteStreamSiAccumulatingRequest@9( 2016): tryNext
09-18 17:36:38.160 E/kernel  ( 7005): [  265.420841]mediatek,dvb-adapter mtk-dvb-adapter: dvb_frontend_thread: !!!!!!DVB_FE_NORMAL_EXIT
09-18 17:36:38.160 I/kernel  ( 7005): [  265.420858]mtk_cfm: [cfm_sleep][1094]
09-18 17:36:38.157 I/JpTis_TsSatelliteStreamSiAccumulatingRequest@9( 2016): process next.
09-18 17:36:38.161 I/JpTis_TsSatelliteEitSchSegmentTableContainerFactory@9( 2016): create EitSchBasicActual container. networkId:4, serviceId:244, serviceType:AribServiceType(serviceTypeValue=0x01), basicSegments:64, criteriaSegments:64, timeout:PT3M19S
09-18 17:36:38.163 I/JpTis_TsSatelliteEitSchSegmentTableContainerFactory@9( 2016): create EitSchExtended container. networkId:4, serviceId:244, serviceType:AribServiceType(serviceTypeValue=0x01), basicSegments:64, criteriaSegments:64, timeout:PT3M19S
09-18 17:36:38.165 I/JpTis_IsdbSFrontendTuneImpl@9( 2016): startTuning: frontendSettings: frequency:1394720000, streamId:0x4733, streamIdType:0x00, modulation:1, codeRate:1, symbolRate:0, rollOff:0
09-18 17:36:38.165 D/MediaTvTuner( 2016): Tune to 1394720000
09-18 17:36:38.179 D/android.hardware.media.c2@1.1-mediatek(  607): [import_mtk_dtv_native_buffer(): 717] mst buffer is secure: 0
09-18 17:36:38.180 D/VCodecVencImpl(  607): [L 572][MtkVencSetConfig]
09-18 17:36:38.180 D/android.hardware.media.c2@1.1-mediatek(  607): [import_mtk_dtv_native_buffer(): 717] mst buffer is secure: 0
09-18 17:36:38.185 I/kernel  ( 6265): [  265.445906][MTK_V4L2] level=0 vidioc_venc_qbuf(),1318: [4] id=0 getdata FB(2088960,2) vb=000000000c42c7f0 pts=0
09-18 17:36:38.185 D/VCodecVenc(  607): [L 324][EnqueInputBuffer]
09-18 17:36:38.206 V/mtktv.frontend(  636): [close:2683]: REMOVE DELAY in Frontend::close() to chk mutex work or not when open)
09-18 17:36:38.208 I/JpTis_MmtSatelliteStreamSiAccumulatingRequest@11( 2016): tryNext
09-18 17:36:38.215 I/kernel  ( 6265): [  265.476454][MTK_V4L2] level=0 vidioc_venc_qbuf(),1318: [4] id=0 getdata FB(2088960,2) vb=000000000c42c7f0 pts=0
09-18 17:36:38.208 I/JpTis_MmtSatelliteStreamSiAccumulatingRequest@11( 2016): process next.
09-18 17:36:38.210 D/MediaTvTuner( 2016): Requesting frontend: clientId = 15, frontendType = 8
09-18 17:36:38.211 D/VCodecVencImpl(  607): [L 572][MtkVencSetConfig]
09-18 17:36:38.212 D/android.hardware.media.c2@1.1-mediatek(  607): [import_mtk_dtv_native_buffer(): 717] mst buffer is secure: 0
09-18 17:36:38.213 D/android.hardware.media.c2@1.1-mediatek(  607): [import_mtk_dtv_native_buffer(): 717] mst buffer is secure: 0
09-18 17:36:38.214 I/JpTis_MmtSatelliteEitSchSegmentTableContainerFactory@11( 2016): create EitSchBasicActual container. networkId:11, serviceId:221, serviceType:AribServiceType(serviceTypeValue=0x01), basicSegments:64, criteriaSegments:64, timeout:PT12S
09-18 17:36:38.214 I/JpTis_MmtSatelliteEitSchSegmentTableContainerFactory@11( 2016): create EitSchExtended container. networkId:11, serviceId:221, serviceType:AribServiceType(serviceTypeValue=0x01), basicSegments:64, criteriaSegments:64, timeout:PT1M7S
09-18 17:36:38.217 D/VCodecVenc(  607): [L 324][EnqueInputBuffer]
09-18 17:36:38.217 E/<MI3>   (  636): <ERR>MI_TUNER_GetAttr[13152]: pOutputParams is NULL
09-18 17:36:38.218 V/mtktv.frontend(  636): [open:2541]: @@@@@@@@@@@@Frontend_open
09-18 17:36:38.219 I/JpTis_IsdbS3FrontendTuneImpl@11( 2016): startTuning: frontendSettings: frequency:2356740000, streamId:0xb081, streamIdType:0x00, modulation:1, codeRate:1, symbolRate:0, rollOff:0
09-18 17:36:38.219 D/MediaTvTuner( 2016): Tune to 2356740000
09-18 17:36:38.223 I/kernel  ( 7020): [  265.483882]mtk_cfm: [cfm_init][600]
09-18 17:36:38.223 I/kernel  ( 7020): [  265.483895]mtk_cfm: [_confirm_which_tuner_use][299]
09-18 17:36:38.223 I/kernel  ( 7020): [  265.483899]mtk_cfm: [_convert_array_to_u16][282], testValue.element[i = 0] = [0x1], value = [0x2]
09-18 17:36:38.223 I/kernel  ( 7020): [  265.483904]mtk_cfm: [_convert_array_to_u16][282], testValue.element[i = 1] = [0x2], value = [0x6]
09-18 17:36:38.223 I/kernel  ( 7020): [  265.483907]mtk_cfm: [_convert_array_to_u16][282], testValue.element[i = 2] = [0x3], value = [0xe]
09-18 17:36:38.223 I/kernel  ( 7020): [  265.483910]mtk_cfm: [_convert_array_to_u16][282], testValue.element[i = 3] = [0x5], value = [0x2e]
09-18 17:36:38.223 I/kernel  ( 7020): [  265.483913]mtk_cfm: [_convert_array_to_u16][282], testValue.element[i = 4] = [0x6], value = [0x6e]
09-18 17:36:38.223 I/kernel  ( 7020): [  265.483917]mtk_cfm: [_convert_array_to_u16][282], testValue.element[i = 5] = [0x8], value = [0x16e]
09-18 17:36:38.223 I/kernel  ( 7020): [  265.483920]mtk_cfm: [_convert_array_to_u16][282], testValue.element[i = 6] = [0x9], value = [0x36e]
09-18 17:36:38.223 I/kernel  ( 7020): [  265.483923]mtk_cfm: [_convert_array_to_u16][282], testValue.element[i = 7] = [0xa], value = [0x76e]
09-18 17:36:38.223 I/kernel  ( 7020): [  265.483926]mtk_cfm: [_convert_array_to_u16][282], testValue.element[i = 8] = [0xb], value = [0xf6e]
09-18 17:36:38.223 I/kernel  ( 7020): [  265.483929]mtk_cfm: [_convert_array_to_u16][282], testValue.element[i = 9] = [0xd], value = [0x2f6e]
09-18 17:36:38.223 I/kernel  ( 7020): [  265.483932]mtk_cfm: [_convert_array_to_u16][282], testValue.element[i = 10] = [0x10], value = [0x12f6e]
09-18 17:36:38.223 I/kernel  ( 7020): [  265.483935]mtk_cfm: [_convert_array_to_u16][282], testValue.element[i = 11] = [0x12], value = [0x52f6e]
09-18 17:36:38.223 I/kernel  ( 7020): [  265.483938]mtk_cfm: [_convert_array_to_u16][282], testValue.element[i = 12] = [0x14], value = [0x152f6e]
09-18 17:36:38.223 I/kernel  ( 7020): [  265.483941]mtk_cfm: [_convert_array_to_u16][282], testValue.element[i = 13] = [0x15], value = [0x352f6e]
09-18 17:36:38.223 I/kernel  ( 7020): [  265.483944]mtk_cfm: [_convert_array_to_u16][282], testValue.element[i = 14] = [0x13], value = [0x3d2f6e]
09-18 17:36:38.223 I/kernel  ( 7020): [  265.483947]mtk_cfm: [_confirm_which_tuner_use][322], board_del_sys_capability = [0x3d2f6e]
09-18 17:36:38.223 I/kernel  ( 7020): [  265.483950]mtk_cfm: [_confirm_which_tuner_use][327], act_del_sys_capability = [0x3d2f6e]
09-18 17:36:38.223 I/kernel  ( 7020): [  265.483953]mtk_cfm: [_confirm_which_tuner_use][333], Correct to selected tuner index = [0]
09-18 17:36:38.223 I/kernel  ( 7020): [  265.483955]mtk_cfm: [_confirm_which_demod_use][368]
09-18 17:36:38.241 D/VCodecVencImpl(  607): [L 572][MtkVencSetConfig]
09-18 17:36:38.241 D/android.hardware.media.c2@1.1-mediatek(  607): [import_mtk_dtv_native_buffer(): 717] mst buffer is secure: 0
09-18 17:36:38.241 D/android.hardware.media.c2@1.1-mediatek(  607): [import_mtk_dtv_native_buffer(): 717] mst buffer is secure: 0
09-18 17:36:38.246 I/kernel  ( 6265): [  265.506985][MTK_V4L2] level=0 vidioc_venc_qbuf(),1318: [4] id=0 getdata FB(2088960,2) vb=000000000c42c7f0 pts=0
09-18 17:36:38.246 D/VCodecVenc(  607): [L 324][EnqueInputBuffer]
09-18 17:36:38.256 I/kernel  (  636): [  265.517577]mtk_cfm: [cfm_set_lna][725] lna 1
09-18 17:36:38.255 D/MediaTvTuner( 2016): Write Stats Log for tuning.
09-18 17:36:38.255 D/MediaTvTuner( 2016): Requesting frontend: clientId = 12, frontendType = 7
09-18 17:36:38.256 I/JpTis_IsdbS3FrontendTuneImpl@12( 2016): LnbStatusCallbackImpl:onLnbStatusChanged from:LnbStatus(voltageOn=false, status=Pending) to:LnbStatus(voltageOn=false, status=Pending) lnbPowerStatus:Pending
09-18 17:36:38.259 W/kernel  (  636): [  265.520113]mediatek,dvb-adapter mtk-dvb-adapter: DVB: adapter 0 frontend 0 frequency limits undefined - fix the driver
09-18 17:36:38.259 I/kernel  (  636): [  265.520132]mtk_cfm: [cfm_get_tune_settings][1149]
09-18 17:36:38.259 I/kernel  ( 7020): [  265.520151]mtk_cfm: [cfm_get_frontend_algo][1070]
09-18 17:36:38.259 I/kernel  ( 7020): [  265.520158]mtk_cfm: [cfm_tune][777]Start: re_tune = 1
09-18 17:36:38.259 I/kernel  ( 7020): [  265.520161]mtk_cfm: [_confirm_which_tuner_use][299]
09-18 17:36:38.258 E/<MI3>   (  636): <ERR>MI_TUNER_GetAttr[13152]: pOutputParams is NULL
09-18 17:36:38.259 I/kernel  ( 7020): [  265.520165]mtk_cfm: [_convert_array_to_u16][282], testValue.element[i = 0] = [0x1], value = [0x2]
09-18 17:36:38.258 V/mtktv.frontend(  636): [open:2541]: @@@@@@@@@@@@Frontend_open
09-18 17:36:38.259 I/kernel  ( 7020): [  265.520169]mtk_cfm: [_convert_array_to_u16][282], testValue.element[i = 1] = [0x2], value = [0x6]
09-18 17:36:38.259 I/kernel  ( 7020): [  265.520172]mtk_cfm: [_convert_array_to_u16][282], testValue.element[i = 2] = [0x3], value = [0xe]
09-18 17:36:38.259 I/kernel  ( 7020): [  265.520175]mtk_cfm: [_convert_array_to_u16][282], testValue.element[i = 3] = [0x5], value = [0x2e]
09-18 17:36:38.259 I/kernel  ( 7020): [  265.520178]mtk_cfm: [_convert_array_to_u16][282], testValue.element[i = 4] = [0x6], value = [0x6e]
09-18 17:36:38.259 I/kernel  ( 7020): [  265.520181]mtk_cfm: [_convert_array_to_u16][282], testValue.element[i = 5] = [0x8], value = [0x16e]
09-18 17:36:38.259 I/kernel  ( 7020): [  265.520184]mtk_cfm: [_convert_array_to_u16][282], testValue.element[i = 6] = [0x9], value = [0x36e]
09-18 17:36:38.259 I/kernel  ( 7020): [  265.520188]mtk_cfm: [_convert_array_to_u16][282], testValue.element[i = 7] = [0xa], value = [0x76e]
09-18 17:36:38.259 I/kernel  ( 7020): [  265.520191]mtk_cfm: [_convert_array_to_u16][282], testValue.element[i = 8] = [0xb], value = [0xf6e]
09-18 17:36:38.259 I/kernel  ( 7020): [  265.520193]mtk_cfm: [_convert_array_to_u16][282], testValue.element[i = 9] = [0xd], value = [0x2f6e]
09-18 17:36:38.259 I/kernel  ( 7020): [  265.520197]mtk_cfm: [_convert_array_to_u16][282], testValue.element[i = 10] = [0x10], value = [0x12f6e]
09-18 17:36:38.259 I/kernel  ( 7020): [  265.520200]mtk_cfm: [_convert_array_to_u16][282], testValue.element[i = 11] = [0x12], value = [0x52f6e]
09-18 17:36:38.259 I/kernel  ( 7020): [  265.520203]mtk_cfm: [_convert_array_to_u16][282], testValue.element[i = 12] = [0x14], value = [0x152f6e]
09-18 17:36:38.259 I/kernel  ( 7020): [  265.520206]mtk_cfm: [_convert_array_to_u16][282], testValue.element[i = 13] = [0x15], value = [0x352f6e]
09-18 17:36:38.259 I/kernel  ( 7020): [  265.520209]mtk_cfm: [_convert_array_to_u16][282], testValue.element[i = 14] = [0x13], value = [0x3d2f6e]
09-18 17:36:38.259 I/kernel  ( 7020): [  265.520212]mtk_cfm: [_confirm_which_tuner_use][322], board_del_sys_capability = [0x3d2f6e]
09-18 17:36:38.259 I/kernel  ( 7020): [  265.520215]mtk_cfm: [_confirm_which_tuner_use][327], act_del_sys_capability = [0x3d2f6e]
09-18 17:36:38.259 I/kernel  ( 7020): [  265.520218]mtk_cfm: [_confirm_which_tuner_use][333], Correct to selected tuner index = [0]
09-18 17:36:38.259 I/kernel  ( 7020): [  265.520220]mtk_cfm: [cfm_tune][790],	tuner_idx_use = [0]
09-18 17:36:38.259 I/kernel  ( 7020): [  265.520223]mtk_cfm: [_confirm_which_demod_use][368]
09-18 17:36:38.259 I/kernel  ( 7020): [  265.520226]mtk_cfm: [cfm_tune][799], dmd_idx_use = [0]
09-18 17:36:38.259 I/kernel  ( 7020): [  265.520228]mtk_cfm: [_check_and_do_frontend_init][548]
09-18 17:36:38.259 I/kernel  ( 7020): [  265.520230]mtk_cfm: [_check_and_do_tuner_init][467]
09-18 17:36:38.261 I/kernel  ( 7022): [  265.522570]mtk_cfm: [cfm_init][600]
09-18 17:36:38.261 I/kernel  ( 7022): [  265.522595]mtk_cfm: [_confirm_which_tuner_use][299]
09-18 17:36:38.261 I/kernel  ( 7022): [  265.522599]mtk_cfm: [_convert_array_to_u16][282], testValue.element[i = 0] = [0x1], value = [0x2]
09-18 17:36:38.261 I/kernel  ( 7022): [  265.522603]mtk_cfm: [_convert_array_to_u16][282], testValue.element[i = 1] = [0x2], value = [0x6]
09-18 17:36:38.261 I/kernel  ( 7022): [  265.522607]mtk_cfm: [_convert_array_to_u16][282], testValue.element[i = 2] = [0x3], value = [0xe]
09-18 17:36:38.261 I/kernel  ( 7022): [  265.522610]mtk_cfm: [_convert_array_to_u16][282], testValue.element[i = 3] = [0x5], value = [0x2e]
09-18 17:36:38.261 I/kernel  ( 7022): [  265.522613]mtk_cfm: [_convert_array_to_u16][282], testValue.element[i = 4] = [0x6], value = [0x6e]
09-18 17:36:38.261 I/kernel  ( 7022): [  265.522616]mtk_cfm: [_convert_array_to_u16][282], testValue.element[i = 5] = [0x8], value = [0x16e]
09-18 17:36:38.261 I/kernel  ( 7022): [  265.522619]mtk_cfm: [_convert_array_to_u16][282], testValue.element[i = 6] = [0x9], value = [0x36e]
09-18 17:36:38.261 I/kernel  ( 7022): [  265.522623]mtk_cfm: [_convert_array_to_u16][282], testValue.element[i = 7] = [0xa], value = [0x76e]
09-18 17:36:38.261 I/kernel  ( 7022): [  265.522625]mtk_cfm: [_convert_array_to_u16][282], testValue.element[i = 8] = [0xb], value = [0xf6e]
09-18 17:36:38.261 I/kernel  ( 7022): [  265.522628]mtk_cfm: [_convert_array_to_u16][282], testValue.element[i = 9] = [0xd], value = [0x2f6e]
09-18 17:36:38.261 I/kernel  ( 7022): [  265.522631]mtk_cfm: [_convert_array_to_u16][282], testValue.element[i = 10] = [0x10], value = [0x12f6e]
09-18 17:36:38.261 I/kernel  ( 7022): [  265.522635]mtk_cfm: [_convert_array_to_u16][282], testValue.element[i = 11] = [0x12], value = [0x52f6e]
09-18 17:36:38.261 I/kernel  ( 7022): [  265.522638]mtk_cfm: [_convert_array_to_u16][282], testValue.element[i = 12] = [0x14], value = [0x152f6e]
09-18 17:36:38.261 I/kernel  ( 7022): [  265.522641]mtk_cfm: [_convert_array_to_u16][282], testValue.element[i = 13] = [0x15], value = [0x352f6e]
09-18 17:36:38.261 I/kernel  ( 7022): [  265.522644]mtk_cfm: [_convert_array_to_u16][282], testValue.element[i = 14] = [0x13], value = [0x3d2f6e]
09-18 17:36:38.261 I/kernel  ( 7022): [  265.522647]mtk_cfm: [_confirm_which_tuner_use][322], board_del_sys_capability = [0x3d2f6e]
09-18 17:36:38.261 I/kernel  ( 7022): [  265.522650]mtk_cfm: [_confirm_which_tuner_use][327], act_del_sys_capability = [0x3d2f6e]
09-18 17:36:38.261 I/kernel  ( 7022): [  265.522652]mtk_cfm: [_confirm_which_tuner_use][333], Correct to selected tuner index = [0]
09-18 17:36:38.262 I/kernel  ( 7022): [  265.522767]mtk_cfm: [_confirm_which_demod_use][368]
09-18 17:36:38.271 D/VCodecVencImpl(  607): [L 572][MtkVencSetConfig]
09-18 17:36:38.271 D/android.hardware.media.c2@1.1-mediatek(  607): [import_mtk_dtv_native_buffer(): 717] mst buffer is secure: 0
09-18 17:36:38.273 D/android.hardware.media.c2@1.1-mediatek(  607): [import_mtk_dtv_native_buffer(): 717] mst buffer is secure: 0
09-18 17:36:38.276 I/kernel  ( 6265): [  265.537204][MTK_V4L2] level=0 vidioc_venc_qbuf(),1318: [4] id=0 getdata FB(2088960,2) vb=000000000c42c7f0 pts=0
09-18 17:36:38.277 D/VCodecVenc(  607): [L 324][EnqueInputBuffer]
09-18 17:36:38.279 I/kernel  ( 7020): [  265.539782]mtk_cfm: [_check_and_do_demod_init][417]
09-18 17:36:38.296 I/kernel  ( 7020): [  265.557254]cxd_tnr: [cxd_tnr_set_params][372] broadcastType:20 freq:3166000 bandwidth_hz:0 tvsystem:0
09-18 17:36:38.296 I/kernel  ( 7020): [  265.557539]cxd_tnr: :----------------------     TUNE (Tuner)      -------------------
09-18 17:36:38.296 I/kernel  ( 7020): [  265.557542]cxd_tnr: :                      | dtvSystem           | (sat)
09-18 17:36:38.296 I/kernel  ( 7020): [  265.557544]cxd_tnr: :                      | frequency           | 3166000 kHz
09-18 17:36:38.296 I/kernel  ( 7020): [  265.557547]cxd_tnr: :                      | symbol rate         | 0 ksps
09-18 17:36:38.301 D/VCodecVencImpl(  607): [L 572][MtkVencSetConfig]
09-18 17:36:38.301 D/android.hardware.media.c2@1.1-mediatek(  607): [import_mtk_dtv_native_buffer(): 717] mst buffer is secure: 0
09-18 17:36:38.305 I/kernel  (  636): [  265.566174]mtk_cfm: [cfm_set_lna][725] lna 1
09-18 17:36:38.306 I/kernel  ( 6265): [  265.567455][MTK_V4L2] level=0 vidioc_venc_qbuf(),1318: [4] id=0 getdata FB(2088960,2) vb=000000000c42c7f0 pts=0
09-18 17:36:38.303 D/android.hardware.media.c2@1.1-mediatek(  607): [import_mtk_dtv_native_buffer(): 717] mst buffer is secure: 0
09-18 17:36:38.304 D/MediaTvTuner( 2016): Write Stats Log for tuning.
09-18 17:36:38.304 D/MediaTvTuner( 2016): Requesting frontend: clientId = 14, frontendType = 8
09-18 17:36:38.306 I/JpTis_IsdbSFrontendTuneImpl@9( 2016): LnbStatusCallbackImpl:onLnbStatusChanged from:LnbStatus(voltageOn=false, status=Pending) to:LnbStatus(voltageOn=false, status=Pending) lnbPowerStatus:Pending
09-18 17:36:38.307 D/VCodecVenc(  607): [L 324][EnqueInputBuffer]
09-18 17:36:38.308 W/kernel  (  636): [  265.569124]mediatek,dvb-adapter mtk-dvb-adapter: DVB: adapter 0 frontend 1 frequency limits undefined - fix the driver
09-18 17:36:38.308 I/kernel  (  636): [  265.569147]mtk_cfm: [cfm_get_tune_settings][1149]
09-18 17:36:38.308 I/kernel  ( 7022): [  265.569172]mtk_cfm: [cfm_get_frontend_algo][1070]
09-18 17:36:38.308 I/kernel  ( 7022): [  265.569180]mtk_cfm: [cfm_tune][777]Start: re_tune = 1
09-18 17:36:38.308 I/kernel  ( 7022): [  265.569184]mtk_cfm: [_confirm_which_tuner_use][299]
09-18 17:36:38.308 I/kernel  ( 7022): [  265.569187]mtk_cfm: [_convert_array_to_u16][282], testValue.element[i = 0] = [0x1], value = [0x2]
09-18 17:36:38.308 I/kernel  ( 7022): [  265.569191]mtk_cfm: [_convert_array_to_u16][282], testValue.element[i = 1] = [0x2], value = [0x6]
09-18 17:36:38.308 I/kernel  ( 7022): [  265.569194]mtk_cfm: [_convert_array_to_u16][282], testValue.element[i = 2] = [0x3], value = [0xe]
09-18 17:36:38.308 I/kernel  ( 7022): [  265.569198]mtk_cfm: [_convert_array_to_u16][282], testValue.element[i = 3] = [0x5], value = [0x2e]
09-18 17:36:38.308 I/kernel  ( 7022): [  265.569201]mtk_cfm: [_convert_array_to_u16][282], testValue.element[i = 4] = [0x6], value = [0x6e]
09-18 17:36:38.308 I/kernel  ( 7022): [  265.569204]mtk_cfm: [_convert_array_to_u16][282], testValue.element[i = 5] = [0x8], value = [0x16e]
09-18 17:36:38.308 I/kernel  ( 7022): [  265.569207]mtk_cfm: [_convert_array_to_u16][282], testValue.element[i = 6] = [0x9], value = [0x36e]
09-18 17:36:38.308 I/kernel  ( 7022): [  265.569210]mtk_cfm: [_convert_array_to_u16][282], testValue.element[i = 7] = [0xa], value = [0x76e]
09-18 17:36:38.308 I/kernel  ( 7022): [  265.569213]mtk_cfm: [_convert_array_to_u16][282], testValue.element[i = 8] = [0xb], value = [0xf6e]
09-18 17:36:38.308 I/kernel  ( 7022): [  265.569216]mtk_cfm: [_convert_array_to_u16][282], testValue.element[i = 9] = [0xd], value = [0x2f6e]
09-18 17:36:38.308 I/kernel  ( 7022): [  265.569219]mtk_cfm: [_convert_array_to_u16][282], testValue.element[i = 10] = [0x10], value = [0x12f6e]
09-18 17:36:38.308 I/kernel  ( 7022): [  265.569222]mtk_cfm: [_convert_array_to_u16][282], testValue.element[i = 11] = [0x12], value = [0x52f6e]
09-18 17:36:38.308 I/kernel  ( 7022): [  265.569225]mtk_cfm: [_convert_array_to_u16][282], testValue.element[i = 12] = [0x14], value = [0x152f6e]
09-18 17:36:38.308 I/kernel  ( 7022): [  265.569228]mtk_cfm: [_convert_array_to_u16][282], testValue.element[i = 13] = [0x15], value = [0x352f6e]
09-18 17:36:38.308 I/kernel  ( 7022): [  265.569232]mtk_cfm: [_convert_array_to_u16][282], testValue.element[i = 14] = [0x13], value = [0x3d2f6e]
09-18 17:36:38.308 I/kernel  ( 7022): [  265.569235]mtk_cfm: [_confirm_which_tuner_use][322], board_del_sys_capability = [0x3d2f6e]
09-18 17:36:38.308 I/kernel  ( 7022): [  265.569237]mtk_cfm: [_confirm_which_tuner_use][327], act_del_sys_capability = [0x3d2f6e]
09-18 17:36:38.308 I/kernel  ( 7022): [  265.569240]mtk_cfm: [_confirm_which_tuner_use][333], Correct to selected tuner index = [0]
09-18 17:36:38.308 I/kernel  ( 7022): [  265.569244]mtk_cfm: [cfm_tune][790],	tuner_idx_use = [0]
09-18 17:36:38.308 I/kernel  ( 7022): [  265.569247]mtk_cfm: [_confirm_which_demod_use][368]
09-18 17:36:38.308 I/kernel  ( 7022): [  265.569249]mtk_cfm: [cfm_tune][799], dmd_idx_use = [0]
09-18 17:36:38.308 I/kernel  ( 7022): [  265.569252]mtk_cfm: [_check_and_do_frontend_init][548]
09-18 17:36:38.308 I/kernel  ( 7022): [  265.569254]mtk_cfm: [_check_and_do_tuner_init][467]
09-18 17:36:38.309 E/<MI3>   (  636): <ERR>MI_TUNER_GetAttr[13152]: pOutputParams is NULL
09-18 17:36:38.309 V/mtktv.frontend(  636): [open:2541]: @@@@@@@@@@@@Frontend_open
09-18 17:36:38.317 I/kernel  ( 7024): [  265.577897]mtk_cfm: [cfm_init][600]
09-18 17:36:38.317 I/kernel  ( 7024): [  265.577910]mtk_cfm: [_confirm_which_tuner_use][299]
09-18 17:36:38.317 I/kernel  ( 7024): [  265.577914]mtk_cfm: [_convert_array_to_u16][282], testValue.element[i = 0] = [0x1], value = [0x2]
09-18 17:36:38.317 I/kernel  ( 7024): [  265.577918]mtk_cfm: [_convert_array_to_u16][282], testValue.element[i = 1] = [0x2], value = [0x6]
09-18 17:36:38.317 I/kernel  ( 7024): [  265.577922]mtk_cfm: [_convert_array_to_u16][282], testValue.element[i = 2] = [0x3], value = [0xe]
09-18 17:36:38.317 I/kernel  ( 7024): [  265.577925]mtk_cfm: [_convert_array_to_u16][282], testValue.element[i = 3] = [0x5], value = [0x2e]
09-18 17:36:38.317 I/kernel  ( 7024): [  265.577928]mtk_cfm: [_convert_array_to_u16][282], testValue.element[i = 4] = [0x6], value = [0x6e]
09-18 17:36:38.317 I/kernel  ( 7024): [  265.577931]mtk_cfm: [_convert_array_to_u16][282], testValue.element[i = 5] = [0x8], value = [0x16e]
09-18 17:36:38.317 I/kernel  ( 7024): [  265.577934]mtk_cfm: [_convert_array_to_u16][282], testValue.element[i = 6] = [0x9], value = [0x36e]
09-18 17:36:38.317 I/kernel  ( 7024): [  265.577937]mtk_cfm: [_convert_array_to_u16][282], testValue.element[i = 7] = [0xa], value = [0x76e]
09-18 17:36:38.317 I/kernel  ( 7024): [  265.577940]mtk_cfm: [_convert_array_to_u16][282], testValue.element[i = 8] = [0xb], value = [0xf6e]
09-18 17:36:38.317 I/kernel  ( 7024): [  265.577943]mtk_cfm: [_convert_array_to_u16][282], testValue.element[i = 9] = [0xd], value = [0x2f6e]
09-18 17:36:38.317 I/kernel  ( 7024): [  265.577946]mtk_cfm: [_convert_array_to_u16][282], testValue.element[i = 10] = [0x10], value = [0x12f6e]
09-18 17:36:38.317 I/kernel  ( 7024): [  265.577949]mtk_cfm: [_convert_array_to_u16][282], testValue.element[i = 11] = [0x12], value = [0x52f6e]
09-18 17:36:38.317 I/kernel  ( 7024): [  265.577953]mtk_cfm: [_convert_array_to_u16][282], testValue.element[i = 12] = [0x14], value = [0x152f6e]
09-18 17:36:38.317 I/kernel  ( 7024): [  265.577956]mtk_cfm: [_convert_array_to_u16][282], testValue.element[i = 13] = [0x15], value = [0x352f6e]
09-18 17:36:38.317 I/kernel  ( 7024): [  265.577959]mtk_cfm: [_convert_array_to_u16][282], testValue.element[i = 14] = [0x13], value = [0x3d2f6e]
09-18 17:36:38.317 I/kernel  ( 7024): [  265.577962]mtk_cfm: [_confirm_which_tuner_use][322], board_del_sys_capability = [0x3d2f6e]
09-18 17:36:38.317 I/kernel  ( 7024): [  265.577964]mtk_cfm: [_confirm_which_tuner_use][327], act_del_sys_capability = [0x3d2f6e]
09-18 17:36:38.317 I/kernel  ( 7024): [  265.577967]mtk_cfm: [_confirm_which_tuner_use][333], Correct to selected tuner index = [0]
09-18 17:36:38.317 I/kernel  ( 7024): [  265.577970]mtk_cfm: [_confirm_which_demod_use][368]
09-18 17:36:38.322 I/kernel  ( 7020): [  265.582874]cxd_tnr: Request Freq, 3166000 [kHz]; RSSI, -74390e-3 [dBm]; Symbol rate, 33756.1 [ksps];
09-18 17:36:38.322 I/kernel  ( 7020): [  265.583045]cxd_tnr: : PLL Lock (Tuner)     | PLL Lock (REG)      | reg:0x1d value=0x2
09-18 17:36:38.323 I/kernel  ( 7020): [  265.584253]cxd_tnr: : AGC (Tuner)          | IF AGC (REG)        | reg:0x5B value=0x39
09-18 17:36:38.323 E/kernel  ( 7020): [  265.584266]cxd_tnr: [cxd_tnr_cfm_get_params][754] unknown 20
09-18 17:36:38.323 I/kernel  ( 7020): [  265.584402]cxd_dmd: :----------------------     TUNE (Demod)      -------------------
09-18 17:36:38.323 I/kernel  ( 7020): [  265.584405]cxd_dmd: :                      | delivery System(dvb)| 20
09-18 17:36:38.331 I/kernel  ( 7022): [  265.592651]mtk_cfm: [_check_and_do_demod_init][417]
09-18 17:36:38.332 D/VCodecVencImpl(  607): [L 572][MtkVencSetConfig]
09-18 17:36:38.332 D/android.hardware.media.c2@1.1-mediatek(  607): [import_mtk_dtv_native_buffer(): 717] mst buffer is secure: 0
09-18 17:36:38.334 D/android.hardware.media.c2@1.1-mediatek(  607): [import_mtk_dtv_native_buffer(): 717] mst buffer is secure: 0
09-18 17:36:38.337 I/kernel  ( 6265): [  265.597778][MTK_V4L2] level=0 vidioc_venc_qbuf(),1318: [4] id=0 getdata FB(2088960,2) vb=000000000c42c7f0 pts=0
09-18 17:36:38.338 D/VCodecVenc(  607): [L 324][EnqueInputBuffer]
09-18 17:36:38.350 I/kernel  ( 7020): [  265.611261]cxd_dmd: :                      | frequency           | 3166000 kHz
09-18 17:36:38.350 I/kernel  ( 7020): [  265.611308]mtk_cfm: [cfm_tune][868] demod_result : 0
09-18 17:36:38.353 I/kernel  ( 7020): [  265.614343]mtk_cfm: [cfm_tune][896]E(status:0x0)
09-18 17:36:38.358 I/kernel  ( 7022): [  265.619317]cxd_tnr: [cxd_tnr_set_params][372] broadcastType:9 freq:1394720 bandwidth_hz:0 tvsystem:0
09-18 17:36:38.358 I/kernel  ( 7022): [  265.619617]cxd_tnr: :----------------------     TUNE (Tuner)      -------------------
09-18 17:36:38.358 I/kernel  ( 7022): [  265.619621]cxd_tnr: :                      | dtvSystem           | (sat)
09-18 17:36:38.358 I/kernel  ( 7022): [  265.619624]cxd_tnr: :                      | frequency           | 1394720 kHz
09-18 17:36:38.358 I/kernel  ( 7022): [  265.619626]cxd_tnr: :                      | symbol rate         | 0 ksps
09-18 17:36:38.362 D/android.hardware.media.c2@1.1-mediatek(  607): [import_mtk_dtv_native_buffer(): 717] mst buffer is secure: 0
09-18 17:36:38.362 D/VCodecVencImpl(  607): [L 572][MtkVencSetConfig]
09-18 17:36:38.364 D/android.hardware.media.c2@1.1-mediatek(  607): [import_mtk_dtv_native_buffer(): 717] mst buffer is secure: 0
09-18 17:36:38.365 I/kernel  (  636): [  265.625812]mtk_cfm: [cfm_set_lna][725] lna 1
09-18 17:36:38.368 I/kernel  ( 6265): [  265.628682][MTK_V4L2] level=0 vidioc_venc_qbuf(),1318: [4] id=0 getdata FB(2088960,2) vb=000000000c42c7f0 pts=0
09-18 17:36:38.365 D/MediaTvTuner( 2016): Write Stats Log for tuning.
09-18 17:36:38.367 I/JpTis_IsdbS3FrontendTuneImpl@11( 2016): LnbStatusCallbackImpl:onLnbStatusChanged from:LnbStatus(voltageOn=false, status=Pending) to:LnbStatus(voltageOn=false, status=Pending) lnbPowerStatus:Pending
09-18 17:36:38.369 W/kernel  (  636): [  265.630313]mediatek,dvb-adapter mtk-dvb-adapter: DVB: adapter 0 frontend 2 frequency limits undefined - fix the driver
09-18 17:36:38.369 I/kernel  (  636): [  265.630335]mtk_cfm: [cfm_get_tune_settings][1149]
09-18 17:36:38.369 I/kernel  ( 7024): [  265.630361]mtk_cfm: [cfm_get_frontend_algo][1070]
09-18 17:36:38.369 I/kernel  ( 7024): [  265.630370]mtk_cfm: [cfm_tune][777]Start: re_tune = 1
09-18 17:36:38.369 I/kernel  ( 7024): [  265.630374]mtk_cfm: [_confirm_which_tuner_use][299]
09-18 17:36:38.369 I/kernel  ( 7024): [  265.630378]mtk_cfm: [_convert_array_to_u16][282], testValue.element[i = 0] = [0x1], value = [0x2]
09-18 17:36:38.369 I/kernel  ( 7024): [  265.630382]mtk_cfm: [_convert_array_to_u16][282], testValue.element[i = 1] = [0x2], value = [0x6]
09-18 17:36:38.369 I/kernel  ( 7024): [  265.630385]mtk_cfm: [_convert_array_to_u16][282], testValue.element[i = 2] = [0x3], value = [0xe]
09-18 17:36:38.369 I/kernel  ( 7024): [  265.630388]mtk_cfm: [_convert_array_to_u16][282], testValue.element[i = 3] = [0x5], value = [0x2e]
09-18 17:36:38.369 I/kernel  ( 7024): [  265.630391]mtk_cfm: [_convert_array_to_u16][282], testValue.element[i = 4] = [0x6], value = [0x6e]
09-18 17:36:38.369 I/kernel  ( 7024): [  265.630394]mtk_cfm: [_convert_array_to_u16][282], testValue.element[i = 5] = [0x8], value = [0x16e]
09-18 17:36:38.369 I/kernel  ( 7024): [  265.630397]mtk_cfm: [_convert_array_to_u16][282], testValue.element[i = 6] = [0x9], value = [0x36e]
09-18 17:36:38.369 I/kernel  ( 7024): [  265.630401]mtk_cfm: [_convert_array_to_u16][282], testValue.element[i = 7] = [0xa], value = [0x76e]
09-18 17:36:38.369 I/kernel  ( 7024): [  265.630404]mtk_cfm: [_convert_array_to_u16][282], testValue.element[i = 8] = [0xb], value = [0xf6e]
09-18 17:36:38.369 I/kernel  ( 7024): [  265.630407]mtk_cfm: [_convert_array_to_u16][282], testValue.element[i = 9] = [0xd], value = [0x2f6e]
09-18 17:36:38.369 I/kernel  ( 7024): [  265.630410]mtk_cfm: [_convert_array_to_u16][282], testValue.element[i = 10] = [0x10], value = [0x12f6e]
09-18 17:36:38.369 I/kernel  ( 7024): [  265.630413]mtk_cfm: [_convert_array_to_u16][282], testValue.element[i = 11] = [0x12], value = [0x52f6e]
09-18 17:36:38.369 I/kernel  ( 7024): [  265.630416]mtk_cfm: [_convert_array_to_u16][282], testValue.element[i = 12] = [0x14], value = [0x152f6e]
09-18 17:36:38.369 I/kernel  ( 7024): [  265.630419]mtk_cfm: [_convert_array_to_u16][282], testValue.element[i = 13] = [0x15], value = [0x352f6e]
09-18 17:36:38.369 I/kernel  ( 7024): [  265.630422]mtk_cfm: [_convert_array_to_u16][282], testValue.element[i = 14] = [0x13], value = [0x3d2f6e]
09-18 17:36:38.369 I/kernel  ( 7024): [  265.630425]mtk_cfm: [_confirm_which_tuner_use][322], board_del_sys_capability = [0x3d2f6e]
09-18 17:36:38.369 I/kernel  ( 7024): [  265.630428]mtk_cfm: [_confirm_which_tuner_use][327], act_del_sys_capability = [0x3d2f6e]
09-18 17:36:38.369 I/kernel  ( 7024): [  265.630431]mtk_cfm: [_confirm_which_tuner_use][333], Correct to selected tuner index = [0]
09-18 17:36:38.369 I/kernel  ( 7024): [  265.630434]mtk_cfm: [cfm_tune][790],	tuner_idx_use = [0]
09-18 17:36:38.369 I/kernel  ( 7024): [  265.630436]mtk_cfm: [_confirm_which_demod_use][368]
09-18 17:36:38.369 I/kernel  ( 7024): [  265.630439]mtk_cfm: [cfm_tune][799], dmd_idx_use = [0]
09-18 17:36:38.369 I/kernel  ( 7024): [  265.630442]mtk_cfm: [_check_and_do_frontend_init][548]
09-18 17:36:38.369 I/kernel  ( 7024): [  265.630444]mtk_cfm: [_check_and_do_tuner_init][467]
09-18 17:36:38.368 D/VCodecVenc(  607): [L 324][EnqueInputBuffer]
09-18 17:36:38.378 I/kernel  ( 7022): [  265.639107]cxd_tnr: Request Freq, 1394720 [kHz]; RSSI, -76230e-3 [dBm]; Symbol rate, 28859.9 [ksps];
09-18 17:36:38.378 I/kernel  ( 7022): [  265.639310]cxd_tnr: : PLL Lock (Tuner)     | PLL Lock (REG)      | reg:0x1d value=0x2
09-18 17:36:38.380 I/kernel  ( 7022): [  265.640968]cxd_tnr: : AGC (Tuner)          | IF AGC (REG)        | reg:0x5B value=0x3B
09-18 17:36:38.380 E/kernel  ( 7022): [  265.640987]cxd_tnr: [cxd_tnr_cfm_get_params][754] unknown 9
09-18 17:36:38.380 I/kernel  ( 7022): [  265.641153]cxd_dmd: :----------------------     TUNE (Demod)      -------------------
09-18 17:36:38.380 I/kernel  ( 7022): [  265.641157]cxd_dmd: :                      | delivery System(dvb)| 9
09-18 17:36:38.380 I/kernel  ( 7022): [  265.641652]cxd_dmd: :                      | frequency           | 1394720 kHz
09-18 17:36:38.392 I/kernel  ( 7024): [  265.653661]mtk_cfm: [_check_and_do_demod_init][417]
09-18 17:36:38.394 I/kernel  ( 7022): [  265.654992]mtk_cfm: [cfm_tune][868] demod_result : 0
09-18 17:36:38.393 D/VCodecVencImpl(  607): [L 572][MtkVencSetConfig]
09-18 17:36:38.393 D/android.hardware.media.c2@1.1-mediatek(  607): [import_mtk_dtv_native_buffer(): 717] mst buffer is secure: 0
09-18 17:36:38.393 D/android.hardware.media.c2@1.1-mediatek(  607): [import_mtk_dtv_native_buffer(): 717] mst buffer is secure: 0
09-18 17:36:38.397 I/kernel  ( 7022): [  265.657760]mtk_cfm: [cfm_tune][896]E(status:0x0)
09-18 17:36:38.398 I/kernel  ( 6265): [  265.658858][MTK_V4L2] level=0 vidioc_venc_qbuf(),1318: [4] id=0 getdata FB(2088960,2) vb=000000000c42c7f0 pts=0
09-18 17:36:38.400 D/VCodecVenc(  607): [L 324][EnqueInputBuffer]
09-18 17:36:38.414 I/kernel  ( 7024): [  265.675520]cxd_tnr: [cxd_tnr_set_params][372] broadcastType:20 freq:2356740 bandwidth_hz:0 tvsystem:0
09-18 17:36:38.415 I/kernel  ( 7024): [  265.675860]cxd_tnr: :----------------------     TUNE (Tuner)      -------------------
09-18 17:36:38.415 I/kernel  ( 7024): [  265.675868]cxd_tnr: :                      | dtvSystem           | (sat)
09-18 17:36:38.415 I/kernel  ( 7024): [  265.675870]cxd_tnr: :                      | frequency           | 2356740 kHz
09-18 17:36:38.415 I/kernel  ( 7024): [  265.675874]cxd_tnr: :                      | symbol rate         | 0 ksps
09-18 17:36:38.423 D/VCodecVencImpl(  607): [L 572][MtkVencSetConfig]
09-18 17:36:38.423 D/android.hardware.media.c2@1.1-mediatek(  607): [import_mtk_dtv_native_buffer(): 717] mst buffer is secure: 0
09-18 17:36:38.424 D/android.hardware.media.c2@1.1-mediatek(  607): [import_mtk_dtv_native_buffer(): 717] mst buffer is secure: 0
09-18 17:36:38.428 I/kernel  ( 6265): [  265.689389][MTK_V4L2] level=0 vidioc_venc_qbuf(),1318: [4] id=0 getdata FB(2088960,2) vb=000000000c42c7f0 pts=0
09-18 17:36:38.428 D/VCodecVenc(  607): [L 324][EnqueInputBuffer]
09-18 17:36:38.435 I/kernel  ( 7024): [  265.696178]cxd_tnr: Request Freq, 2356740 [kHz]; RSSI, -68740e-3 [dBm]; Symbol rate, 33756.1 [ksps];
09-18 17:36:38.435 I/kernel  ( 7024): [  265.696350]cxd_tnr: : PLL Lock (Tuner)     | PLL Lock (REG)      | reg:0x1d value=0x2
09-18 17:36:38.436 I/kernel  ( 7024): [  265.697565]cxd_tnr: : AGC (Tuner)          | IF AGC (REG)        | reg:0x5B value=0x4B
09-18 17:36:38.436 E/kernel  ( 7024): [  265.697580]cxd_tnr: [cxd_tnr_cfm_get_params][754] unknown 20
09-18 17:36:38.437 I/kernel  ( 7024): [  265.697689]cxd_dmd: :----------------------     TUNE (Demod)      -------------------
09-18 17:36:38.437 I/kernel  ( 7024): [  265.697693]cxd_dmd: :                      | delivery System(dvb)| 20
09-18 17:36:38.446 I/kernel  ( 7024): [  265.707246]cxd_dmd: :                      | frequency           | 2356740 kHz
09-18 17:36:38.446 I/kernel  ( 7024): [  265.707343]mtk_cfm: [cfm_tune][868] demod_result : 0
09-18 17:36:38.448 I/kernel  ( 7024): [  265.709575]mtk_cfm: [cfm_tune][896]E(status:0x0)
09-18 17:36:38.454 D/VCodecVencImpl(  607): [L 572][MtkVencSetConfig]
09-18 17:36:38.454 D/android.hardware.media.c2@1.1-mediatek(  607): [import_mtk_dtv_native_buffer(): 717] mst buffer is secure: 0
09-18 17:36:38.454 D/android.hardware.media.c2@1.1-mediatek(  607): [import_mtk_dtv_native_buffer(): 717] mst buffer is secure: 0
09-18 17:36:38.458 D/VCodecVenc(  607): [L 324][EnqueInputBuffer]
09-18 17:36:38.458 I/kernel  ( 6265): [  265.719528][MTK_V4L2] level=0 vidioc_venc_qbuf(),1318: [4] id=0 getdata FB(2088960,2) vb=000000000c42c7f0 pts=0
09-18 17:36:38.484 D/VCodecVencImpl(  607): [L 572][MtkVencSetConfig]
09-18 17:36:38.484 D/android.hardware.media.c2@1.1-mediatek(  607): [import_mtk_dtv_native_buffer(): 717] mst buffer is secure: 0
09-18 17:36:38.484 D/android.hardware.media.c2@1.1-mediatek(  607): [import_mtk_dtv_native_buffer(): 717] mst buffer is secure: 0
09-18 17:36:38.489 I/kernel  ( 6265): [  265.749979][MTK_V4L2] level=0 vidioc_venc_qbuf(),1318: [4] id=0 getdata FB(2088960,2) vb=000000000c42c7f0 pts=0
09-18 17:36:38.488 D/VCodecVenc(  607): [L 324][EnqueInputBuffer]
09-18 17:36:38.514 D/VCodecVencImpl(  607): [L 572][MtkVencSetConfig]
09-18 17:36:38.514 D/android.hardware.media.c2@1.1-mediatek(  607): [import_mtk_dtv_native_buffer(): 717] mst buffer is secure: 0
09-18 17:36:38.515 D/android.hardware.media.c2@1.1-mediatek(  607): [import_mtk_dtv_native_buffer(): 717] mst buffer is secure: 0
09-18 17:36:38.519 I/kernel  ( 6265): [  265.780228][MTK_V4L2] level=0 vidioc_venc_qbuf(),1318: [4] id=0 getdata FB(2088960,2) vb=000000000c42c7f0 pts=0
09-18 17:36:38.519 D/VCodecVenc(  607): [L 324][EnqueInputBuffer]
09-18 17:36:38.545 D/android.hardware.media.c2@1.1-mediatek(  607): [import_mtk_dtv_native_buffer(): 717] mst buffer is secure: 0
09-18 17:36:38.546 D/VCodecVencImpl(  607): [L 572][MtkVencSetConfig]
09-18 17:36:38.546 D/android.hardware.media.c2@1.1-mediatek(  607): [import_mtk_dtv_native_buffer(): 717] mst buffer is secure: 0
09-18 17:36:38.550 D/VCodecVenc(  607): [L 324][EnqueInputBuffer]
09-18 17:36:38.551 I/kernel  ( 6265): [  265.811786][MTK_V4L2] level=0 vidioc_venc_qbuf(),1318: [4] id=0 getdata FB(2088960,2) vb=000000000c42c7f0 pts=0
09-18 17:36:38.576 D/VCodecVencImpl(  607): [L 572][MtkVencSetConfig]
09-18 17:36:38.578 D/android.hardware.media.c2@1.1-mediatek(  607): [import_mtk_dtv_native_buffer(): 717] mst buffer is secure: 0
09-18 17:36:38.578 D/android.hardware.media.c2@1.1-mediatek(  607): [import_mtk_dtv_native_buffer(): 717] mst buffer is secure: 0
09-18 17:36:38.581 I/kernel  ( 6265): [  265.842047][MTK_V4L2] level=0 vidioc_venc_qbuf(),1318: [4] id=0 getdata FB(2088960,2) vb=000000000c42c7f0 pts=0
09-18 17:36:38.584 D/VCodecVenc(  607): [L 324][EnqueInputBuffer]
09-18 17:36:38.606 D/VCodecVencImpl(  607): [L 572][MtkVencSetConfig]
09-18 17:36:38.606 D/android.hardware.media.c2@1.1-mediatek(  607): [import_mtk_dtv_native_buffer(): 717] mst buffer is secure: 0
09-18 17:36:38.607 D/android.hardware.media.c2@1.1-mediatek(  607): [import_mtk_dtv_native_buffer(): 717] mst buffer is secure: 0
09-18 17:36:38.612 D/VCodecVenc(  607): [L 324][EnqueInputBuffer]
09-18 17:36:38.611 I/kernel  ( 6265): [  265.872580][MTK_V4L2] level=0 vidioc_venc_qbuf(),1318: [4] id=0 getdata FB(2088960,2) vb=000000000c42c7f0 pts=0
09-18 17:36:38.637 D/VCodecVencImpl(  607): [L 572][MtkVencSetConfig]
09-18 17:36:38.639 D/android.hardware.media.c2@1.1-mediatek(  607): [import_mtk_dtv_native_buffer(): 717] mst buffer is secure: 0
09-18 17:36:38.642 I/kernel  ( 6265): [  265.903045][MTK_V4L2] level=0 vidioc_venc_qbuf(),1318: [4] id=0 getdata FB(2088960,2) vb=000000000c42c7f0 pts=0
09-18 17:36:38.639 D/android.hardware.media.c2@1.1-mediatek(  607): [import_mtk_dtv_native_buffer(): 717] mst buffer is secure: 0
09-18 17:36:38.643 D/VCodecVenc(  607): [L 324][EnqueInputBuffer]
09-18 17:36:38.667 D/VCodecVencImpl(  607): [L 572][MtkVencSetConfig]
09-18 17:36:38.667 D/android.hardware.media.c2@1.1-mediatek(  607): [import_mtk_dtv_native_buffer(): 717] mst buffer is secure: 0
09-18 17:36:38.669 D/android.hardware.media.c2@1.1-mediatek(  607): [import_mtk_dtv_native_buffer(): 717] mst buffer is secure: 0
09-18 17:36:38.672 I/kernel  ( 6265): [  265.933354][MTK_V4L2] level=0 vidioc_venc_qbuf(),1318: [4] id=0 getdata FB(2088960,2) vb=000000000c42c7f0 pts=0
09-18 17:36:38.673 D/VCodecVenc(  607): [L 324][EnqueInputBuffer]
09-18 17:36:38.698 D/VCodecVencImpl(  607): [L 572][MtkVencSetConfig]
09-18 17:36:38.698 D/android.hardware.media.c2@1.1-mediatek(  607): [import_mtk_dtv_native_buffer(): 717] mst buffer is secure: 0
09-18 17:36:38.700 D/android.hardware.media.c2@1.1-mediatek(  607): [import_mtk_dtv_native_buffer(): 717] mst buffer is secure: 0
09-18 17:36:38.702 I/kernel  ( 6265): [  265.963646][MTK_V4L2] level=0 vidioc_venc_qbuf(),1318: [4] id=0 getdata FB(2088960,2) vb=000000000c42c7f0 pts=0
09-18 17:36:38.703 D/VCodecVenc(  607): [L 324][EnqueInputBuffer]
09-18 17:36:38.728 D/VCodecVencImpl(  607): [L 572][MtkVencSetConfig]
09-18 17:36:38.731 D/android.hardware.media.c2@1.1-mediatek(  607): [import_mtk_dtv_native_buffer(): 717] mst buffer is secure: 0
09-18 17:36:38.732 D/android.hardware.media.c2@1.1-mediatek(  607): [import_mtk_dtv_native_buffer(): 717] mst buffer is secure: 0
09-18 17:36:38.734 I/kernel  ( 6265): [  265.995007][MTK_V4L2] level=0 vidioc_venc_qbuf(),1318: [4] id=0 getdata FB(2088960,2) vb=000000000c42c7f0 pts=0
09-18 17:36:38.736 D/VCodecVenc(  607): [L 324][EnqueInputBuffer]
09-18 17:36:38.748 I/WifiService(  733): getConnectionInfo uid=10184
09-18 17:36:38.749 V/WifiPermissionsUtil(  733): checkCallersLocationPermission(com.uei.quicksetsdk): uid 10184 doesn't have permission android.permission.ACCESS_FINE_LOCATION
09-18 17:36:38.749 V/WifiPermissionsUtil(  733): enforceCanAccessScanResults(pkg=com.uei.quicksetsdk, uid=10184): canCallingUidAccessLocation=false, canAppPackageUseLocation=false
09-18 17:36:38.749 V/WifiService(  733): Keeping REDACT_FOR_ACCESS_FINE_LOCATION:java.lang.SecurityException: UID 10184 has no location permission
09-18 17:36:38.750 I/WifiService(  733): getWifiEnabledState uid=10184 state=3
09-18 17:36:38.759 D/VCodecVencImpl(  607): [L 572][MtkVencSetConfig]
09-18 17:36:38.762 D/android.hardware.media.c2@1.1-mediatek(  607): [import_mtk_dtv_native_buffer(): 717] mst buffer is secure: 0
09-18 17:36:38.762 D/android.hardware.media.c2@1.1-mediatek(  607): [import_mtk_dtv_native_buffer(): 717] mst buffer is secure: 0
09-18 17:36:38.764 I/kernel  ( 6265): [  266.025577][MTK_V4L2] level=0 vidioc_venc_qbuf(),1318: [4] id=0 getdata FB(2088960,2) vb=000000000c42c7f0 pts=0
09-18 17:36:38.767 D/VCodecVenc(  607): [L 324][EnqueInputBuffer]
09-18 17:36:38.790 D/VCodecVencImpl(  607): [L 572][MtkVencSetConfig]
09-18 17:36:38.790 D/android.hardware.media.c2@1.1-mediatek(  607): [import_mtk_dtv_native_buffer(): 717] mst buffer is secure: 0
09-18 17:36:38.790 D/android.hardware.media.c2@1.1-mediatek(  607): [import_mtk_dtv_native_buffer(): 717] mst buffer is secure: 0
09-18 17:36:38.795 I/kernel  ( 6265): [  266.056052][MTK_V4L2] level=0 vidioc_venc_qbuf(),1318: [4] id=0 getdata FB(2088960,2) vb=000000000c42c7f0 pts=0
09-18 17:36:38.796 D/VCodecVenc(  607): [L 324][EnqueInputBuffer]
09-18 17:36:38.820 D/VCodecVencImpl(  607): [L 572][MtkVencSetConfig]
09-18 17:36:38.820 D/android.hardware.media.c2@1.1-mediatek(  607): [import_mtk_dtv_native_buffer(): 717] mst buffer is secure: 0
09-18 17:36:38.821 D/android.hardware.media.c2@1.1-mediatek(  607): [import_mtk_dtv_native_buffer(): 717] mst buffer is secure: 0
09-18 17:36:38.825 I/kernel  ( 6265): [  266.086287][MTK_V4L2] level=0 vidioc_venc_qbuf(),1318: [4] id=0 getdata FB(2088960,2) vb=000000000c42c7f0 pts=0
09-18 17:36:38.825 D/VCodecVenc(  607): [L 324][EnqueInputBuffer]
09-18 17:36:38.851 D/VCodecVencImpl(  607): [L 572][MtkVencSetConfig]
09-18 17:36:38.851 D/android.hardware.media.c2@1.1-mediatek(  607): [import_mtk_dtv_native_buffer(): 717] mst buffer is secure: 0
09-18 17:36:38.852 D/android.hardware.media.c2@1.1-mediatek(  607): [import_mtk_dtv_native_buffer(): 717] mst buffer is secure: 0
09-18 17:36:38.855 I/kernel  ( 6265): [  266.116427][MTK_V4L2] level=0 vidioc_venc_qbuf(),1318: [4] id=0 getdata FB(2088960,2) vb=000000000c42c7f0 pts=0
09-18 17:36:38.856 D/VCodecVenc(  607): [L 324][EnqueInputBuffer]
09-18 17:36:38.881 D/VCodecVencImpl(  607): [L 572][MtkVencSetConfig]
09-18 17:36:38.881 D/android.hardware.media.c2@1.1-mediatek(  607): [import_mtk_dtv_native_buffer(): 717] mst buffer is secure: 0
09-18 17:36:38.881 D/android.hardware.media.c2@1.1-mediatek(  607): [import_mtk_dtv_native_buffer(): 717] mst buffer is secure: 0
09-18 17:36:38.886 I/kernel  ( 6265): [  266.146741][MTK_V4L2] level=0 vidioc_venc_qbuf(),1318: [4] id=0 getdata FB(2088960,2) vb=000000000c42c7f0 pts=0
09-18 17:36:38.885 D/VCodecVenc(  607): [L 324][EnqueInputBuffer]
09-18 17:36:38.911 D/VCodecVencImpl(  607): [L 572][MtkVencSetConfig]
09-18 17:36:38.911 D/android.hardware.media.c2@1.1-mediatek(  607): [import_mtk_dtv_native_buffer(): 717] mst buffer is secure: 0
09-18 17:36:38.914 D/android.hardware.media.c2@1.1-mediatek(  607): [import_mtk_dtv_native_buffer(): 717] mst buffer is secure: 0
09-18 17:36:38.916 I/kernel  ( 6265): [  266.176888][MTK_V4L2] level=0 vidioc_venc_qbuf(),1318: [4] id=0 getdata FB(2088960,2) vb=000000000c42c7f0 pts=0
09-18 17:36:38.917 D/VCodecVenc(  607): [L 324][EnqueInputBuffer]
09-18 17:36:38.941 D/VCodecVencImpl(  607): [L 572][MtkVencSetConfig]
09-18 17:36:38.941 D/android.hardware.media.c2@1.1-mediatek(  607): [import_mtk_dtv_native_buffer(): 717] mst buffer is secure: 0
09-18 17:36:38.944 D/android.hardware.media.c2@1.1-mediatek(  607): [import_mtk_dtv_native_buffer(): 717] mst buffer is secure: 0
