09-18 17:36:07.966 I/kernel  ( 6265): [  235.226948][MTK_V4L2] level=0 vidioc_venc_qbuf(),1318: [4] id=0 getdata FB(2088960,2) vb=000000000c42c7f0 pts=0
09-18 17:36:07.964 D/android.hardware.media.c2@1.1-mediatek(  607): [import_mtk_dtv_native_buffer(): 717] mst buffer is secure: 0
09-18 17:36:07.964 D/android.hardware.media.c2@1.1-mediatek(  607): [import_mtk_dtv_native_buffer(): 717] mst buffer is secure: 0
09-18 17:36:07.968 D/VCodecVenc(  607): [L 324][EnqueInputBuffer]
09-18 17:36:07.991 D/VCodecVencImpl(  607): [L 572][MtkVencSetConfig]
09-18 17:36:07.991 D/android.hardware.media.c2@1.1-mediatek(  607): [import_mtk_dtv_native_buffer(): 717] mst buffer is secure: 0
09-18 17:36:07.992 D/android.hardware.media.c2@1.1-mediatek(  607): [import_mtk_dtv_native_buffer(): 717] mst buffer is secure: 0
09-18 17:36:07.996 I/kernel  ( 6265): [  235.257278][MTK_V4L2] level=0 vidioc_venc_qbuf(),1318: [4] id=0 getdata FB(2088960,2) vb=000000000c42c7f0 pts=0
09-18 17:36:07.999 D/VCodecVenc(  607): [L 324][EnqueInputBuffer]
09-18 17:36:08.023 D/VCodecVencImpl(  607): [L 572][MtkVencSetConfig]
09-18 17:36:08.023 D/android.hardware.media.c2@1.1-mediatek(  607): [import_mtk_dtv_native_buffer(): 717] mst buffer is secure: 0
09-18 17:36:08.023 D/android.hardware.media.c2@1.1-mediatek(  607): [import_mtk_dtv_native_buffer(): 717] mst buffer is secure: 0
09-18 17:36:08.028 I/kernel  ( 6265): [  235.289011][MTK_V4L2] level=0 vidioc_venc_qbuf(),1318: [4] id=0 getdata FB(2088960,2) vb=000000000c42c7f0 pts=0
09-18 17:36:08.029 D/VCodecVenc(  607): [L 324][EnqueInputBuffer]
09-18 17:36:08.053 D/VCodecVencImpl(  607): [L 572][MtkVencSetConfig]
09-18 17:36:08.053 D/android.hardware.media.c2@1.1-mediatek(  607): [import_mtk_dtv_native_buffer(): 717] mst buffer is secure: 0
09-18 17:36:08.054 D/android.hardware.media.c2@1.1-mediatek(  607): [import_mtk_dtv_native_buffer(): 717] mst buffer is secure: 0
09-18 17:36:08.057 D/VCodecVenc(  607): [L 324][EnqueInputBuffer]
09-18 17:36:08.058 I/kernel  ( 6265): [  235.319311][MTK_V4L2] level=0 vidioc_venc_qbuf(),1318: [4] id=0 getdata FB(2088960,2) vb=000000000c42c7f0 pts=0
09-18 17:36:08.084 D/VCodecVencImpl(  607): [L 572][MtkVencSetConfig]
09-18 17:36:08.084 D/android.hardware.media.c2@1.1-mediatek(  607): [import_mtk_dtv_native_buffer(): 717] mst buffer is secure: 0
09-18 17:36:08.086 D/android.hardware.media.c2@1.1-mediatek(  607): [import_mtk_dtv_native_buffer(): 717] mst buffer is secure: 0
09-18 17:36:08.088 I/kernel  ( 6265): [  235.349515][MTK_V4L2] level=0 vidioc_venc_qbuf(),1318: [4] id=0 getdata FB(2088960,2) vb=000000000c42c7f0 pts=0
09-18 17:36:08.089 D/VCodecVenc(  607): [L 324][EnqueInputBuffer]
09-18 17:36:08.114 D/VCodecVencImpl(  607): [L 572][MtkVencSetConfig]
09-18 17:36:08.114 D/android.hardware.media.c2@1.1-mediatek(  607): [import_mtk_dtv_native_buffer(): 717] mst buffer is secure: 0
09-18 17:36:08.114 D/android.hardware.media.c2@1.1-mediatek(  607): [import_mtk_dtv_native_buffer(): 717] mst buffer is secure: 0
09-18 17:36:08.118 D/VCodecVenc(  607): [L 324][EnqueInputBuffer]
09-18 17:36:08.119 I/kernel  ( 6265): [  235.379977][MTK_V4L2] level=0 vidioc_venc_qbuf(),1318: [4] id=0 getdata FB(2088960,2) vb=000000000c42c7f0 pts=0
09-18 17:36:08.138 E/<MI3>   (  636): <ERR>_MI_TUNER_GetLock[4279]: [_MI_TUNER_GetLock][4279] *peLockStatus =  E_MI_TUNER_UNLOCK@!!!
09-18 17:36:08.138 E/<MI3>   (  636): <ERR>_MI_TUNER_GetLock[4279]: [_MI_TUNER_GetLock][4279] *peLockStatus =  E_MI_TUNER_UNLOCK@!!!
09-18 17:36:08.138 E/<MI3>   (  636): <ERR>_MI_TUNER_GetLock[4279]: [_MI_TUNER_GetLock][4279] *peLockStatus =  E_MI_TUNER_UNLOCK@!!!
09-18 17:36:08.144 D/android.hardware.media.c2@1.1-mediatek(  607): [import_mtk_dtv_native_buffer(): 717] mst buffer is secure: 0
09-18 17:36:08.144 D/VCodecVencImpl(  607): [L 572][MtkVencSetConfig]
09-18 17:36:08.147 D/android.hardware.media.c2@1.1-mediatek(  607): [import_mtk_dtv_native_buffer(): 717] mst buffer is secure: 0
09-18 17:36:08.149 I/kernel  ( 6265): [  235.410387][MTK_V4L2] level=0 vidioc_venc_qbuf(),1318: [4] id=0 getdata FB(2088960,2) vb=000000000c42c7f0 pts=0
09-18 17:36:08.150 D/VCodecVenc(  607): [L 324][EnqueInputBuffer]
09-18 17:36:08.176 D/VCodecVencImpl(  607): [L 572][MtkVencSetConfig]
09-18 17:36:08.176 D/android.hardware.media.c2@1.1-mediatek(  607): [import_mtk_dtv_native_buffer(): 717] mst buffer is secure: 0
09-18 17:36:08.178 D/android.hardware.media.c2@1.1-mediatek(  607): [import_mtk_dtv_native_buffer(): 717] mst buffer is secure: 0
09-18 17:36:08.181 I/kernel  ( 6265): [  235.442052][MTK_V4L2] level=0 vidioc_venc_qbuf(),1318: [4] id=0 getdata FB(2088960,2) vb=000000000c42c7f0 pts=0
09-18 17:36:08.183 D/VCodecVenc(  607): [L 324][EnqueInputBuffer]
09-18 17:36:08.206 D/VCodecVencImpl(  607): [L 572][MtkVencSetConfig]
09-18 17:36:08.207 D/android.hardware.media.c2@1.1-mediatek(  607): [import_mtk_dtv_native_buffer(): 717] mst buffer is secure: 0
09-18 17:36:08.209 D/android.hardware.media.c2@1.1-mediatek(  607): [import_mtk_dtv_native_buffer(): 717] mst buffer is secure: 0
09-18 17:36:08.211 I/kernel  ( 6265): [  235.472572][MTK_V4L2] level=0 vidioc_venc_qbuf(),1318: [4] id=0 getdata FB(2088960,2) vb=000000000c42c7f0 pts=0
09-18 17:36:08.213 D/VCodecVenc(  607): [L 324][EnqueInputBuffer]
09-18 17:36:08.237 D/VCodecVencImpl(  607): [L 572][MtkVencSetConfig]
09-18 17:36:08.237 D/android.hardware.media.c2@1.1-mediatek(  607): [import_mtk_dtv_native_buffer(): 717] mst buffer is secure: 0
09-18 17:36:08.239 D/android.hardware.media.c2@1.1-mediatek(  607): [import_mtk_dtv_native_buffer(): 717] mst buffer is secure: 0
09-18 17:36:08.242 I/kernel  ( 6265): [  235.502736][MTK_V4L2] level=0 vidioc_venc_qbuf(),1318: [4] id=0 getdata FB(2088960,2) vb=000000000c42c7f0 pts=0
09-18 17:36:08.242 D/VCodecVenc(  607): [L 324][EnqueInputBuffer]
09-18 17:36:08.267 D/VCodecVencImpl(  607): [L 572][MtkVencSetConfig]
09-18 17:36:08.268 D/android.hardware.media.c2@1.1-mediatek(  607): [import_mtk_dtv_native_buffer(): 717] mst buffer is secure: 0
09-18 17:36:08.268 D/android.hardware.media.c2@1.1-mediatek(  607): [import_mtk_dtv_native_buffer(): 717] mst buffer is secure: 0
09-18 17:36:08.272 I/kernel  ( 6265): [  235.532813][MTK_V4L2] level=0 vidioc_venc_qbuf(),1318: [4] id=0 getdata FB(2088960,2) vb=000000000c42c7f0 pts=0
09-18 17:36:08.272 D/VCodecVenc(  607): [L 324][EnqueInputBuffer]
09-18 17:36:08.297 D/VCodecVencImpl(  607): [L 572][MtkVencSetConfig]
09-18 17:36:08.297 D/android.hardware.media.c2@1.1-mediatek(  607): [import_mtk_dtv_native_buffer(): 717] mst buffer is secure: 0
09-18 17:36:08.298 D/android.hardware.media.c2@1.1-mediatek(  607): [import_mtk_dtv_native_buffer(): 717] mst buffer is secure: 0
09-18 17:36:08.302 I/kernel  ( 6265): [  235.563239][MTK_V4L2] level=0 vidioc_venc_qbuf(),1318: [4] id=0 getdata FB(2088960,2) vb=000000000c42c7f0 pts=0
09-18 17:36:08.301 D/VCodecVenc(  607): [L 324][EnqueInputBuffer]
09-18 17:36:08.329 D/VCodecVencImpl(  607): [L 572][MtkVencSetConfig]
09-18 17:36:08.329 D/android.hardware.media.c2@1.1-mediatek(  607): [import_mtk_dtv_native_buffer(): 717] mst buffer is secure: 0
09-18 17:36:08.330 D/android.hardware.media.c2@1.1-mediatek(  607): [import_mtk_dtv_native_buffer(): 717] mst buffer is secure: 0
09-18 17:36:08.334 I/kernel  ( 6265): [  235.595084][MTK_V4L2] level=0 vidioc_venc_qbuf(),1318: [4] id=0 getdata FB(2088960,2) vb=000000000c42c7f0 pts=0
09-18 17:36:08.334 D/VCodecVenc(  607): [L 324][EnqueInputBuffer]
09-18 17:36:08.339 E/<MI3>   (  636): <ERR>_MI_TUNER_GetLock[4279]: [_MI_TUNER_GetLock][4279] *peLockStatus =  E_MI_TUNER_UNLOCK@!!!
09-18 17:36:08.339 E/<MI3>   (  636): <ERR>_MI_TUNER_GetLock[4279]: [_MI_TUNER_GetLock][4279] *peLockStatus =  E_MI_TUNER_UNLOCK@!!!
09-18 17:36:08.340 E/<MI3>   (  636): <ERR>_MI_TUNER_GetLock[4279]: [_MI_TUNER_GetLock][4279] *peLockStatus =  E_MI_TUNER_UNLOCK@!!!
09-18 17:36:08.359 D/VCodecVencImpl(  607): [L 572][MtkVencSetConfig]
09-18 17:36:08.359 D/android.hardware.media.c2@1.1-mediatek(  607): [import_mtk_dtv_native_buffer(): 717] mst buffer is secure: 0
09-18 17:36:08.360 D/android.hardware.media.c2@1.1-mediatek(  607): [import_mtk_dtv_native_buffer(): 717] mst buffer is secure: 0
09-18 17:36:08.364 I/kernel  ( 6265): [  235.625293][MTK_V4L2] level=0 vidioc_venc_qbuf(),1318: [4] id=0 getdata FB(2088960,2) vb=000000000c42c7f0 pts=0
09-18 17:36:08.366 D/VCodecVenc(  607): [L 324][EnqueInputBuffer]
09-18 17:36:08.390 D/android.hardware.media.c2@1.1-mediatek(  607): [import_mtk_dtv_native_buffer(): 717] mst buffer is secure: 0
09-18 17:36:08.390 D/VCodecVencImpl(  607): [L 572][MtkVencSetConfig]
09-18 17:36:08.390 D/android.hardware.media.c2@1.1-mediatek(  607): [import_mtk_dtv_native_buffer(): 717] mst buffer is secure: 0
09-18 17:36:08.394 D/VCodecVenc(  607): [L 324][EnqueInputBuffer]
09-18 17:36:08.395 I/kernel  ( 6265): [  235.655808][MTK_V4L2] level=0 vidioc_venc_qbuf(),1318: [4] id=0 getdata FB(2088960,2) vb=000000000c42c7f0 pts=0
09-18 17:36:08.420 D/VCodecVencImpl(  607): [L 572][MtkVencSetConfig]
09-18 17:36:08.420 D/android.hardware.media.c2@1.1-mediatek(  607): [import_mtk_dtv_native_buffer(): 717] mst buffer is secure: 0
09-18 17:36:08.422 D/android.hardware.media.c2@1.1-mediatek(  607): [import_mtk_dtv_native_buffer(): 717] mst buffer is secure: 0
09-18 17:36:08.425 I/kernel  ( 6265): [  235.686261][MTK_V4L2] level=0 vidioc_venc_qbuf(),1318: [4] id=0 getdata FB(2088960,2) vb=000000000c42c7f0 pts=0
09-18 17:36:08.426 D/VCodecVenc(  607): [L 324][EnqueInputBuffer]
09-18 17:36:08.450 D/VCodecVencImpl(  607): [L 572][MtkVencSetConfig]
09-18 17:36:08.451 D/android.hardware.media.c2@1.1-mediatek(  607): [import_mtk_dtv_native_buffer(): 717] mst buffer is secure: 0
09-18 17:36:08.452 D/android.hardware.media.c2@1.1-mediatek(  607): [import_mtk_dtv_native_buffer(): 717] mst buffer is secure: 0
09-18 17:36:08.455 I/kernel  ( 6265): [  235.716453][MTK_V4L2] level=0 vidioc_venc_qbuf(),1318: [4] id=0 getdata FB(2088960,2) vb=000000000c42c7f0 pts=0
09-18 17:36:08.457 D/VCodecVenc(  607): [L 324][EnqueInputBuffer]
09-18 17:36:08.481 D/VCodecVencImpl(  607): [L 572][MtkVencSetConfig]
09-18 17:36:08.481 D/android.hardware.media.c2@1.1-mediatek(  607): [import_mtk_dtv_native_buffer(): 717] mst buffer is secure: 0
09-18 17:36:08.486 I/kernel  ( 6265): [  235.746799][MTK_V4L2] level=0 vidioc_venc_qbuf(),1318: [4] id=0 getdata FB(2088960,2) vb=000000000c42c7f0 pts=0
09-18 17:36:08.483 D/android.hardware.media.c2@1.1-mediatek(  607): [import_mtk_dtv_native_buffer(): 717] mst buffer is secure: 0
09-18 17:36:08.487 D/VCodecVenc(  607): [L 324][EnqueInputBuffer]
09-18 17:36:08.511 D/android.hardware.media.c2@1.1-mediatek(  607): [import_mtk_dtv_native_buffer(): 717] mst buffer is secure: 0
09-18 17:36:08.511 D/VCodecVencImpl(  607): [L 572][MtkVencSetConfig]
09-18 17:36:08.512 D/android.hardware.media.c2@1.1-mediatek(  607): [import_mtk_dtv_native_buffer(): 717] mst buffer is secure: 0
09-18 17:36:08.517 I/kernel  ( 6265): [  235.777726][MTK_V4L2] level=0 vidioc_venc_qbuf(),1318: [4] id=0 getdata FB(2088960,2) vb=000000000c42c7f0 pts=0
09-18 17:36:08.518 D/VCodecVenc(  607): [L 324][EnqueInputBuffer]
09-18 17:36:08.540 E/<MI3>   (  636): <ERR>_MI_TUNER_GetLock[4279]: [_MI_TUNER_GetLock][4279] *peLockStatus =  E_MI_TUNER_UNLOCK@!!!
09-18 17:36:08.541 E/<MI3>   (  636): <ERR>_MI_TUNER_GetLock[4279]: [_MI_TUNER_GetLock][4279] *peLockStatus =  E_MI_TUNER_UNLOCK@!!!
09-18 17:36:08.541 E/<MI3>   (  636): <ERR>_MI_TUNER_GetLock[4279]: [_MI_TUNER_GetLock][4279] *peLockStatus =  E_MI_TUNER_UNLOCK@!!!
09-18 17:36:08.542 D/VCodecVencImpl(  607): [L 572][MtkVencSetConfig]
09-18 17:36:08.542 D/android.hardware.media.c2@1.1-mediatek(  607): [import_mtk_dtv_native_buffer(): 717] mst buffer is secure: 0
09-18 17:36:08.543 D/android.hardware.media.c2@1.1-mediatek(  607): [import_mtk_dtv_native_buffer(): 717] mst buffer is secure: 0
09-18 17:36:08.547 I/kernel  ( 6265): [  235.807922][MTK_V4L2] level=0 vidioc_venc_qbuf(),1318: [4] id=0 getdata FB(2088960,2) vb=000000000c42c7f0 pts=0
09-18 17:36:08.550 D/VCodecVenc(  607): [L 324][EnqueInputBuffer]
09-18 17:36:08.572 D/VCodecVencImpl(  607): [L 572][MtkVencSetConfig]
09-18 17:36:08.572 D/android.hardware.media.c2@1.1-mediatek(  607): [import_mtk_dtv_native_buffer(): 717] mst buffer is secure: 0
09-18 17:36:08.574 D/android.hardware.media.c2@1.1-mediatek(  607): [import_mtk_dtv_native_buffer(): 717] mst buffer is secure: 0
09-18 17:36:08.577 I/kernel  ( 6265): [  235.838166][MTK_V4L2] level=0 vidioc_venc_qbuf(),1318: [4] id=0 getdata FB(2088960,2) vb=000000000c42c7f0 pts=0
09-18 17:36:08.578 D/VCodecVenc(  607): [L 324][EnqueInputBuffer]
09-18 17:36:08.602 D/VCodecVencImpl(  607): [L 572][MtkVencSetConfig]
09-18 17:36:08.602 D/android.hardware.media.c2@1.1-mediatek(  607): [import_mtk_dtv_native_buffer(): 717] mst buffer is secure: 0
09-18 17:36:08.603 D/android.hardware.media.c2@1.1-mediatek(  607): [import_mtk_dtv_native_buffer(): 717] mst buffer is secure: 0
09-18 17:36:08.607 I/kernel  ( 6265): [  235.868505][MTK_V4L2] level=0 vidioc_venc_qbuf(),1318: [4] id=0 getdata FB(2088960,2) vb=000000000c42c7f0 pts=0
09-18 17:36:08.606 D/VCodecVenc(  607): [L 324][EnqueInputBuffer]
09-18 17:36:08.620 I/kernel  ( 2513): [  235.880806][A8303-1_Driver] addr:0x08,  i2c status:0x0a from 0x0a
09-18 17:36:08.633 D/VCodecVencImpl(  607): [L 572][MtkVencSetConfig]
09-18 17:36:08.633 D/android.hardware.media.c2@1.1-mediatek(  607): [import_mtk_dtv_native_buffer(): 717] mst buffer is secure: 0
09-18 17:36:08.633 D/android.hardware.media.c2@1.1-mediatek(  607): [import_mtk_dtv_native_buffer(): 717] mst buffer is secure: 0
09-18 17:36:08.638 I/kernel  ( 6265): [  235.898734][MTK_V4L2] level=0 vidioc_venc_qbuf(),1318: [4] id=0 getdata FB(2088960,2) vb=000000000c42c7f0 pts=0
09-18 17:36:08.637 D/VCodecVenc(  607): [L 324][EnqueInputBuffer]
09-18 17:36:08.663 D/VCodecVencImpl(  607): [L 572][MtkVencSetConfig]
09-18 17:36:08.665 D/android.hardware.media.c2@1.1-mediatek(  607): [import_mtk_dtv_native_buffer(): 717] mst buffer is secure: 0
09-18 17:36:08.666 D/android.hardware.media.c2@1.1-mediatek(  607): [import_mtk_dtv_native_buffer(): 717] mst buffer is secure: 0
09-18 17:36:08.668 I/kernel  ( 6265): [  235.929253][MTK_V4L2] level=0 vidioc_venc_qbuf(),1318: [4] id=0 getdata FB(2088960,2) vb=000000000c42c7f0 pts=0
09-18 17:36:08.670 D/VCodecVenc(  607): [L 324][EnqueInputBuffer]
09-18 17:36:08.694 D/android.hardware.media.c2@1.1-mediatek(  607): [import_mtk_dtv_native_buffer(): 717] mst buffer is secure: 0
09-18 17:36:08.694 D/android.hardware.media.c2@1.1-mediatek(  607): [import_mtk_dtv_native_buffer(): 717] mst buffer is secure: 0
09-18 17:36:08.694 D/VCodecVencImpl(  607): [L 572][MtkVencSetConfig]
09-18 17:36:08.701 I/kernel  ( 6265): [  235.962474][MTK_V4L2] level=0 vidioc_venc_qbuf(),1318: [4] id=0 getdata FB(2088960,2) vb=000000000c42c7f0 pts=0
09-18 17:36:08.699 D/VCodecVenc(  607): [L 324][EnqueInputBuffer]
09-18 17:36:08.727 D/VCodecVencImpl(  607): [L 572][MtkVencSetConfig]
09-18 17:36:08.727 D/android.hardware.media.c2@1.1-mediatek(  607): [import_mtk_dtv_native_buffer(): 717] mst buffer is secure: 0
09-18 17:36:08.727 D/android.hardware.media.c2@1.1-mediatek(  607): [import_mtk_dtv_native_buffer(): 717] mst buffer is secure: 0
09-18 17:36:08.733 I/kernel  ( 6265): [  235.994632][MTK_V4L2] level=0 vidioc_venc_qbuf(),1318: [4] id=0 getdata FB(2088960,2) vb=000000000c42c7f0 pts=0
09-18 17:36:08.732 D/VCodecVenc(  607): [L 324][EnqueInputBuffer]
09-18 17:36:08.742 I/kernel  ( 6936): [  236.003297]mtk_cfm: [cfm_get_frontend_algo][1070]
09-18 17:36:08.742 I/kernel  ( 6940): [  236.003296]mtk_cfm: [cfm_get_frontend_algo][1070]
09-18 17:36:08.742 I/kernel  ( 6938): [  236.003305]mtk_cfm: [cfm_get_frontend_algo][1070]
09-18 17:36:08.742 I/kernel  ( 6940): [  236.003313]mtk_cfm: [cfm_tune][777]Start: re_tune = 0
09-18 17:36:08.742 I/kernel  ( 6936): [  236.003313]mtk_cfm: [cfm_tune][777]Start: re_tune = 0
09-18 17:36:08.742 I/kernel  ( 6938): [  236.003313]mtk_cfm: [cfm_tune][777]Start: re_tune = 0
09-18 17:36:08.743 I/kernel  ( 6940): [  236.003888]mtk_cfm: [cfm_tune][896]E(status:0x20)
09-18 17:36:08.741 E/<MI3>   (  636): <ERR>_MI_TUNER_GetLock[4279]: [_MI_TUNER_GetLock][4279] *peLockStatus =  E_MI_TUNER_UNLOCK@!!!
09-18 17:36:08.742 E/<MI3>   (  636): <ERR>_MI_TUNER_GetLock[4279]: [_MI_TUNER_GetLock][4279] *peLockStatus =  E_MI_TUNER_UNLOCK@!!!
09-18 17:36:08.742 E/<MI3>   (  636): <ERR>_MI_TUNER_GetLock[4279]: [_MI_TUNER_GetLock][4279] *peLockStatus =  E_MI_TUNER_UNLOCK@!!!
09-18 17:36:08.749 I/WifiService(  733): getConnectionInfo uid=10184
09-18 17:36:08.750 V/WifiPermissionsUtil(  733): checkCallersLocationPermission(com.uei.quicksetsdk): uid 10184 doesn't have permission android.permission.ACCESS_FINE_LOCATION
09-18 17:36:08.750 V/WifiPermissionsUtil(  733): enforceCanAccessScanResults(pkg=com.uei.quicksetsdk, uid=10184): canCallingUidAccessLocation=false, canAppPackageUseLocation=false
09-18 17:36:08.750 V/WifiService(  733): Keeping REDACT_FOR_ACCESS_FINE_LOCATION:java.lang.SecurityException: UID 10184 has no location permission
09-18 17:36:08.750 I/WifiService(  733): getWifiEnabledState uid=10184 state=3
09-18 17:36:08.759 D/VCodecVencImpl(  607): [L 572][MtkVencSetConfig]
09-18 17:36:08.760 D/android.hardware.media.c2@1.1-mediatek(  607): [import_mtk_dtv_native_buffer(): 717] mst buffer is secure: 0
09-18 17:36:08.761 D/android.hardware.media.c2@1.1-mediatek(  607): [import_mtk_dtv_native_buffer(): 717] mst buffer is secure: 0
09-18 17:36:08.764 I/kernel  ( 6265): [  236.025064][MTK_V4L2] level=0 vidioc_venc_qbuf(),1318: [4] id=0 getdata FB(2088960,2) vb=000000000c42c7f0 pts=0
09-18 17:36:08.768 D/VCodecVenc(  607): [L 324][EnqueInputBuffer]
09-18 17:36:08.789 D/VCodecVencImpl(  607): [L 572][MtkVencSetConfig]
09-18 17:36:08.789 D/android.hardware.media.c2@1.1-mediatek(  607): [import_mtk_dtv_native_buffer(): 717] mst buffer is secure: 0
09-18 17:36:08.791 D/android.hardware.media.c2@1.1-mediatek(  607): [import_mtk_dtv_native_buffer(): 717] mst buffer is secure: 0
09-18 17:36:08.795 D/VCodecVenc(  607): [L 324][EnqueInputBuffer]
09-18 17:36:08.794 I/kernel  ( 6265): [  236.055568][MTK_V4L2] level=0 vidioc_venc_qbuf(),1318: [4] id=0 getdata FB(2088960,2) vb=000000000c42c7f0 pts=0
09-18 17:36:08.820 D/VCodecVencImpl(  607): [L 572][MtkVencSetConfig]
09-18 17:36:08.820 D/android.hardware.media.c2@1.1-mediatek(  607): [import_mtk_dtv_native_buffer(): 717] mst buffer is secure: 0
09-18 17:36:08.822 D/android.hardware.media.c2@1.1-mediatek(  607): [import_mtk_dtv_native_buffer(): 717] mst buffer is secure: 0
09-18 17:36:08.825 I/kernel  ( 6265): [  236.085751][MTK_V4L2] level=0 vidioc_venc_qbuf(),1318: [4] id=0 getdata FB(2088960,2) vb=000000000c42c7f0 pts=0
09-18 17:36:08.827 D/VCodecVenc(  607): [L 324][EnqueInputBuffer]
09-18 17:36:08.850 D/VCodecVencImpl(  607): [L 572][MtkVencSetConfig]
09-18 17:36:08.850 D/android.hardware.media.c2@1.1-mediatek(  607): [import_mtk_dtv_native_buffer(): 717] mst buffer is secure: 0
09-18 17:36:08.852 D/android.hardware.media.c2@1.1-mediatek(  607): [import_mtk_dtv_native_buffer(): 717] mst buffer is secure: 0
09-18 17:36:08.855 I/kernel  ( 6265): [  236.115917][MTK_V4L2] level=0 vidioc_venc_qbuf(),1318: [4] id=0 getdata FB(2088960,2) vb=000000000c42c7f0 pts=0
09-18 17:36:08.856 D/VCodecVenc(  607): [L 324][EnqueInputBuffer]
09-18 17:36:08.880 D/VCodecVencImpl(  607): [L 572][MtkVencSetConfig]
09-18 17:36:08.880 D/android.hardware.media.c2@1.1-mediatek(  607): [import_mtk_dtv_native_buffer(): 717] mst buffer is secure: 0
09-18 17:36:08.882 D/android.hardware.media.c2@1.1-mediatek(  607): [import_mtk_dtv_native_buffer(): 717] mst buffer is secure: 0
09-18 17:36:08.885 I/kernel  ( 6265): [  236.146359][MTK_V4L2] level=0 vidioc_venc_qbuf(),1318: [4] id=0 getdata FB(2088960,2) vb=000000000c42c7f0 pts=0
09-18 17:36:08.886 D/VCodecVenc(  607): [L 324][EnqueInputBuffer]
09-18 17:36:08.911 D/VCodecVencImpl(  607): [L 572][MtkVencSetConfig]
09-18 17:36:08.911 D/android.hardware.media.c2@1.1-mediatek(  607): [import_mtk_dtv_native_buffer(): 717] mst buffer is secure: 0
09-18 17:36:08.913 D/android.hardware.media.c2@1.1-mediatek(  607): [import_mtk_dtv_native_buffer(): 717] mst buffer is secure: 0
09-18 17:36:08.915 I/kernel  ( 6265): [  236.176557][MTK_V4L2] level=0 vidioc_venc_qbuf(),1318: [4] id=0 getdata FB(2088960,2) vb=000000000c42c7f0 pts=0
09-18 17:36:08.917 D/VCodecVenc(  607): [L 324][EnqueInputBuffer]
09-18 17:36:08.941 D/VCodecVencImpl(  607): [L 572][MtkVencSetConfig]
09-18 17:36:08.941 D/android.hardware.media.c2@1.1-mediatek(  607): [import_mtk_dtv_native_buffer(): 717] mst buffer is secure: 0
09-18 17:36:08.941 D/android.hardware.media.c2@1.1-mediatek(  607): [import_mtk_dtv_native_buffer(): 717] mst buffer is secure: 0
09-18 17:36:08.943 E/<MI3>   (  636): <ERR>_MI_TUNER_GetLock[4279]: [_MI_TUNER_GetLock][4279] *peLockStatus =  E_MI_TUNER_UNLOCK@!!!
09-18 17:36:08.943 E/<MI3>   (  636): <ERR>_MI_TUNER_GetLock[4279]: [_MI_TUNER_GetLock][4279] *peLockStatus =  E_MI_TUNER_UNLOCK@!!!
09-18 17:36:08.944 E/<MI3>   (  636): <ERR>_MI_TUNER_GetLock[4279]: [_MI_TUNER_GetLock][4279] *peLockStatus =  E_MI_TUNER_UNLOCK@!!!
09-18 17:36:08.971 D/android.hardware.media.c2@1.1-mediatek(  607): [import_mtk_dtv_native_buffer(): 717] mst buffer is secure: 0
09-18 17:36:08.973 D/android.hardware.media.c2@1.1-mediatek(  607): [import_mtk_dtv_native_buffer(): 717] mst buffer is secure: 0
09-18 17:36:08.976 I/kernel  ( 6265): [  236.237427][MTK_V4L2] level=0 vidioc_venc_qbuf(),1318: [4] id=0 getdata FB(2088960,2) vb=000000000c42c7f0 pts=0
09-18 17:36:08.977 D/VCodecVenc(  607): [L 324][EnqueInputBuffer]
09-18 17:36:09.002 D/VCodecVencImpl(  607): [L 572][MtkVencSetConfig]
09-18 17:36:09.002 D/android.hardware.media.c2@1.1-mediatek(  607): [import_mtk_dtv_native_buffer(): 717] mst buffer is secure: 0
09-18 17:36:09.004 D/android.hardware.media.c2@1.1-mediatek(  607): [import_mtk_dtv_native_buffer(): 717] mst buffer is secure: 0
09-18 17:36:09.006 I/kernel  ( 6265): [  236.267650][MTK_V4L2] level=0 vidioc_venc_qbuf(),1318: [4] id=0 getdata FB(2088960,2) vb=000000000c42c7f0 pts=0
09-18 17:36:09.007 D/VCodecVenc(  607): [L 324][EnqueInputBuffer]
09-18 17:36:09.032 D/VCodecVencImpl(  607): [L 572][MtkVencSetConfig]
09-18 17:36:09.032 D/android.hardware.media.c2@1.1-mediatek(  607): [import_mtk_dtv_native_buffer(): 717] mst buffer is secure: 0
09-18 17:36:09.032 D/android.hardware.media.c2@1.1-mediatek(  607): [import_mtk_dtv_native_buffer(): 717] mst buffer is secure: 0
09-18 17:36:09.037 I/kernel  ( 6265): [  236.297931][MTK_V4L2] level=0 vidioc_venc_qbuf(),1318: [4] id=0 getdata FB(2088960,2) vb=000000000c42c7f0 pts=0
09-18 17:36:09.036 D/VCodecVenc(  607): [L 324][EnqueInputBuffer]
09-18 17:36:09.063 D/VCodecVencImpl(  607): [L 572][MtkVencSetConfig]
09-18 17:36:09.063 D/android.hardware.media.c2@1.1-mediatek(  607): [import_mtk_dtv_native_buffer(): 717] mst buffer is secure: 0
09-18 17:36:09.064 D/android.hardware.media.c2@1.1-mediatek(  607): [import_mtk_dtv_native_buffer(): 717] mst buffer is secure: 0
09-18 17:36:09.068 I/kernel  ( 6265): [  236.328981][MTK_V4L2] level=0 vidioc_venc_qbuf(),1318: [4] id=0 getdata FB(2088960,2) vb=000000000c42c7f0 pts=0
09-18 17:36:09.068 D/VCodecVenc(  607): [L 324][EnqueInputBuffer]
09-18 17:36:09.093 D/VCodecVencImpl(  607): [L 572][MtkVencSetConfig]
09-18 17:36:09.093 D/android.hardware.media.c2@1.1-mediatek(  607): [import_mtk_dtv_native_buffer(): 717] mst buffer is secure: 0
09-18 17:36:09.094 D/android.hardware.media.c2@1.1-mediatek(  607): [import_mtk_dtv_native_buffer(): 717] mst buffer is secure: 0
09-18 17:36:09.098 I/kernel  ( 6265): [  236.359397][MTK_V4L2] level=0 vidioc_venc_qbuf(),1318: [4] id=0 getdata FB(2088960,2) vb=000000000c42c7f0 pts=0
09-18 17:36:09.099 D/VCodecVenc(  607): [L 324][EnqueInputBuffer]
09-18 17:36:09.124 D/VCodecVencImpl(  607): [L 572][MtkVencSetConfig]
09-18 17:36:09.124 D/android.hardware.media.c2@1.1-mediatek(  607): [import_mtk_dtv_native_buffer(): 717] mst buffer is secure: 0
09-18 17:36:09.126 D/android.hardware.media.c2@1.1-mediatek(  607): [import_mtk_dtv_native_buffer(): 717] mst buffer is secure: 0
09-18 17:36:09.129 I/kernel  ( 6265): [  236.390311][MTK_V4L2] level=0 vidioc_venc_qbuf(),1318: [4] id=0 getdata FB(2088960,2) vb=000000000c42c7f0 pts=0
09-18 17:36:09.132 D/VCodecVenc(  607): [L 324][EnqueInputBuffer]
09-18 17:36:09.144 E/<MI3>   (  636): <ERR>_MI_TUNER_GetLock[4279]: [_MI_TUNER_GetLock][4279] *peLockStatus =  E_MI_TUNER_UNLOCK@!!!
09-18 17:36:09.145 E/<MI3>   (  636): <ERR>_MI_TUNER_GetLock[4279]: [_MI_TUNER_GetLock][4279] *peLockStatus =  E_MI_TUNER_UNLOCK@!!!
09-18 17:36:09.146 E/<MI3>   (  636): <ERR>_MI_TUNER_GetLock[4279]: [_MI_TUNER_GetLock][4279] *peLockStatus =  E_MI_TUNER_UNLOCK@!!!
09-18 17:36:09.155 D/VCodecVencImpl(  607): [L 572][MtkVencSetConfig]
09-18 17:36:09.155 D/android.hardware.media.c2@1.1-mediatek(  607): [import_mtk_dtv_native_buffer(): 717] mst buffer is secure: 0
09-18 17:36:09.157 D/android.hardware.media.c2@1.1-mediatek(  607): [import_mtk_dtv_native_buffer(): 717] mst buffer is secure: 0
09-18 17:36:09.159 I/kernel  ( 6265): [  236.420468][MTK_V4L2] level=0 vidioc_venc_qbuf(),1318: [4] id=0 getdata FB(2088960,2) vb=000000000c42c7f0 pts=0
09-18 17:36:09.161 D/VCodecVenc(  607): [L 324][EnqueInputBuffer]
09-18 17:36:09.185 D/VCodecVencImpl(  607): [L 572][MtkVencSetConfig]
09-18 17:36:09.185 D/android.hardware.media.c2@1.1-mediatek(  607): [import_mtk_dtv_native_buffer(): 717] mst buffer is secure: 0
09-18 17:36:09.187 D/android.hardware.media.c2@1.1-mediatek(  607): [import_mtk_dtv_native_buffer(): 717] mst buffer is secure: 0
09-18 17:36:09.190 I/kernel  ( 6265): [  236.450692][MTK_V4L2] level=0 vidioc_venc_qbuf(),1318: [4] id=0 getdata FB(2088960,2) vb=000000000c42c7f0 pts=0
09-18 17:36:09.191 D/VCodecVenc(  607): [L 324][EnqueInputBuffer]
09-18 17:36:09.215 D/VCodecVencImpl(  607): [L 572][MtkVencSetConfig]
09-18 17:36:09.215 D/android.hardware.media.c2@1.1-mediatek(  607): [import_mtk_dtv_native_buffer(): 717] mst buffer is secure: 0
09-18 17:36:09.215 D/android.hardware.media.c2@1.1-mediatek(  607): [import_mtk_dtv_native_buffer(): 717] mst buffer is secure: 0
09-18 17:36:09.219 D/VCodecVenc(  607): [L 324][EnqueInputBuffer]
09-18 17:36:09.220 I/kernel  ( 6265): [  236.480889][MTK_V4L2] level=0 vidioc_venc_qbuf(),1318: [4] id=0 getdata FB(2088960,2) vb=000000000c42c7f0 pts=0
09-18 17:36:09.246 D/VCodecVencImpl(  607): [L 572][MtkVencSetConfig]
09-18 17:36:09.247 D/android.hardware.media.c2@1.1-mediatek(  607): [import_mtk_dtv_native_buffer(): 717] mst buffer is secure: 0
09-18 17:36:09.248 D/android.hardware.media.c2@1.1-mediatek(  607): [import_mtk_dtv_native_buffer(): 717] mst buffer is secure: 0
09-18 17:36:09.251 D/VCodecVenc(  607): [L 324][EnqueInputBuffer]
09-18 17:36:09.251 I/kernel  ( 6265): [  236.511899][MTK_V4L2] level=0 vidioc_venc_qbuf(),1318: [4] id=0 getdata FB(2088960,2) vb=000000000c42c7f0 pts=0
09-18 17:36:09.276 D/VCodecVencImpl(  607): [L 572][MtkVencSetConfig]
09-18 17:36:09.276 D/android.hardware.media.c2@1.1-mediatek(  607): [import_mtk_dtv_native_buffer(): 717] mst buffer is secure: 0
09-18 17:36:09.277 D/android.hardware.media.c2@1.1-mediatek(  607): [import_mtk_dtv_native_buffer(): 717] mst buffer is secure: 0
09-18 17:36:09.281 I/kernel  ( 6265): [  236.542166][MTK_V4L2] level=0 vidioc_venc_qbuf(),1318: [4] id=0 getdata FB(2088960,2) vb=000000000c42c7f0 pts=0
09-18 17:36:09.285 I/kernel  (  587): [  236.546367][wlan][587]scanAddToBssDesc:(SCN STATE) IE_PriCh:65 mismatch with RXD_ChNum:69
09-18 17:36:09.284 D/VCodecVenc(  607): [L 324][EnqueInputBuffer]
09-18 17:36:09.306 D/VCodecVencImpl(  607): [L 572][MtkVencSetConfig]
09-18 17:36:09.306 D/android.hardware.media.c2@1.1-mediatek(  607): [import_mtk_dtv_native_buffer(): 717] mst buffer is secure: 0
09-18 17:36:09.307 D/android.hardware.media.c2@1.1-mediatek(  607): [import_mtk_dtv_native_buffer(): 717] mst buffer is secure: 0
09-18 17:36:09.311 I/kernel  ( 6265): [  236.572387][MTK_V4L2] level=0 vidioc_venc_qbuf(),1318: [4] id=0 getdata FB(2088960,2) vb=000000000c42c7f0 pts=0
09-18 17:36:09.311 D/VCodecVenc(  607): [L 324][EnqueInputBuffer]
09-18 17:36:09.337 D/VCodecVencImpl(  607): [L 572][MtkVencSetConfig]
09-18 17:36:09.337 D/android.hardware.media.c2@1.1-mediatek(  607): [import_mtk_dtv_native_buffer(): 717] mst buffer is secure: 0
09-18 17:36:09.339 D/android.hardware.media.c2@1.1-mediatek(  607): [import_mtk_dtv_native_buffer(): 717] mst buffer is secure: 0
09-18 17:36:09.342 I/kernel  ( 6265): [  236.602725][MTK_V4L2] level=0 vidioc_venc_qbuf(),1318: [4] id=0 getdata FB(2088960,2) vb=000000000c42c7f0 pts=0
09-18 17:36:09.344 D/VCodecVenc(  607): [L 324][EnqueInputBuffer]
09-18 17:36:09.346 E/<MI3>   (  636): <ERR>_MI_TUNER_GetLock[4279]: [_MI_TUNER_GetLock][4279] *peLockStatus =  E_MI_TUNER_UNLOCK@!!!
09-18 17:36:09.347 E/<MI3>   (  636): <ERR>_MI_TUNER_GetLock[4279]: [_MI_TUNER_GetLock][4279] *peLockStatus =  E_MI_TUNER_UNLOCK@!!!
09-18 17:36:09.348 E/<MI3>   (  636): <ERR>_MI_TUNER_GetLock[4279]: [_MI_TUNER_GetLock][4279] *peLockStatus =  E_MI_TUNER_UNLOCK@!!!
09-18 17:36:09.367 D/android.hardware.media.c2@1.1-mediatek(  607): [import_mtk_dtv_native_buffer(): 717] mst buffer is secure: 0
09-18 17:36:09.367 D/android.hardware.media.c2@1.1-mediatek(  607): [import_mtk_dtv_native_buffer(): 717] mst buffer is secure: 0
09-18 17:36:09.368 D/VCodecVencImpl(  607): [L 572][MtkVencSetConfig]
09-18 17:36:09.373 I/kernel  ( 6265): [  236.633967][MTK_V4L2] level=0 vidioc_venc_qbuf(),1318: [4] id=0 getdata FB(2088960,2) vb=000000000c42c7f0 pts=0
09-18 17:36:09.372 D/VCodecVenc(  607): [L 324][EnqueInputBuffer]
09-18 17:36:09.388 I/kernel  (  587): [  236.648673][wlan][587]scanAddToBssDesc:(SCN STATE) IE_PriCh:65 mismatch with RXD_ChNum:85
09-18 17:36:09.398 D/android.hardware.media.c2@1.1-mediatek(  607): [import_mtk_dtv_native_buffer(): 717] mst buffer is secure: 0
09-18 17:36:09.399 D/VCodecVencImpl(  607): [L 572][MtkVencSetConfig]
09-18 17:36:09.400 D/android.hardware.media.c2@1.1-mediatek(  607): [import_mtk_dtv_native_buffer(): 717] mst buffer is secure: 0
09-18 17:36:09.403 I/kernel  ( 6265): [  236.664582][MTK_V4L2] level=0 vidioc_venc_qbuf(),1318: [4] id=0 getdata FB(2088960,2) vb=000000000c42c7f0 pts=0
09-18 17:36:09.404 D/VCodecVenc(  607): [L 324][EnqueInputBuffer]
09-18 17:36:09.429 I/kernel  (  587): [  236.689926][wlan][587]scnFsmSteps:(SCN STATE) [SCAN]TRANSITION: [SCANNING] -> [SCANNING]
09-18 17:36:09.429 D/VCodecVencImpl(  607): [L 572][MtkVencSetConfig]
09-18 17:36:09.431 D/android.hardware.media.c2@1.1-mediatek(  607): [import_mtk_dtv_native_buffer(): 717] mst buffer is secure: 0
09-18 17:36:09.432 D/android.hardware.media.c2@1.1-mediatek(  607): [import_mtk_dtv_native_buffer(): 717] mst buffer is secure: 0
09-18 17:36:09.435 D/VCodecVenc(  607): [L 324][EnqueInputBuffer]
09-18 17:36:09.434 I/kernel  ( 6265): [  236.695417][MTK_V4L2] level=0 vidioc_venc_qbuf(),1318: [4] id=0 getdata FB(2088960,2) vb=000000000c42c7f0 pts=0
09-18 17:36:09.460 D/VCodecVencImpl(  607): [L 572][MtkVencSetConfig]
09-18 17:36:09.460 D/android.hardware.media.c2@1.1-mediatek(  607): [import_mtk_dtv_native_buffer(): 717] mst buffer is secure: 0
09-18 17:36:09.465 I/kernel  ( 6265): [  236.726195][MTK_V4L2] level=0 vidioc_venc_qbuf(),1318: [4] id=0 getdata FB(2088960,2) vb=000000000c42c7f0 pts=0
09-18 17:36:09.464 D/android.hardware.media.c2@1.1-mediatek(  607): [import_mtk_dtv_native_buffer(): 717] mst buffer is secure: 0
09-18 17:36:09.468 D/VCodecVenc(  607): [L 324][EnqueInputBuffer]
09-18 17:36:09.490 D/VCodecVencImpl(  607): [L 572][MtkVencSetConfig]
09-18 17:36:09.492 D/android.hardware.media.c2@1.1-mediatek(  607): [import_mtk_dtv_native_buffer(): 717] mst buffer is secure: 0
09-18 17:36:09.493 D/android.hardware.media.c2@1.1-mediatek(  607): [import_mtk_dtv_native_buffer(): 717] mst buffer is secure: 0
09-18 17:36:09.495 I/kernel  ( 6265): [  236.756501][MTK_V4L2] level=0 vidioc_venc_qbuf(),1318: [4] id=0 getdata FB(2088960,2) vb=000000000c42c7f0 pts=0
09-18 17:36:09.499 D/VCodecVenc(  607): [L 324][EnqueInputBuffer]
09-18 17:36:09.521 D/VCodecVencImpl(  607): [L 572][MtkVencSetConfig]
09-18 17:36:09.521 D/android.hardware.media.c2@1.1-mediatek(  607): [import_mtk_dtv_native_buffer(): 717] mst buffer is secure: 0
09-18 17:36:09.523 D/android.hardware.media.c2@1.1-mediatek(  607): [import_mtk_dtv_native_buffer(): 717] mst buffer is secure: 0
09-18 17:36:09.526 I/kernel  ( 6265): [  236.786670][MTK_V4L2] level=0 vidioc_venc_qbuf(),1318: [4] id=0 getdata FB(2088960,2) vb=000000000c42c7f0 pts=0
09-18 17:36:09.526 D/VCodecVenc(  607): [L 324][EnqueInputBuffer]
09-18 17:36:09.549 E/<MI3>   (  636): <ERR>_MI_TUNER_GetLock[4279]: [_MI_TUNER_GetLock][4279] *peLockStatus =  E_MI_TUNER_UNLOCK@!!!
09-18 17:36:09.549 E/<MI3>   (  636): <ERR>_MI_TUNER_GetLock[4279]: [_MI_TUNER_GetLock][4279] *peLockStatus =  E_MI_TUNER_UNLOCK@!!!
09-18 17:36:09.549 E/<MI3>   (  636): <ERR>_MI_TUNER_GetLock[4279]: [_MI_TUNER_GetLock][4279] *peLockStatus =  E_MI_TUNER_UNLOCK@!!!
09-18 17:36:09.551 D/android.hardware.media.c2@1.1-mediatek(  607): [import_mtk_dtv_native_buffer(): 717] mst buffer is secure: 0
09-18 17:36:09.551 D/VCodecVencImpl(  607): [L 572][MtkVencSetConfig]
09-18 17:36:09.553 D/android.hardware.media.c2@1.1-mediatek(  607): [import_mtk_dtv_native_buffer(): 717] mst buffer is secure: 0
09-18 17:36:09.556 I/kernel  ( 6265): [  236.816993][MTK_V4L2] level=0 vidioc_venc_qbuf(),1318: [4] id=0 getdata FB(2088960,2) vb=000000000c42c7f0 pts=0
09-18 17:36:09.557 D/VCodecVenc(  607): [L 324][EnqueInputBuffer]
09-18 17:36:09.571 V/HotPlugDetectionAction(  733): Poll all devices.
09-18 17:36:09.581 D/VCodecVencImpl(  607): [L 572][MtkVencSetConfig]
09-18 17:36:09.582 D/android.hardware.media.c2@1.1-mediatek(  607): [import_mtk_dtv_native_buffer(): 717] mst buffer is secure: 0
09-18 17:36:09.582 D/android.hardware.media.c2@1.1-mediatek(  607): [import_mtk_dtv_native_buffer(): 717] mst buffer is secure: 0
09-18 17:36:09.586 D/VCodecVenc(  607): [L 324][EnqueInputBuffer]
09-18 17:36:09.586 I/kernel  ( 6265): [  236.847520][MTK_V4L2] level=0 vidioc_venc_qbuf(),1318: [4] id=0 getdata FB(2088960,2) vb=000000000c42c7f0 pts=0
09-18 17:36:09.612 D/VCodecVencImpl(  607): [L 572][MtkVencSetConfig]
09-18 17:36:09.615 D/android.hardware.media.c2@1.1-mediatek(  607): [import_mtk_dtv_native_buffer(): 717] mst buffer is secure: 0
09-18 17:36:09.615 D/android.hardware.media.c2@1.1-mediatek(  607): [import_mtk_dtv_native_buffer(): 717] mst buffer is secure: 0
09-18 17:36:09.618 I/kernel  ( 6265): [  236.878895][MTK_V4L2] level=0 vidioc_venc_qbuf(),1318: [4] id=0 getdata FB(2088960,2) vb=000000000c42c7f0 pts=0
09-18 17:36:09.619 D/VCodecVenc(  607): [L 324][EnqueInputBuffer]
09-18 17:36:09.643 D/VCodecVencImpl(  607): [L 572][MtkVencSetConfig]
09-18 17:36:09.644 D/android.hardware.media.c2@1.1-mediatek(  607): [import_mtk_dtv_native_buffer(): 717] mst buffer is secure: 0
09-18 17:36:09.644 D/android.hardware.media.c2@1.1-mediatek(  607): [import_mtk_dtv_native_buffer(): 717] mst buffer is secure: 0
09-18 17:36:09.648 I/kernel  ( 6265): [  236.909342][MTK_V4L2] level=0 vidioc_venc_qbuf(),1318: [4] id=0 getdata FB(2088960,2) vb=000000000c42c7f0 pts=0
09-18 17:36:09.650 D/VCodecVenc(  607): [L 324][EnqueInputBuffer]
09-18 17:36:09.653 D/WifiHAL (  610): event received NL80211_CMD_VENDOR, vendor_id = 0xce7, subcmd = 0x99
09-18 17:36:09.653 D/wpa_supplicant( 1207): nl80211: Drv Event 103 (NL80211_CMD_VENDOR) received for wlan0
09-18 17:36:09.653 D/wpa_supplicant( 1207): nl80211: Vendor event: wiphy=0 vendor_id=0xce7 subcmd=153
09-18 17:36:09.653 D/wpa_supplicant( 1207): nl80211: Ignore unsupported vendor event
09-18 17:36:09.654 D/wpa_supplicant( 1207): nl80211: Drv Event 103 (NL80211_CMD_VENDOR) received for wlan0
09-18 17:36:09.654 D/WifiHAL (  610): event received NL80211_CMD_VENDOR, vendor_id = 0xce7, subcmd = 0xc
09-18 17:36:09.654 D/wpa_supplicant( 1207): nl80211: Vendor event: wiphy=0 vendor_id=0xce7 subcmd=12
09-18 17:36:09.654 D/WifiHAL (  610): event received NL80211_CMD_NEW_SCAN_RESULTS
09-18 17:36:09.654 D/wpa_supplicant( 1207): nl80211: Ignore unsupported vendor event
09-18 17:36:09.654 D/wpa_supplicant( 1207): RTM_NEWLINK: ifi_index=16 ifname=wlan0 wext ifi_family=0 ifi_flags=0x1003 ([UP])
09-18 17:36:09.654 D/wpa_supplicant( 1207): nl80211: Drv Event 34 (NL80211_CMD_NEW_SCAN_RESULTS) received for wlan0
09-18 17:36:09.654 D/wpa_supplicant( 1207): wlan0: nl80211: New scan results available
09-18 17:36:09.654 D/WifiNl80211Manager(  733): Scan result ready event
09-18 17:36:09.654 D/wpa_supplicant( 1207): nl80211: Scan probed for SSID ''
09-18 17:36:09.654 D/wpa_supplicant( 1207): nl80211: Scan probed for SSID 'nonessid'
09-18 17:36:09.654 D/WifiNative(  733): Scan result ready event
09-18 17:36:09.654 D/wpa_supplicant( 1207): nl80211: Scan included frequencies: 2412 2417 2422 2427 2432 2437 2442 2447 2452 2457 2462 2467 2472 5180 5200 5220 5240 5260 5280 5300 5320 5500 5520 5540 5560 5580 5600 5620 5640 5660 5680 5700 5720 5955 5975 5995 6015 6035 6055 6075 6095 6115 6135 6155 6175 6195 6215 6235 6255 6275 6295 6315 6335 6355 6375 6395 6415
09-18 17:36:09.654 D/wpa_supplicant( 1207): wlan0: Event SCAN_RESULTS (3) received
09-18 17:36:09.656 I/kernel  (  587): [  236.917309][wlan][587]scnFsmSteps:(SCN STATE) [SCAN]TRANSITION: [SCANNING] -> [IDLE]
09-18 17:36:09.656 I/kernel  ( 1207): [  236.917531][wlan][1207]mtk_cfg_get_txpower:(REQ WARN) STA doesn't support this function
09-18 17:36:09.657 I/kernel  (  587): [  236.918111][wlan][587]aisFsmSteps:(AIS STATE) [AIS0] TRANSITION: [SCAN] -> [IDLE]
09-18 17:36:09.657 I/kernel  ( 1207): [  236.918251][wlan][1207]mtk_cfg_get_txpower:(REQ WARN) STA doesn't support this function
09-18 17:36:09.656 D/wpa_supplicant( 1207): nl80211: Received scan results (0 BSSes)
09-18 17:36:09.656 D/wpa_supplicant( 1207): wlan0: BSS: Start scan result update 26
09-18 17:36:09.656 D/wpa_supplicant( 1207): BSS: last_scan_res_used=0/256
09-18 17:36:09.656 D/wpa_supplicant( 1207): wlan0: New scan results available (own=0 ext=1)
09-18 17:36:09.656 D/wpa_supplicant( 1207): wlan0: Do not use results from externally requested scan operation for network selection
09-18 17:36:09.658 D/InterfaceObserverInternal(  733): Received interfaceLinkStateChanged, iface=wlan0 up=false
09-18 17:36:09.658 D/InterfaceEventCallback(  733): onInterfaceLinkStateChanged, ifaceName=wlan0 up=false CurrentState=ConnectModeState
09-18 17:36:09.658 D/WifiNative(  733): interfaceLinkStateChanged: ifaceName=wlan0, mInterfaceId = 0, mIfaceMgr={0=Iface:{Name=wlan0,Id=0,Type=STA_CONNECTIVITY}}
09-18 17:36:09.660 I/netd    (  409): interfaceGetCfg(wlan0) -> {InterfaceConfigurationParcel{ifName: wlan0, hwAddr: 96:f3:15:9d:51:ce, ipv4Addr: 0.0.0.0, prefixLength: 0, flags: [up, broadcast, multicast]}} <0.25ms>
09-18 17:36:09.661 V/WifiNative(  733): Interface status unchanged on Iface:{Name=wlan0,Id=0,Type=STA_CONNECTIVITY} from true, Ignoring...
09-18 17:36:09.666 D/WifiNl80211Manager(  733): get 273 scan results from wificond
09-18 17:36:09.666 W/IE_Capabilities(  733): Unknown RSN cipher suite: 6ac0f00
09-18 17:36:09.667 W/IE_Capabilities(  733): Unknown RSN cipher suite: 6ac0f00
09-18 17:36:09.667 I/kernel  ( 2513): [  236.928041][A8303-1_Driver] addr:0x08,  i2c status:0x0a from 0x0a
09-18 17:36:09.671 W/IE_Capabilities(  733): Unknown RSN cipher suite: 6ac0f00
09-18 17:36:09.671 W/IE_Capabilities(  733): Unknown RSN cipher suite: 6ac0f00
09-18 17:36:09.672 W/IE_Capabilities(  733): Unknown RSN cipher suite: 6ac0f00
09-18 17:36:09.674 D/VCodecVencImpl(  607): [L 572][MtkVencSetConfig]
09-18 17:36:09.674 D/android.hardware.media.c2@1.1-mediatek(  607): [import_mtk_dtv_native_buffer(): 717] mst buffer is secure: 0
09-18 17:36:09.674 D/android.hardware.media.c2@1.1-mediatek(  607): [import_mtk_dtv_native_buffer(): 717] mst buffer is secure: 0
09-18 17:36:09.675 W/IE_Capabilities(  733): Unknown RSN cipher suite: 6ac0f00
09-18 17:36:09.675 W/IE_Capabilities(  733): Unknown RSN cipher suite: 6ac0f00
09-18 17:36:09.679 I/kernel  ( 6265): [  236.939831][MTK_V4L2] level=0 vidioc_venc_qbuf(),1318: [4] id=0 getdata FB(2088960,2) vb=000000000c42c7f0 pts=0
09-18 17:36:09.679 W/IE_Capabilities(  733): Unknown RSN cipher suite: 6ac0f00
09-18 17:36:09.679 W/IE_Capabilities(  733): Unknown RSN cipher suite: 6ac0f00
09-18 17:36:09.680 W/IE_Capabilities(  733): Unknown RSN cipher suite: 6ac0f00
09-18 17:36:09.680 W/IE_Capabilities(  733): Unknown RSN cipher suite: 6ac0f00
09-18 17:36:09.682 D/VCodecVenc(  607): [L 324][EnqueInputBuffer]
09-18 17:36:09.685 W/IE_Capabilities(  733): Unknown RSN cipher suite: 6ac0f00
09-18 17:36:09.685 W/IE_Capabilities(  733): Unknown RSN cipher suite: 6ac0f00
09-18 17:36:09.689 W/IE_Capabilities(  733): Unknown RSN cipher suite: 6ac0f00
09-18 17:36:09.692 W/IE_Capabilities(  733): Unknown RSN cipher suite: 6ac0f00
09-18 17:36:09.706 D/VCodecVencImpl(  607): [L 572][MtkVencSetConfig]
09-18 17:36:09.708 D/android.hardware.media.c2@1.1-mediatek(  607): [import_mtk_dtv_native_buffer(): 717] mst buffer is secure: 0
09-18 17:36:09.708 D/android.hardware.media.c2@1.1-mediatek(  607): [import_mtk_dtv_native_buffer(): 717] mst buffer is secure: 0
09-18 17:36:09.709 W/IE_Capabilities(  733): Unknown RSN cipher suite: 6ac0f00
09-18 17:36:09.711 I/kernel  ( 6265): [  236.972229][MTK_V4L2] level=0 vidioc_venc_qbuf(),1318: [4] id=0 getdata FB(2088960,2) vb=000000000c42c7f0 pts=0
09-18 17:36:09.713 D/VCodecVenc(  607): [L 324][EnqueInputBuffer]
09-18 17:36:09.720 W/IE_Capabilities(  733): Unknown RSN cipher suite: 6ac0f00
09-18 17:36:09.720 W/IE_Capabilities(  733): Unknown RSN cipher suite: 6ac0f00
09-18 17:36:09.722 D/WifiNative(  733): get 273 scan results from wificond
09-18 17:36:09.723 D/WificondScannerImpl(  733): Filtering out 61 scan results.
09-18 17:36:09.737 D/VCodecVencImpl(  607): [L 572][MtkVencSetConfig]
09-18 17:36:09.737 D/android.hardware.media.c2@1.1-mediatek(  607): [import_mtk_dtv_native_buffer(): 717] mst buffer is secure: 0
09-18 17:36:09.738 D/android.hardware.media.c2@1.1-mediatek(  607): [import_mtk_dtv_native_buffer(): 717] mst buffer is secure: 0
09-18 17:36:09.742 I/kernel  ( 6265): [  237.002911][MTK_V4L2] level=0 vidioc_venc_qbuf(),1318: [4] id=0 getdata FB(2088960,2) vb=000000000c42c7f0 pts=0
09-18 17:36:09.744 D/VCodecVenc(  607): [L 324][EnqueInputBuffer]
09-18 17:36:09.750 E/<MI3>   (  636): <ERR>_MI_TUNER_GetLock[4279]: [_MI_TUNER_GetLock][4279] *peLockStatus =  E_MI_TUNER_UNLOCK@!!!
09-18 17:36:09.751 E/<MI3>   (  636): <ERR>_MI_TUNER_GetLock[4279]: [_MI_TUNER_GetLock][4279] *peLockStatus =  E_MI_TUNER_UNLOCK@!!!
09-18 17:36:09.751 E/<MI3>   (  636): <ERR>_MI_TUNER_GetLock[4279]: [_MI_TUNER_GetLock][4279] *peLockStatus =  E_MI_TUNER_UNLOCK@!!!
09-18 17:36:09.767 D/VCodecVencImpl(  607): [L 572][MtkVencSetConfig]
09-18 17:36:09.767 D/android.hardware.media.c2@1.1-mediatek(  607): [import_mtk_dtv_native_buffer(): 717] mst buffer is secure: 0
09-18 17:36:09.768 D/android.hardware.media.c2@1.1-mediatek(  607): [import_mtk_dtv_native_buffer(): 717] mst buffer is secure: 0
09-18 17:36:09.772 I/kernel  ( 6265): [  237.033195][MTK_V4L2] level=0 vidioc_venc_qbuf(),1318: [4] id=0 getdata FB(2088960,2) vb=000000000c42c7f0 pts=0
09-18 17:36:09.772 D/VCodecVenc(  607): [L 324][EnqueInputBuffer]
09-18 17:36:09.798 D/VCodecVencImpl(  607): [L 572][MtkVencSetConfig]
09-18 17:36:09.800 D/android.hardware.media.c2@1.1-mediatek(  607): [import_mtk_dtv_native_buffer(): 717] mst buffer is secure: 0
09-18 17:36:09.801 D/android.hardware.media.c2@1.1-mediatek(  607): [import_mtk_dtv_native_buffer(): 717] mst buffer is secure: 0
09-18 17:36:09.803 I/kernel  ( 6265): [  237.063877][MTK_V4L2] level=0 vidioc_venc_qbuf(),1318: [4] id=0 getdata FB(2088960,2) vb=000000000c42c7f0 pts=0
09-18 17:36:09.805 D/VCodecVenc(  607): [L 324][EnqueInputBuffer]
09-18 17:36:09.830 D/VCodecVencImpl(  607): [L 572][MtkVencSetConfig]
09-18 17:36:09.830 D/android.hardware.media.c2@1.1-mediatek(  607): [import_mtk_dtv_native_buffer(): 717] mst buffer is secure: 0
09-18 17:36:09.831 D/android.hardware.media.c2@1.1-mediatek(  607): [import_mtk_dtv_native_buffer(): 717] mst buffer is secure: 0
09-18 17:36:09.836 I/kernel  ( 6265): [  237.097390][MTK_V4L2] level=0 vidioc_venc_qbuf(),1318: [4] id=0 getdata FB(2088960,2) vb=000000000c42c7f0 pts=0
09-18 17:36:09.836 D/VCodecVenc(  607): [L 324][EnqueInputBuffer]
09-18 17:36:09.862 D/VCodecVencImpl(  607): [L 572][MtkVencSetConfig]
09-18 17:36:09.863 D/android.hardware.media.c2@1.1-mediatek(  607): [import_mtk_dtv_native_buffer(): 717] mst buffer is secure: 0
09-18 17:36:09.863 D/android.hardware.media.c2@1.1-mediatek(  607): [import_mtk_dtv_native_buffer(): 717] mst buffer is secure: 0
09-18 17:36:09.869 I/kernel  ( 6265): [  237.130159][MTK_V4L2] level=0 vidioc_venc_qbuf(),1318: [4] id=0 getdata FB(2088960,2) vb=000000000c42c7f0 pts=0
09-18 17:36:09.869 D/VCodecVenc(  607): [L 324][EnqueInputBuffer]
09-18 17:36:09.897 D/VCodecVencImpl(  607): [L 572][MtkVencSetConfig]
09-18 17:36:09.897 D/android.hardware.media.c2@1.1-mediatek(  607): [import_mtk_dtv_native_buffer(): 717] mst buffer is secure: 0
09-18 17:36:09.898 D/android.hardware.media.c2@1.1-mediatek(  607): [import_mtk_dtv_native_buffer(): 717] mst buffer is secure: 0
09-18 17:36:09.902 I/kernel  ( 6265): [  237.162795][MTK_V4L2] level=0 vidioc_venc_qbuf(),1318: [4] id=0 getdata FB(2088960,2) vb=000000000c42c7f0 pts=0
09-18 17:36:09.902 D/VCodecVenc(  607): [L 324][EnqueInputBuffer]
09-18 17:36:09.918 I/WifiScanningService(  733): singleScanResults: ClientInfo[uid=1000, package=com.android.tv.settings, com.android.server.wifi.scanner.WifiScannerInternal$ScanListener@6fe1a45],results=212
09-18 17:36:09.919 I/WifiScanningService(  733): singleScanResults: ClientInfo[uid=1000, package=android, com.android.server.wifi.scanner.WifiScannerInternal$ScanListener@128a337],results=212
09-18 17:36:09.920 I/WifiScanningService(  733): singleScanResults: ClientInfo[uid=1000, package=android, com.android.server.wifi.scanner.WifiScannerInternal$ScanListener@6841e0d],results=212
09-18 17:36:09.920 I/WifiScanningService(  733): singleScanResults: ClientInfo[uid=1000, package=android, com.android.server.wifi.scanner.WifiScannerInternal$ScanListener@f52f96b],results=212
09-18 17:36:09.920 D/WifiScanRequestProxy(  733): Scan results received
09-18 17:36:09.921 D/WifiScanRequestProxy(  733): Received 212 scan results
09-18 17:36:09.921 I/WifiScanningService(  733): singleScanResults: ClientInfo[uid=10122, package=com.google.android.gms, android.net.wifi.IWifiScannerListener$Stub$Proxy@368ff3a],results=212
09-18 17:36:09.923 D/WifiHealthMonitor(  733):  2G scanResult count: 49, Above2g scanResult count: 163
09-18 17:36:09.924 V/WifiPickerTracker( 1493): Received broadcast: android.net.wifi.SCAN_RESULTS
09-18 17:36:09.925 I/WifiService(  733): getWifiEnabledState uid=1000 state=3
09-18 17:36:09.926 I/WifiService(  733): getScanResults uid=1000
09-18 17:36:09.927 D/VCodecVencImpl(  607): [L 572][MtkVencSetConfig]
09-18 17:36:09.927 D/android.hardware.media.c2@1.1-mediatek(  607): [import_mtk_dtv_native_buffer(): 717] mst buffer is secure: 0
09-18 17:36:09.927 I/ScanResultUtil####debug(  733): check createSecurityParamsBySecurityType
09-18 17:36:09.929 D/android.hardware.media.c2@1.1-mediatek(  607): [import_mtk_dtv_native_buffer(): 717] mst buffer is secure: 0
09-18 17:36:09.929 I/ScanResultUtil####debug(  733): call createSecurityParamsBySecurityType
09-18 17:36:09.930 I/SecurityParams####debug(  733): createWpa3PersonalParams
09-18 17:36:09.932 I/kernel  ( 6265): [  237.193318][MTK_V4L2] level=0 vidioc_venc_qbuf(),1318: [4] id=0 getdata FB(2088960,2) vb=000000000c42c7f0 pts=0
09-18 17:36:09.930 I/ScanResultUtil####debug(  733): check createSecurityParamsBySecurityType
09-18 17:36:09.930 I/ScanResultUtil####debug(  733): call createSecurityParamsBySecurityType
09-18 17:36:09.936 I/SecurityParams####debug(  733): createWpa3PersonalParams
09-18 17:36:09.936 D/VCodecVenc(  607): [L 324][EnqueInputBuffer]
09-18 17:36:09.937 I/WifiScanningService(  733): Unregistering listener= com.android.server.wifi.scanner.WifiScannerInternal$ScanListener@6fe1a45 uid=1000 packageName=com.android.tv.settings workSource=WorkSource{1000}
09-18 17:36:09.938 I/ScanResultUtil####debug(  733): check createSecurityParamsBySecurityType
09-18 17:36:09.938 I/ScanResultUtil####debug(  733): call createSecurityParamsBySecurityType
09-18 17:36:09.939 I/SecurityParams####debug(  733): createWpa3PersonalParams
09-18 17:36:09.940 I/ScanResultUtil####debug(  733): check createSecurityParamsBySecurityType
09-18 17:36:09.940 I/ScanResultUtil####debug(  733): call createSecurityParamsBySecurityType
09-18 17:36:09.940 I/SecurityParams####debug(  733): createWpa3PersonalParams
09-18 17:36:09.941 I/ScanResultUtil####debug(  733): check createSecurityParamsBySecurityType
09-18 17:36:09.941 I/ScanResultUtil####debug(  733): call createSecurityParamsBySecurityType
09-18 17:36:09.941 I/SecurityParams####debug(  733): createWpa3PersonalParams
09-18 17:36:09.941 I/ScanResultUtil####debug(  733): check createSecurityParamsBySecurityType
09-18 17:36:09.941 I/ScanResultUtil####debug(  733): call createSecurityParamsBySecurityType
09-18 17:36:09.941 I/SecurityParams####debug(  733): createWpa3PersonalParams
09-18 17:36:09.941 I/ScanResultUtil####debug(  733): check createSecurityParamsBySecurityType
09-18 17:36:09.941 I/ScanResultUtil####debug(  733): call createSecurityParamsBySecurityType
09-18 17:36:09.941 I/SecurityParams####debug(  733): createWpa3PersonalParams
09-18 17:36:09.945 I/ScanResultUtil####debug(  733): check createSecurityParamsBySecurityType
09-18 17:36:09.945 I/ScanResultUtil####debug(  733): call createSecurityParamsBySecurityType
