] level=0 vidioc_venc_qbuf(),1318: [4] id=0 getdata FB(2088960,2) vb=000000000c42c7f0 pts=0
09-18 17:36:03.704 D/VCodecVenc(  607): [L 324][EnqueInputBuffer]
09-18 17:36:03.730 D/VCodecVencImpl(  607): [L 572][MtkVencSetConfig]
09-18 17:36:03.730 D/android.hardware.media.c2@1.1-mediatek(  607): [import_mtk_dtv_native_buffer(): 717] mst buffer is secure: 0
09-18 17:36:03.731 D/android.hardware.media.c2@1.1-mediatek(  607): [import_mtk_dtv_native_buffer(): 717] mst buffer is secure: 0
09-18 17:36:03.735 D/VCodecVenc(  607): [L 324][EnqueInputBuffer]
09-18 17:36:03.735 I/kernel  ( 6265): [  230.995911][MTK_V4L2] level=0 vidioc_venc_qbuf(),1318: [4] id=0 getdata FB(2088960,2) vb=000000000c42c7f0 pts=0
09-18 17:36:03.748 I/WifiService(  733): getConnectionInfo uid=10184
09-18 17:36:03.749 V/WifiPermissionsUtil(  733): checkCallersLocationPermission(com.uei.quicksetsdk): uid 10184 doesn't have permission android.permission.ACCESS_FINE_LOCATION
09-18 17:36:03.749 V/WifiPermissionsUtil(  733): enforceCanAccessScanResults(pkg=com.uei.quicksetsdk, uid=10184): canCallingUidAccessLocation=false, canAppPackageUseLocation=false
09-18 17:36:03.749 V/WifiService(  733): Keeping REDACT_FOR_ACCESS_FINE_LOCATION:java.lang.SecurityException: UID 10184 has no location permission
09-18 17:36:03.750 I/WifiService(  733): getWifiEnabledState uid=10184 state=3
09-18 17:36:03.760 D/VCodecVencImpl(  607): [L 572][MtkVencSetConfig]
09-18 17:36:03.760 D/android.hardware.media.c2@1.1-mediatek(  607): [import_mtk_dtv_native_buffer(): 717] mst buffer is secure: 0
09-18 17:36:03.761 D/android.hardware.media.c2@1.1-mediatek(  607): [import_mtk_dtv_native_buffer(): 717] mst buffer is secure: 0
09-18 17:36:03.766 D/VCodecVenc(  607): [L 324][EnqueInputBuffer]
09-18 17:36:03.767 I/kernel  ( 6265): [  231.028416][MTK_V4L2] level=0 vidioc_venc_qbuf(),1318: [4] id=0 getdata FB(2088960,2) vb=000000000c42c7f0 pts=0
09-18 17:36:03.793 D/VCodecVencImpl(  607): [L 572][MtkVencSetConfig]
09-18 17:36:03.793 D/android.hardware.media.c2@1.1-mediatek(  607): [import_mtk_dtv_native_buffer(): 717] mst buffer is secure: 0
09-18 17:36:03.793 D/android.hardware.media.c2@1.1-mediatek(  607): [import_mtk_dtv_native_buffer(): 717] mst buffer is secure: 0
09-18 17:36:03.798 I/kernel  ( 6265): [  231.058790][MTK_V4L2] level=0 vidioc_venc_qbuf(),1318: [4] id=0 getdata FB(2088960,2) vb=000000000c42c7f0 pts=0
09-18 17:36:03.797 E/<MI3>   (  636): <ERR>_MI_TUNER_GetLock[4279]: [_MI_TUNER_GetLock][4279] *peLockStatus =  E_MI_TUNER_UNLOCK@!!!
09-18 17:36:03.798 E/<MI3>   (  636): <ERR>_MI_TUNER_GetLock[4279]: [_MI_TUNER_GetLock][4279] *peLockStatus =  E_MI_TUNER_UNLOCK@!!!
09-18 17:36:03.799 E/<MI3>   (  636): <ERR>_MI_TUNER_GetLock[4279]: [_MI_TUNER_GetLock][4279] *peLockStatus =  E_MI_TUNER_UNLOCK@!!!
09-18 17:36:03.800 D/VCodecVenc(  607): [L 324][EnqueInputBuffer]
09-18 17:36:03.823 D/VCodecVencImpl(  607): [L 572][MtkVencSetConfig]
09-18 17:36:03.823 D/android.hardware.media.c2@1.1-mediatek(  607): [import_mtk_dtv_native_buffer(): 717] mst buffer is secure: 0
09-18 17:36:03.824 D/android.hardware.media.c2@1.1-mediatek(  607): [import_mtk_dtv_native_buffer(): 717] mst buffer is secure: 0
09-18 17:36:03.828 I/kernel  ( 6265): [  231.089119][MTK_V4L2] level=0 vidioc_venc_qbuf(),1318: [4] id=0 getdata FB(2088960,2) vb=000000000c42c7f0 pts=0
09-18 17:36:03.829 D/VCodecVenc(  607): [L 324][EnqueInputBuffer]
09-18 17:36:03.854 D/VCodecVencImpl(  607): [L 572][MtkVencSetConfig]
09-18 17:36:03.854 D/android.hardware.media.c2@1.1-mediatek(  607): [import_mtk_dtv_native_buffer(): 717] mst buffer is secure: 0
09-18 17:36:03.858 I/kernel  ( 6265): [  231.119493][MTK_V4L2] level=0 vidioc_venc_qbuf(),1318: [4] id=0 getdata FB(2088960,2) vb=000000000c42c7f0 pts=0
09-18 17:36:03.856 D/android.hardware.media.c2@1.1-mediatek(  607): [import_mtk_dtv_native_buffer(): 717] mst buffer is secure: 0
09-18 17:36:03.860 D/VCodecVenc(  607): [L 324][EnqueInputBuffer]
09-18 17:36:03.884 D/VCodecVencImpl(  607): [L 572][MtkVencSetConfig]
09-18 17:36:03.884 D/android.hardware.media.c2@1.1-mediatek(  607): [import_mtk_dtv_native_buffer(): 717] mst buffer is secure: 0
09-18 17:36:03.886 D/android.hardware.media.c2@1.1-mediatek(  607): [import_mtk_dtv_native_buffer(): 717] mst buffer is secure: 0
09-18 17:36:03.889 I/kernel  ( 6265): [  231.149679][MTK_V4L2] level=0 vidioc_venc_qbuf(),1318: [4] id=0 getdata FB(2088960,2) vb=000000000c42c7f0 pts=0
09-18 17:36:03.889 D/VCodecVenc(  607): [L 324][EnqueInputBuffer]
09-18 17:36:03.914 D/VCodecVencImpl(  607): [L 572][MtkVencSetConfig]
09-18 17:36:03.914 D/android.hardware.media.c2@1.1-mediatek(  607): [import_mtk_dtv_native_buffer(): 717] mst buffer is secure: 0
09-18 17:36:03.915 D/android.hardware.media.c2@1.1-mediatek(  607): [import_mtk_dtv_native_buffer(): 717] mst buffer is secure: 0
09-18 17:36:03.919 I/kernel  ( 6265): [  231.180001][MTK_V4L2] level=0 vidioc_venc_qbuf(),1318: [4] id=0 getdata FB(2088960,2) vb=000000000c42c7f0 pts=0
09-18 17:36:03.919 D/VCodecVenc(  607): [L 324][EnqueInputBuffer]
09-18 17:36:03.945 D/VCodecVencImpl(  607): [L 572][MtkVencSetConfig]
09-18 17:36:03.945 D/android.hardware.media.c2@1.1-mediatek(  607): [import_mtk_dtv_native_buffer(): 717] mst buffer is secure: 0
09-18 17:36:03.946 D/android.hardware.media.c2@1.1-mediatek(  607): [import_mtk_dtv_native_buffer(): 717] mst buffer is secure: 0
09-18 17:36:03.950 I/kernel  ( 6265): [  231.210772][MTK_V4L2] level=0 vidioc_venc_qbuf(),1318: [4] id=0 getdata FB(2088960,2) vb=000000000c42c7f0 pts=0
09-18 17:36:03.951 D/VCodecVenc(  607): [L 324][EnqueInputBuffer]
09-18 17:36:03.975 D/VCodecVencImpl(  607): [L 572][MtkVencSetConfig]
09-18 17:36:03.976 D/android.hardware.media.c2@1.1-mediatek(  607): [import_mtk_dtv_native_buffer(): 717] mst buffer is secure: 0
09-18 17:36:03.977 D/android.hardware.media.c2@1.1-mediatek(  607): [import_mtk_dtv_native_buffer(): 717] mst buffer is secure: 0
09-18 17:36:03.980 I/kernel  ( 6265): [  231.241142][MTK_V4L2] level=0 vidioc_venc_qbuf(),1318: [4] id=0 getdata FB(2088960,2) vb=000000000c42c7f0 pts=0
09-18 17:36:03.983 D/VCodecVenc(  607): [L 324][EnqueInputBuffer]
09-18 17:36:04.000 E/<MI3>   (  636): <ERR>_MI_TUNER_GetLock[4279]: [_MI_TUNER_GetLock][4279] *peLockStatus =  E_MI_TUNER_UNLOCK@!!!
09-18 17:36:04.000 E/<MI3>   (  636): <ERR>_MI_TUNER_GetLock[4279]: [_MI_TUNER_GetLock][4279] *peLockStatus =  E_MI_TUNER_UNLOCK@!!!
09-18 17:36:04.000 E/<MI3>   (  636): <ERR>_MI_TUNER_GetLock[4279]: [_MI_TUNER_GetLock][4279] *peLockStatus =  E_MI_TUNER_UNLOCK@!!!
09-18 17:36:04.005 D/VCodecVencImpl(  607): [L 572][MtkVencSetConfig]
09-18 17:36:04.005 D/android.hardware.media.c2@1.1-mediatek(  607): [import_mtk_dtv_native_buffer(): 717] mst buffer is secure: 0
09-18 17:36:04.006 D/android.hardware.media.c2@1.1-mediatek(  607): [import_mtk_dtv_native_buffer(): 717] mst buffer is secure: 0
09-18 17:36:04.009 D/VCodecVenc(  607): [L 324][EnqueInputBuffer]
09-18 17:36:04.011 I/kernel  ( 6265): [  231.271696][MTK_V4L2] level=0 vidioc_venc_qbuf(),1318: [4] id=0 getdata FB(2088960,2) vb=000000000c42c7f0 pts=0
09-18 17:36:04.033 I/JpTis_IsdbSFrontendTuneImpl@9( 2016): LnbStatusCallbackImpl:onLnbStatusChanged from:LnbStatus(voltageOn=true, status=Pending) to:LnbStatus(voltageOn=false, status=Off) lnbPowerStatus:Pending
09-18 17:36:04.033 I/JpTis_IsdbSFrontendTuneImpl@4( 2016): LnbStatusCallbackImpl:onLnbStatusChanged from:LnbStatus(voltageOn=true, status=Pending) to:LnbStatus(voltageOn=false, status=Off) lnbPowerStatus:Pending
09-18 17:36:04.033 I/JpTis_IsdbSFrontendTuneImpl@4( 2016): sendFrontendTuneStatusUnlocked()
09-18 17:36:04.034 I/JpTis_IsdbSFrontendTuneImpl@10( 2016): LnbStatusCallbackImpl:onLnbStatusChanged from:LnbStatus(voltageOn=true, status=Pending) to:LnbStatus(voltageOn=false, status=Off) lnbPowerStatus:Pending
09-18 17:36:04.034 I/JpTis_IsdbSFrontendTuneImpl@9( 2016): sendFrontendTuneStatusUnlocked()
09-18 17:36:04.034 I/JpTis_IsdbSFrontendTuneImpl@10( 2016): sendFrontendTuneStatusUnlocked()
09-18 17:36:04.034 I/JpTis_IsdbSTunerTune@9( 2016): onTuneEvent
09-18 17:36:04.034 I/JpTis_IsdbSTunerTune@4( 2016): onTuneEvent
09-18 17:36:04.034 I/JpTis_IsdbSTunerTune@4( 2016): lockStatus is Unlocked
09-18 17:36:04.034 I/JpTis_IsdbSTunerTune@9( 2016): lockStatus is Unlocked
09-18 17:36:04.034 I/JpTis_TsSatelliteSiAccumulatingTuneElement@9( 2016): Completed. Process transfer and status update. isWholeTimeout:false, eitPfCondition:BAD, eitSchCondition:BAD, ldtCondition:BAD, networkId:4, streamId:0x4631, serviceIds:[236]
09-18 17:36:04.034 I/JpTis_TsSatelliteSiAccumulatingTuneElement@4( 2016): Completed. Process transfer and status update. isWholeTimeout:false, eitPfCondition:BAD, eitSchCondition:BAD, ldtCondition:BAD, networkId:4, streamId:0x4971, serviceIds:[265]
09-18 17:36:04.034 I/JpTis_TsSatelliteSiAccumulatingTuneElement@9( 2016): Not Tables to store.
09-18 17:36:04.036 I/kernel  (  636): [  231.296926][A8303-1_Driver] [dish_a8303_1_fe_set_voltage] arg voltage is 0x00
09-18 17:36:04.036 I/kernel  (  636): [  231.297121][A8303-1_Driver] i2c_transfer msg[0] addr:0x08, len:2, flags:0
09-18 17:36:04.036 I/kernel  (  636): [  231.297125][A8303-1_Driver] i2c_transfer msg[0] buf[0]:0x00
09-18 17:36:04.036 I/kernel  (  636): [  231.297128][A8303-1_Driver] i2c_transfer msg[0] buf[1]:0x00
09-18 17:36:04.036 I/kernel  (  636): [  231.297236][A8303-1_Driver] [memorize_voltage] main_voltage = 2
09-18 17:36:04.035 I/JpTis_TsSatelliteSiAccumulatingTuneElement@4( 2016): Not Tables to store.
09-18 17:36:04.035 I/JpTis_IsdbSTunerTune@10( 2016): onTuneEvent
09-18 17:36:04.035 I/JpTis_IsdbSTunerTune@9( 2016): stop
09-18 17:36:04.035 I/JpTis_IsdbSTunerTune@10( 2016): lockStatus is Unlocked
09-18 17:36:04.036 I/JpTis_TsSatelliteSiAccumulatingTuneElement@10( 2016): Completed. Process transfer and status update. isWholeTimeout:false, eitPfCondition:BAD, eitSchCondition:BAD, ldtCondition:BAD, networkId:7, streamId:0x7140, serviceIds:[307, 308, 309, 322]
09-18 17:36:04.037 D/VCodecVencImpl(  607): [L 572][MtkVencSetConfig]
09-18 17:36:04.037 D/android.hardware.media.c2@1.1-mediatek(  607): [import_mtk_dtv_native_buffer(): 717] mst buffer is secure: 0
09-18 17:36:04.037 I/JpTis_TsSatelliteSiAccumulatingTuneElement@10( 2016): Not Tables to store.
09-18 17:36:04.037 D/android.hardware.media.c2@1.1-mediatek(  607): [import_mtk_dtv_native_buffer(): 717] mst buffer is secure: 0
09-18 17:36:04.037 I/JpTis_IsdbSTunerTune@10( 2016): stop
09-18 17:36:04.037 I/JpTis_IsdbSTunerTune@4( 2016): stop
09-18 17:36:04.041 I/kernel  ( 6265): [  231.302581][MTK_V4L2] level=0 vidioc_venc_qbuf(),1318: [4] id=0 getdata FB(2088960,2) vb=000000000c42c7f0 pts=0
09-18 17:36:04.041 D/VCodecVenc(  607): [L 324][EnqueInputBuffer]
09-18 17:36:04.042 V/mtktv.frontend(  636): [close:2632]: @@@@@@@@@@@@Frontend_close
09-18 17:36:04.044 I/kernel  ( 2513): [  231.305171][A8303-1_Driver] addr:0x08,  i2c status:0x1b from 0x0a
09-18 17:36:04.045 E/kernel  ( 6927): [  231.306220]mediatek,dvb-adapter mtk-dvb-adapter: dvb_frontend_thread: !!!!!!DVB_FE_NORMAL_EXIT
09-18 17:36:04.045 I/kernel  ( 6927): [  231.306236]mtk_cfm: [cfm_sleep][1094]
09-18 17:36:04.067 D/VCodecVencImpl(  607): [L 572][MtkVencSetConfig]
09-18 17:36:04.067 D/android.hardware.media.c2@1.1-mediatek(  607): [import_mtk_dtv_native_buffer(): 717] mst buffer is secure: 0
09-18 17:36:04.067 D/android.hardware.media.c2@1.1-mediatek(  607): [import_mtk_dtv_native_buffer(): 717] mst buffer is secure: 0
09-18 17:36:04.072 I/kernel  ( 6265): [  231.332885][MTK_V4L2] level=0 vidioc_venc_qbuf(),1318: [4] id=0 getdata FB(2088960,2) vb=000000000c42c7f0 pts=0
09-18 17:36:04.071 D/VCodecVenc(  607): [L 324][EnqueInputBuffer]
09-18 17:36:04.092 V/mtktv.frontend(  636): [close:2683]: REMOVE DELAY in Frontend::close() to chk mutex work or not when open)
09-18 17:36:04.095 I/JpTis_TsSatelliteStreamSiAccumulatingRequest@10( 2016): tryNext
09-18 17:36:04.095 I/JpTis_TsSatelliteStreamSiAccumulatingRequest@10( 2016): process next.
09-18 17:36:04.096 V/mtktv.frontend(  636): [close:2632]: @@@@@@@@@@@@Frontend_close
09-18 17:36:04.097 D/VCodecVencImpl(  607): [L 572][MtkVencSetConfig]
09-18 17:36:04.098 D/android.hardware.media.c2@1.1-mediatek(  607): [import_mtk_dtv_native_buffer(): 717] mst buffer is secure: 0
09-18 17:36:04.098 D/android.hardware.media.c2@1.1-mediatek(  607): [import_mtk_dtv_native_buffer(): 717] mst buffer is secure: 0
09-18 17:36:04.101 E/kernel  ( 6923): [  231.361672]mediatek,dvb-adapter mtk-dvb-adapter: dvb_frontend_thread: !!!!!!DVB_FE_NORMAL_EXIT
09-18 17:36:04.101 I/kernel  ( 6923): [  231.361689]mtk_cfm: [cfm_sleep][1094]
09-18 17:36:04.104 I/kernel  ( 6265): [  231.364925][MTK_V4L2] level=0 vidioc_venc_qbuf(),1318: [4] id=0 getdata FB(2088960,2) vb=000000000c42c7f0 pts=0
09-18 17:36:04.103 I/JpTis_TsSatelliteEitSchSegmentTableContainerFactory@10( 2016): create EitSchBasicActual container. networkId:7, serviceId:161, serviceType:AribServiceType(serviceTypeValue=0x01), basicSegments:64, criteriaSegments:64, timeout:PT3M19S
09-18 17:36:04.103 I/JpTis_TsSatelliteEitSchSegmentTableContainerFactory@10( 2016): create EitSchBasicActual container. networkId:7, serviceId:297, serviceType:AribServiceType(serviceTypeValue=0x01), basicSegments:64, criteriaSegments:64, timeout:PT3M19S
09-18 17:36:04.104 I/JpTis_TsSatelliteEitSchSegmentTableContainerFactory@10( 2016): create EitSchBasicActual container. networkId:7, serviceId:312, serviceType:AribServiceType(serviceTypeValue=0x01), basicSegments:64, criteriaSegments:64, timeout:PT3M19S
09-18 17:36:04.104 I/JpTis_TsSatelliteEitSchSegmentTableContainerFactory@10( 2016): create EitSchBasicActual container. networkId:7, serviceId:351, serviceType:AribServiceType(serviceTypeValue=0x01), basicSegments:64, criteriaSegments:64, timeout:PT3M19S
09-18 17:36:04.104 I/JpTis_TsSatelliteEitSchSegmentTableContainerFactory@10( 2016): Do not create EitSchExtended container. extendedTransmissionRanges:Segments(minSegments=64, maxSegments=64, defaultSegments=64, signaledSegments=null)
09-18 17:36:04.104 D/VCodecVenc(  607): [L 324][EnqueInputBuffer]
09-18 17:36:04.104 I/JpTis_TsSatelliteEitSchSegmentTableContainerFactory@10( 2016): Do not create EitSchExtended container. extendedTransmissionRanges:Segments(minSegments=64, maxSegments=64, defaultSegments=64, signaledSegments=null)
09-18 17:36:04.104 I/JpTis_TsSatelliteEitSchSegmentTableContainerFactory@10( 2016): Do not create EitSchExtended container. extendedTransmissionRanges:Segments(minSegments=64, maxSegments=64, defaultSegments=64, signaledSegments=null)
09-18 17:36:04.104 I/JpTis_TsSatelliteEitSchSegmentTableContainerFactory@10( 2016): Do not create EitSchExtended container. extendedTransmissionRanges:Segments(minSegments=64, maxSegments=64, defaultSegments=64, signaledSegments=null)
09-18 17:36:04.106 I/JpTis_LdtTableContainerFactory@10( 2016): create LdtTableContainer. services:[ServiceElement(networkId=7, serviceId=161, serviceType=AribServiceType(serviceTypeValue=0x01), isEitSchBasicOn=true, isEitSchExtendedOn=true, criteriaSegments=64), ServiceElement(networkId=7, serviceId=297, serviceType=AribServiceType(serviceTypeValue=0x01), isEitSchBasicOn=true, isEitSchExtendedOn=true, criteriaSegments=64), ServiceElement(networkId=7, serviceId=312, serviceType=AribServiceType(serviceTypeValue=0x01), isEitSchBasicOn=true, isEitSchExtendedOn=true, criteriaSegments=64), ServiceElement(networkId=7, serviceId=351, serviceType=AribServiceType(serviceTypeValue=0x01), isEitSchBasicOn=true, isEitSchExtendedOn=true, criteriaSegments=64)], timeout:PT3M19S
09-18 17:36:04.108 I/JpTis_IsdbSFrontendTuneImpl@10( 2016): startTuning: frontendSettings: frequency:2013000000, streamId:0x7160, streamIdType:0x00, modulation:1, codeRate:1, symbolRate:0, rollOff:0
09-18 17:36:04.108 D/MediaTvTuner( 2016): Tune to 2013000000
09-18 17:36:04.129 D/VCodecVencImpl(  607): [L 572][MtkVencSetConfig]
09-18 17:36:04.129 D/android.hardware.media.c2@1.1-mediatek(  607): [import_mtk_dtv_native_buffer(): 717] mst buffer is secure: 0
09-18 17:36:04.130 D/android.hardware.media.c2@1.1-mediatek(  607): [import_mtk_dtv_native_buffer(): 717] mst buffer is secure: 0
09-18 17:36:04.134 D/VCodecVenc(  607): [L 324][EnqueInputBuffer]
09-18 17:36:04.134 I/kernel  ( 6265): [  231.395338][MTK_V4L2] level=0 vidioc_venc_qbuf(),1318: [4] id=0 getdata FB(2088960,2) vb=000000000c42c7f0 pts=0
09-18 17:36:04.142 I/kernel  (  103): [  231.403136][wdk-c] cpu=3 o_k=3 lbit=0x8 cbit=0xf,7,3,1,402339250,f,24813,0,28006,0,[231403129357,11000000] 30
09-18 17:36:04.142 I/kernel  (  100): [  231.403141][wdk-c] cpu=0 o_k=0 lbit=0x9 cbit=0xf,6,3,1,402339250,f,24813,0,28006,0,[231403136607,10999983] 30
09-18 17:36:04.142 I/kernel  (  100): [  231.403145]wdt_dump_cntcv CPU:0 CNTCV_CTL:0 CNTCV_TVAL:bf1c5ff8 CNTVCT:ac099516 SYST_CNTCR:0 SYST_DISTL:0 SYST_CNTCV:0
09-18 17:36:04.142 I/kernel  (  103): [  231.403146]wdt_dump_cntcv CPU:3 CNTCV_CTL:0 CNTCV_TVAL:e5dae205 CNTVCT:ac099504 SYST_CNTCR:0 SYST_DISTL:0 SYST_CNTCV:0
09-18 17:36:04.142 I/kernel  (  101): [  231.403146][wdk-c] cpu=1 o_k=1 lbit=0xb cbit=0xf,4,3,1,402339250,f,24813,0,28006,0,[231403141690,10999978] 30
09-18 17:36:04.142 I/kernel  (  101): [  231.403150]wdt_dump_cntcv CPU:1 CNTCV_CTL:0 CNTCV_TVAL:efbdd63 CNTVCT:ac09950d SYST_CNTCR:0 SYST_DISTL:0 SYST_CNTCV:0
09-18 17:36:04.142 I/kernel  (  102): [  231.403319][thread:102] 2025-09-18 08:36:04.139387 UTC;android time 2025-09-18 08:36:04.139387
09-18 17:36:04.142 I/kernel  (  102): [  231.403499][wdk-k] cpu=2 o_k=2 lbit=0xf cbit=0xf,0,3,1,402339250,f,24813,0,28006,0,[231403313357,10999806] 30
09-18 17:36:04.142 I/kernel  (  102): [  231.403502]wdt_dump_cntcv CPU:2 CNTCV_CTL:0 CNTCV_TVAL:2679d423 CNTVCT:ac09950d SYST_CNTCR:0 SYST_DISTL:0 SYST_CNTCV:0
09-18 17:36:04.147 V/mtktv.frontend(  636): [close:2683]: REMOVE DELAY in Frontend::close() to chk mutex work or not when open)
09-18 17:36:04.149 V/mtktv.frontend(  636): [close:2632]: @@@@@@@@@@@@Frontend_close
09-18 17:36:04.149 I/JpTis_TsSatelliteStreamSiAccumulatingRequest@4( 2016): tryNext
09-18 17:36:04.149 I/JpTis_TsSatelliteStreamSiAccumulatingRequest@4( 2016): process next.
09-18 17:36:04.152 E/kernel  ( 6921): [  231.413526]mediatek,dvb-adapter mtk-dvb-adapter: dvb_frontend_thread: !!!!!!DVB_FE_NORMAL_EXIT
09-18 17:36:04.152 I/kernel  ( 6921): [  231.413542]mtk_cfm: [cfm_sleep][1094]
09-18 17:36:04.154 I/JpTis_TsSatelliteEitSchSegmentTableContainerFactory@4( 2016): create EitSchBasicActual container. networkId:4, serviceId:260, serviceType:AribServiceType(serviceTypeValue=0x01), basicSegments:64, criteriaSegments:16, timeout:PT12S
09-18 17:36:04.155 I/JpTis_IsdbSFrontendTuneImpl@4( 2016): startTuning: frontendSettings: frequency:1471440000, streamId:0x4973, streamIdType:0x00, modulation:1, codeRate:1, symbolRate:0, rollOff:0
09-18 17:36:04.155 D/MediaTvTuner( 2016): Tune to 1471440000
09-18 17:36:04.160 D/VCodecVencImpl(  607): [L 572][MtkVencSetConfig]
09-18 17:36:04.160 D/android.hardware.media.c2@1.1-mediatek(  607): [import_mtk_dtv_native_buffer(): 717] mst buffer is secure: 0
09-18 17:36:04.160 D/android.hardware.media.c2@1.1-mediatek(  607): [import_mtk_dtv_native_buffer(): 717] mst buffer is secure: 0
09-18 17:36:04.165 I/kernel  ( 6265): [  231.425667][MTK_V4L2] level=0 vidioc_venc_qbuf(),1318: [4] id=0 getdata FB(2088960,2) vb=000000000c42c7f0 pts=0
09-18 17:36:04.166 D/VCodecVenc(  607): [L 324][EnqueInputBuffer]
09-18 17:36:04.190 D/android.hardware.media.c2@1.1-mediatek(  607): [import_mtk_dtv_native_buffer(): 717] mst buffer is secure: 0
09-18 17:36:04.190 D/VCodecVencImpl(  607): [L 572][MtkVencSetConfig]
09-18 17:36:04.190 D/android.hardware.media.c2@1.1-mediatek(  607): [import_mtk_dtv_native_buffer(): 717] mst buffer is secure: 0
09-18 17:36:04.195 D/VCodecVenc(  607): [L 324][EnqueInputBuffer]
09-18 17:36:04.195 I/kernel  ( 6265): [  231.455987][MTK_V4L2] level=0 vidioc_venc_qbuf(),1318: [4] id=0 getdata FB(2088960,2) vb=000000000c42c7f0 pts=0
09-18 17:36:04.199 V/mtktv.frontend(  636): [close:2683]: REMOVE DELAY in Frontend::close() to chk mutex work or not when open)
09-18 17:36:04.201 D/MediaTvTuner( 2016): Requesting frontend: clientId = 13, frontendType = 7
09-18 17:36:04.201 I/JpTis_TsSatelliteStreamSiAccumulatingRequest@9( 2016): tryNext
09-18 17:36:04.201 I/JpTis_TsSatelliteStreamSiAccumulatingRequest@9( 2016): process next.
09-18 17:36:04.202 E/<MI3>   (  636): <ERR>MI_TUNER_GetAttr[13152]: pOutputParams is NULL
09-18 17:36:04.202 V/mtktv.frontend(  636): [open:2541]: @@@@@@@@@@@@Frontend_open
09-18 17:36:04.206 I/kernel  ( 6936): [  231.467032]mtk_cfm: [cfm_init][600]
09-18 17:36:04.206 I/kernel  ( 6936): [  231.467046]mtk_cfm: [_confirm_which_tuner_use][299]
09-18 17:36:04.206 I/kernel  ( 6936): [  231.467049]mtk_cfm: [_convert_array_to_u16][282], testValue.element[i = 0] = [0x1], value = [0x2]
09-18 17:36:04.206 I/kernel  ( 6936): [  231.467053]mtk_cfm: [_convert_array_to_u16][282], testValue.element[i = 1] = [0x2], value = [0x6]
09-18 17:36:04.206 I/kernel  ( 6936): [  231.467057]mtk_cfm: [_convert_array_to_u16][282], testValue.element[i = 2] = [0x3], value = [0xe]
09-18 17:36:04.206 I/kernel  ( 6936): [  231.467060]mtk_cfm: [_convert_array_to_u16][282], testValue.element[i = 3] = [0x5], value = [0x2e]
09-18 17:36:04.206 I/kernel  ( 6936): [  231.467063]mtk_cfm: [_convert_array_to_u16][282], testValue.element[i = 4] = [0x6], value = [0x6e]
09-18 17:36:04.206 I/kernel  ( 6936): [  231.467066]mtk_cfm: [_convert_array_to_u16][282], testValue.element[i = 5] = [0x8], value = [0x16e]
09-18 17:36:04.206 I/kernel  ( 6936): [  231.467070]mtk_cfm: [_convert_array_to_u16][282], testValue.element[i = 6] = [0x9], value = [0x36e]
09-18 17:36:04.206 I/kernel  ( 6936): [  231.467073]mtk_cfm: [_convert_array_to_u16][282], testValue.element[i = 7] = [0xa], value = [0x76e]
09-18 17:36:04.206 I/kernel  ( 6936): [  231.467076]mtk_cfm: [_convert_array_to_u16][282], testValue.element[i = 8] = [0xb], value = [0xf6e]
09-18 17:36:04.206 I/kernel  ( 6936): [  231.467079]mtk_cfm: [_convert_array_to_u16][282], testValue.element[i = 9] = [0xd], value = [0x2f6e]
09-18 17:36:04.206 I/kernel  ( 6936): [  231.467082]mtk_cfm: [_convert_array_to_u16][282], testValue.element[i = 10] = [0x10], value = [0x12f6e]
09-18 17:36:04.206 I/kernel  ( 6936): [  231.467085]mtk_cfm: [_convert_array_to_u16][282], testValue.element[i = 11] = [0x12], value = [0x52f6e]
09-18 17:36:04.206 I/kernel  ( 6936): [  231.467088]mtk_cfm: [_convert_array_to_u16][282], testValue.element[i = 12] = [0x14], value = [0x152f6e]
09-18 17:36:04.206 I/kernel  ( 6936): [  231.467091]mtk_cfm: [_convert_array_to_u16][282], testValue.element[i = 13] = [0x15], value = [0x352f6e]
09-18 17:36:04.206 I/kernel  ( 6936): [  231.467094]mtk_cfm: [_convert_array_to_u16][282], testValue.element[i = 14] = [0x13], value = [0x3d2f6e]
09-18 17:36:04.206 I/kernel  ( 6936): [  231.467097]mtk_cfm: [_confirm_which_tuner_use][322], board_del_sys_capability = [0x3d2f6e]
09-18 17:36:04.206 I/kernel  ( 6936): [  231.467100]mtk_cfm: [_confirm_which_tuner_use][327], act_del_sys_capability = [0x3d2f6e]
09-18 17:36:04.206 I/kernel  ( 6936): [  231.467103]mtk_cfm: [_confirm_which_tuner_use][333], Correct to selected tuner index = [0]
09-18 17:36:04.206 I/kernel  ( 6936): [  231.467105]mtk_cfm: [_confirm_which_demod_use][368]
09-18 17:36:04.204 I/JpTis_TsSatelliteEitSchSegmentTableContainerFactory@9( 2016): create EitSchBasicActual container. networkId:4, serviceId:251, serviceType:AribServiceType(serviceTypeValue=0x01), basicSegments:64, criteriaSegments:64, timeout:PT3M19S
09-18 17:36:04.205 I/JpTis_TsSatelliteEitSchSegmentTableContainerFactory@9( 2016): create EitSchExtended container. networkId:4, serviceId:251, serviceType:AribServiceType(serviceTypeValue=0x01), basicSegments:64, criteriaSegments:64, timeout:PT3M19S
09-18 17:36:04.206 I/JpTis_IsdbSFrontendTuneImpl@9( 2016): startTuning: frontendSettings: frequency:1087840000, streamId:0x4632, streamIdType:0x00, modulation:1, codeRate:1, symbolRate:0, rollOff:0
09-18 17:36:04.206 D/MediaTvTuner( 2016): Tune to 1087840000
09-18 17:36:04.221 D/VCodecVencImpl(  607): [L 572][MtkVencSetConfig]
09-18 17:36:04.221 D/android.hardware.media.c2@1.1-mediatek(  607): [import_mtk_dtv_native_buffer(): 717] mst buffer is secure: 0
09-18 17:36:04.222 D/android.hardware.media.c2@1.1-mediatek(  607): [import_mtk_dtv_native_buffer(): 717] mst buffer is secure: 0
09-18 17:36:04.226 I/kernel  ( 6265): [  231.487127][MTK_V4L2] level=0 vidioc_venc_qbuf(),1318: [4] id=0 getdata FB(2088960,2) vb=000000000c42c7f0 pts=0
09-18 17:36:04.225 D/VCodecVenc(  607): [L 324][EnqueInputBuffer]
09-18 17:36:04.242 I/kernel  (  863): [  231.503110]mtk_cfm: [cfm_set_lna][725] lna 1
09-18 17:36:04.241 D/MediaTvTuner( 2016): Write Stats Log for tuning.
09-18 17:36:04.241 D/MediaTvTuner( 2016): Requesting frontend: clientId = 7, frontendType = 7
09-18 17:36:04.243 I/JpTis_IsdbSFrontendTuneImpl@10( 2016): LnbStatusCallbackImpl:onLnbStatusChanged from:LnbStatus(voltageOn=false, status=Pending) to:LnbStatus(voltageOn=false, status=Pending) lnbPowerStatus:Pending
09-18 17:36:04.245 W/kernel  (  863): [  231.505799]mediatek,dvb-adapter mtk-dvb-adapter: DVB: adapter 0 frontend 0 frequency limits undefined - fix the driver
09-18 17:36:04.245 I/kernel  (  863): [  231.505817]mtk_cfm: [cfm_get_tune_settings][1149]
09-18 17:36:04.245 I/kernel  ( 6936): [  231.506215]mtk_cfm: [cfm_get_frontend_algo][1070]
09-18 17:36:04.245 I/kernel  ( 6936): [  231.506228]mtk_cfm: [cfm_tune][777]Start: re_tune = 1
09-18 17:36:04.245 I/kernel  ( 6936): [  231.506232]mtk_cfm: [_confirm_which_tuner_use][299]
09-18 17:36:04.245 I/kernel  ( 6936): [  231.506235]mtk_cfm: [_convert_array_to_u16][282], testValue.element[i = 0] = [0x1], value = [0x2]
09-18 17:36:04.245 I/kernel  ( 6936): [  231.506240]mtk_cfm: [_convert_array_to_u16][282], testValue.element[i = 1] = [0x2], value = [0x6]
09-18 17:36:04.245 I/kernel  ( 6936): [  231.506243]mtk_cfm: [_convert_array_to_u16][282], testValue.element[i = 2] = [0x3], value = [0xe]
09-18 17:36:04.245 I/kernel  ( 6936): [  231.506246]mtk_cfm: [_convert_array_to_u16][282], testValue.element[i = 3] = [0x5], value = [0x2e]
09-18 17:36:04.245 I/kernel  ( 6936): [  231.506250]mtk_cfm: [_convert_array_to_u16][282], testValue.element[i = 4] = [0x6], value = [0x6e]
09-18 17:36:04.245 I/kernel  ( 6936): [  231.506253]mtk_cfm: [_convert_array_to_u16][282], testValue.element[i = 5] = [0x8], value = [0x16e]
09-18 17:36:04.245 I/kernel  ( 6936): [  231.506256]mtk_cfm: [_convert_array_to_u16][282], testValue.element[i = 6] = [0x9], value = [0x36e]
09-18 17:36:04.245 I/kernel  ( 6936): [  231.506259]mtk_cfm: [_convert_array_to_u16][282], testValue.element[i = 7] = [0xa], value = [0x76e]
09-18 17:36:04.245 I/kernel  ( 6936): [  231.506262]mtk_cfm: [_convert_array_to_u16][282], testValue.element[i = 8] = [0xb], value = [0xf6e]
09-18 17:36:04.245 I/kernel  ( 6936): [  231.506265]mtk_cfm: [_convert_array_to_u16][282], testValue.element[i = 9] = [0xd], value = [0x2f6e]
09-18 17:36:04.245 I/kernel  ( 6936): [  231.506268]mtk_cfm: [_convert_array_to_u16][282], testValue.element[i = 10] = [0x10], value = [0x12f6e]
09-18 17:36:04.245 I/kernel  ( 6936): [  231.506271]mtk_cfm: [_convert_array_to_u16][282], testValue.element[i = 11] = [0x12], value = [0x52f6e]
09-18 17:36:04.245 I/kernel  ( 6936): [  231.506274]mtk_cfm: [_convert_array_to_u16][282], testValue.element[i = 12] = [0x14], value = [0x152f6e]
09-18 17:36:04.245 I/kernel  ( 6936): [  231.506277]mtk_cfm: [_convert_array_to_u16][282], testValue.element[i = 13] = [0x15], value = [0x352f6e]
09-18 17:36:04.245 I/kernel  ( 6936): [  231.506280]mtk_cfm: [_convert_array_to_u16][282], testValue.element[i = 14] = [0x13], value = [0x3d2f6e]
09-18 17:36:04.245 I/kernel  ( 6936): [  231.506283]mtk_cfm: [_confirm_which_tuner_use][322], board_del_sys_capability = [0x3d2f6e]
09-18 17:36:04.245 I/kernel  ( 6936): [  231.506286]mtk_cfm: [_confirm_which_tuner_use][327], act_del_sys_capability = [0x3d2f6e]
09-18 17:36:04.245 I/kernel  ( 6936): [  231.506289]mtk_cfm: [_confirm_which_tuner_use][333], Correct to selected tuner index = [0]
09-18 17:36:04.245 I/kernel  ( 6936): [  231.506292]mtk_cfm: [cfm_tune][790],	tuner_idx_use = [0]
09-18 17:36:04.245 I/kernel  ( 6936): [  231.506294]mtk_cfm: [_confirm_which_demod_use][368]
09-18 17:36:04.245 I/kernel  ( 6936): [  231.506297]mtk_cfm: [cfm_tune][799], dmd_idx_use = [0]
09-18 17:36:04.245 I/kernel  ( 6936): [  231.506299]mtk_cfm: [_check_and_do_frontend_init][548]
09-18 17:36:04.245 I/kernel  ( 6936): [  231.506301]mtk_cfm: [_check_and_do_tuner_init][467]
09-18 17:36:04.246 E/<MI3>   (  636): <ERR>MI_TUNER_GetAttr[13152]: pOutputParams is NULL
09-18 17:36:04.246 V/mtktv.frontend(  636): [open:2541]: @@@@@@@@@@@@Frontend_open
09-18 17:36:04.250 I/kernel  ( 6938): [  231.510896]mtk_cfm: [cfm_init][600]
09-18 17:36:04.250 I/kernel  ( 6938): [  231.510920]mtk_cfm: [_confirm_which_tuner_use][299]
09-18 17:36:04.250 I/kernel  ( 6938): [  231.510924]mtk_cfm: [_convert_array_to_u16][282], testValue.element[i = 0] = [0x1], value = [0x2]
09-18 17:36:04.250 I/kernel  ( 6938): [  231.510928]mtk_cfm: [_convert_array_to_u16][282], testValue.element[i = 1] = [0x2], value = [0x6]
09-18 17:36:04.250 I/kernel  ( 6938): [  231.510932]mtk_cfm: [_convert_array_to_u16][282], testValue.element[i = 2] = [0x3], value = [0xe]
09-18 17:36:04.250 I/kernel  ( 6938): [  231.510935]mtk_cfm: [_convert_array_to_u16][282], testValue.element[i = 3] = [0x5], value = [0x2e]
09-18 17:36:04.250 I/kernel  ( 6938): [  231.510938]mtk_cfm: [_convert_array_to_u16][282], testValue.element[i = 4] = [0x6], value = [0x6e]
09-18 17:36:04.250 I/kernel  ( 6938): [  231.510941]mtk_cfm: [_convert_array_to_u16][282], testValue.element[i = 5] = [0x8], value = [0x16e]
09-18 17:36:04.250 I/kernel  ( 6938): [  231.510944]mtk_cfm: [_convert_array_to_u16][282], testValue.element[i = 6] = [0x9], value = [0x36e]
09-18 17:36:04.250 I/kernel  ( 6938): [  231.510947]mtk_cfm: [_convert_array_to_u16][282], testValue.element[i = 7] = [0xa], value = [0x76e]
09-18 17:36:04.250 I/kernel  ( 6938): [  231.510950]mtk_cfm: [_convert_array_to_u16][282], testValue.element[i = 8] = [0xb], value = [0xf6e]
09-18 17:36:04.250 I/kernel  ( 6938): [  231.510954]mtk_cfm: [_convert_array_to_u16][282], testValue.element[i = 9] = [0xd], value = [0x2f6e]
09-18 17:36:04.250 I/kernel  ( 6938): [  231.510957]mtk_cfm: [_convert_array_to_u16][282], testValue.element[i = 10] = [0x10], value = [0x12f6e]
09-18 17:36:04.250 I/kernel  ( 6938): [  231.510960]mtk_cfm: [_convert_array_to_u16][282], testValue.element[i = 11] = [0x12], value = [0x52f6e]
09-18 17:36:04.250 I/kernel  ( 6938): [  231.510963]mtk_cfm: [_convert_array_to_u16][282], testValue.element[i = 12] = [0x14], value = [0x152f6e]
09-18 17:36:04.250 I/kernel  ( 6938): [  231.510966]mtk_cfm: [_convert_array_to_u16][282], testValue.element[i = 13] = [0x15], value = [0x352f6e]
09-18 17:36:04.250 I/kernel  ( 6938): [  231.510969]mtk_cfm: [_convert_array_to_u16][282], testValue.element[i = 14] = [0x13], value = [0x3d2f6e]
09-18 17:36:04.250 I/kernel  ( 6938): [  231.510972]mtk_cfm: [_confirm_which_tuner_use][322], board_del_sys_capability = [0x3d2f6e]
09-18 17:36:04.250 I/kernel  ( 6938): [  231.510977]mtk_cfm: [_confirm_which_tuner_use][327], act_del_sys_capability = [0x3d2f6e]
09-18 17:36:04.250 I/kernel  ( 6938): [  231.510980]mtk_cfm: [_confirm_which_tuner_use][333], Correct to selected tuner index = [0]
09-18 17:36:04.250 I/kernel  ( 6938): [  231.510983]mtk_cfm: [_confirm_which_demod_use][368]
09-18 17:36:04.251 D/VCodecVencImpl(  607): [L 572][MtkVencSetConfig]
09-18 17:36:04.251 D/android.hardware.media.c2@1.1-mediatek(  607): [import_mtk_dtv_native_buffer(): 717] mst buffer is secure: 0
09-18 17:36:04.253 D/android.hardware.media.c2@1.1-mediatek(  607): [import_mtk_dtv_native_buffer(): 717] mst buffer is secure: 0
09-18 17:36:04.256 I/kernel  ( 6265): [  231.517341][MTK_V4L2] level=0 vidioc_venc_qbuf(),1318: [4] id=0 getdata FB(2088960,2) vb=000000000c42c7f0 pts=0
09-18 17:36:04.257 D/VCodecVenc(  607): [L 324][EnqueInputBuffer]
09-18 17:36:04.266 I/kernel  ( 6936): [  231.526677]mtk_cfm: [_check_and_do_demod_init][417]
09-18 17:36:04.282 D/VCodecVencImpl(  607): [L 572][MtkVencSetConfig]
09-18 17:36:04.282 D/android.hardware.media.c2@1.1-mediatek(  607): [import_mtk_dtv_native_buffer(): 717] mst buffer is secure: 0
09-18 17:36:04.282 D/android.hardware.media.c2@1.1-mediatek(  607): [import_mtk_dtv_native_buffer(): 717] mst buffer is secure: 0
09-18 17:36:04.282 I/kernel  ( 6936): [  231.543257]cxd_tnr: [cxd_tnr_set_params][372] broadcastType:9 freq:2013000 bandwidth_hz:0 tvsystem:0
09-18 17:36:04.283 I/kernel  ( 6936): [  231.543823]cxd_tnr: :----------------------     TUNE (Tuner)      -------------------
09-18 17:36:04.283 I/kernel  ( 6936): [  231.543830]cxd_tnr: :                      | dtvSystem           | (sat)
09-18 17:36:04.283 I/kernel  ( 6936): [  231.543835]cxd_tnr: :                      | frequency           | 2013000 kHz
09-18 17:36:04.283 I/kernel  ( 6936): [  231.543839]cxd_tnr: :                      | symbol rate         | 0 ksps
09-18 17:36:04.286 D/VCodecVenc(  607): [L 324][EnqueInputBuffer]
09-18 17:36:04.287 I/kernel  ( 6265): [  231.547778][MTK_V4L2] level=0 vidioc_venc_qbuf(),1318: [4] id=0 getdata FB(2088960,2) vb=000000000c42c7f0 pts=0
09-18 17:36:04.290 D/MediaTvTuner( 2016): Write Stats Log for tuning.
09-18 17:36:04.290 D/MediaTvTuner( 2016): Requesting frontend: clientId = 12, frontendType = 7
09-18 17:36:04.291 I/kernel  (  863): [  231.552387]mtk_cfm: [cfm_set_lna][725] lna 1
09-18 17:36:04.294 W/kernel  (  863): [  231.554894]mediatek,dvb-adapter mtk-dvb-adapter: DVB: adapter 0 frontend 1 frequency limits undefined - fix the driver
09-18 17:36:04.294 I/kernel  (  863): [  231.554912]mtk_cfm: [cfm_get_tune_settings][1149]
09-18 17:36:04.294 I/kernel  ( 6938): [  231.554945]mtk_cfm: [cfm_get_frontend_algo][1070]
09-18 17:36:04.294 I/kernel  ( 6938): [  231.554953]mtk_cfm: [cfm_tune][777]Start: re_tune = 1
09-18 17:36:04.294 I/kernel  ( 6938): [  231.554956]mtk_cfm: [_confirm_which_tuner_use][299]
09-18 17:36:04.294 I/kernel  ( 6938): [  231.554960]mtk_cfm: [_convert_array_to_u16][282], testValue.element[i = 0] = [0x1], value = [0x2]
09-18 17:36:04.294 I/kernel  ( 6938): [  231.554964]mtk_cfm: [_convert_array_to_u16][282], testValue.element[i = 1] = [0x2], value = [0x6]
09-18 17:36:04.294 I/kernel  ( 6938): [  231.554967]mtk_cfm: [_convert_array_to_u16][282], testValue.element[i = 2] = [0x3], value = [0xe]
09-18 17:36:04.294 I/kernel  ( 6938): [  231.554970]mtk_cfm: [_convert_array_to_u16][282], testValue.element[i = 3] = [0x5], value = [0x2e]
09-18 17:36:04.294 I/kernel  ( 6938): [  231.554973]mtk_cfm: [_convert_array_to_u16][282], testValue.element[i = 4] = [0x6], value = [0x6e]
09-18 17:36:04.294 I/kernel  ( 6938): [  231.554977]mtk_cfm: [_convert_array_to_u16][282], testValue.element[i = 5] = [0x8], value = [0x16e]
09-18 17:36:04.294 I/kernel  ( 6938): [  231.554980]mtk_cfm: [_convert_array_to_u16][282], testValue.element[i = 6] = [0x9], value = [0x36e]
09-18 17:36:04.294 I/kernel  ( 6938): [  231.554983]mtk_cfm: [_convert_array_to_u16][282], testValue.element[i = 7] = [0xa], value = [0x76e]
09-18 17:36:04.291 I/JpTis_IsdbSFrontendTuneImpl@4( 2016): LnbStatusCallbackImpl:onLnbStatusChanged from:LnbStatus(voltageOn=false, status=Pending) to:LnbStatus(voltageOn=false, status=Pending) lnbPowerStatus:Pending
09-18 17:36:04.294 I/kernel  ( 6938): [  231.554986]mtk_cfm: [_convert_array_to_u16][282], testValue.element[i = 8] = [0xb], value = [0xf6e]
09-18 17:36:04.294 I/kernel  ( 6938): [  231.554989]mtk_cfm: [_convert_array_to_u16][282], testValue.element[i = 9] = [0xd], value = [0x2f6e]
09-18 17:36:04.294 I/kernel  ( 6938): [  231.554992]mtk_cfm: [_convert_array_to_u16][282], testValue.element[i = 10] = [0x10], value = [0x12f6e]
09-18 17:36:04.294 I/kernel  ( 6938): [  231.554995]mtk_cfm: [_convert_array_to_u16][282], testValue.element[i = 11] = [0x12], value = [0x52f6e]
09-18 17:36:04.294 I/kernel  ( 6938): [  231.554998]mtk_cfm: [_convert_array_to_u16][282], testValue.element[i = 12] = [0x14], value = [0x152f6e]
09-18 17:36:04.294 I/kernel  ( 6938): [  231.555002]mtk_cfm: [_convert_array_to_u16][282], testValue.element[i = 13] = [0x15], value = [0x352f6e]
09-18 17:36:04.294 I/kernel  ( 6938): [  231.555004]mtk_cfm: [_convert_array_to_u16][282], testValue.element[i = 14] = [0x13], value = [0x3d2f6e]
09-18 17:36:04.294 I/kernel  ( 6938): [  231.555008]mtk_cfm: [_confirm_which_tuner_use][322], board_del_sys_capability = [0x3d2f6e]
09-18 17:36:04.294 I/kernel  ( 6938): [  231.555010]mtk_cfm: [_confirm_which_tuner_use][327], act_del_sys_capability = [0x3d2f6e]
09-18 17:36:04.294 I/kernel  ( 6938): [  231.555013]mtk_cfm: [_confirm_which_tuner_use][333], Correct to selected tuner index = [0]
09-18 17:36:04.294 I/kernel  ( 6938): [  231.555016]mtk_cfm: [cfm_tune][790],	tuner_idx_use = [0]
09-18 17:36:04.294 I/kernel  ( 6938): [  231.555018]mtk_cfm: [_confirm_which_demod_use][368]
09-18 17:36:04.294 I/kernel  ( 6938): [  231.555021]mtk_cfm: [cfm_tune][799], dmd_idx_use = [0]
09-18 17:36:04.294 I/kernel  ( 6938): [  231.555024]mtk_cfm: [_check_and_do_frontend_init][548]
09-18 17:36:04.294 I/kernel  ( 6938): [  231.555026]mtk_cfm: [_check_and_do_tuner_init][467]
09-18 17:36:04.295 E/<MI3>   (  636): <ERR>MI_TUNER_GetAttr[13152]: pOutputParams is NULL
09-18 17:36:04.295 V/mtktv.frontend(  636): [open:2541]: @@@@@@@@@@@@Frontend_open
09-18 17:36:04.299 I/kernel  ( 6940): [  231.560195]mtk_cfm: [cfm_init][600]
09-18 17:36:04.299 I/kernel  ( 6940): [  231.560217]mtk_cfm: [_confirm_which_tuner_use][299]
09-18 17:36:04.299 I/kernel  ( 6940): [  231.560222]mtk_cfm: [_convert_array_to_u16][282], testValue.element[i = 0] = [0x1], value = [0x2]
09-18 17:36:04.299 I/kernel  ( 6940): [  231.560227]mtk_cfm: [_convert_array_to_u16][282], testValue.element[i = 1] = [0x2], value = [0x6]
09-18 17:36:04.299 I/kernel  ( 6940): [  231.560231]mtk_cfm: [_convert_array_to_u16][282], testValue.element[i = 2] = [0x3], value = [0xe]
09-18 17:36:04.299 I/kernel  ( 6940): [  231.560234]mtk_cfm: [_convert_array_to_u16][282], testValue.element[i = 3] = [0x5], value = [0x2e]
09-18 17:36:04.299 I/kernel  ( 6940): [  231.560237]mtk_cfm: [_convert_array_to_u16][282], testValue.element[i = 4] = [0x6], value = [0x6e]
09-18 17:36:04.299 I/kernel  ( 6940): [  231.560241]mtk_cfm: [_convert_array_to_u16][282], testValue.element[i = 5] = [0x8], value = [0x16e]
09-18 17:36:04.299 I/kernel  ( 6940): [  231.560244]mtk_cfm: [_convert_array_to_u16][282], testValue.element[i = 6] = [0x9], value = [0x36e]
09-18 17:36:04.299 I/kernel  ( 6940): [  231.560247]mtk_cfm: [_convert_array_to_u16][282], testValue.element[i = 7] = [0xa], value = [0x76e]
09-18 17:36:04.299 I/kernel  ( 6940): [  231.560250]mtk_cfm: [_convert_array_to_u16][282], testValue.element[i = 8] = [0xb], value = [0xf6e]
09-18 17:36:04.299 I/kernel  ( 6940): [  231.560253]mtk_cfm: [_convert_array_to_u16][282], testValue.element[i = 9] = [0xd], value = [0x2f6e]
09-18 17:36:04.299 I/kernel  ( 6940): [  231.560256]mtk_cfm: [_convert_array_to_u16][282], testValue.element[i = 10] = [0x10], value = [0x12f6e]
09-18 17:36:04.299 I/kernel  ( 6940): [  231.560260]mtk_cfm: [_convert_array_to_u16][282], testValue.element[i = 11] = [0x12], value = [0x52f6e]
09-18 17:36:04.299 I/kernel  ( 6940): [  231.560263]mtk_cfm: [_convert_array_to_u16][282], testValue.element[i = 12] = [0x14], value = [0x152f6e]
09-18 17:36:04.299 I/kernel  ( 6940): [  231.560266]mtk_cfm: [_convert_array_to_u16][282], testValue.element[i = 13] = [0x15], value = [0x352f6e]
09-18 17:36:04.299 I/kernel  ( 6940): [  231.560269]mtk_cfm: [_convert_array_to_u16][282], testValue.element[i = 14] = [0x13], value = [0x3d2f6e]
09-18 17:36:04.299 I/kernel  ( 6940): [  231.560272]mtk_cfm: [_confirm_which_tuner_use][322], board_del_sys_capability = [0x3d2f6e]
09-18 17:36:04.299 I/kernel  ( 6940): [  231.560275]mtk_cfm: [_confirm_which_tuner_use][327], act_del_sys_capability = [0x3d2f6e]
09-18 17:36:04.299 I/kernel  ( 6940): [  231.560278]mtk_cfm: [_confirm_which_tuner_use][333], Correct to selected tuner index = [0]
09-18 17:36:04.299 I/kernel  ( 6940): [  231.560281]mtk_cfm: [_confirm_which_demod_use][368]
09-18 17:36:04.305 I/kernel  ( 6936): [  231.566120]cxd_tnr: Request Freq, 2013000 [kHz]; RSSI, -76790e-3 [dBm]; Symbol rate, 28859.9 [ksps];
09-18 17:36:04.305 I/kernel  ( 6936): [  231.566391]cxd_tnr: : PLL Lock (Tuner)     | PLL Lock (REG)      | reg:0x1d value=0x12
09-18 17:36:04.308 I/kernel  ( 6936): [  231.568792]cxd_tnr: : AGC (Tuner)          | IF AGC (REG)        | reg:0x5B value=0x3B
09-18 17:36:04.308 E/kernel  ( 6936): [  231.568807]cxd_tnr: [cxd_tnr_cfm_get_params][754] unknown 9
09-18 17:36:04.308 I/kernel  ( 6936): [  231.568910]cxd_dmd: :----------------------     TUNE (Demod)      -------------------
09-18 17:36:04.308 I/kernel  ( 6936): [  231.568912]cxd_dmd: :                      | delivery System(dvb)| 9
09-18 17:36:04.308 I/kernel  ( 6936): [  231.569438]cxd_dmd: :                      | frequency           | 2013000 kHz
09-18 17:36:04.313 D/android.hardware.media.c2@1.1-mediatek(  607): [import_mtk_dtv_native_buffer(): 717] mst buffer is secure: 0
09-18 17:36:04.313 D/android.hardware.media.c2@1.1-mediatek(  607): [import_mtk_dtv_native_buffer(): 717] mst buffer is secure: 0
09-18 17:36:04.314 D/VCodecVencImpl(  607): [L 572][MtkVencSetConfig]
09-18 17:36:04.319 D/VCodecVenc(  607): [L 324][EnqueInputBuffer]
09-18 17:36:04.319 I/kernel  ( 6265): [  231.579834][MTK_V4L2] level=0 vidioc_venc_qbuf(),1318: [4] id=0 getdata FB(2088960,2) vb=000000000c42c7f0 pts=0
09-18 17:36:04.324 I/kernel  ( 6938): [  231.585073]mtk_cfm: [_check_and_do_demod_init][417]
09-18 17:36:04.328 I/kernel  ( 6936): [  231.589130]mtk_cfm: [cfm_tune][868] demod_result : 0
09-18 17:36:04.332 I/kernel  ( 6936): [  231.593240]mtk_cfm: [cfm_tune][896]E(status:0x0)
09-18 17:36:04.344 D/VCodecVencImpl(  607): [L 572][MtkVencSetConfig]
09-18 17:36:04.345 D/android.hardware.media.c2@1.1-mediatek(  607): [import_mtk_dtv_native_buffer(): 717] mst buffer is secure: 0
09-18 17:36:04.347 D/android.hardware.media.c2@1.1-mediatek(  607): [import_mtk_dtv_native_buffer(): 717] mst buffer is secure: 0
09-18 17:36:04.349 I/kernel  ( 6265): [  231.610179][MTK_V4L2] level=0 vidioc_venc_qbuf(),1318: [4] id=0 getdata FB(2088960,2) vb=000000000c42c7f0 pts=0
09-18 17:36:04.353 I/kernel  ( 6938): [  231.613726]cxd_tnr: [cxd_tnr_set_params][372] broadcastType:9 freq:1471440 bandwidth_hz:0 tvsystem:0
09-18 17:36:04.353 I/kernel  ( 6938): [  231.614216]cxd_tnr: :----------------------     TUNE (Tuner)      -------------------
09-18 17:36:04.351 D/VCodecVenc(  607): [L 324][EnqueInputBuffer]
09-18 17:36:04.353 I/kernel  ( 6938): [  231.614220]cxd_tnr: :                      | dtvSystem           | (sat)
09-18 17:36:04.353 I/kernel  ( 6938): [  231.614222]cxd_tnr: :                      | frequency           | 1471440 kHz
09-18 17:36:04.353 I/kernel  ( 6938): [  231.614225]cxd_tnr: :                      | symbol rate         | 0 ksps
09-18 17:36:04.358 I/kernel  (  863): [  231.619214]mtk_cfm: [cfm_set_lna][725] lna 1
09-18 17:36:04.357 D/MediaTvTuner( 2016): Write Stats Log for tuning.
09-18 17:36:04.359 I/JpTis_IsdbSFrontendTuneImpl@9( 2016): LnbStatusCallbackImpl:onLnbStatusChanged from:LnbStatus(voltageOn=false, status=Pending) to:LnbStatus(voltageOn=false, status=Pending) lnbPowerStatus:Pending
09-18 17:36:04.361 W/kernel  (  863): [  231.622254]mediatek,dvb-adapter mtk-dvb-adapter: DVB: adapter 0 frontend 2 frequency limits undefined - fix the driver
09-18 17:36:04.361 I/kernel  (  863): [  231.622273]mtk_cfm: [cfm_get_tune_settings][1149]
09-18 17:36:04.361 I/kernel  ( 6940): [  231.622293]mtk_cfm: [cfm_get_frontend_algo][1070]
09-18 17:36:04.361 I/kernel  ( 6940): [  231.622300]mtk_cfm: [cfm_tune][777]Start: re_tune = 1
09-18 17:36:04.361 I/kernel  ( 6940): [  231.622304]mtk_cfm: [_confirm_which_tuner_use][299]
09-18 17:36:04.361 I/kernel  ( 6940): [  231.622307]mtk_cfm: [_convert_array_to_u16][282], testValue.element[i = 0] = [0x1], value = [0x2]
09-18 17:36:04.361 I/kernel  ( 6940): [  231.622310]mtk_cfm: [_convert_array_to_u16][282], testValue.element[i = 1] = [0x2], value = [0x6]
09-18 17:36:04.361 I/kernel  ( 6940): [  231.622314]mtk_cfm: [_convert_array_to_u16][282], testValue.element[i = 2] = [0x3], value = [0xe]
09-18 17:36:04.361 I/kernel  ( 6940): [  231.622317]mtk_cfm: [_convert_array_to_u16][282], testValue.element[i = 3] = [0x5], value = [0x2e]
09-18 17:36:04.361 I/kernel  ( 6940): [  231.622320]mtk_cfm: [_convert_array_to_u16][282], testValue.element[i = 4] = [0x6], value = [0x6e]
09-18 17:36:04.361 I/kernel  ( 6940): [  231.622323]mtk_cfm: [_convert_array_to_u16][282], testValue.element[i = 5] = [0x8], value = [0x16e]
09-18 17:36:04.361 I/kernel  ( 6940): [  231.622327]mtk_cfm: [_convert_array_to_u16][282], testValue.element[i = 6] = [0x9], value = [0x36e]
09-18 17:36:04.361 I/kernel  ( 6940): [  231.622330]mtk_cfm: [_convert_array_to_u16][282], testValue.element[i = 7] = [0xa], value = [0x76e]
09-18 17:36:04.361 I/kernel  ( 6940): [  231.622333]mtk_cfm: [_convert_array_to_u16][282], testValue.element[i = 8] = [0xb], value = [0xf6e]
09-18 17:36:04.361 I/kernel  ( 6940): [  231.622335]mtk_cfm: [_convert_array_to_u16][282], testValue.element[i = 9] = [0xd], value = [0x2f6e]
09-18 17:36:04.361 I/kernel  ( 6940): [  231.622339]mtk_cfm: [_convert_array_to_u16][282], testValue.element[i = 10] = [0x10], value = [0x12f6e]
09-18 17:36:04.361 I/kernel  ( 6940): [  231.622342]mtk_cfm: [_convert_array_to_u16][282], testValue.element[i = 11] = [0x12], value = [0x52f6e]
09-18 17:36:04.361 I/kernel  ( 6940): [  231.622345]mtk_cfm: [_convert_array_to_u16][282], testValue.element[i = 12] = [0x14], value = [0x152f6e]
09-18 17:36:04.361 I/kernel  ( 6940): [  231.622348]mtk_cfm: [_convert_array_to_u16][282], testValue.element[i = 13] = [0x15], value = [0x352f6e]
09-18 17:36:04.361 I/kernel  ( 6940): [  231.622351]mtk_cfm: [_convert_array_to_u16][282], testValue.element[i = 14] = [0x13], value = [0x3d2f6e]
09-18 17:36:04.361 I/kernel  ( 6940): [  231.622354]mtk_cfm: [_confirm_which_tuner_use][322], board_del_sys_capability = [0x3d2f6e]
09-18 17:36:04.361 I/kernel  ( 6940): [  231.622357]mtk_cfm: [_confirm_which_tuner_use][327], act_del_sys_capability = [0x3d2f6e]
09-18 17:36:04.361 I/kernel  ( 6940): [  231.622359]mtk_cfm: [_confirm_which_tuner_use][333], Correct to selected tuner index = [0]
09-18 17:36:04.361 I/kernel  ( 6940): [  231.622362]mtk_cfm: [cfm_tune][790],	tuner_idx_use = [0]
09-18 17:36:04.361 I/kernel  ( 6940): [  231.622365]mtk_cfm: [_confirm_which_demod_use][368]
09-18 17:36:04.361 I/kernel  ( 6940): [  231.622368]mtk_cfm: [cfm_tune][799], dmd_idx_use = [0]
09-18 17:36:04.361 I/kernel  ( 6940): [  231.622370]mtk_cfm: [_check_and_do_frontend_init][548]
09-18 17:36:04.361 I/kernel  ( 6940): [  231.622372]mtk_cfm: [_check_and_do_tuner_init][467]
09-18 17:36:04.374 I/kernel  ( 6938): [  231.634889]cxd_tnr: Request Freq, 1471440 [kHz]; RSSI, -73730e-3 [dBm]; Symbol rate, 28859.9 [ksps];
09-18 17:36:04.374 I/kernel  ( 6938): [  231.635065]cxd_tnr: : PLL Lock (Tuner)     | PLL Lock (REG)      | reg:0x1d value=0x2
09-18 17:36:04.375 I/kernel  ( 6938): [  231.636469]cxd_tnr: : AGC (Tuner)          | IF AGC (REG)        | reg:0x5B value=0x3E
09-18 17:36:04.375 E/kernel  ( 6938): [  231.636481]cxd_tnr: [cxd_tnr_cfm_get_params][754] unknown 9
09-18 17:36:04.375 I/kernel  ( 6938): [  231.636627]cxd_dmd: :----------------------     TUNE (Demod)      -------------------
09-18 17:36:04.375 I/kernel  ( 6938): [  231.636631]cxd_dmd: :                      | delivery System(dvb)| 9
09-18 17:36:04.376 I/kernel  ( 6938): [  231.637331]cxd_dmd: :                      | frequency           | 1471440 kHz
09-18 17:36:04.375 D/VCodecVencImpl(  607): [L 572][MtkVencSetConfig]
09-18 17:36:04.376 D/android.hardware.media.c2@1.1-mediatek(  607): [import_mtk_dtv_native_buffer(): 717] mst buffer is secure: 0
09-18 17:36:04.377 D/android.hardware.media.c2@1.1-mediatek(  607): [import_mtk_dtv_native_buffer(): 717] mst buffer is secure: 0
09-18 17:36:04.380 I/kernel  ( 6265): [  231.641367][MTK_V4L2] level=0 vidioc_venc_qbuf(),1318: [4] id=0 getdata FB(2088960,2) vb=000000000c42c7f0 pts=0
09-18 17:36:04.386 I/kernel  ( 6940): [  231.647085]mtk_cfm: [_check_and_do_demod_init][417]
09-18 17:36:04.383 D/VCodecVenc(  607): [L 324][EnqueInputBuffer]
09-18 17:36:04.393 I/kernel  ( 6938): [  231.654203]mtk_cfm: [cfm_tune][868] demod_result : 0
09-18 17:36:04.394 I/kernel  ( 6938): [  231.655124]mtk_cfm: [cfm_tune][896]E(status:0x0)
09-18 17:36:04.404 I/kernel  ( 6940): [  231.664971]cxd_tnr: [cxd_tnr_set_params][372] broadcastType:9 freq:1087840 bandwidth_hz:0 tvsystem:0
09-18 17:36:04.404 I/kernel  ( 6940): [  231.665266]cxd_tnr: :----------------------     TUNE (Tuner)      -------------------
09-18 17:36:04.404 I/kernel  ( 6940): [  231.665270]cxd_tnr: :                      | dtvSystem           | (sat)
09-18 17:36:04.404 I/kernel  ( 6940): [  231.665272]cxd_tnr: :                      | frequency           | 1087840 kHz
09-18 17:36:04.404 I/kernel  ( 6940): [  231.665274]cxd_tnr: :                      | symbol rate         | 0 ksps
09-18 17:36:04.406 D/VCodecVencImpl(  607): [L 572][MtkVencSetConfig]
09-18 17:36:04.406 D/android.hardware.media.c2@1.1-mediatek(  607): [import_mtk_dtv_native_buffer(): 717] mst buffer is secure: 0
09-18 17:36:04.406 D/android.hardware.media.c2@1.1-mediatek(  607): [import_mtk_dtv_native_buffer(): 717] mst buffer is secure: 0
09-18 17:36:04.410 D/VCodecVenc(  607): [L 324][EnqueInputBuffer]
09-18 17:36:04.411 I/kernel  ( 6265): [  231.671914][MTK_V4L2] level=0 vidioc_venc_qbuf(),1318: [4] id=0 getdata FB(2088960,2) vb=000000000c42c7f0 pts=0
