09-18 17:36:50.034 I/SecurityParams####debug(  733): createWpa3PersonalParams
09-18 17:36:50.034 I/ScanResultUtil####debug(  733): check createSecurityParamsBySecurityType
09-18 17:36:50.034 I/ScanResultUtil####debug(  733): call createSecurityParamsBySecurityType
09-18 17:36:50.034 I/SecurityParams####debug(  733): createWpa3PersonalParams
09-18 17:36:50.034 I/ScanResultUtil####debug(  733): check createSecurityParamsBySecurityType
09-18 17:36:50.034 I/ScanResultUtil####debug(  733): call createSecurityParamsBySecurityType
09-18 17:36:50.034 I/SecurityParams####debug(  733): createWpa3PersonalParams
09-18 17:36:50.034 I/ScanResultUtil####debug(  733): check createSecurityParamsBySecurityType
09-18 17:36:50.034 I/ScanResultUtil####debug(  733): call createSecurityParamsBySecurityType
09-18 17:36:50.034 I/SecurityParams####debug(  733): createWpa3PersonalParams
09-18 17:36:50.034 I/ScanResultUtil####debug(  733): check createSecurityParamsBySecurityType
09-18 17:36:50.034 I/ScanResultUtil####debug(  733): call createSecurityParamsBySecurityType
09-18 17:36:50.034 I/SecurityParams####debug(  733): createWpa3PersonalParams
09-18 17:36:50.034 I/ScanResultUtil####debug(  733): check createSecurityParamsBySecurityType
09-18 17:36:50.034 I/ScanResultUtil####debug(  733): call createSecurityParamsBySecurityType
09-18 17:36:50.035 I/kernel  ( 6265): [  277.296373][MTK_V4L2] level=0 vidioc_venc_qbuf(),1318: [4] id=0 getdata FB(2088960,2) vb=000000000c42c7f0 pts=0
09-18 17:36:50.035 I/SecurityParams####debug(  733): createWpa3PersonalParams
09-18 17:36:50.035 I/ScanResultUtil####debug(  733): check createSecurityParamsBySecurityType
09-18 17:36:50.035 I/ScanResultUtil####debug(  733): call createSecurityParamsBySecurityType
09-18 17:36:50.035 D/VCodecVenc(  607): [L 324][EnqueInputBuffer]
09-18 17:36:50.035 I/SecurityParams####debug(  733): createWpa3PersonalParams
09-18 17:36:50.035 I/ScanResultUtil####debug(  733): check createSecurityParamsBySecurityType
09-18 17:36:50.035 I/ScanResultUtil####debug(  733): call createSecurityParamsBySecurityType
09-18 17:36:50.035 I/SecurityParams####debug(  733): createWpa3PersonalParams
09-18 17:36:50.036 I/ScanResultUtil####debug(  733): check createSecurityParamsBySecurityType
09-18 17:36:50.036 I/ScanResultUtil####debug(  733): call createSecurityParamsBySecurityType
09-18 17:36:50.036 I/SecurityParams####debug(  733): createWpa3PersonalParams
09-18 17:36:50.036 I/ScanResultUtil####debug(  733): check createSecurityParamsBySecurityType
09-18 17:36:50.036 I/ScanResultUtil####debug(  733): call createSecurityParamsBySecurityType
09-18 17:36:50.036 I/SecurityParams####debug(  733): createWpa3PersonalParams
09-18 17:36:50.036 I/ScanResultUtil####debug(  733): check createSecurityParamsBySecurityType
09-18 17:36:50.037 I/ScanResultUtil####debug(  733): call createSecurityParamsBySecurityType
09-18 17:36:50.037 I/SecurityParams####debug(  733): createWpa3PersonalParams
09-18 17:36:50.037 I/ScanResultUtil####debug(  733): check createSecurityParamsBySecurityType
09-18 17:36:50.037 I/ScanResultUtil####debug(  733): call createSecurityParamsBySecurityType
09-18 17:36:50.037 I/SecurityParams####debug(  733): createWpa3PersonalParams
09-18 17:36:50.037 I/ScanResultUtil####debug(  733): check createSecurityParamsBySecurityType
09-18 17:36:50.037 I/ScanResultUtil####debug(  733): call createSecurityParamsBySecurityType
09-18 17:36:50.037 I/SecurityParams####debug(  733): createWpa3PersonalParams
09-18 17:36:50.037 D/PasspointManager(  733): ANQP entry not found for: c4:3c:ea:6c:7b:99:<Buffalo-A-7B90>
09-18 17:36:50.037 D/PasspointManager(  733): No service provider found for Buffalo-A-7B90
09-18 17:36:50.037 I/ScanResultUtil####debug(  733): check createSecurityParamsBySecurityType
09-18 17:36:50.038 I/ScanResultUtil####debug(  733): call createSecurityParamsBySecurityType
09-18 17:36:50.038 I/SecurityParams####debug(  733): createWpa3PersonalParams
09-18 17:36:50.038 I/ScanResultUtil####debug(  733): check createSecurityParamsBySecurityType
09-18 17:36:50.038 I/ScanResultUtil####debug(  733): call createSecurityParamsBySecurityType
09-18 17:36:50.038 I/SecurityParams####debug(  733): createWpa3PersonalParams
09-18 17:36:50.038 I/ScanResultUtil####debug(  733): check createSecurityParamsBySecurityType
09-18 17:36:50.038 I/ScanResultUtil####debug(  733): call createSecurityParamsBySecurityType
09-18 17:36:50.038 I/SecurityParams####debug(  733): createWpa3PersonalParams
09-18 17:36:50.038 I/ScanResultUtil####debug(  733): check createSecurityParamsBySecurityType
09-18 17:36:50.038 I/ScanResultUtil####debug(  733): call createSecurityParamsBySecurityType
09-18 17:36:50.038 I/SecurityParams####debug(  733): createWpa3PersonalParams
09-18 17:36:50.038 I/ScanResultUtil####debug(  733): check createSecurityParamsBySecurityType
09-18 17:36:50.038 I/ScanResultUtil####debug(  733): call createSecurityParamsBySecurityType
09-18 17:36:50.038 I/SecurityParams####debug(  733): createWpa3PersonalParams
09-18 17:36:50.038 I/ScanResultUtil####debug(  733): check createSecurityParamsBySecurityType
09-18 17:36:50.038 I/ScanResultUtil####debug(  733): call createSecurityParamsBySecurityType
09-18 17:36:50.038 I/SecurityParams####debug(  733): createWpa3PersonalParams
09-18 17:36:50.038 I/ScanResultUtil####debug(  733): check createSecurityParamsBySecurityType
09-18 17:36:50.038 I/ScanResultUtil####debug(  733): call createSecurityParamsBySecurityType
09-18 17:36:50.038 I/SecurityParams####debug(  733): createWpa3PersonalParams
09-18 17:36:50.038 I/ScanResultUtil####debug(  733): check createSecurityParamsBySecurityType
09-18 17:36:50.038 I/ScanResultUtil####debug(  733): call createSecurityParamsBySecurityType
09-18 17:36:50.038 I/SecurityParams####debug(  733): createWpa3PersonalParams
09-18 17:36:50.038 I/ScanResultUtil####debug(  733): check createSecurityParamsBySecurityType
09-18 17:36:50.038 I/ScanResultUtil####debug(  733): call createSecurityParamsBySecurityType
09-18 17:36:50.038 I/SecurityParams####debug(  733): createWpa3PersonalParams
09-18 17:36:50.039 I/ScanResultUtil####debug(  733): check createSecurityParamsBySecurityType
09-18 17:36:50.039 I/ScanResultUtil####debug(  733): call createSecurityParamsBySecurityType
09-18 17:36:50.039 I/SecurityParams####debug(  733): createWpa3PersonalParams
09-18 17:36:50.039 I/ScanResultUtil####debug(  733): check createSecurityParamsBySecurityType
09-18 17:36:50.039 I/ScanResultUtil####debug(  733): call createSecurityParamsBySecurityType
09-18 17:36:50.039 I/SecurityParams####debug(  733): createWpa3PersonalParams
09-18 17:36:50.039 I/ScanResultUtil####debug(  733): check createSecurityParamsBySecurityType
09-18 17:36:50.039 I/ScanResultUtil####debug(  733): call createSecurityParamsBySecurityType
09-18 17:36:50.039 I/SecurityParams####debug(  733): createWpa3PersonalParams
09-18 17:36:50.040 E/<MI3>   (  636): <ERR>_MI_TUNER_GetLock[4279]: [_MI_TUNER_GetLock][4279] *peLockStatus =  E_MI_TUNER_UNLOCK@!!!
09-18 17:36:50.040 I/ScanResultUtil####debug(  733): check createSecurityParamsBySecurityType
09-18 17:36:50.041 I/ScanResultUtil####debug(  733): call createSecurityParamsBySecurityType
09-18 17:36:50.041 I/SecurityParams####debug(  733): createWpa3PersonalParams
09-18 17:36:50.041 I/ScanResultUtil####debug(  733): check createSecurityParamsBySecurityType
09-18 17:36:50.041 I/ScanResultUtil####debug(  733): call createSecurityParamsBySecurityType
09-18 17:36:50.041 I/SecurityParams####debug(  733): createWpa3PersonalParams
09-18 17:36:50.041 I/ScanResultUtil####debug(  733): check createSecurityParamsBySecurityType
09-18 17:36:50.041 I/ScanResultUtil####debug(  733): call createSecurityParamsBySecurityType
09-18 17:36:50.041 I/SecurityParams####debug(  733): createWpa3PersonalParams
09-18 17:36:50.041 I/ScanResultUtil####debug(  733): check createSecurityParamsBySecurityType
09-18 17:36:50.041 I/ScanResultUtil####debug(  733): call createSecurityParamsBySecurityType
09-18 17:36:50.041 I/SecurityParams####debug(  733): createWpa3PersonalParams
09-18 17:36:50.041 I/ScanResultUtil####debug(  733): check createSecurityParamsBySecurityType
09-18 17:36:50.041 I/ScanResultUtil####debug(  733): call createSecurityParamsBySecurityType
09-18 17:36:50.041 I/SecurityParams####debug(  733): createWpa3PersonalParams
09-18 17:36:50.041 I/ScanResultUtil####debug(  733): check createSecurityParamsBySecurityType
09-18 17:36:50.041 I/ScanResultUtil####debug(  733): call createSecurityParamsBySecurityType
09-18 17:36:50.041 I/SecurityParams####debug(  733): createWpa3PersonalParams
09-18 17:36:50.041 I/ScanResultUtil####debug(  733): check createSecurityParamsBySecurityType
09-18 17:36:50.042 I/ScanResultUtil####debug(  733): call createSecurityParamsBySecurityType
09-18 17:36:50.042 I/SecurityParams####debug(  733): createWpa3PersonalParams
09-18 17:36:50.042 I/ScanResultUtil####debug(  733): check createSecurityParamsBySecurityType
09-18 17:36:50.042 I/ScanResultUtil####debug(  733): call createSecurityParamsBySecurityType
09-18 17:36:50.042 I/SecurityParams####debug(  733): createWpa3PersonalParams
09-18 17:36:50.042 I/ScanResultUtil####debug(  733): check createSecurityParamsBySecurityType
09-18 17:36:50.042 I/ScanResultUtil####debug(  733): call createSecurityParamsBySecurityType
09-18 17:36:50.042 I/SecurityParams####debug(  733): createWpa3PersonalParams
09-18 17:36:50.042 I/ScanResultUtil####debug(  733): check createSecurityParamsBySecurityType
09-18 17:36:50.042 I/ScanResultUtil####debug(  733): call createSecurityParamsBySecurityType
09-18 17:36:50.042 I/SecurityParams####debug(  733): createWpa3PersonalParams
09-18 17:36:50.042 I/ScanResultUtil####debug(  733): check createSecurityParamsBySecurityType
09-18 17:36:50.042 I/ScanResultUtil####debug(  733): call createSecurityParamsBySecurityType
09-18 17:36:50.042 I/SecurityParams####debug(  733): createWpa3PersonalParams
09-18 17:36:50.042 I/ScanResultUtil####debug(  733): check createSecurityParamsBySecurityType
09-18 17:36:50.042 I/ScanResultUtil####debug(  733): call createSecurityParamsBySecurityType
09-18 17:36:50.044 I/SecurityParams####debug(  733): createWpa3PersonalParams
09-18 17:36:50.044 I/ScanResultUtil####debug(  733): check createSecurityParamsBySecurityType
09-18 17:36:50.044 I/ScanResultUtil####debug(  733): call createSecurityParamsBySecurityType
09-18 17:36:50.044 I/SecurityParams####debug(  733): createWpa3PersonalParams
09-18 17:36:50.044 I/ScanResultUtil####debug(  733): check createSecurityParamsBySecurityType
09-18 17:36:50.044 I/ScanResultUtil####debug(  733): call createSecurityParamsBySecurityType
09-18 17:36:50.044 I/SecurityParams####debug(  733): createWpa3PersonalParams
09-18 17:36:50.044 I/ScanResultUtil####debug(  733): check createSecurityParamsBySecurityType
09-18 17:36:50.044 I/ScanResultUtil####debug(  733): call createSecurityParamsBySecurityType
09-18 17:36:50.045 I/SecurityParams####debug(  733): createWpa3PersonalParams
09-18 17:36:50.045 I/ScanResultUtil####debug(  733): check createSecurityParamsBySecurityType
09-18 17:36:50.045 I/ScanResultUtil####debug(  733): call createSecurityParamsBySecurityType
09-18 17:36:50.045 I/SecurityParams####debug(  733): createWpa3PersonalParams
09-18 17:36:50.045 I/ScanResultUtil####debug(  733): check createSecurityParamsBySecurityType
09-18 17:36:50.045 I/ScanResultUtil####debug(  733): call createSecurityParamsBySecurityType
09-18 17:36:50.045 I/SecurityParams####debug(  733): createWpa3PersonalParams
09-18 17:36:50.045 I/ScanResultUtil####debug(  733): check createSecurityParamsBySecurityType
09-18 17:36:50.046 I/ScanResultUtil####debug(  733): call createSecurityParamsBySecurityType
09-18 17:36:50.046 I/SecurityParams####debug(  733): createWpa3PersonalParams
09-18 17:36:50.046 I/ScanResultUtil####debug(  733): check createSecurityParamsBySecurityType
09-18 17:36:50.046 I/ScanResultUtil####debug(  733): call createSecurityParamsBySecurityType
09-18 17:36:50.046 I/SecurityParams####debug(  733): createWpa3PersonalParams
09-18 17:36:50.046 I/ScanResultUtil####debug(  733): check createSecurityParamsBySecurityType
09-18 17:36:50.046 I/ScanResultUtil####debug(  733): call createSecurityParamsBySecurityType
09-18 17:36:50.046 I/SecurityParams####debug(  733): createWpa3PersonalParams
09-18 17:36:50.046 I/ScanResultUtil####debug(  733): check createSecurityParamsBySecurityType
09-18 17:36:50.046 I/ScanResultUtil####debug(  733): call createSecurityParamsBySecurityType
09-18 17:36:50.046 I/SecurityParams####debug(  733): createWpa3PersonalParams
09-18 17:36:50.046 I/ScanResultUtil####debug(  733): check createSecurityParamsBySecurityType
09-18 17:36:50.046 I/ScanResultUtil####debug(  733): call createSecurityParamsBySecurityType
09-18 17:36:50.046 I/SecurityParams####debug(  733): createWpa3PersonalParams
09-18 17:36:50.046 I/ScanResultUtil####debug(  733): check createSecurityParamsBySecurityType
09-18 17:36:50.046 I/ScanResultUtil####debug(  733): call createSecurityParamsBySecurityType
09-18 17:36:50.046 I/SecurityParams####debug(  733): createWpa3PersonalParams
09-18 17:36:50.047 I/ScanResultUtil####debug(  733): check createSecurityParamsBySecurityType
09-18 17:36:50.047 I/ScanResultUtil####debug(  733): call createSecurityParamsBySecurityType
09-18 17:36:50.047 I/SecurityParams####debug(  733): createWpa3PersonalParams
09-18 17:36:50.047 I/ScanResultUtil####debug(  733): check createSecurityParamsBySecurityType
09-18 17:36:50.047 I/ScanResultUtil####debug(  733): call createSecurityParamsBySecurityType
09-18 17:36:50.047 I/SecurityParams####debug(  733): createWpa3PersonalParams
09-18 17:36:50.047 I/ScanResultUtil####debug(  733): check createSecurityParamsBySecurityType
09-18 17:36:50.047 I/ScanResultUtil####debug(  733): call createSecurityParamsBySecurityType
09-18 17:36:50.047 I/SecurityParams####debug(  733): createWpa3PersonalParams
09-18 17:36:50.047 I/ScanResultUtil####debug(  733): check createSecurityParamsBySecurityType
09-18 17:36:50.047 I/ScanResultUtil####debug(  733): call createSecurityParamsBySecurityType
09-18 17:36:50.047 I/SecurityParams####debug(  733): createWpa3PersonalParams
09-18 17:36:50.047 I/ScanResultUtil####debug(  733): check createSecurityParamsBySecurityType
09-18 17:36:50.048 I/ScanResultUtil####debug(  733): call createSecurityParamsBySecurityType
09-18 17:36:50.048 I/SecurityParams####debug(  733): createWpa3PersonalParams
09-18 17:36:50.048 I/ScanResultUtil####debug(  733): check createSecurityParamsBySecurityType
09-18 17:36:50.048 I/ScanResultUtil####debug(  733): call createSecurityParamsBySecurityType
09-18 17:36:50.048 I/SecurityParams####debug(  733): createWpa3PersonalParams
09-18 17:36:50.048 I/ScanResultUtil####debug(  733): check createSecurityParamsBySecurityType
09-18 17:36:50.048 I/ScanResultUtil####debug(  733): call createSecurityParamsBySecurityType
09-18 17:36:50.048 I/SecurityParams####debug(  733): createWpa3PersonalParams
09-18 17:36:50.048 D/PasspointManager(  733): ANQP entry not found for: 38:97:a4:64:cb:56:<elecom-64cb54>
09-18 17:36:50.048 D/PasspointManager(  733): No service provider found for elecom-64cb54
09-18 17:36:50.048 I/ScanResultUtil####debug(  733): check createSecurityParamsBySecurityType
09-18 17:36:50.048 I/ScanResultUtil####debug(  733): call createSecurityParamsBySecurityType
09-18 17:36:50.048 I/SecurityParams####debug(  733): createWpa3PersonalParams
09-18 17:36:50.050 I/ScanResultUtil####debug(  733): check createSecurityParamsBySecurityType
09-18 17:36:50.050 I/ScanResultUtil####debug(  733): call createSecurityParamsBySecurityType
09-18 17:36:50.050 I/SecurityParams####debug(  733): createWpa3PersonalParams
09-18 17:36:50.050 I/ScanResultUtil####debug(  733): check createSecurityParamsBySecurityType
09-18 17:36:50.050 I/ScanResultUtil####debug(  733): call createSecurityParamsBySecurityType
09-18 17:36:50.050 I/SecurityParams####debug(  733): createWpa3PersonalParams
09-18 17:36:50.050 I/ScanResultUtil####debug(  733): check createSecurityParamsBySecurityType
09-18 17:36:50.050 I/ScanResultUtil####debug(  733): call createSecurityParamsBySecurityType
09-18 17:36:50.050 I/SecurityParams####debug(  733): createWpa3PersonalParams
09-18 17:36:50.050 I/ScanResultUtil####debug(  733): check createSecurityParamsBySecurityType
09-18 17:36:50.050 I/ScanResultUtil####debug(  733): call createSecurityParamsBySecurityType
09-18 17:36:50.051 I/SecurityParams####debug(  733): createWpa3PersonalParams
09-18 17:36:50.051 I/ScanResultUtil####debug(  733): check createSecurityParamsBySecurityType
09-18 17:36:50.051 I/ScanResultUtil####debug(  733): call createSecurityParamsBySecurityType
09-18 17:36:50.051 I/SecurityParams####debug(  733): createWpa3PersonalParams
09-18 17:36:50.051 I/ScanResultUtil####debug(  733): check createSecurityParamsBySecurityType
09-18 17:36:50.051 I/ScanResultUtil####debug(  733): call createSecurityParamsBySecurityType
09-18 17:36:50.051 I/SecurityParams####debug(  733): createWpa3PersonalParams
09-18 17:36:50.051 E/<MI3>   (  636): <ERR>_MI_TUNER_GetLock[4279]: [_MI_TUNER_GetLock][4279] *peLockStatus =  E_MI_TUNER_UNLOCK@!!!
09-18 17:36:50.052 I/ScanResultUtil####debug(  733): check createSecurityParamsBySecurityType
09-18 17:36:50.052 I/ScanResultUtil####debug(  733): call createSecurityParamsBySecurityType
09-18 17:36:50.052 I/SecurityParams####debug(  733): createWpa3PersonalParams
09-18 17:36:50.052 I/ScanResultUtil####debug(  733): check createSecurityParamsBySecurityType
09-18 17:36:50.052 I/ScanResultUtil####debug(  733): call createSecurityParamsBySecurityType
09-18 17:36:50.052 I/SecurityParams####debug(  733): createWpa3PersonalParams
09-18 17:36:50.053 I/ScanResultUtil####debug(  733): check createSecurityParamsBySecurityType
09-18 17:36:50.053 I/ScanResultUtil####debug(  733): call createSecurityParamsBySecurityType
09-18 17:36:50.053 I/SecurityParams####debug(  733): createWpa3PersonalParams
09-18 17:36:50.053 I/ScanResultUtil####debug(  733): check createSecurityParamsBySecurityType
09-18 17:36:50.053 I/ScanResultUtil####debug(  733): call createSecurityParamsBySecurityType
09-18 17:36:50.053 I/SecurityParams####debug(  733): createWpa3PersonalParams
09-18 17:36:50.053 I/ScanResultUtil####debug(  733): check createSecurityParamsBySecurityType
09-18 17:36:50.053 I/ScanResultUtil####debug(  733): call createSecurityParamsBySecurityType
09-18 17:36:50.053 I/SecurityParams####debug(  733): createWpa3PersonalParams
09-18 17:36:50.053 I/ScanResultUtil####debug(  733): check createSecurityParamsBySecurityType
09-18 17:36:50.053 I/ScanResultUtil####debug(  733): call createSecurityParamsBySecurityType
09-18 17:36:50.053 I/SecurityParams####debug(  733): createWpa3PersonalParams
09-18 17:36:50.053 I/ScanResultUtil####debug(  733): check createSecurityParamsBySecurityType
09-18 17:36:50.053 I/ScanResultUtil####debug(  733): call createSecurityParamsBySecurityType
09-18 17:36:50.053 I/SecurityParams####debug(  733): createWpa3PersonalParams
09-18 17:36:50.053 I/ScanResultUtil####debug(  733): check createSecurityParamsBySecurityType
09-18 17:36:50.053 I/ScanResultUtil####debug(  733): call createSecurityParamsBySecurityType
09-18 17:36:50.053 I/SecurityParams####debug(  733): createWpa3PersonalParams
09-18 17:36:50.053 I/ScanResultUtil####debug(  733): check createSecurityParamsBySecurityType
09-18 17:36:50.053 I/ScanResultUtil####debug(  733): call createSecurityParamsBySecurityType
09-18 17:36:50.054 I/SecurityParams####debug(  733): createWpa3PersonalParams
09-18 17:36:50.054 I/ScanResultUtil####debug(  733): check createSecurityParamsBySecurityType
09-18 17:36:50.054 I/ScanResultUtil####debug(  733): call createSecurityParamsBySecurityType
09-18 17:36:50.054 I/SecurityParams####debug(  733): createWpa3PersonalParams
09-18 17:36:50.054 I/ScanResultUtil####debug(  733): check createSecurityParamsBySecurityType
09-18 17:36:50.054 I/ScanResultUtil####debug(  733): call createSecurityParamsBySecurityType
09-18 17:36:50.054 I/SecurityParams####debug(  733): createWpa3PersonalParams
09-18 17:36:50.054 I/ScanResultUtil####debug(  733): check createSecurityParamsBySecurityType
09-18 17:36:50.054 I/ScanResultUtil####debug(  733): call createSecurityParamsBySecurityType
09-18 17:36:50.054 I/SecurityParams####debug(  733): createWpa3PersonalParams
09-18 17:36:50.054 I/ScanResultUtil####debug(  733): check createSecurityParamsBySecurityType
09-18 17:36:50.054 I/ScanResultUtil####debug(  733): call createSecurityParamsBySecurityType
09-18 17:36:50.054 I/SecurityParams####debug(  733): createWpa3PersonalParams
09-18 17:36:50.054 I/ScanResultUtil####debug(  733): check createSecurityParamsBySecurityType
09-18 17:36:50.054 I/ScanResultUtil####debug(  733): call createSecurityParamsBySecurityType
09-18 17:36:50.054 I/SecurityParams####debug(  733): createWpa3PersonalParams
09-18 17:36:50.054 I/ScanResultUtil####debug(  733): check createSecurityParamsBySecurityType
09-18 17:36:50.054 I/ScanResultUtil####debug(  733): call createSecurityParamsBySecurityType
09-18 17:36:50.066 I/kernel  ( 6265): [  277.326716][MTK_V4L2] level=0 vidioc_venc_qbuf(),1318: [4] id=0 getdata FB(2088960,2) vb=000000000c42c7f0 pts=0
09-18 17:36:50.054 I/SecurityParams####debug(  733): createWpa3PersonalParams
09-18 17:36:50.054 I/ScanResultUtil####debug(  733): check createSecurityParamsBySecurityType
09-18 17:36:50.054 I/ScanResultUtil####debug(  733): call createSecurityParamsBySecurityType
09-18 17:36:50.054 I/SecurityParams####debug(  733): createWpa3PersonalParams
09-18 17:36:50.054 I/ScanResultUtil####debug(  733): check createSecurityParamsBySecurityType
09-18 17:36:50.054 I/ScanResultUtil####debug(  733): call createSecurityParamsBySecurityType
09-18 17:36:50.054 I/SecurityParams####debug(  733): createWpa3PersonalParams
09-18 17:36:50.054 I/ScanResultUtil####debug(  733): check createSecurityParamsBySecurityType
09-18 17:36:50.054 I/ScanResultUtil####debug(  733): call createSecurityParamsBySecurityType
09-18 17:36:50.055 I/SecurityParams####debug(  733): createWpa3PersonalParams
09-18 17:36:50.055 I/ScanResultUtil####debug(  733): check createSecurityParamsBySecurityType
09-18 17:36:50.055 I/ScanResultUtil####debug(  733): call createSecurityParamsBySecurityType
09-18 17:36:50.055 I/SecurityParams####debug(  733): createWpa3PersonalParams
09-18 17:36:50.055 I/ScanResultUtil####debug(  733): check createSecurityParamsBySecurityType
09-18 17:36:50.055 I/ScanResultUtil####debug(  733): call createSecurityParamsBySecurityType
09-18 17:36:50.055 I/SecurityParams####debug(  733): createWpa3PersonalParams
09-18 17:36:50.055 I/ScanResultUtil####debug(  733): check createSecurityParamsBySecurityType
09-18 17:36:50.055 I/ScanResultUtil####debug(  733): call createSecurityParamsBySecurityType
09-18 17:36:50.055 I/SecurityParams####debug(  733): createWpa3PersonalParams
09-18 17:36:50.057 I/ScanResultUtil####debug(  733): check createSecurityParamsBySecurityType
09-18 17:36:50.057 I/ScanResultUtil####debug(  733): call createSecurityParamsBySecurityType
09-18 17:36:50.057 I/SecurityParams####debug(  733): createWpa3PersonalParams
09-18 17:36:50.057 I/ScanResultUtil####debug(  733): check createSecurityParamsBySecurityType
09-18 17:36:50.057 I/ScanResultUtil####debug(  733): call createSecurityParamsBySecurityType
09-18 17:36:50.057 I/SecurityParams####debug(  733): createWpa3PersonalParams
09-18 17:36:50.057 I/ScanResultUtil####debug(  733): check createSecurityParamsBySecurityType
09-18 17:36:50.057 I/ScanResultUtil####debug(  733): call createSecurityParamsBySecurityType
09-18 17:36:50.057 I/SecurityParams####debug(  733): createWpa3PersonalParams
09-18 17:36:50.057 I/ScanResultUtil####debug(  733): check createSecurityParamsBySecurityType
09-18 17:36:50.057 I/ScanResultUtil####debug(  733): call createSecurityParamsBySecurityType
09-18 17:36:50.058 I/SecurityParams####debug(  733): createWpa3PersonalParams
09-18 17:36:50.058 I/ScanResultUtil####debug(  733): check createSecurityParamsBySecurityType
09-18 17:36:50.058 I/ScanResultUtil####debug(  733): call createSecurityParamsBySecurityType
09-18 17:36:50.058 I/SecurityParams####debug(  733): createWpa3PersonalParams
09-18 17:36:50.058 D/PasspointManager(  733): ANQP entry not found for: 84:e8:cb:a3:c9:38:<Buffalo-5G-C930>
09-18 17:36:50.058 D/PasspointManager(  733): No service provider found for Buffalo-5G-C930
09-18 17:36:50.058 I/ScanResultUtil####debug(  733): check createSecurityParamsBySecurityType
09-18 17:36:50.058 I/ScanResultUtil####debug(  733): call createSecurityParamsBySecurityType
09-18 17:36:50.058 I/SecurityParams####debug(  733): createWpa3PersonalParams
09-18 17:36:50.058 I/ScanResultUtil####debug(  733): check createSecurityParamsBySecurityType
09-18 17:36:50.058 I/ScanResultUtil####debug(  733): call createSecurityParamsBySecurityType
09-18 17:36:50.058 I/SecurityParams####debug(  733): createWpa3PersonalParams
09-18 17:36:50.058 I/ScanResultUtil####debug(  733): check createSecurityParamsBySecurityType
09-18 17:36:50.058 I/ScanResultUtil####debug(  733): call createSecurityParamsBySecurityType
09-18 17:36:50.058 I/SecurityParams####debug(  733): createWpa3PersonalParams
09-18 17:36:50.058 I/ScanResultUtil####debug(  733): check createSecurityParamsBySecurityType
09-18 17:36:50.058 I/ScanResultUtil####debug(  733): check createSecurityParamsBySecurityType
09-18 17:36:50.058 I/ScanResultUtil####debug(  733): check createSecurityParamsBySecurityType
09-18 17:36:50.058 I/ScanResultUtil####debug(  733): call createSecurityParamsBySecurityType
09-18 17:36:50.058 I/SecurityParams####debug(  733): createWpa3PersonalParams
09-18 17:36:50.059 I/ScanResultUtil####debug(  733): check createSecurityParamsBySecurityType
09-18 17:36:50.059 I/ScanResultUtil####debug(  733): check createSecurityParamsBySecurityType
09-18 17:36:50.059 I/ScanResultUtil####debug(  733): check createSecurityParamsBySecurityType
09-18 17:36:50.059 I/ScanResultUtil####debug(  733): check createSecurityParamsBySecurityType
09-18 17:36:50.060 I/ScanResultUtil####debug(  733): check createSecurityParamsBySecurityType
09-18 17:36:50.060 I/ScanResultUtil####debug(  733): call createSecurityParamsBySecurityType
09-18 17:36:50.060 I/SecurityParams####debug(  733): createWpa3PersonalParams
09-18 17:36:50.060 I/ScanResultUtil####debug(  733): check createSecurityParamsBySecurityType
09-18 17:36:50.061 I/ScanResultUtil####debug(  733): call createSecurityParamsBySecurityType
09-18 17:36:50.061 I/SecurityParams####debug(  733): createWpa3PersonalParams
09-18 17:36:50.061 D/VCodecVencImpl(  607): [L 572][MtkVencSetConfig]
09-18 17:36:50.061 D/android.hardware.media.c2@1.1-mediatek(  607): [import_mtk_dtv_native_buffer(): 717] mst buffer is secure: 0
09-18 17:36:50.061 I/ScanResultUtil####debug(  733): check createSecurityParamsBySecurityType
09-18 17:36:50.061 D/android.hardware.media.c2@1.1-mediatek(  607): [import_mtk_dtv_native_buffer(): 717] mst buffer is secure: 0
09-18 17:36:50.063 I/ScanResultUtil####debug(  733): check createSecurityParamsBySecurityType
09-18 17:36:50.063 E/<MI3>   (  636): <ERR>_MI_TUNER_GetLock[4279]: [_MI_TUNER_GetLock][4279] *peLockStatus =  E_MI_TUNER_UNLOCK@!!!
09-18 17:36:50.063 I/ScanResultUtil####debug(  733): check createSecurityParamsBySecurityType
09-18 17:36:50.063 I/ScanResultUtil####debug(  733): call createSecurityParamsBySecurityType
09-18 17:36:50.063 I/SecurityParams####debug(  733): createWpa3PersonalParams
09-18 17:36:50.064 I/ScanResultUtil####debug(  733): check createSecurityParamsBySecurityType
09-18 17:36:50.064 I/ScanResultUtil####debug(  733): call createSecurityParamsBySecurityType
09-18 17:36:50.064 I/SecurityParams####debug(  733): createWpa3PersonalParams
09-18 17:36:50.064 I/ScanResultUtil####debug(  733): check createSecurityParamsBySecurityType
09-18 17:36:50.064 I/ScanResultUtil####debug(  733): call createSecurityParamsBySecurityType
09-18 17:36:50.064 I/SecurityParams####debug(  733): createWpa3PersonalParams
09-18 17:36:50.064 I/ScanResultUtil####debug(  733): check createSecurityParamsBySecurityType
09-18 17:36:50.064 I/ScanResultUtil####debug(  733): call createSecurityParamsBySecurityType
09-18 17:36:50.064 I/SecurityParams####debug(  733): createWpa3PersonalParams
09-18 17:36:50.064 I/ScanResultUtil####debug(  733): check createSecurityParamsBySecurityType
09-18 17:36:50.064 I/ScanResultUtil####debug(  733): check createSecurityParamsBySecurityType
09-18 17:36:50.065 I/ScanResultUtil####debug(  733): check createSecurityParamsBySecurityType
09-18 17:36:50.065 I/ScanResultUtil####debug(  733): call createSecurityParamsBySecurityType
09-18 17:36:50.065 I/SecurityParams####debug(  733): createWpa3PersonalParams
09-18 17:36:50.065 I/ScanResultUtil####debug(  733): check createSecurityParamsBySecurityType
09-18 17:36:50.065 I/ScanResultUtil####debug(  733): call createSecurityParamsBySecurityType
09-18 17:36:50.065 I/SecurityParams####debug(  733): createWpa3PersonalParams
09-18 17:36:50.065 I/ScanResultUtil####debug(  733): check createSecurityParamsBySecurityType
09-18 17:36:50.065 I/ScanResultUtil####debug(  733): call createSecurityParamsBySecurityType
09-18 17:36:50.065 I/SecurityParams####debug(  733): createWpa3PersonalParams
09-18 17:36:50.065 I/ScanResultUtil####debug(  733): check createSecurityParamsBySecurityType
09-18 17:36:50.065 I/ScanResultUtil####debug(  733): call createSecurityParamsBySecurityType
09-18 17:36:50.065 I/SecurityParams####debug(  733): createWpa3PersonalParams
09-18 17:36:50.065 I/ScanResultUtil####debug(  733): check createSecurityParamsBySecurityType
09-18 17:36:50.065 I/ScanResultUtil####debug(  733): check createSecurityParamsBySecurityType
09-18 17:36:50.065 I/ScanResultUtil####debug(  733): check createSecurityParamsBySecurityType
09-18 17:36:50.065 I/ScanResultUtil####debug(  733): call createSecurityParamsBySecurityType
09-18 17:36:50.065 I/SecurityParams####debug(  733): createWpa3PersonalParams
09-18 17:36:50.065 I/ScanResultUtil####debug(  733): check createSecurityParamsBySecurityType
09-18 17:36:50.066 I/ScanResultUtil####debug(  733): call createSecurityParamsBySecurityType
09-18 17:36:50.066 I/SecurityParams####debug(  733): createWpa3PersonalParams
09-18 17:36:50.066 I/ScanResultUtil####debug(  733): check createSecurityParamsBySecurityType
09-18 17:36:50.066 I/ScanResultUtil####debug(  733): call createSecurityParamsBySecurityType
09-18 17:36:50.066 I/SecurityParams####debug(  733): createWpa3PersonalParams
09-18 17:36:50.066 I/ScanResultUtil####debug(  733): check createSecurityParamsBySecurityType
09-18 17:36:50.066 I/ScanResultUtil####debug(  733): call createSecurityParamsBySecurityType
09-18 17:36:50.066 I/SecurityParams####debug(  733): createWpa3PersonalParams
09-18 17:36:50.066 I/ScanResultUtil####debug(  733): check createSecurityParamsBySecurityType
09-18 17:36:50.066 I/ScanResultUtil####debug(  733): call createSecurityParamsBySecurityType
09-18 17:36:50.066 D/VCodecVenc(  607): [L 324][EnqueInputBuffer]
09-18 17:36:50.067 I/SecurityParams####debug(  733): createWpa3PersonalParams
09-18 17:36:50.068 I/ScanResultUtil####debug(  733): check createSecurityParamsBySecurityType
09-18 17:36:50.068 I/ScanResultUtil####debug(  733): call createSecurityParamsBySecurityType
09-18 17:36:50.068 I/SecurityParams####debug(  733): createWpa3PersonalParams
09-18 17:36:50.068 I/ScanResultUtil####debug(  733): check createSecurityParamsBySecurityType
09-18 17:36:50.068 I/ScanResultUtil####debug(  733): call createSecurityParamsBySecurityType
09-18 17:36:50.068 I/SecurityParams####debug(  733): createWpa3PersonalParams
09-18 17:36:50.068 I/ScanResultUtil####debug(  733): check createSecurityParamsBySecurityType
09-18 17:36:50.068 I/ScanResultUtil####debug(  733): call createSecurityParamsBySecurityType
09-18 17:36:50.068 I/SecurityParams####debug(  733): createWpa3PersonalParams
09-18 17:36:50.069 I/ScanResultUtil####debug(  733): check createSecurityParamsBySecurityType
09-18 17:36:50.069 I/ScanResultUtil####debug(  733): call createSecurityParamsBySecurityType
09-18 17:36:50.069 I/SecurityParams####debug(  733): createWpa3PersonalParams
09-18 17:36:50.069 I/ScanResultUtil####debug(  733): check createSecurityParamsBySecurityType
09-18 17:36:50.069 I/ScanResultUtil####debug(  733): call createSecurityParamsBySecurityType
09-18 17:36:50.069 I/SecurityParams####debug(  733): createWpa3PersonalParams
09-18 17:36:50.069 I/ScanResultUtil####debug(  733): check createSecurityParamsBySecurityType
09-18 17:36:50.069 I/ScanResultUtil####debug(  733): check createSecurityParamsBySecurityType
09-18 17:36:50.069 I/ScanResultUtil####debug(  733): check createSecurityParamsBySecurityType
09-18 17:36:50.069 I/ScanResultUtil####debug(  733): check createSecurityParamsBySecurityType
09-18 17:36:50.069 I/ScanResultUtil####debug(  733): check createSecurityParamsBySecurityType
09-18 17:36:50.069 I/ScanResultUtil####debug(  733): call createSecurityParamsBySecurityType
09-18 17:36:50.069 I/SecurityParams####debug(  733): createWpa3PersonalParams
09-18 17:36:50.069 I/ScanResultUtil####debug(  733): check createSecurityParamsBySecurityType
09-18 17:36:50.069 I/ScanResultUtil####debug(  733): call createSecurityParamsBySecurityType
09-18 17:36:50.069 I/SecurityParams####debug(  733): createWpa3PersonalParams
09-18 17:36:50.070 I/ScanResultUtil####debug(  733): check createSecurityParamsBySecurityType
09-18 17:36:50.070 I/ScanResultUtil####debug(  733): check createSecurityParamsBySecurityType
09-18 17:36:50.070 I/ScanResultUtil####debug(  733): check createSecurityParamsBySecurityType
09-18 17:36:50.070 I/ScanResultUtil####debug(  733): call createSecurityParamsBySecurityType
09-18 17:36:50.070 I/SecurityParams####debug(  733): createWpa3PersonalParams
09-18 17:36:50.070 I/ScanResultUtil####debug(  733): check createSecurityParamsBySecurityType
09-18 17:36:50.070 I/ScanResultUtil####debug(  733): call createSecurityParamsBySecurityType
09-18 17:36:50.070 I/SecurityParams####debug(  733): createWpa3PersonalParams
09-18 17:36:50.070 I/ScanResultUtil####debug(  733): check createSecurityParamsBySecurityType
09-18 17:36:50.070 I/ScanResultUtil####debug(  733): check createSecurityParamsBySecurityType
09-18 17:36:50.070 I/ScanResultUtil####debug(  733): check createSecurityParamsBySecurityType
09-18 17:36:50.070 I/ScanResultUtil####debug(  733): check createSecurityParamsBySecurityType
09-18 17:36:50.070 I/ScanResultUtil####debug(  733): check createSecurityParamsBySecurityType
09-18 17:36:50.070 I/ScanResultUtil####debug(  733): call createSecurityParamsBySecurityType
09-18 17:36:50.070 I/SecurityParams####debug(  733): createWpa3PersonalParams
09-18 17:36:50.070 I/ScanResultUtil####debug(  733): check createSecurityParamsBySecurityType
09-18 17:36:50.070 I/ScanResultUtil####debug(  733): call createSecurityParamsBySecurityType
09-18 17:36:50.070 I/SecurityParams####debug(  733): createWpa3PersonalParams
09-18 17:36:50.071 I/ScanResultUtil####debug(  733): check createSecurityParamsBySecurityType
09-18 17:36:50.071 I/ScanResultUtil####debug(  733): check createSecurityParamsBySecurityType
09-18 17:36:50.071 I/ScanResultUtil####debug(  733): check createSecurityParamsBySecurityType
09-18 17:36:50.071 I/ScanResultUtil####debug(  733): call createSecurityParamsBySecurityType
09-18 17:36:50.071 I/SecurityParams####debug(  733): createWpa3PersonalParams
09-18 17:36:50.071 I/ScanResultUtil####debug(  733): check createSecurityParamsBySecurityType
09-18 17:36:50.071 I/ScanResultUtil####debug(  733): call createSecurityParamsBySecurityType
09-18 17:36:50.071 I/SecurityParams####debug(  733): createWpa3PersonalParams
09-18 17:36:50.072 I/ScanResultUtil####debug(  733): check createSecurityParamsBySecurityType
09-18 17:36:50.072 I/ScanResultUtil####debug(  733): check createSecurityParamsBySecurityType
09-18 17:36:50.072 I/ScanResultUtil####debug(  733): call createSecurityParamsBySecurityType
09-18 17:36:50.072 I/SecurityParams####debug(  733): createWpa3PersonalParams
09-18 17:36:50.072 I/ScanResultUtil####debug(  733): check createSecurityParamsBySecurityType
09-18 17:36:50.072 I/ScanResultUtil####debug(  733): check createSecurityParamsBySecurityType
09-18 17:36:50.072 I/ScanResultUtil####debug(  733): check createSecurityParamsBySecurityType
09-18 17:36:50.073 I/ScanResultUtil####debug(  733): call createSecurityParamsBySecurityType
09-18 17:36:50.073 I/SecurityParams####debug(  733): createWpa3PersonalParams
09-18 17:36:50.073 I/ScanResultUtil####debug(  733): check createSecurityParamsBySecurityType
09-18 17:36:50.073 I/ScanResultUtil####debug(  733): call createSecurityParamsBySecurityType
09-18 17:36:50.073 I/SecurityParams####debug(  733): createWpa3PersonalParams
09-18 17:36:50.073 I/ScanResultUtil####debug(  733): check createSecurityParamsBySecurityType
09-18 17:36:50.073 I/ScanResultUtil####debug(  733): check createSecurityParamsBySecurityType
09-18 17:36:50.073 I/ScanResultUtil####debug(  733): check createSecurityParamsBySecurityType
09-18 17:36:50.073 I/ScanResultUtil####debug(  733): call createSecurityParamsBySecurityType
09-18 17:36:50.073 I/SecurityParams####debug(  733): createWpa3PersonalParams
09-18 17:36:50.073 I/ScanResultUtil####debug(  733): check createSecurityParamsBySecurityType
09-18 17:36:50.073 I/ScanResultUtil####debug(  733): call createSecurityParamsBySecurityType
09-18 17:36:50.073 I/SecurityParams####debug(  733): createWpa3PersonalParams
09-18 17:36:50.073 I/ScanResultUtil####debug(  733): check createSecurityParamsBySecurityType
09-18 17:36:50.074 I/ScanResultUtil####debug(  733): call createSecurityParamsBySecurityType
09-18 17:36:50.074 I/SecurityParams####debug(  733): createWpa3PersonalParams
09-18 17:36:50.074 I/ScanResultUtil####debug(  733): check createSecurityParamsBySecurityType
09-18 17:36:50.074 I/ScanResultUtil####debug(  733): call createSecurityParamsBySecurityType
09-18 17:36:50.074 I/SecurityParams####debug(  733): createWpa3PersonalParams
09-18 17:36:50.074 E/<MI3>   (  636): <ERR>_MI_TUNER_GetLock[4279]: [_MI_TUNER_GetLock][4279] *peLockStatus =  E_MI_TUNER_UNLOCK@!!!
09-18 17:36:50.074 I/ScanResultUtil####debug(  733): check createSecurityParamsBySecurityType
09-18 17:36:50.074 I/ScanResultUtil####debug(  733): call createSecurityParamsBySecurityType
09-18 17:36:50.074 I/SecurityParams####debug(  733): createWpa3PersonalParams
09-18 17:36:50.074 I/ScanResultUtil####debug(  733): check createSecurityParamsBySecurityType
09-18 17:36:50.074 I/ScanResultUtil####debug(  733): call createSecurityParamsBySecurityType
09-18 17:36:50.074 I/SecurityParams####debug(  733): createWpa3PersonalParams
09-18 17:36:50.075 I/ScanResultUtil####debug(  733): check createSecurityParamsBySecurityType
09-18 17:36:50.075 I/ScanResultUtil####debug(  733): call createSecurityParamsBySecurityType
09-18 17:36:50.075 I/SecurityParams####debug(  733): createWpa3PersonalParams
09-18 17:36:50.075 I/ScanResultUtil####debug(  733): check createSecurityParamsBySecurityType
09-18 17:36:50.075 I/ScanResultUtil####debug(  733): call createSecurityParamsBySecurityType
09-18 17:36:50.075 I/SecurityParams####debug(  733): createWpa3PersonalParams
09-18 17:36:50.075 I/ScanResultUtil####debug(  733): check createSecurityParamsBySecurityType
09-18 17:36:50.076 I/ScanResultUtil####debug(  733): check createSecurityParamsBySecurityType
09-18 17:36:50.076 I/ScanResultUtil####debug(  733): call createSecurityParamsBySecurityType
09-18 17:36:50.076 I/SecurityParams####debug(  733): createWpa3PersonalParams
09-18 17:36:50.076 I/ScanResultUtil####debug(  733): check createSecurityParamsBySecurityType
09-18 17:36:50.076 I/ScanResultUtil####debug(  733): call createSecurityParamsBySecurityType
09-18 17:36:50.076 I/SecurityParams####debug(  733): createWpa3PersonalParams
09-18 17:36:50.077 I/ScanResultUtil####debug(  733): check createSecurityParamsBySecurityType
09-18 17:36:50.077 I/ScanResultUtil####debug(  733): check createSecurityParamsBySecurityType
09-18 17:36:50.079 I/ScanResultUtil####debug(  733): check createSecurityParamsBySecurityType
09-18 17:36:50.080 I/ScanResultUtil####debug(  733): call createSecurityParamsBySecurityType
09-18 17:36:50.080 I/SecurityParams####debug(  733): createWpa3PersonalParams
09-18 17:36:50.080 I/ScanResultUtil####debug(  733): check createSecurityParamsBySecurityType
09-18 17:36:50.080 I/ScanResultUtil####debug(  733): call createSecurityParamsBySecurityType
09-18 17:36:50.080 I/SecurityParams####debug(  733): createWpa3PersonalParams
09-18 17:36:50.080 I/ScanResultUtil####debug(  733): check createSecurityParamsBySecurityType
09-18 17:36:50.080 I/ScanResultUtil####debug(  733): check createSecurityParamsBySecurityType
09-18 17:36:50.080 I/ScanResultUtil####debug(  733): check createSecurityParamsBySecurityType
09-18 17:36:50.081 I/ScanResultUtil####debug(  733): call createSecurityParamsBySecurityType
09-18 17:36:50.081 I/SecurityParams####debug(  733): createWpa3PersonalParams
09-18 17:36:50.081 I/ScanResultUtil####debug(  733): check createSecurityParamsBySecurityType
09-18 17:36:50.081 I/ScanResultUtil####debug(  733): call createSecurityParamsBySecurityType
09-18 17:36:50.081 I/SecurityParams####debug(  733): createWpa3PersonalParams
09-18 17:36:50.081 I/ScanResultUtil####debug(  733): check createSecurityParamsBySecurityType
09-18 17:36:50.081 I/ScanResultUtil####debug(  733): check createSecurityParamsBySecurityType
09-18 17:36:50.081 I/ScanResultUtil####debug(  733): check createSecurityParamsBySecurityType
09-18 17:36:50.081 I/ScanResultUtil####debug(  733): call createSecurityParamsBySecurityType
09-18 17:36:50.081 I/SecurityParams####debug(  733): createWpa3PersonalParams
09-18 17:36:50.081 I/ScanResultUtil####debug(  733): check createSecurityParamsBySecurityType
09-18 17:36:50.081 I/ScanResultUtil####debug(  733): check createSecurityParamsBySecurityType
09-18 17:36:50.081 I/ScanResultUtil####debug(  733): call createSecurityParamsBySecurityType
09-18 17:36:50.081 I/SecurityParams####debug(  733): createWpa3PersonalParams
09-18 17:36:50.081 I/ScanResultUtil####debug(  733): check createSecurityParamsBySecurityType
09-18 17:36:50.081 I/ScanResultUtil####debug(  733): call createSecurityParamsBySecurityType
09-18 17:36:50.082 I/SecurityParams####debug(  733): createWpa3PersonalParams
09-18 17:36:50.082 I/ScanResultUtil####debug(  733): check createSecurityParamsBySecurityType
09-18 17:36:50.082 I/ScanResultUtil####debug(  733): check createSecurityParamsBySecurityType
09-18 17:36:50.082 I/ScanResultUtil####debug(  733): check createSecurityParamsBySecurityType
09-18 17:36:50.082 I/ScanResultUtil####debug(  733): call createSecurityParamsBySecurityType
09-18 17:36:50.082 I/SecurityParams####debug(  733): createWpa3PersonalParams
09-18 17:36:50.082 I/ScanResultUtil####debug(  733): check createSecurityParamsBySecurityType
09-18 17:36:50.082 I/ScanResultUtil####debug(  733): call createSecurityParamsBySecurityType
09-18 17:36:50.082 I/SecurityParams####debug(  733): createWpa3PersonalParams
09-18 17:36:50.082 I/ScanResultUtil####debug(  733): check createSecurityParamsBySecurityType
09-18 17:36:50.082 I/ScanResultUtil####debug(  733): check createSecurityParamsBySecurityType
09-18 17:36:50.082 I/ScanResultUtil####debug(  733): check createSecurityParamsBySecurityType
09-18 17:36:50.082 I/ScanResultUtil####debug(  733): call createSecurityParamsBySecurityType
09-18 17:36:50.082 I/SecurityParams####debug(  733): createWpa3PersonalParams
09-18 17:36:50.082 I/ScanResultUtil####debug(  733): check createSecurityParamsBySecurityType
09-18 17:36:50.082 I/ScanResultUtil####debug(  733): call createSecurityParamsBySecurityType
09-18 17:36:50.082 I/SecurityParams####debug(  733): createWpa3PersonalParams
09-18 17:36:50.082 I/ScanResultUtil####debug(  733): check createSecurityParamsBySecurityType
09-18 17:36:50.082 I/ScanResultUtil####debug(  733): call createSecurityParamsBySecurityType
09-18 17:36:50.082 I/SecurityParams####debug(  733): createWpa3PersonalParams
09-18 17:36:50.083 I/ScanResultUtil####debug(  733): check createSecurityParamsBySecurityType
09-18 17:36:50.083 I/ScanResultUtil####debug(  733): call createSecurityParamsBySecurityType
09-18 17:36:50.083 I/SecurityParams####debug(  733): createWpa3PersonalParams
09-18 17:36:50.083 I/ScanResultUtil####debug(  733): check createSecurityParamsBySecurityType
09-18 17:36:50.083 I/ScanResultUtil####debug(  733): call createSecurityParamsBySecurityType
09-18 17:36:50.083 I/SecurityParams####debug(  733): createWpa3PersonalParams
09-18 17:36:50.083 I/ScanResultUtil####debug(  733): check createSecurityParamsBySecurityType
09-18 17:36:50.083 I/ScanResultUtil####debug(  733): call createSecurityParamsBySecurityType
09-18 17:36:50.083 I/SecurityParams####debug(  733): createWpa3PersonalParams
09-18 17:36:50.083 I/ScanResultUtil####debug(  733): check createSecurityParamsBySecurityType
09-18 17:36:50.083 I/ScanResultUtil####debug(  733): call createSecurityParamsBySecurityType
09-18 17:36:50.083 I/SecurityParams####debug(  733): createWpa3PersonalParams
09-18 17:36:50.084 I/ScanResultUtil####debug(  733): check createSecurityParamsBySecurityType
09-18 17:36:50.085 I/ScanResultUtil####debug(  733): call createSecurityParamsBySecurityType
09-18 17:36:50.085 I/SecurityParams####debug(  733): createWpa3PersonalParams
09-18 17:36:50.085 I/ScanResultUtil####debug(  733): check createSecurityParamsBySecurityType
09-18 17:36:50.085 I/ScanResultUtil####debug(  733): call createSecurityParamsBySecurityType
09-18 17:36:50.085 I/SecurityParams####debug(  733): createWpa3PersonalParams
09-18 17:36:50.085 I/ScanResultUtil####debug(  733): check createSecurityParamsBySecurityType
09-18 17:36:50.085 D/PasspointManager(  733): ANQP entry not found for: ec:5a:31:ac:ab:21:<_b2b_wpa3_192>
09-18 17:36:50.085 D/PasspointManager(  733): No service provider found for _b2b_wpa3_192
09-18 17:36:50.085 I/ScanResultUtil####debug(  733): check createSecurityParamsBySecurityType
09-18 17:36:50.085 E/<MI3>   (  636): <ERR>_MI_TUNER_GetLock[4279]: [_MI_TUNER_GetLock][4279] *peLockStatus =  E_MI_TUNER_UNLOCK@!!!
09-18 17:36:50.085 I/ScanResultUtil####debug(  733): check createSecurityParamsBySecurityType
09-18 17:36:50.085 I/ScanResultUtil####debug(  733): call createSecurityParamsBySecurityType
09-18 17:36:50.085 I/SecurityParams####debug(  733): createWpa3PersonalParams
09-18 17:36:50.085 I/ScanResultUtil####debug(  733): check createSecurityParamsBySecurityType
09-18 17:36:50.086 I/ScanResultUtil####debug(  733): call createSecurityParamsBySecurityType
09-18 17:36:50.086 I/SecurityParams####debug(  733): createWpa3PersonalParams
09-18 17:36:50.086 I/ScanResultUtil####debug(  733): check createSecurityParamsBySecurityType
09-18 17:36:50.086 I/ScanResultUtil####debug(  733): call createSecurityParamsBySecurityType
09-18 17:36:50.086 I/SecurityParams####debug(  733): createWpa3PersonalParams
09-18 17:36:50.086 I/ScanResultUtil####debug(  733): check createSecurityParamsBySecurityType
09-18 17:36:50.086 I/ScanResultUtil####debug(  733): call createSecurityParamsBySecurityType
09-18 17:36:50.086 I/SecurityParams####debug(  733): createWpa3PersonalParams
09-18 17:36:50.086 I/ScanResultUtil####debug(  733): check createSecurityParamsBySecurityType
09-18 17:36:50.086 I/ScanResultUtil####debug(  733): call createSecurityParamsBySecurityType
09-18 17:36:50.086 I/SecurityParams####debug(  733): createWpa3PersonalParams
09-18 17:36:50.086 I/ScanResultUtil####debug(  733): check createSecurityParamsBySecurityType
09-18 17:36:50.086 I/ScanResultUtil####debug(  733): call createSecurityParamsBySecurityType
09-18 17:36:50.086 I/SecurityParams####debug(  733): createWpa3PersonalParams
09-18 17:36:50.086 I/ScanResultUtil####debug(  733): check createSecurityParamsBySecurityType
09-18 17:36:50.086 I/ScanResultUtil####debug(  733): call createSecurityParamsBySecurityType
09-18 17:36:50.086 I/SecurityParams####debug(  733): createWpa3PersonalParams
09-18 17:36:50.086 I/ScanResultUtil####debug(  733): check createSecurityParamsBySecurityType
09-18 17:36:50.086 I/ScanResultUtil####debug(  733): call createSecurityParamsBySecurityType
09-18 17:36:50.086 I/SecurityParams####debug(  733): createWpa3PersonalParams
09-18 17:36:50.086 I/ScanResultUtil####debug(  733): check createSecurityParamsBySecurityType
09-18 17:36:50.086 I/ScanResultUtil####debug(  733): check createSecurityParamsBySecurityType
09-18 17:36:50.086 I/ScanResultUtil####debug(  733): check createSecurityParamsBySecurityType
09-18 17:36:50.086 I/ScanResultUtil####debug(  733): call createSecurityParamsBySecurityType
09-18 17:36:50.086 I/SecurityParams####debug(  733): createWpa3PersonalParams
09-18 17:36:50.087 I/ScanResultUtil####debug(  733): check createSecurityParamsBySecurityType
09-18 17:36:50.087 I/ScanResultUtil####debug(  733): call createSecurityParamsBySecurityType
09-18 17:36:50.087 I/SecurityParams####debug(  733): createWpa3PersonalParams
09-18 17:36:50.087 I/ScanResultUtil####debug(  733): check createSecurityParamsBySecurityType
09-18 17:36:50.087 I/ScanResultUtil####debug(  733): call createSecurityParamsBySecurityType
09-18 17:36:50.087 I/SecurityParams####debug(  733): createWpa3PersonalParams
09-18 17:36:50.087 I/ScanResultUtil####debug(  733): check createSecurityParamsBySecurityType
09-18 17:36:50.088 I/ScanResultUtil####debug(  733): call createSecurityParamsBySecurityType
09-18 17:36:50.088 I/SecurityParams####debug(  733): createWpa3PersonalParams
09-18 17:36:50.088 I/ScanResultUtil####debug(  733): check createSecurityParamsBySecurityType
09-18 17:36:50.088 I/ScanResultUtil####debug(  733): check createSecurityParamsBySecurityType
09-18 17:36:50.088 I/ScanResultUtil####debug(  733): check createSecurityParamsBySecurityType
09-18 17:36:50.088 I/ScanResultUtil####debug(  733): check createSecurityParamsBySecurityType
09-18 17:36:50.088 I/ScanResultUtil####debug(  733): check createSecurityParamsBySecurityType
