09-18 17:36:23.625 D/android.hardware.media.c2@1.1-mediatek(  607): [import_mtk_dtv_native_buffer(): 717] mst buffer is secure: 0
09-18 17:36:23.628 I/kernel  ( 6265): [  250.888703][MTK_V4L2] level=0 vidioc_venc_qbuf(),1318: [4] id=0 getdata FB(2088960,2) vb=000000000c42c7f0 pts=0
09-18 17:36:23.629 D/VCodecVenc(  607): [L 324][EnqueInputBuffer]
09-18 17:36:23.653 D/VCodecVencImpl(  607): [L 572][MtkVencSetConfig]
09-18 17:36:23.653 D/android.hardware.media.c2@1.1-mediatek(  607): [import_mtk_dtv_native_buffer(): 717] mst buffer is secure: 0
09-18 17:36:23.653 D/android.hardware.media.c2@1.1-mediatek(  607): [import_mtk_dtv_native_buffer(): 717] mst buffer is secure: 0
09-18 17:36:23.658 I/kernel  ( 6265): [  250.918883][MTK_V4L2] level=0 vidioc_venc_qbuf(),1318: [4] id=0 getdata FB(2088960,2) vb=000000000c42c7f0 pts=0
09-18 17:36:23.657 D/VCodecVenc(  607): [L 324][EnqueInputBuffer]
09-18 17:36:23.684 D/VCodecVencImpl(  607): [L 572][MtkVencSetConfig]
09-18 17:36:23.684 D/android.hardware.media.c2@1.1-mediatek(  607): [import_mtk_dtv_native_buffer(): 717] mst buffer is secure: 0
09-18 17:36:23.684 D/android.hardware.media.c2@1.1-mediatek(  607): [import_mtk_dtv_native_buffer(): 717] mst buffer is secure: 0
09-18 17:36:23.689 I/kernel  ( 6265): [  250.950069][MTK_V4L2] level=0 vidioc_venc_qbuf(),1318: [4] id=0 getdata FB(2088960,2) vb=000000000c42c7f0 pts=0
09-18 17:36:23.688 D/VCodecVenc(  607): [L 324][EnqueInputBuffer]
09-18 17:36:23.714 D/VCodecVencImpl(  607): [L 572][MtkVencSetConfig]
09-18 17:36:23.714 D/android.hardware.media.c2@1.1-mediatek(  607): [import_mtk_dtv_native_buffer(): 717] mst buffer is secure: 0
09-18 17:36:23.715 D/android.hardware.media.c2@1.1-mediatek(  607): [import_mtk_dtv_native_buffer(): 717] mst buffer is secure: 0
09-18 17:36:23.719 I/kernel  ( 6265): [  250.980586][MTK_V4L2] level=0 vidioc_venc_qbuf(),1318: [4] id=0 getdata FB(2088960,2) vb=000000000c42c7f0 pts=0
09-18 17:36:23.718 E/<MI3>   (  636): <ERR>_MI_TUNER_GetLock[4279]: [_MI_TUNER_GetLock][4279] *peLockStatus =  E_MI_TUNER_UNLOCK@!!!
09-18 17:36:23.718 E/<MI3>   (  636): <ERR>_MI_TUNER_GetLock[4279]: [_MI_TUNER_GetLock][4279] *peLockStatus =  E_MI_TUNER_UNLOCK@!!!
09-18 17:36:23.719 D/VCodecVenc(  607): [L 324][EnqueInputBuffer]
09-18 17:36:23.719 E/<MI3>   (  636): <ERR>_MI_TUNER_GetLock[4279]: [_MI_TUNER_GetLock][4279] *peLockStatus =  E_MI_TUNER_UNLOCK@!!!
09-18 17:36:23.745 D/VCodecVencImpl(  607): [L 572][MtkVencSetConfig]
09-18 17:36:23.746 D/android.hardware.media.c2@1.1-mediatek(  607): [import_mtk_dtv_native_buffer(): 717] mst buffer is secure: 0
09-18 17:36:23.747 D/android.hardware.media.c2@1.1-mediatek(  607): [import_mtk_dtv_native_buffer(): 717] mst buffer is secure: 0
09-18 17:36:23.749 I/WifiService(  733): getConnectionInfo uid=10184
09-18 17:36:23.750 V/WifiPermissionsUtil(  733): checkCallersLocationPermission(com.uei.quicksetsdk): uid 10184 doesn't have permission android.permission.ACCESS_FINE_LOCATION
09-18 17:36:23.750 V/WifiPermissionsUtil(  733): enforceCanAccessScanResults(pkg=com.uei.quicksetsdk, uid=10184): canCallingUidAccessLocation=false, canAppPackageUseLocation=false
09-18 17:36:23.750 V/WifiService(  733): Keeping REDACT_FOR_ACCESS_FINE_LOCATION:java.lang.SecurityException: UID 10184 has no location permission
09-18 17:36:23.751 I/WifiService(  733): getWifiEnabledState uid=10184 state=3
09-18 17:36:23.751 I/kernel  ( 6265): [  251.011743][MTK_V4L2] level=0 vidioc_venc_qbuf(),1318: [4] id=0 getdata FB(2088960,2) vb=000000000c42c7f0 pts=0
09-18 17:36:23.752 D/VCodecVenc(  607): [L 324][EnqueInputBuffer]
09-18 17:36:23.754 I/JpTis_IsdbSFrontendTuneImpl@9( 2016): LnbStatusCallbackImpl:onLnbStatusChanged from:LnbStatus(voltageOn=true, status=Pending) to:LnbStatus(voltageOn=false, status=Off) lnbPowerStatus:Pending
09-18 17:36:23.754 I/JpTis_IsdbSFrontendTuneImpl@9( 2016): sendFrontendTuneStatusUnlocked()
09-18 17:36:23.754 I/JpTis_IsdbS3FrontendTuneImpl@11( 2016): LnbStatusCallbackImpl:onLnbStatusChanged from:LnbStatus(voltageOn=true, status=Pending) to:LnbStatus(voltageOn=false, status=Off) lnbPowerStatus:Pending
09-18 17:36:23.754 I/JpTis_IsdbS3FrontendTuneImpl@12( 2016): LnbStatusCallbackImpl:onLnbStatusChanged from:LnbStatus(voltageOn=true, status=Pending) to:LnbStatus(voltageOn=false, status=Off) lnbPowerStatus:Pending
09-18 17:36:23.755 I/JpTis_IsdbSTunerTune@9( 2016): onTuneEvent
09-18 17:36:23.755 I/JpTis_IsdbS3FrontendTuneImpl@11( 2016): sendFrontendTuneStatusUnlocked()
09-18 17:36:23.755 I/JpTis_IsdbS3FrontendTuneImpl@12( 2016): sendFrontendTuneStatusUnlocked()
09-18 17:36:23.755 I/JpTis_IsdbS3TunerTune@11( 2016): onTuneEvent
09-18 17:36:23.755 I/JpTis_IsdbSTunerTune@9( 2016): lockStatus is Unlocked
09-18 17:36:23.755 I/JpTis_IsdbS3TunerTune@12( 2016): onTuneEvent
09-18 17:36:23.755 I/JpTis_IsdbS3TunerTune@11( 2016): lockStatus is Unlocked
09-18 17:36:23.755 I/JpTis_TsSatelliteSiAccumulatingTuneElement@9( 2016): Completed. Process transfer and status update. isWholeTimeout:false, eitPfCondition:BAD, eitSchCondition:BAD, ldtCondition:BAD, networkId:4, streamId:0x4730, serviceIds:[245, 849]
09-18 17:36:23.755 I/JpTis_TsSatelliteSiAccumulatingTuneElement@9( 2016): Not Tables to store.
09-18 17:36:23.756 I/JpTis_IsdbS3TunerTune@12( 2016): lockStatus is Unlocked
09-18 17:36:23.756 I/JpTis_IsdbSTunerTune@9( 2016): stop
09-18 17:36:23.756 I/JpTis_MmtSatelliteSiAccumulatingTuneElement@12( 2016): Completed. Process transfer and status update. isWholeTimeout:false, eitPfCondition:BAD, eitSchCondition:BAD, cdtCondition:GOOD, networkId:12, streamId:0xc090, serviceIds:[821, 822]
09-18 17:36:23.756 I/JpTis_MmtSatelliteSiAccumulatingTuneElement@12( 2016): Not Tables to store.
09-18 17:36:23.757 I/JpTis_MmtSatelliteSiAccumulatingTuneElement@11( 2016): Completed. Process transfer and status update. isWholeTimeout:false, eitPfCondition:BAD, eitSchCondition:BAD, cdtCondition:GOOD, networkId:11, streamId:0xb071, serviceIds:[171]
09-18 17:36:23.757 I/kernel  (  862): [  251.017688][A8303-1_Driver] [dish_a8303_1_fe_set_voltage] arg voltage is 0x00
09-18 17:36:23.757 I/kernel  (  862): [  251.017884][A8303-1_Driver] i2c_transfer msg[0] addr:0x08, len:2, flags:0
09-18 17:36:23.757 I/kernel  (  862): [  251.017889][A8303-1_Driver] i2c_transfer msg[0] buf[0]:0x00
09-18 17:36:23.757 I/kernel  (  862): [  251.017892][A8303-1_Driver] i2c_transfer msg[0] buf[1]:0x00
09-18 17:36:23.757 I/kernel  (  862): [  251.018005][A8303-1_Driver] [memorize_voltage] main_voltage = 2
09-18 17:36:23.759 I/kernel  ( 2513): [  251.020354][A8303-1_Driver] addr:0x08,  i2c status:0x1b from 0x0a
09-18 17:36:23.761 I/kernel  (  587): [  251.021990][wlan][587]scnFsmSteps:(SCN STATE) [SCAN]TRANSITION: [SCANNING] -> [IDLE]
09-18 17:36:23.761 I/kernel  ( 1207): [  251.022250][wlan][1207]mtk_cfg_get_txpower:(REQ WARN) STA doesn't support this function
09-18 17:36:23.764 I/kernel  (  587): [  251.024848][wlan][587]aisFsmSteps:(AIS STATE) [AIS0] TRANSITION: [SCAN] -> [IDLE]
09-18 17:36:23.767 I/kernel  ( 1207): [  251.028347][wlan][1207]mtk_cfg_get_txpower:(REQ WARN) STA doesn't support this function
09-18 17:36:23.758 I/JpTis_MmtSatelliteSiAccumulatingTuneElement@11( 2016): Not Tables to store.
09-18 17:36:23.758 D/wpa_supplicant( 1207): nl80211: Drv Event 103 (NL80211_CMD_VENDOR) received for wlan0
09-18 17:36:23.758 D/wpa_supplicant( 1207): nl80211: Vendor event: wiphy=0 vendor_id=0xce7 subcmd=153
09-18 17:36:23.758 D/wpa_supplicant( 1207): nl80211: Ignore unsupported vendor event
09-18 17:36:23.759 D/wpa_supplicant( 1207): nl80211: Drv Event 34 (NL80211_CMD_NEW_SCAN_RESULTS) received for wlan0
09-18 17:36:23.759 D/wpa_supplicant( 1207): wlan0: nl80211: New scan results available
09-18 17:36:23.759 D/wpa_supplicant( 1207): nl80211: Scan probed for SSID ''
09-18 17:36:23.759 D/wpa_supplicant( 1207): nl80211: Scan probed for SSID 'nonessid'
09-18 17:36:23.759 D/wpa_supplicant( 1207): nl80211: Scan included frequencies: 2412 2417 2422 2427 2432 2437 2442 2447 2452 2457 2462 2467 2472 5180 5200 5220 5240 5260 5280 5300 5320 5500 5520 5540 5560 5580 5600 5620 5640 5660 5680 5700 5720 5955 5975 5995 6015 6035 6055 6075 6095 6115 6135 6155 6175 6195 6215 6235 6255 6275 6295 6315 6335 6355 6375 6395 6415
09-18 17:36:23.759 D/wpa_supplicant( 1207): wlan0: Event SCAN_RESULTS (3) received
09-18 17:36:23.759 D/WifiNl80211Manager(  733): Scan result ready event
09-18 17:36:23.759 D/WifiNative(  733): Scan result ready event
09-18 17:36:23.759 D/WifiHAL (  610): event received NL80211_CMD_VENDOR, vendor_id = 0xce7, subcmd = 0x99
09-18 17:36:23.759 D/WifiHAL (  610): event received NL80211_CMD_NEW_SCAN_RESULTS
09-18 17:36:23.761 D/WifiHAL (  610): event received NL80211_CMD_VENDOR, vendor_id = 0xce7, subcmd = 0xc
09-18 17:36:23.761 D/InterfaceObserverInternal(  733): Received interfaceLinkStateChanged, iface=wlan0 up=false
09-18 17:36:23.761 D/InterfaceEventCallback(  733): onInterfaceLinkStateChanged, ifaceName=wlan0 up=false CurrentState=ConnectModeState
09-18 17:36:23.762 D/WifiNative(  733): interfaceLinkStateChanged: ifaceName=wlan0, mInterfaceId = 0, mIfaceMgr={0=Iface:{Name=wlan0,Id=0,Type=STA_CONNECTIVITY}}
09-18 17:36:23.762 D/wpa_supplicant( 1207): nl80211: Received scan results (0 BSSes)
09-18 17:36:23.763 I/netd    (  409): interfaceGetCfg(wlan0) -> {InterfaceConfigurationParcel{ifName: wlan0, hwAddr: 96:f3:15:9d:51:ce, ipv4Addr: 0.0.0.0, prefixLength: 0, flags: [up, broadcast, multicast]}} <0.36ms>
09-18 17:36:23.763 D/wpa_supplicant( 1207): wlan0: BSS: Start scan result update 28
09-18 17:36:23.763 D/wpa_supplicant( 1207): BSS: last_scan_res_used=0/256
09-18 17:36:23.763 D/wpa_supplicant( 1207): wlan0: New scan results available (own=0 ext=1)
09-18 17:36:23.763 D/wpa_supplicant( 1207): wlan0: Do not use results from externally requested scan operation for network selection
09-18 17:36:23.764 D/wpa_supplicant( 1207): RTM_NEWLINK: ifi_index=16 ifname=wlan0 wext ifi_family=0 ifi_flags=0x1003 ([UP])
09-18 17:36:23.764 D/wpa_supplicant( 1207): nl80211: Drv Event 103 (NL80211_CMD_VENDOR) received for wlan0
09-18 17:36:23.764 D/wpa_supplicant( 1207): nl80211: Vendor event: wiphy=0 vendor_id=0xce7 subcmd=12
09-18 17:36:23.764 D/wpa_supplicant( 1207): nl80211: Ignore unsupported vendor event
09-18 17:36:23.764 V/WifiNative(  733): Interface status unchanged on Iface:{Name=wlan0,Id=0,Type=STA_CONNECTIVITY} from true, Ignoring...
09-18 17:36:23.767 I/JpTis_IsdbS3TunerTune@11( 2016): stop
09-18 17:36:23.769 I/JpTis_IsdbS3TunerTune@12( 2016): stop
09-18 17:36:23.769 V/mtktv.frontend(  636): [close:2632]: @@@@@@@@@@@@Frontend_close
09-18 17:36:23.772 I/kernel  (  863): [  251.033239][A8303-1_Driver] [dish_a8303_1_fe_set_voltage] arg voltage is 0x0b
09-18 17:36:23.772 I/kernel  (  863): [  251.033466][A8303-1_Driver] i2c_transfer msg[0] addr:0x08, len:2, flags:0
09-18 17:36:23.772 I/kernel  (  863): [  251.033476][A8303-1_Driver] i2c_transfer msg[0] buf[0]:0x00
09-18 17:36:23.772 I/kernel  (  863): [  251.033479][A8303-1_Driver] i2c_transfer msg[0] buf[1]:0x0b
09-18 17:36:23.773 E/kernel  ( 6969): [  251.033935]mediatek,dvb-adapter mtk-dvb-adapter: dvb_frontend_thread: !!!!!!DVB_FE_NORMAL_EXIT
09-18 17:36:23.773 I/kernel  ( 6969): [  251.033950]mtk_cfm: [cfm_sleep][1094]
09-18 17:36:23.773 I/kernel  (  863): [  251.034017][A8303-1_Driver] [memorize_voltage] main_voltage = 5
09-18 17:36:23.772 D/WifiNl80211Manager(  733): get 288 scan results from wificond
09-18 17:36:23.772 W/IE_Capabilities(  733): Unknown RSN cipher suite: 6ac0f00
09-18 17:36:23.773 W/IE_Capabilities(  733): Unknown RSN cipher suite: 6ac0f00
09-18 17:36:23.777 D/VCodecVencImpl(  607): [L 572][MtkVencSetConfig]
09-18 17:36:23.779 W/IE_Capabilities(  733): Unknown RSN cipher suite: 6ac0f00
09-18 17:36:23.779 W/IE_Capabilities(  733): Unknown RSN cipher suite: 6ac0f00
09-18 17:36:23.781 I/kernel  ( 6265): [  251.042520][MTK_V4L2] level=0 vidioc_venc_qbuf(),1318: [4] id=0 getdata FB(2088960,2) vb=000000000c42c7f0 pts=0
09-18 17:36:23.781 D/android.hardware.media.c2@1.1-mediatek(  607): [import_mtk_dtv_native_buffer(): 717] mst buffer is secure: 0
09-18 17:36:23.781 D/android.hardware.media.c2@1.1-mediatek(  607): [import_mtk_dtv_native_buffer(): 717] mst buffer is secure: 0
09-18 17:36:23.785 I/kernel  ( 2513): [  251.046451][A8303-1_Driver] addr:0x08,  i2c status:0x0a from 0x1b
09-18 17:36:23.782 W/IE_Capabilities(  733): Unknown RSN cipher suite: 6ac0f00
09-18 17:36:23.784 W/IE_Capabilities(  733): Unknown RSN cipher suite: 6ac0f00
09-18 17:36:23.784 W/IE_Capabilities(  733): Unknown RSN cipher suite: 6ac0f00
09-18 17:36:23.785 D/VCodecVenc(  607): [L 324][EnqueInputBuffer]
09-18 17:36:23.788 W/IE_Capabilities(  733): Unknown RSN cipher suite: 6ac0f00
09-18 17:36:23.789 W/IE_Capabilities(  733): Unknown RSN cipher suite: 6ac0f00
09-18 17:36:23.789 W/IE_Capabilities(  733): Unknown RSN cipher suite: 6ac0f00
09-18 17:36:23.789 W/IE_Capabilities(  733): Unknown RSN cipher suite: 6ac0f00
09-18 17:36:23.791 W/IE_Capabilities(  733): Unknown RSN cipher suite: 6ac0f00
09-18 17:36:23.794 W/IE_Capabilities(  733): Unknown RSN cipher suite: 6ac0f00
09-18 17:36:23.800 W/IE_Capabilities(  733): Unknown RSN cipher suite: 6ac0f00
09-18 17:36:23.801 W/IE_Capabilities(  733): Unknown RSN cipher suite: 6ac0f00
09-18 17:36:23.810 D/VCodecVencImpl(  607): [L 572][MtkVencSetConfig]
09-18 17:36:23.810 D/android.hardware.media.c2@1.1-mediatek(  607): [import_mtk_dtv_native_buffer(): 717] mst buffer is secure: 0
09-18 17:36:23.811 W/IE_Capabilities(  733): Unknown RSN cipher suite: 6ac0f00
09-18 17:36:23.812 D/android.hardware.media.c2@1.1-mediatek(  607): [import_mtk_dtv_native_buffer(): 717] mst buffer is secure: 0
09-18 17:36:23.815 I/kernel  ( 6265): [  251.076289][MTK_V4L2] level=0 vidioc_venc_qbuf(),1318: [4] id=0 getdata FB(2088960,2) vb=000000000c42c7f0 pts=0
09-18 17:36:23.818 D/VCodecVenc(  607): [L 324][EnqueInputBuffer]
09-18 17:36:23.820 V/mtktv.frontend(  636): [close:2683]: REMOVE DELAY in Frontend::close() to chk mutex work or not when open)
09-18 17:36:23.825 E/kernel  ( 6971): [  251.086215]mediatek,dvb-adapter mtk-dvb-adapter: dvb_frontend_thread: !!!!!!DVB_FE_NORMAL_EXIT
09-18 17:36:23.825 I/kernel  ( 6971): [  251.086231]mtk_cfm: [cfm_sleep][1094]
09-18 17:36:23.822 W/IE_Capabilities(  733): Unknown RSN cipher suite: 6ac0f00
09-18 17:36:23.822 V/mtktv.frontend(  636): [close:2632]: @@@@@@@@@@@@Frontend_close
09-18 17:36:23.822 I/JpTis_TsSatelliteStreamSiAccumulatingRequest@9( 2016): tryNext
09-18 17:36:23.822 I/JpTis_TsSatelliteStreamSiAccumulatingRequest@9( 2016): process next.
09-18 17:36:23.822 W/IE_Capabilities(  733): Unknown RSN cipher suite: 6ac0f00
09-18 17:36:23.824 W/IE_Capabilities(  733): Unknown RSN cipher suite: 6ac0f00
09-18 17:36:23.826 I/JpTis_TsSatelliteEitSchSegmentTableContainerFactory@9( 2016): create EitSchBasicActual container. networkId:4, serviceId:242, serviceType:AribServiceType(serviceTypeValue=0x01), basicSegments:64, criteriaSegments:64, timeout:PT3M19S
09-18 17:36:23.827 I/JpTis_TsSatelliteEitSchSegmentTableContainerFactory@9( 2016): create EitSchExtended container. networkId:4, serviceId:242, serviceType:AribServiceType(serviceTypeValue=0x01), basicSegments:64, criteriaSegments:64, timeout:PT3M19S
09-18 17:36:23.830 I/JpTis_IsdbSFrontendTuneImpl@9( 2016): startTuning: frontendSettings: frequency:1394720000, streamId:0x4731, streamIdType:0x00, modulation:1, codeRate:1, symbolRate:0, rollOff:0
09-18 17:36:23.830 D/MediaTvTuner( 2016): Tune to 1394720000
09-18 17:36:23.832 D/WifiNative(  733): get 288 scan results from wificond
09-18 17:36:23.832 D/WificondScannerImpl(  733): Filtering out 83 scan results.
09-18 17:36:23.841 D/VCodecVencImpl(  607): [L 572][MtkVencSetConfig]
09-18 17:36:23.842 D/android.hardware.media.c2@1.1-mediatek(  607): [import_mtk_dtv_native_buffer(): 717] mst buffer is secure: 0
09-18 17:36:23.842 D/android.hardware.media.c2@1.1-mediatek(  607): [import_mtk_dtv_native_buffer(): 717] mst buffer is secure: 0
09-18 17:36:23.846 I/kernel  ( 6265): [  251.107434][MTK_V4L2] level=0 vidioc_venc_qbuf(),1318: [4] id=0 getdata FB(2088960,2) vb=000000000c42c7f0 pts=0
09-18 17:36:23.850 D/VCodecVenc(  607): [L 324][EnqueInputBuffer]
09-18 17:36:23.872 V/mtktv.frontend(  636): [close:2683]: REMOVE DELAY in Frontend::close() to chk mutex work or not when open)
09-18 17:36:23.873 D/VCodecVencImpl(  607): [L 572][MtkVencSetConfig]
09-18 17:36:23.873 D/android.hardware.media.c2@1.1-mediatek(  607): [import_mtk_dtv_native_buffer(): 717] mst buffer is secure: 0
09-18 17:36:23.874 D/android.hardware.media.c2@1.1-mediatek(  607): [import_mtk_dtv_native_buffer(): 717] mst buffer is secure: 0
09-18 17:36:23.878 I/kernel  ( 6265): [  251.138887][MTK_V4L2] level=0 vidioc_venc_qbuf(),1318: [4] id=0 getdata FB(2088960,2) vb=000000000c42c7f0 pts=0
09-18 17:36:23.883 E/kernel  ( 6974): [  251.144014]mediatek,dvb-adapter mtk-dvb-adapter: dvb_frontend_thread: !!!!!!DVB_FE_NORMAL_EXIT
09-18 17:36:23.883 I/kernel  ( 6974): [  251.144039]mtk_cfm: [cfm_sleep][1094]
09-18 17:36:23.878 V/mtktv.frontend(  636): [close:2632]: @@@@@@@@@@@@Frontend_close
09-18 17:36:23.879 I/JpTis_IsdbS3FrontendTuneImpl@11( 2016): LnbStatusCallbackImpl:onLnbStatusChanged from:LnbStatus(voltageOn=false, status=Off) to:LnbStatus(voltageOn=false, status=Pending) lnbPowerStatus:Pending
09-18 17:36:23.879 I/JpTis_IsdbS3FrontendTuneImpl@11( 2016): onLnbStatusChanged() is invalid
09-18 17:36:23.880 I/JpTis_MmtSatelliteStreamSiAccumulatingRequest@11( 2016): tryNext
09-18 17:36:23.880 I/JpTis_MmtSatelliteStreamSiAccumulatingRequest@11( 2016): process next.
09-18 17:36:23.882 D/VCodecVenc(  607): [L 324][EnqueInputBuffer]
09-18 17:36:23.883 I/JpTis_MmtSatelliteEitSchSegmentTableContainerFactory@11( 2016): create EitSchBasicActual container. networkId:11, serviceId:141, serviceType:AribServiceType(serviceTypeValue=0x01), basicSegments:64, criteriaSegments:64, timeout:PT12S
09-18 17:36:23.884 I/JpTis_MmtSatelliteEitSchSegmentTableContainerFactory@11( 2016): create EitSchExtended container. networkId:11, serviceId:141, serviceType:AribServiceType(serviceTypeValue=0x01), basicSegments:64, criteriaSegments:64, timeout:PT1M7S
09-18 17:36:23.887 I/JpTis_IsdbS3FrontendTuneImpl@11( 2016): startTuning: frontendSettings: frequency:1164560000, streamId:0xb072, streamIdType:0x00, modulation:1, codeRate:1, symbolRate:0, rollOff:0
09-18 17:36:23.887 D/MediaTvTuner( 2016): Tune to 1164560000
09-18 17:36:23.905 D/VCodecVencImpl(  607): [L 572][MtkVencSetConfig]
09-18 17:36:23.905 D/android.hardware.media.c2@1.1-mediatek(  607): [import_mtk_dtv_native_buffer(): 717] mst buffer is secure: 0
09-18 17:36:23.910 I/kernel  ( 6265): [  251.171396][MTK_V4L2] level=0 vidioc_venc_qbuf(),1318: [4] id=0 getdata FB(2088960,2) vb=000000000c42c7f0 pts=0
09-18 17:36:23.909 D/android.hardware.media.c2@1.1-mediatek(  607): [import_mtk_dtv_native_buffer(): 717] mst buffer is secure: 0
09-18 17:36:23.915 D/VCodecVenc(  607): [L 324][EnqueInputBuffer]
09-18 17:36:23.929 V/mtktv.frontend(  636): [close:2683]: REMOVE DELAY in Frontend::close() to chk mutex work or not when open)
09-18 17:36:23.941 I/kernel  ( 6265): [  251.202006][MTK_V4L2] level=0 vidioc_venc_qbuf(),1318: [4] id=0 getdata FB(2088960,2) vb=000000000c42c7f0 pts=0
09-18 17:36:23.936 I/JpTis_IsdbS3FrontendTuneImpl@12( 2016): LnbStatusCallbackImpl:onLnbStatusChanged from:LnbStatus(voltageOn=false, status=Off) to:LnbStatus(voltageOn=false, status=Pending) lnbPowerStatus:Pending
09-18 17:36:23.936 D/android.hardware.media.c2@1.1-mediatek(  607): [import_mtk_dtv_native_buffer(): 717] mst buffer is secure: 0
09-18 17:36:23.936 I/JpTis_IsdbS3FrontendTuneImpl@12( 2016): onLnbStatusChanged() is invalid
09-18 17:36:23.936 D/VCodecVencImpl(  607): [L 572][MtkVencSetConfig]
09-18 17:36:23.936 D/android.hardware.media.c2@1.1-mediatek(  607): [import_mtk_dtv_native_buffer(): 717] mst buffer is secure: 0
09-18 17:36:23.938 D/MediaTvTuner( 2016): Requesting frontend: clientId = 12, frontendType = 7
09-18 17:36:23.938 I/JpTis_MmtSatelliteStreamSiAccumulatingRequest@12( 2016): tryNext
09-18 17:36:23.938 I/JpTis_MmtSatelliteStreamSiAccumulatingRequest@12( 2016): process next.
09-18 17:36:23.939 I/system_server(  733): Background young concurrent copying GC freed 90015(2805KB) AllocSpace objects, 0(0B) LOS objects, 2% free, 53MB/55MB, paused 4.610ms,257us total 116.307ms
09-18 17:36:23.940 I/JpTis_MmtSatelliteEitSchSegmentTableContainerFactory@12( 2016): create EitSchBasicActual container. networkId:12, serviceId:823, serviceType:AribServiceType(serviceTypeValue=0x01), basicSegments:64, criteriaSegments:64, timeout:PT12S
09-18 17:36:23.941 D/VCodecVenc(  607): [L 324][EnqueInputBuffer]
09-18 17:36:23.943 I/JpTis_MmtSatelliteEitSchSegmentTableContainerFactory@12( 2016): create EitSchBasicActual container. networkId:12, serviceId:824, serviceType:AribServiceType(serviceTypeValue=0x01), basicSegments:64, criteriaSegments:64, timeout:PT12S
09-18 17:36:23.944 E/<MI3>   (  636): <ERR>MI_TUNER_GetAttr[13152]: pOutputParams is NULL
09-18 17:36:23.944 V/mtktv.frontend(  636): [open:2541]: @@@@@@@@@@@@Frontend_open
09-18 17:36:23.944 I/JpTis_MmtSatelliteEitSchSegmentTableContainerFactory@12( 2016): create EitSchExtended container. networkId:12, serviceId:823, serviceType:AribServiceType(serviceTypeValue=0x01), basicSegments:64, criteriaSegments:64, timeout:PT1M7S
09-18 17:36:23.944 I/JpTis_MmtSatelliteEitSchSegmentTableContainerFactory@12( 2016): create EitSchExtended container. networkId:12, serviceId:824, serviceType:AribServiceType(serviceTypeValue=0x01), basicSegments:64, criteriaSegments:64, timeout:PT1M7S
09-18 17:36:23.951 I/JpTis_IsdbS3FrontendTuneImpl@12( 2016): startTuning: frontendSettings: frequency:2966000000, streamId:0xc0b0, streamIdType:0x00, modulation:1, codeRate:1, symbolRate:0, rollOff:0
09-18 17:36:23.952 D/MediaTvTuner( 2016): Tune to 2966000000
09-18 17:36:23.955 I/kernel  ( 6986): [  251.215888]mtk_cfm: [cfm_init][600]
09-18 17:36:23.955 I/kernel  ( 6986): [  251.215903]mtk_cfm: [_confirm_which_tuner_use][299]
09-18 17:36:23.955 I/kernel  ( 6986): [  251.215907]mtk_cfm: [_convert_array_to_u16][282], testValue.element[i = 0] = [0x1], value = [0x2]
09-18 17:36:23.955 I/kernel  ( 6986): [  251.215911]mtk_cfm: [_convert_array_to_u16][282], testValue.element[i = 1] = [0x2], value = [0x6]
09-18 17:36:23.955 I/kernel  ( 6986): [  251.215915]mtk_cfm: [_convert_array_to_u16][282], testValue.element[i = 2] = [0x3], value = [0xe]
09-18 17:36:23.955 I/kernel  ( 6986): [  251.215918]mtk_cfm: [_convert_array_to_u16][282], testValue.element[i = 3] = [0x5], value = [0x2e]
09-18 17:36:23.955 I/kernel  ( 6986): [  251.215921]mtk_cfm: [_convert_array_to_u16][282], testValue.element[i = 4] = [0x6], value = [0x6e]
09-18 17:36:23.955 I/kernel  ( 6986): [  251.215924]mtk_cfm: [_convert_array_to_u16][282], testValue.element[i = 5] = [0x8], value = [0x16e]
09-18 17:36:23.955 I/kernel  ( 6986): [  251.215927]mtk_cfm: [_convert_array_to_u16][282], testValue.element[i = 6] = [0x9], value = [0x36e]
09-18 17:36:23.955 I/kernel  ( 6986): [  251.215930]mtk_cfm: [_convert_array_to_u16][282], testValue.element[i = 7] = [0xa], value = [0x76e]
09-18 17:36:23.955 I/kernel  ( 6986): [  251.215933]mtk_cfm: [_convert_array_to_u16][282], testValue.element[i = 8] = [0xb], value = [0xf6e]
09-18 17:36:23.955 I/kernel  ( 6986): [  251.215936]mtk_cfm: [_convert_array_to_u16][282], testValue.element[i = 9] = [0xd], value = [0x2f6e]
09-18 17:36:23.955 I/kernel  ( 6986): [  251.215939]mtk_cfm: [_convert_array_to_u16][282], testValue.element[i = 10] = [0x10], value = [0x12f6e]
09-18 17:36:23.955 I/kernel  ( 6986): [  251.215943]mtk_cfm: [_convert_array_to_u16][282], testValue.element[i = 11] = [0x12], value = [0x52f6e]
09-18 17:36:23.955 I/kernel  ( 6986): [  251.215946]mtk_cfm: [_convert_array_to_u16][282], testValue.element[i = 12] = [0x14], value = [0x152f6e]
09-18 17:36:23.955 I/kernel  ( 6986): [  251.215949]mtk_cfm: [_convert_array_to_u16][282], testValue.element[i = 13] = [0x15], value = [0x352f6e]
09-18 17:36:23.955 I/kernel  ( 6986): [  251.215952]mtk_cfm: [_convert_array_to_u16][282], testValue.element[i = 14] = [0x13], value = [0x3d2f6e]
09-18 17:36:23.955 I/kernel  ( 6986): [  251.215955]mtk_cfm: [_confirm_which_tuner_use][322], board_del_sys_capability = [0x3d2f6e]
09-18 17:36:23.955 I/kernel  ( 6986): [  251.215958]mtk_cfm: [_confirm_which_tuner_use][327], act_del_sys_capability = [0x3d2f6e]
09-18 17:36:23.955 I/kernel  ( 6986): [  251.215960]mtk_cfm: [_confirm_which_tuner_use][333], Correct to selected tuner index = [0]
09-18 17:36:23.955 I/kernel  ( 6986): [  251.215963]mtk_cfm: [_confirm_which_demod_use][368]
09-18 17:36:23.967 D/VCodecVencImpl(  607): [L 572][MtkVencSetConfig]
09-18 17:36:23.967 D/android.hardware.media.c2@1.1-mediatek(  607): [import_mtk_dtv_native_buffer(): 717] mst buffer is secure: 0
09-18 17:36:23.969 D/android.hardware.media.c2@1.1-mediatek(  607): [import_mtk_dtv_native_buffer(): 717] mst buffer is secure: 0
09-18 17:36:23.971 I/kernel  ( 6265): [  251.232500][MTK_V4L2] level=0 vidioc_venc_qbuf(),1318: [4] id=0 getdata FB(2088960,2) vb=000000000c42c7f0 pts=0
09-18 17:36:23.972 D/VCodecVenc(  607): [L 324][EnqueInputBuffer]
09-18 17:36:23.998 D/VCodecVencImpl(  607): [L 572][MtkVencSetConfig]
09-18 17:36:23.998 D/android.hardware.media.c2@1.1-mediatek(  607): [import_mtk_dtv_native_buffer(): 717] mst buffer is secure: 0
09-18 17:36:23.999 D/android.hardware.media.c2@1.1-mediatek(  607): [import_mtk_dtv_native_buffer(): 717] mst buffer is secure: 0
09-18 17:36:24.001 I/kernel  (  636): [  251.262182]mtk_cfm: [cfm_set_lna][725] lna 1
09-18 17:36:24.003 I/kernel  ( 6265): [  251.264312][MTK_V4L2] level=0 vidioc_venc_qbuf(),1318: [4] id=0 getdata FB(2088960,2) vb=000000000c42c7f0 pts=0
09-18 17:36:24.002 D/MediaTvTuner( 2016): Write Stats Log for tuning.
09-18 17:36:24.002 D/MediaTvTuner( 2016): Requesting frontend: clientId = 14, frontendType = 8
09-18 17:36:24.004 D/VCodecVenc(  607): [L 324][EnqueInputBuffer]
09-18 17:36:24.009 W/kernel  (  636): [  251.269761]mediatek,dvb-adapter mtk-dvb-adapter: DVB: adapter 0 frontend 0 frequency limits undefined - fix the driver
09-18 17:36:24.009 I/kernel  (  636): [  251.269780]mtk_cfm: [cfm_get_tune_settings][1149]
09-18 17:36:24.009 I/kernel  ( 6986): [  251.270115]mtk_cfm: [cfm_get_frontend_algo][1070]
09-18 17:36:24.009 I/kernel  ( 6986): [  251.270128]mtk_cfm: [cfm_tune][777]Start: re_tune = 1
09-18 17:36:24.009 I/kernel  ( 6986): [  251.270132]mtk_cfm: [_confirm_which_tuner_use][299]
09-18 17:36:24.009 I/kernel  ( 6986): [  251.270135]mtk_cfm: [_convert_array_to_u16][282], testValue.element[i = 0] = [0x1], value = [0x2]
09-18 17:36:24.009 I/kernel  ( 6986): [  251.270139]mtk_cfm: [_convert_array_to_u16][282], testValue.element[i = 1] = [0x2], value = [0x6]
09-18 17:36:24.013 E/<MI3>   (  636): <ERR>MI_TUNER_GetAttr[13152]: pOutputParams is NULL
09-18 17:36:24.013 V/mtktv.frontend(  636): [open:2541]: @@@@@@@@@@@@Frontend_open
09-18 17:36:24.009 I/kernel  ( 6986): [  251.270142]mtk_cfm: [_convert_array_to_u16][282], testValue.element[i = 2] = [0x3], value = [0xe]
09-18 17:36:24.009 I/kernel  ( 6986): [  251.270145]mtk_cfm: [_convert_array_to_u16][282], testValue.element[i = 3] = [0x5], value = [0x2e]
09-18 17:36:24.009 I/kernel  ( 6986): [  251.270148]mtk_cfm: [_convert_array_to_u16][282], testValue.element[i = 4] = [0x6], value = [0x6e]
09-18 17:36:24.009 I/kernel  ( 6986): [  251.270152]mtk_cfm: [_convert_array_to_u16][282], testValue.element[i = 5] = [0x8], value = [0x16e]
09-18 17:36:24.009 I/kernel  ( 6986): [  251.270154]mtk_cfm: [_convert_array_to_u16][282], testValue.element[i = 6] = [0x9], value = [0x36e]
09-18 17:36:24.009 I/kernel  ( 6986): [  251.270158]mtk_cfm: [_convert_array_to_u16][282], testValue.element[i = 7] = [0xa], value = [0x76e]
09-18 17:36:24.009 I/kernel  ( 6986): [  251.270161]mtk_cfm: [_convert_array_to_u16][282], testValue.element[i = 8] = [0xb], value = [0xf6e]
09-18 17:36:24.009 I/kernel  ( 6986): [  251.270164]mtk_cfm: [_convert_array_to_u16][282], testValue.element[i = 9] = [0xd], value = [0x2f6e]
09-18 17:36:24.009 I/kernel  ( 6986): [  251.270167]mtk_cfm: [_convert_array_to_u16][282], testValue.element[i = 10] = [0x10], value = [0x12f6e]
09-18 17:36:24.009 I/kernel  ( 6986): [  251.270170]mtk_cfm: [_convert_array_to_u16][282], testValue.element[i = 11] = [0x12], value = [0x52f6e]
09-18 17:36:24.009 I/kernel  ( 6986): [  251.270174]mtk_cfm: [_convert_array_to_u16][282], testValue.element[i = 12] = [0x14], value = [0x152f6e]
09-18 17:36:24.009 I/kernel  ( 6986): [  251.270177]mtk_cfm: [_convert_array_to_u16][282], testValue.element[i = 13] = [0x15], value = [0x352f6e]
09-18 17:36:24.009 I/kernel  ( 6986): [  251.270180]mtk_cfm: [_convert_array_to_u16][282], testValue.element[i = 14] = [0x13], value = [0x3d2f6e]
09-18 17:36:24.009 I/kernel  ( 6986): [  251.270183]mtk_cfm: [_confirm_which_tuner_use][322], board_del_sys_capability = [0x3d2f6e]
09-18 17:36:24.009 I/kernel  ( 6986): [  251.270186]mtk_cfm: [_confirm_which_tuner_use][327], act_del_sys_capability = [0x3d2f6e]
09-18 17:36:24.009 I/kernel  ( 6986): [  251.270188]mtk_cfm: [_confirm_which_tuner_use][333], Correct to selected tuner index = [0]
09-18 17:36:24.009 I/kernel  ( 6986): [  251.270192]mtk_cfm: [cfm_tune][790],	tuner_idx_use = [0]
09-18 17:36:24.009 I/kernel  ( 6986): [  251.270194]mtk_cfm: [_confirm_which_demod_use][368]
09-18 17:36:24.009 I/kernel  ( 6986): [  251.270197]mtk_cfm: [cfm_tune][799], dmd_idx_use = [0]
09-18 17:36:24.009 I/kernel  ( 6986): [  251.270199]mtk_cfm: [_check_and_do_frontend_init][548]
09-18 17:36:24.009 I/kernel  ( 6986): [  251.270201]mtk_cfm: [_check_and_do_tuner_init][467]
09-18 17:36:24.022 I/kernel  ( 6988): [  251.283348]mtk_cfm: [cfm_init][600]
09-18 17:36:24.023 I/kernel  ( 6988): [  251.284498]mtk_cfm: [_confirm_which_tuner_use][299]
09-18 17:36:24.023 I/kernel  ( 6988): [  251.284510]mtk_cfm: [_convert_array_to_u16][282], testValue.element[i = 0] = [0x1], value = [0x2]
09-18 17:36:24.023 I/kernel  ( 6988): [  251.284515]mtk_cfm: [_convert_array_to_u16][282], testValue.element[i = 1] = [0x2], value = [0x6]
09-18 17:36:24.023 I/kernel  ( 6988): [  251.284518]mtk_cfm: [_convert_array_to_u16][282], testValue.element[i = 2] = [0x3], value = [0xe]
09-18 17:36:24.023 I/kernel  ( 6988): [  251.284521]mtk_cfm: [_convert_array_to_u16][282], testValue.element[i = 3] = [0x5], value = [0x2e]
09-18 17:36:24.023 I/kernel  ( 6988): [  251.284524]mtk_cfm: [_convert_array_to_u16][282], testValue.element[i = 4] = [0x6], value = [0x6e]
09-18 17:36:24.023 I/kernel  ( 6988): [  251.284528]mtk_cfm: [_convert_array_to_u16][282], testValue.element[i = 5] = [0x8], value = [0x16e]
09-18 17:36:24.023 I/kernel  ( 6988): [  251.284531]mtk_cfm: [_convert_array_to_u16][282], testValue.element[i = 6] = [0x9], value = [0x36e]
09-18 17:36:24.023 I/kernel  ( 6988): [  251.284533]mtk_cfm: [_convert_array_to_u16][282], testValue.element[i = 7] = [0xa], value = [0x76e]
09-18 17:36:24.023 I/kernel  ( 6988): [  251.284536]mtk_cfm: [_convert_array_to_u16][282], testValue.element[i = 8] = [0xb], value = [0xf6e]
09-18 17:36:24.023 I/kernel  ( 6988): [  251.284539]mtk_cfm: [_convert_array_to_u16][282], testValue.element[i = 9] = [0xd], value = [0x2f6e]
09-18 17:36:24.023 I/kernel  ( 6988): [  251.284542]mtk_cfm: [_convert_array_to_u16][282], testValue.element[i = 10] = [0x10], value = [0x12f6e]
09-18 17:36:24.023 I/kernel  ( 6988): [  251.284546]mtk_cfm: [_convert_array_to_u16][282], testValue.element[i = 11] = [0x12], value = [0x52f6e]
09-18 17:36:24.023 I/kernel  ( 6988): [  251.284549]mtk_cfm: [_convert_array_to_u16][282], testValue.element[i = 12] = [0x14], value = [0x152f6e]
09-18 17:36:24.023 I/kernel  ( 6988): [  251.284552]mtk_cfm: [_convert_array_to_u16][282], testValue.element[i = 13] = [0x15], value = [0x352f6e]
09-18 17:36:24.023 I/kernel  ( 6988): [  251.284555]mtk_cfm: [_convert_array_to_u16][282], testValue.element[i = 14] = [0x13], value = [0x3d2f6e]
09-18 17:36:24.023 I/kernel  ( 6988): [  251.284558]mtk_cfm: [_confirm_which_tuner_use][322], board_del_sys_capability = [0x3d2f6e]
09-18 17:36:24.023 I/kernel  ( 6988): [  251.284560]mtk_cfm: [_confirm_which_tuner_use][327], act_del_sys_capability = [0x3d2f6e]
09-18 17:36:24.023 I/kernel  ( 6988): [  251.284563]mtk_cfm: [_confirm_which_tuner_use][333], Correct to selected tuner index = [0]
09-18 17:36:24.023 I/kernel  ( 6988): [  251.284566]mtk_cfm: [_confirm_which_demod_use][368]
09-18 17:36:24.024 I/kernel  (  863): [  251.285138][A8303-1_Driver] [dish_a8303_1_fe_set_voltage] arg voltage is 0x00
09-18 17:36:24.024 I/kernel  (  863): [  251.285657][A8303-1_Driver] i2c_transfer msg[0] addr:0x08, len:2, flags:0
09-18 17:36:24.025 I/kernel  (  863): [  251.285668][A8303-1_Driver] i2c_transfer msg[0] buf[0]:0x00
09-18 17:36:24.025 I/kernel  (  863): [  251.285671][A8303-1_Driver] i2c_transfer msg[0] buf[1]:0x00
09-18 17:36:24.025 I/kernel  (  863): [  251.285943][A8303-1_Driver] [memorize_voltage] main_voltage = 2
09-18 17:36:24.025 I/kernel  (  863): [  251.286444][A8303-1_Driver] [dish_a8303_1_fe_set_voltage] arg voltage is 0x0b
09-18 17:36:24.026 I/kernel  (  863): [  251.286812][A8303-1_Driver] addr:0x08,  i2c status:0x1b from 0x0a
09-18 17:36:24.026 I/kernel  (  863): [  251.286820][A8303-1_Driver] i2c_transfer msg[0] addr:0x08, len:2, flags:0
09-18 17:36:24.026 I/kernel  (  863): [  251.286824][A8303-1_Driver] i2c_transfer msg[0] buf[0]:0x00
09-18 17:36:24.026 I/kernel  (  863): [  251.286827][A8303-1_Driver] i2c_transfer msg[0] buf[1]:0x0b
09-18 17:36:24.026 I/kernel  (  863): [  251.287051][A8303-1_Driver] [memorize_voltage] main_voltage = 5
09-18 17:36:24.028 I/kernel  ( 2513): [  251.289433][A8303-1_Driver] addr:0x08,  i2c status:0x0a from 0x1b
09-18 17:36:24.030 D/android.hardware.media.c2@1.1-mediatek(  607): [import_mtk_dtv_native_buffer(): 717] mst buffer is secure: 0
09-18 17:36:24.031 D/VCodecVencImpl(  607): [L 572][MtkVencSetConfig]
09-18 17:36:24.032 D/android.hardware.media.c2@1.1-mediatek(  607): [import_mtk_dtv_native_buffer(): 717] mst buffer is secure: 0
09-18 17:36:24.036 I/kernel  ( 6265): [  251.297089][MTK_V4L2] level=0 vidioc_venc_qbuf(),1318: [4] id=0 getdata FB(2088960,2) vb=000000000c42c7f0 pts=0
09-18 17:36:24.036 I/kernel  ( 6986): [  251.297529]mtk_cfm: [_check_and_do_demod_init][417]
09-18 17:36:24.036 D/VCodecVenc(  607): [L 324][EnqueInputBuffer]
09-18 17:36:24.060 I/kernel  ( 6986): [  251.320978]cxd_tnr: [cxd_tnr_set_params][372] broadcastType:9 freq:1394720 bandwidth_hz:0 tvsystem:0
09-18 17:36:24.060 I/kernel  ( 6986): [  251.321266]cxd_tnr: :----------------------     TUNE (Tuner)      -------------------
09-18 17:36:24.060 I/kernel  ( 6986): [  251.321269]cxd_tnr: :                      | dtvSystem           | (sat)
09-18 17:36:24.060 I/kernel  ( 6986): [  251.321272]cxd_tnr: :                      | frequency           | 1394720 kHz
09-18 17:36:24.060 I/kernel  ( 6986): [  251.321274]cxd_tnr: :                      | symbol rate         | 0 ksps
09-18 17:36:24.063 D/VCodecVencImpl(  607): [L 572][MtkVencSetConfig]
09-18 17:36:24.063 D/android.hardware.media.c2@1.1-mediatek(  607): [import_mtk_dtv_native_buffer(): 717] mst buffer is secure: 0
09-18 17:36:24.064 D/android.hardware.media.c2@1.1-mediatek(  607): [import_mtk_dtv_native_buffer(): 717] mst buffer is secure: 0
09-18 17:36:24.068 I/kernel  ( 6265): [  251.328869][MTK_V4L2] level=0 vidioc_venc_qbuf(),1318: [4] id=0 getdata FB(2088960,2) vb=000000000c42c7f0 pts=0
09-18 17:36:24.068 D/VCodecVenc(  607): [L 324][EnqueInputBuffer]
09-18 17:36:24.077 I/kernel  (  636): [  251.338538]mtk_cfm: [cfm_set_lna][725] lna 1
09-18 17:36:24.079 D/MediaTvTuner( 2016): Requesting frontend: clientId = 15, frontendType = 8
09-18 17:36:24.082 D/MediaTvTuner( 2016): Write Stats Log for tuning.
09-18 17:36:24.083 I/WifiScanningService(  733): singleScanResults: ClientInfo[uid=1000, package=com.android.tv.settings, com.android.server.wifi.scanner.WifiScannerInternal$ScanListener@c801ca7],results=205
09-18 17:36:24.083 I/WifiScanningService(  733): singleScanResults: ClientInfo[uid=1000, package=android, com.android.server.wifi.scanner.WifiScannerInternal$ScanListener@128a337],results=205
09-18 17:36:24.083 D/WifiScanRequestProxy(  733): Scan results received
09-18 17:36:24.083 D/WifiScanRequestProxy(  733): Received 205 scan results
09-18 17:36:24.083 I/WifiScanningService(  733): singleScanResults: ClientInfo[uid=1000, package=android, com.android.server.wifi.scanner.WifiScannerInternal$ScanListener@6841e0d],results=205
09-18 17:36:24.084 I/WifiScanningService(  733): singleScanResults: ClientInfo[uid=1000, package=android, com.android.server.wifi.scanner.WifiScannerInternal$ScanListener@f52f96b],results=205
09-18 17:36:24.084 I/WifiScanningService(  733): singleScanResults: ClientInfo[uid=10122, package=com.google.android.gms, android.net.wifi.IWifiScannerListener$Stub$Proxy@368ff3a],results=205
09-18 17:36:24.084 D/WifiHealthMonitor(  733):  2G scanResult count: 39, Above2g scanResult count: 166
09-18 17:36:24.085 I/ScanResultUtil####debug(  733): check createSecurityParamsBySecurityType
09-18 17:36:24.085 I/JpTis_IsdbS3FrontendTuneImpl@11( 2016): LnbStatusCallbackImpl:onLnbStatusChanged from:LnbStatus(voltageOn=false, status=Pending) to:LnbStatus(voltageOn=true, status=Pending) lnbPowerStatus:Pending
09-18 17:36:24.085 I/ScanResultUtil####debug(  733): call createSecurityParamsBySecurityType
09-18 17:36:24.085 I/JpTis_IsdbS3FrontendTuneImpl@11( 2016): onLnbStatusChanged() is invalid
09-18 17:36:24.085 I/SecurityParams####debug(  733): createWpa3PersonalParams
09-18 17:36:24.085 I/ScanResultUtil####debug(  733): check createSecurityParamsBySecurityType
09-18 17:36:24.085 I/ScanResultUtil####debug(  733): call createSecurityParamsBySecurityType
09-18 17:36:24.085 I/SecurityParams####debug(  733): createWpa3PersonalParams
09-18 17:36:24.085 I/ScanResultUtil####debug(  733): check createSecurityParamsBySecurityType
09-18 17:36:24.085 I/ScanResultUtil####debug(  733): call createSecurityParamsBySecurityType
09-18 17:36:24.085 I/SecurityParams####debug(  733): createWpa3PersonalParams
09-18 17:36:24.085 I/ScanResultUtil####debug(  733): check createSecurityParamsBySecurityType
09-18 17:36:24.085 I/ScanResultUtil####debug(  733): call createSecurityParamsBySecurityType
09-18 17:36:24.085 I/SecurityParams####debug(  733): createWpa3PersonalParams
09-18 17:36:24.085 V/WifiPickerTracker( 1493): Received broadcast: android.net.wifi.SCAN_RESULTS
09-18 17:36:24.085 I/ScanResultUtil####debug(  733): check createSecurityParamsBySecurityType
09-18 17:36:24.085 I/ScanResultUtil####debug(  733): call createSecurityParamsBySecurityType
09-18 17:36:24.085 I/SecurityParams####debug(  733): createWpa3PersonalParams
09-18 17:36:24.086 I/WifiService(  733): getWifiEnabledState uid=1000 state=3
09-18 17:36:24.086 I/ScanResultUtil####debug(  733): check createSecurityParamsBySecurityType
09-18 17:36:24.086 I/ScanResultUtil####debug(  733): call createSecurityParamsBySecurityType
09-18 17:36:24.086 I/SecurityParams####debug(  733): createWpa3PersonalParams
09-18 17:36:24.086 I/ScanResultUtil####debug(  733): check createSecurityParamsBySecurityType
09-18 17:36:24.086 I/ScanResultUtil####debug(  733): call createSecurityParamsBySecurityType
09-18 17:36:24.086 I/SecurityParams####debug(  733): createWpa3PersonalParams
09-18 17:36:24.086 I/ScanResultUtil####debug(  733): check createSecurityParamsBySecurityType
09-18 17:36:24.086 I/ScanResultUtil####debug(  733): call createSecurityParamsBySecurityType
09-18 17:36:24.086 I/SecurityParams####debug(  733): createWpa3PersonalParams
09-18 17:36:24.086 I/WifiService(  733): getScanResults uid=1000
09-18 17:36:24.086 I/ScanResultUtil####debug(  733): check createSecurityParamsBySecurityType
09-18 17:36:24.086 W/kernel  (  636): [  251.346990]mediatek,dvb-adapter mtk-dvb-adapter: DVB: adapter 0 frontend 1 frequency limits undefined - fix the driver
09-18 17:36:24.086 I/ScanResultUtil####debug(  733): call createSecurityParamsBySecurityType
09-18 17:36:24.086 I/SecurityParams####debug(  733): createWpa3PersonalParams
09-18 17:36:24.086 I/ScanResultUtil####debug(  733): check createSecurityParamsBySecurityType
09-18 17:36:24.086 I/ScanResultUtil####debug(  733): call createSecurityParamsBySecurityType
09-18 17:36:24.086 I/SecurityParams####debug(  733): createWpa3PersonalParams
09-18 17:36:24.086 I/ScanResultUtil####debug(  733): check createSecurityParamsBySecurityType
09-18 17:36:24.087 I/ScanResultUtil####debug(  733): call createSecurityParamsBySecurityType
09-18 17:36:24.087 I/SecurityParams####debug(  733): createWpa3PersonalParams
09-18 17:36:24.087 I/ScanResultUtil####debug(  733): check createSecurityParamsBySecurityType
09-18 17:36:24.087 I/ScanResultUtil####debug(  733): call createSecurityParamsBySecurityType
09-18 17:36:24.087 I/SecurityParams####debug(  733): createWpa3PersonalParams
09-18 17:36:24.087 I/ScanResultUtil####debug(  733): check createSecurityParamsBySecurityType
09-18 17:36:24.087 I/ScanResultUtil####debug(  733): call createSecurityParamsBySecurityType
09-18 17:36:24.087 I/SecurityParams####debug(  733): createWpa3PersonalParams
09-18 17:36:24.087 I/ScanResultUtil####debug(  733): check createSecurityParamsBySecurityType
09-18 17:36:24.087 I/ScanResultUtil####debug(  733): call createSecurityParamsBySecurityType
09-18 17:36:24.087 I/SecurityParams####debug(  733): createWpa3PersonalParams
09-18 17:36:24.087 I/ScanResultUtil####debug(  733): check createSecurityParamsBySecurityType
09-18 17:36:24.087 I/ScanResultUtil####debug(  733): check createSecurityParamsBySecurityType
09-18 17:36:24.087 I/ScanResultUtil####debug(  733): check createSecurityParamsBySecurityType
09-18 17:36:24.087 I/ScanResultUtil####debug(  733): call createSecurityParamsBySecurityType
09-18 17:36:24.087 I/SecurityParams####debug(  733): createWpa3PersonalParams
09-18 17:36:24.087 I/ScanResultUtil####debug(  733): check createSecurityParamsBySecurityType
09-18 17:36:24.087 I/ScanResultUtil####debug(  733): call createSecurityParamsBySecurityType
09-18 17:36:24.087 I/SecurityParams####debug(  733): createWpa3PersonalParams
09-18 17:36:24.087 I/ScanResultUtil####debug(  733): check createSecurityParamsBySecurityType
09-18 17:36:24.087 I/ScanResultUtil####debug(  733): call createSecurityParamsBySecurityType
09-18 17:36:24.088 I/SecurityParams####debug(  733): createWpa3PersonalParams
09-18 17:36:24.088 I/ScanResultUtil####debug(  733): check createSecurityParamsBySecurityType
09-18 17:36:24.088 I/ScanResultUtil####debug(  733): call createSecurityParamsBySecurityType
09-18 17:36:24.088 I/SecurityParams####debug(  733): createWpa3PersonalParams
09-18 17:36:24.088 I/ScanResultUtil####debug(  733): check createSecurityParamsBySecurityType
09-18 17:36:24.088 I/ScanResultUtil####debug(  733): call createSecurityParamsBySecurityType
09-18 17:36:24.088 I/SecurityParams####debug(  733): createWpa3PersonalParams
09-18 17:36:24.088 I/ScanResultUtil####debug(  733): check createSecurityParamsBySecurityType
09-18 17:36:24.088 I/ScanResultUtil####debug(  733): call createSecurityParamsBySecurityType
09-18 17:36:24.088 I/SecurityParams####debug(  733): createWpa3PersonalParams
09-18 17:36:24.088 V/WifiConfigManager(  733): getSavedNetworkFromScanResult Found "HyokaT-Buffalo-B_2.4GHz"WPA_PSK for HyokaT-Buffalo-B_2.4GHz[[WPA2-PSK-CCMP][RSN-PSK-CCMP][ESS][WPS]]
09-18 17:36:24.088 I/ScanResultUtil####debug(  733): check createSecurityParamsBySecurityType
09-18 17:36:24.088 I/ScanResultUtil####debug(  733): call createSecurityParamsBySecurityType
09-18 17:36:24.088 I/SecurityParams####debug(  733): createWpa3PersonalParams
09-18 17:36:24.088 I/ScanResultUtil####debug(  733): check createSecurityParamsBySecurityType
09-18 17:36:24.088 I/ScanResultUtil####debug(  733): call createSecurityParamsBySecurityType
09-18 17:36:24.088 I/SecurityParams####debug(  733): createWpa3PersonalParams
09-18 17:36:24.089 I/ScanResultUtil####debug(  733): check createSecurityParamsBySecurityType
09-18 17:36:24.089 I/ScanResultUtil####debug(  733): call createSecurityParamsBySecurityType
09-18 17:36:24.089 I/SecurityParams####debug(  733): createWpa3PersonalParams
09-18 17:36:24.089 E/<MI3>   (  636): <ERR>MI_TUNER_GetAttr[13152]: pOutputParams is NULL
09-18 17:36:24.089 I/ScanResultUtil####debug(  733): check createSecurityParamsBySecurityType
09-18 17:36:24.089 V/mtktv.frontend(  636): [open:2541]: @@@@@@@@@@@@Frontend_open
09-18 17:36:24.089 I/ScanResultUtil####debug(  733): call createSecurityParamsBySecurityType
09-18 17:36:24.089 I/SecurityParams####debug(  733): createWpa3PersonalParams
09-18 17:36:24.089 I/ScanResultUtil####debug(  733): check createSecurityParamsBySecurityType
09-18 17:36:24.089 I/ScanResultUtil####debug(  733): call createSecurityParamsBySecurityType
09-18 17:36:24.086 I/kernel  (  636): [  251.347007]mtk_cfm: [cfm_get_tune_settings][1149]
09-18 17:36:24.087 I/kernel  ( 6988): [  251.348303]mtk_cfm: [cfm_get_frontend_algo][1070]
09-18 17:36:24.087 I/kernel  ( 6988): [  251.348320]mtk_cfm: [cfm_tune][777]Start: re_tune = 1
09-18 17:36:24.087 I/kernel  ( 6988): [  251.348324]mtk_cfm: [_confirm_which_tuner_use][299]
09-18 17:36:24.087 I/kernel  ( 6988): [  251.348327]mtk_cfm: [_convert_array_to_u16][282], testValue.element[i = 0] = [0x1], value = [0x2]
09-18 17:36:24.087 I/kernel  ( 6988): [  251.348332]mtk_cfm: [_convert_array_to_u16][282], testValue.element[i = 1] = [0x2], value = [0x6]
09-18 17:36:24.087 I/kernel  ( 6988): [  251.348335]mtk_cfm: [_convert_array_to_u16][282], testValue.element[i = 2] = [0x3], value = [0xe]
09-18 17:36:24.087 I/kernel  ( 6988): [  251.348338]mtk_cfm: [_convert_array_to_u16][282], testValue.element[i = 3] = [0x5], value = [0x2e]
09-18 17:36:24.087 I/kernel  ( 6988): [  251.348341]mtk_cfm: [_convert_array_to_u16][282], testValue.element[i = 4] = [0x6], value = [0x6e]
09-18 17:36:24.087 I/kernel  ( 6988): [  251.348344]mtk_cfm: [_convert_array_to_u16][282], testValue.element[i = 5] = [0x8], value = [0x16e]
09-18 17:36:24.087 I/kernel  ( 6988): [  251.348347]mtk_cfm: [_convert_array_to_u16][282], testValue.element[i = 6] = [0x9], value = [0x36e]
09-18 17:36:24.087 I/kernel  ( 6988): [  251.348350]mtk_cfm: [_convert_array_to_u16][282], testValue.element[i = 7] = [0xa], value = [0x76e]
09-18 17:36:24.087 I/kernel  ( 6988): [  251.348353]mtk_cfm: [_convert_array_to_u16][282], testValue.element[i = 8] = [0xb], value = [0xf6e]
09-18 17:36:24.087 I/kernel  ( 6988): [  251.348356]mtk_cfm: [_convert_array_to_u16][282], testValue.element[i = 9] = [0xd], value = [0x2f6e]
09-18 17:36:24.087 I/kernel  ( 6988): [  251.348359]mtk_cfm: [_convert_array_to_u16][282], testValue.element[i = 10] = [0x10], value = [0x12f6e]
09-18 17:36:24.087 I/kernel  ( 6988): [  251.348363]mtk_cfm: [_convert_array_to_u16][282], testValue.element[i = 11] = [0x12], value = [0x52f6e]
09-18 17:36:24.087 I/kernel  ( 6988): [  251.348536]mtk_cfm: [_convert_array_to_u16][282], testValue.element[i = 12] = [0x14], value = [0x152f6e]
09-18 17:36:24.087 I/kernel  ( 6988): [  251.348542]mtk_cfm: [_convert_array_to_u16][282], testValue.element[i = 13] = [0x15], value = [0x352f6e]
09-18 17:36:24.087 I/kernel  ( 6988): [  251.348545]mtk_cfm: [_convert_array_to_u16][282], testValue.element[i = 14] = [0x13], value = [0x3d2f6e]
09-18 17:36:24.087 I/kernel  ( 6988): [  251.348549]mtk_cfm: [_confirm_which_tuner_use][322], board_del_sys_capability = [0x3d2f6e]
09-18 17:36:24.087 I/kernel  ( 6988): [  251.348552]mtk_cfm: [_confirm_which_tuner_use][327], act_del_sys_capability = [0x3d2f6e]
09-18 17:36:24.087 I/kernel  ( 6988): [  251.348555]mtk_cfm: [_confirm_which_tuner_use][333], Correct to selected tuner index = [0]
09-18 17:36:24.087 I/kernel  ( 6988): [  251.348558]mtk_cfm: [cfm_tune][790],	tuner_idx_use = [0]
09-18 17:36:24.087 I/kernel  ( 6988): [  251.348560]mtk_cfm: [_confirm_which_demod_use][368]
09-18 17:36:24.087 I/kernel  ( 6988): [  251.348563]mtk_cfm: [cfm_tune][799], dmd_idx_use = [0]
09-18 17:36:24.087 I/kernel  ( 6988): [  251.348566]mtk_cfm: [_check_and_do_frontend_init][548]
09-18 17:36:24.087 I/kernel  ( 6988): [  251.348568]mtk_cfm: [_check_and_do_tuner_init][467]
09-18 17:36:24.093 I/kernel  ( 6986): [  251.354343]cxd_tnr: Request Freq, 1394720 [kHz]; RSSI, -70510e-3 [dBm]; Symbol rate, 28859.9 [ksps];
09-18 17:36:24.093 I/kernel  ( 6990): [  251.354488]mtk_cfm: [cfm_init][600]
09-18 17:36:24.093 I/kernel  ( 6990): [  251.354494]mtk_cfm: [_confirm_which_tuner_use][299]
09-18 17:36:24.093 I/kernel  ( 6990): [  251.354498]mtk_cfm: [_convert_array_to_u16][282], testValue.element[i = 0] = [0x1], value = [0x2]
09-18 17:36:24.089 I/ScanResultUtil####debug(  733): check createSecurityParamsBySecurityType
09-18 17:36:24.089 I/ScanResultUtil####debug(  733): call createSecurityParamsBySecurityType
09-18 17:36:24.089 I/SecurityParams####debug(  733): createWpa3PersonalParams
09-18 17:36:24.089 I/ScanResultUtil####debug(  733): check createSecurityParamsBySecurityType
09-18 17:36:24.089 I/ScanResultUtil####debug(  733): call createSecurityParamsBySecurityType
09-18 17:36:24.089 I/SecurityParams####debug(  733): createWpa3PersonalParams
09-18 17:36:24.089 I/ScanResultUtil####debug(  733): check createSecurityParamsBySecurityType
09-18 17:36:24.089 I/ScanResultUtil####debug(  733): call createSecurityParamsBySecurityType
09-18 17:36:24.089 I/SecurityParams####debug(  733): createWpa3PersonalParams
09-18 17:36:24.089 I/ScanResultUtil####debug(  733): check createSecurityParamsBySecurityType
09-18 17:36:24.089 I/ScanResultUtil####debug(  733): call createSecurityParamsBySecurityType
09-18 17:36:24.089 I/SecurityParams####debug(  733): createWpa3PersonalParams
09-18 17:36:24.089 I/ScanResultUtil####debug(  733): check createSecurityParamsBySecurityType
09-18 17:36:24.090 I/ScanResultUtil####debug(  733): call createSecurityParamsBySecurityType
