09-18 17:36:50.088 I/ScanResultUtil####debug(  733): check createSecurityParamsBySecurityType
09-18 17:36:50.088 I/ScanResultUtil####debug(  733): call createSecurityParamsBySecurityType
09-18 17:36:50.089 I/SecurityParams####debug(  733): createWpa3PersonalParams
09-18 17:36:50.089 I/ScanResultUtil####debug(  733): check createSecurityParamsBySecurityType
09-18 17:36:50.089 I/ScanResultUtil####debug(  733): call createSecurityParamsBySecurityType
09-18 17:36:50.089 I/SecurityParams####debug(  733): createWpa3PersonalParams
09-18 17:36:50.089 I/ScanResultUtil####debug(  733): check createSecurityParamsBySecurityType
09-18 17:36:50.089 I/ScanResultUtil####debug(  733): call createSecurityParamsBySecurityType
09-18 17:36:50.089 I/SecurityParams####debug(  733): createWpa3PersonalParams
09-18 17:36:50.089 I/ScanResultUtil####debug(  733): check createSecurityParamsBySecurityType
09-18 17:36:50.089 I/ScanResultUtil####debug(  733): call createSecurityParamsBySecurityType
09-18 17:36:50.089 I/SecurityParams####debug(  733): createWpa3PersonalParams
09-18 17:36:50.089 I/ScanResultUtil####debug(  733): check createSecurityParamsBySecurityType
09-18 17:36:50.089 I/ScanResultUtil####debug(  733): call createSecurityParamsBySecurityType
09-18 17:36:50.089 I/SecurityParams####debug(  733): createWpa3PersonalParams
09-18 17:36:50.089 I/ScanResultUtil####debug(  733): check createSecurityParamsBySecurityType
09-18 17:36:50.089 I/ScanResultUtil####debug(  733): call createSecurityParamsBySecurityType
09-18 17:36:50.090 I/SecurityParams####debug(  733): createWpa3PersonalParams
09-18 17:36:50.090 I/ScanResultUtil####debug(  733): check createSecurityParamsBySecurityType
09-18 17:36:50.090 I/ScanResultUtil####debug(  733): call createSecurityParamsBySecurityType
09-18 17:36:50.090 I/SecurityParams####debug(  733): createWpa3PersonalParams
09-18 17:36:50.090 I/ScanResultUtil####debug(  733): check createSecurityParamsBySecurityType
09-18 17:36:50.090 I/ScanResultUtil####debug(  733): call createSecurityParamsBySecurityType
09-18 17:36:50.090 I/SecurityParams####debug(  733): createWpa3PersonalParams
09-18 17:36:50.090 I/ScanResultUtil####debug(  733): check createSecurityParamsBySecurityType
09-18 17:36:50.090 I/ScanResultUtil####debug(  733): call createSecurityParamsBySecurityType
09-18 17:36:50.090 I/SecurityParams####debug(  733): createWpa3PersonalParams
09-18 17:36:50.090 I/ScanResultUtil####debug(  733): check createSecurityParamsBySecurityType
09-18 17:36:50.090 I/ScanResultUtil####debug(  733): check createSecurityParamsBySecurityType
09-18 17:36:50.090 I/ScanResultUtil####debug(  733): call createSecurityParamsBySecurityType
09-18 17:36:50.090 I/SecurityParams####debug(  733): createWpa3PersonalParams
09-18 17:36:50.090 I/ScanResultUtil####debug(  733): check createSecurityParamsBySecurityType
09-18 17:36:50.090 I/ScanResultUtil####debug(  733): call createSecurityParamsBySecurityType
09-18 17:36:50.090 I/SecurityParams####debug(  733): createWpa3PersonalParams
09-18 17:36:50.090 I/ScanResultUtil####debug(  733): check createSecurityParamsBySecurityType
09-18 17:36:50.090 I/ScanResultUtil####debug(  733): call createSecurityParamsBySecurityType
09-18 17:36:50.090 I/SecurityParams####debug(  733): createWpa3PersonalParams
09-18 17:36:50.090 I/ScanResultUtil####debug(  733): check createSecurityParamsBySecurityType
09-18 17:36:50.090 I/ScanResultUtil####debug(  733): call createSecurityParamsBySecurityType
09-18 17:36:50.091 I/SecurityParams####debug(  733): createWpa3PersonalParams
09-18 17:36:50.091 I/ScanResultUtil####debug(  733): check createSecurityParamsBySecurityType
09-18 17:36:50.091 I/ScanResultUtil####debug(  733): call createSecurityParamsBySecurityType
09-18 17:36:50.091 I/SecurityParams####debug(  733): createWpa3PersonalParams
09-18 17:36:50.091 I/ScanResultUtil####debug(  733): check createSecurityParamsBySecurityType
09-18 17:36:50.091 I/ScanResultUtil####debug(  733): call createSecurityParamsBySecurityType
09-18 17:36:50.091 I/SecurityParams####debug(  733): createWpa3PersonalParams
09-18 17:36:50.091 D/VCodecVencImpl(  607): [L 572][MtkVencSetConfig]
09-18 17:36:50.091 D/android.hardware.media.c2@1.1-mediatek(  607): [import_mtk_dtv_native_buffer(): 717] mst buffer is secure: 0
09-18 17:36:50.092 I/ScanResultUtil####debug(  733): check createSecurityParamsBySecurityType
09-18 17:36:50.092 I/ScanResultUtil####debug(  733): call createSecurityParamsBySecurityType
09-18 17:36:50.092 I/SecurityParams####debug(  733): createWpa3PersonalParams
09-18 17:36:50.096 I/kernel  ( 6265): [  277.357204][MTK_V4L2] level=0 vidioc_venc_qbuf(),1318: [4] id=0 getdata FB(2088960,2) vb=000000000c42c7f0 pts=0
09-18 17:36:50.092 D/PasspointManager(  733): ANQP entry not found for: ec:5a:31:ac:ab:12:<_b2b_pass_on>
09-18 17:36:50.092 D/PasspointManager(  733): No service provider found for _b2b_pass_on
09-18 17:36:50.092 I/ScanResultUtil####debug(  733): check createSecurityParamsBySecurityType
09-18 17:36:50.092 I/ScanResultUtil####debug(  733): call createSecurityParamsBySecurityType
09-18 17:36:50.092 I/SecurityParams####debug(  733): createWpa3PersonalParams
09-18 17:36:50.093 I/ScanResultUtil####debug(  733): check createSecurityParamsBySecurityType
09-18 17:36:50.093 I/ScanResultUtil####debug(  733): call createSecurityParamsBySecurityType
09-18 17:36:50.093 I/SecurityParams####debug(  733): createWpa3PersonalParams
09-18 17:36:50.093 I/ScanResultUtil####debug(  733): check createSecurityParamsBySecurityType
09-18 17:36:50.093 I/ScanResultUtil####debug(  733): call createSecurityParamsBySecurityType
09-18 17:36:50.093 I/SecurityParams####debug(  733): createWpa3PersonalParams
09-18 17:36:50.093 D/android.hardware.media.c2@1.1-mediatek(  607): [import_mtk_dtv_native_buffer(): 717] mst buffer is secure: 0
09-18 17:36:50.093 I/ScanResultUtil####debug(  733): check createSecurityParamsBySecurityType
09-18 17:36:50.097 I/ScanResultUtil####debug(  733): call createSecurityParamsBySecurityType
09-18 17:36:50.097 I/SecurityParams####debug(  733): createWpa3PersonalParams
09-18 17:36:50.097 I/ScanResultUtil####debug(  733): check createSecurityParamsBySecurityType
09-18 17:36:50.097 I/ScanResultUtil####debug(  733): call createSecurityParamsBySecurityType
09-18 17:36:50.097 I/SecurityParams####debug(  733): createWpa3PersonalParams
09-18 17:36:50.098 D/VCodecVenc(  607): [L 324][EnqueInputBuffer]
09-18 17:36:50.098 E/<MI3>   (  636): <ERR>_MI_TUNER_GetLock[4279]: [_MI_TUNER_GetLock][4279] *peLockStatus =  E_MI_TUNER_UNLOCK@!!!
09-18 17:36:50.098 I/ScanResultUtil####debug(  733): check createSecurityParamsBySecurityType
09-18 17:36:50.098 I/ScanResultUtil####debug(  733): call createSecurityParamsBySecurityType
09-18 17:36:50.098 I/SecurityParams####debug(  733): createWpa3PersonalParams
09-18 17:36:50.098 I/ScanResultUtil####debug(  733): check createSecurityParamsBySecurityType
09-18 17:36:50.099 I/ScanResultUtil####debug(  733): call createSecurityParamsBySecurityType
09-18 17:36:50.099 I/SecurityParams####debug(  733): createWpa3PersonalParams
09-18 17:36:50.100 D/PasspointManager(  733): ANQP entry not found for: 68:e1:dc:a9:f6:29:<Buffalo-5G-F620>
09-18 17:36:50.100 D/PasspointManager(  733): No service provider found for Buffalo-5G-F620
09-18 17:36:50.101 I/ScanResultUtil####debug(  733): check createSecurityParamsBySecurityType
09-18 17:36:50.101 I/ScanResultUtil####debug(  733): check createSecurityParamsBySecurityType
09-18 17:36:50.101 I/ScanResultUtil####debug(  733): check createSecurityParamsBySecurityType
09-18 17:36:50.101 I/ScanResultUtil####debug(  733): call createSecurityParamsBySecurityType
09-18 17:36:50.101 I/SecurityParams####debug(  733): createWpa3PersonalParams
09-18 17:36:50.101 I/ScanResultUtil####debug(  733): check createSecurityParamsBySecurityType
09-18 17:36:50.101 I/ScanResultUtil####debug(  733): call createSecurityParamsBySecurityType
09-18 17:36:50.101 I/SecurityParams####debug(  733): createWpa3PersonalParams
09-18 17:36:50.101 I/ScanResultUtil####debug(  733): check createSecurityParamsBySecurityType
09-18 17:36:50.101 I/ScanResultUtil####debug(  733): call createSecurityParamsBySecurityType
09-18 17:36:50.101 I/SecurityParams####debug(  733): createWpa3PersonalParams
09-18 17:36:50.101 I/ScanResultUtil####debug(  733): check createSecurityParamsBySecurityType
09-18 17:36:50.102 I/ScanResultUtil####debug(  733): call createSecurityParamsBySecurityType
09-18 17:36:50.102 I/SecurityParams####debug(  733): createWpa3PersonalParams
09-18 17:36:50.102 I/ScanResultUtil####debug(  733): check createSecurityParamsBySecurityType
09-18 17:36:50.102 I/ScanResultUtil####debug(  733): call createSecurityParamsBySecurityType
09-18 17:36:50.102 I/SecurityParams####debug(  733): createWpa3PersonalParams
09-18 17:36:50.102 I/ScanResultUtil####debug(  733): check createSecurityParamsBySecurityType
09-18 17:36:50.102 I/ScanResultUtil####debug(  733): call createSecurityParamsBySecurityType
09-18 17:36:50.102 I/SecurityParams####debug(  733): createWpa3PersonalParams
09-18 17:36:50.102 I/ScanResultUtil####debug(  733): check createSecurityParamsBySecurityType
09-18 17:36:50.102 I/ScanResultUtil####debug(  733): call createSecurityParamsBySecurityType
09-18 17:36:50.102 I/SecurityParams####debug(  733): createWpa3PersonalParams
09-18 17:36:50.102 I/ScanResultUtil####debug(  733): check createSecurityParamsBySecurityType
09-18 17:36:50.102 I/ScanResultUtil####debug(  733): call createSecurityParamsBySecurityType
09-18 17:36:50.102 I/SecurityParams####debug(  733): createWpa3PersonalParams
09-18 17:36:50.102 I/ScanResultUtil####debug(  733): check createSecurityParamsBySecurityType
09-18 17:36:50.102 I/ScanResultUtil####debug(  733): call createSecurityParamsBySecurityType
09-18 17:36:50.102 I/SecurityParams####debug(  733): createWpa3PersonalParams
09-18 17:36:50.102 I/ScanResultUtil####debug(  733): check createSecurityParamsBySecurityType
09-18 17:36:50.102 I/ScanResultUtil####debug(  733): call createSecurityParamsBySecurityType
09-18 17:36:50.102 I/SecurityParams####debug(  733): createWpa3PersonalParams
09-18 17:36:50.102 I/ScanResultUtil####debug(  733): check createSecurityParamsBySecurityType
09-18 17:36:50.102 I/ScanResultUtil####debug(  733): check createSecurityParamsBySecurityType
09-18 17:36:50.102 I/ScanResultUtil####debug(  733): check createSecurityParamsBySecurityType
09-18 17:36:50.102 I/ScanResultUtil####debug(  733): call createSecurityParamsBySecurityType
09-18 17:36:50.103 I/SecurityParams####debug(  733): createWpa3PersonalParams
09-18 17:36:50.103 I/ScanResultUtil####debug(  733): check createSecurityParamsBySecurityType
09-18 17:36:50.103 I/ScanResultUtil####debug(  733): call createSecurityParamsBySecurityType
09-18 17:36:50.103 I/SecurityParams####debug(  733): createWpa3PersonalParams
09-18 17:36:50.103 I/ScanResultUtil####debug(  733): check createSecurityParamsBySecurityType
09-18 17:36:50.103 I/ScanResultUtil####debug(  733): call createSecurityParamsBySecurityType
09-18 17:36:50.103 I/SecurityParams####debug(  733): createWpa3PersonalParams
09-18 17:36:50.103 I/ScanResultUtil####debug(  733): check createSecurityParamsBySecurityType
09-18 17:36:50.103 I/ScanResultUtil####debug(  733): call createSecurityParamsBySecurityType
09-18 17:36:50.103 I/SecurityParams####debug(  733): createWpa3PersonalParams
09-18 17:36:50.104 I/ScanResultUtil####debug(  733): check createSecurityParamsBySecurityType
09-18 17:36:50.104 I/ScanResultUtil####debug(  733): call createSecurityParamsBySecurityType
09-18 17:36:50.104 I/SecurityParams####debug(  733): createWpa3PersonalParams
09-18 17:36:50.104 I/ScanResultUtil####debug(  733): check createSecurityParamsBySecurityType
09-18 17:36:50.104 I/ScanResultUtil####debug(  733): check createSecurityParamsBySecurityType
09-18 17:36:50.104 I/ScanResultUtil####debug(  733): check createSecurityParamsBySecurityType
09-18 17:36:50.104 I/ScanResultUtil####debug(  733): call createSecurityParamsBySecurityType
09-18 17:36:50.104 I/SecurityParams####debug(  733): createWpa3PersonalParams
09-18 17:36:50.104 I/ScanResultUtil####debug(  733): check createSecurityParamsBySecurityType
09-18 17:36:50.104 I/ScanResultUtil####debug(  733): call createSecurityParamsBySecurityType
09-18 17:36:50.104 I/SecurityParams####debug(  733): createWpa3PersonalParams
09-18 17:36:50.105 I/ScanResultUtil####debug(  733): check createSecurityParamsBySecurityType
09-18 17:36:50.105 I/ScanResultUtil####debug(  733): call createSecurityParamsBySecurityType
09-18 17:36:50.105 I/SecurityParams####debug(  733): createWpa3PersonalParams
09-18 17:36:50.106 V/WifiConnectivityManager(  733): AllSingleScanListener onResults: start network selection
09-18 17:36:50.106 I/ScanResultUtil####debug(  733): check createSecurityParamsBySecurityType
09-18 17:36:50.106 I/ScanResultUtil####debug(  733): call createSecurityParamsBySecurityType
09-18 17:36:50.106 I/SecurityParams####debug(  733): createWpa3PersonalParams
09-18 17:36:50.106 I/ScanResultUtil####debug(  733): check createSecurityParamsBySecurityType
09-18 17:36:50.106 I/ScanResultUtil####debug(  733): call createSecurityParamsBySecurityType
09-18 17:36:50.106 I/SecurityParams####debug(  733): createWpa3PersonalParams
09-18 17:36:50.106 I/ScanResultUtil####debug(  733): check createSecurityParamsBySecurityType
09-18 17:36:50.106 I/ScanResultUtil####debug(  733): call createSecurityParamsBySecurityType
09-18 17:36:50.106 I/SecurityParams####debug(  733): createWpa3PersonalParams
09-18 17:36:50.106 I/ScanResultUtil####debug(  733): check createSecurityParamsBySecurityType
09-18 17:36:50.106 I/ScanResultUtil####debug(  733): call createSecurityParamsBySecurityType
09-18 17:36:50.106 I/SecurityParams####debug(  733): createWpa3PersonalParams
09-18 17:36:50.106 I/ScanResultUtil####debug(  733): check createSecurityParamsBySecurityType
09-18 17:36:50.106 I/ScanResultUtil####debug(  733): call createSecurityParamsBySecurityType
09-18 17:36:50.106 I/SecurityParams####debug(  733): createWpa3PersonalParams
09-18 17:36:50.106 I/ScanResultUtil####debug(  733): check createSecurityParamsBySecurityType
09-18 17:36:50.106 I/ScanResultUtil####debug(  733): call createSecurityParamsBySecurityType
09-18 17:36:50.106 I/SecurityParams####debug(  733): createWpa3PersonalParams
09-18 17:36:50.106 I/ScanResultUtil####debug(  733): check createSecurityParamsBySecurityType
09-18 17:36:50.106 I/ScanResultUtil####debug(  733): check createSecurityParamsBySecurityType
09-18 17:36:50.106 I/ScanResultUtil####debug(  733): call createSecurityParamsBySecurityType
09-18 17:36:50.106 I/SecurityParams####debug(  733): createWpa3PersonalParams
09-18 17:36:50.107 I/ScanResultUtil####debug(  733): check createSecurityParamsBySecurityType
09-18 17:36:50.107 I/ScanResultUtil####debug(  733): call createSecurityParamsBySecurityType
09-18 17:36:50.107 I/SecurityParams####debug(  733): createWpa3PersonalParams
09-18 17:36:50.107 I/ScanResultUtil####debug(  733): check createSecurityParamsBySecurityType
09-18 17:36:50.107 I/ScanResultUtil####debug(  733): call createSecurityParamsBySecurityType
09-18 17:36:50.107 I/SecurityParams####debug(  733): createWpa3PersonalParams
09-18 17:36:50.107 V/WifiConfigManager(  733): getSavedNetworkFromScanResult Found "HyokaT-Buffalo-B_2.4GHz"WPA_PSK for HyokaT-Buffalo-B_2.4GHz[[WPA2-PSK-CCMP][RSN-PSK-CCMP][ESS][WPS]]
09-18 17:36:50.107 I/ScanResultUtil####debug(  733): check createSecurityParamsBySecurityType
09-18 17:36:50.107 I/ScanResultUtil####debug(  733): call createSecurityParamsBySecurityType
09-18 17:36:50.107 I/SecurityParams####debug(  733): createWpa3PersonalParams
09-18 17:36:50.107 I/ScanResultUtil####debug(  733): check createSecurityParamsBySecurityType
09-18 17:36:50.107 I/ScanResultUtil####debug(  733): call createSecurityParamsBySecurityType
09-18 17:36:50.107 I/SecurityParams####debug(  733): createWpa3PersonalParams
09-18 17:36:50.107 I/ScanResultUtil####debug(  733): check createSecurityParamsBySecurityType
09-18 17:36:50.108 I/ScanResultUtil####debug(  733): call createSecurityParamsBySecurityType
09-18 17:36:50.108 I/SecurityParams####debug(  733): createWpa3PersonalParams
09-18 17:36:50.108 I/ScanResultUtil####debug(  733): check createSecurityParamsBySecurityType
09-18 17:36:50.108 I/ScanResultUtil####debug(  733): call createSecurityParamsBySecurityType
09-18 17:36:50.108 I/SecurityParams####debug(  733): createWpa3PersonalParams
09-18 17:36:50.108 I/ScanResultUtil####debug(  733): check createSecurityParamsBySecurityType
09-18 17:36:50.108 I/ScanResultUtil####debug(  733): call createSecurityParamsBySecurityType
09-18 17:36:50.108 I/SecurityParams####debug(  733): createWpa3PersonalParams
09-18 17:36:50.108 I/ScanResultUtil####debug(  733): check createSecurityParamsBySecurityType
09-18 17:36:50.108 I/ScanResultUtil####debug(  733): call createSecurityParamsBySecurityType
09-18 17:36:50.108 I/SecurityParams####debug(  733): createWpa3PersonalParams
09-18 17:36:50.108 I/ScanResultUtil####debug(  733): check createSecurityParamsBySecurityType
09-18 17:36:50.108 I/ScanResultUtil####debug(  733): call createSecurityParamsBySecurityType
09-18 17:36:50.108 I/SecurityParams####debug(  733): createWpa3PersonalParams
09-18 17:36:50.108 I/ScanResultUtil####debug(  733): check createSecurityParamsBySecurityType
09-18 17:36:50.108 I/ScanResultUtil####debug(  733): call createSecurityParamsBySecurityType
09-18 17:36:50.108 I/SecurityParams####debug(  733): createWpa3PersonalParams
09-18 17:36:50.108 I/ScanResultUtil####debug(  733): check createSecurityParamsBySecurityType
09-18 17:36:50.108 I/ScanResultUtil####debug(  733): call createSecurityParamsBySecurityType
09-18 17:36:50.108 I/SecurityParams####debug(  733): createWpa3PersonalParams
09-18 17:36:50.108 I/ScanResultUtil####debug(  733): check createSecurityParamsBySecurityType
09-18 17:36:50.109 I/ScanResultUtil####debug(  733): call createSecurityParamsBySecurityType
09-18 17:36:50.109 I/SecurityParams####debug(  733): createWpa3PersonalParams
09-18 17:36:50.109 I/ScanResultUtil####debug(  733): check createSecurityParamsBySecurityType
09-18 17:36:50.109 I/ScanResultUtil####debug(  733): call createSecurityParamsBySecurityType
09-18 17:36:50.109 I/SecurityParams####debug(  733): createWpa3PersonalParams
09-18 17:36:50.109 I/ScanResultUtil####debug(  733): check createSecurityParamsBySecurityType
09-18 17:36:50.109 I/ScanResultUtil####debug(  733): call createSecurityParamsBySecurityType
09-18 17:36:50.109 I/SecurityParams####debug(  733): createWpa3PersonalParams
09-18 17:36:50.109 I/ScanResultUtil####debug(  733): check createSecurityParamsBySecurityType
09-18 17:36:50.109 I/ScanResultUtil####debug(  733): call createSecurityParamsBySecurityType
09-18 17:36:50.109 I/SecurityParams####debug(  733): createWpa3PersonalParams
09-18 17:36:50.109 I/ScanResultUtil####debug(  733): check createSecurityParamsBySecurityType
09-18 17:36:50.109 I/ScanResultUtil####debug(  733): call createSecurityParamsBySecurityType
09-18 17:36:50.109 I/SecurityParams####debug(  733): createWpa3PersonalParams
09-18 17:36:50.109 E/<MI3>   (  636): <ERR>_MI_TUNER_GetLock[4279]: [_MI_TUNER_GetLock][4279] *peLockStatus =  E_MI_TUNER_UNLOCK@!!!
09-18 17:36:50.109 I/ScanResultUtil####debug(  733): check createSecurityParamsBySecurityType
09-18 17:36:50.109 I/ScanResultUtil####debug(  733): call createSecurityParamsBySecurityType
09-18 17:36:50.109 I/SecurityParams####debug(  733): createWpa3PersonalParams
09-18 17:36:50.109 I/ScanResultUtil####debug(  733): check createSecurityParamsBySecurityType
09-18 17:36:50.109 I/ScanResultUtil####debug(  733): call createSecurityParamsBySecurityType
09-18 17:36:50.109 I/SecurityParams####debug(  733): createWpa3PersonalParams
09-18 17:36:50.110 I/ScanResultUtil####debug(  733): check createSecurityParamsBySecurityType
09-18 17:36:50.110 I/ScanResultUtil####debug(  733): call createSecurityParamsBySecurityType
09-18 17:36:50.110 I/SecurityParams####debug(  733): createWpa3PersonalParams
09-18 17:36:50.110 I/ScanResultUtil####debug(  733): check createSecurityParamsBySecurityType
09-18 17:36:50.110 I/ScanResultUtil####debug(  733): call createSecurityParamsBySecurityType
09-18 17:36:50.110 I/SecurityParams####debug(  733): createWpa3PersonalParams
09-18 17:36:50.110 I/ScanResultUtil####debug(  733): check createSecurityParamsBySecurityType
09-18 17:36:50.110 I/ScanResultUtil####debug(  733): call createSecurityParamsBySecurityType
09-18 17:36:50.110 I/SecurityParams####debug(  733): createWpa3PersonalParams
09-18 17:36:50.110 I/ScanResultUtil####debug(  733): check createSecurityParamsBySecurityType
09-18 17:36:50.110 I/ScanResultUtil####debug(  733): call createSecurityParamsBySecurityType
09-18 17:36:50.110 I/SecurityParams####debug(  733): createWpa3PersonalParams
09-18 17:36:50.110 I/ScanResultUtil####debug(  733): check createSecurityParamsBySecurityType
09-18 17:36:50.110 I/ScanResultUtil####debug(  733): call createSecurityParamsBySecurityType
09-18 17:36:50.110 I/SecurityParams####debug(  733): createWpa3PersonalParams
09-18 17:36:50.111 I/ScanResultUtil####debug(  733): check createSecurityParamsBySecurityType
09-18 17:36:50.111 I/ScanResultUtil####debug(  733): call createSecurityParamsBySecurityType
09-18 17:36:50.111 I/SecurityParams####debug(  733): createWpa3PersonalParams
09-18 17:36:50.112 I/ScanResultUtil####debug(  733): check createSecurityParamsBySecurityType
09-18 17:36:50.112 I/ScanResultUtil####debug(  733): call createSecurityParamsBySecurityType
09-18 17:36:50.112 I/SecurityParams####debug(  733): createWpa3PersonalParams
09-18 17:36:50.113 I/ScanResultUtil####debug(  733): check createSecurityParamsBySecurityType
09-18 17:36:50.113 I/ScanResultUtil####debug(  733): call createSecurityParamsBySecurityType
09-18 17:36:50.113 I/SecurityParams####debug(  733): createWpa3PersonalParams
09-18 17:36:50.113 I/ScanResultUtil####debug(  733): check createSecurityParamsBySecurityType
09-18 17:36:50.113 I/ScanResultUtil####debug(  733): call createSecurityParamsBySecurityType
09-18 17:36:50.113 I/SecurityParams####debug(  733): createWpa3PersonalParams
09-18 17:36:50.113 I/ScanResultUtil####debug(  733): check createSecurityParamsBySecurityType
09-18 17:36:50.113 I/ScanResultUtil####debug(  733): call createSecurityParamsBySecurityType
09-18 17:36:50.113 I/SecurityParams####debug(  733): createWpa3PersonalParams
09-18 17:36:50.113 I/ScanResultUtil####debug(  733): check createSecurityParamsBySecurityType
09-18 17:36:50.114 I/ScanResultUtil####debug(  733): call createSecurityParamsBySecurityType
09-18 17:36:50.114 I/SecurityParams####debug(  733): createWpa3PersonalParams
09-18 17:36:50.114 I/ScanResultUtil####debug(  733): check createSecurityParamsBySecurityType
09-18 17:36:50.114 I/ScanResultUtil####debug(  733): call createSecurityParamsBySecurityType
09-18 17:36:50.114 I/SecurityParams####debug(  733): createWpa3PersonalParams
09-18 17:36:50.114 I/ScanResultUtil####debug(  733): check createSecurityParamsBySecurityType
09-18 17:36:50.114 I/ScanResultUtil####debug(  733): call createSecurityParamsBySecurityType
09-18 17:36:50.114 I/SecurityParams####debug(  733): createWpa3PersonalParams
09-18 17:36:50.114 I/ScanResultUtil####debug(  733): check createSecurityParamsBySecurityType
09-18 17:36:50.114 I/ScanResultUtil####debug(  733): call createSecurityParamsBySecurityType
09-18 17:36:50.114 I/SecurityParams####debug(  733): createWpa3PersonalParams
09-18 17:36:50.114 I/ScanResultUtil####debug(  733): check createSecurityParamsBySecurityType
09-18 17:36:50.114 I/ScanResultUtil####debug(  733): call createSecurityParamsBySecurityType
09-18 17:36:50.114 I/SecurityParams####debug(  733): createWpa3PersonalParams
09-18 17:36:50.114 I/ScanResultUtil####debug(  733): check createSecurityParamsBySecurityType
09-18 17:36:50.114 I/ScanResultUtil####debug(  733): call createSecurityParamsBySecurityType
09-18 17:36:50.114 I/SecurityParams####debug(  733): createWpa3PersonalParams
09-18 17:36:50.114 I/ScanResultUtil####debug(  733): check createSecurityParamsBySecurityType
09-18 17:36:50.114 I/ScanResultUtil####debug(  733): call createSecurityParamsBySecurityType
09-18 17:36:50.114 I/SecurityParams####debug(  733): createWpa3PersonalParams
09-18 17:36:50.114 I/ScanResultUtil####debug(  733): check createSecurityParamsBySecurityType
09-18 17:36:50.114 I/ScanResultUtil####debug(  733): call createSecurityParamsBySecurityType
09-18 17:36:50.114 I/SecurityParams####debug(  733): createWpa3PersonalParams
09-18 17:36:50.114 I/ScanResultUtil####debug(  733): check createSecurityParamsBySecurityType
09-18 17:36:50.115 I/ScanResultUtil####debug(  733): call createSecurityParamsBySecurityType
09-18 17:36:50.115 I/SecurityParams####debug(  733): createWpa3PersonalParams
09-18 17:36:50.115 I/ScanResultUtil####debug(  733): check createSecurityParamsBySecurityType
09-18 17:36:50.115 I/ScanResultUtil####debug(  733): call createSecurityParamsBySecurityType
09-18 17:36:50.115 I/SecurityParams####debug(  733): createWpa3PersonalParams
09-18 17:36:50.115 I/ScanResultUtil####debug(  733): check createSecurityParamsBySecurityType
09-18 17:36:50.115 I/ScanResultUtil####debug(  733): call createSecurityParamsBySecurityType
09-18 17:36:50.115 I/SecurityParams####debug(  733): createWpa3PersonalParams
09-18 17:36:50.115 I/ScanResultUtil####debug(  733): check createSecurityParamsBySecurityType
09-18 17:36:50.115 I/ScanResultUtil####debug(  733): call createSecurityParamsBySecurityType
09-18 17:36:50.115 I/SecurityParams####debug(  733): createWpa3PersonalParams
09-18 17:36:50.115 I/ScanResultUtil####debug(  733): check createSecurityParamsBySecurityType
09-18 17:36:50.115 I/ScanResultUtil####debug(  733): call createSecurityParamsBySecurityType
09-18 17:36:50.115 I/SecurityParams####debug(  733): createWpa3PersonalParams
09-18 17:36:50.116 I/ScanResultUtil####debug(  733): check createSecurityParamsBySecurityType
09-18 17:36:50.116 I/ScanResultUtil####debug(  733): call createSecurityParamsBySecurityType
09-18 17:36:50.116 I/SecurityParams####debug(  733): createWpa3PersonalParams
09-18 17:36:50.116 I/ScanResultUtil####debug(  733): check createSecurityParamsBySecurityType
09-18 17:36:50.116 I/ScanResultUtil####debug(  733): call createSecurityParamsBySecurityType
09-18 17:36:50.116 I/SecurityParams####debug(  733): createWpa3PersonalParams
09-18 17:36:50.116 I/ScanResultUtil####debug(  733): check createSecurityParamsBySecurityType
09-18 17:36:50.116 I/ScanResultUtil####debug(  733): call createSecurityParamsBySecurityType
09-18 17:36:50.116 I/SecurityParams####debug(  733): createWpa3PersonalParams
09-18 17:36:50.116 I/ScanResultUtil####debug(  733): check createSecurityParamsBySecurityType
09-18 17:36:50.116 I/ScanResultUtil####debug(  733): call createSecurityParamsBySecurityType
09-18 17:36:50.116 I/SecurityParams####debug(  733): createWpa3PersonalParams
09-18 17:36:50.116 I/ScanResultUtil####debug(  733): check createSecurityParamsBySecurityType
09-18 17:36:50.116 I/ScanResultUtil####debug(  733): call createSecurityParamsBySecurityType
09-18 17:36:50.116 I/SecurityParams####debug(  733): createWpa3PersonalParams
09-18 17:36:50.116 I/ScanResultUtil####debug(  733): check createSecurityParamsBySecurityType
09-18 17:36:50.116 I/ScanResultUtil####debug(  733): call createSecurityParamsBySecurityType
09-18 17:36:50.117 I/SecurityParams####debug(  733): createWpa3PersonalParams
09-18 17:36:50.117 I/ScanResultUtil####debug(  733): check createSecurityParamsBySecurityType
09-18 17:36:50.117 I/ScanResultUtil####debug(  733): call createSecurityParamsBySecurityType
09-18 17:36:50.117 I/SecurityParams####debug(  733): createWpa3PersonalParams
09-18 17:36:50.117 I/ScanResultUtil####debug(  733): check createSecurityParamsBySecurityType
09-18 17:36:50.117 I/ScanResultUtil####debug(  733): call createSecurityParamsBySecurityType
09-18 17:36:50.117 I/SecurityParams####debug(  733): createWpa3PersonalParams
09-18 17:36:50.126 I/kernel  ( 6265): [  277.387544][MTK_V4L2] level=0 vidioc_venc_qbuf(),1318: [4] id=0 getdata FB(2088960,2) vb=000000000c42c7f0 pts=0
09-18 17:36:50.117 I/ScanResultUtil####debug(  733): check createSecurityParamsBySecurityType
09-18 17:36:50.117 I/ScanResultUtil####debug(  733): call createSecurityParamsBySecurityType
09-18 17:36:50.117 I/SecurityParams####debug(  733): createWpa3PersonalParams
09-18 17:36:50.118 I/ScanResultUtil####debug(  733): check createSecurityParamsBySecurityType
09-18 17:36:50.118 I/ScanResultUtil####debug(  733): call createSecurityParamsBySecurityType
09-18 17:36:50.118 I/SecurityParams####debug(  733): createWpa3PersonalParams
09-18 17:36:50.118 I/ScanResultUtil####debug(  733): check createSecurityParamsBySecurityType
09-18 17:36:50.118 I/ScanResultUtil####debug(  733): call createSecurityParamsBySecurityType
09-18 17:36:50.118 I/SecurityParams####debug(  733): createWpa3PersonalParams
09-18 17:36:50.118 I/ScanResultUtil####debug(  733): check createSecurityParamsBySecurityType
09-18 17:36:50.118 I/ScanResultUtil####debug(  733): call createSecurityParamsBySecurityType
09-18 17:36:50.118 I/SecurityParams####debug(  733): createWpa3PersonalParams
09-18 17:36:50.118 I/ScanResultUtil####debug(  733): check createSecurityParamsBySecurityType
09-18 17:36:50.118 I/ScanResultUtil####debug(  733): call createSecurityParamsBySecurityType
09-18 17:36:50.118 I/SecurityParams####debug(  733): createWpa3PersonalParams
09-18 17:36:50.118 I/ScanResultUtil####debug(  733): check createSecurityParamsBySecurityType
09-18 17:36:50.118 I/ScanResultUtil####debug(  733): call createSecurityParamsBySecurityType
09-18 17:36:50.118 I/SecurityParams####debug(  733): createWpa3PersonalParams
09-18 17:36:50.118 I/ScanResultUtil####debug(  733): check createSecurityParamsBySecurityType
09-18 17:36:50.118 I/ScanResultUtil####debug(  733): check createSecurityParamsBySecurityType
09-18 17:36:50.118 I/ScanResultUtil####debug(  733): call createSecurityParamsBySecurityType
09-18 17:36:50.118 I/SecurityParams####debug(  733): createWpa3PersonalParams
09-18 17:36:50.119 I/ScanResultUtil####debug(  733): check createSecurityParamsBySecurityType
09-18 17:36:50.119 I/ScanResultUtil####debug(  733): check createSecurityParamsBySecurityType
09-18 17:36:50.119 I/ScanResultUtil####debug(  733): check createSecurityParamsBySecurityType
09-18 17:36:50.119 I/ScanResultUtil####debug(  733): call createSecurityParamsBySecurityType
09-18 17:36:50.119 I/SecurityParams####debug(  733): createWpa3PersonalParams
09-18 17:36:50.119 I/ScanResultUtil####debug(  733): check createSecurityParamsBySecurityType
09-18 17:36:50.119 I/ScanResultUtil####debug(  733): check createSecurityParamsBySecurityType
09-18 17:36:50.119 I/ScanResultUtil####debug(  733): call createSecurityParamsBySecurityType
09-18 17:36:50.119 I/SecurityParams####debug(  733): createWpa3PersonalParams
09-18 17:36:50.119 I/ScanResultUtil####debug(  733): check createSecurityParamsBySecurityType
09-18 17:36:50.119 I/ScanResultUtil####debug(  733): call createSecurityParamsBySecurityType
09-18 17:36:50.119 I/SecurityParams####debug(  733): createWpa3PersonalParams
09-18 17:36:50.119 I/ScanResultUtil####debug(  733): check createSecurityParamsBySecurityType
09-18 17:36:50.119 I/ScanResultUtil####debug(  733): check createSecurityParamsBySecurityType
09-18 17:36:50.120 I/ScanResultUtil####debug(  733): call createSecurityParamsBySecurityType
09-18 17:36:50.120 I/SecurityParams####debug(  733): createWpa3PersonalParams
09-18 17:36:50.120 I/ScanResultUtil####debug(  733): check createSecurityParamsBySecurityType
09-18 17:36:50.120 I/ScanResultUtil####debug(  733): call createSecurityParamsBySecurityType
09-18 17:36:50.120 I/SecurityParams####debug(  733): createWpa3PersonalParams
09-18 17:36:50.120 I/ScanResultUtil####debug(  733): check createSecurityParamsBySecurityType
09-18 17:36:50.120 I/ScanResultUtil####debug(  733): check createSecurityParamsBySecurityType
09-18 17:36:50.120 I/ScanResultUtil####debug(  733): call createSecurityParamsBySecurityType
09-18 17:36:50.120 I/SecurityParams####debug(  733): createWpa3PersonalParams
09-18 17:36:50.120 I/ScanResultUtil####debug(  733): check createSecurityParamsBySecurityType
09-18 17:36:50.120 I/ScanResultUtil####debug(  733): call createSecurityParamsBySecurityType
09-18 17:36:50.120 I/SecurityParams####debug(  733): createWpa3PersonalParams
09-18 17:36:50.120 I/ScanResultUtil####debug(  733): check createSecurityParamsBySecurityType
09-18 17:36:50.120 I/ScanResultUtil####debug(  733): call createSecurityParamsBySecurityType
09-18 17:36:50.120 I/SecurityParams####debug(  733): createWpa3PersonalParams
09-18 17:36:50.120 I/ScanResultUtil####debug(  733): check createSecurityParamsBySecurityType
09-18 17:36:50.120 I/ScanResultUtil####debug(  733): call createSecurityParamsBySecurityType
09-18 17:36:50.120 I/SecurityParams####debug(  733): createWpa3PersonalParams
09-18 17:36:50.120 I/ScanResultUtil####debug(  733): check createSecurityParamsBySecurityType
09-18 17:36:50.120 I/ScanResultUtil####debug(  733): call createSecurityParamsBySecurityType
09-18 17:36:50.120 I/SecurityParams####debug(  733): createWpa3PersonalParams
09-18 17:36:50.121 E/<MI3>   (  636): <ERR>_MI_TUNER_GetLock[4279]: [_MI_TUNER_GetLock][4279] *peLockStatus =  E_MI_TUNER_UNLOCK@!!!
09-18 17:36:50.121 I/ScanResultUtil####debug(  733): check createSecurityParamsBySecurityType
09-18 17:36:50.121 D/VCodecVencImpl(  607): [L 572][MtkVencSetConfig]
09-18 17:36:50.123 D/android.hardware.media.c2@1.1-mediatek(  607): [import_mtk_dtv_native_buffer(): 717] mst buffer is secure: 0
09-18 17:36:50.123 I/ScanResultUtil####debug(  733): check createSecurityParamsBySecurityType
09-18 17:36:50.123 I/ScanResultUtil####debug(  733): check createSecurityParamsBySecurityType
09-18 17:36:50.123 I/ScanResultUtil####debug(  733): call createSecurityParamsBySecurityType
09-18 17:36:50.123 I/SecurityParams####debug(  733): createWpa3PersonalParams
09-18 17:36:50.123 I/ScanResultUtil####debug(  733): check createSecurityParamsBySecurityType
09-18 17:36:50.124 I/ScanResultUtil####debug(  733): check createSecurityParamsBySecurityType
09-18 17:36:50.124 I/ScanResultUtil####debug(  733): call createSecurityParamsBySecurityType
09-18 17:36:50.124 I/SecurityParams####debug(  733): createWpa3PersonalParams
09-18 17:36:50.124 I/ScanResultUtil####debug(  733): check createSecurityParamsBySecurityType
09-18 17:36:50.124 I/ScanResultUtil####debug(  733): check createSecurityParamsBySecurityType
09-18 17:36:50.124 I/ScanResultUtil####debug(  733): check createSecurityParamsBySecurityType
09-18 17:36:50.124 I/ScanResultUtil####debug(  733): call createSecurityParamsBySecurityType
09-18 17:36:50.124 I/SecurityParams####debug(  733): createWpa3PersonalParams
09-18 17:36:50.124 D/android.hardware.media.c2@1.1-mediatek(  607): [import_mtk_dtv_native_buffer(): 717] mst buffer is secure: 0
09-18 17:36:50.124 I/ScanResultUtil####debug(  733): check createSecurityParamsBySecurityType
09-18 17:36:50.124 I/ScanResultUtil####debug(  733): check createSecurityParamsBySecurityType
09-18 17:36:50.124 I/ScanResultUtil####debug(  733): call createSecurityParamsBySecurityType
09-18 17:36:50.124 I/SecurityParams####debug(  733): createWpa3PersonalParams
09-18 17:36:50.125 I/ScanResultUtil####debug(  733): check createSecurityParamsBySecurityType
09-18 17:36:50.125 I/ScanResultUtil####debug(  733): check createSecurityParamsBySecurityType
09-18 17:36:50.125 I/ScanResultUtil####debug(  733): call createSecurityParamsBySecurityType
09-18 17:36:50.125 I/SecurityParams####debug(  733): createWpa3PersonalParams
09-18 17:36:50.125 I/ScanResultUtil####debug(  733): check createSecurityParamsBySecurityType
09-18 17:36:50.125 I/ScanResultUtil####debug(  733): check createSecurityParamsBySecurityType
09-18 17:36:50.125 I/ScanResultUtil####debug(  733): call createSecurityParamsBySecurityType
09-18 17:36:50.125 I/SecurityParams####debug(  733): createWpa3PersonalParams
09-18 17:36:50.125 I/ScanResultUtil####debug(  733): check createSecurityParamsBySecurityType
09-18 17:36:50.126 I/ScanResultUtil####debug(  733): check createSecurityParamsBySecurityType
09-18 17:36:50.126 I/ScanResultUtil####debug(  733): call createSecurityParamsBySecurityType
09-18 17:36:50.126 I/SecurityParams####debug(  733): createWpa3PersonalParams
09-18 17:36:50.126 I/ScanResultUtil####debug(  733): check createSecurityParamsBySecurityType
09-18 17:36:50.126 I/ScanResultUtil####debug(  733): call createSecurityParamsBySecurityType
09-18 17:36:50.126 I/SecurityParams####debug(  733): createWpa3PersonalParams
09-18 17:36:50.126 I/ScanResultUtil####debug(  733): check createSecurityParamsBySecurityType
09-18 17:36:50.126 I/ScanResultUtil####debug(  733): call createSecurityParamsBySecurityType
09-18 17:36:50.126 I/SecurityParams####debug(  733): createWpa3PersonalParams
09-18 17:36:50.126 I/ScanResultUtil####debug(  733): check createSecurityParamsBySecurityType
09-18 17:36:50.126 I/ScanResultUtil####debug(  733): call createSecurityParamsBySecurityType
09-18 17:36:50.126 I/SecurityParams####debug(  733): createWpa3PersonalParams
09-18 17:36:50.126 I/ScanResultUtil####debug(  733): check createSecurityParamsBySecurityType
09-18 17:36:50.126 I/ScanResultUtil####debug(  733): check createSecurityParamsBySecurityType
09-18 17:36:50.126 I/ScanResultUtil####debug(  733): call createSecurityParamsBySecurityType
09-18 17:36:50.126 I/SecurityParams####debug(  733): createWpa3PersonalParams
09-18 17:36:50.126 I/ScanResultUtil####debug(  733): check createSecurityParamsBySecurityType
09-18 17:36:50.126 I/ScanResultUtil####debug(  733): check createSecurityParamsBySecurityType
09-18 17:36:50.126 I/ScanResultUtil####debug(  733): call createSecurityParamsBySecurityType
09-18 17:36:50.126 I/SecurityParams####debug(  733): createWpa3PersonalParams
09-18 17:36:50.127 I/ScanResultUtil####debug(  733): check createSecurityParamsBySecurityType
09-18 17:36:50.127 I/ScanResultUtil####debug(  733): check createSecurityParamsBySecurityType
09-18 17:36:50.127 I/ScanResultUtil####debug(  733): call createSecurityParamsBySecurityType
09-18 17:36:50.127 I/SecurityParams####debug(  733): createWpa3PersonalParams
09-18 17:36:50.127 I/ScanResultUtil####debug(  733): check createSecurityParamsBySecurityType
09-18 17:36:50.127 I/ScanResultUtil####debug(  733): check createSecurityParamsBySecurityType
09-18 17:36:50.127 I/ScanResultUtil####debug(  733): call createSecurityParamsBySecurityType
09-18 17:36:50.127 I/SecurityParams####debug(  733): createWpa3PersonalParams
09-18 17:36:50.128 I/ScanResultUtil####debug(  733): check createSecurityParamsBySecurityType
09-18 17:36:50.128 I/ScanResultUtil####debug(  733): check createSecurityParamsBySecurityType
09-18 17:36:50.128 I/ScanResultUtil####debug(  733): call createSecurityParamsBySecurityType
09-18 17:36:50.128 I/SecurityParams####debug(  733): createWpa3PersonalParams
09-18 17:36:50.128 I/ScanResultUtil####debug(  733): check createSecurityParamsBySecurityType
09-18 17:36:50.128 I/ScanResultUtil####debug(  733): check createSecurityParamsBySecurityType
09-18 17:36:50.128 I/ScanResultUtil####debug(  733): call createSecurityParamsBySecurityType
09-18 17:36:50.128 I/SecurityParams####debug(  733): createWpa3PersonalParams
09-18 17:36:50.128 I/ScanResultUtil####debug(  733): check createSecurityParamsBySecurityType
09-18 17:36:50.128 I/ScanResultUtil####debug(  733): check createSecurityParamsBySecurityType
09-18 17:36:50.128 I/ScanResultUtil####debug(  733): call createSecurityParamsBySecurityType
09-18 17:36:50.128 I/SecurityParams####debug(  733): createWpa3PersonalParams
09-18 17:36:50.128 I/ScanResultUtil####debug(  733): check createSecurityParamsBySecurityType
09-18 17:36:50.128 I/ScanResultUtil####debug(  733): call createSecurityParamsBySecurityType
09-18 17:36:50.128 I/SecurityParams####debug(  733): createWpa3PersonalParams
09-18 17:36:50.128 I/ScanResultUtil####debug(  733): check createSecurityParamsBySecurityType
09-18 17:36:50.128 I/ScanResultUtil####debug(  733): call createSecurityParamsBySecurityType
09-18 17:36:50.128 I/SecurityParams####debug(  733): createWpa3PersonalParams
09-18 17:36:50.129 D/VCodecVenc(  607): [L 324][EnqueInputBuffer]
09-18 17:36:50.129 I/ScanResultUtil####debug(  733): check createSecurityParamsBySecurityType
09-18 17:36:50.129 I/ScanResultUtil####debug(  733): call createSecurityParamsBySecurityType
09-18 17:36:50.129 I/SecurityParams####debug(  733): createWpa3PersonalParams
09-18 17:36:50.129 I/ScanResultUtil####debug(  733): check createSecurityParamsBySecurityType
09-18 17:36:50.129 I/ScanResultUtil####debug(  733): call createSecurityParamsBySecurityType
09-18 17:36:50.129 I/SecurityParams####debug(  733): createWpa3PersonalParams
09-18 17:36:50.129 I/ScanResultUtil####debug(  733): check createSecurityParamsBySecurityType
09-18 17:36:50.129 I/ScanResultUtil####debug(  733): check createSecurityParamsBySecurityType
09-18 17:36:50.129 I/ScanResultUtil####debug(  733): call createSecurityParamsBySecurityType
09-18 17:36:50.129 I/SecurityParams####debug(  733): createWpa3PersonalParams
09-18 17:36:50.130 I/ScanResultUtil####debug(  733): check createSecurityParamsBySecurityType
09-18 17:36:50.130 I/ScanResultUtil####debug(  733): call createSecurityParamsBySecurityType
09-18 17:36:50.130 I/SecurityParams####debug(  733): createWpa3PersonalParams
09-18 17:36:50.130 I/ScanResultUtil####debug(  733): check createSecurityParamsBySecurityType
09-18 17:36:50.130 I/ScanResultUtil####debug(  733): call createSecurityParamsBySecurityType
09-18 17:36:50.130 I/SecurityParams####debug(  733): createWpa3PersonalParams
09-18 17:36:50.130 I/ScanResultUtil####debug(  733): check createSecurityParamsBySecurityType
09-18 17:36:50.130 I/ScanResultUtil####debug(  733): call createSecurityParamsBySecurityType
09-18 17:36:50.130 I/SecurityParams####debug(  733): createWpa3PersonalParams
09-18 17:36:50.130 I/ScanResultUtil####debug(  733): check createSecurityParamsBySecurityType
09-18 17:36:50.130 I/ScanResultUtil####debug(  733): check createSecurityParamsBySecurityType
09-18 17:36:50.130 I/ScanResultUtil####debug(  733): call createSecurityParamsBySecurityType
09-18 17:36:50.130 I/SecurityParams####debug(  733): createWpa3PersonalParams
09-18 17:36:50.130 I/ScanResultUtil####debug(  733): check createSecurityParamsBySecurityType
09-18 17:36:50.130 I/ScanResultUtil####debug(  733): call createSecurityParamsBySecurityType
09-18 17:36:50.130 I/SecurityParams####debug(  733): createWpa3PersonalParams
09-18 17:36:50.132 I/ScanResultUtil####debug(  733): check createSecurityParamsBySecurityType
09-18 17:36:50.132 I/ScanResultUtil####debug(  733): check createSecurityParamsBySecurityType
09-18 17:36:50.132 I/ScanResultUtil####debug(  733): check createSecurityParamsBySecurityType
09-18 17:36:50.132 I/ScanResultUtil####debug(  733): check createSecurityParamsBySecurityType
09-18 17:36:50.132 I/ScanResultUtil####debug(  733): call createSecurityParamsBySecurityType
09-18 17:36:50.132 I/SecurityParams####debug(  733): createWpa3PersonalParams
09-18 17:36:50.132 I/ScanResultUtil####debug(  733): check createSecurityParamsBySecurityType
09-18 17:36:50.132 I/ScanResultUtil####debug(  733): call createSecurityParamsBySecurityType
09-18 17:36:50.132 I/SecurityParams####debug(  733): createWpa3PersonalParams
09-18 17:36:50.132 I/ScanResultUtil####debug(  733): check createSecurityParamsBySecurityType
09-18 17:36:50.132 I/ScanResultUtil####debug(  733): call createSecurityParamsBySecurityType
09-18 17:36:50.132 I/SecurityParams####debug(  733): createWpa3PersonalParams
09-18 17:36:50.132 I/ScanResultUtil####debug(  733): check createSecurityParamsBySecurityType
09-18 17:36:50.132 I/ScanResultUtil####debug(  733): call createSecurityParamsBySecurityType
09-18 17:36:50.133 I/SecurityParams####debug(  733): createWpa3PersonalParams
09-18 17:36:50.133 I/ScanResultUtil####debug(  733): check createSecurityParamsBySecurityType
09-18 17:36:50.133 I/ScanResultUtil####debug(  733): call createSecurityParamsBySecurityType
09-18 17:36:50.133 I/SecurityParams####debug(  733): createWpa3PersonalParams
09-18 17:36:50.133 I/ScanResultUtil####debug(  733): check createSecurityParamsBySecurityType
09-18 17:36:50.133 E/<MI3>   (  636): <ERR>_MI_TUNER_GetLock[4279]: [_MI_TUNER_GetLock][4279] *peLockStatus =  E_MI_TUNER_UNLOCK@!!!
09-18 17:36:50.133 I/ScanResultUtil####debug(  733): call createSecurityParamsBySecurityType
09-18 17:36:50.133 I/SecurityParams####debug(  733): createWpa3PersonalParams
09-18 17:36:50.133 I/ScanResultUtil####debug(  733): check createSecurityParamsBySecurityType
09-18 17:36:50.133 I/ScanResultUtil####debug(  733): check createSecurityParamsBySecurityType
09-18 17:36:50.133 I/ScanResultUtil####debug(  733): call createSecurityParamsBySecurityType
09-18 17:36:50.133 I/SecurityParams####debug(  733): createWpa3PersonalParams
09-18 17:36:50.133 I/ScanResultUtil####debug(  733): check createSecurityParamsBySecurityType
09-18 17:36:50.133 I/ScanResultUtil####debug(  733): call createSecurityParamsBySecurityType
09-18 17:36:50.133 I/SecurityParams####debug(  733): createWpa3PersonalParams
09-18 17:36:50.133 I/ScanResultUtil####debug(  733): check createSecurityParamsBySecurityType
09-18 17:36:50.133 I/ScanResultUtil####debug(  733): call createSecurityParamsBySecurityType
09-18 17:36:50.133 I/SecurityParams####debug(  733): createWpa3PersonalParams
09-18 17:36:50.133 I/ScanResultUtil####debug(  733): check createSecurityParamsBySecurityType
09-18 17:36:50.133 I/ScanResultUtil####debug(  733): call createSecurityParamsBySecurityType
09-18 17:36:50.133 I/SecurityParams####debug(  733): createWpa3PersonalParams
09-18 17:36:50.133 I/ScanResultUtil####debug(  733): check createSecurityParamsBySecurityType
09-18 17:36:50.133 I/ScanResultUtil####debug(  733): call createSecurityParamsBySecurityType
09-18 17:36:50.134 I/SecurityParams####debug(  733): createWpa3PersonalParams
09-18 17:36:50.134 I/ScanResultUtil####debug(  733): check createSecurityParamsBySecurityType
09-18 17:36:50.134 I/ScanResultUtil####debug(  733): call createSecurityParamsBySecurityType
09-18 17:36:50.134 I/SecurityParams####debug(  733): createWpa3PersonalParams
09-18 17:36:50.134 I/ScanResultUtil####debug(  733): check createSecurityParamsBySecurityType
09-18 17:36:50.134 I/ScanResultUtil####debug(  733): call createSecurityParamsBySecurityType
09-18 17:36:50.134 I/SecurityParams####debug(  733): createWpa3PersonalParams
09-18 17:36:50.134 I/ScanResultUtil####debug(  733): check createSecurityParamsBySecurityType
09-18 17:36:50.134 I/ScanResultUtil####debug(  733): call createSecurityParamsBySecurityType
09-18 17:36:50.134 I/SecurityParams####debug(  733): createWpa3PersonalParams
09-18 17:36:50.134 I/ScanResultUtil####debug(  733): check createSecurityParamsBySecurityType
09-18 17:36:50.134 I/ScanResultUtil####debug(  733): check createSecurityParamsBySecurityType
09-18 17:36:50.134 I/ScanResultUtil####debug(  733): call createSecurityParamsBySecurityType
09-18 17:36:50.134 I/SecurityParams####debug(  733): createWpa3PersonalParams
09-18 17:36:50.134 I/ScanResultUtil####debug(  733): check createSecurityParamsBySecurityType
09-18 17:36:50.134 I/ScanResultUtil####debug(  733): call createSecurityParamsBySecurityType
09-18 17:36:50.134 I/SecurityParams####debug(  733): createWpa3PersonalParams
09-18 17:36:50.134 I/ScanResultUtil####debug(  733): check createSecurityParamsBySecurityType
09-18 17:36:50.134 I/ScanResultUtil####debug(  733): call createSecurityParamsBySecurityType
09-18 17:36:50.134 I/SecurityParams####debug(  733): createWpa3PersonalParams
09-18 17:36:50.134 I/ScanResultUtil####debug(  733): check createSecurityParamsBySecurityType
09-18 17:36:50.134 I/ScanResultUtil####debug(  733): call createSecurityParamsBySecurityType
09-18 17:36:50.134 I/SecurityParams####debug(  733): createWpa3PersonalParams
09-18 17:36:50.135 I/ScanResultUtil####debug(  733): check createSecurityParamsBySecurityType
09-18 17:36:50.135 I/ScanResultUtil####debug(  733): call createSecurityParamsBySecurityType
09-18 17:36:50.135 I/SecurityParams####debug(  733): createWpa3PersonalParams
09-18 17:36:50.135 I/ScanResultUtil####debug(  733): check createSecurityParamsBySecurityType
09-18 17:36:50.135 I/ScanResultUtil####debug(  733): check createSecurityParamsBySecurityType
09-18 17:36:50.135 I/ScanResultUtil####debug(  733): call createSecurityParamsBySecurityType
09-18 17:36:50.135 I/SecurityParams####debug(  733): createWpa3PersonalParams
09-18 17:36:50.135 I/ScanResultUtil####debug(  733): check createSecurityParamsBySecurityType
09-18 17:36:50.135 I/ScanResultUtil####debug(  733): call createSecurityParamsBySecurityType
09-18 17:36:50.135 I/SecurityParams####debug(  733): createWpa3PersonalParams
09-18 17:36:50.135 I/ScanResultUtil####debug(  733): check createSecurityParamsBySecurityType
09-18 17:36:50.135 I/ScanResultUtil####debug(  733): call createSecurityParamsBySecurityType
09-18 17:36:50.135 I/SecurityParams####debug(  733): createWpa3PersonalParams
09-18 17:36:50.135 I/cast_shell( 3414): [0918/173650.135505:INFO:service_base.h(78)] Size of the map for type AuthTokenResponse is 0
09-18 17:36:50.135 I/ScanResultUtil####debug(  733): check createSecurityParamsBySecurityType
09-18 17:36:50.135 I/ScanResultUtil####debug(  733): check createSecurityParamsBySecurityType
09-18 17:36:50.135 I/ScanResultUtil####debug(  733): call createSecurityParamsBySecurityType
09-18 17:36:50.135 I/SecurityParams####debug(  733): createWpa3PersonalParams
09-18 17:36:50.135 I/ScanResultUtil####debug(  733): check createSecurityParamsBySecurityType
09-18 17:36:50.135 I/ScanResultUtil####debug(  733): call createSecurityParamsBySecurityType
09-18 17:36:50.135 I/SecurityParams####debug(  733): createWpa3PersonalParams
09-18 17:36:50.136 I/ScanResultUtil####debug(  733): check createSecurityParamsBySecurityType
