09-18 17:36:50.250 I/ScanResultUtil####debug( 1493): call createSecurityParamsBySecurityType
09-18 17:36:50.251 I/SecurityParams####debug( 1493): createWpa3PersonalParams
09-18 17:36:50.251 I/ScanResultUtil####debug( 1493): check createSecurityParamsBySecurityType
09-18 17:36:50.251 I/ScanResultUtil####debug( 1493): call createSecurityParamsBySecurityType
09-18 17:36:50.251 I/SecurityParams####debug( 1493): createWpa3PersonalParams
09-18 17:36:50.251 I/ScanResultUtil####debug( 1493): check createSecurityParamsBySecurityType
09-18 17:36:50.251 I/ScanResultUtil####debug( 1493): call createSecurityParamsBySecurityType
09-18 17:36:50.251 I/SecurityParams####debug( 1493): createWpa3PersonalParams
09-18 17:36:50.251 I/ScanResultUtil####debug( 1493): check createSecurityParamsBySecurityType
09-18 17:36:50.251 I/ScanResultUtil####debug( 1493): call createSecurityParamsBySecurityType
09-18 17:36:50.253 I/SecurityParams####debug( 1493): createWpa3PersonalParams
09-18 17:36:50.253 D/VCodecVenc(  607): [L 324][EnqueInputBuffer]
09-18 17:36:50.253 I/ScanResultUtil####debug( 1493): check createSecurityParamsBySecurityType
09-18 17:36:50.253 I/ScanResultUtil####debug( 1493): check createSecurityParamsBySecurityType
09-18 17:36:50.253 I/ScanResultUtil####debug( 1493): check createSecurityParamsBySecurityType
09-18 17:36:50.253 I/ScanResultUtil####debug( 1493): check createSecurityParamsBySecurityType
09-18 17:36:50.253 I/ScanResultUtil####debug( 1493): check createSecurityParamsBySecurityType
09-18 17:36:50.253 I/ScanResultUtil####debug( 1493): call createSecurityParamsBySecurityType
09-18 17:36:50.253 I/SecurityParams####debug( 1493): createWpa3PersonalParams
09-18 17:36:50.253 I/ScanResultUtil####debug( 1493): check createSecurityParamsBySecurityType
09-18 17:36:50.254 I/ScanResultUtil####debug( 1493): check createSecurityParamsBySecurityType
09-18 17:36:50.254 I/ScanResultUtil####debug( 1493): call createSecurityParamsBySecurityType
09-18 17:36:50.254 I/SecurityParams####debug( 1493): createWpa3PersonalParams
09-18 17:36:50.254 I/ScanResultUtil####debug( 1493): check createSecurityParamsBySecurityType
09-18 17:36:50.254 I/ScanResultUtil####debug( 1493): call createSecurityParamsBySecurityType
09-18 17:36:50.254 I/SecurityParams####debug( 1493): createWpa3PersonalParams
09-18 17:36:50.254 I/ScanResultUtil####debug( 1493): check createSecurityParamsBySecurityType
09-18 17:36:50.254 I/ScanResultUtil####debug( 1493): check createSecurityParamsBySecurityType
09-18 17:36:50.254 I/ScanResultUtil####debug( 1493): check createSecurityParamsBySecurityType
09-18 17:36:50.254 I/ScanResultUtil####debug( 1493): call createSecurityParamsBySecurityType
09-18 17:36:50.254 I/SecurityParams####debug( 1493): createWpa3PersonalParams
09-18 17:36:50.254 I/ScanResultUtil####debug( 1493): check createSecurityParamsBySecurityType
09-18 17:36:50.254 I/ScanResultUtil####debug( 1493): call createSecurityParamsBySecurityType
09-18 17:36:50.254 I/SecurityParams####debug( 1493): createWpa3PersonalParams
09-18 17:36:50.254 I/ScanResultUtil####debug( 1493): check createSecurityParamsBySecurityType
09-18 17:36:50.254 I/ScanResultUtil####debug( 1493): call createSecurityParamsBySecurityType
09-18 17:36:50.254 I/SecurityParams####debug( 1493): createWpa3PersonalParams
09-18 17:36:50.254 I/ScanResultUtil####debug( 1493): check createSecurityParamsBySecurityType
09-18 17:36:50.254 I/ScanResultUtil####debug( 1493): call createSecurityParamsBySecurityType
09-18 17:36:50.254 I/SecurityParams####debug( 1493): createWpa3PersonalParams
09-18 17:36:50.254 I/ScanResultUtil####debug( 1493): check createSecurityParamsBySecurityType
09-18 17:36:50.254 I/ScanResultUtil####debug( 1493): call createSecurityParamsBySecurityType
09-18 17:36:50.254 I/SecurityParams####debug( 1493): createWpa3PersonalParams
09-18 17:36:50.254 I/ScanResultUtil####debug( 1493): check createSecurityParamsBySecurityType
09-18 17:36:50.254 I/ScanResultUtil####debug( 1493): call createSecurityParamsBySecurityType
09-18 17:36:50.254 I/SecurityParams####debug( 1493): createWpa3PersonalParams
09-18 17:36:50.255 I/ScanResultUtil####debug( 1493): check createSecurityParamsBySecurityType
09-18 17:36:50.255 I/ScanResultUtil####debug( 1493): call createSecurityParamsBySecurityType
09-18 17:36:50.255 I/SecurityParams####debug( 1493): createWpa3PersonalParams
09-18 17:36:50.255 I/ScanResultUtil####debug( 1493): check createSecurityParamsBySecurityType
09-18 17:36:50.255 I/ScanResultUtil####debug( 1493): call createSecurityParamsBySecurityType
09-18 17:36:50.255 I/SecurityParams####debug( 1493): createWpa3PersonalParams
09-18 17:36:50.255 I/ScanResultUtil####debug( 1493): check createSecurityParamsBySecurityType
09-18 17:36:50.255 I/ScanResultUtil####debug( 1493): call createSecurityParamsBySecurityType
09-18 17:36:50.255 I/SecurityParams####debug( 1493): createWpa3PersonalParams
09-18 17:36:50.255 I/ScanResultUtil####debug( 1493): check createSecurityParamsBySecurityType
09-18 17:36:50.255 I/ScanResultUtil####debug( 1493): call createSecurityParamsBySecurityType
09-18 17:36:50.255 I/SecurityParams####debug( 1493): createWpa3PersonalParams
09-18 17:36:50.255 I/ScanResultUtil####debug( 1493): check createSecurityParamsBySecurityType
09-18 17:36:50.255 I/ScanResultUtil####debug( 1493): check createSecurityParamsBySecurityType
09-18 17:36:50.255 I/ScanResultUtil####debug( 1493): check createSecurityParamsBySecurityType
09-18 17:36:50.255 I/ScanResultUtil####debug( 1493): call createSecurityParamsBySecurityType
09-18 17:36:50.255 I/SecurityParams####debug( 1493): createWpa3PersonalParams
09-18 17:36:50.255 I/ScanResultUtil####debug( 1493): check createSecurityParamsBySecurityType
09-18 17:36:50.255 I/ScanResultUtil####debug( 1493): call createSecurityParamsBySecurityType
09-18 17:36:50.255 I/SecurityParams####debug( 1493): createWpa3PersonalParams
09-18 17:36:50.255 I/ScanResultUtil####debug( 1493): check createSecurityParamsBySecurityType
09-18 17:36:50.255 I/ScanResultUtil####debug( 1493): call createSecurityParamsBySecurityType
09-18 17:36:50.255 I/SecurityParams####debug( 1493): createWpa3PersonalParams
09-18 17:36:50.256 I/ScanResultUtil####debug( 1493): check createSecurityParamsBySecurityType
09-18 17:36:50.256 I/ScanResultUtil####debug( 1493): call createSecurityParamsBySecurityType
09-18 17:36:50.256 I/SecurityParams####debug( 1493): createWpa3PersonalParams
09-18 17:36:50.256 I/ScanResultUtil####debug( 1493): check createSecurityParamsBySecurityType
09-18 17:36:50.256 I/ScanResultUtil####debug( 1493): call createSecurityParamsBySecurityType
09-18 17:36:50.256 I/SecurityParams####debug( 1493): createWpa3PersonalParams
09-18 17:36:50.256 I/ScanResultUtil####debug( 1493): check createSecurityParamsBySecurityType
09-18 17:36:50.256 I/ScanResultUtil####debug( 1493): call createSecurityParamsBySecurityType
09-18 17:36:50.256 I/SecurityParams####debug( 1493): createWpa3PersonalParams
09-18 17:36:50.256 I/ScanResultUtil####debug( 1493): check createSecurityParamsBySecurityType
09-18 17:36:50.256 I/ScanResultUtil####debug( 1493): check createSecurityParamsBySecurityType
09-18 17:36:50.256 I/ScanResultUtil####debug( 1493): check createSecurityParamsBySecurityType
09-18 17:36:50.256 I/ScanResultUtil####debug( 1493): check createSecurityParamsBySecurityType
09-18 17:36:50.256 I/ScanResultUtil####debug( 1493): check createSecurityParamsBySecurityType
09-18 17:36:50.256 I/ScanResultUtil####debug( 1493): check createSecurityParamsBySecurityType
09-18 17:36:50.256 I/ScanResultUtil####debug( 1493): call createSecurityParamsBySecurityType
09-18 17:36:50.256 I/SecurityParams####debug( 1493): createWpa3PersonalParams
09-18 17:36:50.256 I/ScanResultUtil####debug( 1493): check createSecurityParamsBySecurityType
09-18 17:36:50.256 I/ScanResultUtil####debug( 1493): call createSecurityParamsBySecurityType
09-18 17:36:50.256 I/SecurityParams####debug( 1493): createWpa3PersonalParams
09-18 17:36:50.256 I/ScanResultUtil####debug( 1493): check createSecurityParamsBySecurityType
09-18 17:36:50.256 I/ScanResultUtil####debug( 1493): call createSecurityParamsBySecurityType
09-18 17:36:50.256 I/SecurityParams####debug( 1493): createWpa3PersonalParams
09-18 17:36:50.256 I/ScanResultUtil####debug( 1493): check createSecurityParamsBySecurityType
09-18 17:36:50.257 I/ScanResultUtil####debug( 1493): call createSecurityParamsBySecurityType
09-18 17:36:50.257 I/SecurityParams####debug( 1493): createWpa3PersonalParams
09-18 17:36:50.257 I/ScanResultUtil####debug( 1493): check createSecurityParamsBySecurityType
09-18 17:36:50.257 I/ScanResultUtil####debug( 1493): call createSecurityParamsBySecurityType
09-18 17:36:50.257 I/SecurityParams####debug( 1493): createWpa3PersonalParams
09-18 17:36:50.257 I/ScanResultUtil####debug( 1493): check createSecurityParamsBySecurityType
09-18 17:36:50.257 I/ScanResultUtil####debug( 1493): call createSecurityParamsBySecurityType
09-18 17:36:50.257 I/SecurityParams####debug( 1493): createWpa3PersonalParams
09-18 17:36:50.257 I/ScanResultUtil####debug( 1493): check createSecurityParamsBySecurityType
09-18 17:36:50.257 I/ScanResultUtil####debug( 1493): call createSecurityParamsBySecurityType
09-18 17:36:50.257 I/SecurityParams####debug( 1493): createWpa3PersonalParams
09-18 17:36:50.257 I/ScanResultUtil####debug( 1493): check createSecurityParamsBySecurityType
09-18 17:36:50.257 I/ScanResultUtil####debug( 1493): call createSecurityParamsBySecurityType
09-18 17:36:50.258 I/SecurityParams####debug( 1493): createWpa3PersonalParams
09-18 17:36:50.258 I/ScanResultUtil####debug( 1493): check createSecurityParamsBySecurityType
09-18 17:36:50.258 I/ScanResultUtil####debug( 1493): call createSecurityParamsBySecurityType
09-18 17:36:50.258 I/SecurityParams####debug( 1493): createWpa3PersonalParams
09-18 17:36:50.258 I/ScanResultUtil####debug( 1493): check createSecurityParamsBySecurityType
09-18 17:36:50.258 I/ScanResultUtil####debug( 1493): call createSecurityParamsBySecurityType
09-18 17:36:50.258 I/SecurityParams####debug( 1493): createWpa3PersonalParams
09-18 17:36:50.258 I/ScanResultUtil####debug( 1493): check createSecurityParamsBySecurityType
09-18 17:36:50.258 I/ScanResultUtil####debug( 1493): call createSecurityParamsBySecurityType
09-18 17:36:50.258 I/SecurityParams####debug( 1493): createWpa3PersonalParams
09-18 17:36:50.259 I/ScanResultUtil####debug( 1493): check createSecurityParamsBySecurityType
09-18 17:36:50.259 I/ScanResultUtil####debug( 1493): call createSecurityParamsBySecurityType
09-18 17:36:50.259 I/SecurityParams####debug( 1493): createWpa3PersonalParams
09-18 17:36:50.259 I/ScanResultUtil####debug( 1493): check createSecurityParamsBySecurityType
09-18 17:36:50.259 I/ScanResultUtil####debug( 1493): call createSecurityParamsBySecurityType
09-18 17:36:50.259 I/SecurityParams####debug( 1493): createWpa3PersonalParams
09-18 17:36:50.259 I/ScanResultUtil####debug( 1493): check createSecurityParamsBySecurityType
09-18 17:36:50.259 I/ScanResultUtil####debug( 1493): call createSecurityParamsBySecurityType
09-18 17:36:50.259 I/SecurityParams####debug( 1493): createWpa3PersonalParams
09-18 17:36:50.259 I/ScanResultUtil####debug( 1493): check createSecurityParamsBySecurityType
09-18 17:36:50.259 I/ScanResultUtil####debug( 1493): call createSecurityParamsBySecurityType
09-18 17:36:50.259 I/SecurityParams####debug( 1493): createWpa3PersonalParams
09-18 17:36:50.259 I/ScanResultUtil####debug( 1493): check createSecurityParamsBySecurityType
09-18 17:36:50.259 I/ScanResultUtil####debug( 1493): call createSecurityParamsBySecurityType
09-18 17:36:50.259 I/SecurityParams####debug( 1493): createWpa3PersonalParams
09-18 17:36:50.259 I/ScanResultUtil####debug( 1493): check createSecurityParamsBySecurityType
09-18 17:36:50.259 I/ScanResultUtil####debug( 1493): call createSecurityParamsBySecurityType
09-18 17:36:50.260 I/SecurityParams####debug( 1493): createWpa3PersonalParams
09-18 17:36:50.260 I/ScanResultUtil####debug( 1493): check createSecurityParamsBySecurityType
09-18 17:36:50.260 I/ScanResultUtil####debug( 1493): call createSecurityParamsBySecurityType
09-18 17:36:50.260 I/SecurityParams####debug( 1493): createWpa3PersonalParams
09-18 17:36:50.260 I/ScanResultUtil####debug( 1493): check createSecurityParamsBySecurityType
09-18 17:36:50.260 I/ScanResultUtil####debug( 1493): call createSecurityParamsBySecurityType
09-18 17:36:50.260 I/SecurityParams####debug( 1493): createWpa3PersonalParams
09-18 17:36:50.260 I/ScanResultUtil####debug( 1493): check createSecurityParamsBySecurityType
09-18 17:36:50.260 I/ScanResultUtil####debug( 1493): check createSecurityParamsBySecurityType
09-18 17:36:50.260 I/ScanResultUtil####debug( 1493): call createSecurityParamsBySecurityType
09-18 17:36:50.260 I/SecurityParams####debug( 1493): createWpa3PersonalParams
09-18 17:36:50.260 I/ScanResultUtil####debug( 1493): check createSecurityParamsBySecurityType
09-18 17:36:50.260 I/ScanResultUtil####debug( 1493): call createSecurityParamsBySecurityType
09-18 17:36:50.260 I/SecurityParams####debug( 1493): createWpa3PersonalParams
09-18 17:36:50.260 I/ScanResultUtil####debug( 1493): check createSecurityParamsBySecurityType
09-18 17:36:50.260 I/ScanResultUtil####debug( 1493): call createSecurityParamsBySecurityType
09-18 17:36:50.261 I/SecurityParams####debug( 1493): createWpa3PersonalParams
09-18 17:36:50.261 E/<MI3>   (  636): <ERR>_MI_TUNER_GetLock[4279]: [_MI_TUNER_GetLock][4279] *peLockStatus =  E_MI_TUNER_UNLOCK@!!!
09-18 17:36:50.262 I/ScanResultUtil####debug( 1493): check createSecurityParamsBySecurityType
09-18 17:36:50.262 I/ScanResultUtil####debug( 1493): call createSecurityParamsBySecurityType
09-18 17:36:50.262 I/SecurityParams####debug( 1493): createWpa3PersonalParams
09-18 17:36:50.262 I/ScanResultUtil####debug( 1493): check createSecurityParamsBySecurityType
09-18 17:36:50.262 I/ScanResultUtil####debug( 1493): call createSecurityParamsBySecurityType
09-18 17:36:50.262 I/SecurityParams####debug( 1493): createWpa3PersonalParams
09-18 17:36:50.263 I/ScanResultUtil####debug( 1493): check createSecurityParamsBySecurityType
09-18 17:36:50.263 I/ScanResultUtil####debug( 1493): check createSecurityParamsBySecurityType
09-18 17:36:50.263 I/ScanResultUtil####debug( 1493): call createSecurityParamsBySecurityType
09-18 17:36:50.263 I/SecurityParams####debug( 1493): createWpa3PersonalParams
09-18 17:36:50.263 I/ScanResultUtil####debug( 1493): check createSecurityParamsBySecurityType
09-18 17:36:50.263 I/ScanResultUtil####debug( 1493): check createSecurityParamsBySecurityType
09-18 17:36:50.263 I/ScanResultUtil####debug( 1493): call createSecurityParamsBySecurityType
09-18 17:36:50.263 I/SecurityParams####debug( 1493): createWpa3PersonalParams
09-18 17:36:50.264 I/ScanResultUtil####debug( 1493): check createSecurityParamsBySecurityType
09-18 17:36:50.264 I/ScanResultUtil####debug( 1493): call createSecurityParamsBySecurityType
09-18 17:36:50.264 I/SecurityParams####debug( 1493): createWpa3PersonalParams
09-18 17:36:50.264 I/ScanResultUtil####debug( 1493): check createSecurityParamsBySecurityType
09-18 17:36:50.264 I/ScanResultUtil####debug( 1493): check createSecurityParamsBySecurityType
09-18 17:36:50.264 I/ScanResultUtil####debug( 1493): call createSecurityParamsBySecurityType
09-18 17:36:50.264 I/SecurityParams####debug( 1493): createWpa3PersonalParams
09-18 17:36:50.264 I/ScanResultUtil####debug( 1493): check createSecurityParamsBySecurityType
09-18 17:36:50.264 I/ScanResultUtil####debug( 1493): call createSecurityParamsBySecurityType
09-18 17:36:50.264 I/SecurityParams####debug( 1493): createWpa3PersonalParams
09-18 17:36:50.264 I/ScanResultUtil####debug( 1493): check createSecurityParamsBySecurityType
09-18 17:36:50.264 I/ScanResultUtil####debug( 1493): call createSecurityParamsBySecurityType
09-18 17:36:50.264 I/SecurityParams####debug( 1493): createWpa3PersonalParams
09-18 17:36:50.264 I/ScanResultUtil####debug( 1493): check createSecurityParamsBySecurityType
09-18 17:36:50.264 I/ScanResultUtil####debug( 1493): call createSecurityParamsBySecurityType
09-18 17:36:50.264 I/SecurityParams####debug( 1493): createWpa3PersonalParams
09-18 17:36:50.265 I/ScanResultUtil####debug( 1493): check createSecurityParamsBySecurityType
09-18 17:36:50.265 I/ScanResultUtil####debug( 1493): call createSecurityParamsBySecurityType
09-18 17:36:50.265 I/SecurityParams####debug( 1493): createWpa3PersonalParams
09-18 17:36:50.265 I/ScanResultUtil####debug( 1493): check createSecurityParamsBySecurityType
09-18 17:36:50.265 I/ScanResultUtil####debug( 1493): check createSecurityParamsBySecurityType
09-18 17:36:50.265 I/ScanResultUtil####debug( 1493): check createSecurityParamsBySecurityType
09-18 17:36:50.265 I/ScanResultUtil####debug( 1493): call createSecurityParamsBySecurityType
09-18 17:36:50.265 I/SecurityParams####debug( 1493): createWpa3PersonalParams
09-18 17:36:50.265 I/ScanResultUtil####debug( 1493): check createSecurityParamsBySecurityType
09-18 17:36:50.265 I/ScanResultUtil####debug( 1493): call createSecurityParamsBySecurityType
09-18 17:36:50.265 I/SecurityParams####debug( 1493): createWpa3PersonalParams
09-18 17:36:50.265 I/ScanResultUtil####debug( 1493): check createSecurityParamsBySecurityType
09-18 17:36:50.265 I/ScanResultUtil####debug( 1493): call createSecurityParamsBySecurityType
09-18 17:36:50.265 I/SecurityParams####debug( 1493): createWpa3PersonalParams
09-18 17:36:50.265 I/ScanResultUtil####debug( 1493): check createSecurityParamsBySecurityType
09-18 17:36:50.265 I/ScanResultUtil####debug( 1493): call createSecurityParamsBySecurityType
09-18 17:36:50.265 I/SecurityParams####debug( 1493): createWpa3PersonalParams
09-18 17:36:50.265 I/ScanResultUtil####debug( 1493): check createSecurityParamsBySecurityType
09-18 17:36:50.265 I/ScanResultUtil####debug( 1493): call createSecurityParamsBySecurityType
09-18 17:36:50.265 I/SecurityParams####debug( 1493): createWpa3PersonalParams
09-18 17:36:50.266 I/ScanResultUtil####debug( 1493): check createSecurityParamsBySecurityType
09-18 17:36:50.266 I/ScanResultUtil####debug( 1493): call createSecurityParamsBySecurityType
09-18 17:36:50.266 I/SecurityParams####debug( 1493): createWpa3PersonalParams
09-18 17:36:50.266 I/ScanResultUtil####debug( 1493): check createSecurityParamsBySecurityType
09-18 17:36:50.266 I/ScanResultUtil####debug( 1493): call createSecurityParamsBySecurityType
09-18 17:36:50.266 I/SecurityParams####debug( 1493): createWpa3PersonalParams
09-18 17:36:50.266 I/ScanResultUtil####debug( 1493): check createSecurityParamsBySecurityType
09-18 17:36:50.266 I/ScanResultUtil####debug( 1493): call createSecurityParamsBySecurityType
09-18 17:36:50.266 I/SecurityParams####debug( 1493): createWpa3PersonalParams
09-18 17:36:50.266 I/ScanResultUtil####debug( 1493): check createSecurityParamsBySecurityType
09-18 17:36:50.266 I/ScanResultUtil####debug( 1493): call createSecurityParamsBySecurityType
09-18 17:36:50.266 I/SecurityParams####debug( 1493): createWpa3PersonalParams
09-18 17:36:50.266 I/ScanResultUtil####debug( 1493): check createSecurityParamsBySecurityType
09-18 17:36:50.266 I/ScanResultUtil####debug( 1493): call createSecurityParamsBySecurityType
09-18 17:36:50.267 I/SecurityParams####debug( 1493): createWpa3PersonalParams
09-18 17:36:50.267 I/ScanResultUtil####debug( 1493): check createSecurityParamsBySecurityType
09-18 17:36:50.267 I/ScanResultUtil####debug( 1493): check createSecurityParamsBySecurityType
09-18 17:36:50.267 I/ScanResultUtil####debug( 1493): check createSecurityParamsBySecurityType
09-18 17:36:50.267 I/ScanResultUtil####debug( 1493): check createSecurityParamsBySecurityType
09-18 17:36:50.267 I/ScanResultUtil####debug( 1493): check createSecurityParamsBySecurityType
09-18 17:36:50.267 I/ScanResultUtil####debug( 1493): check createSecurityParamsBySecurityType
09-18 17:36:50.267 I/ScanResultUtil####debug( 1493): check createSecurityParamsBySecurityType
09-18 17:36:50.267 I/ScanResultUtil####debug( 1493): call createSecurityParamsBySecurityType
09-18 17:36:50.267 I/SecurityParams####debug( 1493): createWpa3PersonalParams
09-18 17:36:50.267 I/ScanResultUtil####debug( 1493): check createSecurityParamsBySecurityType
09-18 17:36:50.267 I/ScanResultUtil####debug( 1493): call createSecurityParamsBySecurityType
09-18 17:36:50.267 I/SecurityParams####debug( 1493): createWpa3PersonalParams
09-18 17:36:50.267 I/ScanResultUtil####debug( 1493): check createSecurityParamsBySecurityType
09-18 17:36:50.267 I/ScanResultUtil####debug( 1493): call createSecurityParamsBySecurityType
09-18 17:36:50.267 I/SecurityParams####debug( 1493): createWpa3PersonalParams
09-18 17:36:50.267 I/ScanResultUtil####debug( 1493): check createSecurityParamsBySecurityType
09-18 17:36:50.267 I/ScanResultUtil####debug( 1493): call createSecurityParamsBySecurityType
09-18 17:36:50.267 I/SecurityParams####debug( 1493): createWpa3PersonalParams
09-18 17:36:50.267 I/ScanResultUtil####debug( 1493): check createSecurityParamsBySecurityType
09-18 17:36:50.267 I/ScanResultUtil####debug( 1493): call createSecurityParamsBySecurityType
09-18 17:36:50.267 I/SecurityParams####debug( 1493): createWpa3PersonalParams
09-18 17:36:50.267 I/ScanResultUtil####debug( 1493): check createSecurityParamsBySecurityType
09-18 17:36:50.267 I/ScanResultUtil####debug( 1493): call createSecurityParamsBySecurityType
09-18 17:36:50.268 I/SecurityParams####debug( 1493): createWpa3PersonalParams
09-18 17:36:50.268 I/ScanResultUtil####debug( 1493): check createSecurityParamsBySecurityType
09-18 17:36:50.268 I/ScanResultUtil####debug( 1493): call createSecurityParamsBySecurityType
09-18 17:36:50.268 I/SecurityParams####debug( 1493): createWpa3PersonalParams
09-18 17:36:50.268 I/ScanResultUtil####debug( 1493): check createSecurityParamsBySecurityType
09-18 17:36:50.268 I/ScanResultUtil####debug( 1493): check createSecurityParamsBySecurityType
09-18 17:36:50.268 I/ScanResultUtil####debug( 1493): check createSecurityParamsBySecurityType
09-18 17:36:50.268 I/ScanResultUtil####debug( 1493): check createSecurityParamsBySecurityType
09-18 17:36:50.268 I/ScanResultUtil####debug( 1493): check createSecurityParamsBySecurityType
09-18 17:36:50.268 I/ScanResultUtil####debug( 1493): call createSecurityParamsBySecurityType
09-18 17:36:50.268 I/SecurityParams####debug( 1493): createWpa3PersonalParams
09-18 17:36:50.268 I/ScanResultUtil####debug( 1493): check createSecurityParamsBySecurityType
09-18 17:36:50.268 I/ScanResultUtil####debug( 1493): call createSecurityParamsBySecurityType
09-18 17:36:50.268 I/SecurityParams####debug( 1493): createWpa3PersonalParams
09-18 17:36:50.268 I/ScanResultUtil####debug( 1493): check createSecurityParamsBySecurityType
09-18 17:36:50.268 I/ScanResultUtil####debug( 1493): call createSecurityParamsBySecurityType
09-18 17:36:50.268 I/SecurityParams####debug( 1493): createWpa3PersonalParams
09-18 17:36:50.268 I/ScanResultUtil####debug( 1493): check createSecurityParamsBySecurityType
09-18 17:36:50.268 I/ScanResultUtil####debug( 1493): check createSecurityParamsBySecurityType
09-18 17:36:50.268 I/ScanResultUtil####debug( 1493): check createSecurityParamsBySecurityType
09-18 17:36:50.268 I/ScanResultUtil####debug( 1493): check createSecurityParamsBySecurityType
09-18 17:36:50.268 I/ScanResultUtil####debug( 1493): call createSecurityParamsBySecurityType
09-18 17:36:50.268 I/SecurityParams####debug( 1493): createWpa3PersonalParams
09-18 17:36:50.268 I/ScanResultUtil####debug( 1493): check createSecurityParamsBySecurityType
09-18 17:36:50.269 I/ScanResultUtil####debug( 1493): call createSecurityParamsBySecurityType
09-18 17:36:50.269 I/SecurityParams####debug( 1493): createWpa3PersonalParams
09-18 17:36:50.269 I/ScanResultUtil####debug( 1493): check createSecurityParamsBySecurityType
09-18 17:36:50.269 I/ScanResultUtil####debug( 1493): call createSecurityParamsBySecurityType
09-18 17:36:50.269 I/SecurityParams####debug( 1493): createWpa3PersonalParams
09-18 17:36:50.269 I/ScanResultUtil####debug( 1493): check createSecurityParamsBySecurityType
09-18 17:36:50.269 I/ScanResultUtil####debug( 1493): call createSecurityParamsBySecurityType
09-18 17:36:50.269 I/SecurityParams####debug( 1493): createWpa3PersonalParams
09-18 17:36:50.269 I/ScanResultUtil####debug( 1493): check createSecurityParamsBySecurityType
09-18 17:36:50.269 I/ScanResultUtil####debug( 1493): call createSecurityParamsBySecurityType
09-18 17:36:50.269 I/SecurityParams####debug( 1493): createWpa3PersonalParams
09-18 17:36:50.269 I/ScanResultUtil####debug( 1493): check createSecurityParamsBySecurityType
09-18 17:36:50.269 I/ScanResultUtil####debug( 1493): call createSecurityParamsBySecurityType
09-18 17:36:50.269 I/SecurityParams####debug( 1493): createWpa3PersonalParams
09-18 17:36:50.271 I/ScanResultUtil####debug( 1493): check createSecurityParamsBySecurityType
09-18 17:36:50.271 I/ScanResultUtil####debug( 1493): call createSecurityParamsBySecurityType
09-18 17:36:50.271 I/SecurityParams####debug( 1493): createWpa3PersonalParams
09-18 17:36:50.272 I/ScanResultUtil####debug( 1493): check createSecurityParamsBySecurityType
09-18 17:36:50.272 E/<MI3>   (  636): <ERR>_MI_TUNER_GetLock[4279]: [_MI_TUNER_GetLock][4279] *peLockStatus =  E_MI_TUNER_UNLOCK@!!!
09-18 17:36:50.272 I/ScanResultUtil####debug( 1493): call createSecurityParamsBySecurityType
09-18 17:36:50.272 I/SecurityParams####debug( 1493): createWpa3PersonalParams
09-18 17:36:50.272 I/ScanResultUtil####debug( 1493): check createSecurityParamsBySecurityType
09-18 17:36:50.272 I/ScanResultUtil####debug( 1493): call createSecurityParamsBySecurityType
09-18 17:36:50.272 I/SecurityParams####debug( 1493): createWpa3PersonalParams
09-18 17:36:50.272 I/ScanResultUtil####debug( 1493): check createSecurityParamsBySecurityType
09-18 17:36:50.272 I/ScanResultUtil####debug( 1493): call createSecurityParamsBySecurityType
09-18 17:36:50.272 I/SecurityParams####debug( 1493): createWpa3PersonalParams
09-18 17:36:50.273 I/ScanResultUtil####debug( 1493): check createSecurityParamsBySecurityType
09-18 17:36:50.273 I/ScanResultUtil####debug( 1493): call createSecurityParamsBySecurityType
09-18 17:36:50.273 I/SecurityParams####debug( 1493): createWpa3PersonalParams
09-18 17:36:50.273 I/ScanResultUtil####debug( 1493): check createSecurityParamsBySecurityType
09-18 17:36:50.273 I/ScanResultUtil####debug( 1493): call createSecurityParamsBySecurityType
09-18 17:36:50.273 I/SecurityParams####debug( 1493): createWpa3PersonalParams
09-18 17:36:50.273 I/ScanResultUtil####debug( 1493): check createSecurityParamsBySecurityType
09-18 17:36:50.273 I/ScanResultUtil####debug( 1493): call createSecurityParamsBySecurityType
09-18 17:36:50.273 I/SecurityParams####debug( 1493): createWpa3PersonalParams
09-18 17:36:50.274 I/ScanResultUtil####debug( 1493): check createSecurityParamsBySecurityType
09-18 17:36:50.274 I/ScanResultUtil####debug( 1493): call createSecurityParamsBySecurityType
09-18 17:36:50.274 I/SecurityParams####debug( 1493): createWpa3PersonalParams
09-18 17:36:50.275 I/ScanResultUtil####debug( 1493): check createSecurityParamsBySecurityType
09-18 17:36:50.275 I/ScanResultUtil####debug( 1493): call createSecurityParamsBySecurityType
09-18 17:36:50.275 I/SecurityParams####debug( 1493): createWpa3PersonalParams
09-18 17:36:50.275 I/ScanResultUtil####debug( 1493): check createSecurityParamsBySecurityType
09-18 17:36:50.275 I/ScanResultUtil####debug( 1493): call createSecurityParamsBySecurityType
09-18 17:36:50.275 I/SecurityParams####debug( 1493): createWpa3PersonalParams
09-18 17:36:50.276 I/ScanResultUtil####debug( 1493): check createSecurityParamsBySecurityType
09-18 17:36:50.276 I/ScanResultUtil####debug( 1493): call createSecurityParamsBySecurityType
09-18 17:36:50.276 I/SecurityParams####debug( 1493): createWpa3PersonalParams
09-18 17:36:50.277 I/ScanResultUtil####debug( 1493): check createSecurityParamsBySecurityType
09-18 17:36:50.277 I/ScanResultUtil####debug( 1493): call createSecurityParamsBySecurityType
09-18 17:36:50.277 I/SecurityParams####debug( 1493): createWpa3PersonalParams
09-18 17:36:50.277 I/ScanResultUtil####debug( 1493): check createSecurityParamsBySecurityType
09-18 17:36:50.277 I/ScanResultUtil####debug( 1493): call createSecurityParamsBySecurityType
09-18 17:36:50.277 I/SecurityParams####debug( 1493): createWpa3PersonalParams
09-18 17:36:50.278 I/ScanResultUtil####debug( 1493): check createSecurityParamsBySecurityType
09-18 17:36:50.278 D/android.hardware.media.c2@1.1-mediatek(  607): [import_mtk_dtv_native_buffer(): 717] mst buffer is secure: 0
09-18 17:36:50.278 I/ScanResultUtil####debug( 1493): call createSecurityParamsBySecurityType
09-18 17:36:50.278 I/SecurityParams####debug( 1493): createWpa3PersonalParams
09-18 17:36:50.278 D/VCodecVencImpl(  607): [L 572][MtkVencSetConfig]
09-18 17:36:50.279 D/android.hardware.media.c2@1.1-mediatek(  607): [import_mtk_dtv_native_buffer(): 717] mst buffer is secure: 0
09-18 17:36:50.283 I/kernel  ( 6265): [  277.544184][MTK_V4L2] level=0 vidioc_venc_qbuf(),1318: [4] id=0 getdata FB(2088960,2) vb=000000000c42c7f0 pts=0
09-18 17:36:50.283 E/<MI3>   (  636): <ERR>_MI_TUNER_GetLock[4279]: [_MI_TUNER_GetLock][4279] *peLockStatus =  E_MI_TUNER_UNLOCK@!!!
09-18 17:36:50.284 D/VCodecVenc(  607): [L 324][EnqueInputBuffer]
09-18 17:36:50.284 I/ScanResultUtil####debug( 1493): check createSecurityParamsBySecurityType
09-18 17:36:50.284 I/ScanResultUtil####debug( 1493): call createSecurityParamsBySecurityType
09-18 17:36:50.284 I/SecurityParams####debug( 1493): createWpa3PersonalParams
09-18 17:36:50.286 I/ScanResultUtil####debug( 1493): check createSecurityParamsBySecurityType
09-18 17:36:50.286 I/ScanResultUtil####debug( 1493): call createSecurityParamsBySecurityType
09-18 17:36:50.286 I/SecurityParams####debug( 1493): createWpa3PersonalParams
09-18 17:36:50.287 I/ScanResultUtil####debug( 1493): check createSecurityParamsBySecurityType
09-18 17:36:50.287 I/ScanResultUtil####debug( 1493): check createSecurityParamsBySecurityType
09-18 17:36:50.287 I/ScanResultUtil####debug( 1493): call createSecurityParamsBySecurityType
09-18 17:36:50.287 I/SecurityParams####debug( 1493): createWpa3PersonalParams
09-18 17:36:50.287 I/ScanResultUtil####debug( 1493): check createSecurityParamsBySecurityType
09-18 17:36:50.287 I/ScanResultUtil####debug( 1493): call createSecurityParamsBySecurityType
09-18 17:36:50.287 I/SecurityParams####debug( 1493): createWpa3PersonalParams
09-18 17:36:50.287 I/ScanResultUtil####debug( 1493): check createSecurityParamsBySecurityType
09-18 17:36:50.287 I/ScanResultUtil####debug( 1493): call createSecurityParamsBySecurityType
09-18 17:36:50.287 I/SecurityParams####debug( 1493): createWpa3PersonalParams
09-18 17:36:50.288 I/ScanResultUtil####debug( 1493): check createSecurityParamsBySecurityType
09-18 17:36:50.288 I/ScanResultUtil####debug( 1493): call createSecurityParamsBySecurityType
09-18 17:36:50.288 I/SecurityParams####debug( 1493): createWpa3PersonalParams
09-18 17:36:50.288 I/ScanResultUtil####debug( 1493): check createSecurityParamsBySecurityType
09-18 17:36:50.288 I/ScanResultUtil####debug( 1493): call createSecurityParamsBySecurityType
09-18 17:36:50.288 I/SecurityParams####debug( 1493): createWpa3PersonalParams
09-18 17:36:50.288 I/ScanResultUtil####debug( 1493): check createSecurityParamsBySecurityType
09-18 17:36:50.288 I/ScanResultUtil####debug( 1493): call createSecurityParamsBySecurityType
09-18 17:36:50.289 I/SecurityParams####debug( 1493): createWpa3PersonalParams
09-18 17:36:50.289 I/ScanResultUtil####debug( 1493): check createSecurityParamsBySecurityType
09-18 17:36:50.289 I/ScanResultUtil####debug( 1493): call createSecurityParamsBySecurityType
09-18 17:36:50.289 I/SecurityParams####debug( 1493): createWpa3PersonalParams
09-18 17:36:50.289 I/ScanResultUtil####debug( 1493): check createSecurityParamsBySecurityType
09-18 17:36:50.289 I/ScanResultUtil####debug( 1493): call createSecurityParamsBySecurityType
09-18 17:36:50.289 I/SecurityParams####debug( 1493): createWpa3PersonalParams
09-18 17:36:50.289 I/ScanResultUtil####debug( 1493): check createSecurityParamsBySecurityType
09-18 17:36:50.290 I/ScanResultUtil####debug( 1493): call createSecurityParamsBySecurityType
09-18 17:36:50.290 I/SecurityParams####debug( 1493): createWpa3PersonalParams
09-18 17:36:50.290 I/ScanResultUtil####debug( 1493): check createSecurityParamsBySecurityType
09-18 17:36:50.290 I/ScanResultUtil####debug( 1493): call createSecurityParamsBySecurityType
09-18 17:36:50.290 I/SecurityParams####debug( 1493): createWpa3PersonalParams
09-18 17:36:50.291 I/ScanResultUtil####debug( 1493): check createSecurityParamsBySecurityType
09-18 17:36:50.291 I/ScanResultUtil####debug( 1493): call createSecurityParamsBySecurityType
09-18 17:36:50.291 I/SecurityParams####debug( 1493): createWpa3PersonalParams
09-18 17:36:50.291 I/ScanResultUtil####debug( 1493): check createSecurityParamsBySecurityType
09-18 17:36:50.292 I/ScanResultUtil####debug( 1493): call createSecurityParamsBySecurityType
09-18 17:36:50.292 I/SecurityParams####debug( 1493): createWpa3PersonalParams
09-18 17:36:50.292 I/ScanResultUtil####debug( 1493): check createSecurityParamsBySecurityType
09-18 17:36:50.292 I/ScanResultUtil####debug( 1493): call createSecurityParamsBySecurityType
09-18 17:36:50.292 I/SecurityParams####debug( 1493): createWpa3PersonalParams
09-18 17:36:50.293 I/ScanResultUtil####debug( 1493): check createSecurityParamsBySecurityType
09-18 17:36:50.293 I/ScanResultUtil####debug( 1493): call createSecurityParamsBySecurityType
09-18 17:36:50.293 I/SecurityParams####debug( 1493): createWpa3PersonalParams
09-18 17:36:50.293 I/ScanResultUtil####debug( 1493): check createSecurityParamsBySecurityType
09-18 17:36:50.294 I/ScanResultUtil####debug( 1493): call createSecurityParamsBySecurityType
09-18 17:36:50.294 I/SecurityParams####debug( 1493): createWpa3PersonalParams
09-18 17:36:50.294 I/ScanResultUtil####debug( 1493): check createSecurityParamsBySecurityType
09-18 17:36:50.294 E/<MI3>   (  636): <ERR>_MI_TUNER_GetLock[4279]: [_MI_TUNER_GetLock][4279] *peLockStatus =  E_MI_TUNER_UNLOCK@!!!
09-18 17:36:50.294 I/ScanResultUtil####debug( 1493): call createSecurityParamsBySecurityType
09-18 17:36:50.294 I/SecurityParams####debug( 1493): createWpa3PersonalParams
09-18 17:36:50.296 I/ScanResultUtil####debug( 1493): check createSecurityParamsBySecurityType
09-18 17:36:50.296 I/ScanResultUtil####debug( 1493): call createSecurityParamsBySecurityType
09-18 17:36:50.296 I/SecurityParams####debug( 1493): createWpa3PersonalParams
09-18 17:36:50.296 E/<MI3>   (  636): <ERR>_MI_TUNER_GetLock[4279]: [_MI_TUNER_GetLock][4279] *peLockStatus =  E_MI_TUNER_UNLOCK@!!!
09-18 17:36:50.297 I/ScanResultUtil####debug( 1493): check createSecurityParamsBySecurityType
09-18 17:36:50.297 I/ScanResultUtil####debug( 1493): call createSecurityParamsBySecurityType
09-18 17:36:50.297 I/SecurityParams####debug( 1493): createWpa3PersonalParams
09-18 17:36:50.297 I/ScanResultUtil####debug( 1493): check createSecurityParamsBySecurityType
09-18 17:36:50.297 I/ScanResultUtil####debug( 1493): call createSecurityParamsBySecurityType
09-18 17:36:50.298 I/SecurityParams####debug( 1493): createWpa3PersonalParams
09-18 17:36:50.298 I/ScanResultUtil####debug( 1493): check createSecurityParamsBySecurityType
09-18 17:36:50.298 I/ScanResultUtil####debug( 1493): call createSecurityParamsBySecurityType
09-18 17:36:50.298 I/SecurityParams####debug( 1493): createWpa3PersonalParams
09-18 17:36:50.298 I/ScanResultUtil####debug( 1493): check createSecurityParamsBySecurityType
09-18 17:36:50.298 I/ScanResultUtil####debug( 1493): call createSecurityParamsBySecurityType
09-18 17:36:50.299 I/SecurityParams####debug( 1493): createWpa3PersonalParams
09-18 17:36:50.299 I/ScanResultUtil####debug( 1493): check createSecurityParamsBySecurityType
09-18 17:36:50.299 I/ScanResultUtil####debug( 1493): call createSecurityParamsBySecurityType
09-18 17:36:50.299 I/SecurityParams####debug( 1493): createWpa3PersonalParams
09-18 17:36:50.299 I/ScanResultUtil####debug( 1493): check createSecurityParamsBySecurityType
09-18 17:36:50.299 I/ScanResultUtil####debug( 1493): call createSecurityParamsBySecurityType
09-18 17:36:50.299 I/SecurityParams####debug( 1493): createWpa3PersonalParams
09-18 17:36:50.300 I/ScanResultUtil####debug( 1493): check createSecurityParamsBySecurityType
09-18 17:36:50.300 I/ScanResultUtil####debug( 1493): call createSecurityParamsBySecurityType
09-18 17:36:50.300 I/SecurityParams####debug( 1493): createWpa3PersonalParams
09-18 17:36:50.300 I/ScanResultUtil####debug( 1493): check createSecurityParamsBySecurityType
09-18 17:36:50.300 I/ScanResultUtil####debug( 1493): call createSecurityParamsBySecurityType
09-18 17:36:50.300 I/SecurityParams####debug( 1493): createWpa3PersonalParams
09-18 17:36:50.301 D/MediaTvTuner( 2016): Got event from tuning. Event type: 1 for android.media.tv.tuner.Tuner@12d5696
09-18 17:36:50.301 D/MediaTvTuner( 2016): Wrote Stats Log for the events from tuning.
09-18 17:36:50.301 I/JpTis_IsdbS3FrontendTuneImpl@11( 2016): onTuneEvent() tuneEvent:1
09-18 17:36:50.301 I/ScanResultUtil####debug( 1493): check createSecurityParamsBySecurityType
09-18 17:36:50.301 I/ScanResultUtil####debug( 1493): call createSecurityParamsBySecurityType
09-18 17:36:50.301 I/SecurityParams####debug( 1493): createWpa3PersonalParams
09-18 17:36:50.302 I/ScanResultUtil####debug( 1493): check createSecurityParamsBySecurityType
09-18 17:36:50.302 I/ScanResultUtil####debug( 1493): call createSecurityParamsBySecurityType
09-18 17:36:50.302 I/SecurityParams####debug( 1493): createWpa3PersonalParams
09-18 17:36:50.302 I/ScanResultUtil####debug( 1493): check createSecurityParamsBySecurityType
09-18 17:36:50.302 I/ScanResultUtil####debug( 1493): call createSecurityParamsBySecurityType
09-18 17:36:50.302 I/SecurityParams####debug( 1493): createWpa3PersonalParams
09-18 17:36:50.303 I/ScanResultUtil####debug( 1493): check createSecurityParamsBySecurityType
09-18 17:36:50.303 I/ScanResultUtil####debug( 1493): call createSecurityParamsBySecurityType
09-18 17:36:50.303 I/SecurityParams####debug( 1493): createWpa3PersonalParams
09-18 17:36:50.303 I/ScanResultUtil####debug( 1493): check createSecurityParamsBySecurityType
09-18 17:36:50.303 I/ScanResultUtil####debug( 1493): call createSecurityParamsBySecurityType
09-18 17:36:50.303 I/SecurityParams####debug( 1493): createWpa3PersonalParams
09-18 17:36:50.303 I/ScanResultUtil####debug( 1493): check createSecurityParamsBySecurityType
09-18 17:36:50.304 I/ScanResultUtil####debug( 1493): call createSecurityParamsBySecurityType
09-18 17:36:50.304 I/SecurityParams####debug( 1493): createWpa3PersonalParams
09-18 17:36:50.304 I/ScanResultUtil####debug( 1493): check createSecurityParamsBySecurityType
09-18 17:36:50.304 I/ScanResultUtil####debug( 1493): call createSecurityParamsBySecurityType
09-18 17:36:50.304 I/SecurityParams####debug( 1493): createWpa3PersonalParams
09-18 17:36:50.304 I/ScanResultUtil####debug( 1493): check createSecurityParamsBySecurityType
09-18 17:36:50.304 I/ScanResultUtil####debug( 1493): call createSecurityParamsBySecurityType
09-18 17:36:50.304 I/SecurityParams####debug( 1493): createWpa3PersonalParams
09-18 17:36:50.305 I/ScanResultUtil####debug( 1493): check createSecurityParamsBySecurityType
09-18 17:36:50.305 I/ScanResultUtil####debug( 1493): call createSecurityParamsBySecurityType
09-18 17:36:50.305 I/SecurityParams####debug( 1493): createWpa3PersonalParams
09-18 17:36:50.305 I/ScanResultUtil####debug( 1493): check createSecurityParamsBySecurityType
09-18 17:36:50.305 I/ScanResultUtil####debug( 1493): call createSecurityParamsBySecurityType
09-18 17:36:50.305 I/SecurityParams####debug( 1493): createWpa3PersonalParams
09-18 17:36:50.306 I/ScanResultUtil####debug( 1493): check createSecurityParamsBySecurityType
09-18 17:36:50.306 I/ScanResultUtil####debug( 1493): check createSecurityParamsBySecurityType
09-18 17:36:50.306 I/ScanResultUtil####debug( 1493): check createSecurityParamsBySecurityType
09-18 17:36:50.306 I/ScanResultUtil####debug( 1493): check createSecurityParamsBySecurityType
09-18 17:36:50.306 I/ScanResultUtil####debug( 1493): check createSecurityParamsBySecurityType
09-18 17:36:50.306 I/ScanResultUtil####debug( 1493): check createSecurityParamsBySecurityType
09-18 17:36:50.306 I/ScanResultUtil####debug( 1493): check createSecurityParamsBySecurityType
09-18 17:36:50.306 I/ScanResultUtil####debug( 1493): check createSecurityParamsBySecurityType
09-18 17:36:50.306 I/ScanResultUtil####debug( 1493): check createSecurityParamsBySecurityType
09-18 17:36:50.306 I/ScanResultUtil####debug( 1493): check createSecurityParamsBySecurityType
09-18 17:36:50.306 I/ScanResultUtil####debug( 1493): check createSecurityParamsBySecurityType
09-18 17:36:50.306 I/ScanResultUtil####debug( 1493): check createSecurityParamsBySecurityType
09-18 17:36:50.306 I/ScanResultUtil####debug( 1493): check createSecurityParamsBySecurityType
09-18 17:36:50.306 I/ScanResultUtil####debug( 1493): check createSecurityParamsBySecurityType
09-18 17:36:50.306 I/ScanResultUtil####debug( 1493): check createSecurityParamsBySecurityType
09-18 17:36:50.306 I/ScanResultUtil####debug( 1493): check createSecurityParamsBySecurityType
09-18 17:36:50.307 I/ScanResultUtil####debug( 1493): check createSecurityParamsBySecurityType
09-18 17:36:50.307 I/ScanResultUtil####debug( 1493): check createSecurityParamsBySecurityType
09-18 17:36:50.307 I/ScanResultUtil####debug( 1493): check createSecurityParamsBySecurityType
09-18 17:36:50.307 E/<MI3>   (  636): <ERR>_MI_TUNER_GetLock[4279]: [_MI_TUNER_GetLock][4279] *peLockStatus =  E_MI_TUNER_UNLOCK@!!!
09-18 17:36:50.308 E/<MI3>   (  636): <ERR>_MI_TUNER_GetLock[4279]: [_MI_TUNER_GetLock][4279] *peLockStatus =  E_MI_TUNER_UNLOCK@!!!
09-18 17:36:50.314 I/kernel  ( 6265): [  277.574930][MTK_V4L2] level=0 vidioc_venc_qbuf(),1318: [4] id=0 getdata FB(2088960,2) vb=000000000c42c7f0 pts=0
09-18 17:36:50.309 I/ScanResultUtil####debug( 1493): check createSecurityParamsBySecurityType
09-18 17:36:50.309 I/ScanResultUtil####debug( 1493): call createSecurityParamsBySecurityType
09-18 17:36:50.309 I/SecurityParams####debug( 1493): createWpa3PersonalParams
09-18 17:36:50.309 D/VCodecVencImpl(  607): [L 572][MtkVencSetConfig]
09-18 17:36:50.309 D/android.hardware.media.c2@1.1-mediatek(  607): [import_mtk_dtv_native_buffer(): 717] mst buffer is secure: 0
09-18 17:36:50.310 D/android.hardware.media.c2@1.1-mediatek(  607): [import_mtk_dtv_native_buffer(): 717] mst buffer is secure: 0
09-18 17:36:50.311 E/<MI3>   (  636): <ERR>_MI_TUNER_GetLock[4279]: [_MI_TUNER_GetLock][4279] *peLockStatus =  E_MI_TUNER_UNLOCK@!!!
09-18 17:36:50.313 I/ScanResultUtil####debug( 1493): check createSecurityParamsBySecurityType
09-18 17:36:50.313 I/ScanResultUtil####debug( 1493): call createSecurityParamsBySecurityType
09-18 17:36:50.313 I/SecurityParams####debug( 1493): createWpa3PersonalParams
09-18 17:36:50.314 I/ScanResultUtil####debug( 1493): check createSecurityParamsBySecurityType
09-18 17:36:50.314 I/ScanResultUtil####debug( 1493): call createSecurityParamsBySecurityType
09-18 17:36:50.314 I/SecurityParams####debug( 1493): createWpa3PersonalParams
09-18 17:36:50.315 D/VCodecVenc(  607): [L 324][EnqueInputBuffer]
09-18 17:36:50.315 I/ScanResultUtil####debug( 1493): check createSecurityParamsBySecurityType
09-18 17:36:50.315 D/MediaTvTuner( 2016): Got event from tuning. Event type: 1 for android.media.tv.tuner.Tuner@9803921
09-18 17:36:50.315 I/ScanResultUtil####debug( 1493): call createSecurityParamsBySecurityType
09-18 17:36:50.315 I/SecurityParams####debug( 1493): createWpa3PersonalParams
09-18 17:36:50.315 D/MediaTvTuner( 2016): Wrote Stats Log for the events from tuning.
09-18 17:36:50.316 I/JpTis_IsdbS3FrontendTuneImpl@12( 2016): onTuneEvent() tuneEvent:1
09-18 17:36:50.316 I/ScanResultUtil####debug( 1493): check createSecurityParamsBySecurityType
09-18 17:36:50.316 I/ScanResultUtil####debug( 1493): check createSecurityParamsBySecurityType
09-18 17:36:50.316 I/ScanResultUtil####debug( 1493): check createSecurityParamsBySecurityType
09-18 17:36:50.316 I/ScanResultUtil####debug( 1493): check createSecurityParamsBySecurityType
09-18 17:36:50.316 I/ScanResultUtil####debug( 1493): check createSecurityParamsBySecurityType
09-18 17:36:50.316 I/ScanResultUtil####debug( 1493): check createSecurityParamsBySecurityType
09-18 17:36:50.316 I/ScanResultUtil####debug( 1493): check createSecurityParamsBySecurityType
09-18 17:36:50.316 I/ScanResultUtil####debug( 1493): check createSecurityParamsBySecurityType
09-18 17:36:50.316 I/ScanResultUtil####debug( 1493): check createSecurityParamsBySecurityType
09-18 17:36:50.316 I/ScanResultUtil####debug( 1493): check createSecurityParamsBySecurityType
09-18 17:36:50.316 I/ScanResultUtil####debug( 1493): check createSecurityParamsBySecurityType
09-18 17:36:50.316 I/ScanResultUtil####debug( 1493): check createSecurityParamsBySecurityType
09-18 17:36:50.316 I/ScanResultUtil####debug( 1493): check createSecurityParamsBySecurityType
09-18 17:36:50.317 I/ScanResultUtil####debug( 1493): check createSecurityParamsBySecurityType
09-18 17:36:50.317 I/ScanResultUtil####debug( 1493): check createSecurityParamsBySecurityType
09-18 17:36:50.317 I/ScanResultUtil####debug( 1493): check createSecurityParamsBySecurityType
09-18 17:36:50.317 I/ScanResultUtil####debug( 1493): check createSecurityParamsBySecurityType
09-18 17:36:50.317 I/ScanResultUtil####debug( 1493): check createSecurityParamsBySecurityType
09-18 17:36:50.317 I/ScanResultUtil####debug( 1493): check createSecurityParamsBySecurityType
09-18 17:36:50.318 I/ScanResultUtil####debug( 1493): call createSecurityParamsBySecurityType
09-18 17:36:50.318 I/SecurityParams####debug( 1493): createWpa3PersonalParams
09-18 17:36:50.318 I/ScanResultUtil####debug( 1493): check createSecurityParamsBySecurityType
09-18 17:36:50.318 I/ScanResultUtil####debug( 1493): call createSecurityParamsBySecurityType
09-18 17:36:50.318 I/SecurityParams####debug( 1493): createWpa3PersonalParams
09-18 17:36:50.319 I/ScanResultUtil####debug( 1493): check createSecurityParamsBySecurityType
09-18 17:36:50.319 I/ScanResultUtil####debug( 1493): call createSecurityParamsBySecurityType
09-18 17:36:50.319 I/SecurityParams####debug( 1493): createWpa3PersonalParams
09-18 17:36:50.320 I/ScanResultUtil####debug( 1493): check createSecurityParamsBySecurityType
09-18 17:36:50.320 I/ScanResultUtil####debug( 1493): call createSecurityParamsBySecurityType
09-18 17:36:50.320 I/SecurityParams####debug( 1493): createWpa3PersonalParams
09-18 17:36:50.321 I/ScanResultUtil####debug( 1493): check createSecurityParamsBySecurityType
09-18 17:36:50.321 I/ScanResultUtil####debug( 1493): call createSecurityParamsBySecurityType
09-18 17:36:50.321 I/SecurityParams####debug( 1493): createWpa3PersonalParams
09-18 17:36:50.321 I/ScanResultUtil####debug( 1493): check createSecurityParamsBySecurityType
09-18 17:36:50.322 I/ScanResultUtil####debug( 1493): check createSecurityParamsBySecurityType
09-18 17:36:50.322 I/ScanResultUtil####debug( 1493): check createSecurityParamsBySecurityType
09-18 17:36:50.322 I/ScanResultUtil####debug( 1493): call createSecurityParamsBySecurityType
09-18 17:36:50.322 I/SecurityParams####debug( 1493): createWpa3PersonalParams
09-18 17:36:50.322 I/ScanResultUtil####debug( 1493): check createSecurityParamsBySecurityType
09-18 17:36:50.322 I/ScanResultUtil####debug( 1493): call createSecurityParamsBySecurityType
09-18 17:36:50.322 I/SecurityParams####debug( 1493): createWpa3PersonalParams
09-18 17:36:50.323 I/ScanResultUtil####debug( 1493): check createSecurityParamsBySecurityType
09-18 17:36:50.323 I/ScanResultUtil####debug( 1493): call createSecurityParamsBySecurityType
09-18 17:36:50.323 I/SecurityParams####debug( 1493): createWpa3PersonalParams
09-18 17:36:50.323 I/ScanResultUtil####debug( 1493): check createSecurityParamsBySecurityType
09-18 17:36:50.323 I/ScanResultUtil####debug( 1493): call createSecurityParamsBySecurityType
09-18 17:36:50.323 I/SecurityParams####debug( 1493): createWpa3PersonalParams
09-18 17:36:50.323 I/ScanResultUtil####debug( 1493): check createSecurityParamsBySecurityType
09-18 17:36:50.323 I/ScanResultUtil####debug( 1493): call createSecurityParamsBySecurityType
09-18 17:36:50.323 I/SecurityParams####debug( 1493): createWpa3PersonalParams
09-18 17:36:50.324 I/ScanResultUtil####debug( 1493): check createSecurityParamsBySecurityType
09-18 17:36:50.324 I/ScanResultUtil####debug( 1493): call createSecurityParamsBySecurityType
09-18 17:36:50.324 I/SecurityParams####debug( 1493): createWpa3PersonalParams
09-18 17:36:50.324 I/ScanResultUtil####debug( 1493): check createSecurityParamsBySecurityType
09-18 17:36:50.325 I/ScanResultUtil####debug( 1493): call createSecurityParamsBySecurityType
09-18 17:36:50.325 I/SecurityParams####debug( 1493): createWpa3PersonalParams
09-18 17:36:50.327 I/ScanResultUtil####debug( 1493): check createSecurityParamsBySecurityType
09-18 17:36:50.327 I/ScanResultUtil####debug( 1493): call createSecurityParamsBySecurityType
09-18 17:36:50.327 I/SecurityParams####debug( 1493): createWpa3PersonalParams
09-18 17:36:50.328 I/ScanResultUtil####debug( 1493): check createSecurityParamsBySecurityType
09-18 17:36:50.328 I/ScanResultUtil####debug( 1493): call createSecurityParamsBySecurityType
09-18 17:36:50.328 I/SecurityParams####debug( 1493): createWpa3PersonalParams
09-18 17:36:50.330 I/ScanResultUtil####debug( 1493): check createSecurityParamsBySecurityType
09-18 17:36:50.330 I/ScanResultUtil####debug( 1493): call createSecurityParamsBySecurityType
09-18 17:36:50.330 I/SecurityParams####debug( 1493): createWpa3PersonalParams
09-18 17:36:50.330 I/ScanResultUtil####debug( 1493): check createSecurityParamsBySecurityType
09-18 17:36:50.330 I/ScanResultUtil####debug( 1493): call createSecurityParamsBySecurityType
09-18 17:36:50.330 I/SecurityParams####debug( 1493): createWpa3PersonalParams
09-18 17:36:50.332 I/ScanResultUtil####debug( 1493): check createSecurityParamsBySecurityType
