09-18 17:36:21.204 D/VCodecVenc(  607): [L 324][EnqueInputBuffer]
09-18 17:36:21.228 D/VCodecVencImpl(  607): [L 572][MtkVencSetConfig]
09-18 17:36:21.229 D/android.hardware.media.c2@1.1-mediatek(  607): [import_mtk_dtv_native_buffer(): 717] mst buffer is secure: 0
09-18 17:36:21.230 D/android.hardware.media.c2@1.1-mediatek(  607): [import_mtk_dtv_native_buffer(): 717] mst buffer is secure: 0
09-18 17:36:21.234 I/kernel  ( 6265): [  248.494997][MTK_V4L2] level=0 vidioc_venc_qbuf(),1318: [4] id=0 getdata FB(2088960,2) vb=000000000c42c7f0 pts=0
09-18 17:36:21.234 D/VCodecVenc(  607): [L 324][EnqueInputBuffer]
09-18 17:36:21.261 D/VCodecVencImpl(  607): [L 572][MtkVencSetConfig]
09-18 17:36:21.261 D/android.hardware.media.c2@1.1-mediatek(  607): [import_mtk_dtv_native_buffer(): 717] mst buffer is secure: 0
09-18 17:36:21.262 D/android.hardware.media.c2@1.1-mediatek(  607): [import_mtk_dtv_native_buffer(): 717] mst buffer is secure: 0
09-18 17:36:21.266 I/kernel  ( 6265): [  248.526744][MTK_V4L2] level=0 vidioc_venc_qbuf(),1318: [4] id=0 getdata FB(2088960,2) vb=000000000c42c7f0 pts=0
09-18 17:36:21.267 D/VCodecVenc(  607): [L 324][EnqueInputBuffer]
09-18 17:36:21.297 I/kernel  ( 6265): [  248.558434][MTK_V4L2] level=0 vidioc_venc_qbuf(),1318: [4] id=0 getdata FB(2088960,2) vb=000000000c42c7f0 pts=0
09-18 17:36:21.292 D/android.hardware.media.c2@1.1-mediatek(  607): [import_mtk_dtv_native_buffer(): 717] mst buffer is secure: 0
09-18 17:36:21.293 D/VCodecVencImpl(  607): [L 572][MtkVencSetConfig]
09-18 17:36:21.294 D/android.hardware.media.c2@1.1-mediatek(  607): [import_mtk_dtv_native_buffer(): 717] mst buffer is secure: 0
09-18 17:36:21.300 D/VCodecVenc(  607): [L 324][EnqueInputBuffer]
09-18 17:36:21.300 E/<MI3>   (  636): <ERR>_MI_TUNER_GetLock[4279]: [_MI_TUNER_GetLock][4279] *peLockStatus =  E_MI_TUNER_UNLOCK@!!!
09-18 17:36:21.301 E/<MI3>   (  636): <ERR>_MI_TUNER_GetLock[4279]: [_MI_TUNER_GetLock][4279] *peLockStatus =  E_MI_TUNER_UNLOCK@!!!
09-18 17:36:21.301 E/<MI3>   (  636): <ERR>_MI_TUNER_GetLock[4279]: [_MI_TUNER_GetLock][4279] *peLockStatus =  E_MI_TUNER_UNLOCK@!!!
09-18 17:36:21.323 D/VCodecVencImpl(  607): [L 572][MtkVencSetConfig]
09-18 17:36:21.323 D/android.hardware.media.c2@1.1-mediatek(  607): [import_mtk_dtv_native_buffer(): 717] mst buffer is secure: 0
09-18 17:36:21.325 D/android.hardware.media.c2@1.1-mediatek(  607): [import_mtk_dtv_native_buffer(): 717] mst buffer is secure: 0
09-18 17:36:21.328 I/kernel  ( 6265): [  248.588805][MTK_V4L2] level=0 vidioc_venc_qbuf(),1318: [4] id=0 getdata FB(2088960,2) vb=000000000c42c7f0 pts=0
09-18 17:36:21.332 D/VCodecVenc(  607): [L 324][EnqueInputBuffer]
09-18 17:36:21.353 D/VCodecVencImpl(  607): [L 572][MtkVencSetConfig]
09-18 17:36:21.353 D/android.hardware.media.c2@1.1-mediatek(  607): [import_mtk_dtv_native_buffer(): 717] mst buffer is secure: 0
09-18 17:36:21.353 D/android.hardware.media.c2@1.1-mediatek(  607): [import_mtk_dtv_native_buffer(): 717] mst buffer is secure: 0
09-18 17:36:21.358 I/kernel  ( 6265): [  248.619076][MTK_V4L2] level=0 vidioc_venc_qbuf(),1318: [4] id=0 getdata FB(2088960,2) vb=000000000c42c7f0 pts=0
09-18 17:36:21.357 D/VCodecVenc(  607): [L 324][EnqueInputBuffer]
09-18 17:36:21.384 D/VCodecVencImpl(  607): [L 572][MtkVencSetConfig]
09-18 17:36:21.384 D/android.hardware.media.c2@1.1-mediatek(  607): [import_mtk_dtv_native_buffer(): 717] mst buffer is secure: 0
09-18 17:36:21.385 D/android.hardware.media.c2@1.1-mediatek(  607): [import_mtk_dtv_native_buffer(): 717] mst buffer is secure: 0
09-18 17:36:21.389 I/kernel  ( 6265): [  248.650416][MTK_V4L2] level=0 vidioc_venc_qbuf(),1318: [4] id=0 getdata FB(2088960,2) vb=000000000c42c7f0 pts=0
09-18 17:36:21.388 D/VCodecVenc(  607): [L 324][EnqueInputBuffer]
09-18 17:36:21.415 D/VCodecVencImpl(  607): [L 572][MtkVencSetConfig]
09-18 17:36:21.415 D/android.hardware.media.c2@1.1-mediatek(  607): [import_mtk_dtv_native_buffer(): 717] mst buffer is secure: 0
09-18 17:36:21.415 D/android.hardware.media.c2@1.1-mediatek(  607): [import_mtk_dtv_native_buffer(): 717] mst buffer is secure: 0
09-18 17:36:21.420 I/kernel  ( 6265): [  248.680793][MTK_V4L2] level=0 vidioc_venc_qbuf(),1318: [4] id=0 getdata FB(2088960,2) vb=000000000c42c7f0 pts=0
09-18 17:36:21.419 D/VCodecVenc(  607): [L 324][EnqueInputBuffer]
09-18 17:36:21.445 D/VCodecVencImpl(  607): [L 572][MtkVencSetConfig]
09-18 17:36:21.445 D/android.hardware.media.c2@1.1-mediatek(  607): [import_mtk_dtv_native_buffer(): 717] mst buffer is secure: 0
09-18 17:36:21.446 D/android.hardware.media.c2@1.1-mediatek(  607): [import_mtk_dtv_native_buffer(): 717] mst buffer is secure: 0
09-18 17:36:21.450 D/VCodecVenc(  607): [L 324][EnqueInputBuffer]
09-18 17:36:21.450 I/kernel  ( 6265): [  248.711505][MTK_V4L2] level=0 vidioc_venc_qbuf(),1318: [4] id=0 getdata FB(2088960,2) vb=000000000c42c7f0 pts=0
09-18 17:36:21.476 D/VCodecVencImpl(  607): [L 572][MtkVencSetConfig]
09-18 17:36:21.476 D/android.hardware.media.c2@1.1-mediatek(  607): [import_mtk_dtv_native_buffer(): 717] mst buffer is secure: 0
09-18 17:36:21.476 D/android.hardware.media.c2@1.1-mediatek(  607): [import_mtk_dtv_native_buffer(): 717] mst buffer is secure: 0
09-18 17:36:21.481 I/kernel  ( 6265): [  248.741856][MTK_V4L2] level=0 vidioc_venc_qbuf(),1318: [4] id=0 getdata FB(2088960,2) vb=000000000c42c7f0 pts=0
09-18 17:36:21.483 D/VCodecVenc(  607): [L 324][EnqueInputBuffer]
09-18 17:36:21.501 E/<MI3>   (  636): <ERR>_MI_TUNER_GetLock[4279]: [_MI_TUNER_GetLock][4279] *peLockStatus =  E_MI_TUNER_UNLOCK@!!!
09-18 17:36:21.502 E/<MI3>   (  636): <ERR>_MI_TUNER_GetLock[4279]: [_MI_TUNER_GetLock][4279] *peLockStatus =  E_MI_TUNER_UNLOCK@!!!
09-18 17:36:21.502 E/<MI3>   (  636): <ERR>_MI_TUNER_GetLock[4279]: [_MI_TUNER_GetLock][4279] *peLockStatus =  E_MI_TUNER_UNLOCK@!!!
09-18 17:36:21.506 D/VCodecVencImpl(  607): [L 572][MtkVencSetConfig]
09-18 17:36:21.506 D/android.hardware.media.c2@1.1-mediatek(  607): [import_mtk_dtv_native_buffer(): 717] mst buffer is secure: 0
09-18 17:36:21.507 D/android.hardware.media.c2@1.1-mediatek(  607): [import_mtk_dtv_native_buffer(): 717] mst buffer is secure: 0
09-18 17:36:21.511 I/kernel  ( 6265): [  248.772461][MTK_V4L2] level=0 vidioc_venc_qbuf(),1318: [4] id=0 getdata FB(2088960,2) vb=000000000c42c7f0 pts=0
09-18 17:36:21.512 D/VCodecVenc(  607): [L 324][EnqueInputBuffer]
09-18 17:36:21.537 D/VCodecVencImpl(  607): [L 572][MtkVencSetConfig]
09-18 17:36:21.537 D/android.hardware.media.c2@1.1-mediatek(  607): [import_mtk_dtv_native_buffer(): 717] mst buffer is secure: 0
09-18 17:36:21.537 D/android.hardware.media.c2@1.1-mediatek(  607): [import_mtk_dtv_native_buffer(): 717] mst buffer is secure: 0
09-18 17:36:21.542 I/kernel  ( 6265): [  248.802753][MTK_V4L2] level=0 vidioc_venc_qbuf(),1318: [4] id=0 getdata FB(2088960,2) vb=000000000c42c7f0 pts=0
09-18 17:36:21.541 D/VCodecVenc(  607): [L 324][EnqueInputBuffer]
09-18 17:36:21.567 D/VCodecVencImpl(  607): [L 572][MtkVencSetConfig]
09-18 17:36:21.567 D/android.hardware.media.c2@1.1-mediatek(  607): [import_mtk_dtv_native_buffer(): 717] mst buffer is secure: 0
09-18 17:36:21.567 D/android.hardware.media.c2@1.1-mediatek(  607): [import_mtk_dtv_native_buffer(): 717] mst buffer is secure: 0
09-18 17:36:21.572 I/kernel  ( 6265): [  248.833094][MTK_V4L2] level=0 vidioc_venc_qbuf(),1318: [4] id=0 getdata FB(2088960,2) vb=000000000c42c7f0 pts=0
09-18 17:36:21.571 D/VCodecVenc(  607): [L 324][EnqueInputBuffer]
09-18 17:36:21.597 D/BufferPoolAccessor2.0(  607): bufferpool2 0xda083628 : 4(6293504 size) total buffers - 3(4196352 size) used buffers - 4147/4154 (recycle/alloc) - 18/4151 (fetch/transfer)
09-18 17:36:21.597 D/android.hardware.media.c2@1.1-mediatek(  607): [import_mtk_dtv_native_buffer(): 717] mst buffer is secure: 0
09-18 17:36:21.597 D/VCodecVencImpl(  607): [L 572][MtkVencSetConfig]
09-18 17:36:21.598 D/android.hardware.media.c2@1.1-mediatek(  607): [import_mtk_dtv_native_buffer(): 717] mst buffer is secure: 0
09-18 17:36:21.601 D/VCodecVenc(  607): [L 324][EnqueInputBuffer]
09-18 17:36:21.602 I/kernel  ( 6265): [  248.863480][MTK_V4L2] level=0 vidioc_venc_qbuf(),1318: [4] id=0 getdata FB(2088960,2) vb=000000000c42c7f0 pts=0
09-18 17:36:21.628 D/VCodecVencImpl(  607): [L 572][MtkVencSetConfig]
09-18 17:36:21.628 D/android.hardware.media.c2@1.1-mediatek(  607): [import_mtk_dtv_native_buffer(): 717] mst buffer is secure: 0
09-18 17:36:21.629 D/android.hardware.media.c2@1.1-mediatek(  607): [import_mtk_dtv_native_buffer(): 717] mst buffer is secure: 0
09-18 17:36:21.633 I/kernel  ( 6265): [  248.894219][MTK_V4L2] level=0 vidioc_venc_qbuf(),1318: [4] id=0 getdata FB(2088960,2) vb=000000000c42c7f0 pts=0
09-18 17:36:21.634 D/VCodecVenc(  607): [L 324][EnqueInputBuffer]
09-18 17:36:21.659 D/VCodecVencImpl(  607): [L 572][MtkVencSetConfig]
09-18 17:36:21.659 D/android.hardware.media.c2@1.1-mediatek(  607): [import_mtk_dtv_native_buffer(): 717] mst buffer is secure: 0
09-18 17:36:21.660 D/android.hardware.media.c2@1.1-mediatek(  607): [import_mtk_dtv_native_buffer(): 717] mst buffer is secure: 0
09-18 17:36:21.664 I/kernel  ( 6265): [  248.924720][MTK_V4L2] level=0 vidioc_venc_qbuf(),1318: [4] id=0 getdata FB(2088960,2) vb=000000000c42c7f0 pts=0
09-18 17:36:21.665 D/VCodecVenc(  607): [L 324][EnqueInputBuffer]
09-18 17:36:21.689 D/VCodecVencImpl(  607): [L 572][MtkVencSetConfig]
09-18 17:36:21.689 D/android.hardware.media.c2@1.1-mediatek(  607): [import_mtk_dtv_native_buffer(): 717] mst buffer is secure: 0
09-18 17:36:21.690 D/android.hardware.media.c2@1.1-mediatek(  607): [import_mtk_dtv_native_buffer(): 717] mst buffer is secure: 0
09-18 17:36:21.693 D/VCodecVenc(  607): [L 324][EnqueInputBuffer]
09-18 17:36:21.695 I/kernel  ( 6265): [  248.955736][MTK_V4L2] level=0 vidioc_venc_qbuf(),1318: [4] id=0 getdata FB(2088960,2) vb=000000000c42c7f0 pts=0
09-18 17:36:21.703 E/<MI3>   (  636): <ERR>_MI_TUNER_GetLock[4279]: [_MI_TUNER_GetLock][4279] *peLockStatus =  E_MI_TUNER_UNLOCK@!!!
09-18 17:36:21.703 E/<MI3>   (  636): <ERR>_MI_TUNER_GetLock[4279]: [_MI_TUNER_GetLock][4279] *peLockStatus =  E_MI_TUNER_UNLOCK@!!!
09-18 17:36:21.703 E/<MI3>   (  636): <ERR>_MI_TUNER_GetLock[4279]: [_MI_TUNER_GetLock][4279] *peLockStatus =  E_MI_TUNER_UNLOCK@!!!
09-18 17:36:21.720 D/VCodecVencImpl(  607): [L 572][MtkVencSetConfig]
09-18 17:36:21.720 D/android.hardware.media.c2@1.1-mediatek(  607): [import_mtk_dtv_native_buffer(): 717] mst buffer is secure: 0
09-18 17:36:21.721 D/android.hardware.media.c2@1.1-mediatek(  607): [import_mtk_dtv_native_buffer(): 717] mst buffer is secure: 0
09-18 17:36:21.725 I/kernel  ( 6265): [  248.986054][MTK_V4L2] level=0 vidioc_venc_qbuf(),1318: [4] id=0 getdata FB(2088960,2) vb=000000000c42c7f0 pts=0
09-18 17:36:21.725 D/VCodecVenc(  607): [L 324][EnqueInputBuffer]
09-18 17:36:21.729 I/kernel  (    0): [  248.990168][    C3] [wlan][41]asicConnac2xRxProcessRxvforMSP:(RX WARN) prRetSwRfb->ucStaRecIdx(254) >= CFG_STA_REC_NUM(27)
09-18 17:36:21.750 D/VCodecVencImpl(  607): [L 572][MtkVencSetConfig]
09-18 17:36:21.750 D/android.hardware.media.c2@1.1-mediatek(  607): [import_mtk_dtv_native_buffer(): 717] mst buffer is secure: 0
09-18 17:36:21.751 D/android.hardware.media.c2@1.1-mediatek(  607): [import_mtk_dtv_native_buffer(): 717] mst buffer is secure: 0
09-18 17:36:21.754 D/VCodecVenc(  607): [L 324][EnqueInputBuffer]
09-18 17:36:21.755 I/kernel  ( 6265): [  249.016313][MTK_V4L2] level=0 vidioc_venc_qbuf(),1318: [4] id=0 getdata FB(2088960,2) vb=000000000c42c7f0 pts=0
09-18 17:36:21.781 D/VCodecVencImpl(  607): [L 572][MtkVencSetConfig]
09-18 17:36:21.781 D/android.hardware.media.c2@1.1-mediatek(  607): [import_mtk_dtv_native_buffer(): 717] mst buffer is secure: 0
09-18 17:36:21.783 D/android.hardware.media.c2@1.1-mediatek(  607): [import_mtk_dtv_native_buffer(): 717] mst buffer is secure: 0
09-18 17:36:21.785 I/kernel  ( 6265): [  249.046591][MTK_V4L2] level=0 vidioc_venc_qbuf(),1318: [4] id=0 getdata FB(2088960,2) vb=000000000c42c7f0 pts=0
09-18 17:36:21.787 D/VCodecVenc(  607): [L 324][EnqueInputBuffer]
09-18 17:36:21.811 D/VCodecVencImpl(  607): [L 572][MtkVencSetConfig]
09-18 17:36:21.811 D/android.hardware.media.c2@1.1-mediatek(  607): [import_mtk_dtv_native_buffer(): 717] mst buffer is secure: 0
09-18 17:36:21.813 D/android.hardware.media.c2@1.1-mediatek(  607): [import_mtk_dtv_native_buffer(): 717] mst buffer is secure: 0
09-18 17:36:21.816 I/kernel  ( 6265): [  249.076796][MTK_V4L2] level=0 vidioc_venc_qbuf(),1318: [4] id=0 getdata FB(2088960,2) vb=000000000c42c7f0 pts=0
09-18 17:36:21.817 D/VCodecVenc(  607): [L 324][EnqueInputBuffer]
09-18 17:36:21.841 D/VCodecVencImpl(  607): [L 572][MtkVencSetConfig]
09-18 17:36:21.841 D/android.hardware.media.c2@1.1-mediatek(  607): [import_mtk_dtv_native_buffer(): 717] mst buffer is secure: 0
09-18 17:36:21.844 D/android.hardware.media.c2@1.1-mediatek(  607): [import_mtk_dtv_native_buffer(): 717] mst buffer is secure: 0
09-18 17:36:21.846 I/kernel  ( 6265): [  249.107330][MTK_V4L2] level=0 vidioc_venc_qbuf(),1318: [4] id=0 getdata FB(2088960,2) vb=000000000c42c7f0 pts=0
09-18 17:36:21.850 D/VCodecVenc(  607): [L 324][EnqueInputBuffer]
09-18 17:36:21.872 D/VCodecVencImpl(  607): [L 572][MtkVencSetConfig]
09-18 17:36:21.872 D/android.hardware.media.c2@1.1-mediatek(  607): [import_mtk_dtv_native_buffer(): 717] mst buffer is secure: 0
09-18 17:36:21.874 D/android.hardware.media.c2@1.1-mediatek(  607): [import_mtk_dtv_native_buffer(): 717] mst buffer is secure: 0
09-18 17:36:21.877 I/kernel  ( 6265): [  249.138221][MTK_V4L2] level=0 vidioc_venc_qbuf(),1318: [4] id=0 getdata FB(2088960,2) vb=000000000c42c7f0 pts=0
09-18 17:36:21.879 D/VCodecVenc(  607): [L 324][EnqueInputBuffer]
09-18 17:36:21.880 I/kernel  ( 2513): [  249.140686][A8303-1_Driver] addr:0x08,  i2c status:0x0a from 0x0a
09-18 17:36:21.903 D/android.hardware.media.c2@1.1-mediatek(  607): [import_mtk_dtv_native_buffer(): 717] mst buffer is secure: 0
09-18 17:36:21.903 D/VCodecVencImpl(  607): [L 572][MtkVencSetConfig]
09-18 17:36:21.903 D/android.hardware.media.c2@1.1-mediatek(  607): [import_mtk_dtv_native_buffer(): 717] mst buffer is secure: 0
09-18 17:36:21.904 E/<MI3>   (  636): <ERR>_MI_TUNER_GetLock[4279]: [_MI_TUNER_GetLock][4279] *peLockStatus =  E_MI_TUNER_UNLOCK@!!!
09-18 17:36:21.904 E/<MI3>   (  636): <ERR>_MI_TUNER_GetLock[4279]: [_MI_TUNER_GetLock][4279] *peLockStatus =  E_MI_TUNER_UNLOCK@!!!
09-18 17:36:21.905 E/<MI3>   (  636): <ERR>_MI_TUNER_GetLock[4279]: [_MI_TUNER_GetLock][4279] *peLockStatus =  E_MI_TUNER_UNLOCK@!!!
09-18 17:36:21.908 I/kernel  ( 6265): [  249.168703][MTK_V4L2] level=0 vidioc_venc_qbuf(),1318: [4] id=0 getdata FB(2088960,2) vb=000000000c42c7f0 pts=0
09-18 17:36:21.907 D/VCodecVenc(  607): [L 324][EnqueInputBuffer]
09-18 17:36:21.933 D/VCodecVencImpl(  607): [L 572][MtkVencSetConfig]
09-18 17:36:21.933 D/android.hardware.media.c2@1.1-mediatek(  607): [import_mtk_dtv_native_buffer(): 717] mst buffer is secure: 0
09-18 17:36:21.935 D/android.hardware.media.c2@1.1-mediatek(  607): [import_mtk_dtv_native_buffer(): 717] mst buffer is secure: 0
09-18 17:36:21.938 I/kernel  ( 6265): [  249.198879][MTK_V4L2] level=0 vidioc_venc_qbuf(),1318: [4] id=0 getdata FB(2088960,2) vb=000000000c42c7f0 pts=0
09-18 17:36:21.939 D/VCodecVenc(  607): [L 324][EnqueInputBuffer]
09-18 17:36:21.963 D/VCodecVencImpl(  607): [L 572][MtkVencSetConfig]
09-18 17:36:21.965 D/android.hardware.media.c2@1.1-mediatek(  607): [import_mtk_dtv_native_buffer(): 717] mst buffer is secure: 0
09-18 17:36:21.966 D/android.hardware.media.c2@1.1-mediatek(  607): [import_mtk_dtv_native_buffer(): 717] mst buffer is secure: 0
09-18 17:36:21.968 I/kernel  ( 6265): [  249.229318][MTK_V4L2] level=0 vidioc_venc_qbuf(),1318: [4] id=0 getdata FB(2088960,2) vb=000000000c42c7f0 pts=0
09-18 17:36:21.969 D/VCodecVenc(  607): [L 324][EnqueInputBuffer]
09-18 17:36:21.994 D/VCodecVencImpl(  607): [L 572][MtkVencSetConfig]
09-18 17:36:21.994 D/android.hardware.media.c2@1.1-mediatek(  607): [import_mtk_dtv_native_buffer(): 717] mst buffer is secure: 0
09-18 17:36:21.994 D/android.hardware.media.c2@1.1-mediatek(  607): [import_mtk_dtv_native_buffer(): 717] mst buffer is secure: 0
09-18 17:36:21.998 I/kernel  ( 6265): [  249.259654][MTK_V4L2] level=0 vidioc_venc_qbuf(),1318: [4] id=0 getdata FB(2088960,2) vb=000000000c42c7f0 pts=0
09-18 17:36:21.999 D/VCodecVenc(  607): [L 324][EnqueInputBuffer]
09-18 17:36:22.024 D/VCodecVencImpl(  607): [L 572][MtkVencSetConfig]
09-18 17:36:22.024 D/android.hardware.media.c2@1.1-mediatek(  607): [import_mtk_dtv_native_buffer(): 717] mst buffer is secure: 0
09-18 17:36:22.025 D/android.hardware.media.c2@1.1-mediatek(  607): [import_mtk_dtv_native_buffer(): 717] mst buffer is secure: 0
09-18 17:36:22.029 I/kernel  ( 6265): [  249.290148][MTK_V4L2] level=0 vidioc_venc_qbuf(),1318: [4] id=0 getdata FB(2088960,2) vb=000000000c42c7f0 pts=0
09-18 17:36:22.029 D/VCodecVenc(  607): [L 324][EnqueInputBuffer]
09-18 17:36:22.054 D/VCodecVencImpl(  607): [L 572][MtkVencSetConfig]
09-18 17:36:22.054 D/android.hardware.media.c2@1.1-mediatek(  607): [import_mtk_dtv_native_buffer(): 717] mst buffer is secure: 0
09-18 17:36:22.055 D/android.hardware.media.c2@1.1-mediatek(  607): [import_mtk_dtv_native_buffer(): 717] mst buffer is secure: 0
09-18 17:36:22.054 I/kernel  ( 6974): [  249.315301]mtk_cfm: [cfm_get_frontend_algo][1070]
09-18 17:36:22.054 I/kernel  ( 6971): [  249.315316]mtk_cfm: [cfm_get_frontend_algo][1070]
09-18 17:36:22.054 I/kernel  ( 6974): [  249.315317]mtk_cfm: [cfm_tune][777]Start: re_tune = 0
09-18 17:36:22.054 I/kernel  ( 6971): [  249.315321]mtk_cfm: [cfm_tune][777]Start: re_tune = 0
09-18 17:36:22.054 I/kernel  ( 6969): [  249.315329]mtk_cfm: [cfm_get_frontend_algo][1070]
09-18 17:36:22.054 I/kernel  ( 6969): [  249.315334]mtk_cfm: [cfm_tune][777]Start: re_tune = 0
09-18 17:36:22.055 I/kernel  ( 6974): [  249.315893]mtk_cfm: [cfm_tune][896]E(status:0x20)
09-18 17:36:22.059 I/kernel  ( 6265): [  249.320495][MTK_V4L2] level=0 vidioc_venc_qbuf(),1318: [4] id=0 getdata FB(2088960,2) vb=000000000c42c7f0 pts=0
09-18 17:36:22.059 D/VCodecVenc(  607): [L 324][EnqueInputBuffer]
09-18 17:36:22.085 D/VCodecVencImpl(  607): [L 572][MtkVencSetConfig]
09-18 17:36:22.085 D/android.hardware.media.c2@1.1-mediatek(  607): [import_mtk_dtv_native_buffer(): 717] mst buffer is secure: 0
09-18 17:36:22.085 D/android.hardware.media.c2@1.1-mediatek(  607): [import_mtk_dtv_native_buffer(): 717] mst buffer is secure: 0
09-18 17:36:22.090 I/kernel  ( 6265): [  249.350914][MTK_V4L2] level=0 vidioc_venc_qbuf(),1318: [4] id=0 getdata FB(2088960,2) vb=000000000c42c7f0 pts=0
09-18 17:36:22.089 D/VCodecVenc(  607): [L 324][EnqueInputBuffer]
09-18 17:36:22.105 E/<MI3>   (  636): <ERR>_MI_TUNER_GetLock[4279]: [_MI_TUNER_GetLock][4279] *peLockStatus =  E_MI_TUNER_UNLOCK@!!!
09-18 17:36:22.106 E/<MI3>   (  636): <ERR>_MI_TUNER_GetLock[4279]: [_MI_TUNER_GetLock][4279] *peLockStatus =  E_MI_TUNER_UNLOCK@!!!
09-18 17:36:22.106 E/<MI3>   (  636): <ERR>_MI_TUNER_GetLock[4279]: [_MI_TUNER_GetLock][4279] *peLockStatus =  E_MI_TUNER_UNLOCK@!!!
09-18 17:36:22.115 D/VCodecVencImpl(  607): [L 572][MtkVencSetConfig]
09-18 17:36:22.115 D/android.hardware.media.c2@1.1-mediatek(  607): [import_mtk_dtv_native_buffer(): 717] mst buffer is secure: 0
09-18 17:36:22.116 D/android.hardware.media.c2@1.1-mediatek(  607): [import_mtk_dtv_native_buffer(): 717] mst buffer is secure: 0
09-18 17:36:22.120 I/kernel  ( 6265): [  249.381220][MTK_V4L2] level=0 vidioc_venc_qbuf(),1318: [4] id=0 getdata FB(2088960,2) vb=000000000c42c7f0 pts=0
09-18 17:36:22.120 D/VCodecVenc(  607): [L 324][EnqueInputBuffer]
09-18 17:36:22.146 D/VCodecVencImpl(  607): [L 572][MtkVencSetConfig]
09-18 17:36:22.147 D/android.hardware.media.c2@1.1-mediatek(  607): [import_mtk_dtv_native_buffer(): 717] mst buffer is secure: 0
09-18 17:36:22.147 D/android.hardware.media.c2@1.1-mediatek(  607): [import_mtk_dtv_native_buffer(): 717] mst buffer is secure: 0
09-18 17:36:22.151 D/VCodecVenc(  607): [L 324][EnqueInputBuffer]
09-18 17:36:22.151 I/kernel  ( 6265): [  249.411752][MTK_V4L2] level=0 vidioc_venc_qbuf(),1318: [4] id=0 getdata FB(2088960,2) vb=000000000c42c7f0 pts=0
09-18 17:36:22.176 D/VCodecVencImpl(  607): [L 572][MtkVencSetConfig]
09-18 17:36:22.176 D/android.hardware.media.c2@1.1-mediatek(  607): [import_mtk_dtv_native_buffer(): 717] mst buffer is secure: 0
09-18 17:36:22.176 D/android.hardware.media.c2@1.1-mediatek(  607): [import_mtk_dtv_native_buffer(): 717] mst buffer is secure: 0
09-18 17:36:22.181 I/kernel  ( 6265): [  249.441964][MTK_V4L2] level=0 vidioc_venc_qbuf(),1318: [4] id=0 getdata FB(2088960,2) vb=000000000c42c7f0 pts=0
09-18 17:36:22.182 D/VCodecVenc(  607): [L 324][EnqueInputBuffer]
09-18 17:36:22.206 D/VCodecVencImpl(  607): [L 572][MtkVencSetConfig]
09-18 17:36:22.206 D/android.hardware.media.c2@1.1-mediatek(  607): [import_mtk_dtv_native_buffer(): 717] mst buffer is secure: 0
09-18 17:36:22.207 D/android.hardware.media.c2@1.1-mediatek(  607): [import_mtk_dtv_native_buffer(): 717] mst buffer is secure: 0
09-18 17:36:22.211 D/VCodecVenc(  607): [L 324][EnqueInputBuffer]
09-18 17:36:22.211 I/kernel  ( 6265): [  249.472505][MTK_V4L2] level=0 vidioc_venc_qbuf(),1318: [4] id=0 getdata FB(2088960,2) vb=000000000c42c7f0 pts=0
09-18 17:36:22.237 D/VCodecVencImpl(  607): [L 572][MtkVencSetConfig]
09-18 17:36:22.237 D/android.hardware.media.c2@1.1-mediatek(  607): [import_mtk_dtv_native_buffer(): 717] mst buffer is secure: 0
09-18 17:36:22.237 D/android.hardware.media.c2@1.1-mediatek(  607): [import_mtk_dtv_native_buffer(): 717] mst buffer is secure: 0
09-18 17:36:22.241 I/kernel  ( 6265): [  249.502653][MTK_V4L2] level=0 vidioc_venc_qbuf(),1318: [4] id=0 getdata FB(2088960,2) vb=000000000c42c7f0 pts=0
09-18 17:36:22.241 D/VCodecVenc(  607): [L 324][EnqueInputBuffer]
09-18 17:36:22.267 D/VCodecVencImpl(  607): [L 572][MtkVencSetConfig]
09-18 17:36:22.268 D/android.hardware.media.c2@1.1-mediatek(  607): [import_mtk_dtv_native_buffer(): 717] mst buffer is secure: 0
09-18 17:36:22.268 D/android.hardware.media.c2@1.1-mediatek(  607): [import_mtk_dtv_native_buffer(): 717] mst buffer is secure: 0
09-18 17:36:22.272 I/kernel  ( 6265): [  249.532887][MTK_V4L2] level=0 vidioc_venc_qbuf(),1318: [4] id=0 getdata FB(2088960,2) vb=000000000c42c7f0 pts=0
09-18 17:36:22.272 D/VCodecVenc(  607): [L 324][EnqueInputBuffer]
09-18 17:36:22.297 D/VCodecVencImpl(  607): [L 572][MtkVencSetConfig]
09-18 17:36:22.302 I/kernel  ( 6265): [  249.563219][MTK_V4L2] level=0 vidioc_venc_qbuf(),1318: [4] id=0 getdata FB(2088960,2) vb=000000000c42c7f0 pts=0
09-18 17:36:22.297 D/android.hardware.media.c2@1.1-mediatek(  607): [import_mtk_dtv_native_buffer(): 717] mst buffer is secure: 0
09-18 17:36:22.298 D/android.hardware.media.c2@1.1-mediatek(  607): [import_mtk_dtv_native_buffer(): 717] mst buffer is secure: 0
09-18 17:36:22.301 D/VCodecVenc(  607): [L 324][EnqueInputBuffer]
09-18 17:36:22.306 E/<MI3>   (  636): <ERR>_MI_TUNER_GetLock[4279]: [_MI_TUNER_GetLock][4279] *peLockStatus =  E_MI_TUNER_UNLOCK@!!!
09-18 17:36:22.307 E/<MI3>   (  636): <ERR>_MI_TUNER_GetLock[4279]: [_MI_TUNER_GetLock][4279] *peLockStatus =  E_MI_TUNER_UNLOCK@!!!
09-18 17:36:22.307 E/<MI3>   (  636): <ERR>_MI_TUNER_GetLock[4279]: [_MI_TUNER_GetLock][4279] *peLockStatus =  E_MI_TUNER_UNLOCK@!!!
09-18 17:36:22.328 D/android.hardware.media.c2@1.1-mediatek(  607): [import_mtk_dtv_native_buffer(): 717] mst buffer is secure: 0
09-18 17:36:22.328 D/VCodecVencImpl(  607): [L 572][MtkVencSetConfig]
09-18 17:36:22.330 D/android.hardware.media.c2@1.1-mediatek(  607): [import_mtk_dtv_native_buffer(): 717] mst buffer is secure: 0
09-18 17:36:22.332 I/kernel  ( 6265): [  249.593637][MTK_V4L2] level=0 vidioc_venc_qbuf(),1318: [4] id=0 getdata FB(2088960,2) vb=000000000c42c7f0 pts=0
09-18 17:36:22.334 D/VCodecVenc(  607): [L 324][EnqueInputBuffer]
09-18 17:36:22.358 D/VCodecVencImpl(  607): [L 572][MtkVencSetConfig]
09-18 17:36:22.358 D/android.hardware.media.c2@1.1-mediatek(  607): [import_mtk_dtv_native_buffer(): 717] mst buffer is secure: 0
09-18 17:36:22.359 D/android.hardware.media.c2@1.1-mediatek(  607): [import_mtk_dtv_native_buffer(): 717] mst buffer is secure: 0
09-18 17:36:22.363 I/kernel  ( 6265): [  249.624078][MTK_V4L2] level=0 vidioc_venc_qbuf(),1318: [4] id=0 getdata FB(2088960,2) vb=000000000c42c7f0 pts=0
09-18 17:36:22.365 D/VCodecVenc(  607): [L 324][EnqueInputBuffer]
09-18 17:36:22.391 D/VCodecVencImpl(  607): [L 572][MtkVencSetConfig]
09-18 17:36:22.391 D/android.hardware.media.c2@1.1-mediatek(  607): [import_mtk_dtv_native_buffer(): 717] mst buffer is secure: 0
09-18 17:36:22.393 D/android.hardware.media.c2@1.1-mediatek(  607): [import_mtk_dtv_native_buffer(): 717] mst buffer is secure: 0
09-18 17:36:22.396 I/kernel  ( 6265): [  249.656853][MTK_V4L2] level=0 vidioc_venc_qbuf(),1318: [4] id=0 getdata FB(2088960,2) vb=000000000c42c7f0 pts=0
09-18 17:36:22.399 D/VCodecVenc(  607): [L 324][EnqueInputBuffer]
09-18 17:36:22.421 D/VCodecVencImpl(  607): [L 572][MtkVencSetConfig]
09-18 17:36:22.421 D/android.hardware.media.c2@1.1-mediatek(  607): [import_mtk_dtv_native_buffer(): 717] mst buffer is secure: 0
09-18 17:36:22.426 I/kernel  ( 6265): [  249.687105][MTK_V4L2] level=0 vidioc_venc_qbuf(),1318: [4] id=0 getdata FB(2088960,2) vb=000000000c42c7f0 pts=0
09-18 17:36:22.423 D/android.hardware.media.c2@1.1-mediatek(  607): [import_mtk_dtv_native_buffer(): 717] mst buffer is secure: 0
09-18 17:36:22.427 D/VCodecVenc(  607): [L 324][EnqueInputBuffer]
09-18 17:36:22.451 D/VCodecVencImpl(  607): [L 572][MtkVencSetConfig]
09-18 17:36:22.451 D/android.hardware.media.c2@1.1-mediatek(  607): [import_mtk_dtv_native_buffer(): 717] mst buffer is secure: 0
09-18 17:36:22.452 D/android.hardware.media.c2@1.1-mediatek(  607): [import_mtk_dtv_native_buffer(): 717] mst buffer is secure: 0
09-18 17:36:22.456 I/kernel  ( 6265): [  249.717266][MTK_V4L2] level=0 vidioc_venc_qbuf(),1318: [4] id=0 getdata FB(2088960,2) vb=000000000c42c7f0 pts=0
09-18 17:36:22.456 D/VCodecVenc(  607): [L 324][EnqueInputBuffer]
09-18 17:36:22.482 D/VCodecVencImpl(  607): [L 572][MtkVencSetConfig]
09-18 17:36:22.482 D/android.hardware.media.c2@1.1-mediatek(  607): [import_mtk_dtv_native_buffer(): 717] mst buffer is secure: 0
09-18 17:36:22.482 D/android.hardware.media.c2@1.1-mediatek(  607): [import_mtk_dtv_native_buffer(): 717] mst buffer is secure: 0
09-18 17:36:22.487 I/kernel  ( 6265): [  249.747713][MTK_V4L2] level=0 vidioc_venc_qbuf(),1318: [4] id=0 getdata FB(2088960,2) vb=000000000c42c7f0 pts=0
09-18 17:36:22.487 D/VCodecVenc(  607): [L 324][EnqueInputBuffer]
09-18 17:36:22.508 E/<MI3>   (  636): <ERR>_MI_TUNER_GetLock[4279]: [_MI_TUNER_GetLock][4279] *peLockStatus =  E_MI_TUNER_UNLOCK@!!!
09-18 17:36:22.508 E/<MI3>   (  636): <ERR>_MI_TUNER_GetLock[4279]: [_MI_TUNER_GetLock][4279] *peLockStatus =  E_MI_TUNER_UNLOCK@!!!
09-18 17:36:22.509 E/<MI3>   (  636): <ERR>_MI_TUNER_GetLock[4279]: [_MI_TUNER_GetLock][4279] *peLockStatus =  E_MI_TUNER_UNLOCK@!!!
09-18 17:36:22.517 I/kernel  ( 6265): [  249.778314][MTK_V4L2] level=0 vidioc_venc_qbuf(),1318: [4] id=0 getdata FB(2088960,2) vb=000000000c42c7f0 pts=0
09-18 17:36:22.512 D/android.hardware.media.c2@1.1-mediatek(  607): [import_mtk_dtv_native_buffer(): 717] mst buffer is secure: 0
09-18 17:36:22.512 D/VCodecVencImpl(  607): [L 572][MtkVencSetConfig]
09-18 17:36:22.513 D/android.hardware.media.c2@1.1-mediatek(  607): [import_mtk_dtv_native_buffer(): 717] mst buffer is secure: 0
09-18 17:36:22.517 D/VCodecVenc(  607): [L 324][EnqueInputBuffer]
09-18 17:36:22.543 D/android.hardware.media.c2@1.1-mediatek(  607): [import_mtk_dtv_native_buffer(): 717] mst buffer is secure: 0
09-18 17:36:22.543 D/VCodecVencImpl(  607): [L 572][MtkVencSetConfig]
09-18 17:36:22.543 D/android.hardware.media.c2@1.1-mediatek(  607): [import_mtk_dtv_native_buffer(): 717] mst buffer is secure: 0
09-18 17:36:22.548 I/kernel  ( 6265): [  249.808722][MTK_V4L2] level=0 vidioc_venc_qbuf(),1318: [4] id=0 getdata FB(2088960,2) vb=000000000c42c7f0 pts=0
09-18 17:36:22.549 D/VCodecVenc(  607): [L 324][EnqueInputBuffer]
09-18 17:36:22.574 D/VCodecVencImpl(  607): [L 572][MtkVencSetConfig]
09-18 17:36:22.574 D/android.hardware.media.c2@1.1-mediatek(  607): [import_mtk_dtv_native_buffer(): 717] mst buffer is secure: 0
09-18 17:36:22.575 D/android.hardware.media.c2@1.1-mediatek(  607): [import_mtk_dtv_native_buffer(): 717] mst buffer is secure: 0
09-18 17:36:22.579 I/kernel  ( 6265): [  249.840283][MTK_V4L2] level=0 vidioc_venc_qbuf(),1318: [4] id=0 getdata FB(2088960,2) vb=000000000c42c7f0 pts=0
09-18 17:36:22.579 D/VCodecVenc(  607): [L 324][EnqueInputBuffer]
09-18 17:36:22.606 D/VCodecVencImpl(  607): [L 572][MtkVencSetConfig]
09-18 17:36:22.606 D/android.hardware.media.c2@1.1-mediatek(  607): [import_mtk_dtv_native_buffer(): 717] mst buffer is secure: 0
09-18 17:36:22.609 D/android.hardware.media.c2@1.1-mediatek(  607): [import_mtk_dtv_native_buffer(): 717] mst buffer is secure: 0
09-18 17:36:22.611 I/kernel  ( 6265): [  249.872419][MTK_V4L2] level=0 vidioc_venc_qbuf(),1318: [4] id=0 getdata FB(2088960,2) vb=000000000c42c7f0 pts=0
09-18 17:36:22.614 D/VCodecVenc(  607): [L 324][EnqueInputBuffer]
09-18 17:36:22.637 D/VCodecVencImpl(  607): [L 572][MtkVencSetConfig]
09-18 17:36:22.637 D/android.hardware.media.c2@1.1-mediatek(  607): [import_mtk_dtv_native_buffer(): 717] mst buffer is secure: 0
09-18 17:36:22.642 I/kernel  ( 6265): [  249.902751][MTK_V4L2] level=0 vidioc_venc_qbuf(),1318: [4] id=0 getdata FB(2088960,2) vb=000000000c42c7f0 pts=0
09-18 17:36:22.639 D/android.hardware.media.c2@1.1-mediatek(  607): [import_mtk_dtv_native_buffer(): 717] mst buffer is secure: 0
09-18 17:36:22.643 D/VCodecVenc(  607): [L 324][EnqueInputBuffer]
09-18 17:36:22.667 D/android.hardware.media.c2@1.1-mediatek(  607): [import_mtk_dtv_native_buffer(): 717] mst buffer is secure: 0
09-18 17:36:22.667 D/android.hardware.media.c2@1.1-mediatek(  607): [import_mtk_dtv_native_buffer(): 717] mst buffer is secure: 0
09-18 17:36:22.668 D/VCodecVencImpl(  607): [L 572][MtkVencSetConfig]
09-18 17:36:22.673 I/kernel  ( 6265): [  249.934078][MTK_V4L2] level=0 vidioc_venc_qbuf(),1318: [4] id=0 getdata FB(2088960,2) vb=000000000c42c7f0 pts=0
09-18 17:36:22.671 D/VCodecVenc(  607): [L 324][EnqueInputBuffer]
09-18 17:36:22.698 D/VCodecVencImpl(  607): [L 572][MtkVencSetConfig]
09-18 17:36:22.698 D/android.hardware.media.c2@1.1-mediatek(  607): [import_mtk_dtv_native_buffer(): 717] mst buffer is secure: 0
09-18 17:36:22.703 I/kernel  ( 6265): [  249.964306][MTK_V4L2] level=0 vidioc_venc_qbuf(),1318: [4] id=0 getdata FB(2088960,2) vb=000000000c42c7f0 pts=0
09-18 17:36:22.700 D/android.hardware.media.c2@1.1-mediatek(  607): [import_mtk_dtv_native_buffer(): 717] mst buffer is secure: 0
09-18 17:36:22.704 D/VCodecVenc(  607): [L 324][EnqueInputBuffer]
09-18 17:36:22.709 E/<MI3>   (  636): <ERR>_MI_TUNER_GetLock[4279]: [_MI_TUNER_GetLock][4279] *peLockStatus =  E_MI_TUNER_UNLOCK@!!!
09-18 17:36:22.709 E/<MI3>   (  636): <ERR>_MI_TUNER_GetLock[4279]: [_MI_TUNER_GetLock][4279] *peLockStatus =  E_MI_TUNER_UNLOCK@!!!
09-18 17:36:22.710 E/<MI3>   (  636): <ERR>_MI_TUNER_GetLock[4279]: [_MI_TUNER_GetLock][4279] *peLockStatus =  E_MI_TUNER_UNLOCK@!!!
09-18 17:36:22.729 D/VCodecVencImpl(  607): [L 572][MtkVencSetConfig]
09-18 17:36:22.730 D/android.hardware.media.c2@1.1-mediatek(  607): [import_mtk_dtv_native_buffer(): 717] mst buffer is secure: 0
09-18 17:36:22.730 D/android.hardware.media.c2@1.1-mediatek(  607): [import_mtk_dtv_native_buffer(): 717] mst buffer is secure: 0
09-18 17:36:22.734 I/kernel  ( 6265): [  249.995078][MTK_V4L2] level=0 vidioc_venc_qbuf(),1318: [4] id=0 getdata FB(2088960,2) vb=000000000c42c7f0 pts=0
09-18 17:36:22.734 D/VCodecVenc(  607): [L 324][EnqueInputBuffer]
09-18 17:36:22.762 D/android.hardware.media.c2@1.1-mediatek(  607): [import_mtk_dtv_native_buffer(): 717] mst buffer is secure: 0
09-18 17:36:22.762 D/VCodecVencImpl(  607): [L 572][MtkVencSetConfig]
09-18 17:36:22.762 D/android.hardware.media.c2@1.1-mediatek(  607): [import_mtk_dtv_native_buffer(): 717] mst buffer is secure: 0
09-18 17:36:22.767 I/kernel  ( 6265): [  250.027763][MTK_V4L2] level=0 vidioc_venc_qbuf(),1318: [4] id=0 getdata FB(2088960,2) vb=000000000c42c7f0 pts=0
09-18 17:36:22.767 D/VCodecVenc(  607): [L 324][EnqueInputBuffer]
09-18 17:36:22.793 D/android.hardware.media.c2@1.1-mediatek(  607): [import_mtk_dtv_native_buffer(): 717] mst buffer is secure: 0
09-18 17:36:22.793 D/VCodecVencImpl(  607): [L 572][MtkVencSetConfig]
09-18 17:36:22.794 D/android.hardware.media.c2@1.1-mediatek(  607): [import_mtk_dtv_native_buffer(): 717] mst buffer is secure: 0
09-18 17:36:22.798 I/kernel  ( 6265): [  250.059213][MTK_V4L2] level=0 vidioc_venc_qbuf(),1318: [4] id=0 getdata FB(2088960,2) vb=000000000c42c7f0 pts=0
09-18 17:36:22.799 D/VCodecVenc(  607): [L 324][EnqueInputBuffer]
09-18 17:36:22.825 D/VCodecVencImpl(  607): [L 572][MtkVencSetConfig]
09-18 17:36:22.826 D/android.hardware.media.c2@1.1-mediatek(  607): [import_mtk_dtv_native_buffer(): 717] mst buffer is secure: 0
09-18 17:36:22.826 D/android.hardware.media.c2@1.1-mediatek(  607): [import_mtk_dtv_native_buffer(): 717] mst buffer is secure: 0
09-18 17:36:22.830 I/kernel  ( 6265): [  250.091308][MTK_V4L2] level=0 vidioc_venc_qbuf(),1318: [4] id=0 getdata FB(2088960,2) vb=000000000c42c7f0 pts=0
09-18 17:36:22.831 D/VCodecVenc(  607): [L 324][EnqueInputBuffer]
09-18 17:36:22.856 D/VCodecVencImpl(  607): [L 572][MtkVencSetConfig]
09-18 17:36:22.856 D/android.hardware.media.c2@1.1-mediatek(  607): [import_mtk_dtv_native_buffer(): 717] mst buffer is secure: 0
09-18 17:36:22.858 D/android.hardware.media.c2@1.1-mediatek(  607): [import_mtk_dtv_native_buffer(): 717] mst buffer is secure: 0
09-18 17:36:22.860 I/kernel  ( 6265): [  250.121567][MTK_V4L2] level=0 vidioc_venc_qbuf(),1318: [4] id=0 getdata FB(2088960,2) vb=000000000c42c7f0 pts=0
09-18 17:36:22.862 D/VCodecVenc(  607): [L 324][EnqueInputBuffer]
09-18 17:36:22.886 D/VCodecVencImpl(  607): [L 572][MtkVencSetConfig]
09-18 17:36:22.886 D/android.hardware.media.c2@1.1-mediatek(  607): [import_mtk_dtv_native_buffer(): 717] mst buffer is secure: 0
09-18 17:36:22.886 D/android.hardware.media.c2@1.1-mediatek(  607): [import_mtk_dtv_native_buffer(): 717] mst buffer is secure: 0
09-18 17:36:22.890 D/VCodecVenc(  607): [L 324][EnqueInputBuffer]
09-18 17:36:22.891 I/kernel  ( 6265): [  250.152186][MTK_V4L2] level=0 vidioc_venc_qbuf(),1318: [4] id=0 getdata FB(2088960,2) vb=000000000c42c7f0 pts=0
09-18 17:36:22.910 E/<MI3>   (  636): <ERR>_MI_TUNER_GetLock[4279]: [_MI_TUNER_GetLock][4279] *peLockStatus =  E_MI_TUNER_UNLOCK@!!!
09-18 17:36:22.911 E/<MI3>   (  636): <ERR>_MI_TUNER_GetLock[4279]: [_MI_TUNER_GetLock][4279] *peLockStatus =  E_MI_TUNER_UNLOCK@!!!
09-18 17:36:22.911 E/<MI3>   (  636): <ERR>_MI_TUNER_GetLock[4279]: [_MI_TUNER_GetLock][4279] *peLockStatus =  E_MI_TUNER_UNLOCK@!!!
09-18 17:36:22.916 D/VCodecVencImpl(  607): [L 572][MtkVencSetConfig]
09-18 17:36:22.916 D/android.hardware.media.c2@1.1-mediatek(  607): [import_mtk_dtv_native_buffer(): 717] mst buffer is secure: 0
09-18 17:36:22.917 D/android.hardware.media.c2@1.1-mediatek(  607): [import_mtk_dtv_native_buffer(): 717] mst buffer is secure: 0
09-18 17:36:22.921 I/kernel  ( 6265): [  250.182454][MTK_V4L2] level=0 vidioc_venc_qbuf(),1318: [4] id=0 getdata FB(2088960,2) vb=000000000c42c7f0 pts=0
09-18 17:36:22.921 D/VCodecVenc(  607): [L 324][EnqueInputBuffer]
09-18 17:36:22.929 I/kernel  ( 2513): [  250.190502][A8303-1_Driver] addr:0x08,  i2c status:0x0a from 0x0a
09-18 17:36:22.947 D/VCodecVencImpl(  607): [L 572][MtkVencSetConfig]
09-18 17:36:22.947 D/android.hardware.media.c2@1.1-mediatek(  607): [import_mtk_dtv_native_buffer(): 717] mst buffer is secure: 0
09-18 17:36:22.948 D/android.hardware.media.c2@1.1-mediatek(  607): [import_mtk_dtv_native_buffer(): 717] mst buffer is secure: 0
09-18 17:36:22.952 I/kernel  ( 6265): [  250.212852][MTK_V4L2] level=0 vidioc_venc_qbuf(),1318: [4] id=0 getdata FB(2088960,2) vb=000000000c42c7f0 pts=0
09-18 17:36:22.951 D/VCodecVenc(  607): [L 324][EnqueInputBuffer]
09-18 17:36:22.977 D/VCodecVencImpl(  607): [L 572][MtkVencSetConfig]
09-18 17:36:22.977 D/android.hardware.media.c2@1.1-mediatek(  607): [import_mtk_dtv_native_buffer(): 717] mst buffer is secure: 0
09-18 17:36:22.978 D/android.hardware.media.c2@1.1-mediatek(  607): [import_mtk_dtv_native_buffer(): 717] mst buffer is secure: 0
09-18 17:36:22.982 I/kernel  ( 6265): [  250.243152][MTK_V4L2] level=0 vidioc_venc_qbuf(),1318: [4] id=0 getdata FB(2088960,2) vb=000000000c42c7f0 pts=0
09-18 17:36:22.983 D/VCodecVenc(  607): [L 324][EnqueInputBuffer]
09-18 17:36:23.008 D/VCodecVencImpl(  607): [L 572][MtkVencSetConfig]
09-18 17:36:23.008 D/android.hardware.media.c2@1.1-mediatek(  607): [import_mtk_dtv_native_buffer(): 717] mst buffer is secure: 0
09-18 17:36:23.008 D/android.hardware.media.c2@1.1-mediatek(  607): [import_mtk_dtv_native_buffer(): 717] mst buffer is secure: 0
09-18 17:36:23.012 I/kernel  ( 6265): [  250.273528][MTK_V4L2] level=0 vidioc_venc_qbuf(),1318: [4] id=0 getdata FB(2088960,2) vb=000000000c42c7f0 pts=0
09-18 17:36:23.013 D/VCodecVenc(  607): [L 324][EnqueInputBuffer]
09-18 17:36:23.038 D/VCodecVencImpl(  607): [L 572][MtkVencSetConfig]
09-18 17:36:23.038 D/android.hardware.media.c2@1.1-mediatek(  607): [import_mtk_dtv_native_buffer(): 717] mst buffer is secure: 0
09-18 17:36:23.038 D/android.hardware.media.c2@1.1-mediatek(  607): [import_mtk_dtv_native_buffer(): 717] mst buffer is secure: 0
09-18 17:36:23.043 I/kernel  ( 6265): [  250.303906][MTK_V4L2] level=0 vidioc_venc_qbuf(),1318: [4] id=0 getdata FB(2088960,2) vb=000000000c42c7f0 pts=0
09-18 17:36:23.044 D/VCodecVenc(  607): [L 324][EnqueInputBuffer]
09-18 17:36:23.068 D/VCodecVencImpl(  607): [L 572][MtkVencSetConfig]
09-18 17:36:23.068 D/android.hardware.media.c2@1.1-mediatek(  607): [import_mtk_dtv_native_buffer(): 717] mst buffer is secure: 0
09-18 17:36:23.069 D/android.hardware.media.c2@1.1-mediatek(  607): [import_mtk_dtv_native_buffer(): 717] mst buffer is secure: 0
09-18 17:36:23.073 I/kernel  ( 6265): [  250.334201][MTK_V4L2] level=0 vidioc_venc_qbuf(),1318: [4] id=0 getdata FB(2088960,2) vb=000000000c42c7f0 pts=0
09-18 17:36:23.073 D/VCodecVenc(  607): [L 324][EnqueInputBuffer]
09-18 17:36:23.099 W/kernel  (   59): [  250.360395][VENC]merge sps,pps,frame
09-18 17:36:23.097 V/C2MtkVenc(  607): set average qp 8.
09-18 17:36:23.097 D/VCodecVencImpl(  607): [L 572][MtkVencSetConfig]
09-18 17:36:23.097 D/android.hardware.media.c2@1.1-mediatek(  607): [import_mtk_dtv_native_buffer(): 717] mst buffer is secure: 0
09-18 17:36:23.098 D/android.hardware.media.c2@1.1-mediatek(  607): [import_mtk_dtv_native_buffer(): 717] mst buffer is secure: 0
09-18 17:36:23.101 D/VCodecVenc(  607): [L 324][EnqueInputBuffer]
09-18 17:36:23.102 I/kernel  ( 6265): [  250.363334][MTK_V4L2] level=0 vidioc_venc_qbuf(),1318: [4] id=0 getdata FB(2088960,2) vb=000000000c42c7f0 pts=0
09-18 17:36:23.112 E/<MI3>   (  636): <ERR>_MI_TUNER_GetLock[4279]: [_MI_TUNER_GetLock][4279] *peLockStatus =  E_MI_TUNER_UNLOCK@!!!
09-18 17:36:23.113 E/<MI3>   (  636): <ERR>_MI_TUNER_GetLock[4279]: [_MI_TUNER_GetLock][4279] *peLockStatus =  E_MI_TUNER_UNLOCK@!!!
09-18 17:36:23.114 E/<MI3>   (  636): <ERR>_MI_TUNER_GetLock[4279]: [_MI_TUNER_GetLock][4279] *peLockStatus =  E_MI_TUNER_UNLOCK@!!!
09-18 17:36:23.128 D/VCodecVencImpl(  607): [L 572][MtkVencSetConfig]
09-18 17:36:23.128 D/android.hardware.media.c2@1.1-mediatek(  607): [import_mtk_dtv_native_buffer(): 717] mst buffer is secure: 0
09-18 17:36:23.129 D/android.hardware.media.c2@1.1-mediatek(  607): [import_mtk_dtv_native_buffer(): 717] mst buffer is secure: 0
09-18 17:36:23.132 I/kernel  ( 6265): [  250.393618][MTK_V4L2] level=0 vidioc_venc_qbuf(),1318: [4] id=0 getdata FB(2088960,2) vb=000000000c42c7f0 pts=0
09-18 17:36:23.134 D/VCodecVenc(  607): [L 324][EnqueInputBuffer]
09-18 17:36:23.158 D/VCodecVencImpl(  607): [L 572][MtkVencSetConfig]
09-18 17:36:23.158 D/android.hardware.media.c2@1.1-mediatek(  607): [import_mtk_dtv_native_buffer(): 717] mst buffer is secure: 0
09-18 17:36:23.160 D/android.hardware.media.c2@1.1-mediatek(  607): [import_mtk_dtv_native_buffer(): 717] mst buffer is secure: 0
09-18 17:36:23.163 I/kernel  ( 6265): [  250.423937][MTK_V4L2] level=0 vidioc_venc_qbuf(),1318: [4] id=0 getdata FB(2088960,2) vb=000000000c42c7f0 pts=0
09-18 17:36:23.165 D/VCodecVenc(  607): [L 324][EnqueInputBuffer]
09-18 17:36:23.188 D/VCodecVencImpl(  607): [L 572][MtkVencSetConfig]
09-18 17:36:23.189 D/android.hardware.media.c2@1.1-mediatek(  607): [import_mtk_dtv_native_buffer(): 717] mst buffer is secure: 0
09-18 17:36:23.191 D/android.hardware.media.c2@1.1-mediatek(  607): [import_mtk_dtv_native_buffer(): 717] mst buffer is secure: 0
09-18 17:36:23.193 I/kernel  ( 6265): [  250.454467][MTK_V4L2] level=0 vidioc_venc_qbuf(),1318: [4] id=0 getdata FB(2088960,2) vb=000000000c42c7f0 pts=0
09-18 17:36:23.194 D/VCodecVenc(  607): [L 324][EnqueInputBuffer]
09-18 17:36:23.219 D/VCodecVencImpl(  607): [L 572][MtkVencSetConfig]
09-18 17:36:23.219 D/android.hardware.media.c2@1.1-mediatek(  607): [import_mtk_dtv_native_buffer(): 717] mst buffer is secure: 0
09-18 17:36:23.219 D/android.hardware.media.c2@1.1-mediatek(  607): [import_mtk_dtv_native_buffer(): 717] mst buffer is secure: 0
09-18 17:36:23.224 I/kernel  ( 6265): [  250.484671][MTK_V4L2] level=0 vidioc_venc_qbuf(),1318: [4] id=0 getdata FB(2088960,2) vb=000000000c42c7f0 pts=0
09-18 17:36:23.223 D/VCodecVenc(  607): [L 324][EnqueInputBuffer]
09-18 17:36:23.249 D/VCodecVencImpl(  607): [L 572][MtkVencSetConfig]
09-18 17:36:23.249 D/android.hardware.media.c2@1.1-mediatek(  607): [import_mtk_dtv_native_buffer(): 717] mst buffer is secure: 0
09-18 17:36:23.254 I/kernel  ( 6265): [  250.515070][MTK_V4L2] level=0 vidioc_venc_qbuf(),1318: [4] id=0 getdata FB(2088960,2) vb=000000000c42c7f0 pts=0
09-18 17:36:23.251 D/android.hardware.media.c2@1.1-mediatek(  607): [import_mtk_dtv_native_buffer(): 717] mst buffer is secure: 0
09-18 17:36:23.255 D/VCodecVenc(  607): [L 324][EnqueInputBuffer]
09-18 17:36:23.280 D/android.hardware.media.c2@1.1-mediatek(  607): [import_mtk_dtv_native_buffer(): 717] mst buffer is secure: 0
09-18 17:36:23.280 D/VCodecVencImpl(  607): [L 572][MtkVencSetConfig]
09-18 17:36:23.285 I/kernel  ( 6265): [  250.546094][MTK_V4L2] level=0 vidioc_venc_qbuf(),1318: [4] id=0 getdata FB(2088960,2) vb=000000000c42c7f0 pts=0
09-18 17:36:23.282 D/android.hardware.media.c2@1.1-mediatek(  607): [import_mtk_dtv_native_buffer(): 717] mst buffer is secure: 0
09-18 17:36:23.286 D/VCodecVenc(  607): [L 324][EnqueInputBuffer]
09-18 17:36:23.310 D/android.hardware.media.c2@1.1-mediatek(  607): [import_mtk_dtv_native_buffer(): 717] mst buffer is secure: 0
09-18 17:36:23.311 D/android.hardware.media.c2@1.1-mediatek(  607): [import_mtk_dtv_native_buffer(): 717] mst buffer is secure: 0
09-18 17:36:23.314 I/kernel  (  587): [  250.574981][wlan][587]scanAddToBssDesc:(SCN STATE) IE_PriCh:65 mismatch with RXD_ChNum:69
09-18 17:36:23.312 D/VCodecVencImpl(  607): [L 572][MtkVencSetConfig]
09-18 17:36:23.314 E/<MI3>   (  636): <ERR>_MI_TUNER_GetLock[4279]: [_MI_TUNER_GetLock][4279] *peLockStatus =  E_MI_TUNER_UNLOCK@!!!
09-18 17:36:23.315 E/<MI3>   (  636): <ERR>_MI_TUNER_GetLock[4279]: [_MI_TUNER_GetLock][4279] *peLockStatus =  E_MI_TUNER_UNLOCK@!!!
09-18 17:36:23.317 I/kernel  ( 6265): [  250.578564][MTK_V4L2] level=0 vidioc_venc_qbuf(),1318: [4] id=0 getdata FB(2088960,2) vb=000000000c42c7f0 pts=0
09-18 17:36:23.316 D/VCodecVenc(  607): [L 324][EnqueInputBuffer]
09-18 17:36:23.316 E/<MI3>   (  636): <ERR>_MI_TUNER_GetLock[4279]: [_MI_TUNER_GetLock][4279] *peLockStatus =  E_MI_TUNER_UNLOCK@!!!
09-18 17:36:23.343 D/VCodecVencImpl(  607): [L 572][MtkVencSetConfig]
09-18 17:36:23.343 D/android.hardware.media.c2@1.1-mediatek(  607): [import_mtk_dtv_native_buffer(): 717] mst buffer is secure: 0
09-18 17:36:23.346 D/android.hardware.media.c2@1.1-mediatek(  607): [import_mtk_dtv_native_buffer(): 717] mst buffer is secure: 0
09-18 17:36:23.348 I/kernel  ( 6265): [  250.609184][MTK_V4L2] level=0 vidioc_venc_qbuf(),1318: [4] id=0 getdata FB(2088960,2) vb=000000000c42c7f0 pts=0
09-18 17:36:23.350 D/VCodecVenc(  607): [L 324][EnqueInputBuffer]
09-18 17:36:23.374 D/VCodecVencImpl(  607): [L 572][MtkVencSetConfig]
09-18 17:36:23.374 D/android.hardware.media.c2@1.1-mediatek(  607): [import_mtk_dtv_native_buffer(): 717] mst buffer is secure: 0
09-18 17:36:23.374 D/android.hardware.media.c2@1.1-mediatek(  607): [import_mtk_dtv_native_buffer(): 717] mst buffer is secure: 0
09-18 17:36:23.379 D/VCodecVenc(  607): [L 324][EnqueInputBuffer]
09-18 17:36:23.379 I/kernel  ( 6265): [  250.640099][MTK_V4L2] level=0 vidioc_venc_qbuf(),1318: [4] id=0 getdata FB(2088960,2) vb=000000000c42c7f0 pts=0
09-18 17:36:23.404 D/VCodecVencImpl(  607): [L 572][MtkVencSetConfig]
09-18 17:36:23.404 D/android.hardware.media.c2@1.1-mediatek(  607): [import_mtk_dtv_native_buffer(): 717] mst buffer is secure: 0
09-18 17:36:23.406 D/android.hardware.media.c2@1.1-mediatek(  607): [import_mtk_dtv_native_buffer(): 717] mst buffer is secure: 0
09-18 17:36:23.409 I/kernel  ( 6265): [  250.670225][MTK_V4L2] level=0 vidioc_venc_qbuf(),1318: [4] id=0 getdata FB(2088960,2) vb=000000000c42c7f0 pts=0
09-18 17:36:23.410 D/VCodecVenc(  607): [L 324][EnqueInputBuffer]
09-18 17:36:23.416 I/kernel  (  587): [  250.677085][wlan][587]scanAddToBssDesc:(SCN STATE) IE_PriCh:65 mismatch with RXD_ChNum:85
09-18 17:36:23.434 D/VCodecVencImpl(  607): [L 572][MtkVencSetConfig]
09-18 17:36:23.438 I/kernel  (  587): [  250.699006][wlan][587]scnFsmSteps:(SCN STATE) [SCAN]TRANSITION: [SCANNING] -> [SCANNING]
09-18 17:36:23.436 D/android.hardware.media.c2@1.1-mediatek(  607): [import_mtk_dtv_native_buffer(): 717] mst buffer is secure: 0
09-18 17:36:23.436 D/android.hardware.media.c2@1.1-mediatek(  607): [import_mtk_dtv_native_buffer(): 717] mst buffer is secure: 0
09-18 17:36:23.439 I/kernel  ( 6265): [  250.700434][MTK_V4L2] level=0 vidioc_venc_qbuf(),1318: [4] id=0 getdata FB(2088960,2) vb=000000000c42c7f0 pts=0
09-18 17:36:23.440 D/VCodecVenc(  607): [L 324][EnqueInputBuffer]
09-18 17:36:23.465 D/VCodecVencImpl(  607): [L 572][MtkVencSetConfig]
09-18 17:36:23.465 D/android.hardware.media.c2@1.1-mediatek(  607): [import_mtk_dtv_native_buffer(): 717] mst buffer is secure: 0
09-18 17:36:23.465 D/android.hardware.media.c2@1.1-mediatek(  607): [import_mtk_dtv_native_buffer(): 717] mst buffer is secure: 0
09-18 17:36:23.470 I/kernel  ( 6265): [  250.730863][MTK_V4L2] level=0 vidioc_venc_qbuf(),1318: [4] id=0 getdata FB(2088960,2) vb=000000000c42c7f0 pts=0
09-18 17:36:23.469 D/VCodecVenc(  607): [L 324][EnqueInputBuffer]
09-18 17:36:23.496 D/android.hardware.media.c2@1.1-mediatek(  607): [import_mtk_dtv_native_buffer(): 717] mst buffer is secure: 0
09-18 17:36:23.497 D/VCodecVencImpl(  607): [L 572][MtkVencSetConfig]
09-18 17:36:23.499 D/android.hardware.media.c2@1.1-mediatek(  607): [import_mtk_dtv_native_buffer(): 717] mst buffer is secure: 0
09-18 17:36:23.502 I/kernel  ( 6265): [  250.762881][MTK_V4L2] level=0 vidioc_venc_qbuf(),1318: [4] id=0 getdata FB(2088960,2) vb=000000000c42c7f0 pts=0
09-18 17:36:23.502 D/VCodecVenc(  607): [L 324][EnqueInputBuffer]
09-18 17:36:23.517 E/<MI3>   (  636): <ERR>_MI_TUNER_GetLock[4279]: [_MI_TUNER_GetLock][4279] *peLockStatus =  E_MI_TUNER_UNLOCK@!!!
09-18 17:36:23.517 E/<MI3>   (  636): <ERR>_MI_TUNER_GetLock[4279]: [_MI_TUNER_GetLock][4279] *peLockStatus =  E_MI_TUNER_UNLOCK@!!!
09-18 17:36:23.517 E/<MI3>   (  636): <ERR>_MI_TUNER_GetLock[4279]: [_MI_TUNER_GetLock][4279] *peLockStatus =  E_MI_TUNER_UNLOCK@!!!
09-18 17:36:23.529 D/VCodecVencImpl(  607): [L 572][MtkVencSetConfig]
09-18 17:36:23.529 D/android.hardware.media.c2@1.1-mediatek(  607): [import_mtk_dtv_native_buffer(): 717] mst buffer is secure: 0
09-18 17:36:23.534 I/kernel  ( 6265): [  250.794952][MTK_V4L2] level=0 vidioc_venc_qbuf(),1318: [4] id=0 getdata FB(2088960,2) vb=000000000c42c7f0 pts=0
09-18 17:36:23.531 D/android.hardware.media.c2@1.1-mediatek(  607): [import_mtk_dtv_native_buffer(): 717] mst buffer is secure: 0
09-18 17:36:23.535 D/VCodecVenc(  607): [L 324][EnqueInputBuffer]
09-18 17:36:23.559 D/android.hardware.media.c2@1.1-mediatek(  607): [import_mtk_dtv_native_buffer(): 717] mst buffer is secure: 0
09-18 17:36:23.560 D/android.hardware.media.c2@1.1-mediatek(  607): [import_mtk_dtv_native_buffer(): 717] mst buffer is secure: 0
09-18 17:36:23.561 D/VCodecVencImpl(  607): [L 572][MtkVencSetConfig]
09-18 17:36:23.566 I/kernel  ( 6265): [  250.826774][MTK_V4L2] level=0 vidioc_venc_qbuf(),1318: [4] id=0 getdata FB(2088960,2) vb=000000000c42c7f0 pts=0
09-18 17:36:23.566 D/VCodecVenc(  607): [L 324][EnqueInputBuffer]
09-18 17:36:23.588 D/AES     (  733): AEEIOCTL_RT_MON_Kick IOCTL, cmd= 2147774474, lParam=300. 
09-18 17:36:23.591 I/kernel  (  990): [  250.852251]hang_detect HANG_KICK ( 300)
09-18 17:36:23.591 I/kernel  (  990): [  250.852266][Hang_Detect] hang_detect enabled 10
09-18 17:36:23.592 D/VCodecVencImpl(  607): [L 572][MtkVencSetConfig]
09-18 17:36:23.593 D/android.hardware.media.c2@1.1-mediatek(  607): [import_mtk_dtv_native_buffer(): 717] mst buffer is secure: 0
09-18 17:36:23.594 D/android.hardware.media.c2@1.1-mediatek(  607): [import_mtk_dtv_native_buffer(): 717] mst buffer is secure: 0
09-18 17:36:23.597 I/kernel  ( 6265): [  250.858244][MTK_V4L2] level=0 vidioc_venc_qbuf(),1318: [4] id=0 getdata FB(2088960,2) vb=000000000c42c7f0 pts=0
09-18 17:36:23.600 D/VCodecVenc(  607): [L 324][EnqueInputBuffer]
09-18 17:36:23.622 D/VCodecVencImpl(  607): [L 572][MtkVencSetConfig]
09-18 17:36:23.623 D/android.hardware.media.c2@1.1-mediatek(  607): [import_mtk_dtv_native_buffer(): 717] mst buffer is secure: 0
