09-18 17:36:24.182 I/SecurityParams####debug(  733): createWpa3PersonalParams
09-18 17:36:24.182 I/ScanResultUtil####debug(  733): check createSecurityParamsBySecurityType
09-18 17:36:24.182 I/ScanResultUtil####debug(  733): call createSecurityParamsBySecurityType
09-18 17:36:24.182 I/SecurityParams####debug(  733): createWpa3PersonalParams
09-18 17:36:24.182 I/ScanResultUtil####debug(  733): check createSecurityParamsBySecurityType
09-18 17:36:24.182 I/ScanResultUtil####debug(  733): call createSecurityParamsBySecurityType
09-18 17:36:24.182 I/SecurityParams####debug(  733): createWpa3PersonalParams
09-18 17:36:24.182 I/ScanResultUtil####debug(  733): check createSecurityParamsBySecurityType
09-18 17:36:24.182 I/ScanResultUtil####debug(  733): call createSecurityParamsBySecurityType
09-18 17:36:24.182 I/SecurityParams####debug(  733): createWpa3PersonalParams
09-18 17:36:24.183 I/ScanResultUtil####debug(  733): check createSecurityParamsBySecurityType
09-18 17:36:24.183 I/ScanResultUtil####debug(  733): call createSecurityParamsBySecurityType
09-18 17:36:24.183 I/SecurityParams####debug(  733): createWpa3PersonalParams
09-18 17:36:24.183 I/ScanResultUtil####debug(  733): check createSecurityParamsBySecurityType
09-18 17:36:24.183 I/ScanResultUtil####debug(  733): call createSecurityParamsBySecurityType
09-18 17:36:24.183 I/SecurityParams####debug(  733): createWpa3PersonalParams
09-18 17:36:24.183 I/ScanResultUtil####debug(  733): check createSecurityParamsBySecurityType
09-18 17:36:24.183 I/ScanResultUtil####debug(  733): call createSecurityParamsBySecurityType
09-18 17:36:24.183 I/SecurityParams####debug(  733): createWpa3PersonalParams
09-18 17:36:24.183 I/ScanResultUtil####debug(  733): check createSecurityParamsBySecurityType
09-18 17:36:24.183 I/ScanResultUtil####debug(  733): call createSecurityParamsBySecurityType
09-18 17:36:24.183 I/SecurityParams####debug(  733): createWpa3PersonalParams
09-18 17:36:24.183 I/ScanResultUtil####debug(  733): check createSecurityParamsBySecurityType
09-18 17:36:24.183 I/ScanResultUtil####debug(  733): call createSecurityParamsBySecurityType
09-18 17:36:24.183 I/SecurityParams####debug(  733): createWpa3PersonalParams
09-18 17:36:24.183 I/ScanResultUtil####debug(  733): check createSecurityParamsBySecurityType
09-18 17:36:24.183 I/ScanResultUtil####debug(  733): call createSecurityParamsBySecurityType
09-18 17:36:24.183 I/SecurityParams####debug(  733): createWpa3PersonalParams
09-18 17:36:24.184 I/ScanResultUtil####debug(  733): check createSecurityParamsBySecurityType
09-18 17:36:24.184 I/ScanResultUtil####debug(  733): call createSecurityParamsBySecurityType
09-18 17:36:24.184 I/SecurityParams####debug(  733): createWpa3PersonalParams
09-18 17:36:24.184 I/ScanResultUtil####debug(  733): check createSecurityParamsBySecurityType
09-18 17:36:24.184 I/ScanResultUtil####debug(  733): call createSecurityParamsBySecurityType
09-18 17:36:24.184 I/SecurityParams####debug(  733): createWpa3PersonalParams
09-18 17:36:24.184 I/ScanResultUtil####debug(  733): check createSecurityParamsBySecurityType
09-18 17:36:24.184 I/ScanResultUtil####debug(  733): call createSecurityParamsBySecurityType
09-18 17:36:24.184 I/SecurityParams####debug(  733): createWpa3PersonalParams
09-18 17:36:24.184 I/ScanResultUtil####debug(  733): check createSecurityParamsBySecurityType
09-18 17:36:24.184 I/ScanResultUtil####debug(  733): call createSecurityParamsBySecurityType
09-18 17:36:24.184 I/SecurityParams####debug(  733): createWpa3PersonalParams
09-18 17:36:24.184 I/ScanResultUtil####debug(  733): check createSecurityParamsBySecurityType
09-18 17:36:24.184 I/ScanResultUtil####debug(  733): call createSecurityParamsBySecurityType
09-18 17:36:24.184 I/SecurityParams####debug(  733): createWpa3PersonalParams
09-18 17:36:24.184 I/ScanResultUtil####debug(  733): check createSecurityParamsBySecurityType
09-18 17:36:24.184 I/ScanResultUtil####debug(  733): call createSecurityParamsBySecurityType
09-18 17:36:24.184 I/SecurityParams####debug(  733): createWpa3PersonalParams
09-18 17:36:24.184 I/ScanResultUtil####debug(  733): check createSecurityParamsBySecurityType
09-18 17:36:24.184 I/ScanResultUtil####debug(  733): call createSecurityParamsBySecurityType
09-18 17:36:24.184 I/SecurityParams####debug(  733): createWpa3PersonalParams
09-18 17:36:24.185 I/ScanResultUtil####debug(  733): check createSecurityParamsBySecurityType
09-18 17:36:24.185 I/ScanResultUtil####debug(  733): call createSecurityParamsBySecurityType
09-18 17:36:24.185 I/SecurityParams####debug(  733): createWpa3PersonalParams
09-18 17:36:24.185 I/ScanResultUtil####debug(  733): check createSecurityParamsBySecurityType
09-18 17:36:24.185 I/ScanResultUtil####debug(  733): call createSecurityParamsBySecurityType
09-18 17:36:24.185 I/SecurityParams####debug(  733): createWpa3PersonalParams
09-18 17:36:24.185 I/ScanResultUtil####debug(  733): check createSecurityParamsBySecurityType
09-18 17:36:24.185 I/ScanResultUtil####debug(  733): call createSecurityParamsBySecurityType
09-18 17:36:24.185 I/SecurityParams####debug(  733): createWpa3PersonalParams
09-18 17:36:24.185 I/ScanResultUtil####debug(  733): check createSecurityParamsBySecurityType
09-18 17:36:24.185 I/ScanResultUtil####debug(  733): call createSecurityParamsBySecurityType
09-18 17:36:24.185 I/SecurityParams####debug(  733): createWpa3PersonalParams
09-18 17:36:24.185 I/ScanResultUtil####debug(  733): check createSecurityParamsBySecurityType
09-18 17:36:24.185 I/ScanResultUtil####debug(  733): call createSecurityParamsBySecurityType
09-18 17:36:24.185 I/SecurityParams####debug(  733): createWpa3PersonalParams
09-18 17:36:24.185 I/ScanResultUtil####debug(  733): check createSecurityParamsBySecurityType
09-18 17:36:24.185 I/ScanResultUtil####debug(  733): call createSecurityParamsBySecurityType
09-18 17:36:24.185 I/SecurityParams####debug(  733): createWpa3PersonalParams
09-18 17:36:24.185 I/ScanResultUtil####debug(  733): check createSecurityParamsBySecurityType
09-18 17:36:24.185 I/ScanResultUtil####debug(  733): call createSecurityParamsBySecurityType
09-18 17:36:24.185 I/SecurityParams####debug(  733): createWpa3PersonalParams
09-18 17:36:24.185 I/ScanResultUtil####debug(  733): check createSecurityParamsBySecurityType
09-18 17:36:24.186 I/ScanResultUtil####debug(  733): call createSecurityParamsBySecurityType
09-18 17:36:24.186 I/SecurityParams####debug(  733): createWpa3PersonalParams
09-18 17:36:24.186 I/ScanResultUtil####debug(  733): check createSecurityParamsBySecurityType
09-18 17:36:24.186 I/ScanResultUtil####debug(  733): call createSecurityParamsBySecurityType
09-18 17:36:24.186 I/SecurityParams####debug(  733): createWpa3PersonalParams
09-18 17:36:24.186 I/ScanResultUtil####debug(  733): check createSecurityParamsBySecurityType
09-18 17:36:24.186 I/ScanResultUtil####debug(  733): call createSecurityParamsBySecurityType
09-18 17:36:24.186 I/SecurityParams####debug(  733): createWpa3PersonalParams
09-18 17:36:24.186 I/ScanResultUtil####debug(  733): check createSecurityParamsBySecurityType
09-18 17:36:24.186 I/ScanResultUtil####debug(  733): call createSecurityParamsBySecurityType
09-18 17:36:24.186 I/SecurityParams####debug(  733): createWpa3PersonalParams
09-18 17:36:24.186 I/ScanResultUtil####debug(  733): check createSecurityParamsBySecurityType
09-18 17:36:24.186 I/ScanResultUtil####debug(  733): call createSecurityParamsBySecurityType
09-18 17:36:24.187 I/SecurityParams####debug(  733): createWpa3PersonalParams
09-18 17:36:24.188 I/ScanResultUtil####debug(  733): check createSecurityParamsBySecurityType
09-18 17:36:24.188 I/ScanResultUtil####debug(  733): call createSecurityParamsBySecurityType
09-18 17:36:24.188 I/SecurityParams####debug(  733): createWpa3PersonalParams
09-18 17:36:24.188 I/ScanResultUtil####debug(  733): check createSecurityParamsBySecurityType
09-18 17:36:24.188 I/ScanResultUtil####debug(  733): call createSecurityParamsBySecurityType
09-18 17:36:24.188 I/SecurityParams####debug(  733): createWpa3PersonalParams
09-18 17:36:24.188 I/ScanResultUtil####debug(  733): check createSecurityParamsBySecurityType
09-18 17:36:24.189 I/ScanResultUtil####debug(  733): call createSecurityParamsBySecurityType
09-18 17:36:24.189 I/SecurityParams####debug(  733): createWpa3PersonalParams
09-18 17:36:24.189 I/ScanResultUtil####debug(  733): check createSecurityParamsBySecurityType
09-18 17:36:24.189 I/ScanResultUtil####debug(  733): call createSecurityParamsBySecurityType
09-18 17:36:24.189 I/SecurityParams####debug(  733): createWpa3PersonalParams
09-18 17:36:24.189 I/ScanResultUtil####debug(  733): check createSecurityParamsBySecurityType
09-18 17:36:24.189 I/ScanResultUtil####debug(  733): call createSecurityParamsBySecurityType
09-18 17:36:24.189 I/SecurityParams####debug(  733): createWpa3PersonalParams
09-18 17:36:24.189 I/ScanResultUtil####debug(  733): check createSecurityParamsBySecurityType
09-18 17:36:24.189 I/ScanResultUtil####debug(  733): call createSecurityParamsBySecurityType
09-18 17:36:24.189 I/SecurityParams####debug(  733): createWpa3PersonalParams
09-18 17:36:24.189 I/ScanResultUtil####debug(  733): check createSecurityParamsBySecurityType
09-18 17:36:24.189 I/ScanResultUtil####debug(  733): call createSecurityParamsBySecurityType
09-18 17:36:24.189 I/SecurityParams####debug(  733): createWpa3PersonalParams
09-18 17:36:24.189 I/ScanResultUtil####debug(  733): check createSecurityParamsBySecurityType
09-18 17:36:24.189 I/ScanResultUtil####debug(  733): call createSecurityParamsBySecurityType
09-18 17:36:24.189 I/SecurityParams####debug(  733): createWpa3PersonalParams
09-18 17:36:24.189 I/ScanResultUtil####debug(  733): check createSecurityParamsBySecurityType
09-18 17:36:24.189 I/ScanResultUtil####debug(  733): call createSecurityParamsBySecurityType
09-18 17:36:24.189 I/SecurityParams####debug(  733): createWpa3PersonalParams
09-18 17:36:24.189 I/ScanResultUtil####debug(  733): check createSecurityParamsBySecurityType
09-18 17:36:24.189 I/ScanResultUtil####debug(  733): call createSecurityParamsBySecurityType
09-18 17:36:24.189 I/SecurityParams####debug(  733): createWpa3PersonalParams
09-18 17:36:24.190 I/ScanResultUtil####debug(  733): check createSecurityParamsBySecurityType
09-18 17:36:24.190 I/ScanResultUtil####debug(  733): call createSecurityParamsBySecurityType
09-18 17:36:24.190 I/SecurityParams####debug(  733): createWpa3PersonalParams
09-18 17:36:24.190 I/ScanResultUtil####debug(  733): check createSecurityParamsBySecurityType
09-18 17:36:24.190 I/ScanResultUtil####debug(  733): call createSecurityParamsBySecurityType
09-18 17:36:24.190 I/SecurityParams####debug(  733): createWpa3PersonalParams
09-18 17:36:24.190 I/ScanResultUtil####debug(  733): check createSecurityParamsBySecurityType
09-18 17:36:24.190 I/ScanResultUtil####debug(  733): call createSecurityParamsBySecurityType
09-18 17:36:24.190 I/SecurityParams####debug(  733): createWpa3PersonalParams
09-18 17:36:24.190 I/ScanResultUtil####debug(  733): check createSecurityParamsBySecurityType
09-18 17:36:24.190 I/ScanResultUtil####debug(  733): call createSecurityParamsBySecurityType
09-18 17:36:24.190 I/SecurityParams####debug(  733): createWpa3PersonalParams
09-18 17:36:24.190 I/ScanResultUtil####debug(  733): check createSecurityParamsBySecurityType
09-18 17:36:24.190 I/ScanResultUtil####debug(  733): call createSecurityParamsBySecurityType
09-18 17:36:24.190 I/SecurityParams####debug(  733): createWpa3PersonalParams
09-18 17:36:24.190 I/ScanResultUtil####debug(  733): check createSecurityParamsBySecurityType
09-18 17:36:24.190 I/ScanResultUtil####debug(  733): call createSecurityParamsBySecurityType
09-18 17:36:24.190 I/SecurityParams####debug(  733): createWpa3PersonalParams
09-18 17:36:24.190 I/ScanResultUtil####debug(  733): check createSecurityParamsBySecurityType
09-18 17:36:24.190 I/ScanResultUtil####debug(  733): call createSecurityParamsBySecurityType
09-18 17:36:24.191 I/SecurityParams####debug(  733): createWpa3PersonalParams
09-18 17:36:24.191 I/ScanResultUtil####debug(  733): check createSecurityParamsBySecurityType
09-18 17:36:24.191 I/ScanResultUtil####debug(  733): call createSecurityParamsBySecurityType
09-18 17:36:24.191 I/SecurityParams####debug(  733): createWpa3PersonalParams
09-18 17:36:24.191 D/VCodecVencImpl(  607): [L 572][MtkVencSetConfig]
09-18 17:36:24.191 D/android.hardware.media.c2@1.1-mediatek(  607): [import_mtk_dtv_native_buffer(): 717] mst buffer is secure: 0
09-18 17:36:24.191 D/android.hardware.media.c2@1.1-mediatek(  607): [import_mtk_dtv_native_buffer(): 717] mst buffer is secure: 0
09-18 17:36:24.192 I/ScanResultUtil####debug(  733): check createSecurityParamsBySecurityType
09-18 17:36:24.192 I/ScanResultUtil####debug(  733): call createSecurityParamsBySecurityType
09-18 17:36:24.192 I/SecurityParams####debug(  733): createWpa3PersonalParams
09-18 17:36:24.193 I/ScanResultUtil####debug(  733): check createSecurityParamsBySecurityType
09-18 17:36:24.193 I/ScanResultUtil####debug(  733): call createSecurityParamsBySecurityType
09-18 17:36:24.193 I/SecurityParams####debug(  733): createWpa3PersonalParams
09-18 17:36:24.194 I/ScanResultUtil####debug(  733): check createSecurityParamsBySecurityType
09-18 17:36:24.194 I/ScanResultUtil####debug(  733): call createSecurityParamsBySecurityType
09-18 17:36:24.194 I/SecurityParams####debug(  733): createWpa3PersonalParams
09-18 17:36:24.194 I/ScanResultUtil####debug(  733): check createSecurityParamsBySecurityType
09-18 17:36:24.194 I/ScanResultUtil####debug(  733): check createSecurityParamsBySecurityType
09-18 17:36:24.195 I/ScanResultUtil####debug(  733): call createSecurityParamsBySecurityType
09-18 17:36:24.195 I/SecurityParams####debug(  733): createWpa3PersonalParams
09-18 17:36:24.195 I/ScanResultUtil####debug(  733): check createSecurityParamsBySecurityType
09-18 17:36:24.195 I/ScanResultUtil####debug(  733): check createSecurityParamsBySecurityType
09-18 17:36:24.195 I/ScanResultUtil####debug(  733): check createSecurityParamsBySecurityType
09-18 17:36:24.195 I/ScanResultUtil####debug(  733): call createSecurityParamsBySecurityType
09-18 17:36:24.195 I/SecurityParams####debug(  733): createWpa3PersonalParams
09-18 17:36:24.196 I/ScanResultUtil####debug(  733): check createSecurityParamsBySecurityType
09-18 17:36:24.196 I/ScanResultUtil####debug(  733): check createSecurityParamsBySecurityType
09-18 17:36:24.196 I/ScanResultUtil####debug(  733): call createSecurityParamsBySecurityType
09-18 17:36:24.196 I/SecurityParams####debug(  733): createWpa3PersonalParams
09-18 17:36:24.196 I/ScanResultUtil####debug(  733): check createSecurityParamsBySecurityType
09-18 17:36:24.196 I/ScanResultUtil####debug(  733): call createSecurityParamsBySecurityType
09-18 17:36:24.196 I/SecurityParams####debug(  733): createWpa3PersonalParams
09-18 17:36:24.196 D/VCodecVenc(  607): [L 324][EnqueInputBuffer]
09-18 17:36:24.196 I/ScanResultUtil####debug(  733): check createSecurityParamsBySecurityType
09-18 17:36:24.196 I/ScanResultUtil####debug(  733): check createSecurityParamsBySecurityType
09-18 17:36:24.196 I/ScanResultUtil####debug(  733): call createSecurityParamsBySecurityType
09-18 17:36:24.196 I/SecurityParams####debug(  733): createWpa3PersonalParams
09-18 17:36:24.197 I/ScanResultUtil####debug(  733): check createSecurityParamsBySecurityType
09-18 17:36:24.197 I/ScanResultUtil####debug(  733): call createSecurityParamsBySecurityType
09-18 17:36:24.197 I/SecurityParams####debug(  733): createWpa3PersonalParams
09-18 17:36:24.197 I/ScanResultUtil####debug(  733): check createSecurityParamsBySecurityType
09-18 17:36:24.197 I/ScanResultUtil####debug(  733): check createSecurityParamsBySecurityType
09-18 17:36:24.197 I/ScanResultUtil####debug(  733): call createSecurityParamsBySecurityType
09-18 17:36:24.197 I/SecurityParams####debug(  733): createWpa3PersonalParams
09-18 17:36:24.197 I/ScanResultUtil####debug(  733): check createSecurityParamsBySecurityType
09-18 17:36:24.197 I/ScanResultUtil####debug(  733): call createSecurityParamsBySecurityType
09-18 17:36:24.197 I/SecurityParams####debug(  733): createWpa3PersonalParams
09-18 17:36:24.197 I/ScanResultUtil####debug(  733): check createSecurityParamsBySecurityType
09-18 17:36:24.197 I/ScanResultUtil####debug(  733): call createSecurityParamsBySecurityType
09-18 17:36:24.197 I/SecurityParams####debug(  733): createWpa3PersonalParams
09-18 17:36:24.197 I/ScanResultUtil####debug(  733): check createSecurityParamsBySecurityType
09-18 17:36:24.197 I/ScanResultUtil####debug(  733): call createSecurityParamsBySecurityType
09-18 17:36:24.197 I/SecurityParams####debug(  733): createWpa3PersonalParams
09-18 17:36:24.198 I/ScanResultUtil####debug(  733): check createSecurityParamsBySecurityType
09-18 17:36:24.200 I/ScanResultUtil####debug(  733): check createSecurityParamsBySecurityType
09-18 17:36:24.200 I/ScanResultUtil####debug(  733): check createSecurityParamsBySecurityType
09-18 17:36:24.200 I/ScanResultUtil####debug(  733): call createSecurityParamsBySecurityType
09-18 17:36:24.200 I/SecurityParams####debug(  733): createWpa3PersonalParams
09-18 17:36:24.201 I/ScanResultUtil####debug(  733): check createSecurityParamsBySecurityType
09-18 17:36:24.201 I/ScanResultUtil####debug(  733): check createSecurityParamsBySecurityType
09-18 17:36:24.201 I/ScanResultUtil####debug(  733): call createSecurityParamsBySecurityType
09-18 17:36:24.205 I/kernel  ( 6988): [  251.465978]cxd_tnr: : AGC (Tuner)          | IF AGC (REG)        | reg:0x5B value=0x49
09-18 17:36:24.201 I/SecurityParams####debug(  733): createWpa3PersonalParams
09-18 17:36:24.201 I/ScanResultUtil####debug(  733): check createSecurityParamsBySecurityType
09-18 17:36:24.201 I/ScanResultUtil####debug(  733): check createSecurityParamsBySecurityType
09-18 17:36:24.201 I/ScanResultUtil####debug(  733): check createSecurityParamsBySecurityType
09-18 17:36:24.201 I/ScanResultUtil####debug(  733): call createSecurityParamsBySecurityType
09-18 17:36:24.201 I/SecurityParams####debug(  733): createWpa3PersonalParams
09-18 17:36:24.201 I/ScanResultUtil####debug(  733): check createSecurityParamsBySecurityType
09-18 17:36:24.202 I/ScanResultUtil####debug(  733): check createSecurityParamsBySecurityType
09-18 17:36:24.202 I/ScanResultUtil####debug(  733): call createSecurityParamsBySecurityType
09-18 17:36:24.202 I/SecurityParams####debug(  733): createWpa3PersonalParams
09-18 17:36:24.202 I/ScanResultUtil####debug(  733): check createSecurityParamsBySecurityType
09-18 17:36:24.202 I/ScanResultUtil####debug(  733): check createSecurityParamsBySecurityType
09-18 17:36:24.202 I/ScanResultUtil####debug(  733): call createSecurityParamsBySecurityType
09-18 17:36:24.202 I/SecurityParams####debug(  733): createWpa3PersonalParams
09-18 17:36:24.202 I/ScanResultUtil####debug(  733): check createSecurityParamsBySecurityType
09-18 17:36:24.202 I/ScanResultUtil####debug(  733): check createSecurityParamsBySecurityType
09-18 17:36:24.202 I/ScanResultUtil####debug(  733): call createSecurityParamsBySecurityType
09-18 17:36:24.202 I/SecurityParams####debug(  733): createWpa3PersonalParams
09-18 17:36:24.202 I/ScanResultUtil####debug(  733): check createSecurityParamsBySecurityType
09-18 17:36:24.202 I/ScanResultUtil####debug(  733): call createSecurityParamsBySecurityType
09-18 17:36:24.202 I/SecurityParams####debug(  733): createWpa3PersonalParams
09-18 17:36:24.202 I/ScanResultUtil####debug(  733): check createSecurityParamsBySecurityType
09-18 17:36:24.203 I/ScanResultUtil####debug(  733): call createSecurityParamsBySecurityType
09-18 17:36:24.203 I/SecurityParams####debug(  733): createWpa3PersonalParams
09-18 17:36:24.203 I/ScanResultUtil####debug(  733): check createSecurityParamsBySecurityType
09-18 17:36:24.205 E/kernel  ( 6988): [  251.465995]cxd_tnr: [cxd_tnr_cfm_get_params][754] unknown 20
09-18 17:36:24.203 I/ScanResultUtil####debug(  733): check createSecurityParamsBySecurityType
09-18 17:36:24.203 I/ScanResultUtil####debug(  733): call createSecurityParamsBySecurityType
09-18 17:36:24.203 I/SecurityParams####debug(  733): createWpa3PersonalParams
09-18 17:36:24.204 I/ScanResultUtil####debug(  733): check createSecurityParamsBySecurityType
09-18 17:36:24.204 I/ScanResultUtil####debug(  733): check createSecurityParamsBySecurityType
09-18 17:36:24.204 I/ScanResultUtil####debug(  733): call createSecurityParamsBySecurityType
09-18 17:36:24.204 I/SecurityParams####debug(  733): createWpa3PersonalParams
09-18 17:36:24.204 I/ScanResultUtil####debug(  733): check createSecurityParamsBySecurityType
09-18 17:36:24.205 I/ScanResultUtil####debug(  733): check createSecurityParamsBySecurityType
09-18 17:36:24.205 I/ScanResultUtil####debug(  733): call createSecurityParamsBySecurityType
09-18 17:36:24.205 I/SecurityParams####debug(  733): createWpa3PersonalParams
09-18 17:36:24.205 I/ScanResultUtil####debug(  733): check createSecurityParamsBySecurityType
09-18 17:36:24.205 I/ScanResultUtil####debug(  733): call createSecurityParamsBySecurityType
09-18 17:36:24.205 I/SecurityParams####debug(  733): createWpa3PersonalParams
09-18 17:36:24.205 I/ScanResultUtil####debug(  733): check createSecurityParamsBySecurityType
09-18 17:36:24.205 I/ScanResultUtil####debug(  733): check createSecurityParamsBySecurityType
09-18 17:36:24.205 I/kernel  ( 6988): [  251.466150]cxd_dmd: :----------------------     TUNE (Demod)      -------------------
09-18 17:36:24.205 I/ScanResultUtil####debug(  733): call createSecurityParamsBySecurityType
09-18 17:36:24.205 I/SecurityParams####debug(  733): createWpa3PersonalParams
09-18 17:36:24.205 I/ScanResultUtil####debug(  733): check createSecurityParamsBySecurityType
09-18 17:36:24.205 I/ScanResultUtil####debug(  733): check createSecurityParamsBySecurityType
09-18 17:36:24.205 I/ScanResultUtil####debug(  733): call createSecurityParamsBySecurityType
09-18 17:36:24.205 I/SecurityParams####debug(  733): createWpa3PersonalParams
09-18 17:36:24.205 I/ScanResultUtil####debug(  733): check createSecurityParamsBySecurityType
09-18 17:36:24.205 I/ScanResultUtil####debug(  733): check createSecurityParamsBySecurityType
09-18 17:36:24.205 I/ScanResultUtil####debug(  733): call createSecurityParamsBySecurityType
09-18 17:36:24.205 I/kernel  ( 6988): [  251.466155]cxd_dmd: :                      | delivery System(dvb)| 20
09-18 17:36:24.205 I/SecurityParams####debug(  733): createWpa3PersonalParams
09-18 17:36:24.205 I/ScanResultUtil####debug(  733): check createSecurityParamsBySecurityType
09-18 17:36:24.205 I/ScanResultUtil####debug(  733): call createSecurityParamsBySecurityType
09-18 17:36:24.205 I/SecurityParams####debug(  733): createWpa3PersonalParams
09-18 17:36:24.206 I/ScanResultUtil####debug(  733): check createSecurityParamsBySecurityType
09-18 17:36:24.206 I/ScanResultUtil####debug(  733): call createSecurityParamsBySecurityType
09-18 17:36:24.206 I/SecurityParams####debug(  733): createWpa3PersonalParams
09-18 17:36:24.206 I/ScanResultUtil####debug(  733): check createSecurityParamsBySecurityType
09-18 17:36:24.206 I/ScanResultUtil####debug(  733): check createSecurityParamsBySecurityType
09-18 17:36:24.206 I/ScanResultUtil####debug(  733): call createSecurityParamsBySecurityType
09-18 17:36:24.206 I/SecurityParams####debug(  733): createWpa3PersonalParams
09-18 17:36:24.206 I/ScanResultUtil####debug(  733): check createSecurityParamsBySecurityType
09-18 17:36:24.206 I/ScanResultUtil####debug(  733): call createSecurityParamsBySecurityType
09-18 17:36:24.206 I/SecurityParams####debug(  733): createWpa3PersonalParams
09-18 17:36:24.206 I/ScanResultUtil####debug(  733): check createSecurityParamsBySecurityType
09-18 17:36:24.206 I/ScanResultUtil####debug(  733): call createSecurityParamsBySecurityType
09-18 17:36:24.206 I/SecurityParams####debug(  733): createWpa3PersonalParams
09-18 17:36:24.206 I/ScanResultUtil####debug(  733): check createSecurityParamsBySecurityType
09-18 17:36:24.206 I/ScanResultUtil####debug(  733): check createSecurityParamsBySecurityType
09-18 17:36:24.206 I/ScanResultUtil####debug(  733): call createSecurityParamsBySecurityType
09-18 17:36:24.206 I/SecurityParams####debug(  733): createWpa3PersonalParams
09-18 17:36:24.206 I/ScanResultUtil####debug(  733): check createSecurityParamsBySecurityType
09-18 17:36:24.206 I/ScanResultUtil####debug(  733): call createSecurityParamsBySecurityType
09-18 17:36:24.206 I/SecurityParams####debug(  733): createWpa3PersonalParams
09-18 17:36:24.207 I/ScanResultUtil####debug(  733): check createSecurityParamsBySecurityType
09-18 17:36:24.207 I/ScanResultUtil####debug(  733): call createSecurityParamsBySecurityType
09-18 17:36:24.207 I/SecurityParams####debug(  733): createWpa3PersonalParams
09-18 17:36:24.207 I/ScanResultUtil####debug(  733): check createSecurityParamsBySecurityType
09-18 17:36:24.207 I/ScanResultUtil####debug(  733): call createSecurityParamsBySecurityType
09-18 17:36:24.207 I/SecurityParams####debug(  733): createWpa3PersonalParams
09-18 17:36:24.207 I/ScanResultUtil####debug(  733): check createSecurityParamsBySecurityType
09-18 17:36:24.212 I/ScanResultUtil####debug(  733): check createSecurityParamsBySecurityType
09-18 17:36:24.212 I/ScanResultUtil####debug(  733): call createSecurityParamsBySecurityType
09-18 17:36:24.212 I/SecurityParams####debug(  733): createWpa3PersonalParams
09-18 17:36:24.213 I/ScanResultUtil####debug(  733): check createSecurityParamsBySecurityType
09-18 17:36:24.213 I/ScanResultUtil####debug(  733): call createSecurityParamsBySecurityType
09-18 17:36:24.213 I/SecurityParams####debug(  733): createWpa3PersonalParams
09-18 17:36:24.213 I/ScanResultUtil####debug(  733): check createSecurityParamsBySecurityType
09-18 17:36:24.213 I/ScanResultUtil####debug(  733): check createSecurityParamsBySecurityType
09-18 17:36:24.214 I/ScanResultUtil####debug(  733): check createSecurityParamsBySecurityType
09-18 17:36:24.214 I/ScanResultUtil####debug(  733): check createSecurityParamsBySecurityType
09-18 17:36:24.214 I/ScanResultUtil####debug(  733): check createSecurityParamsBySecurityType
09-18 17:36:24.214 I/ScanResultUtil####debug(  733): call createSecurityParamsBySecurityType
09-18 17:36:24.214 I/SecurityParams####debug(  733): createWpa3PersonalParams
09-18 17:36:24.214 I/ScanResultUtil####debug(  733): check createSecurityParamsBySecurityType
09-18 17:36:24.214 I/ScanResultUtil####debug(  733): check createSecurityParamsBySecurityType
09-18 17:36:24.214 I/ScanResultUtil####debug(  733): call createSecurityParamsBySecurityType
09-18 17:36:24.214 I/SecurityParams####debug(  733): createWpa3PersonalParams
09-18 17:36:24.214 I/ScanResultUtil####debug(  733): check createSecurityParamsBySecurityType
09-18 17:36:24.214 I/ScanResultUtil####debug(  733): check createSecurityParamsBySecurityType
09-18 17:36:24.214 I/ScanResultUtil####debug(  733): call createSecurityParamsBySecurityType
09-18 17:36:24.214 I/SecurityParams####debug(  733): createWpa3PersonalParams
09-18 17:36:24.214 I/ScanResultUtil####debug(  733): check createSecurityParamsBySecurityType
09-18 17:36:24.214 I/ScanResultUtil####debug(  733): call createSecurityParamsBySecurityType
09-18 17:36:24.214 I/SecurityParams####debug(  733): createWpa3PersonalParams
09-18 17:36:24.221 I/kernel  ( 6988): [  251.481755]cxd_dmd: :                      | frequency           | 1164560 kHz
09-18 17:36:24.215 I/ScanResultUtil####debug(  733): check createSecurityParamsBySecurityType
09-18 17:36:24.215 I/ScanResultUtil####debug(  733): call createSecurityParamsBySecurityType
09-18 17:36:24.215 I/SecurityParams####debug(  733): createWpa3PersonalParams
09-18 17:36:24.221 I/kernel  ( 6988): [  251.481780]mtk_cfm: [cfm_tune][868] demod_result : 0
09-18 17:36:24.221 I/kernel  ( 6988): [  251.482227]mtk_cfm: [cfm_tune][896]E(status:0x0)
09-18 17:36:24.224 I/kernel  (  636): [  251.484921]mtk_cfm: [cfm_set_lna][725] lna 1
09-18 17:36:24.226 I/kernel  ( 6265): [  251.487316][MTK_V4L2] level=0 vidioc_venc_qbuf(),1318: [4] id=0 getdata FB(2088960,2) vb=000000000c42c7f0 pts=0
09-18 17:36:24.227 W/kernel  (  636): [  251.488396]mediatek,dvb-adapter mtk-dvb-adapter: DVB: adapter 0 frontend 2 frequency limits undefined - fix the driver
09-18 17:36:24.227 I/kernel  (  636): [  251.488430]mtk_cfm: [cfm_get_tune_settings][1149]
09-18 17:36:24.228 I/kernel  ( 6990): [  251.489031]mtk_cfm: [cfm_get_frontend_algo][1070]
09-18 17:36:24.228 I/kernel  ( 6990): [  251.489046]mtk_cfm: [cfm_tune][777]Start: re_tune = 1
09-18 17:36:24.228 I/kernel  ( 6990): [  251.489050]mtk_cfm: [_confirm_which_tuner_use][299]
09-18 17:36:24.228 I/kernel  ( 6990): [  251.489053]mtk_cfm: [_convert_array_to_u16][282], testValue.element[i = 0] = [0x1], value = [0x2]
09-18 17:36:24.228 I/kernel  ( 6990): [  251.489057]mtk_cfm: [_convert_array_to_u16][282], testValue.element[i = 1] = [0x2], value = [0x6]
09-18 17:36:24.228 I/kernel  ( 6990): [  251.489060]mtk_cfm: [_convert_array_to_u16][282], testValue.element[i = 2] = [0x3], value = [0xe]
09-18 17:36:24.228 I/kernel  ( 6990): [  251.489064]mtk_cfm: [_convert_array_to_u16][282], testValue.element[i = 3] = [0x5], value = [0x2e]
09-18 17:36:24.228 I/kernel  ( 6990): [  251.489067]mtk_cfm: [_convert_array_to_u16][282], testValue.element[i = 4] = [0x6], value = [0x6e]
09-18 17:36:24.228 I/kernel  ( 6990): [  251.489070]mtk_cfm: [_convert_array_to_u16][282], testValue.element[i = 5] = [0x8], value = [0x16e]
09-18 17:36:24.228 I/kernel  ( 6990): [  251.489073]mtk_cfm: [_convert_array_to_u16][282], testValue.element[i = 6] = [0x9], value = [0x36e]
09-18 17:36:24.215 I/ScanResultUtil####debug(  733): check createSecurityParamsBySecurityType
09-18 17:36:24.228 I/kernel  ( 6990): [  251.489076]mtk_cfm: [_convert_array_to_u16][282], testValue.element[i = 7] = [0xa], value = [0x76e]
09-18 17:36:24.228 I/kernel  ( 6990): [  251.489079]mtk_cfm: [_convert_array_to_u16][282], testValue.element[i = 8] = [0xb], value = [0xf6e]
09-18 17:36:24.228 I/kernel  ( 6990): [  251.489081]mtk_cfm: [_convert_array_to_u16][282], testValue.element[i = 9] = [0xd], value = [0x2f6e]
09-18 17:36:24.228 I/kernel  ( 6990): [  251.489085]mtk_cfm: [_convert_array_to_u16][282], testValue.element[i = 10] = [0x10], value = [0x12f6e]
09-18 17:36:24.228 I/kernel  ( 6990): [  251.489088]mtk_cfm: [_convert_array_to_u16][282], testValue.element[i = 11] = [0x12], value = [0x52f6e]
09-18 17:36:24.228 I/kernel  ( 6990): [  251.489091]mtk_cfm: [_convert_array_to_u16][282], testValue.element[i = 12] = [0x14], value = [0x152f6e]
09-18 17:36:24.228 I/kernel  ( 6990): [  251.489094]mtk_cfm: [_convert_array_to_u16][282], testValue.element[i = 13] = [0x15], value = [0x352f6e]
09-18 17:36:24.228 I/kernel  ( 6990): [  251.489097]mtk_cfm: [_convert_array_to_u16][282], testValue.element[i = 14] = [0x13], value = [0x3d2f6e]
09-18 17:36:24.215 I/ScanResultUtil####debug(  733): check createSecurityParamsBySecurityType
09-18 17:36:24.215 I/ScanResultUtil####debug(  733): check createSecurityParamsBySecurityType
09-18 17:36:24.215 I/ScanResultUtil####debug(  733): call createSecurityParamsBySecurityType
09-18 17:36:24.215 I/SecurityParams####debug(  733): createWpa3PersonalParams
09-18 17:36:24.215 I/ScanResultUtil####debug(  733): check createSecurityParamsBySecurityType
09-18 17:36:24.215 I/ScanResultUtil####debug(  733): check createSecurityParamsBySecurityType
09-18 17:36:24.215 I/ScanResultUtil####debug(  733): call createSecurityParamsBySecurityType
09-18 17:36:24.215 I/SecurityParams####debug(  733): createWpa3PersonalParams
09-18 17:36:24.215 I/ScanResultUtil####debug(  733): check createSecurityParamsBySecurityType
09-18 17:36:24.216 I/ScanResultUtil####debug(  733): call createSecurityParamsBySecurityType
09-18 17:36:24.216 I/SecurityParams####debug(  733): createWpa3PersonalParams
09-18 17:36:24.216 I/ScanResultUtil####debug(  733): check createSecurityParamsBySecurityType
09-18 17:36:24.216 I/ScanResultUtil####debug(  733): check createSecurityParamsBySecurityType
09-18 17:36:24.216 I/ScanResultUtil####debug(  733): call createSecurityParamsBySecurityType
09-18 17:36:24.218 I/SecurityParams####debug(  733): createWpa3PersonalParams
09-18 17:36:24.218 I/ScanResultUtil####debug(  733): check createSecurityParamsBySecurityType
09-18 17:36:24.218 I/ScanResultUtil####debug(  733): call createSecurityParamsBySecurityType
09-18 17:36:24.218 I/SecurityParams####debug(  733): createWpa3PersonalParams
09-18 17:36:24.218 I/ScanResultUtil####debug(  733): check createSecurityParamsBySecurityType
09-18 17:36:24.218 I/ScanResultUtil####debug(  733): call createSecurityParamsBySecurityType
09-18 17:36:24.218 I/SecurityParams####debug(  733): createWpa3PersonalParams
09-18 17:36:24.218 I/ScanResultUtil####debug(  733): check createSecurityParamsBySecurityType
09-18 17:36:24.218 I/ScanResultUtil####debug(  733): call createSecurityParamsBySecurityType
09-18 17:36:24.218 I/SecurityParams####debug(  733): createWpa3PersonalParams
09-18 17:36:24.220 D/WifiNetworkSelector(  733): Networks filtered out due to invalid SSID: d2:25:a2:c9:2b:52 / 16:11:32:ad:55:ae / 3e:52:a1:24:20:33 / 6e:b2:27:1f:4e:dc / 6e:b2:27:22:da:1c / 3e:52:a1:74:20:33 / b6:be:76:a0:3d:53 / 6e:b2:27:92:0f:15 / 84:e8:cb:a3:c9:39 / e4:4e:2d:7b:a3:6d / e4:4e:2d:7c:28:8d / 96:46:8d:38:ec:90 / e4:4e:2d:a4:3b:2d / e4:4e:2d:7c:49:0d / 1c:d1:e0:d5:75:0d / 1c:d1:e0:dc:8e:4d / 6e:b2:27:dd:d7:fd / e4:4e:2d:a4:62:2d / 6e:b2:27:b1:dc:f2 / e4:4e:2d:64:30:cd / 16:11:32:ad:55:af / 1c:d1:e0:dc:46:8d / 6e:b2:27:ea:e1:0a / 6e:b2:27:5c:05:7a / 6e:b2:27:1a:f3:66 / e4:4e:2d:7c:9c:ad / e4:4e:2d:7d:82:2d / 6e:b2:27:72:81:4f / 6e:b2:27:7a:0a:c7 / 1c:d1:e0:de:14:6d / 62:45:b8:d9:bb:e9 / 62:45:b8:ba:90:70 / 62:45:b9:18:8e:b9 / 
09-18 17:36:24.220 D/WifiNetworkSelector(  733): Networks filtered out due to low signal strength: BaseApp-16F-6G-WPA3:d4:2c:46:c9:c9:1b(6GHz)-80 / SWingCert-Enroll:e4:4e:2d:79:8e:4a(5GHz)-82 / GuestNet:e4:4e:2d:79:8e:4e(5GHz)-81 / SWingCert-Enroll:e4:4e:2d:7c:28:8a(5GHz)-82 / SWing:e4:4e:2d:7c:28:8b(5GHz)-82 / EngN:e4:4e:2d:7c:28:8c(5GHz)-82 / GuestNet:e4:4e:2d:7c:28:8e(5GHz)-82 / SWingS:e4:4e:2d:7c:28:8f(5GHz)-81 / SWingCert-Enroll:e4:4e:2d:7c:9c:aa(5GHz)-78 / EngN:e4:4e:2d:a4:55:4c(5GHz)-83 / GuestNet:e4:4e:2d:a4:55:4e(5GHz)-83 / SWingCert-Enroll:e4:4e:2d:7d:82:2a(5GHz)-88 / GuestNet:e4:4e:2d:7d:82:2e(5GHz)-88 / SWingS:e4:4e:2d:7d:82:2f(5GHz)-80 / SWingS:e4:4e:2d:7b:bc:af(5GHz)-83 / SWingCert-Enroll:1c:d1:e0:dc:46:8a(5GHz)-91 / SWing:1c:d1:e0:dc:46:8b(5GHz)-90 / EngN:1c:d1:e0:dc:46:8c(5GHz)-91 / GuestNet:1c:d1:e0:dc:46:8e(5GHz)-90 / SWingCert-Enroll:e4:4e:2d:a4:55:4a(5GHz)-81 / SWingS:e4:4e:2d:a4:55:4f(5GHz)-83 / SWingCert-Enroll:e4:4e:2d:76:f2:4a(5GHz)-90 / SWing:e4:4e:2d:7d:82:2b(5GHz)-89 / EngN:e4:4e:2d:7d:82:2c(5GHz)-88 / SWingS:1c:d1:e0:dc:46:8f(5GHz)-89 / SWingS:e4:4e:2d:a4:aa:af(5GHz)-89 / GuestNet:1c:d1:e0:de:14:6e(5GHz)-80 / EngN:e4:4e:2d:76:f2:4c(5GHz)-92 / SWingCert-Enroll:1c:d1:e0:de:14:6a(5GHz)-80 / Buffalo-5G-F620:68:e1:dc:a9:f6:29(5GHz)-94 / EngN:1c:d1:e0:de:14:6c(5GHz)-81 / EngN:1c:d1:e0:e0:ed:2c(5GHz)-88 / DevlinkBT16F_Buffalo5:74:03:bd:d2:43:d7(5GHz)-92 / 
09-18 17:36:24.221 V/WifiConfigManager(  733): Clear network candidate scan result for 0
09-18 17:36:24.221 V/WifiConfigManager(  733): Clear network candidate scan result for 1
09-18 17:36:24.221 D/WifiNetworkSelector(  733): Disabled configured networks:
09-18 17:36:24.221 D/VCodecVencImpl(  607): [L 572][MtkVencSetConfig]
09-18 17:36:24.222 D/WifiNetworkSelector(  733):   "HyokaT-Buffalo-B_2.4GHz":0 reason=NETWORK_SELECTION_DISABLED_NETWORK_NOT_FOUND, count=2; 
09-18 17:36:24.222 D/android.hardware.media.c2@1.1-mediatek(  607): [import_mtk_dtv_native_buffer(): 717] mst buffer is secure: 0
09-18 17:36:24.222 D/android.hardware.media.c2@1.1-mediatek(  607): [import_mtk_dtv_native_buffer(): 717] mst buffer is secure: 0
09-18 17:36:24.223 D/MediaTvTuner( 2016): Write Stats Log for tuning.
09-18 17:36:24.224 D/WifiNetworkSelector(  733): About to run SavedNetworkNominator :
09-18 17:36:24.224 I/ScanResultUtil####debug(  733): check createSecurityParamsBySecurityType
09-18 17:36:24.224 I/ScanResultUtil####debug(  733): call createSecurityParamsBySecurityType
09-18 17:36:24.224 I/SecurityParams####debug(  733): createWpa3PersonalParams
09-18 17:36:24.224 I/ScanResultUtil####debug(  733): check createSecurityParamsBySecurityType
09-18 17:36:24.224 I/ScanResultUtil####debug(  733): call createSecurityParamsBySecurityType
09-18 17:36:24.224 I/SecurityParams####debug(  733): createWpa3PersonalParams
09-18 17:36:24.224 I/ScanResultUtil####debug(  733): check createSecurityParamsBySecurityType
09-18 17:36:24.224 I/ScanResultUtil####debug(  733): call createSecurityParamsBySecurityType
09-18 17:36:24.225 I/SecurityParams####debug(  733): createWpa3PersonalParams
09-18 17:36:24.225 I/ScanResultUtil####debug(  733): check createSecurityParamsBySecurityType
09-18 17:36:24.225 I/ScanResultUtil####debug(  733): call createSecurityParamsBySecurityType
09-18 17:36:24.225 I/SecurityParams####debug(  733): createWpa3PersonalParams
09-18 17:36:24.225 I/ScanResultUtil####debug(  733): check createSecurityParamsBySecurityType
09-18 17:36:24.225 I/ScanResultUtil####debug(  733): call createSecurityParamsBySecurityType
09-18 17:36:24.225 I/SecurityParams####debug(  733): createWpa3PersonalParams
09-18 17:36:24.225 I/ScanResultUtil####debug(  733): check createSecurityParamsBySecurityType
09-18 17:36:24.225 I/ScanResultUtil####debug(  733): call createSecurityParamsBySecurityType
09-18 17:36:24.225 I/SecurityParams####debug(  733): createWpa3PersonalParams
09-18 17:36:24.225 I/JpTis_IsdbS3FrontendTuneImpl@12( 2016): LnbStatusCallbackImpl:onLnbStatusChanged from:LnbStatus(voltageOn=false, status=Pending) to:LnbStatus(voltageOn=true, status=Pending) lnbPowerStatus:Pending
09-18 17:36:24.226 D/VCodecVenc(  607): [L 324][EnqueInputBuffer]
09-18 17:36:24.227 I/ScanResultUtil####debug(  733): check createSecurityParamsBySecurityType
09-18 17:36:24.228 I/ScanResultUtil####debug(  733): call createSecurityParamsBySecurityType
09-18 17:36:24.228 I/SecurityParams####debug(  733): createWpa3PersonalParams
09-18 17:36:24.228 I/ScanResultUtil####debug(  733): check createSecurityParamsBySecurityType
09-18 17:36:24.228 I/ScanResultUtil####debug(  733): check createSecurityParamsBySecurityType
09-18 17:36:24.228 I/ScanResultUtil####debug(  733): call createSecurityParamsBySecurityType
09-18 17:36:24.228 I/SecurityParams####debug(  733): createWpa3PersonalParams
09-18 17:36:24.228 I/ScanResultUtil####debug(  733): check createSecurityParamsBySecurityType
09-18 17:36:24.228 I/ScanResultUtil####debug(  733): call createSecurityParamsBySecurityType
09-18 17:36:24.228 I/SecurityParams####debug(  733): createWpa3PersonalParams
09-18 17:36:24.228 I/JpTis_IsdbS3FrontendTuneImpl@12( 2016): onLnbStatusChanged() is invalid
09-18 17:36:24.228 V/WifiConfigManager(  733): getSavedNetworkFromScanResult Found "HyokaT-Buffalo-B_2.4GHz"WPA_PSK for HyokaT-Buffalo-B_2.4GHz[[WPA2-PSK-CCMP][RSN-PSK-CCMP][ESS][WPS]]
09-18 17:36:24.228 I/JpTis_IsdbS3FrontendTuneImpl@12( 2016): LnbStatusCallbackImpl:onLnbStatusChanged from:LnbStatus(voltageOn=true, status=Pending) to:LnbStatus(voltageOn=false, status=Pending) lnbPowerStatus:Pending
09-18 17:36:24.228 I/JpTis_IsdbS3FrontendTuneImpl@12( 2016): onLnbStatusChanged() is invalid
09-18 17:36:24.232 I/ScanResultUtil####debug(  733): check createSecurityParamsBySecurityType
09-18 17:36:24.232 I/ScanResultUtil####debug(  733): call createSecurityParamsBySecurityType
09-18 17:36:24.232 I/SecurityParams####debug(  733): createWpa3PersonalParams
09-18 17:36:24.232 I/ScanResultUtil####debug(  733): check createSecurityParamsBySecurityType
09-18 17:36:24.232 I/ScanResultUtil####debug(  733): call createSecurityParamsBySecurityType
09-18 17:36:24.232 I/SecurityParams####debug(  733): createWpa3PersonalParams
09-18 17:36:24.233 I/ScanResultUtil####debug(  733): check createSecurityParamsBySecurityType
09-18 17:36:24.233 I/ScanResultUtil####debug(  733): call createSecurityParamsBySecurityType
09-18 17:36:24.233 I/SecurityParams####debug(  733): createWpa3PersonalParams
09-18 17:36:24.233 I/ScanResultUtil####debug(  733): check createSecurityParamsBySecurityType
09-18 17:36:24.233 I/ScanResultUtil####debug(  733): call createSecurityParamsBySecurityType
09-18 17:36:24.233 I/SecurityParams####debug(  733): createWpa3PersonalParams
09-18 17:36:24.233 I/ScanResultUtil####debug(  733): check createSecurityParamsBySecurityType
09-18 17:36:24.233 I/ScanResultUtil####debug(  733): call createSecurityParamsBySecurityType
09-18 17:36:24.233 I/SecurityParams####debug(  733): createWpa3PersonalParams
09-18 17:36:24.228 I/kernel  ( 6990): [  251.489100]mtk_cfm: [_confirm_which_tuner_use][322], board_del_sys_capability = [0x3d2f6e]
09-18 17:36:24.228 I/kernel  ( 6990): [  251.489103]mtk_cfm: [_confirm_which_tuner_use][327], act_del_sys_capability = [0x3d2f6e]
09-18 17:36:24.228 I/kernel  ( 6990): [  251.489106]mtk_cfm: [_confirm_which_tuner_use][333], Correct to selected tuner index = [0]
09-18 17:36:24.228 I/kernel  ( 6990): [  251.489108]mtk_cfm: [cfm_tune][790],	tuner_idx_use = [0]
09-18 17:36:24.228 I/kernel  ( 6990): [  251.489111]mtk_cfm: [_confirm_which_demod_use][368]
09-18 17:36:24.228 I/kernel  ( 6990): [  251.489113]mtk_cfm: [cfm_tune][799], dmd_idx_use = [0]
09-18 17:36:24.228 I/kernel  ( 6990): [  251.489116]mtk_cfm: [_check_and_do_frontend_init][548]
09-18 17:36:24.228 I/kernel  ( 6990): [  251.489118]mtk_cfm: [_check_and_do_tuner_init][467]
09-18 17:36:24.233 I/ScanResultUtil####debug(  733): check createSecurityParamsBySecurityType
09-18 17:36:24.233 I/ScanResultUtil####debug(  733): call createSecurityParamsBySecurityType
09-18 17:36:24.233 I/SecurityParams####debug(  733): createWpa3PersonalParams
09-18 17:36:24.233 I/ScanResultUtil####debug(  733): check createSecurityParamsBySecurityType
09-18 17:36:24.233 I/ScanResultUtil####debug(  733): call createSecurityParamsBySecurityType
09-18 17:36:24.233 I/SecurityParams####debug(  733): createWpa3PersonalParams
09-18 17:36:24.233 I/ScanResultUtil####debug(  733): check createSecurityParamsBySecurityType
09-18 17:36:24.233 I/ScanResultUtil####debug(  733): call createSecurityParamsBySecurityType
09-18 17:36:24.233 I/SecurityParams####debug(  733): createWpa3PersonalParams
09-18 17:36:24.233 I/ScanResultUtil####debug(  733): check createSecurityParamsBySecurityType
09-18 17:36:24.233 I/ScanResultUtil####debug(  733): call createSecurityParamsBySecurityType
09-18 17:36:24.233 I/SecurityParams####debug(  733): createWpa3PersonalParams
09-18 17:36:24.234 I/ScanResultUtil####debug(  733): check createSecurityParamsBySecurityType
09-18 17:36:24.234 I/ScanResultUtil####debug(  733): call createSecurityParamsBySecurityType
09-18 17:36:24.234 I/SecurityParams####debug(  733): createWpa3PersonalParams
09-18 17:36:24.234 I/ScanResultUtil####debug(  733): check createSecurityParamsBySecurityType
09-18 17:36:24.234 I/ScanResultUtil####debug(  733): call createSecurityParamsBySecurityType
09-18 17:36:24.234 I/SecurityParams####debug(  733): createWpa3PersonalParams
09-18 17:36:24.234 I/ScanResultUtil####debug(  733): check createSecurityParamsBySecurityType
09-18 17:36:24.234 I/ScanResultUtil####debug(  733): call createSecurityParamsBySecurityType
09-18 17:36:24.234 I/SecurityParams####debug(  733): createWpa3PersonalParams
09-18 17:36:24.234 I/ScanResultUtil####debug(  733): check createSecurityParamsBySecurityType
09-18 17:36:24.234 I/ScanResultUtil####debug(  733): call createSecurityParamsBySecurityType
09-18 17:36:24.234 I/SecurityParams####debug(  733): createWpa3PersonalParams
09-18 17:36:24.234 I/ScanResultUtil####debug(  733): check createSecurityParamsBySecurityType
09-18 17:36:24.234 I/ScanResultUtil####debug(  733): call createSecurityParamsBySecurityType
09-18 17:36:24.234 I/SecurityParams####debug(  733): createWpa3PersonalParams
09-18 17:36:24.234 I/ScanResultUtil####debug(  733): check createSecurityParamsBySecurityType
09-18 17:36:24.234 I/ScanResultUtil####debug(  733): call createSecurityParamsBySecurityType
09-18 17:36:24.234 I/SecurityParams####debug(  733): createWpa3PersonalParams
09-18 17:36:24.234 I/ScanResultUtil####debug(  733): check createSecurityParamsBySecurityType
09-18 17:36:24.235 I/ScanResultUtil####debug(  733): call createSecurityParamsBySecurityType
09-18 17:36:24.235 I/SecurityParams####debug(  733): createWpa3PersonalParams
09-18 17:36:24.235 I/ScanResultUtil####debug(  733): check createSecurityParamsBySecurityType
09-18 17:36:24.235 I/ScanResultUtil####debug(  733): call createSecurityParamsBySecurityType
09-18 17:36:24.235 I/SecurityParams####debug(  733): createWpa3PersonalParams
09-18 17:36:24.235 I/ScanResultUtil####debug(  733): check createSecurityParamsBySecurityType
09-18 17:36:24.235 I/ScanResultUtil####debug(  733): call createSecurityParamsBySecurityType
09-18 17:36:24.235 I/SecurityParams####debug(  733): createWpa3PersonalParams
09-18 17:36:24.235 I/ScanResultUtil####debug(  733): check createSecurityParamsBySecurityType
09-18 17:36:24.235 I/ScanResultUtil####debug(  733): call createSecurityParamsBySecurityType
09-18 17:36:24.235 I/SecurityParams####debug(  733): createWpa3PersonalParams
09-18 17:36:24.235 I/ScanResultUtil####debug(  733): check createSecurityParamsBySecurityType
09-18 17:36:24.235 I/ScanResultUtil####debug(  733): call createSecurityParamsBySecurityType
09-18 17:36:24.235 I/SecurityParams####debug(  733): createWpa3PersonalParams
09-18 17:36:24.235 I/ScanResultUtil####debug(  733): check createSecurityParamsBySecurityType
09-18 17:36:24.235 I/ScanResultUtil####debug(  733): call createSecurityParamsBySecurityType
09-18 17:36:24.235 I/SecurityParams####debug(  733): createWpa3PersonalParams
09-18 17:36:24.235 I/ScanResultUtil####debug(  733): check createSecurityParamsBySecurityType
09-18 17:36:24.235 I/ScanResultUtil####debug(  733): call createSecurityParamsBySecurityType
09-18 17:36:24.235 I/SecurityParams####debug(  733): createWpa3PersonalParams
09-18 17:36:24.235 I/ScanResultUtil####debug(  733): check createSecurityParamsBySecurityType
09-18 17:36:24.235 I/ScanResultUtil####debug(  733): call createSecurityParamsBySecurityType
09-18 17:36:24.235 I/SecurityParams####debug(  733): createWpa3PersonalParams
09-18 17:36:24.236 I/ScanResultUtil####debug(  733): check createSecurityParamsBySecurityType
09-18 17:36:24.236 I/ScanResultUtil####debug(  733): call createSecurityParamsBySecurityType
09-18 17:36:24.236 I/SecurityParams####debug(  733): createWpa3PersonalParams
09-18 17:36:24.236 I/ScanResultUtil####debug(  733): check createSecurityParamsBySecurityType
09-18 17:36:24.236 I/ScanResultUtil####debug(  733): call createSecurityParamsBySecurityType
09-18 17:36:24.236 I/SecurityParams####debug(  733): createWpa3PersonalParams
09-18 17:36:24.236 I/ScanResultUtil####debug(  733): check createSecurityParamsBySecurityType
09-18 17:36:24.236 I/ScanResultUtil####debug(  733): call createSecurityParamsBySecurityType
09-18 17:36:24.236 I/SecurityParams####debug(  733): createWpa3PersonalParams
09-18 17:36:24.236 I/ScanResultUtil####debug(  733): check createSecurityParamsBySecurityType
09-18 17:36:24.236 I/ScanResultUtil####debug(  733): call createSecurityParamsBySecurityType
09-18 17:36:24.236 I/SecurityParams####debug(  733): createWpa3PersonalParams
09-18 17:36:24.236 I/ScanResultUtil####debug(  733): check createSecurityParamsBySecurityType
09-18 17:36:24.236 I/ScanResultUtil####debug(  733): call createSecurityParamsBySecurityType
09-18 17:36:24.236 I/SecurityParams####debug(  733): createWpa3PersonalParams
09-18 17:36:24.236 I/ScanResultUtil####debug(  733): check createSecurityParamsBySecurityType
09-18 17:36:24.236 I/ScanResultUtil####debug(  733): call createSecurityParamsBySecurityType
09-18 17:36:24.236 I/SecurityParams####debug(  733): createWpa3PersonalParams
09-18 17:36:24.236 I/ScanResultUtil####debug(  733): check createSecurityParamsBySecurityType
09-18 17:36:24.236 I/ScanResultUtil####debug(  733): call createSecurityParamsBySecurityType
09-18 17:36:24.236 I/SecurityParams####debug(  733): createWpa3PersonalParams
09-18 17:36:24.237 I/ScanResultUtil####debug(  733): check createSecurityParamsBySecurityType
09-18 17:36:24.237 I/ScanResultUtil####debug(  733): call createSecurityParamsBySecurityType
09-18 17:36:24.237 I/SecurityParams####debug(  733): createWpa3PersonalParams
09-18 17:36:24.237 I/ScanResultUtil####debug(  733): check createSecurityParamsBySecurityType
09-18 17:36:24.237 I/ScanResultUtil####debug(  733): call createSecurityParamsBySecurityType
09-18 17:36:24.237 I/SecurityParams####debug(  733): createWpa3PersonalParams
09-18 17:36:24.237 I/ScanResultUtil####debug(  733): check createSecurityParamsBySecurityType
09-18 17:36:24.237 I/ScanResultUtil####debug(  733): call createSecurityParamsBySecurityType
09-18 17:36:24.237 I/SecurityParams####debug(  733): createWpa3PersonalParams
09-18 17:36:24.237 I/ScanResultUtil####debug(  733): check createSecurityParamsBySecurityType
09-18 17:36:24.237 I/ScanResultUtil####debug(  733): call createSecurityParamsBySecurityType
09-18 17:36:24.237 I/SecurityParams####debug(  733): createWpa3PersonalParams
09-18 17:36:24.237 I/ScanResultUtil####debug(  733): check createSecurityParamsBySecurityType
09-18 17:36:24.237 I/ScanResultUtil####debug(  733): call createSecurityParamsBySecurityType
09-18 17:36:24.237 I/SecurityParams####debug(  733): createWpa3PersonalParams
09-18 17:36:24.237 I/ScanResultUtil####debug(  733): check createSecurityParamsBySecurityType
09-18 17:36:24.237 I/ScanResultUtil####debug(  733): call createSecurityParamsBySecurityType
09-18 17:36:24.238 I/SecurityParams####debug(  733): createWpa3PersonalParams
09-18 17:36:24.238 I/ScanResultUtil####debug(  733): check createSecurityParamsBySecurityType
09-18 17:36:24.238 I/ScanResultUtil####debug(  733): call createSecurityParamsBySecurityType
