09-18 17:36:35.820 D/android.hardware.media.c2@1.1-mediatek(  607): [import_mtk_dtv_native_buffer(): 717] mst buffer is secure: 0
09-18 17:36:35.821 D/android.hardware.media.c2@1.1-mediatek(  607): [import_mtk_dtv_native_buffer(): 717] mst buffer is secure: 0
09-18 17:36:35.826 I/kernel  ( 6265): [  263.086698][MTK_V4L2] level=0 vidioc_venc_qbuf(),1318: [4] id=0 getdata FB(2088960,2) vb=000000000c42c7f0 pts=0
09-18 17:36:35.825 D/VCodecVenc(  607): [L 324][EnqueInputBuffer]
09-18 17:36:35.836 I/kernel  (  587): [  263.097665][wlan][587]scanCheckEpigramVhtIE:(RLM WARN) [Epigram] prEpiIE->ucLength is too short, skip!
09-18 17:36:35.852 I/kernel  (  587): [  263.113102][wlan][587]scanCheckEpigramVhtIE:(RLM WARN) [Epigram] prEpiIE->ucLength is too short, skip!
09-18 17:36:35.851 D/VCodecVencImpl(  607): [L 572][MtkVencSetConfig]
09-18 17:36:35.852 D/android.hardware.media.c2@1.1-mediatek(  607): [import_mtk_dtv_native_buffer(): 717] mst buffer is secure: 0
09-18 17:36:35.852 D/android.hardware.media.c2@1.1-mediatek(  607): [import_mtk_dtv_native_buffer(): 717] mst buffer is secure: 0
09-18 17:36:35.856 I/kernel  ( 6265): [  263.116899][MTK_V4L2] level=0 vidioc_venc_qbuf(),1318: [4] id=0 getdata FB(2088960,2) vb=000000000c42c7f0 pts=0
09-18 17:36:35.856 D/VCodecVenc(  607): [L 324][EnqueInputBuffer]
09-18 17:36:35.881 D/VCodecVencImpl(  607): [L 572][MtkVencSetConfig]
09-18 17:36:35.881 D/android.hardware.media.c2@1.1-mediatek(  607): [import_mtk_dtv_native_buffer(): 717] mst buffer is secure: 0
09-18 17:36:35.882 D/android.hardware.media.c2@1.1-mediatek(  607): [import_mtk_dtv_native_buffer(): 717] mst buffer is secure: 0
09-18 17:36:35.887 D/VCodecVenc(  607): [L 324][EnqueInputBuffer]
09-18 17:36:35.886 I/kernel  ( 6265): [  263.147339][MTK_V4L2] level=0 vidioc_venc_qbuf(),1318: [4] id=0 getdata FB(2088960,2) vb=000000000c42c7f0 pts=0
09-18 17:36:35.912 D/VCodecVencImpl(  607): [L 572][MtkVencSetConfig]
09-18 17:36:35.913 D/android.hardware.media.c2@1.1-mediatek(  607): [import_mtk_dtv_native_buffer(): 717] mst buffer is secure: 0
09-18 17:36:35.913 D/android.hardware.media.c2@1.1-mediatek(  607): [import_mtk_dtv_native_buffer(): 717] mst buffer is secure: 0
09-18 17:36:35.917 I/kernel  ( 6265): [  263.177808][MTK_V4L2] level=0 vidioc_venc_qbuf(),1318: [4] id=0 getdata FB(2088960,2) vb=000000000c42c7f0 pts=0
09-18 17:36:35.917 D/VCodecVenc(  607): [L 324][EnqueInputBuffer]
09-18 17:36:35.942 D/VCodecVencImpl(  607): [L 572][MtkVencSetConfig]
09-18 17:36:35.942 D/android.hardware.media.c2@1.1-mediatek(  607): [import_mtk_dtv_native_buffer(): 717] mst buffer is secure: 0
09-18 17:36:35.943 D/android.hardware.media.c2@1.1-mediatek(  607): [import_mtk_dtv_native_buffer(): 717] mst buffer is secure: 0
09-18 17:36:35.947 I/kernel  ( 6265): [  263.207906][MTK_V4L2] level=0 vidioc_venc_qbuf(),1318: [4] id=0 getdata FB(2088960,2) vb=000000000c42c7f0 pts=0
09-18 17:36:35.949 D/VCodecVenc(  607): [L 324][EnqueInputBuffer]
09-18 17:36:35.972 D/VCodecVencImpl(  607): [L 572][MtkVencSetConfig]
09-18 17:36:35.972 D/android.hardware.media.c2@1.1-mediatek(  607): [import_mtk_dtv_native_buffer(): 717] mst buffer is secure: 0
09-18 17:36:35.974 D/android.hardware.media.c2@1.1-mediatek(  607): [import_mtk_dtv_native_buffer(): 717] mst buffer is secure: 0
09-18 17:36:35.977 I/kernel  ( 6265): [  263.238264][MTK_V4L2] level=0 vidioc_venc_qbuf(),1318: [4] id=0 getdata FB(2088960,2) vb=000000000c42c7f0 pts=0
09-18 17:36:35.979 D/VCodecVenc(  607): [L 324][EnqueInputBuffer]
09-18 17:36:36.001 E/<MI3>   (  636): <ERR>_MI_TUNER_GetLock[4279]: [_MI_TUNER_GetLock][4279] *peLockStatus =  E_MI_TUNER_UNLOCK@!!!
09-18 17:36:36.002 E/<MI3>   (  636): <ERR>_MI_TUNER_GetLock[4279]: [_MI_TUNER_GetLock][4279] *peLockStatus =  E_MI_TUNER_UNLOCK@!!!
09-18 17:36:36.002 E/<MI3>   (  636): <ERR>_MI_TUNER_GetLock[4279]: [_MI_TUNER_GetLock][4279] *peLockStatus =  E_MI_TUNER_UNLOCK@!!!
09-18 17:36:36.003 D/android.hardware.media.c2@1.1-mediatek(  607): [import_mtk_dtv_native_buffer(): 717] mst buffer is secure: 0
09-18 17:36:36.003 D/VCodecVencImpl(  607): [L 572][MtkVencSetConfig]
09-18 17:36:36.003 D/android.hardware.media.c2@1.1-mediatek(  607): [import_mtk_dtv_native_buffer(): 717] mst buffer is secure: 0
09-18 17:36:36.007 D/VCodecVenc(  607): [L 324][EnqueInputBuffer]
09-18 17:36:36.007 I/kernel  ( 6265): [  263.268587][MTK_V4L2] level=0 vidioc_venc_qbuf(),1318: [4] id=0 getdata FB(2088960,2) vb=000000000c42c7f0 pts=0
09-18 17:36:36.033 D/VCodecVencImpl(  607): [L 572][MtkVencSetConfig]
09-18 17:36:36.033 D/android.hardware.media.c2@1.1-mediatek(  607): [import_mtk_dtv_native_buffer(): 717] mst buffer is secure: 0
09-18 17:36:36.033 D/android.hardware.media.c2@1.1-mediatek(  607): [import_mtk_dtv_native_buffer(): 717] mst buffer is secure: 0
09-18 17:36:36.038 I/kernel  ( 6265): [  263.298861][MTK_V4L2] level=0 vidioc_venc_qbuf(),1318: [4] id=0 getdata FB(2088960,2) vb=000000000c42c7f0 pts=0
09-18 17:36:36.037 D/VCodecVenc(  607): [L 324][EnqueInputBuffer]
09-18 17:36:36.063 D/VCodecVencImpl(  607): [L 572][MtkVencSetConfig]
09-18 17:36:36.064 D/android.hardware.media.c2@1.1-mediatek(  607): [import_mtk_dtv_native_buffer(): 717] mst buffer is secure: 0
09-18 17:36:36.064 D/android.hardware.media.c2@1.1-mediatek(  607): [import_mtk_dtv_native_buffer(): 717] mst buffer is secure: 0
09-18 17:36:36.068 I/kernel  ( 6265): [  263.329217][MTK_V4L2] level=0 vidioc_venc_qbuf(),1318: [4] id=0 getdata FB(2088960,2) vb=000000000c42c7f0 pts=0
09-18 17:36:36.070 I/kernel  (  587): [  263.330935][wlan][587]scanCheckEpigramVhtIE:(RLM WARN) [Epigram] prEpiIE->ucLength is too short, skip!
09-18 17:36:36.070 I/kernel  (  587): [  263.330952][wlan][587]scanCheckEpigramVhtIE:(RLM WARN) [Epigram] prEpiIE->ucLength is too short, skip!
09-18 17:36:36.070 I/kernel  (  587): [  263.330955][wlan][587]scanCheckEpigramVhtIE:(RLM WARN) [Epigram] prEpiIE->ucLength is too short, skip!
09-18 17:36:36.070 I/kernel  (  587): [  263.330958][wlan][587]scanCheckEpigramVhtIE:(RLM WARN) [Epigram] prEpiIE->ucLength is too short, skip!
09-18 17:36:36.068 D/VCodecVenc(  607): [L 324][EnqueInputBuffer]
09-18 17:36:36.090 I/kernel  ( 2513): [  263.350679][A8303-1_Driver] addr:0x08,  i2c status:0x0a from 0x0a
09-18 17:36:36.094 D/VCodecVencImpl(  607): [L 572][MtkVencSetConfig]
09-18 17:36:36.094 D/android.hardware.media.c2@1.1-mediatek(  607): [import_mtk_dtv_native_buffer(): 717] mst buffer is secure: 0
09-18 17:36:36.094 D/android.hardware.media.c2@1.1-mediatek(  607): [import_mtk_dtv_native_buffer(): 717] mst buffer is secure: 0
09-18 17:36:36.099 D/VCodecVenc(  607): [L 324][EnqueInputBuffer]
09-18 17:36:36.098 I/kernel  ( 6265): [  263.359579][MTK_V4L2] level=0 vidioc_venc_qbuf(),1318: [4] id=0 getdata FB(2088960,2) vb=000000000c42c7f0 pts=0
09-18 17:36:36.113 I/kernel  (  587): [  263.374607][wlan][587]scanCheckEpigramVhtIE:(RLM WARN) [Epigram] prEpiIE->ucLength is too short, skip!
09-18 17:36:36.113 I/kernel  (  587): [  263.374622][wlan][587]scanCheckEpigramVhtIE:(RLM WARN) [Epigram] prEpiIE->ucLength is too short, skip!
09-18 17:36:36.113 I/kernel  (  587): [  263.374626][wlan][587]scanCheckEpigramVhtIE:(RLM WARN) [Epigram] prEpiIE->ucLength is too short, skip!
09-18 17:36:36.113 I/kernel  (  587): [  263.374629][wlan][587]scanCheckEpigramVhtIE:(RLM WARN) [Epigram] prEpiIE->ucLength is too short, skip!
09-18 17:36:36.116 I/kernel  (  587): [  263.376849][wlan][587]scanCheckEpigramVhtIE:(RLM WARN) [Epigram] prEpiIE->ucLength is too short, skip!
09-18 17:36:36.116 I/kernel  (  587): [  263.377145][wlan][587]scanCheckEpigramVhtIE:(RLM WARN) [Epigram] prEpiIE->ucLength is too short, skip!
09-18 17:36:36.116 I/kernel  (  587): [  263.377319][wlan][587]scanCheckEpigramVhtIE:(RLM WARN) [Epigram] prEpiIE->ucLength is too short, skip!
09-18 17:36:36.116 I/kernel  (  587): [  263.377324][wlan][587]scanCheckEpigramVhtIE:(RLM WARN) [Epigram] prEpiIE->ucLength is too short, skip!
09-18 17:36:36.124 D/VCodecVencImpl(  607): [L 572][MtkVencSetConfig]
09-18 17:36:36.124 D/android.hardware.media.c2@1.1-mediatek(  607): [import_mtk_dtv_native_buffer(): 717] mst buffer is secure: 0
09-18 17:36:36.124 D/android.hardware.media.c2@1.1-mediatek(  607): [import_mtk_dtv_native_buffer(): 717] mst buffer is secure: 0
09-18 17:36:36.129 I/kernel  ( 6265): [  263.390043][MTK_V4L2] level=0 vidioc_venc_qbuf(),1318: [4] id=0 getdata FB(2088960,2) vb=000000000c42c7f0 pts=0
09-18 17:36:36.130 D/VCodecVenc(  607): [L 324][EnqueInputBuffer]
09-18 17:36:36.155 D/VCodecVencImpl(  607): [L 572][MtkVencSetConfig]
09-18 17:36:36.155 D/android.hardware.media.c2@1.1-mediatek(  607): [import_mtk_dtv_native_buffer(): 717] mst buffer is secure: 0
09-18 17:36:36.160 I/kernel  ( 6265): [  263.421247][MTK_V4L2] level=0 vidioc_venc_qbuf(),1318: [4] id=0 getdata FB(2088960,2) vb=000000000c42c7f0 pts=0
09-18 17:36:36.157 D/android.hardware.media.c2@1.1-mediatek(  607): [import_mtk_dtv_native_buffer(): 717] mst buffer is secure: 0
09-18 17:36:36.161 D/VCodecVenc(  607): [L 324][EnqueInputBuffer]
09-18 17:36:36.186 D/android.hardware.media.c2@1.1-mediatek(  607): [import_mtk_dtv_native_buffer(): 717] mst buffer is secure: 0
09-18 17:36:36.186 D/VCodecVencImpl(  607): [L 572][MtkVencSetConfig]
09-18 17:36:36.188 D/android.hardware.media.c2@1.1-mediatek(  607): [import_mtk_dtv_native_buffer(): 717] mst buffer is secure: 0
09-18 17:36:36.191 I/kernel  ( 6265): [  263.451974][MTK_V4L2] level=0 vidioc_venc_qbuf(),1318: [4] id=0 getdata FB(2088960,2) vb=000000000c42c7f0 pts=0
09-18 17:36:36.192 D/VCodecVenc(  607): [L 324][EnqueInputBuffer]
09-18 17:36:36.203 E/<MI3>   (  636): <ERR>_MI_TUNER_GetLock[4279]: [_MI_TUNER_GetLock][4279] *peLockStatus =  E_MI_TUNER_UNLOCK@!!!
09-18 17:36:36.203 E/<MI3>   (  636): <ERR>_MI_TUNER_GetLock[4279]: [_MI_TUNER_GetLock][4279] *peLockStatus =  E_MI_TUNER_UNLOCK@!!!
09-18 17:36:36.204 E/<MI3>   (  636): <ERR>_MI_TUNER_GetLock[4279]: [_MI_TUNER_GetLock][4279] *peLockStatus =  E_MI_TUNER_UNLOCK@!!!
09-18 17:36:36.216 D/VCodecVencImpl(  607): [L 572][MtkVencSetConfig]
09-18 17:36:36.216 D/android.hardware.media.c2@1.1-mediatek(  607): [import_mtk_dtv_native_buffer(): 717] mst buffer is secure: 0
09-18 17:36:36.217 D/android.hardware.media.c2@1.1-mediatek(  607): [import_mtk_dtv_native_buffer(): 717] mst buffer is secure: 0
09-18 17:36:36.221 I/kernel  ( 6265): [  263.482068][MTK_V4L2] level=0 vidioc_venc_qbuf(),1318: [4] id=0 getdata FB(2088960,2) vb=000000000c42c7f0 pts=0
09-18 17:36:36.221 D/VCodecVenc(  607): [L 324][EnqueInputBuffer]
09-18 17:36:36.247 D/VCodecVencImpl(  607): [L 572][MtkVencSetConfig]
09-18 17:36:36.247 D/android.hardware.media.c2@1.1-mediatek(  607): [import_mtk_dtv_native_buffer(): 717] mst buffer is secure: 0
09-18 17:36:36.248 D/android.hardware.media.c2@1.1-mediatek(  607): [import_mtk_dtv_native_buffer(): 717] mst buffer is secure: 0
09-18 17:36:36.251 I/kernel  ( 6265): [  263.512594][MTK_V4L2] level=0 vidioc_venc_qbuf(),1318: [4] id=0 getdata FB(2088960,2) vb=000000000c42c7f0 pts=0
09-18 17:36:36.252 D/VCodecVenc(  607): [L 324][EnqueInputBuffer]
09-18 17:36:36.277 D/VCodecVencImpl(  607): [L 572][MtkVencSetConfig]
09-18 17:36:36.277 D/android.hardware.media.c2@1.1-mediatek(  607): [import_mtk_dtv_native_buffer(): 717] mst buffer is secure: 0
09-18 17:36:36.277 D/android.hardware.media.c2@1.1-mediatek(  607): [import_mtk_dtv_native_buffer(): 717] mst buffer is secure: 0
09-18 17:36:36.282 I/kernel  ( 6265): [  263.542905][MTK_V4L2] level=0 vidioc_venc_qbuf(),1318: [4] id=0 getdata FB(2088960,2) vb=000000000c42c7f0 pts=0
09-18 17:36:36.282 D/VCodecVenc(  607): [L 324][EnqueInputBuffer]
09-18 17:36:36.307 D/VCodecVencImpl(  607): [L 572][MtkVencSetConfig]
09-18 17:36:36.307 D/android.hardware.media.c2@1.1-mediatek(  607): [import_mtk_dtv_native_buffer(): 717] mst buffer is secure: 0
09-18 17:36:36.308 D/android.hardware.media.c2@1.1-mediatek(  607): [import_mtk_dtv_native_buffer(): 717] mst buffer is secure: 0
09-18 17:36:36.312 I/kernel  ( 6265): [  263.573605][MTK_V4L2] level=0 vidioc_venc_qbuf(),1318: [4] id=0 getdata FB(2088960,2) vb=000000000c42c7f0 pts=0
09-18 17:36:36.313 D/VCodecVenc(  607): [L 324][EnqueInputBuffer]
09-18 17:36:36.320 I/kernel  (  587): [  263.581199][wlan][587]scanParsingRnrElement:(SCN STATE) OOB scan specific SSIDNum 1
09-18 17:36:36.338 D/VCodecVencImpl(  607): [L 572][MtkVencSetConfig]
09-18 17:36:36.338 D/android.hardware.media.c2@1.1-mediatek(  607): [import_mtk_dtv_native_buffer(): 717] mst buffer is secure: 0
09-18 17:36:36.339 D/android.hardware.media.c2@1.1-mediatek(  607): [import_mtk_dtv_native_buffer(): 717] mst buffer is secure: 0
09-18 17:36:36.343 I/kernel  ( 6265): [  263.604202][MTK_V4L2] level=0 vidioc_venc_qbuf(),1318: [4] id=0 getdata FB(2088960,2) vb=000000000c42c7f0 pts=0
09-18 17:36:36.344 D/VCodecVenc(  607): [L 324][EnqueInputBuffer]
09-18 17:36:36.368 D/VCodecVencImpl(  607): [L 572][MtkVencSetConfig]
09-18 17:36:36.369 D/android.hardware.media.c2@1.1-mediatek(  607): [import_mtk_dtv_native_buffer(): 717] mst buffer is secure: 0
09-18 17:36:36.369 D/android.hardware.media.c2@1.1-mediatek(  607): [import_mtk_dtv_native_buffer(): 717] mst buffer is secure: 0
09-18 17:36:36.373 I/kernel  ( 6265): [  263.634459][MTK_V4L2] level=0 vidioc_venc_qbuf(),1318: [4] id=0 getdata FB(2088960,2) vb=000000000c42c7f0 pts=0
09-18 17:36:36.374 D/VCodecVenc(  607): [L 324][EnqueInputBuffer]
09-18 17:36:36.390 I/kernel  ( 7007): [  263.651297]mtk_cfm: [cfm_get_frontend_algo][1070]
09-18 17:36:36.390 I/kernel  ( 7007): [  263.651314]mtk_cfm: [cfm_tune][777]Start: re_tune = 0
09-18 17:36:36.390 I/kernel  ( 7007): [  263.651665]mtk_cfm: [cfm_tune][896]E(status:0x20)
09-18 17:36:36.394 I/kernel  ( 7009): [  263.655310]mtk_cfm: [cfm_get_frontend_algo][1070]
09-18 17:36:36.394 I/kernel  ( 7005): [  263.655311]mtk_cfm: [cfm_get_frontend_algo][1070]
09-18 17:36:36.394 I/kernel  ( 7009): [  263.655322]mtk_cfm: [cfm_tune][777]Start: re_tune = 0
09-18 17:36:36.394 I/kernel  ( 7005): [  263.655323]mtk_cfm: [cfm_tune][777]Start: re_tune = 0
09-18 17:36:36.399 D/VCodecVencImpl(  607): [L 572][MtkVencSetConfig]
09-18 17:36:36.399 D/android.hardware.media.c2@1.1-mediatek(  607): [import_mtk_dtv_native_buffer(): 717] mst buffer is secure: 0
09-18 17:36:36.399 D/android.hardware.media.c2@1.1-mediatek(  607): [import_mtk_dtv_native_buffer(): 717] mst buffer is secure: 0
09-18 17:36:36.403 I/kernel  ( 6265): [  263.664629][MTK_V4L2] level=0 vidioc_venc_qbuf(),1318: [4] id=0 getdata FB(2088960,2) vb=000000000c42c7f0 pts=0
09-18 17:36:36.403 D/VCodecVenc(  607): [L 324][EnqueInputBuffer]
09-18 17:36:36.404 E/<MI3>   (  636): <ERR>_MI_TUNER_GetLock[4279]: [_MI_TUNER_GetLock][4279] *peLockStatus =  E_MI_TUNER_UNLOCK@!!!
09-18 17:36:36.404 E/<MI3>   (  636): <ERR>_MI_TUNER_GetLock[4279]: [_MI_TUNER_GetLock][4279] *peLockStatus =  E_MI_TUNER_UNLOCK@!!!
09-18 17:36:36.405 E/<MI3>   (  636): <ERR>_MI_TUNER_GetLock[4279]: [_MI_TUNER_GetLock][4279] *peLockStatus =  E_MI_TUNER_UNLOCK@!!!
09-18 17:36:36.429 D/android.hardware.media.c2@1.1-mediatek(  607): [import_mtk_dtv_native_buffer(): 717] mst buffer is secure: 0
09-18 17:36:36.429 D/VCodecVencImpl(  607): [L 572][MtkVencSetConfig]
09-18 17:36:36.434 I/kernel  ( 6265): [  263.695231][MTK_V4L2] level=0 vidioc_venc_qbuf(),1318: [4] id=0 getdata FB(2088960,2) vb=000000000c42c7f0 pts=0
09-18 17:36:36.432 D/android.hardware.media.c2@1.1-mediatek(  607): [import_mtk_dtv_native_buffer(): 717] mst buffer is secure: 0
09-18 17:36:36.435 D/VCodecVenc(  607): [L 324][EnqueInputBuffer]
09-18 17:36:36.460 D/VCodecVencImpl(  607): [L 572][MtkVencSetConfig]
09-18 17:36:36.460 D/android.hardware.media.c2@1.1-mediatek(  607): [import_mtk_dtv_native_buffer(): 717] mst buffer is secure: 0
09-18 17:36:36.462 D/android.hardware.media.c2@1.1-mediatek(  607): [import_mtk_dtv_native_buffer(): 717] mst buffer is secure: 0
09-18 17:36:36.464 I/kernel  ( 6265): [  263.725652][MTK_V4L2] level=0 vidioc_venc_qbuf(),1318: [4] id=0 getdata FB(2088960,2) vb=000000000c42c7f0 pts=0
09-18 17:36:36.466 D/VCodecVenc(  607): [L 324][EnqueInputBuffer]
09-18 17:36:36.483 I/kernel  (  587): [  263.743669][wlan][587]scanCheckEpigramVhtIE:(RLM WARN) [Epigram] prEpiIE->ucLength is too short, skip!
09-18 17:36:36.485 I/kernel  (  587): [  263.745726][wlan][587]scanCheckEpigramVhtIE:(RLM WARN) [Epigram] prEpiIE->ucLength is too short, skip!
09-18 17:36:36.491 D/VCodecVencImpl(  607): [L 572][MtkVencSetConfig]
09-18 17:36:36.491 D/android.hardware.media.c2@1.1-mediatek(  607): [import_mtk_dtv_native_buffer(): 717] mst buffer is secure: 0
09-18 17:36:36.492 D/android.hardware.media.c2@1.1-mediatek(  607): [import_mtk_dtv_native_buffer(): 717] mst buffer is secure: 0
09-18 17:36:36.496 I/kernel  ( 6265): [  263.756938][MTK_V4L2] level=0 vidioc_venc_qbuf(),1318: [4] id=0 getdata FB(2088960,2) vb=000000000c42c7f0 pts=0
09-18 17:36:36.498 D/VCodecVenc(  607): [L 324][EnqueInputBuffer]
09-18 17:36:36.521 D/VCodecVencImpl(  607): [L 572][MtkVencSetConfig]
09-18 17:36:36.521 D/android.hardware.media.c2@1.1-mediatek(  607): [import_mtk_dtv_native_buffer(): 717] mst buffer is secure: 0
09-18 17:36:36.523 D/android.hardware.media.c2@1.1-mediatek(  607): [import_mtk_dtv_native_buffer(): 717] mst buffer is secure: 0
09-18 17:36:36.526 I/kernel  ( 6265): [  263.787131][MTK_V4L2] level=0 vidioc_venc_qbuf(),1318: [4] id=0 getdata FB(2088960,2) vb=000000000c42c7f0 pts=0
09-18 17:36:36.527 D/VCodecVenc(  607): [L 324][EnqueInputBuffer]
09-18 17:36:36.551 D/VCodecVencImpl(  607): [L 572][MtkVencSetConfig]
09-18 17:36:36.551 D/android.hardware.media.c2@1.1-mediatek(  607): [import_mtk_dtv_native_buffer(): 717] mst buffer is secure: 0
09-18 17:36:36.553 D/android.hardware.media.c2@1.1-mediatek(  607): [import_mtk_dtv_native_buffer(): 717] mst buffer is secure: 0
09-18 17:36:36.556 I/kernel  ( 6265): [  263.817368][MTK_V4L2] level=0 vidioc_venc_qbuf(),1318: [4] id=0 getdata FB(2088960,2) vb=000000000c42c7f0 pts=0
09-18 17:36:36.557 D/VCodecVenc(  607): [L 324][EnqueInputBuffer]
09-18 17:36:36.582 D/VCodecVencImpl(  607): [L 572][MtkVencSetConfig]
09-18 17:36:36.582 D/android.hardware.media.c2@1.1-mediatek(  607): [import_mtk_dtv_native_buffer(): 717] mst buffer is secure: 0
09-18 17:36:36.582 D/android.hardware.media.c2@1.1-mediatek(  607): [import_mtk_dtv_native_buffer(): 717] mst buffer is secure: 0
09-18 17:36:36.586 D/VCodecVenc(  607): [L 324][EnqueInputBuffer]
09-18 17:36:36.586 I/kernel  ( 6265): [  263.847505][MTK_V4L2] level=0 vidioc_venc_qbuf(),1318: [4] id=0 getdata FB(2088960,2) vb=000000000c42c7f0 pts=0
09-18 17:36:36.605 I/kernel  (  587): [  263.866157][wlan][587]scanCheckEpigramVhtIE:(RLM WARN) [Epigram] prEpiIE->ucLength is too short, skip!
09-18 17:36:36.605 E/<MI3>   (  636): <ERR>_MI_TUNER_GetLock[4279]: [_MI_TUNER_GetLock][4279] *peLockStatus =  E_MI_TUNER_UNLOCK@!!!
09-18 17:36:36.606 E/<MI3>   (  636): <ERR>_MI_TUNER_GetLock[4279]: [_MI_TUNER_GetLock][4279] *peLockStatus =  E_MI_TUNER_UNLOCK@!!!
09-18 17:36:36.606 E/<MI3>   (  636): <ERR>_MI_TUNER_GetLock[4279]: [_MI_TUNER_GetLock][4279] *peLockStatus =  E_MI_TUNER_UNLOCK@!!!
09-18 17:36:36.612 D/VCodecVencImpl(  607): [L 572][MtkVencSetConfig]
09-18 17:36:36.612 D/android.hardware.media.c2@1.1-mediatek(  607): [import_mtk_dtv_native_buffer(): 717] mst buffer is secure: 0
09-18 17:36:36.613 D/android.hardware.media.c2@1.1-mediatek(  607): [import_mtk_dtv_native_buffer(): 717] mst buffer is secure: 0
09-18 17:36:36.617 I/kernel  ( 6265): [  263.878290][MTK_V4L2] level=0 vidioc_venc_qbuf(),1318: [4] id=0 getdata FB(2088960,2) vb=000000000c42c7f0 pts=0
09-18 17:36:36.617 D/VCodecVenc(  607): [L 324][EnqueInputBuffer]
09-18 17:36:36.620 I/kernel  (  587): [  263.881446][wlan][587]scanCheckEpigramVhtIE:(RLM WARN) [Epigram] prEpiIE->ucLength is too short, skip!
09-18 17:36:36.644 D/android.hardware.media.c2@1.1-mediatek(  607): [import_mtk_dtv_native_buffer(): 717] mst buffer is secure: 0
09-18 17:36:36.644 D/VCodecVencImpl(  607): [L 572][MtkVencSetConfig]
09-18 17:36:36.649 I/kernel  ( 6265): [  263.910413][MTK_V4L2] level=0 vidioc_venc_qbuf(),1318: [4] id=0 getdata FB(2088960,2) vb=000000000c42c7f0 pts=0
09-18 17:36:36.647 D/android.hardware.media.c2@1.1-mediatek(  607): [import_mtk_dtv_native_buffer(): 717] mst buffer is secure: 0
09-18 17:36:36.650 D/VCodecVenc(  607): [L 324][EnqueInputBuffer]
09-18 17:36:36.675 D/VCodecVencImpl(  607): [L 572][MtkVencSetConfig]
09-18 17:36:36.675 D/android.hardware.media.c2@1.1-mediatek(  607): [import_mtk_dtv_native_buffer(): 717] mst buffer is secure: 0
09-18 17:36:36.677 D/android.hardware.media.c2@1.1-mediatek(  607): [import_mtk_dtv_native_buffer(): 717] mst buffer is secure: 0
09-18 17:36:36.679 I/kernel  ( 6265): [  263.940574][MTK_V4L2] level=0 vidioc_venc_qbuf(),1318: [4] id=0 getdata FB(2088960,2) vb=000000000c42c7f0 pts=0
09-18 17:36:36.683 D/VCodecVenc(  607): [L 324][EnqueInputBuffer]
09-18 17:36:36.705 D/VCodecVencImpl(  607): [L 572][MtkVencSetConfig]
09-18 17:36:36.705 D/android.hardware.media.c2@1.1-mediatek(  607): [import_mtk_dtv_native_buffer(): 717] mst buffer is secure: 0
09-18 17:36:36.707 D/android.hardware.media.c2@1.1-mediatek(  607): [import_mtk_dtv_native_buffer(): 717] mst buffer is secure: 0
09-18 17:36:36.710 I/kernel  ( 6265): [  263.970792][MTK_V4L2] level=0 vidioc_venc_qbuf(),1318: [4] id=0 getdata FB(2088960,2) vb=000000000c42c7f0 pts=0
09-18 17:36:36.711 D/VCodecVenc(  607): [L 324][EnqueInputBuffer]
09-18 17:36:36.735 D/VCodecVencImpl(  607): [L 572][MtkVencSetConfig]
09-18 17:36:36.735 D/android.hardware.media.c2@1.1-mediatek(  607): [import_mtk_dtv_native_buffer(): 717] mst buffer is secure: 0
09-18 17:36:36.737 D/android.hardware.media.c2@1.1-mediatek(  607): [import_mtk_dtv_native_buffer(): 717] mst buffer is secure: 0
09-18 17:36:36.740 I/kernel  ( 6265): [  264.000965][MTK_V4L2] level=0 vidioc_venc_qbuf(),1318: [4] id=0 getdata FB(2088960,2) vb=000000000c42c7f0 pts=0
09-18 17:36:36.741 D/VCodecVenc(  607): [L 324][EnqueInputBuffer]
09-18 17:36:36.765 D/VCodecVencImpl(  607): [L 572][MtkVencSetConfig]
09-18 17:36:36.765 D/android.hardware.media.c2@1.1-mediatek(  607): [import_mtk_dtv_native_buffer(): 717] mst buffer is secure: 0
09-18 17:36:36.767 D/android.hardware.media.c2@1.1-mediatek(  607): [import_mtk_dtv_native_buffer(): 717] mst buffer is secure: 0
09-18 17:36:36.770 I/kernel  ( 6265): [  264.031461][MTK_V4L2] level=0 vidioc_venc_qbuf(),1318: [4] id=0 getdata FB(2088960,2) vb=000000000c42c7f0 pts=0
09-18 17:36:36.771 D/VCodecVenc(  607): [L 324][EnqueInputBuffer]
09-18 17:36:36.797 D/VCodecVencImpl(  607): [L 572][MtkVencSetConfig]
09-18 17:36:36.799 D/android.hardware.media.c2@1.1-mediatek(  607): [import_mtk_dtv_native_buffer(): 717] mst buffer is secure: 0
09-18 17:36:36.802 I/kernel  ( 6265): [  264.062761][MTK_V4L2] level=0 vidioc_venc_qbuf(),1318: [4] id=0 getdata FB(2088960,2) vb=000000000c42c7f0 pts=0
09-18 17:36:36.799 D/android.hardware.media.c2@1.1-mediatek(  607): [import_mtk_dtv_native_buffer(): 717] mst buffer is secure: 0
09-18 17:36:36.803 D/VCodecVenc(  607): [L 324][EnqueInputBuffer]
09-18 17:36:36.806 E/<MI3>   (  636): <ERR>_MI_TUNER_GetLock[4279]: [_MI_TUNER_GetLock][4279] *peLockStatus =  E_MI_TUNER_UNLOCK@!!!
09-18 17:36:36.807 E/<MI3>   (  636): <ERR>_MI_TUNER_GetLock[4279]: [_MI_TUNER_GetLock][4279] *peLockStatus =  E_MI_TUNER_UNLOCK@!!!
09-18 17:36:36.808 E/<MI3>   (  636): <ERR>_MI_TUNER_GetLock[4279]: [_MI_TUNER_GetLock][4279] *peLockStatus =  E_MI_TUNER_UNLOCK@!!!
09-18 17:36:36.829 D/VCodecVencImpl(  607): [L 572][MtkVencSetConfig]
09-18 17:36:36.829 D/android.hardware.media.c2@1.1-mediatek(  607): [import_mtk_dtv_native_buffer(): 717] mst buffer is secure: 0
09-18 17:36:36.834 I/kernel  ( 6265): [  264.094957][MTK_V4L2] level=0 vidioc_venc_qbuf(),1318: [4] id=0 getdata FB(2088960,2) vb=000000000c42c7f0 pts=0
09-18 17:36:36.831 D/android.hardware.media.c2@1.1-mediatek(  607): [import_mtk_dtv_native_buffer(): 717] mst buffer is secure: 0
09-18 17:36:36.835 D/VCodecVenc(  607): [L 324][EnqueInputBuffer]
09-18 17:36:36.861 D/android.hardware.media.c2@1.1-mediatek(  607): [import_mtk_dtv_native_buffer(): 717] mst buffer is secure: 0
09-18 17:36:36.861 D/VCodecVencImpl(  607): [L 572][MtkVencSetConfig]
09-18 17:36:36.866 I/kernel  ( 6265): [  264.127120][MTK_V4L2] level=0 vidioc_venc_qbuf(),1318: [4] id=0 getdata FB(2088960,2) vb=000000000c42c7f0 pts=0
09-18 17:36:36.862 D/android.hardware.media.c2@1.1-mediatek(  607): [import_mtk_dtv_native_buffer(): 717] mst buffer is secure: 0
09-18 17:36:36.867 D/VCodecVenc(  607): [L 324][EnqueInputBuffer]
09-18 17:36:36.892 D/VCodecVencImpl(  607): [L 572][MtkVencSetConfig]
09-18 17:36:36.892 D/android.hardware.media.c2@1.1-mediatek(  607): [import_mtk_dtv_native_buffer(): 717] mst buffer is secure: 0
09-18 17:36:36.894 D/android.hardware.media.c2@1.1-mediatek(  607): [import_mtk_dtv_native_buffer(): 717] mst buffer is secure: 0
09-18 17:36:36.897 I/kernel  ( 6265): [  264.158285][MTK_V4L2] level=0 vidioc_venc_qbuf(),1318: [4] id=0 getdata FB(2088960,2) vb=000000000c42c7f0 pts=0
09-18 17:36:36.900 D/VCodecVenc(  607): [L 324][EnqueInputBuffer]
09-18 17:36:36.922 D/VCodecVencImpl(  607): [L 572][MtkVencSetConfig]
09-18 17:36:36.923 D/android.hardware.media.c2@1.1-mediatek(  607): [import_mtk_dtv_native_buffer(): 717] mst buffer is secure: 0
09-18 17:36:36.925 D/android.hardware.media.c2@1.1-mediatek(  607): [import_mtk_dtv_native_buffer(): 717] mst buffer is secure: 0
09-18 17:36:36.928 I/kernel  ( 6265): [  264.188754][MTK_V4L2] level=0 vidioc_venc_qbuf(),1318: [4] id=0 getdata FB(2088960,2) vb=000000000c42c7f0 pts=0
09-18 17:36:36.930 D/VCodecVenc(  607): [L 324][EnqueInputBuffer]
09-18 17:36:36.953 D/android.hardware.media.c2@1.1-mediatek(  607): [import_mtk_dtv_native_buffer(): 717] mst buffer is secure: 0
09-18 17:36:36.953 D/VCodecVencImpl(  607): [L 572][MtkVencSetConfig]
09-18 17:36:36.958 I/kernel  ( 6265): [  264.219029][MTK_V4L2] level=0 vidioc_venc_qbuf(),1318: [4] id=0 getdata FB(2088960,2) vb=000000000c42c7f0 pts=0
09-18 17:36:36.955 D/android.hardware.media.c2@1.1-mediatek(  607): [import_mtk_dtv_native_buffer(): 717] mst buffer is secure: 0
09-18 17:36:36.959 D/VCodecVenc(  607): [L 324][EnqueInputBuffer]
09-18 17:36:36.983 D/VCodecVencImpl(  607): [L 572][MtkVencSetConfig]
09-18 17:36:36.983 D/android.hardware.media.c2@1.1-mediatek(  607): [import_mtk_dtv_native_buffer(): 717] mst buffer is secure: 0
09-18 17:36:36.985 D/android.hardware.media.c2@1.1-mediatek(  607): [import_mtk_dtv_native_buffer(): 717] mst buffer is secure: 0
09-18 17:36:36.988 I/kernel  ( 6265): [  264.249249][MTK_V4L2] level=0 vidioc_venc_qbuf(),1318: [4] id=0 getdata FB(2088960,2) vb=000000000c42c7f0 pts=0
09-18 17:36:36.989 D/VCodecVenc(  607): [L 324][EnqueInputBuffer]
09-18 17:36:37.008 E/<MI3>   (  636): <ERR>_MI_TUNER_GetLock[4279]: [_MI_TUNER_GetLock][4279] *peLockStatus =  E_MI_TUNER_UNLOCK@!!!
09-18 17:36:37.009 E/<MI3>   (  636): <ERR>_MI_TUNER_GetLock[4279]: [_MI_TUNER_GetLock][4279] *peLockStatus =  E_MI_TUNER_UNLOCK@!!!
09-18 17:36:37.009 E/<MI3>   (  636): <ERR>_MI_TUNER_GetLock[4279]: [_MI_TUNER_GetLock][4279] *peLockStatus =  E_MI_TUNER_UNLOCK@!!!
09-18 17:36:37.014 D/VCodecVencImpl(  607): [L 572][MtkVencSetConfig]
09-18 17:36:37.015 D/android.hardware.media.c2@1.1-mediatek(  607): [import_mtk_dtv_native_buffer(): 717] mst buffer is secure: 0
09-18 17:36:37.016 D/android.hardware.media.c2@1.1-mediatek(  607): [import_mtk_dtv_native_buffer(): 717] mst buffer is secure: 0
09-18 17:36:37.019 I/kernel  ( 6265): [  264.279696][MTK_V4L2] level=0 vidioc_venc_qbuf(),1318: [4] id=0 getdata FB(2088960,2) vb=000000000c42c7f0 pts=0
09-18 17:36:37.020 D/VCodecVenc(  607): [L 324][EnqueInputBuffer]
09-18 17:36:37.044 D/VCodecVencImpl(  607): [L 572][MtkVencSetConfig]
09-18 17:36:37.049 I/kernel  ( 6265): [  264.310168][MTK_V4L2] level=0 vidioc_venc_qbuf(),1318: [4] id=0 getdata FB(2088960,2) vb=000000000c42c7f0 pts=0
09-18 17:36:37.046 D/android.hardware.media.c2@1.1-mediatek(  607): [import_mtk_dtv_native_buffer(): 717] mst buffer is secure: 0
09-18 17:36:37.047 D/android.hardware.media.c2@1.1-mediatek(  607): [import_mtk_dtv_native_buffer(): 717] mst buffer is secure: 0
09-18 17:36:37.051 D/VCodecVenc(  607): [L 324][EnqueInputBuffer]
09-18 17:36:37.077 D/android.hardware.media.c2@1.1-mediatek(  607): [import_mtk_dtv_native_buffer(): 717] mst buffer is secure: 0
09-18 17:36:37.077 D/BufferPoolAccessor2.0(  607): bufferpool2 0xda083628 : 4(6293504 size) total buffers - 3(4196352 size) used buffers - 4651/4658 (recycle/alloc) - 19/4655 (fetch/transfer)
09-18 17:36:37.077 D/VCodecVencImpl(  607): [L 572][MtkVencSetConfig]
09-18 17:36:37.081 I/kernel  ( 6265): [  264.342563][MTK_V4L2] level=0 vidioc_venc_qbuf(),1318: [4] id=0 getdata FB(2088960,2) vb=000000000c42c7f0 pts=0
09-18 17:36:37.078 D/android.hardware.media.c2@1.1-mediatek(  607): [import_mtk_dtv_native_buffer(): 717] mst buffer is secure: 0
09-18 17:36:37.083 D/VCodecVenc(  607): [L 324][EnqueInputBuffer]
09-18 17:36:37.108 D/VCodecVencImpl(  607): [L 572][MtkVencSetConfig]
09-18 17:36:37.108 D/android.hardware.media.c2@1.1-mediatek(  607): [import_mtk_dtv_native_buffer(): 717] mst buffer is secure: 0
09-18 17:36:37.110 D/android.hardware.media.c2@1.1-mediatek(  607): [import_mtk_dtv_native_buffer(): 717] mst buffer is secure: 0
09-18 17:36:37.113 I/kernel  ( 6265): [  264.373724][MTK_V4L2] level=0 vidioc_venc_qbuf(),1318: [4] id=0 getdata FB(2088960,2) vb=000000000c42c7f0 pts=0
09-18 17:36:37.116 D/VCodecVenc(  607): [L 324][EnqueInputBuffer]
09-18 17:36:37.136 I/kernel  ( 2513): [  264.397256][A8303-1_Driver] addr:0x08,  i2c status:0x0a from 0x0a
09-18 17:36:37.138 D/VCodecVencImpl(  607): [L 572][MtkVencSetConfig]
09-18 17:36:37.138 D/android.hardware.media.c2@1.1-mediatek(  607): [import_mtk_dtv_native_buffer(): 717] mst buffer is secure: 0
09-18 17:36:37.142 I/kernel  (  101): [  264.403206][wdk-c] cpu=1 o_k=1 lbit=0x2 cbit=0xf,d,3,1,402339250,f,24813,0,28006,0,[264403200170,11000000] 30
09-18 17:36:37.142 I/kernel  (  101): [  264.403217]wdt_dump_cntcv CPU:1 CNTCV_CTL:0 CNTCV_TVAL:f7615f1e CNTVCT:c3a41352 SYST_CNTCR:0 SYST_DISTL:0 SYST_CNTCV:0
09-18 17:36:37.142 I/kernel  (  103): [  264.403217][wdk-c] cpu=3 o_k=3 lbit=0xa cbit=0xf,5,3,1,402339250,f,24813,0,28006,0,[264403212586,10999978] 30
09-18 17:36:37.142 I/kernel  (  103): [  264.403221]wdt_dump_cntcv CPU:3 CNTCV_CTL:0 CNTCV_TVAL:ce40632f CNTVCT:c3a413da SYST_CNTCR:0 SYST_DISTL:0 SYST_CNTCV:0
09-18 17:36:37.140 D/android.hardware.media.c2@1.1-mediatek(  607): [import_mtk_dtv_native_buffer(): 717] mst buffer is secure: 0
09-18 17:36:37.142 I/kernel  (  100): [  264.403227][wdk-c] cpu=0 o_k=0 lbit=0xb cbit=0xf,4,3,1,402339250,f,24813,0,28006,0,[264403223336,10999968] 30
09-18 17:36:37.142 I/kernel  (  100): [  264.403231]wdt_dump_cntcv CPU:0 CNTCV_CTL:0 CNTCV_TVAL:a781e167 CNTVCT:c3a413a8 SYST_CNTCR:0 SYST_DISTL:0 SYST_CNTCV:0
09-18 17:36:37.142 I/kernel  (  102): [  264.403406][thread:102] 2025-09-18 08:36:37.139474 UTC;android time 2025-09-18 08:36:37.139474
09-18 17:36:37.142 I/kernel  (  102): [  264.403599][wdk-k] cpu=2 o_k=2 lbit=0xf cbit=0xf,0,3,1,402339250,f,24813,0,28006,0,[264403400170,10999791] 30
09-18 17:36:37.142 I/kernel  (  102): [  264.403602]wdt_dump_cntcv CPU:2 CNTCV_CTL:0 CNTCV_TVAL:edf5579 CNTVCT:c3a413b7 SYST_CNTCR:0 SYST_DISTL:0 SYST_CNTCV:0
09-18 17:36:37.143 I/kernel  ( 6265): [  264.404130][MTK_V4L2] level=0 vidioc_venc_qbuf(),1318: [4] id=0 getdata FB(2088960,2) vb=000000000c42c7f0 pts=0
09-18 17:36:37.144 D/VCodecVenc(  607): [L 324][EnqueInputBuffer]
09-18 17:36:37.168 D/VCodecVencImpl(  607): [L 572][MtkVencSetConfig]
09-18 17:36:37.168 D/android.hardware.media.c2@1.1-mediatek(  607): [import_mtk_dtv_native_buffer(): 717] mst buffer is secure: 0
09-18 17:36:37.170 D/android.hardware.media.c2@1.1-mediatek(  607): [import_mtk_dtv_native_buffer(): 717] mst buffer is secure: 0
09-18 17:36:37.173 I/kernel  ( 6265): [  264.434334][MTK_V4L2] level=0 vidioc_venc_qbuf(),1318: [4] id=0 getdata FB(2088960,2) vb=000000000c42c7f0 pts=0
09-18 17:36:37.174 D/VCodecVenc(  607): [L 324][EnqueInputBuffer]
09-18 17:36:37.199 D/VCodecVencImpl(  607): [L 572][MtkVencSetConfig]
09-18 17:36:37.199 D/android.hardware.media.c2@1.1-mediatek(  607): [import_mtk_dtv_native_buffer(): 717] mst buffer is secure: 0
09-18 17:36:37.199 D/android.hardware.media.c2@1.1-mediatek(  607): [import_mtk_dtv_native_buffer(): 717] mst buffer is secure: 0
09-18 17:36:37.203 D/VCodecVenc(  607): [L 324][EnqueInputBuffer]
09-18 17:36:37.204 I/kernel  ( 6265): [  264.464700][MTK_V4L2] level=0 vidioc_venc_qbuf(),1318: [4] id=0 getdata FB(2088960,2) vb=000000000c42c7f0 pts=0
09-18 17:36:37.210 E/<MI3>   (  636): <ERR>_MI_TUNER_GetLock[4279]: [_MI_TUNER_GetLock][4279] *peLockStatus =  E_MI_TUNER_UNLOCK@!!!
09-18 17:36:37.210 E/<MI3>   (  636): <ERR>_MI_TUNER_GetLock[4279]: [_MI_TUNER_GetLock][4279] *peLockStatus =  E_MI_TUNER_UNLOCK@!!!
09-18 17:36:37.211 E/<MI3>   (  636): <ERR>_MI_TUNER_GetLock[4279]: [_MI_TUNER_GetLock][4279] *peLockStatus =  E_MI_TUNER_UNLOCK@!!!
09-18 17:36:37.230 D/VCodecVencImpl(  607): [L 572][MtkVencSetConfig]
09-18 17:36:37.230 D/android.hardware.media.c2@1.1-mediatek(  607): [import_mtk_dtv_native_buffer(): 717] mst buffer is secure: 0
09-18 17:36:37.232 D/android.hardware.media.c2@1.1-mediatek(  607): [import_mtk_dtv_native_buffer(): 717] mst buffer is secure: 0
09-18 17:36:37.235 I/kernel  ( 6265): [  264.496384][MTK_V4L2] level=0 vidioc_venc_qbuf(),1318: [4] id=0 getdata FB(2088960,2) vb=000000000c42c7f0 pts=0
09-18 17:36:37.236 D/VCodecVenc(  607): [L 324][EnqueInputBuffer]
09-18 17:36:37.261 D/VCodecVencImpl(  607): [L 572][MtkVencSetConfig]
09-18 17:36:37.261 D/android.hardware.media.c2@1.1-mediatek(  607): [import_mtk_dtv_native_buffer(): 717] mst buffer is secure: 0
09-18 17:36:37.266 I/kernel  ( 6265): [  264.526996][MTK_V4L2] level=0 vidioc_venc_qbuf(),1318: [4] id=0 getdata FB(2088960,2) vb=000000000c42c7f0 pts=0
09-18 17:36:37.264 D/android.hardware.media.c2@1.1-mediatek(  607): [import_mtk_dtv_native_buffer(): 717] mst buffer is secure: 0
09-18 17:36:37.268 D/VCodecVenc(  607): [L 324][EnqueInputBuffer]
09-18 17:36:37.293 D/VCodecVencImpl(  607): [L 572][MtkVencSetConfig]
09-18 17:36:37.297 D/android.hardware.media.c2@1.1-mediatek(  607): [import_mtk_dtv_native_buffer(): 717] mst buffer is secure: 0
09-18 17:36:37.297 D/android.hardware.media.c2@1.1-mediatek(  607): [import_mtk_dtv_native_buffer(): 717] mst buffer is secure: 0
09-18 17:36:37.300 I/kernel  ( 6265): [  264.560754][MTK_V4L2] level=0 vidioc_venc_qbuf(),1318: [4] id=0 getdata FB(2088960,2) vb=000000000c42c7f0 pts=0
09-18 17:36:37.302 D/VCodecVenc(  607): [L 324][EnqueInputBuffer]
09-18 17:36:37.325 D/VCodecVencImpl(  607): [L 572][MtkVencSetConfig]
09-18 17:36:37.325 D/android.hardware.media.c2@1.1-mediatek(  607): [import_mtk_dtv_native_buffer(): 717] mst buffer is secure: 0
09-18 17:36:37.326 D/android.hardware.media.c2@1.1-mediatek(  607): [import_mtk_dtv_native_buffer(): 717] mst buffer is secure: 0
09-18 17:36:37.330 I/kernel  ( 6265): [  264.591227][MTK_V4L2] level=0 vidioc_venc_qbuf(),1318: [4] id=0 getdata FB(2088960,2) vb=000000000c42c7f0 pts=0
09-18 17:36:37.331 D/VCodecVenc(  607): [L 324][EnqueInputBuffer]
09-18 17:36:37.356 D/VCodecVencImpl(  607): [L 572][MtkVencSetConfig]
09-18 17:36:37.356 D/android.hardware.media.c2@1.1-mediatek(  607): [import_mtk_dtv_native_buffer(): 717] mst buffer is secure: 0
09-18 17:36:37.356 D/android.hardware.media.c2@1.1-mediatek(  607): [import_mtk_dtv_native_buffer(): 717] mst buffer is secure: 0
09-18 17:36:37.361 I/kernel  ( 6265): [  264.622075][MTK_V4L2] level=0 vidioc_venc_qbuf(),1318: [4] id=0 getdata FB(2088960,2) vb=000000000c42c7f0 pts=0
09-18 17:36:37.360 D/VCodecVenc(  607): [L 324][EnqueInputBuffer]
09-18 17:36:37.386 D/VCodecVencImpl(  607): [L 572][MtkVencSetConfig]
09-18 17:36:37.386 D/android.hardware.media.c2@1.1-mediatek(  607): [import_mtk_dtv_native_buffer(): 717] mst buffer is secure: 0
09-18 17:36:37.388 D/android.hardware.media.c2@1.1-mediatek(  607): [import_mtk_dtv_native_buffer(): 717] mst buffer is secure: 0
09-18 17:36:37.391 I/kernel  ( 6265): [  264.652362][MTK_V4L2] level=0 vidioc_venc_qbuf(),1318: [4] id=0 getdata FB(2088960,2) vb=000000000c42c7f0 pts=0
09-18 17:36:37.392 D/VCodecVenc(  607): [L 324][EnqueInputBuffer]
09-18 17:36:37.413 E/<MI3>   (  636): <ERR>_MI_TUNER_GetLock[4279]: [_MI_TUNER_GetLock][4279] *peLockStatus =  E_MI_TUNER_UNLOCK@!!!
09-18 17:36:37.413 E/<MI3>   (  636): <ERR>_MI_TUNER_GetLock[4279]: [_MI_TUNER_GetLock][4279] *peLockStatus =  E_MI_TUNER_UNLOCK@!!!
09-18 17:36:37.414 E/<MI3>   (  636): <ERR>_MI_TUNER_GetLock[4279]: [_MI_TUNER_GetLock][4279] *peLockStatus =  E_MI_TUNER_UNLOCK@!!!
09-18 17:36:37.417 D/VCodecVencImpl(  607): [L 572][MtkVencSetConfig]
09-18 17:36:37.417 D/android.hardware.media.c2@1.1-mediatek(  607): [import_mtk_dtv_native_buffer(): 717] mst buffer is secure: 0
09-18 17:36:37.417 D/android.hardware.media.c2@1.1-mediatek(  607): [import_mtk_dtv_native_buffer(): 717] mst buffer is secure: 0
09-18 17:36:37.422 I/kernel  ( 6265): [  264.682746][MTK_V4L2] level=0 vidioc_venc_qbuf(),1318: [4] id=0 getdata FB(2088960,2) vb=000000000c42c7f0 pts=0
09-18 17:36:37.421 D/VCodecVenc(  607): [L 324][EnqueInputBuffer]
09-18 17:36:37.447 D/VCodecVencImpl(  607): [L 572][MtkVencSetConfig]
09-18 17:36:37.448 D/android.hardware.media.c2@1.1-mediatek(  607): [import_mtk_dtv_native_buffer(): 717] mst buffer is secure: 0
09-18 17:36:37.449 D/android.hardware.media.c2@1.1-mediatek(  607): [import_mtk_dtv_native_buffer(): 717] mst buffer is secure: 0
09-18 17:36:37.452 I/kernel  ( 6265): [  264.712987][MTK_V4L2] level=0 vidioc_venc_qbuf(),1318: [4] id=0 getdata FB(2088960,2) vb=000000000c42c7f0 pts=0
09-18 17:36:37.452 D/VCodecVenc(  607): [L 324][EnqueInputBuffer]
09-18 17:36:37.477 D/VCodecVencImpl(  607): [L 572][MtkVencSetConfig]
09-18 17:36:37.480 D/android.hardware.media.c2@1.1-mediatek(  607): [import_mtk_dtv_native_buffer(): 717] mst buffer is secure: 0
09-18 17:36:37.481 D/android.hardware.media.c2@1.1-mediatek(  607): [import_mtk_dtv_native_buffer(): 717] mst buffer is secure: 0
09-18 17:36:37.482 I/kernel  ( 6265): [  264.743511][MTK_V4L2] level=0 vidioc_venc_qbuf(),1318: [4] id=0 getdata FB(2088960,2) vb=000000000c42c7f0 pts=0
09-18 17:36:37.485 D/VCodecVenc(  607): [L 324][EnqueInputBuffer]
09-18 17:36:37.508 D/VCodecVencImpl(  607): [L 572][MtkVencSetConfig]
09-18 17:36:37.508 D/android.hardware.media.c2@1.1-mediatek(  607): [import_mtk_dtv_native_buffer(): 717] mst buffer is secure: 0
09-18 17:36:37.509 D/android.hardware.media.c2@1.1-mediatek(  607): [import_mtk_dtv_native_buffer(): 717] mst buffer is secure: 0
09-18 17:36:37.513 I/kernel  ( 6265): [  264.774053][MTK_V4L2] level=0 vidioc_venc_qbuf(),1318: [4] id=0 getdata FB(2088960,2) vb=000000000c42c7f0 pts=0
09-18 17:36:37.516 D/VCodecVenc(  607): [L 324][EnqueInputBuffer]
09-18 17:36:37.538 D/android.hardware.media.c2@1.1-mediatek(  607): [import_mtk_dtv_native_buffer(): 717] mst buffer is secure: 0
09-18 17:36:37.538 D/VCodecVencImpl(  607): [L 572][MtkVencSetConfig]
09-18 17:36:37.539 D/android.hardware.media.c2@1.1-mediatek(  607): [import_mtk_dtv_native_buffer(): 717] mst buffer is secure: 0
09-18 17:36:37.544 D/VCodecVenc(  607): [L 324][EnqueInputBuffer]
09-18 17:36:37.543 I/kernel  ( 6265): [  264.804333][MTK_V4L2] level=0 vidioc_venc_qbuf(),1318: [4] id=0 getdata FB(2088960,2) vb=000000000c42c7f0 pts=0
09-18 17:36:37.569 D/VCodecVencImpl(  607): [L 572][MtkVencSetConfig]
09-18 17:36:37.569 D/android.hardware.media.c2@1.1-mediatek(  607): [import_mtk_dtv_native_buffer(): 717] mst buffer is secure: 0
09-18 17:36:37.569 D/android.hardware.media.c2@1.1-mediatek(  607): [import_mtk_dtv_native_buffer(): 717] mst buffer is secure: 0
09-18 17:36:37.573 I/kernel  ( 6265): [  264.834453][MTK_V4L2] level=0 vidioc_venc_qbuf(),1318: [4] id=0 getdata FB(2088960,2) vb=000000000c42c7f0 pts=0
09-18 17:36:37.573 D/VCodecVenc(  607): [L 324][EnqueInputBuffer]
09-18 17:36:37.599 D/VCodecVencImpl(  607): [L 572][MtkVencSetConfig]
09-18 17:36:37.599 D/android.hardware.media.c2@1.1-mediatek(  607): [import_mtk_dtv_native_buffer(): 717] mst buffer is secure: 0
09-18 17:36:37.601 D/android.hardware.media.c2@1.1-mediatek(  607): [import_mtk_dtv_native_buffer(): 717] mst buffer is secure: 0
09-18 17:36:37.604 I/kernel  ( 6265): [  264.864805][MTK_V4L2] level=0 vidioc_venc_qbuf(),1318: [4] id=0 getdata FB(2088960,2) vb=000000000c42c7f0 pts=0
09-18 17:36:37.604 D/VCodecVenc(  607): [L 324][EnqueInputBuffer]
09-18 17:36:37.614 E/<MI3>   (  636): <ERR>_MI_TUNER_GetLock[4279]: [_MI_TUNER_GetLock][4279] *peLockStatus =  E_MI_TUNER_UNLOCK@!!!
09-18 17:36:37.615 E/<MI3>   (  636): <ERR>_MI_TUNER_GetLock[4279]: [_MI_TUNER_GetLock][4279] *peLockStatus =  E_MI_TUNER_UNLOCK@!!!
09-18 17:36:37.615 E/<MI3>   (  636): <ERR>_MI_TUNER_GetLock[4279]: [_MI_TUNER_GetLock][4279] *peLockStatus =  E_MI_TUNER_UNLOCK@!!!
09-18 17:36:37.629 D/VCodecVencImpl(  607): [L 572][MtkVencSetConfig]
09-18 17:36:37.630 D/android.hardware.media.c2@1.1-mediatek(  607): [import_mtk_dtv_native_buffer(): 717] mst buffer is secure: 0
09-18 17:36:37.632 D/android.hardware.media.c2@1.1-mediatek(  607): [import_mtk_dtv_native_buffer(): 717] mst buffer is secure: 0
09-18 17:36:37.634 I/kernel  ( 6265): [  264.895565][MTK_V4L2] level=0 vidioc_venc_qbuf(),1318: [4] id=0 getdata FB(2088960,2) vb=000000000c42c7f0 pts=0
09-18 17:36:37.635 D/VCodecVenc(  607): [L 324][EnqueInputBuffer]
09-18 17:36:37.660 D/VCodecVencImpl(  607): [L 572][MtkVencSetConfig]
09-18 17:36:37.660 D/android.hardware.media.c2@1.1-mediatek(  607): [import_mtk_dtv_native_buffer(): 717] mst buffer is secure: 0
09-18 17:36:37.662 D/android.hardware.media.c2@1.1-mediatek(  607): [import_mtk_dtv_native_buffer(): 717] mst buffer is secure: 0
09-18 17:36:37.665 I/kernel  ( 6265): [  264.925965][MTK_V4L2] level=0 vidioc_venc_qbuf(),1318: [4] id=0 getdata FB(2088960,2) vb=000000000c42c7f0 pts=0
09-18 17:36:37.667 D/VCodecVenc(  607): [L 324][EnqueInputBuffer]
09-18 17:36:37.690 D/VCodecVencImpl(  607): [L 572][MtkVencSetConfig]
09-18 17:36:37.690 D/android.hardware.media.c2@1.1-mediatek(  607): [import_mtk_dtv_native_buffer(): 717] mst buffer is secure: 0
09-18 17:36:37.694 D/android.hardware.media.c2@1.1-mediatek(  607): [import_mtk_dtv_native_buffer(): 717] mst buffer is secure: 0
09-18 17:36:37.695 I/kernel  ( 6265): [  264.956527][MTK_V4L2] level=0 vidioc_venc_qbuf(),1318: [4] id=0 getdata FB(2088960,2) vb=000000000c42c7f0 pts=0
09-18 17:36:37.699 D/VCodecVenc(  607): [L 324][EnqueInputBuffer]
09-18 17:36:37.721 D/VCodecVencImpl(  607): [L 572][MtkVencSetConfig]
09-18 17:36:37.721 D/android.hardware.media.c2@1.1-mediatek(  607): [import_mtk_dtv_native_buffer(): 717] mst buffer is secure: 0
09-18 17:36:37.726 I/kernel  ( 6265): [  264.986711][MTK_V4L2] level=0 vidioc_venc_qbuf(),1318: [4] id=0 getdata FB(2088960,2) vb=000000000c42c7f0 pts=0
09-18 17:36:37.723 D/android.hardware.media.c2@1.1-mediatek(  607): [import_mtk_dtv_native_buffer(): 717] mst buffer is secure: 0
09-18 17:36:37.726 D/VCodecVenc(  607): [L 324][EnqueInputBuffer]
09-18 17:36:37.751 D/android.hardware.media.c2@1.1-mediatek(  607): [import_mtk_dtv_native_buffer(): 717] mst buffer is secure: 0
09-18 17:36:37.751 D/VCodecVencImpl(  607): [L 572][MtkVencSetConfig]
09-18 17:36:37.751 D/android.hardware.media.c2@1.1-mediatek(  607): [import_mtk_dtv_native_buffer(): 717] mst buffer is secure: 0
09-18 17:36:37.756 D/VCodecVenc(  607): [L 324][EnqueInputBuffer]
09-18 17:36:37.756 I/kernel  ( 6265): [  265.017067][MTK_V4L2] level=0 vidioc_venc_qbuf(),1318: [4] id=0 getdata FB(2088960,2) vb=000000000c42c7f0 pts=0
09-18 17:36:37.781 D/VCodecVencImpl(  607): [L 572][MtkVencSetConfig]
09-18 17:36:37.781 D/android.hardware.media.c2@1.1-mediatek(  607): [import_mtk_dtv_native_buffer(): 717] mst buffer is secure: 0
09-18 17:36:37.782 D/android.hardware.media.c2@1.1-mediatek(  607): [import_mtk_dtv_native_buffer(): 717] mst buffer is secure: 0
09-18 17:36:37.785 D/VCodecVenc(  607): [L 324][EnqueInputBuffer]
09-18 17:36:37.786 I/kernel  ( 6265): [  265.047559][MTK_V4L2] level=0 vidioc_venc_qbuf(),1318: [4] id=0 getdata FB(2088960,2) vb=000000000c42c7f0 pts=0
09-18 17:36:37.812 D/android.hardware.media.c2@1.1-mediatek(  607): [import_mtk_dtv_native_buffer(): 717] mst buffer is secure: 0
09-18 17:36:37.812 D/VCodecVencImpl(  607): [L 572][MtkVencSetConfig]
09-18 17:36:37.814 D/android.hardware.media.c2@1.1-mediatek(  607): [import_mtk_dtv_native_buffer(): 717] mst buffer is secure: 0
09-18 17:36:37.818 I/kernel  ( 6265): [  265.079154][MTK_V4L2] level=0 vidioc_venc_qbuf(),1318: [4] id=0 getdata FB(2088960,2) vb=000000000c42c7f0 pts=0
09-18 17:36:37.816 E/<MI3>   (  636): <ERR>_MI_TUNER_GetLock[4279]: [_MI_TUNER_GetLock][4279] *peLockStatus =  E_MI_TUNER_UNLOCK@!!!
09-18 17:36:37.816 E/<MI3>   (  636): <ERR>_MI_TUNER_GetLock[4279]: [_MI_TUNER_GetLock][4279] *peLockStatus =  E_MI_TUNER_UNLOCK@!!!
09-18 17:36:37.816 E/<MI3>   (  636): <ERR>_MI_TUNER_GetLock[4279]: [_MI_TUNER_GetLock][4279] *peLockStatus =  E_MI_TUNER_UNLOCK@!!!
09-18 17:36:37.818 D/VCodecVenc(  607): [L 324][EnqueInputBuffer]
09-18 17:36:37.844 D/android.hardware.media.c2@1.1-mediatek(  607): [import_mtk_dtv_native_buffer(): 717] mst buffer is secure: 0
09-18 17:36:37.844 D/VCodecVencImpl(  607): [L 572][MtkVencSetConfig]
09-18 17:36:37.846 D/android.hardware.media.c2@1.1-mediatek(  607): [import_mtk_dtv_native_buffer(): 717] mst buffer is secure: 0
09-18 17:36:37.849 I/kernel  ( 6265): [  265.109904][MTK_V4L2] level=0 vidioc_venc_qbuf(),1318: [4] id=0 getdata FB(2088960,2) vb=000000000c42c7f0 pts=0
09-18 17:36:37.851 D/VCodecVenc(  607): [L 324][EnqueInputBuffer]
09-18 17:36:37.874 D/VCodecVencImpl(  607): [L 572][MtkVencSetConfig]
09-18 17:36:37.874 D/android.hardware.media.c2@1.1-mediatek(  607): [import_mtk_dtv_native_buffer(): 717] mst buffer is secure: 0
09-18 17:36:37.876 D/android.hardware.media.c2@1.1-mediatek(  607): [import_mtk_dtv_native_buffer(): 717] mst buffer is secure: 0
09-18 17:36:37.879 I/kernel  ( 6265): [  265.140170][MTK_V4L2] level=0 vidioc_venc_qbuf(),1318: [4] id=0 getdata FB(2088960,2) vb=000000000c42c7f0 pts=0
09-18 17:36:37.882 D/VCodecVenc(  607): [L 324][EnqueInputBuffer]
09-18 17:36:37.904 D/VCodecVencImpl(  607): [L 572][MtkVencSetConfig]
09-18 17:36:37.904 D/android.hardware.media.c2@1.1-mediatek(  607): [import_mtk_dtv_native_buffer(): 717] mst buffer is secure: 0
09-18 17:36:37.906 D/android.hardware.media.c2@1.1-mediatek(  607): [import_mtk_dtv_native_buffer(): 717] mst buffer is secure: 0
09-18 17:36:37.909 I/kernel  ( 6265): [  265.170376][MTK_V4L2] level=0 vidioc_venc_qbuf(),1318: [4] id=0 getdata FB(2088960,2) vb=000000000c42c7f0 pts=0
09-18 17:36:37.912 D/VCodecVenc(  607): [L 324][EnqueInputBuffer]
09-18 17:36:37.935 D/VCodecVencImpl(  607): [L 572][MtkVencSetConfig]
09-18 17:36:37.935 D/android.hardware.media.c2@1.1-mediatek(  607): [import_mtk_dtv_native_buffer(): 717] mst buffer is secure: 0
09-18 17:36:37.937 D/android.hardware.media.c2@1.1-mediatek(  607): [import_mtk_dtv_native_buffer(): 717] mst buffer is secure: 0
09-18 17:36:37.939 I/kernel  ( 6265): [  265.200527][MTK_V4L2] level=0 vidioc_venc_qbuf(),1318: [4] id=0 getdata FB(2088960,2) vb=000000000c42c7f0 pts=0
09-18 17:36:37.940 D/VCodecVenc(  607): [L 324][EnqueInputBuffer]
09-18 17:36:37.965 D/VCodecVencImpl(  607): [L 572][MtkVencSetConfig]
09-18 17:36:37.965 D/android.hardware.media.c2@1.1-mediatek(  607): [import_mtk_dtv_native_buffer(): 717] mst buffer is secure: 0
09-18 17:36:37.965 D/android.hardware.media.c2@1.1-mediatek(  607): [import_mtk_dtv_native_buffer(): 717] mst buffer is secure: 0
09-18 17:36:37.970 I/kernel  ( 6265): [  265.230743][MTK_V4L2] level=0 vidioc_venc_qbuf(),1318: [4] id=0 getdata FB(2088960,2) vb=000000000c42c7f0 pts=0
09-18 17:36:37.969 D/VCodecVenc(  607): [L 324][EnqueInputBuffer]
09-18 17:36:37.996 D/VCodecVencImpl(  607): [L 572][MtkVencSetConfig]
09-18 17:36:37.997 D/android.hardware.media.c2@1.1-mediatek(  607): [import_mtk_dtv_native_buffer(): 717] mst buffer is secure: 0
09-18 17:36:37.998 D/android.hardware.media.c2@1.1-mediatek(  607): [import_mtk_dtv_native_buffer(): 717] mst buffer is secure: 0
09-18 17:36:38.001 I/kernel  ( 6265): [  265.261903][MTK_V4L2] level=0 vidioc_venc_qbuf(),1318: [4] id=0 getdata FB(2088960,2) vb=000000000c42c7f0 pts=0
09-18 17:36:38.001 D/VCodecVenc(  607): [L 324][EnqueInputBuffer]
09-18 17:36:38.017 E/<MI3>   (  636): <ERR>_MI_TUNER_GetLock[4279]: [_MI_TUNER_GetLock][4279] *peLockStatus =  E_MI_TUNER_UNLOCK@!!!
09-18 17:36:38.017 E/<MI3>   (  636): <ERR>_MI_TUNER_GetLock[4279]: [_MI_TUNER_GetLock][4279] *peLockStatus =  E_MI_TUNER_UNLOCK@!!!
09-18 17:36:38.018 E/<MI3>   (  636): <ERR>_MI_TUNER_GetLock[4279]: [_MI_TUNER_GetLock][4279] *peLockStatus =  E_MI_TUNER_UNLOCK@!!!
09-18 17:36:38.026 D/VCodecVencImpl(  607): [L 572][MtkVencSetConfig]
09-18 17:36:38.026 D/android.hardware.media.c2@1.1-mediatek(  607): [import_mtk_dtv_native_buffer(): 717] mst buffer is secure: 0
09-18 17:36:38.028 D/android.hardware.media.c2@1.1-mediatek(  607): [import_mtk_dtv_native_buffer(): 717] mst buffer is secure: 0
09-18 17:36:38.031 I/kernel  ( 6265): [  265.292199][MTK_V4L2] level=0 vidioc_venc_qbuf(),1318: [4] id=0 getdata FB(2088960,2) vb=000000000c42c7f0 pts=0
09-18 17:36:38.033 D/VCodecVenc(  607): [L 324][EnqueInputBuffer]
09-18 17:36:38.046 I/kernel  ( 5943): [  265.307173][A8303-1_Driver] [dish_a8303_1_fe_set_voltage] arg voltage is 0x00
09-18 17:36:38.046 I/kernel  ( 5943): [  265.307434][A8303-1_Driver] i2c_transfer msg[0] addr:0x08, len:2, flags:0
09-18 17:36:38.044 I/JpTis_IsdbSFrontendTuneImpl@9( 2016): LnbStatusCallbackImpl:onLnbStatusChanged from:LnbStatus(voltageOn=true, status=Pending) to:LnbStatus(voltageOn=false, status=Off) lnbPowerStatus:Pending
