09-18 17:36:09.945 I/SecurityParams####debug(  733): createWpa3PersonalParams
09-18 17:36:09.951 I/ScanResultUtil####debug(  733): check createSecurityParamsBySecurityType
09-18 17:36:09.951 I/ScanResultUtil####debug(  733): call createSecurityParamsBySecurityType
09-18 17:36:09.951 I/SecurityParams####debug(  733): createWpa3PersonalParams
09-18 17:36:09.952 I/ScanResultUtil####debug(  733): check createSecurityParamsBySecurityType
09-18 17:36:09.952 I/ScanResultUtil####debug(  733): call createSecurityParamsBySecurityType
09-18 17:36:09.952 I/SecurityParams####debug(  733): createWpa3PersonalParams
09-18 17:36:09.952 I/ScanResultUtil####debug(  733): check createSecurityParamsBySecurityType
09-18 17:36:09.952 I/ScanResultUtil####debug(  733): call createSecurityParamsBySecurityType
09-18 17:36:09.952 I/SecurityParams####debug(  733): createWpa3PersonalParams
09-18 17:36:09.952 E/<MI3>   (  636): <ERR>_MI_TUNER_GetLock[4279]: [_MI_TUNER_GetLock][4279] *peLockStatus =  E_MI_TUNER_UNLOCK@!!!
09-18 17:36:09.952 I/ScanResultUtil####debug(  733): check createSecurityParamsBySecurityType
09-18 17:36:09.952 I/ScanResultUtil####debug(  733): call createSecurityParamsBySecurityType
09-18 17:36:09.952 I/SecurityParams####debug(  733): createWpa3PersonalParams
09-18 17:36:09.952 I/ScanResultUtil####debug(  733): check createSecurityParamsBySecurityType
09-18 17:36:09.952 E/<MI3>   (  636): <ERR>_MI_TUNER_GetLock[4279]: [_MI_TUNER_GetLock][4279] *peLockStatus =  E_MI_TUNER_UNLOCK@!!!
09-18 17:36:09.952 I/ScanResultUtil####debug(  733): check createSecurityParamsBySecurityType
09-18 17:36:09.953 E/<MI3>   (  636): <ERR>_MI_TUNER_GetLock[4279]: [_MI_TUNER_GetLock][4279] *peLockStatus =  E_MI_TUNER_UNLOCK@!!!
09-18 17:36:09.953 I/ScanResultUtil####debug(  733): check createSecurityParamsBySecurityType
09-18 17:36:09.953 I/ScanResultUtil####debug(  733): call createSecurityParamsBySecurityType
09-18 17:36:09.953 I/SecurityParams####debug(  733): createWpa3PersonalParams
09-18 17:36:09.953 I/ScanResultUtil####debug(  733): check createSecurityParamsBySecurityType
09-18 17:36:09.953 I/ScanResultUtil####debug(  733): call createSecurityParamsBySecurityType
09-18 17:36:09.953 I/SecurityParams####debug(  733): createWpa3PersonalParams
09-18 17:36:09.953 I/ScanResultUtil####debug(  733): check createSecurityParamsBySecurityType
09-18 17:36:09.953 I/ScanResultUtil####debug(  733): call createSecurityParamsBySecurityType
09-18 17:36:09.953 I/SecurityParams####debug(  733): createWpa3PersonalParams
09-18 17:36:09.953 I/ScanResultUtil####debug(  733): check createSecurityParamsBySecurityType
09-18 17:36:09.953 I/ScanResultUtil####debug(  733): call createSecurityParamsBySecurityType
09-18 17:36:09.953 I/SecurityParams####debug(  733): createWpa3PersonalParams
09-18 17:36:09.953 I/ScanResultUtil####debug(  733): check createSecurityParamsBySecurityType
09-18 17:36:09.953 I/ScanResultUtil####debug(  733): call createSecurityParamsBySecurityType
09-18 17:36:09.953 I/SecurityParams####debug(  733): createWpa3PersonalParams
09-18 17:36:09.953 I/ScanResultUtil####debug(  733): check createSecurityParamsBySecurityType
09-18 17:36:09.953 I/ScanResultUtil####debug(  733): call createSecurityParamsBySecurityType
09-18 17:36:09.953 I/SecurityParams####debug(  733): createWpa3PersonalParams
09-18 17:36:09.954 V/WifiConfigManager(  733): getSavedNetworkFromScanResult Found "HyokaT-Buffalo-B_2.4GHz"WPA_PSK for HyokaT-Buffalo-B_2.4GHz[[WPA2-PSK-CCMP][RSN-PSK-CCMP][ESS][WPS]]
09-18 17:36:09.954 I/ScanResultUtil####debug(  733): check createSecurityParamsBySecurityType
09-18 17:36:09.954 I/ScanResultUtil####debug(  733): call createSecurityParamsBySecurityType
09-18 17:36:09.954 I/SecurityParams####debug(  733): createWpa3PersonalParams
09-18 17:36:09.954 I/ScanResultUtil####debug(  733): check createSecurityParamsBySecurityType
09-18 17:36:09.954 I/ScanResultUtil####debug(  733): call createSecurityParamsBySecurityType
09-18 17:36:09.954 I/SecurityParams####debug(  733): createWpa3PersonalParams
09-18 17:36:09.954 I/ScanResultUtil####debug(  733): check createSecurityParamsBySecurityType
09-18 17:36:09.954 I/ScanResultUtil####debug(  733): call createSecurityParamsBySecurityType
09-18 17:36:09.954 I/SecurityParams####debug(  733): createWpa3PersonalParams
09-18 17:36:09.954 I/ScanResultUtil####debug(  733): check createSecurityParamsBySecurityType
09-18 17:36:09.954 I/ScanResultUtil####debug(  733): call createSecurityParamsBySecurityType
09-18 17:36:09.954 I/SecurityParams####debug(  733): createWpa3PersonalParams
09-18 17:36:09.954 I/ScanResultUtil####debug(  733): check createSecurityParamsBySecurityType
09-18 17:36:09.954 I/ScanResultUtil####debug(  733): call createSecurityParamsBySecurityType
09-18 17:36:09.954 I/SecurityParams####debug(  733): createWpa3PersonalParams
09-18 17:36:09.954 I/ScanResultUtil####debug(  733): check createSecurityParamsBySecurityType
09-18 17:36:09.954 I/ScanResultUtil####debug(  733): call createSecurityParamsBySecurityType
09-18 17:36:09.954 I/SecurityParams####debug(  733): createWpa3PersonalParams
09-18 17:36:09.954 I/ScanResultUtil####debug(  733): check createSecurityParamsBySecurityType
09-18 17:36:09.954 I/ScanResultUtil####debug(  733): call createSecurityParamsBySecurityType
09-18 17:36:09.963 I/kernel  ( 6265): [  237.223888][MTK_V4L2] level=0 vidioc_venc_qbuf(),1318: [4] id=0 getdata FB(2088960,2) vb=000000000c42c7f0 pts=0
09-18 17:36:09.955 I/SecurityParams####debug(  733): createWpa3PersonalParams
09-18 17:36:09.957 I/ScanResultUtil####debug(  733): check createSecurityParamsBySecurityType
09-18 17:36:09.957 I/ScanResultUtil####debug(  733): call createSecurityParamsBySecurityType
09-18 17:36:09.957 I/SecurityParams####debug(  733): createWpa3PersonalParams
09-18 17:36:09.957 I/ScanResultUtil####debug(  733): check createSecurityParamsBySecurityType
09-18 17:36:09.957 I/ScanResultUtil####debug(  733): call createSecurityParamsBySecurityType
09-18 17:36:09.957 I/SecurityParams####debug(  733): createWpa3PersonalParams
09-18 17:36:09.957 I/ScanResultUtil####debug(  733): check createSecurityParamsBySecurityType
09-18 17:36:09.957 I/ScanResultUtil####debug(  733): call createSecurityParamsBySecurityType
09-18 17:36:09.957 I/SecurityParams####debug(  733): createWpa3PersonalParams
09-18 17:36:09.957 I/ScanResultUtil####debug(  733): check createSecurityParamsBySecurityType
09-18 17:36:09.957 I/ScanResultUtil####debug(  733): call createSecurityParamsBySecurityType
09-18 17:36:09.957 I/SecurityParams####debug(  733): createWpa3PersonalParams
09-18 17:36:09.957 I/ScanResultUtil####debug(  733): check createSecurityParamsBySecurityType
09-18 17:36:09.958 I/ScanResultUtil####debug(  733): call createSecurityParamsBySecurityType
09-18 17:36:09.958 I/SecurityParams####debug(  733): createWpa3PersonalParams
09-18 17:36:09.958 I/ScanResultUtil####debug(  733): check createSecurityParamsBySecurityType
09-18 17:36:09.958 I/ScanResultUtil####debug(  733): call createSecurityParamsBySecurityType
09-18 17:36:09.958 I/SecurityParams####debug(  733): createWpa3PersonalParams
09-18 17:36:09.958 I/ScanResultUtil####debug(  733): check createSecurityParamsBySecurityType
09-18 17:36:09.958 I/ScanResultUtil####debug(  733): call createSecurityParamsBySecurityType
09-18 17:36:09.958 I/SecurityParams####debug(  733): createWpa3PersonalParams
09-18 17:36:09.958 D/VCodecVencImpl(  607): [L 572][MtkVencSetConfig]
09-18 17:36:09.958 I/ScanResultUtil####debug(  733): check createSecurityParamsBySecurityType
09-18 17:36:09.958 I/ScanResultUtil####debug(  733): call createSecurityParamsBySecurityType
09-18 17:36:09.958 I/SecurityParams####debug(  733): createWpa3PersonalParams
09-18 17:36:09.958 I/ScanResultUtil####debug(  733): check createSecurityParamsBySecurityType
09-18 17:36:09.958 I/ScanResultUtil####debug(  733): call createSecurityParamsBySecurityType
09-18 17:36:09.958 I/SecurityParams####debug(  733): createWpa3PersonalParams
09-18 17:36:09.958 I/ScanResultUtil####debug(  733): check createSecurityParamsBySecurityType
09-18 17:36:09.958 I/ScanResultUtil####debug(  733): call createSecurityParamsBySecurityType
09-18 17:36:09.958 I/SecurityParams####debug(  733): createWpa3PersonalParams
09-18 17:36:09.958 I/ScanResultUtil####debug(  733): check createSecurityParamsBySecurityType
09-18 17:36:09.959 I/ScanResultUtil####debug(  733): call createSecurityParamsBySecurityType
09-18 17:36:09.959 I/SecurityParams####debug(  733): createWpa3PersonalParams
09-18 17:36:09.959 I/ScanResultUtil####debug(  733): check createSecurityParamsBySecurityType
09-18 17:36:09.960 I/ScanResultUtil####debug(  733): call createSecurityParamsBySecurityType
09-18 17:36:09.960 D/android.hardware.media.c2@1.1-mediatek(  607): [import_mtk_dtv_native_buffer(): 717] mst buffer is secure: 0
09-18 17:36:09.960 I/SecurityParams####debug(  733): createWpa3PersonalParams
09-18 17:36:09.960 D/PasspointManager(  733): ANQP entry not found for: 38:97:a4:64:cb:55:<elecom-64cb54>
09-18 17:36:09.960 D/PasspointManager(  733): No service provider found for elecom-64cb54
09-18 17:36:09.960 I/ScanResultUtil####debug(  733): check createSecurityParamsBySecurityType
09-18 17:36:09.960 I/ScanResultUtil####debug(  733): call createSecurityParamsBySecurityType
09-18 17:36:09.960 I/SecurityParams####debug(  733): createWpa3PersonalParams
09-18 17:36:09.961 D/android.hardware.media.c2@1.1-mediatek(  607): [import_mtk_dtv_native_buffer(): 717] mst buffer is secure: 0
09-18 17:36:09.961 I/ScanResultUtil####debug(  733): check createSecurityParamsBySecurityType
09-18 17:36:09.961 I/ScanResultUtil####debug(  733): call createSecurityParamsBySecurityType
09-18 17:36:09.961 I/SecurityParams####debug(  733): createWpa3PersonalParams
09-18 17:36:09.961 I/ScanResultUtil####debug(  733): check createSecurityParamsBySecurityType
09-18 17:36:09.961 I/ScanResultUtil####debug(  733): call createSecurityParamsBySecurityType
09-18 17:36:09.961 I/SecurityParams####debug(  733): createWpa3PersonalParams
09-18 17:36:09.961 I/ScanResultUtil####debug(  733): check createSecurityParamsBySecurityType
09-18 17:36:09.961 I/ScanResultUtil####debug(  733): call createSecurityParamsBySecurityType
09-18 17:36:09.961 I/SecurityParams####debug(  733): createWpa3PersonalParams
09-18 17:36:09.961 I/ScanResultUtil####debug(  733): check createSecurityParamsBySecurityType
09-18 17:36:09.961 I/ScanResultUtil####debug(  733): call createSecurityParamsBySecurityType
09-18 17:36:09.961 I/SecurityParams####debug(  733): createWpa3PersonalParams
09-18 17:36:09.961 I/ScanResultUtil####debug(  733): check createSecurityParamsBySecurityType
09-18 17:36:09.961 I/ScanResultUtil####debug(  733): call createSecurityParamsBySecurityType
09-18 17:36:09.961 I/SecurityParams####debug(  733): createWpa3PersonalParams
09-18 17:36:09.962 D/PasspointManager(  733): ANQP entry not found for: c4:3c:ea:6c:7b:99:<Buffalo-A-7B90>
09-18 17:36:09.962 D/PasspointManager(  733): No service provider found for Buffalo-A-7B90
09-18 17:36:09.962 I/ScanResultUtil####debug(  733): check createSecurityParamsBySecurityType
09-18 17:36:09.962 I/ScanResultUtil####debug(  733): call createSecurityParamsBySecurityType
09-18 17:36:09.962 I/SecurityParams####debug(  733): createWpa3PersonalParams
09-18 17:36:09.962 I/ScanResultUtil####debug(  733): check createSecurityParamsBySecurityType
09-18 17:36:09.962 I/ScanResultUtil####debug(  733): call createSecurityParamsBySecurityType
09-18 17:36:09.962 I/SecurityParams####debug(  733): createWpa3PersonalParams
09-18 17:36:09.962 I/ScanResultUtil####debug(  733): check createSecurityParamsBySecurityType
09-18 17:36:09.962 I/ScanResultUtil####debug(  733): call createSecurityParamsBySecurityType
09-18 17:36:09.962 I/SecurityParams####debug(  733): createWpa3PersonalParams
09-18 17:36:09.962 I/ScanResultUtil####debug(  733): check createSecurityParamsBySecurityType
09-18 17:36:09.962 I/ScanResultUtil####debug(  733): call createSecurityParamsBySecurityType
09-18 17:36:09.962 I/SecurityParams####debug(  733): createWpa3PersonalParams
09-18 17:36:09.962 I/ScanResultUtil####debug(  733): check createSecurityParamsBySecurityType
09-18 17:36:09.962 I/ScanResultUtil####debug(  733): call createSecurityParamsBySecurityType
09-18 17:36:09.962 I/SecurityParams####debug(  733): createWpa3PersonalParams
09-18 17:36:09.962 I/ScanResultUtil####debug(  733): check createSecurityParamsBySecurityType
09-18 17:36:09.962 I/ScanResultUtil####debug(  733): call createSecurityParamsBySecurityType
09-18 17:36:09.962 I/SecurityParams####debug(  733): createWpa3PersonalParams
09-18 17:36:09.962 I/ScanResultUtil####debug(  733): check createSecurityParamsBySecurityType
09-18 17:36:09.963 I/ScanResultUtil####debug(  733): call createSecurityParamsBySecurityType
09-18 17:36:09.963 I/SecurityParams####debug(  733): createWpa3PersonalParams
09-18 17:36:09.966 I/ScanResultUtil####debug(  733): check createSecurityParamsBySecurityType
09-18 17:36:09.966 I/ScanResultUtil####debug(  733): call createSecurityParamsBySecurityType
09-18 17:36:09.966 I/SecurityParams####debug(  733): createWpa3PersonalParams
09-18 17:36:09.966 I/ScanResultUtil####debug(  733): check createSecurityParamsBySecurityType
09-18 17:36:09.966 I/ScanResultUtil####debug(  733): call createSecurityParamsBySecurityType
09-18 17:36:09.966 I/SecurityParams####debug(  733): createWpa3PersonalParams
09-18 17:36:09.966 I/ScanResultUtil####debug(  733): check createSecurityParamsBySecurityType
09-18 17:36:09.966 I/ScanResultUtil####debug(  733): call createSecurityParamsBySecurityType
09-18 17:36:09.966 I/SecurityParams####debug(  733): createWpa3PersonalParams
09-18 17:36:09.966 I/ScanResultUtil####debug(  733): check createSecurityParamsBySecurityType
09-18 17:36:09.966 I/ScanResultUtil####debug(  733): call createSecurityParamsBySecurityType
09-18 17:36:09.966 I/SecurityParams####debug(  733): createWpa3PersonalParams
09-18 17:36:09.966 I/ScanResultUtil####debug(  733): check createSecurityParamsBySecurityType
09-18 17:36:09.966 I/ScanResultUtil####debug(  733): call createSecurityParamsBySecurityType
09-18 17:36:09.966 I/SecurityParams####debug(  733): createWpa3PersonalParams
09-18 17:36:09.967 I/ScanResultUtil####debug(  733): check createSecurityParamsBySecurityType
09-18 17:36:09.967 I/ScanResultUtil####debug(  733): call createSecurityParamsBySecurityType
09-18 17:36:09.967 I/SecurityParams####debug(  733): createWpa3PersonalParams
09-18 17:36:09.967 I/ScanResultUtil####debug(  733): check createSecurityParamsBySecurityType
09-18 17:36:09.967 I/ScanResultUtil####debug(  733): call createSecurityParamsBySecurityType
09-18 17:36:09.967 I/SecurityParams####debug(  733): createWpa3PersonalParams
09-18 17:36:09.967 I/ScanResultUtil####debug(  733): check createSecurityParamsBySecurityType
09-18 17:36:09.967 I/ScanResultUtil####debug(  733): call createSecurityParamsBySecurityType
09-18 17:36:09.967 I/SecurityParams####debug(  733): createWpa3PersonalParams
09-18 17:36:09.968 D/VCodecVenc(  607): [L 324][EnqueInputBuffer]
09-18 17:36:09.968 I/ScanResultUtil####debug(  733): check createSecurityParamsBySecurityType
09-18 17:36:09.968 I/ScanResultUtil####debug(  733): call createSecurityParamsBySecurityType
09-18 17:36:09.968 I/SecurityParams####debug(  733): createWpa3PersonalParams
09-18 17:36:09.969 I/ScanResultUtil####debug(  733): check createSecurityParamsBySecurityType
09-18 17:36:09.969 I/ScanResultUtil####debug(  733): call createSecurityParamsBySecurityType
09-18 17:36:09.969 I/SecurityParams####debug(  733): createWpa3PersonalParams
09-18 17:36:09.969 I/ScanResultUtil####debug(  733): check createSecurityParamsBySecurityType
09-18 17:36:09.969 I/ScanResultUtil####debug(  733): call createSecurityParamsBySecurityType
09-18 17:36:09.969 I/SecurityParams####debug(  733): createWpa3PersonalParams
09-18 17:36:09.969 I/ScanResultUtil####debug(  733): check createSecurityParamsBySecurityType
09-18 17:36:09.969 I/ScanResultUtil####debug(  733): call createSecurityParamsBySecurityType
09-18 17:36:09.969 I/SecurityParams####debug(  733): createWpa3PersonalParams
09-18 17:36:09.969 I/ScanResultUtil####debug(  733): check createSecurityParamsBySecurityType
09-18 17:36:09.969 I/ScanResultUtil####debug(  733): call createSecurityParamsBySecurityType
09-18 17:36:09.969 I/SecurityParams####debug(  733): createWpa3PersonalParams
09-18 17:36:09.969 I/ScanResultUtil####debug(  733): check createSecurityParamsBySecurityType
09-18 17:36:09.970 I/ScanResultUtil####debug(  733): call createSecurityParamsBySecurityType
09-18 17:36:09.970 I/SecurityParams####debug(  733): createWpa3PersonalParams
09-18 17:36:09.970 I/ScanResultUtil####debug(  733): check createSecurityParamsBySecurityType
09-18 17:36:09.970 I/ScanResultUtil####debug(  733): call createSecurityParamsBySecurityType
09-18 17:36:09.970 I/SecurityParams####debug(  733): createWpa3PersonalParams
09-18 17:36:09.970 I/ScanResultUtil####debug(  733): check createSecurityParamsBySecurityType
09-18 17:36:09.970 I/ScanResultUtil####debug(  733): call createSecurityParamsBySecurityType
09-18 17:36:09.970 I/SecurityParams####debug(  733): createWpa3PersonalParams
09-18 17:36:09.970 I/ScanResultUtil####debug(  733): check createSecurityParamsBySecurityType
09-18 17:36:09.970 I/ScanResultUtil####debug(  733): call createSecurityParamsBySecurityType
09-18 17:36:09.970 I/SecurityParams####debug(  733): createWpa3PersonalParams
09-18 17:36:09.970 I/ScanResultUtil####debug(  733): check createSecurityParamsBySecurityType
09-18 17:36:09.970 I/ScanResultUtil####debug(  733): call createSecurityParamsBySecurityType
09-18 17:36:09.970 I/SecurityParams####debug(  733): createWpa3PersonalParams
09-18 17:36:09.970 I/ScanResultUtil####debug(  733): check createSecurityParamsBySecurityType
09-18 17:36:09.970 I/ScanResultUtil####debug(  733): call createSecurityParamsBySecurityType
09-18 17:36:09.970 I/SecurityParams####debug(  733): createWpa3PersonalParams
09-18 17:36:09.970 I/ScanResultUtil####debug(  733): check createSecurityParamsBySecurityType
09-18 17:36:09.970 I/ScanResultUtil####debug(  733): call createSecurityParamsBySecurityType
09-18 17:36:09.970 I/SecurityParams####debug(  733): createWpa3PersonalParams
09-18 17:36:09.970 I/ScanResultUtil####debug(  733): check createSecurityParamsBySecurityType
09-18 17:36:09.970 I/ScanResultUtil####debug(  733): call createSecurityParamsBySecurityType
09-18 17:36:09.970 I/SecurityParams####debug(  733): createWpa3PersonalParams
09-18 17:36:09.970 I/ScanResultUtil####debug(  733): check createSecurityParamsBySecurityType
09-18 17:36:09.971 I/ScanResultUtil####debug(  733): call createSecurityParamsBySecurityType
09-18 17:36:09.971 I/SecurityParams####debug(  733): createWpa3PersonalParams
09-18 17:36:09.971 I/ScanResultUtil####debug(  733): check createSecurityParamsBySecurityType
09-18 17:36:09.971 I/ScanResultUtil####debug(  733): call createSecurityParamsBySecurityType
09-18 17:36:09.971 I/SecurityParams####debug(  733): createWpa3PersonalParams
09-18 17:36:09.971 I/ScanResultUtil####debug(  733): check createSecurityParamsBySecurityType
09-18 17:36:09.971 I/ScanResultUtil####debug(  733): call createSecurityParamsBySecurityType
09-18 17:36:09.971 I/SecurityParams####debug(  733): createWpa3PersonalParams
09-18 17:36:09.972 I/ScanResultUtil####debug(  733): check createSecurityParamsBySecurityType
09-18 17:36:09.972 I/ScanResultUtil####debug(  733): call createSecurityParamsBySecurityType
09-18 17:36:09.972 I/SecurityParams####debug(  733): createWpa3PersonalParams
09-18 17:36:09.972 I/ScanResultUtil####debug(  733): check createSecurityParamsBySecurityType
09-18 17:36:09.972 I/ScanResultUtil####debug(  733): call createSecurityParamsBySecurityType
09-18 17:36:09.973 I/SecurityParams####debug(  733): createWpa3PersonalParams
09-18 17:36:09.973 I/ScanResultUtil####debug(  733): check createSecurityParamsBySecurityType
09-18 17:36:09.973 I/ScanResultUtil####debug(  733): call createSecurityParamsBySecurityType
09-18 17:36:09.973 I/SecurityParams####debug(  733): createWpa3PersonalParams
09-18 17:36:09.973 I/ScanResultUtil####debug(  733): check createSecurityParamsBySecurityType
09-18 17:36:09.973 I/ScanResultUtil####debug(  733): call createSecurityParamsBySecurityType
09-18 17:36:09.973 I/SecurityParams####debug(  733): createWpa3PersonalParams
09-18 17:36:09.973 I/ScanResultUtil####debug(  733): check createSecurityParamsBySecurityType
09-18 17:36:09.973 I/ScanResultUtil####debug(  733): call createSecurityParamsBySecurityType
09-18 17:36:09.973 I/SecurityParams####debug(  733): createWpa3PersonalParams
09-18 17:36:09.973 I/ScanResultUtil####debug(  733): check createSecurityParamsBySecurityType
09-18 17:36:09.973 I/ScanResultUtil####debug(  733): call createSecurityParamsBySecurityType
09-18 17:36:09.973 I/SecurityParams####debug(  733): createWpa3PersonalParams
09-18 17:36:09.973 I/ScanResultUtil####debug(  733): check createSecurityParamsBySecurityType
09-18 17:36:09.973 I/ScanResultUtil####debug(  733): call createSecurityParamsBySecurityType
09-18 17:36:09.973 I/SecurityParams####debug(  733): createWpa3PersonalParams
09-18 17:36:09.973 D/PasspointManager(  733): ANQP entry not found for: 38:97:a4:64:cb:56:<elecom-64cb54>
09-18 17:36:09.973 D/PasspointManager(  733): No service provider found for elecom-64cb54
09-18 17:36:09.974 I/ScanResultUtil####debug(  733): check createSecurityParamsBySecurityType
09-18 17:36:09.974 I/ScanResultUtil####debug(  733): call createSecurityParamsBySecurityType
09-18 17:36:09.974 I/SecurityParams####debug(  733): createWpa3PersonalParams
09-18 17:36:09.974 I/ScanResultUtil####debug(  733): check createSecurityParamsBySecurityType
09-18 17:36:09.974 I/ScanResultUtil####debug(  733): call createSecurityParamsBySecurityType
09-18 17:36:09.974 I/SecurityParams####debug(  733): createWpa3PersonalParams
09-18 17:36:09.974 I/ScanResultUtil####debug(  733): check createSecurityParamsBySecurityType
09-18 17:36:09.974 I/ScanResultUtil####debug(  733): call createSecurityParamsBySecurityType
09-18 17:36:09.974 I/SecurityParams####debug(  733): createWpa3PersonalParams
09-18 17:36:09.974 I/ScanResultUtil####debug(  733): check createSecurityParamsBySecurityType
09-18 17:36:09.974 I/ScanResultUtil####debug(  733): call createSecurityParamsBySecurityType
09-18 17:36:09.974 I/SecurityParams####debug(  733): createWpa3PersonalParams
09-18 17:36:09.974 I/ScanResultUtil####debug(  733): check createSecurityParamsBySecurityType
09-18 17:36:09.974 I/ScanResultUtil####debug(  733): call createSecurityParamsBySecurityType
09-18 17:36:09.974 I/SecurityParams####debug(  733): createWpa3PersonalParams
09-18 17:36:09.974 I/ScanResultUtil####debug(  733): check createSecurityParamsBySecurityType
09-18 17:36:09.974 I/ScanResultUtil####debug(  733): call createSecurityParamsBySecurityType
09-18 17:36:09.974 I/SecurityParams####debug(  733): createWpa3PersonalParams
09-18 17:36:09.974 I/ScanResultUtil####debug(  733): check createSecurityParamsBySecurityType
09-18 17:36:09.974 I/ScanResultUtil####debug(  733): call createSecurityParamsBySecurityType
09-18 17:36:09.974 I/SecurityParams####debug(  733): createWpa3PersonalParams
09-18 17:36:09.974 I/ScanResultUtil####debug(  733): check createSecurityParamsBySecurityType
09-18 17:36:09.975 I/ScanResultUtil####debug(  733): call createSecurityParamsBySecurityType
09-18 17:36:09.975 I/SecurityParams####debug(  733): createWpa3PersonalParams
09-18 17:36:09.975 I/ScanResultUtil####debug(  733): check createSecurityParamsBySecurityType
09-18 17:36:09.975 I/ScanResultUtil####debug(  733): call createSecurityParamsBySecurityType
09-18 17:36:09.975 I/SecurityParams####debug(  733): createWpa3PersonalParams
09-18 17:36:09.975 I/ScanResultUtil####debug(  733): check createSecurityParamsBySecurityType
09-18 17:36:09.975 I/ScanResultUtil####debug(  733): call createSecurityParamsBySecurityType
09-18 17:36:09.975 I/SecurityParams####debug(  733): createWpa3PersonalParams
09-18 17:36:09.975 I/ScanResultUtil####debug(  733): check createSecurityParamsBySecurityType
09-18 17:36:09.976 I/ScanResultUtil####debug(  733): call createSecurityParamsBySecurityType
09-18 17:36:09.976 I/SecurityParams####debug(  733): createWpa3PersonalParams
09-18 17:36:09.976 I/ScanResultUtil####debug(  733): check createSecurityParamsBySecurityType
09-18 17:36:09.976 I/ScanResultUtil####debug(  733): call createSecurityParamsBySecurityType
09-18 17:36:09.976 I/SecurityParams####debug(  733): createWpa3PersonalParams
09-18 17:36:09.976 I/ScanResultUtil####debug(  733): check createSecurityParamsBySecurityType
09-18 17:36:09.976 I/ScanResultUtil####debug(  733): call createSecurityParamsBySecurityType
09-18 17:36:09.976 I/SecurityParams####debug(  733): createWpa3PersonalParams
09-18 17:36:09.976 I/ScanResultUtil####debug(  733): check createSecurityParamsBySecurityType
09-18 17:36:09.977 I/ScanResultUtil####debug(  733): call createSecurityParamsBySecurityType
09-18 17:36:09.977 I/SecurityParams####debug(  733): createWpa3PersonalParams
09-18 17:36:09.977 I/ScanResultUtil####debug(  733): check createSecurityParamsBySecurityType
09-18 17:36:09.977 I/ScanResultUtil####debug(  733): call createSecurityParamsBySecurityType
09-18 17:36:09.977 I/SecurityParams####debug(  733): createWpa3PersonalParams
09-18 17:36:09.977 I/ScanResultUtil####debug(  733): check createSecurityParamsBySecurityType
09-18 17:36:09.977 I/ScanResultUtil####debug(  733): call createSecurityParamsBySecurityType
09-18 17:36:09.977 I/SecurityParams####debug(  733): createWpa3PersonalParams
09-18 17:36:09.977 I/ScanResultUtil####debug(  733): check createSecurityParamsBySecurityType
09-18 17:36:09.977 I/ScanResultUtil####debug(  733): call createSecurityParamsBySecurityType
09-18 17:36:09.977 I/SecurityParams####debug(  733): createWpa3PersonalParams
09-18 17:36:09.978 I/ScanResultUtil####debug(  733): check createSecurityParamsBySecurityType
09-18 17:36:09.979 I/ScanResultUtil####debug(  733): call createSecurityParamsBySecurityType
09-18 17:36:09.979 I/SecurityParams####debug(  733): createWpa3PersonalParams
09-18 17:36:09.981 I/ScanResultUtil####debug(  733): check createSecurityParamsBySecurityType
09-18 17:36:09.981 I/ScanResultUtil####debug(  733): call createSecurityParamsBySecurityType
09-18 17:36:09.981 I/SecurityParams####debug(  733): createWpa3PersonalParams
09-18 17:36:09.981 I/ScanResultUtil####debug(  733): check createSecurityParamsBySecurityType
09-18 17:36:09.982 I/ScanResultUtil####debug(  733): call createSecurityParamsBySecurityType
09-18 17:36:09.982 I/SecurityParams####debug(  733): createWpa3PersonalParams
09-18 17:36:09.982 I/ScanResultUtil####debug(  733): check createSecurityParamsBySecurityType
09-18 17:36:09.982 I/ScanResultUtil####debug(  733): call createSecurityParamsBySecurityType
09-18 17:36:09.993 I/kernel  ( 6265): [  237.254335][MTK_V4L2] level=0 vidioc_venc_qbuf(),1318: [4] id=0 getdata FB(2088960,2) vb=000000000c42c7f0 pts=0
09-18 17:36:09.982 I/SecurityParams####debug(  733): createWpa3PersonalParams
09-18 17:36:09.982 I/ScanResultUtil####debug(  733): check createSecurityParamsBySecurityType
09-18 17:36:09.982 I/ScanResultUtil####debug(  733): call createSecurityParamsBySecurityType
09-18 17:36:09.982 I/SecurityParams####debug(  733): createWpa3PersonalParams
09-18 17:36:09.982 I/ScanResultUtil####debug(  733): check createSecurityParamsBySecurityType
09-18 17:36:09.982 I/ScanResultUtil####debug(  733): call createSecurityParamsBySecurityType
09-18 17:36:09.982 I/SecurityParams####debug(  733): createWpa3PersonalParams
09-18 17:36:09.982 I/ScanResultUtil####debug(  733): check createSecurityParamsBySecurityType
09-18 17:36:09.983 I/ScanResultUtil####debug(  733): call createSecurityParamsBySecurityType
09-18 17:36:09.983 I/SecurityParams####debug(  733): createWpa3PersonalParams
09-18 17:36:09.983 I/ScanResultUtil####debug(  733): check createSecurityParamsBySecurityType
09-18 17:36:09.983 I/ScanResultUtil####debug(  733): call createSecurityParamsBySecurityType
09-18 17:36:09.983 I/SecurityParams####debug(  733): createWpa3PersonalParams
09-18 17:36:09.983 I/ScanResultUtil####debug(  733): check createSecurityParamsBySecurityType
09-18 17:36:09.983 I/ScanResultUtil####debug(  733): call createSecurityParamsBySecurityType
09-18 17:36:09.983 I/SecurityParams####debug(  733): createWpa3PersonalParams
09-18 17:36:09.985 I/ScanResultUtil####debug(  733): check createSecurityParamsBySecurityType
09-18 17:36:09.985 I/ScanResultUtil####debug(  733): call createSecurityParamsBySecurityType
09-18 17:36:09.985 I/SecurityParams####debug(  733): createWpa3PersonalParams
09-18 17:36:09.985 I/ScanResultUtil####debug(  733): check createSecurityParamsBySecurityType
09-18 17:36:09.985 I/ScanResultUtil####debug(  733): call createSecurityParamsBySecurityType
09-18 17:36:09.985 I/SecurityParams####debug(  733): createWpa3PersonalParams
09-18 17:36:09.985 I/ScanResultUtil####debug(  733): check createSecurityParamsBySecurityType
09-18 17:36:09.985 I/ScanResultUtil####debug(  733): call createSecurityParamsBySecurityType
09-18 17:36:09.985 I/SecurityParams####debug(  733): createWpa3PersonalParams
09-18 17:36:09.985 I/ScanResultUtil####debug(  733): check createSecurityParamsBySecurityType
09-18 17:36:09.985 I/ScanResultUtil####debug(  733): call createSecurityParamsBySecurityType
09-18 17:36:09.985 I/SecurityParams####debug(  733): createWpa3PersonalParams
09-18 17:36:09.985 I/ScanResultUtil####debug(  733): check createSecurityParamsBySecurityType
09-18 17:36:09.985 I/ScanResultUtil####debug(  733): call createSecurityParamsBySecurityType
09-18 17:36:09.985 I/SecurityParams####debug(  733): createWpa3PersonalParams
09-18 17:36:09.985 I/ScanResultUtil####debug(  733): check createSecurityParamsBySecurityType
09-18 17:36:09.986 I/ScanResultUtil####debug(  733): call createSecurityParamsBySecurityType
09-18 17:36:09.986 I/SecurityParams####debug(  733): createWpa3PersonalParams
09-18 17:36:09.986 I/ScanResultUtil####debug(  733): check createSecurityParamsBySecurityType
09-18 17:36:09.986 I/ScanResultUtil####debug(  733): call createSecurityParamsBySecurityType
09-18 17:36:09.986 I/SecurityParams####debug(  733): createWpa3PersonalParams
09-18 17:36:09.986 I/ScanResultUtil####debug(  733): check createSecurityParamsBySecurityType
09-18 17:36:09.986 I/ScanResultUtil####debug(  733): call createSecurityParamsBySecurityType
09-18 17:36:09.986 I/SecurityParams####debug(  733): createWpa3PersonalParams
09-18 17:36:09.986 I/ScanResultUtil####debug(  733): check createSecurityParamsBySecurityType
09-18 17:36:09.986 I/ScanResultUtil####debug(  733): call createSecurityParamsBySecurityType
09-18 17:36:09.986 I/SecurityParams####debug(  733): createWpa3PersonalParams
09-18 17:36:09.986 D/PasspointManager(  733): ANQP entry not found for: 84:e8:cb:a3:c9:38:<Buffalo-5G-C930>
09-18 17:36:09.986 D/PasspointManager(  733): No service provider found for Buffalo-5G-C930
09-18 17:36:09.986 I/ScanResultUtil####debug(  733): check createSecurityParamsBySecurityType
09-18 17:36:09.986 I/ScanResultUtil####debug(  733): call createSecurityParamsBySecurityType
09-18 17:36:09.986 I/SecurityParams####debug(  733): createWpa3PersonalParams
09-18 17:36:09.987 I/ScanResultUtil####debug(  733): check createSecurityParamsBySecurityType
09-18 17:36:09.988 I/ScanResultUtil####debug(  733): call createSecurityParamsBySecurityType
09-18 17:36:09.988 I/SecurityParams####debug(  733): createWpa3PersonalParams
09-18 17:36:09.988 D/VCodecVencImpl(  607): [L 572][MtkVencSetConfig]
09-18 17:36:09.988 D/PasspointManager(  733): ANQP entry not found for: 84:e8:cb:a3:c9:39:<>
09-18 17:36:09.988 D/PasspointManager(  733): No service provider found for 
09-18 17:36:09.989 D/android.hardware.media.c2@1.1-mediatek(  607): [import_mtk_dtv_native_buffer(): 717] mst buffer is secure: 0
09-18 17:36:09.989 D/android.hardware.media.c2@1.1-mediatek(  607): [import_mtk_dtv_native_buffer(): 717] mst buffer is secure: 0
09-18 17:36:09.991 I/ScanResultUtil####debug(  733): check createSecurityParamsBySecurityType
09-18 17:36:09.991 I/ScanResultUtil####debug(  733): call createSecurityParamsBySecurityType
09-18 17:36:09.991 I/SecurityParams####debug(  733): createWpa3PersonalParams
09-18 17:36:09.991 I/ScanResultUtil####debug(  733): check createSecurityParamsBySecurityType
09-18 17:36:09.991 I/ScanResultUtil####debug(  733): call createSecurityParamsBySecurityType
09-18 17:36:09.991 I/SecurityParams####debug(  733): createWpa3PersonalParams
09-18 17:36:09.991 I/ScanResultUtil####debug(  733): check createSecurityParamsBySecurityType
09-18 17:36:09.991 I/ScanResultUtil####debug(  733): call createSecurityParamsBySecurityType
09-18 17:36:09.991 I/SecurityParams####debug(  733): createWpa3PersonalParams
09-18 17:36:09.992 I/ScanResultUtil####debug(  733): check createSecurityParamsBySecurityType
09-18 17:36:09.992 I/ScanResultUtil####debug(  733): check createSecurityParamsBySecurityType
09-18 17:36:09.992 I/ScanResultUtil####debug(  733): call createSecurityParamsBySecurityType
09-18 17:36:09.992 I/SecurityParams####debug(  733): createWpa3PersonalParams
09-18 17:36:09.992 I/ScanResultUtil####debug(  733): check createSecurityParamsBySecurityType
09-18 17:36:09.993 I/ScanResultUtil####debug(  733): call createSecurityParamsBySecurityType
09-18 17:36:09.993 I/SecurityParams####debug(  733): createWpa3PersonalParams
09-18 17:36:09.993 D/VCodecVenc(  607): [L 324][EnqueInputBuffer]
09-18 17:36:09.993 I/ScanResultUtil####debug(  733): check createSecurityParamsBySecurityType
09-18 17:36:09.997 I/ScanResultUtil####debug(  733): check createSecurityParamsBySecurityType
09-18 17:36:09.998 I/ScanResultUtil####debug(  733): check createSecurityParamsBySecurityType
09-18 17:36:09.998 I/ScanResultUtil####debug(  733): check createSecurityParamsBySecurityType
09-18 17:36:09.998 I/ScanResultUtil####debug(  733): check createSecurityParamsBySecurityType
09-18 17:36:09.998 I/ScanResultUtil####debug(  733): call createSecurityParamsBySecurityType
09-18 17:36:09.998 I/SecurityParams####debug(  733): createWpa3PersonalParams
09-18 17:36:09.999 I/ScanResultUtil####debug(  733): check createSecurityParamsBySecurityType
09-18 17:36:09.999 I/ScanResultUtil####debug(  733): call createSecurityParamsBySecurityType
09-18 17:36:09.999 I/SecurityParams####debug(  733): createWpa3PersonalParams
09-18 17:36:09.999 I/ScanResultUtil####debug(  733): check createSecurityParamsBySecurityType
09-18 17:36:09.999 I/ScanResultUtil####debug(  733): check createSecurityParamsBySecurityType
09-18 17:36:09.999 I/ScanResultUtil####debug(  733): check createSecurityParamsBySecurityType
09-18 17:36:09.999 I/ScanResultUtil####debug(  733): call createSecurityParamsBySecurityType
09-18 17:36:09.999 I/SecurityParams####debug(  733): createWpa3PersonalParams
09-18 17:36:09.999 I/ScanResultUtil####debug(  733): check createSecurityParamsBySecurityType
09-18 17:36:10.000 I/ScanResultUtil####debug(  733): check createSecurityParamsBySecurityType
09-18 17:36:10.000 I/ScanResultUtil####debug(  733): call createSecurityParamsBySecurityType
09-18 17:36:10.000 I/SecurityParams####debug(  733): createWpa3PersonalParams
09-18 17:36:10.000 I/ScanResultUtil####debug(  733): check createSecurityParamsBySecurityType
09-18 17:36:10.000 I/ScanResultUtil####debug(  733): call createSecurityParamsBySecurityType
09-18 17:36:10.000 I/SecurityParams####debug(  733): createWpa3PersonalParams
09-18 17:36:10.001 I/ScanResultUtil####debug(  733): check createSecurityParamsBySecurityType
09-18 17:36:10.001 I/ScanResultUtil####debug(  733): check createSecurityParamsBySecurityType
09-18 17:36:10.001 I/ScanResultUtil####debug(  733): check createSecurityParamsBySecurityType
09-18 17:36:10.001 I/ScanResultUtil####debug(  733): call createSecurityParamsBySecurityType
09-18 17:36:10.001 I/SecurityParams####debug(  733): createWpa3PersonalParams
09-18 17:36:10.001 I/ScanResultUtil####debug(  733): check createSecurityParamsBySecurityType
09-18 17:36:10.001 I/ScanResultUtil####debug(  733): call createSecurityParamsBySecurityType
09-18 17:36:10.001 I/SecurityParams####debug(  733): createWpa3PersonalParams
09-18 17:36:10.001 I/ScanResultUtil####debug(  733): check createSecurityParamsBySecurityType
09-18 17:36:10.001 I/ScanResultUtil####debug(  733): call createSecurityParamsBySecurityType
09-18 17:36:10.001 I/SecurityParams####debug(  733): createWpa3PersonalParams
09-18 17:36:10.001 I/ScanResultUtil####debug(  733): check createSecurityParamsBySecurityType
09-18 17:36:10.001 I/ScanResultUtil####debug(  733): call createSecurityParamsBySecurityType
09-18 17:36:10.001 I/SecurityParams####debug(  733): createWpa3PersonalParams
09-18 17:36:10.001 I/ScanResultUtil####debug(  733): check createSecurityParamsBySecurityType
09-18 17:36:10.001 I/ScanResultUtil####debug(  733): call createSecurityParamsBySecurityType
09-18 17:36:10.001 I/SecurityParams####debug(  733): createWpa3PersonalParams
09-18 17:36:10.001 I/ScanResultUtil####debug(  733): check createSecurityParamsBySecurityType
09-18 17:36:10.001 I/ScanResultUtil####debug(  733): call createSecurityParamsBySecurityType
09-18 17:36:10.001 I/SecurityParams####debug(  733): createWpa3PersonalParams
09-18 17:36:10.002 I/ScanResultUtil####debug(  733): check createSecurityParamsBySecurityType
09-18 17:36:10.002 I/ScanResultUtil####debug(  733): check createSecurityParamsBySecurityType
09-18 17:36:10.002 I/ScanResultUtil####debug(  733): check createSecurityParamsBySecurityType
09-18 17:36:10.002 I/ScanResultUtil####debug(  733): call createSecurityParamsBySecurityType
09-18 17:36:10.002 I/SecurityParams####debug(  733): createWpa3PersonalParams
09-18 17:36:10.002 I/ScanResultUtil####debug(  733): check createSecurityParamsBySecurityType
09-18 17:36:10.002 I/ScanResultUtil####debug(  733): call createSecurityParamsBySecurityType
09-18 17:36:10.002 I/SecurityParams####debug(  733): createWpa3PersonalParams
09-18 17:36:10.002 I/ScanResultUtil####debug(  733): check createSecurityParamsBySecurityType
09-18 17:36:10.002 I/ScanResultUtil####debug(  733): call createSecurityParamsBySecurityType
09-18 17:36:10.002 I/SecurityParams####debug(  733): createWpa3PersonalParams
09-18 17:36:10.002 I/ScanResultUtil####debug(  733): check createSecurityParamsBySecurityType
09-18 17:36:10.002 I/ScanResultUtil####debug(  733): call createSecurityParamsBySecurityType
09-18 17:36:10.002 I/SecurityParams####debug(  733): createWpa3PersonalParams
09-18 17:36:10.002 I/ScanResultUtil####debug(  733): check createSecurityParamsBySecurityType
09-18 17:36:10.002 I/ScanResultUtil####debug(  733): call createSecurityParamsBySecurityType
09-18 17:36:10.002 I/SecurityParams####debug(  733): createWpa3PersonalParams
09-18 17:36:10.002 I/ScanResultUtil####debug(  733): check createSecurityParamsBySecurityType
09-18 17:36:10.002 I/ScanResultUtil####debug(  733): call createSecurityParamsBySecurityType
09-18 17:36:10.002 I/SecurityParams####debug(  733): createWpa3PersonalParams
09-18 17:36:10.002 I/ScanResultUtil####debug(  733): check createSecurityParamsBySecurityType
09-18 17:36:10.002 I/ScanResultUtil####debug(  733): call createSecurityParamsBySecurityType
09-18 17:36:10.003 I/SecurityParams####debug(  733): createWpa3PersonalParams
09-18 17:36:10.003 I/ScanResultUtil####debug(  733): check createSecurityParamsBySecurityType
09-18 17:36:10.003 I/ScanResultUtil####debug(  733): call createSecurityParamsBySecurityType
09-18 17:36:10.003 I/SecurityParams####debug(  733): createWpa3PersonalParams
09-18 17:36:10.003 I/ScanResultUtil####debug(  733): check createSecurityParamsBySecurityType
09-18 17:36:10.003 I/ScanResultUtil####debug(  733): check createSecurityParamsBySecurityType
09-18 17:36:10.003 I/ScanResultUtil####debug(  733): check createSecurityParamsBySecurityType
09-18 17:36:10.003 I/ScanResultUtil####debug(  733): check createSecurityParamsBySecurityType
09-18 17:36:10.003 I/ScanResultUtil####debug(  733): check createSecurityParamsBySecurityType
09-18 17:36:10.003 I/ScanResultUtil####debug(  733): check createSecurityParamsBySecurityType
09-18 17:36:10.003 I/ScanResultUtil####debug(  733): check createSecurityParamsBySecurityType
09-18 17:36:10.003 I/ScanResultUtil####debug(  733): call createSecurityParamsBySecurityType
09-18 17:36:10.024 I/kernel  ( 6265): [  237.284763][MTK_V4L2] level=0 vidioc_venc_qbuf(),1318: [4] id=0 getdata FB(2088960,2) vb=000000000c42c7f0 pts=0
09-18 17:36:10.004 I/SecurityParams####debug(  733): createWpa3PersonalParams
09-18 17:36:10.004 I/ScanResultUtil####debug(  733): check createSecurityParamsBySecurityType
09-18 17:36:10.004 I/ScanResultUtil####debug(  733): call createSecurityParamsBySecurityType
09-18 17:36:10.004 I/SecurityParams####debug(  733): createWpa3PersonalParams
09-18 17:36:10.004 I/ScanResultUtil####debug(  733): check createSecurityParamsBySecurityType
09-18 17:36:10.004 I/ScanResultUtil####debug(  733): check createSecurityParamsBySecurityType
09-18 17:36:10.004 I/ScanResultUtil####debug(  733): check createSecurityParamsBySecurityType
09-18 17:36:10.004 I/ScanResultUtil####debug(  733): call createSecurityParamsBySecurityType
09-18 17:36:10.004 I/SecurityParams####debug(  733): createWpa3PersonalParams
09-18 17:36:10.004 I/ScanResultUtil####debug(  733): check createSecurityParamsBySecurityType
09-18 17:36:10.004 I/ScanResultUtil####debug(  733): call createSecurityParamsBySecurityType
09-18 17:36:10.004 I/SecurityParams####debug(  733): createWpa3PersonalParams
09-18 17:36:10.004 I/ScanResultUtil####debug(  733): check createSecurityParamsBySecurityType
09-18 17:36:10.004 I/ScanResultUtil####debug(  733): check createSecurityParamsBySecurityType
09-18 17:36:10.004 I/ScanResultUtil####debug(  733): check createSecurityParamsBySecurityType
09-18 17:36:10.004 I/ScanResultUtil####debug(  733): check createSecurityParamsBySecurityType
09-18 17:36:10.005 I/ScanResultUtil####debug(  733): check createSecurityParamsBySecurityType
09-18 17:36:10.005 I/ScanResultUtil####debug(  733): call createSecurityParamsBySecurityType
09-18 17:36:10.005 I/SecurityParams####debug(  733): createWpa3PersonalParams
09-18 17:36:10.005 I/ScanResultUtil####debug(  733): check createSecurityParamsBySecurityType
09-18 17:36:10.005 I/ScanResultUtil####debug(  733): call createSecurityParamsBySecurityType
09-18 17:36:10.005 I/SecurityParams####debug(  733): createWpa3PersonalParams
09-18 17:36:10.005 I/ScanResultUtil####debug(  733): check createSecurityParamsBySecurityType
09-18 17:36:10.005 I/ScanResultUtil####debug(  733): check createSecurityParamsBySecurityType
09-18 17:36:10.005 I/ScanResultUtil####debug(  733): check createSecurityParamsBySecurityType
09-18 17:36:10.005 I/ScanResultUtil####debug(  733): call createSecurityParamsBySecurityType
09-18 17:36:10.005 I/SecurityParams####debug(  733): createWpa3PersonalParams
09-18 17:36:10.005 I/ScanResultUtil####debug(  733): check createSecurityParamsBySecurityType
09-18 17:36:10.005 I/ScanResultUtil####debug(  733): call createSecurityParamsBySecurityType
09-18 17:36:10.005 I/SecurityParams####debug(  733): createWpa3PersonalParams
09-18 17:36:10.005 I/ScanResultUtil####debug(  733): check createSecurityParamsBySecurityType
09-18 17:36:10.005 I/ScanResultUtil####debug(  733): check createSecurityParamsBySecurityType
09-18 17:36:10.005 I/ScanResultUtil####debug(  733): call createSecurityParamsBySecurityType
09-18 17:36:10.005 I/SecurityParams####debug(  733): createWpa3PersonalParams
09-18 17:36:10.005 I/ScanResultUtil####debug(  733): check createSecurityParamsBySecurityType
09-18 17:36:10.005 I/ScanResultUtil####debug(  733): check createSecurityParamsBySecurityType
09-18 17:36:10.005 I/ScanResultUtil####debug(  733): check createSecurityParamsBySecurityType
09-18 17:36:10.006 I/ScanResultUtil####debug(  733): call createSecurityParamsBySecurityType
09-18 17:36:10.006 I/SecurityParams####debug(  733): createWpa3PersonalParams
09-18 17:36:10.006 I/ScanResultUtil####debug(  733): check createSecurityParamsBySecurityType
09-18 17:36:10.006 I/ScanResultUtil####debug(  733): call createSecurityParamsBySecurityType
09-18 17:36:10.006 I/SecurityParams####debug(  733): createWpa3PersonalParams
09-18 17:36:10.006 I/ScanResultUtil####debug(  733): check createSecurityParamsBySecurityType
09-18 17:36:10.006 I/ScanResultUtil####debug(  733): check createSecurityParamsBySecurityType
09-18 17:36:10.006 I/ScanResultUtil####debug(  733): check createSecurityParamsBySecurityType
09-18 17:36:10.006 I/ScanResultUtil####debug(  733): call createSecurityParamsBySecurityType
09-18 17:36:10.006 I/SecurityParams####debug(  733): createWpa3PersonalParams
09-18 17:36:10.006 I/ScanResultUtil####debug(  733): check createSecurityParamsBySecurityType
09-18 17:36:10.006 I/ScanResultUtil####debug(  733): call createSecurityParamsBySecurityType
09-18 17:36:10.006 I/SecurityParams####debug(  733): createWpa3PersonalParams
09-18 17:36:10.006 I/ScanResultUtil####debug(  733): check createSecurityParamsBySecurityType
09-18 17:36:10.006 I/ScanResultUtil####debug(  733): call createSecurityParamsBySecurityType
09-18 17:36:10.006 I/SecurityParams####debug(  733): createWpa3PersonalParams
09-18 17:36:10.006 I/ScanResultUtil####debug(  733): check createSecurityParamsBySecurityType
09-18 17:36:10.006 I/ScanResultUtil####debug(  733): call createSecurityParamsBySecurityType
09-18 17:36:10.006 I/SecurityParams####debug(  733): createWpa3PersonalParams
09-18 17:36:10.006 I/ScanResultUtil####debug(  733): check createSecurityParamsBySecurityType
09-18 17:36:10.006 I/ScanResultUtil####debug(  733): call createSecurityParamsBySecurityType
09-18 17:36:10.006 I/SecurityParams####debug(  733): createWpa3PersonalParams
09-18 17:36:10.006 I/ScanResultUtil####debug(  733): check createSecurityParamsBySecurityType
09-18 17:36:10.006 I/ScanResultUtil####debug(  733): call createSecurityParamsBySecurityType
09-18 17:36:10.006 I/SecurityParams####debug(  733): createWpa3PersonalParams
09-18 17:36:10.007 I/ScanResultUtil####debug(  733): check createSecurityParamsBySecurityType
09-18 17:36:10.007 I/ScanResultUtil####debug(  733): check createSecurityParamsBySecurityType
09-18 17:36:10.007 I/ScanResultUtil####debug(  733): call createSecurityParamsBySecurityType
09-18 17:36:10.007 I/SecurityParams####debug(  733): createWpa3PersonalParams
09-18 17:36:10.007 I/ScanResultUtil####debug(  733): check createSecurityParamsBySecurityType
09-18 17:36:10.007 I/ScanResultUtil####debug(  733): call createSecurityParamsBySecurityType
09-18 17:36:10.007 I/SecurityParams####debug(  733): createWpa3PersonalParams
09-18 17:36:10.007 I/ScanResultUtil####debug(  733): check createSecurityParamsBySecurityType
09-18 17:36:10.007 I/ScanResultUtil####debug(  733): check createSecurityParamsBySecurityType
09-18 17:36:10.007 I/ScanResultUtil####debug(  733): check createSecurityParamsBySecurityType
09-18 17:36:10.007 I/ScanResultUtil####debug(  733): call createSecurityParamsBySecurityType
09-18 17:36:10.007 I/SecurityParams####debug(  733): createWpa3PersonalParams
09-18 17:36:10.008 I/ScanResultUtil####debug(  733): check createSecurityParamsBySecurityType
09-18 17:36:10.008 I/ScanResultUtil####debug(  733): call createSecurityParamsBySecurityType
09-18 17:36:10.008 I/SecurityParams####debug(  733): createWpa3PersonalParams
09-18 17:36:10.008 I/ScanResultUtil####debug(  733): check createSecurityParamsBySecurityType
09-18 17:36:10.008 I/ScanResultUtil####debug(  733): check createSecurityParamsBySecurityType
09-18 17:36:10.008 I/ScanResultUtil####debug(  733): check createSecurityParamsBySecurityType
09-18 17:36:10.008 I/ScanResultUtil####debug(  733): call createSecurityParamsBySecurityType
09-18 17:36:10.008 I/SecurityParams####debug(  733): createWpa3PersonalParams
09-18 17:36:10.008 I/ScanResultUtil####debug(  733): check createSecurityParamsBySecurityType
09-18 17:36:10.008 I/ScanResultUtil####debug(  733): call createSecurityParamsBySecurityType
09-18 17:36:10.008 I/SecurityParams####debug(  733): createWpa3PersonalParams
09-18 17:36:10.008 I/ScanResultUtil####debug(  733): check createSecurityParamsBySecurityType
09-18 17:36:10.008 I/ScanResultUtil####debug(  733): call createSecurityParamsBySecurityType
09-18 17:36:10.008 I/SecurityParams####debug(  733): createWpa3PersonalParams
09-18 17:36:10.008 I/ScanResultUtil####debug(  733): check createSecurityParamsBySecurityType
09-18 17:36:10.008 I/ScanResultUtil####debug(  733): call createSecurityParamsBySecurityType
09-18 17:36:10.008 I/SecurityParams####debug(  733): createWpa3PersonalParams
09-18 17:36:10.009 I/ScanResultUtil####debug(  733): check createSecurityParamsBySecurityType
09-18 17:36:10.009 I/ScanResultUtil####debug(  733): check createSecurityParamsBySecurityType
09-18 17:36:10.009 I/ScanResultUtil####debug(  733): call createSecurityParamsBySecurityType
09-18 17:36:10.009 I/SecurityParams####debug(  733): createWpa3PersonalParams
09-18 17:36:10.009 I/ScanResultUtil####debug(  733): check createSecurityParamsBySecurityType
09-18 17:36:10.009 I/ScanResultUtil####debug(  733): call createSecurityParamsBySecurityType
09-18 17:36:10.010 I/SecurityParams####debug(  733): createWpa3PersonalParams
09-18 17:36:10.010 I/ScanResultUtil####debug(  733): check createSecurityParamsBySecurityType
09-18 17:36:10.010 I/ScanResultUtil####debug(  733): check createSecurityParamsBySecurityType
09-18 17:36:10.010 I/ScanResultUtil####debug(  733): check createSecurityParamsBySecurityType
09-18 17:36:10.010 I/ScanResultUtil####debug(  733): call createSecurityParamsBySecurityType
09-18 17:36:10.010 I/SecurityParams####debug(  733): createWpa3PersonalParams
09-18 17:36:10.010 I/ScanResultUtil####debug(  733): check createSecurityParamsBySecurityType
09-18 17:36:10.010 I/ScanResultUtil####debug(  733): call createSecurityParamsBySecurityType
09-18 17:36:10.010 I/SecurityParams####debug(  733): createWpa3PersonalParams
