09-17 19:03:31.713 D/wpa_supplicant( 1178): wlan0: BSS: Add new id 38531 BSSID 60:84:bd:9e:81:78 SSID 'Buffalo-G-8178' freq 2422
09-17 19:03:31.713 D/wpa_supplicant( 1178): wlan0: BSS: Remove id 38334 BSSID e4:4e:2d:64:30:cc SSID 'EngN' due to wpa_bss_remove_oldest_unknown
09-17 19:03:31.713 D/wpa_supplicant( 1178): wlan0: BSS: Add new id 38532 BSSID 1c:b1:7f:e0:1d:3e SSID 'Aterm-WG1400HP_G' freq 2437
09-17 19:03:31.713 D/wpa_supplicant( 1178): wlan0: BSS: Remove id 38335 BSSID e4:4e:2d:7c:9c:ae SSID 'GuestNet' due to wpa_bss_remove_oldest_unknown
09-17 19:03:31.713 D/wpa_supplicant( 1178): wlan0: BSS: Add new id 38533 BSSID 48:f8:b3:a5:e4:fe SSID 'Devlink_Linksys_2GHz' freq 2432
09-17 19:03:31.713 D/wpa_supplicant( 1178): wlan0: BSS: Remove id 38336 BSSID 1c:d1:e0:dc:8e:4c SSID 'EngN' due to wpa_bss_remove_oldest_unknown
09-17 19:03:31.713 W/IE_Capabilities(  702): Unknown RSN cipher suite: 6ac0f00
09-17 19:03:31.713 D/wpa_supplicant( 1178): wlan0: BSS: Add new id 38534 BSSID 58:52:8a:47:85:a2 SSID 'rs500m-47859f-1' freq 2412
09-17 19:03:31.713 D/wpa_supplicant( 1178): wlan0: BSS: Remove id 38337 BSSID 1c:d1:e0:dc:46:8c SSID 'EngN' due to wpa_bss_remove_oldest_unknown
09-17 19:03:31.713 D/wpa_supplicant( 1178): wlan0: BSS: Add new id 38535 BSSID 5a:52:8a:47:85:a2 SSID 'rs500m-47859f-2' freq 2412
09-17 19:03:31.713 D/wpa_supplicant( 1178): wlan0: BSS: Remove id 38338 BSSID e4:4e:2d:a4:62:2c SSID 'EngN' due to wpa_bss_remove_oldest_unknown
09-17 19:03:31.713 D/wpa_supplicant( 1178): wlan0: BSS: Add new id 38536 BSSID 74:03:bd:d2:43:d0 SSID 'DevlinkBT16F_Buffalo24' freq 2422
09-17 19:03:31.713 D/wpa_supplicant( 1178): wlan0: BSS: Remove id 38339 BSSID e4:4e:2d:7c:9c:ac SSID 'EngN' due to wpa_bss_remove_oldest_unknown
09-17 19:03:31.713 D/wpa_supplicant( 1178): wlan0: BSS: Add new id 38537 BSSID 6c:e4:da:e2:f9:9a SSID 'DevlinkAterm2g' freq 2437
09-17 19:03:31.713 D/wpa_supplicant( 1178): wlan0: BSS: Remove id 38340 BSSID e4:4e:2d:a4:62:2a SSID 'SWingCert-Enroll' due to wpa_bss_remove_oldest_unknown
09-17 19:03:31.713 D/wpa_supplicant( 1178): wlan0: BSS: Add new id 38538 BSSID 34:3d:c4:f1:46:80 SSID 'Devlink-Buffalo1900-2G' freq 2452
09-17 19:03:31.713 D/wpa_supplicant( 1178): wlan0: BSS: Remove id 38341 BSSID e4:4e:2d:7b:bc:ae SSID 'GuestNet' due to wpa_bss_remove_oldest_unknown
09-17 19:03:31.713 D/wpa_supplicant( 1178): wlan0: BSS: Add new id 38539 BSSID c0:25:a2:c9:2b:52 SSID 'devlink-aterm-wg1800hp2-2g' freq 2417
09-17 19:03:31.713 D/wpa_supplicant( 1178): wlan0: BSS: Remove id 38342 BSSID e4:4e:2d:a4:62:2e SSID 'GuestNet' due to wpa_bss_remove_oldest_unknown
09-17 19:03:31.713 D/wpa_supplicant( 1178): wlan0: BSS: Add new id 38540 BSSID 18:c2:bf:f3:2e:48 SSID 'HyokaT-Buffalo-A_2.4GHz' freq 2427
09-17 19:03:31.713 D/wpa_supplicant( 1178): wlan0: BSS: Remove id 38343 BSSID e4:4e:2d:a4:3b:2a SSID 'SWingCert-Enroll' due to wpa_bss_remove_oldest_unknown
09-17 19:03:31.713 D/wpa_supplicant( 1178): wlan0: BSS: Add new id 38541 BSSID 60:84:bd:08:27:e8 SSID 'HyokaT-Free_Common' freq 2447
09-17 19:03:31.713 D/wpa_supplicant( 1178): wlan0: BSS: Remove id 38344 BSSID e4:4e:2d:64:5e:63 SSID 'EngN' due to wpa_bss_remove_oldest_unknown
09-17 19:03:31.713 D/wpa_supplicant( 1178): wlan0: BSS: Add new id 38542 BSSID 58:ef:68:ab:66:e3 SSID 'Linksys18401_2.4GHz' freq 2412
09-17 19:03:31.714 D/wpa_supplicant( 1178): wlan0: BSS: Remove id 38345 BSSID e4:4e:2d:64:5e:61 SSID 'GuestNet' due to wpa_bss_remove_oldest_unknown
09-17 19:03:31.714 D/wpa_supplicant( 1178): wlan0: BSS: Add new id 38543 BSSID 08:10:86:0c:e0:52 SSID 'PerformanceWiFi-g' freq 2462
09-17 19:03:31.714 D/wpa_supplicant( 1178): wlan0: BSS: Remove id 38346 BSSID 1c:d1:e0:d5:75:05 SSID 'SWingCert-Enroll' due to wpa_bss_remove_oldest_unknown
09-17 19:03:31.714 D/wpa_supplicant( 1178): wlan0: BSS: Add new id 38544 BSSID 80:22:a7:26:9c:66 SSID 'arch-16f-g' freq 2462
09-17 19:03:31.714 D/wpa_supplicant( 1178): wlan0: BSS: Remove id 38347 BSSID 1c:d1:e0:d5:75:01 SSID 'GuestNet' due to wpa_bss_remove_oldest_unknown
09-17 19:03:31.714 D/wpa_supplicant( 1178): wlan0: BSS: Add new id 38545 BSSID 08:10:86:a2:8f:9a SSID 'SPW_X11_d1ef0b' freq 2437
09-17 19:03:31.714 D/wpa_supplicant( 1178): wlan0: BSS: Remove id 38348 BSSID 1c:d1:e0:dc:8e:41 SSID 'GuestNet' due to wpa_bss_remove_oldest_unknown
09-17 19:03:31.714 D/wpa_supplicant( 1178): wlan0: BSS: Add new id 38546 BSSID 98:f1:99:67:fa:52 SSID 'aterm-a07850-g' freq 2462
09-17 19:03:31.714 D/wpa_supplicant( 1178): wlan0: BSS: Remove id 38349 BSSID e4:4e:2d:64:30:c5 SSID 'SWingCert-Enroll' due to wpa_bss_remove_oldest_unknown
09-17 19:03:31.714 D/wpa_supplicant( 1178): wlan0: BSS: Add new id 38547 BSSID 88:57:ee:2c:18:d6 SSID 'Buffalo-G-18D5' freq 2462
09-17 19:03:31.714 D/wpa_supplicant( 1178): wlan0: BSS: Remove id 38350 BSSID e4:4e:2d:64:30:c3 SSID 'EngN' due to wpa_bss_remove_oldest_unknown
09-17 19:03:31.714 D/wpa_supplicant( 1178): wlan0: BSS: Add new id 38548 BSSID 60:38:e0:55:f4:84 SSID 'HyokaT-Belkin_2.4GHz' freq 2457
09-17 19:03:31.714 D/wpa_supplicant( 1178): wlan0: BSS: Remove id 38351 BSSID e4:4e:2d:a4:62:25 SSID 'SWingCert-Enroll' due to wpa_bss_remove_oldest_unknown
09-17 19:03:31.714 D/wpa_supplicant( 1178): wlan0: BSS: Add new id 38549 BSSID b6:be:76:a0:3d:54 SSID '' freq 2452
09-17 19:03:31.714 D/wpa_supplicant( 1178): wlan0: BSS: Remove id 38352 BSSID fa:8f:ca:93:35:a5 SSID 'HT-A9.l055,' due to wpa_bss_remove_oldest_unknown
09-17 19:03:31.714 D/wpa_supplicant( 1178): wlan0: BSS: Add new id 38550 BSSID a6:12:42:87:dc:2c SSID 'pr500m-d83173-2' freq 2462
09-17 19:03:31.714 D/wpa_supplicant( 1178): wlan0: BSS: Remove id 38353 BSSID fa:8f:ca:94:48:12 SSID 'STR-AN1000.h056,' due to wpa_bss_remove_oldest_unknown
09-17 19:03:31.714 D/wpa_supplicant( 1178): wlan0: BSS: Add new id 38551 BSSID 34:97:f6:01:f4:c8 SSID 'PJINTEG-011-G-CTSRoom' freq 2462
09-17 19:03:31.714 D/wpa_supplicant( 1178): wlan0: BSS: Remove id 38354 BSSID fa:8f:ca:7f:51:36 SSID 'JBL Bar 5.0_64A8.l041' due to wpa_bss_remove_oldest_unknown
09-17 19:03:31.714 D/wpa_supplicant( 1178): wlan0: BSS: Add new id 38552 BSSID 74:03:bd:b9:c5:f0 SSID 'Buffalo-G-C5FE' freq 2427
09-17 19:03:31.714 D/wpa_supplicant( 1178): wlan0: BSS: Remove id 38355 BSSID 60:38:e0:55:f4:87 SSID 'belkin.484.guests' due to wpa_bss_remove_oldest_unknown
09-17 19:03:31.714 D/wpa_supplicant( 1178): wlan0: BSS: Add new id 38553 BSSID 84:af:ec:c1:df:38 SSID 'Neu_net' freq 2412
09-17 19:03:31.714 D/wpa_supplicant( 1178): wlan0: BSS: Remove id 38356 BSSID fa:8f:ca:5d:8c:39 SSID 'STR-AN1000.h056,' due to wpa_bss_remove_oldest_unknown
09-17 19:03:31.714 D/wpa_supplicant( 1178): wlan0: BSS: Add new id 38554 BSSID 1a:ed:b9:42:c9:a0 SSID 'DIRECT-Df-BRAVIA' freq 2457
09-17 19:03:31.714 D/wpa_supplicant( 1178): wlan0: BSS: Remove id 38357 BSSID fa:8f:ca:88:e5:89 SSID 'HT-A3000.l074,' due to wpa_bss_remove_oldest_unknown
09-17 19:03:31.715 W/IE_Capabilities(  702): Unknown RSN cipher suite: 6ac0f00
09-17 19:03:31.715 D/wpa_supplicant( 1178): wlan0: BSS: Add new id 38555 BSSID 60:32:b1:21:cb:24 SSID 'TP-Link_CB24' freq 2437
09-17 19:03:31.716 D/wpa_supplicant( 1178): wlan0: BSS: Remove id 38358 BSSID fa:8f:ca:90:67:e2 SSID 'HT-A3000.l074,' due to wpa_bss_remove_oldest_unknown
09-17 19:03:31.716 D/wpa_supplicant( 1178): wlan0: BSS: Add new id 38556 BSSID b0:be:76:a0:3d:54 SSID 'TP-Link_3D54' freq 2452
09-17 19:03:31.716 D/wpa_supplicant( 1178): wlan0: BSS: Remove id 38359 BSSID e4:4e:2d:7c:28:8e SSID 'GuestNet' due to wpa_bss_remove_oldest_unknown
09-17 19:03:31.716 D/wpa_supplicant( 1178): wlan0: BSS: Add new id 38557 BSSID 00:90:fe:9a:18:e3 SSID 'elecom2g-9a18e4' freq 2442
09-17 19:03:31.716 D/wpa_supplicant( 1178): wlan0: BSS: Remove id 38360 BSSID e4:4e:2d:7c:9c:aa SSID 'SWingCert-Enroll' due to wpa_bss_remove_oldest_unknown
09-17 19:03:31.716 D/wpa_supplicant( 1178): wlan0: BSS: Add new id 38558 BSSID c0:25:a2:7a:43:c6 SSID 'MIB-16F-P17W-g' freq 2412
09-17 19:03:31.716 D/wpa_supplicant( 1178): wlan0: BSS: Remove id 38361 BSSID e4:4e:2d:7c:28:8a SSID 'SWingCert-Enroll' due to wpa_bss_remove_oldest_unknown
09-17 19:03:31.716 D/wpa_supplicant( 1178): wlan0: BSS: Add new id 38559 BSSID a0:04:60:68:81:5f SSID 'HyokaT-Netgear_5GHz ' freq 5220
09-17 19:03:31.716 D/wpa_supplicant( 1178): wlan0: BSS: Remove id 38362 BSSID e4:4e:2d:7c:28:8c SSID 'EngN' due to wpa_bss_remove_oldest_unknown
09-17 19:03:31.716 D/wpa_supplicant( 1178): wlan0: BSS: Add new id 38560 BSSID 04:f0:21:59:e8:e4 SSID 'r3001390' freq 5240
09-17 19:03:31.716 D/wpa_supplicant( 1178): wlan0: BSS: Remove id 38363 BSSID e4:4e:2d:79:8e:4c SSID 'EngN' due to wpa_bss_remove_oldest_unknown
09-17 19:03:31.716 D/wpa_supplicant( 1178): wlan0: BSS: Add new id 38561 BSSID 6e:b2:27:67:20:53 SSID 'SurroundMaster_69fafe' freq 5240
09-17 19:03:31.716 D/wpa_supplicant( 1178): wlan0: BSS: Remove id 38364 BSSID e4:4e:2d:a4:55:4a SSID 'SWingCert-Enroll' due to wpa_bss_remove_oldest_unknown
09-17 19:03:31.716 D/wpa_supplicant( 1178): wlan0: BSS: Add new id 38562 BSSID c4:3c:ea:6c:7b:93 SSID 'Buffalo-G-7B90-WPA3' freq 2412
09-17 19:03:31.716 D/wpa_supplicant( 1178): wlan0: BSS: Remove id 38365 BSSID e4:4e:2d:79:8e:4e SSID 'GuestNet' due to wpa_bss_remove_oldest_unknown
09-17 19:03:31.716 D/wpa_supplicant( 1178): wlan0: BSS: Add new id 38563 BSSID e4:4e:2d:7c:9c:ab SSID 'SWing' freq 5320
09-17 19:03:31.716 D/wpa_supplicant( 1178): wlan0: BSS: Remove id 38366 BSSID e4:4e:2d:79:8e:4a SSID 'SWingCert-Enroll' due to wpa_bss_remove_oldest_unknown
09-17 19:03:31.716 D/wpa_supplicant( 1178): wlan0: BSS: Add new id 38564 BSSID 6e:b2:27:ea:e1:0a SSID '' freq 5640
09-17 19:03:31.716 D/wpa_supplicant( 1178): wlan0: BSS: Remove id 38367 BSSID 1c:d1:e0:de:14:6a SSID 'SWingCert-Enroll' due to wpa_bss_remove_oldest_unknown
09-17 19:03:31.716 D/wpa_supplicant( 1178): wlan0: BSS: Add new id 38565 BSSID e4:4e:2d:7c:9c:af SSID 'SWingS' freq 5320
09-17 19:03:31.716 D/wpa_supplicant( 1178): wlan0: BSS: Remove id 38368 BSSID e4:4e:2d:a4:55:4e SSID 'GuestNet' due to wpa_bss_remove_oldest_unknown
09-17 19:03:31.716 D/wpa_supplicant( 1178): wlan0: BSS: Add new id 38566 BSSID e4:4e:2d:a4:55:4d SSID '' freq 5680
09-17 19:03:31.717 D/wpa_supplicant( 1178): wlan0: BSS: Remove id 38369 BSSID e4:4e:2d:7b:bc:aa SSID 'SWingCert-Enroll' due to wpa_bss_remove_oldest_unknown
09-17 19:03:31.717 D/wpa_supplicant( 1178): wlan0: BSS: Add new id 38567 BSSID 08:10:86:b2:7e:73 SSID 'app0-cert-nec-5G' freq 5180
09-17 19:03:31.717 D/wpa_supplicant( 1178): wlan0: BSS: Remove id 38370 BSSID 1c:d1:e0:de:14:6c SSID 'EngN' due to wpa_bss_remove_oldest_unknown
09-17 19:03:31.717 D/wpa_supplicant( 1178): wlan0: BSS: Add new id 38568 BSSID e4:4e:2d:79:8e:4b SSID 'SWing' freq 5260
09-17 19:03:31.717 D/wpa_supplicant( 1178): wlan0: BSS: Remove id 38371 BSSID e4:4e:2d:a4:55:4c SSID 'EngN' due to wpa_bss_remove_oldest_unknown
09-17 19:03:31.717 D/wpa_supplicant( 1178): wlan0: BSS: Add new id 38569 BSSID 4c:e6:76:fa:9c:e1 SSID 'PF_VPN_5GHz' freq 5520
09-17 19:03:31.717 D/wpa_supplicant( 1178): wlan0: BSS: Remove id 38372 BSSID e4:4e:2d:7d:82:2e SSID 'GuestNet' due to wpa_bss_remove_oldest_unknown
09-17 19:03:31.717 D/wpa_supplicant( 1178): wlan0: BSS: Add new id 38570 BSSID e4:4e:2d:a4:55:4f SSID 'SWingS' freq 5680
09-17 19:03:31.717 D/wpa_supplicant( 1178): wlan0: BSS: Remove id 38373 BSSID 1c:d1:e0:dc:46:8a SSID 'SWingCert-Enroll' due to wpa_bss_remove_oldest_unknown
09-17 19:03:31.717 D/wpa_supplicant( 1178): wlan0: BSS: Add new id 38571 BSSID e4:4e:2d:7b:bc:ab SSID 'SWing' freq 5660
09-17 19:03:31.717 D/wpa_supplicant( 1178): wlan0: BSS: Remove id 38374 BSSID e4:4e:2d:a4:aa:aa SSID 'SWingCert-Enroll' due to wpa_bss_remove_oldest_unknown
09-17 19:03:31.717 D/wpa_supplicant( 1178): wlan0: BSS: Add new id 38572 BSSID 1c:d1:e0:de:14:6d SSID '' freq 5540
09-17 19:03:31.717 D/wpa_supplicant( 1178): wlan0: BSS: Remove id 38375 BSSID e4:4e:2d:a4:aa:ac SSID 'EngN' due to wpa_bss_remove_oldest_unknown
09-17 19:03:31.717 D/wpa_supplicant( 1178): wlan0: BSS: Add new id 38573 BSSID e4:4e:2d:a4:aa:ab SSID 'SWing' freq 5500
09-17 19:03:31.717 D/wpa_supplicant( 1178): wlan0: BSS: Remove id 38376 BSSID e4:4e:2d:7c:06:2a SSID 'SWingCert-Enroll' due to wpa_bss_remove_oldest_unknown
09-17 19:03:31.717 D/wpa_supplicant( 1178): wlan0: BSS: Add new id 38574 BSSID e4:4e:2d:7d:82:2f SSID 'SWingS' freq 5580
09-17 19:03:31.718 D/wpa_supplicant( 1178): wlan0: BSS: Remove id 38377 BSSID 1c:d1:e0:dc:46:8e SSID 'GuestNet' due to wpa_bss_remove_oldest_unknown
09-17 19:03:31.718 D/wpa_supplicant( 1178): wlan0: BSS: Add new id 38575 BSSID e4:4e:2d:7d:82:2d SSID '' freq 5580
09-17 19:03:31.718 D/wpa_supplicant( 1178): wlan0: BSS: Remove id 38378 BSSID e4:4e:2d:7d:82:2c SSID 'EngN' due to wpa_bss_remove_oldest_unknown
09-17 19:03:31.718 D/wpa_supplicant( 1178): wlan0: BSS: Add new id 38576 BSSID 16:11:32:77:a5:e9 SSID '' freq 5200
09-17 19:03:31.718 D/wpa_supplicant( 1178): wlan0: BSS: Remove id 38379 BSSID e4:4e:2d:7c:06:2e SSID 'GuestNet' due to wpa_bss_remove_oldest_unknown
09-17 19:03:31.718 D/wpa_supplicant( 1178): wlan0: BSS: Add new id 38577 BSSID 00:11:32:77:a5:e9 SSID 'hes-b2b-syno1' freq 5200
09-17 19:03:31.718 D/wpa_supplicant( 1178): wlan0: BSS: Remove id 38380 BSSID e4:4e:2d:7c:06:2c SSID 'EngN' due to wpa_bss_remove_oldest_unknown
09-17 19:03:31.718 D/wpa_supplicant( 1178): wlan0: BSS: Add new id 38578 BSSID 08:10:86:c9:28:8b SSID 'aterm-61cef3-a' freq 5320
09-17 19:03:31.718 D/wpa_supplicant( 1178): wlan0: BSS: Remove id 38381 BSSID e4:4e:2d:7d:82:2a SSID 'SWingCert-Enroll' due to wpa_bss_remove_oldest_unknown
09-17 19:03:31.718 D/wpa_supplicant( 1178): wlan0: BSS: Add new id 38579 BSSID 1c:d1:e0:dc:46:8d SSID '' freq 5680
09-17 19:03:31.718 D/wpa_supplicant( 1178): wlan0: BSS: Remove id 38382 BSSID 1c:d1:e0:e0:ed:2a SSID 'SWingCert-Enroll' due to wpa_bss_remove_oldest_unknown
09-17 19:03:31.718 D/wpa_supplicant( 1178): wlan0: BSS: Add new id 38580 BSSID e4:4e:2d:a4:aa:ad SSID '' freq 5500
09-17 19:03:31.718 D/wpa_supplicant( 1178): wlan0: BSS: Remove id 38383 BSSID 1c:d1:e0:e0:ed:2c SSID 'EngN' due to wpa_bss_remove_oldest_unknown
09-17 19:03:31.718 D/wpa_supplicant( 1178): wlan0: BSS: Add new id 38581 BSSID e4:4e:2d:a4:aa:af SSID 'SWingS' freq 5500
09-17 19:03:31.718 D/wpa_supplicant( 1178): wlan0: BSS: Remove id 38384 BSSID 1c:d1:e0:e0:ed:2e SSID 'GuestNet' due to wpa_bss_remove_oldest_unknown
09-17 19:03:31.718 D/wpa_supplicant( 1178): wlan0: BSS: Add new id 38582 BSSID 1c:d1:e0:dc:46:8b SSID 'SWing' freq 5680
09-17 19:03:31.718 D/wpa_supplicant( 1178): wlan0: BSS: Remove id 38385 BSSID e4:4e:2d:76:f2:4a SSID 'SWingCert-Enroll' due to wpa_bss_remove_oldest_unknown
09-17 19:03:31.718 D/wpa_supplicant( 1178): wlan0: BSS: Add new id 38583 BSSID 04:ab:18:65:c1:d3 SSID '' freq 5180
09-17 19:03:31.718 D/wpa_supplicant( 1178): wlan0: BSS: Remove id 38386 BSSID 12:09:b4:71:0a:ac SSID 'SWS1day' due to wpa_bss_remove_oldest_unknown
09-17 19:03:31.718 D/wpa_supplicant( 1178): wlan0: BSS: Add new id 38584 BSSID e4:4e:2d:7c:06:2d SSID '' freq 5580
09-17 19:03:31.718 D/wpa_supplicant( 1178): wlan0: BSS: Remove id 38387 BSSID e4:4e:2d:76:f2:4c SSID 'EngN' due to wpa_bss_remove_oldest_unknown
09-17 19:03:31.718 D/wpa_supplicant( 1178): wlan0: BSS: Add new id 38585 BSSID 1c:d1:e0:dc:46:8f SSID 'SWingS' freq 5680
09-17 19:03:31.718 D/wpa_supplicant( 1178): wlan0: BSS: Remove id 38388 BSSID e4:4e:2d:76:f2:4e SSID 'GuestNet' due to wpa_bss_remove_oldest_unknown
09-17 19:03:31.718 D/wpa_supplicant( 1178): wlan0: BSS: Add new id 38586 BSSID 6e:b2:27:5c:05:7a SSID '' freq 5700
09-17 19:03:31.719 D/wpa_supplicant( 1178): wlan0: BSS: Remove id 38389 BSSID 22:09:b4:71:0a:ac SSID '.FREE_Wi-Fi_PASSPORT' due to wpa_bss_remove_oldest_unknown
09-17 19:03:31.719 D/wpa_supplicant( 1178): wlan0: BSS: Add new id 38587 BSSID e4:4e:2d:7c:06:2b SSID 'SWing' freq 5580
09-17 19:03:31.719 D/wpa_supplicant( 1178): wlan0: BSS: Remove id 38390 BSSID 84:e8:cb:5e:3a:21 SSID 'BF_AP29_6_192bit' due to wpa_bss_remove_oldest_unknown
09-17 19:03:31.719 D/wpa_supplicant( 1178): wlan0: BSS: Add new id 38588 BSSID e4:4e:2d:7c:06:2f SSID 'SWingS' freq 5580
09-17 19:03:31.719 D/wpa_supplicant( 1178): wlan0: BSS: Remove id 38391 BSSID 84:e8:cb:5e:3a:11 SSID '' due to wpa_bss_remove_oldest_unknown
09-17 19:03:31.719 D/wpa_supplicant( 1178): wlan0: BSS: Add new id 38589 BSSID 1c:d1:e0:e0:ed:2b SSID 'SWing' freq 5260
09-17 19:03:31.719 D/wpa_supplicant( 1178): wlan0: BSS: Remove id 38392 BSSID 3c:52:a1:54:20:32 SSID 'TP-Link_PFM1' due to wpa_bss_remove_oldest_unknown
09-17 19:03:31.719 D/wpa_supplicant( 1178): wlan0: BSS: Add new id 38590 BSSID 1c:d1:e0:e0:ed:2f SSID 'SWingS' freq 5260
09-17 19:03:31.719 D/wpa_supplicant( 1178): wlan0: BSS: Remove id 38393 BSSID 3e:52:a1:74:20:33 SSID '' due to wpa_bss_remove_oldest_unknown
09-17 19:03:31.719 D/wpa_supplicant( 1178): wlan0: BSS: Add new id 38591 BSSID e4:4e:2d:76:f2:4b SSID 'SWing' freq 5680
09-17 19:03:31.719 D/wpa_supplicant( 1178): wlan0: BSS: Remove id 38394 BSSID bc:fc:e7:22:2c:ed SSID 'BDDE261C63DA4B894A6B9214B6BE23D2' due to wpa_bss_remove_oldest_unknown
09-17 19:03:31.719 D/wpa_supplicant( 1178): wlan0: BSS: Add new id 38592 BSSID e4:4e:2d:76:f2:4d SSID '' freq 5680
09-17 19:03:31.719 D/wpa_supplicant( 1178): wlan0: BSS: Remove id 38395 BSSID be:fc:e7:32:2c:ed SSID 'AS_5' due to wpa_bss_remove_oldest_unknown
09-17 19:03:31.719 D/wpa_supplicant( 1178): wlan0: BSS: Add new id 38593 BSSID 68:e1:dc:a9:f6:2a SSID 'Buffalo-5G-F620-WPA3' freq 5260
09-17 19:03:31.719 D/wpa_supplicant( 1178): wlan0: BSS: Remove id 38396 BSSID 38:97:a4:64:cb:56 SSID 'elecom-64cb54' due to wpa_bss_remove_oldest_unknown
09-17 19:03:31.719 D/wpa_supplicant( 1178): wlan0: BSS: Add new id 38594 BSSID 1c:d1:e0:e0:ed:2d SSID '' freq 5260
09-17 19:03:31.719 D/wpa_supplicant( 1178): wlan0: BSS: Remove id 38397 BSSID 3a:97:a4:64:cb:56 SSID 'elecom-s-64cb54' due to wpa_bss_remove_oldest_unknown
09-17 19:03:31.719 D/wpa_supplicant( 1178): wlan0: BSS: Add new id 38595 BSSID 02:09:b4:71:0a:ac SSID '0002softbank' freq 5700
09-17 19:03:31.719 D/wpa_supplicant( 1178): wlan0: BSS: Remove id 38398 BSSID d4:2c:46:c9:c9:12 SSID 'BaseApp-16F-5G' due to wpa_bss_remove_oldest_unknown
09-17 19:03:31.719 D/wpa_supplicant( 1178): wlan0: BSS: Add new id 38596 BSSID 68:e1:dc:a9:f6:29 SSID 'Buffalo-5G-F620' freq 5260
09-17 19:03:31.719 D/wpa_supplicant( 1178): wlan0: BSS: Remove id 38399 BSSID d4:2c:46:c9:c9:13 SSID 'BaseApp-16F-5G-WPA3' due to wpa_bss_remove_oldest_unknown
09-17 19:03:31.719 D/wpa_supplicant( 1178): wlan0: BSS: Add new id 38597 BSSID e4:4e:2d:76:f2:4f SSID 'SWingS' freq 5680
09-17 19:03:31.719 D/wpa_supplicant( 1178): wlan0: BSS: Remove id 38400 BSSID 50:eb:f6:a9:3b:ec SSID 'ASUS_ber7_5G' due to wpa_bss_remove_oldest_unknown
09-17 19:03:31.720 D/wpa_supplicant( 1178): wlan0: BSS: Add new id 38598 BSSID 1e:b1:7f:2e:09:0b SSID 'aterm-8e5749-aw' freq 5220
09-17 19:03:31.720 D/wpa_supplicant( 1178): wlan0: BSS: Remove id 38401 BSSID 50:eb:f6:02:ea:84 SSID 'ASUS_80' due to wpa_bss_remove_oldest_unknown
09-17 19:03:31.720 D/wpa_supplicant( 1178): wlan0: BSS: Add new id 38599 BSSID 2e:b1:7f:e0:1d:3e SSID 'Aterm-WG1400HP_GW' freq 2437
09-17 19:03:31.720 D/wpa_supplicant( 1178): wlan0: BSS: Remove id 38402 BSSID 96:46:8d:38:ec:90 SSID '' due to wpa_bss_remove_oldest_unknown
09-17 19:03:31.720 D/wpa_supplicant( 1178): wlan0: BSS: Add new id 38600 BSSID d2:25:a2:c9:2b:52 SSID '\x00\x00\x00\x00\x00\x00\x00\x00\x00\x00\x00\x00\x00\x00\x00' freq 2417
09-17 19:03:31.720 D/wpa_supplicant( 1178): wlan0: BSS: Remove id 38403 BSSID aa:46:8d:38:ec:90 SSID 'sys2_performance' due to wpa_bss_remove_oldest_unknown
09-17 19:03:31.720 D/wpa_supplicant( 1178): wlan0: BSS: Add new id 38601 BSSID c2:25:a2:7a:43:c6 SSID '\x00\x00\x00\x00\x00\x00\x00\x00\x00\x00\x00\x00\x00\x00\x00' freq 2412
09-17 19:03:31.720 D/wpa_supplicant( 1178): wlan0: BSS: Remove id 38404 BSSID 24:4b:fe:d1:4b:64 SSID 'ASUS-A-0316f' due to wpa_bss_remove_oldest_unknown
09-17 19:03:31.720 D/wpa_supplicant( 1178): wlan0: BSS: Add new id 38602 BSSID 62:45:b8:ba:90:70 SSID '' freq 5240
09-17 19:03:31.720 D/wpa_supplicant( 1178): wlan0: BSS: Remove id 38405 BSSID e4:4e:2d:64:5e:6b SSID 'SWing' due to wpa_bss_remove_oldest_unknown
09-17 19:03:31.720 D/wpa_supplicant( 1178): wlan0: BSS: Add new id 38603 BSSID 62:45:b9:30:b8:a2 SSID '' freq 5200
09-17 19:03:31.720 D/wpa_supplicant( 1178): BSS: 62:45:b8:ba:90:70 has multiple entries in the scan results - select the most current one
09-17 19:03:31.720 D/wpa_supplicant( 1178): Previous last_update: 1684.943725 (freq 5240)
09-17 19:03:31.720 D/wpa_supplicant( 1178): New last_update: 1701.531725 (freq 5200)
09-17 19:03:31.720 D/wpa_supplicant( 1178): Accept this BSS entry since it looks more current than the previous update
09-17 19:03:31.720 D/wpa_supplicant( 1178): BSS: 62:45:b8:ba:90:70 changed freq 5240 --> 5200
09-17 19:03:31.720 D/wpa_supplicant( 1178): wlan0: BSS: Remove id 38406 BSSID e4:4e:2d:64:5e:6f SSID 'SWingS' due to wpa_bss_remove_oldest_unknown
09-17 19:03:31.720 D/wpa_supplicant( 1178): wlan0: BSS: Add new id 38604 BSSID 62:45:b9:32:53:f4 SSID '' freq 2412
09-17 19:03:31.720 D/wpa_supplicant( 1178): wlan0: BSS: Remove id 38407 BSSID e4:4e:2d:64:5e:6d SSID '' due to wpa_bss_remove_oldest_unknown
09-17 19:03:31.720 D/wpa_supplicant( 1178): wlan0: BSS: Add new id 38605 BSSID 62:45:b9:18:8e:b9 SSID '' freq 5240
09-17 19:03:31.720 D/wpa_supplicant( 1178): wlan0: BSS: Remove id 38408 BSSID e4:4e:2d:7b:a3:6b SSID 'SWing' due to wpa_bss_remove_oldest_unknown
09-17 19:03:31.720 D/wpa_supplicant( 1178): wlan0: BSS: Add new id 38606 BSSID 62:45:b8:d9:bb:e9 SSID '' freq 5220
09-17 19:03:31.720 D/wpa_supplicant( 1178): wlan0: BSS: Remove id 38409 BSSID e4:4e:2d:7b:a3:6d SSID '' due to wpa_bss_remove_oldest_unknown
09-17 19:03:31.722 D/wpa_supplicant( 1178): wlan0: BSS: Add new id 38607 BSSID e4:4e:2d:64:5e:6c SSID 'EngN' freq 5500
09-17 19:03:31.722 D/wpa_supplicant( 1178): wlan0: BSS: Remove id 38410 BSSID e4:4e:2d:7b:a3:6f SSID 'SWingS' due to wpa_bss_remove_oldest_unknown
09-17 19:03:31.722 D/wpa_supplicant( 1178): wlan0: BSS: Add new id 38608 BSSID e4:4e:2d:64:5e:6e SSID 'GuestNet' freq 5500
09-17 19:03:31.722 D/wpa_supplicant( 1178): wlan0: BSS: Remove id 38411 BSSID 24:4b:fe:b6:b0:54 SSID 'Neu_vpn' due to wpa_bss_remove_oldest_unknown
09-17 19:03:31.722 D/wpa_supplicant( 1178): wlan0: BSS: Add new id 38609 BSSID e4:4e:2d:64:5e:6a SSID 'SWingCert-Enroll' freq 5500
09-17 19:03:31.723 D/wpa_supplicant( 1178): wlan0: BSS: Remove id 38412 BSSID 1c:b1:7f:e0:1d:3f SSID 'Aterm-WG1400HP_A' due to wpa_bss_remove_oldest_unknown
09-17 19:03:31.723 W/IE_Capabilities(  702): Unknown RSN cipher suite: 6ac0f00
09-17 19:03:31.723 D/wpa_supplicant( 1178): wlan0: BSS: Add new id 38610 BSSID e4:4e:2d:7b:a3:6a SSID 'SWingCert-Enroll' freq 5260
09-17 19:03:31.723 D/wpa_supplicant( 1178): wlan0: BSS: Remove id 38413 BSSID ec:1a:59:5c:7b:f8 SSID 'IPv6_dual_5GHz' due to wpa_bss_remove_oldest_unknown
09-17 19:03:31.723 D/wpa_supplicant( 1178): wlan0: BSS: Add new id 38611 BSSID e4:4e:2d:7b:a3:6c SSID 'EngN' freq 5260
09-17 19:03:31.723 D/wpa_supplicant( 1178): wlan0: BSS: Remove id 38414 BSSID 6c:e4:da:e2:f9:9b SSID 'DevlinkAterm5g' due to wpa_bss_remove_oldest_unknown
09-17 19:03:31.723 D/wpa_supplicant( 1178): wlan0: BSS: Add new id 38612 BSSID e4:4e:2d:7b:a3:6e SSID 'GuestNet' freq 5260
09-17 19:03:31.723 D/wpa_supplicant( 1178): wlan0: BSS: Remove id 38415 BSSID 58:ef:68:ab:66:e4 SSID 'Linksys18401_5Ghz' due to wpa_bss_remove_oldest_unknown
09-17 19:03:31.723 D/wpa_supplicant( 1178): wlan0: BSS: Add new id 38613 BSSID 1c:d1:e0:d5:75:0e SSID 'GuestNet' freq 5580
09-17 19:03:31.723 D/wpa_supplicant( 1178): wlan0: BSS: Remove id 38416 BSSID c0:25:a2:c9:2b:53 SSID 'devlink-aterm-wg1800hp2-5g' due to wpa_bss_remove_oldest_unknown
09-17 19:03:31.724 D/wpa_supplicant( 1178): wlan0: BSS: Add new id 38614 BSSID 1c:d1:e0:d5:75:0c SSID 'EngN' freq 5580
09-17 19:03:31.724 D/wpa_supplicant( 1178): wlan0: BSS: Remove id 38417 BSSID 58:52:8a:47:85:a1 SSID 'rs500m-47859f-3' due to wpa_bss_remove_oldest_unknown
09-17 19:03:31.724 D/wpa_supplicant( 1178): wlan0: BSS: Add new id 38615 BSSID 1c:d1:e0:d5:75:0a SSID 'SWingCert-Enroll' freq 5580
09-17 19:03:31.724 D/wpa_supplicant( 1178): wlan0: BSS: Remove id 38418 BSSID 60:84:bd:08:27:f0 SSID 'HyokaT-Free_Common' due to wpa_bss_remove_oldest_unknown
09-17 19:03:31.724 D/wpa_supplicant( 1178): wlan0: BSS: Add new id 38616 BSSID e4:4e:2d:7c:49:0a SSID 'SWingCert-Enroll' freq 5540
09-17 19:03:31.724 D/wpa_supplicant( 1178): wlan0: BSS: Remove id 38419 BSSID 74:03:bd:d2:43:d7 SSID 'DevlinkBT16F_Buffalo5' due to wpa_bss_remove_oldest_unknown
09-17 19:03:31.724 D/wpa_supplicant( 1178): wlan0: BSS: Add new id 38617 BSSID e4:4e:2d:7c:49:0c SSID 'EngN' freq 5540
09-17 19:03:31.724 D/wpa_supplicant( 1178): wlan0: BSS: Remove id 38420 BSSID c0:25:a2:df:54:7f SSID 'HyokaT-NEC_5GHz' due to wpa_bss_remove_oldest_unknown
09-17 19:03:31.724 D/wpa_supplicant( 1178): wlan0: BSS: Add new id 38618 BSSID 1c:d1:e0:dc:8e:4a SSID 'SWingCert-Enroll' freq 5580
09-17 19:03:31.724 D/wpa_supplicant( 1178): wlan0: BSS: Remove id 38421 BSSID 80:22:a7:26:9c:67 SSID 'arch-16f-a' due to wpa_bss_remove_oldest_unknown
09-17 19:03:31.725 D/wpa_supplicant( 1178): wlan0: BSS: Add new id 38619 BSSID e4:4e:2d:7c:28:8e SSID 'GuestNet' freq 5320
09-17 19:03:31.725 D/wpa_supplicant( 1178): wlan0: BSS: Remove id 38422 BSSID 18:c2:bf:f3:2e:50 SSID 'HyokaT-Buffalo-A_2.4GHz' due to wpa_bss_remove_oldest_unknown
09-17 19:03:31.725 D/wpa_supplicant( 1178): wlan0: BSS: Add new id 38620 BSSID e4:4e:2d:64:30:ce SSID 'GuestNet' freq 5660
09-17 19:03:31.725 D/wpa_supplicant( 1178): wlan0: BSS: Remove id 38423 BSSID 08:10:86:0c:e0:53 SSID 'PerformanceWiFi-a' due to wpa_bss_remove_oldest_unknown
09-17 19:03:31.725 D/wpa_supplicant( 1178): wlan0: BSS: Add new id 38621 BSSID e4:4e:2d:64:30:ca SSID 'SWingCert-Enroll' freq 5660
09-17 19:03:31.725 D/wpa_supplicant( 1178): wlan0: BSS: Remove id 38424 BSSID 60:84:bd:9e:81:7c SSID 'Buffalo-A-8178' due to wpa_bss_remove_oldest_unknown
09-17 19:03:31.725 D/wpa_supplicant( 1178): wlan0: BSS: Add new id 38622 BSSID e4:4e:2d:7b:bc:ac SSID 'EngN' freq 5660
09-17 19:03:31.725 D/wpa_supplicant( 1178): wlan0: BSS: Remove id 38425 BSSID c0:25:a2:7a:43:c7 SSID 'MIB-16F-P17W-a' due to wpa_bss_remove_oldest_unknown
09-17 19:03:31.725 D/wpa_supplicant( 1178): wlan0: BSS: Add new id 38623 BSSID 1c:d1:e0:dc:8e:4e SSID 'GuestNet' freq 5580
09-17 19:03:31.725 D/wpa_supplicant( 1178): wlan0: BSS: Remove id 38426 BSSID 98:f1:99:67:fa:53 SSID 'aterm-a07850-a' due to wpa_bss_remove_oldest_unknown
09-17 19:03:31.726 D/wpa_supplicant( 1178): wlan0: BSS: Add new id 38624 BSSID 1c:d1:e0:dc:8e:4c SSID 'EngN' freq 5580
09-17 19:03:31.726 D/wpa_supplicant( 1178): wlan0: BSS: Remove id 38427 BSSID d4:2c:46:c9:c9:1b SSID 'BaseApp-16F-6G-WPA3' due to wpa_bss_remove_oldest_unknown
09-17 19:03:31.726 W/IE_Capabilities(  702): Unknown RSN cipher suite: 6ac0f00
09-17 19:03:31.726 D/wpa_supplicant( 1178): wlan0: BSS: Add new id 38625 BSSID e4:4e:2d:a4:62:2c SSID 'EngN' freq 5560
09-17 19:03:31.726 D/wpa_supplicant( 1178): wlan0: BSS: Remove id 38428 BSSID c4:3c:ea:6c:7b:98 SSID '' due to wpa_bss_remove_oldest_unknown
09-17 19:03:31.726 D/wpa_supplicant( 1178): wlan0: BSS: Add new id 38626 BSSID e4:4e:2d:79:8e:4c SSID 'EngN' freq 5260
09-17 19:03:31.726 D/wpa_supplicant( 1178): wlan0: BSS: Remove id 38429 BSSID c4:3c:ea:6c:7b:99 SSID 'Buffalo-A-7B90' due to wpa_bss_remove_oldest_unknown
09-17 19:03:31.726 D/wpa_supplicant( 1178): wlan0: BSS: Add new id 38627 BSSID e4:4e:2d:a4:3b:2c SSID 'EngN' freq 5540
09-17 19:03:31.727 D/wpa_supplicant( 1178): wlan0: BSS: Remove id 38430 BSSID c4:3c:ea:6c:7b:9a SSID 'Buffalo-A-7B90-WPA3' due to wpa_bss_remove_oldest_unknown
09-17 19:03:31.727 D/wpa_supplicant( 1178): wlan0: BSS: Add new id 38628 BSSID e4:4e:2d:79:8e:4e SSID 'GuestNet' freq 5260
09-17 19:03:31.727 W/IE_Capabilities(  702): Unknown RSN cipher suite: 6ac0f00
09-17 19:03:31.727 D/wpa_supplicant( 1178): wlan0: BSS: Remove id 38431 BSSID 1c:d1:e0:d5:75:0b SSID 'SWing' due to wpa_bss_remove_oldest_unknown
09-17 19:03:31.727 D/wpa_supplicant( 1178): wlan0: BSS: Add new id 38629 BSSID e4:4e:2d:a4:aa:ae SSID 'GuestNet' freq 5500
09-17 19:03:31.727 D/wpa_supplicant( 1178): wlan0: BSS: Remove id 38432 BSSID 1c:d1:e0:d5:75:0f SSID 'SWingS' due to wpa_bss_remove_oldest_unknown
09-17 19:03:31.727 D/wpa_supplicant( 1178): wlan0: BSS: Add new id 38630 BSSID e4:4e:2d:a4:3b:2e SSID 'GuestNet' freq 5540
09-17 19:03:31.727 D/wpa_supplicant( 1178): wlan0: BSS: Remove id 38433 BSSID 48:f8:b3:a5:e4:ff SSID 'Devlink_Linksys_5GHz' due to wpa_bss_remove_oldest_unknown
09-17 19:03:31.727 D/wpa_supplicant( 1178): wlan0: BSS: Add new id 38631 BSSID e4:4e:2d:7c:49:0e SSID 'GuestNet' freq 5540
09-17 19:03:31.727 D/wpa_supplicant( 1178): wlan0: BSS: Remove id 38434 BSSID 10:4b:46:d8:31:75 SSID 'pr500m-d83173-3' due to wpa_bss_remove_oldest_unknown
09-17 19:03:31.727 D/wpa_supplicant( 1178): wlan0: BSS: Add new id 38632 BSSID e4:4e:2d:64:30:cc SSID 'EngN' freq 5660
09-17 19:03:31.727 D/wpa_supplicant( 1178): wlan0: BSS: Remove id 38435 BSSID 34:97:f6:01:f4:cc SSID 'PJINTEG-012-A-CTSRoom' due to wpa_bss_remove_oldest_unknown
09-17 19:03:31.728 D/wpa_supplicant( 1178): wlan0: BSS: Add new id 38633 BSSID e4:4e:2d:a4:62:2e SSID 'GuestNet' freq 5560
09-17 19:03:31.728 D/wpa_supplicant( 1178): wlan0: BSS: Remove id 38436 BSSID 34:3d:c4:1e:98:68 SSID 'Buffalo-A-9866' due to wpa_bss_remove_oldest_unknown
09-17 19:03:31.728 D/wpa_supplicant( 1178): wlan0: BSS: Add new id 38634 BSSID e4:4e:2d:7c:28:8c SSID 'EngN' freq 5320
09-17 19:03:31.728 D/wpa_supplicant( 1178): wlan0: BSS: Remove id 38437 BSSID 84:af:ec:c1:df:3c SSID 'Buffalo-A-DF38' due to wpa_bss_remove_oldest_unknown
09-17 19:03:31.728 D/wpa_supplicant( 1178): wlan0: BSS: Add new id 38635 BSSID e4:4e:2d:7c:9c:ac SSID 'EngN' freq 5320
09-17 19:03:31.728 D/wpa_supplicant( 1178): wlan0: BSS: Remove id 38438 BSSID ec:5a:31:ac:ab:11 SSID '_b2b_wpa3_192' due to wpa_bss_remove_oldest_unknown
09-17 19:03:31.728 D/wpa_supplicant( 1178): wlan0: BSS: Add new id 38636 BSSID e4:4e:2d:7b:bc:ae SSID 'GuestNet' freq 5660
09-17 19:03:31.728 D/wpa_supplicant( 1178): wlan0: BSS: Remove id 38439 BSSID d4:2c:46:1c:12:6a SSID 'Buffalo-A-1260-WPA3' due to wpa_bss_remove_oldest_unknown
09-17 19:03:31.728 D/wpa_supplicant( 1178): wlan0: BSS: Add new id 38637 BSSID e4:4e:2d:a4:62:2a SSID 'SWingCert-Enroll' freq 5560
09-17 19:03:31.728 D/wpa_supplicant( 1178): wlan0: BSS: Remove id 38440 BSSID d4:2c:46:1c:12:69 SSID 'Buffalo-A-1260' due to wpa_bss_remove_oldest_unknown
09-17 19:03:31.728 D/wpa_supplicant( 1178): wlan0: BSS: Add new id 38638 BSSID e4:4e:2d:a4:3b:2a SSID 'SWingCert-Enroll' freq 5540
09-17 19:03:31.728 W/IE_Capabilities(  702): Unknown RSN cipher suite: 6ac0f00
09-17 19:03:31.728 D/wpa_supplicant( 1178): wlan0: BSS: Remove id 38441 BSSID 88:57:ee:2c:18:d7 SSID 'Buffalo-A-18D5' due to wpa_bss_remove_oldest_unknown
09-17 19:03:31.728 D/wpa_supplicant( 1178): wlan0: BSS: Add new id 38639 BSSID e4:4e:2d:64:5e:63 SSID 'EngN' freq 2412
09-17 19:03:31.728 D/wpa_supplicant( 1178): wlan0: BSS: Remove id 38442 BSSID 18:c2:bf:c3:90:20 SSID 'PJInteg-CTSRoom' due to wpa_bss_remove_oldest_unknown
09-17 19:03:31.728 D/wpa_supplicant( 1178): wlan0: BSS: Add new id 38640 BSSID 1c:d1:e0:d5:75:01 SSID 'GuestNet' freq 2462
09-17 19:03:31.728 D/wpa_supplicant( 1178): wlan0: BSS: Remove id 38443 BSSID b6:be:76:a0:3d:53 SSID '' due to wpa_bss_remove_oldest_unknown
09-17 19:03:31.728 D/wpa_supplicant( 1178): wlan0: BSS: Add new id 38641 BSSID 1c:d1:e0:d5:75:05 SSID 'SWingCert-Enroll' freq 2462
09-17 19:03:31.728 D/wpa_supplicant( 1178): wlan0: BSS: Remove id 38444 BSSID 58:52:8a:68:27:06 SSID 'PJINTEG-015-A-NotUseForCTS' due to wpa_bss_remove_oldest_unknown
09-17 19:03:31.728 D/wpa_supplicant( 1178): wlan0: BSS: Add new id 38642 BSSID e4:4e:2d:64:5e:61 SSID 'GuestNet' freq 2412
09-17 19:03:31.729 D/wpa_supplicant( 1178): wlan0: BSS: Remove id 38445 BSSID b0:be:76:92:b4:6b SSID 'TP-Link_B46C_5G' due to wpa_bss_remove_oldest_unknown
09-17 19:03:31.729 D/wpa_supplicant( 1178): wlan0: BSS: Add new id 38643 BSSID 1c:d1:e0:d5:75:03 SSID 'EngN' freq 2462
09-17 19:03:31.729 D/wpa_supplicant( 1178): wlan0: BSS: Remove id 38446 BSSID b0:be:76:a0:3d:53 SSID 'TP-Link_3D54' due to wpa_bss_remove_oldest_unknown
09-17 19:03:31.729 D/wpa_supplicant( 1178): wlan0: BSS: Add new id 38644 BSSID e4:4e:2d:64:30:c1 SSID 'GuestNet' freq 2437
09-17 19:03:31.729 D/wpa_supplicant( 1178): wlan0: BSS: Remove id 38447 BSSID 18:ec:e7:86:05:79 SSID 'arib-system-ax4-50' due to wpa_bss_remove_oldest_unknown
09-17 19:03:31.729 D/wpa_supplicant( 1178): wlan0: BSS: Add new id 38645 BSSID 1c:d1:e0:dc:8e:41 SSID 'GuestNet' freq 2412
09-17 19:03:31.729 D/wpa_supplicant( 1178): wlan0: BSS: Remove id 38448 BSSID 74:03:bd:b9:c5:f7 SSID 'Buffalo-A-C5FE' due to wpa_bss_remove_oldest_unknown
09-17 19:03:31.729 D/wpa_supplicant( 1178): wlan0: BSS: Add new id 38646 BSSID e4:4e:2d:64:30:c5 SSID 'SWingCert-Enroll' freq 2437
09-17 19:03:31.729 W/IE_Capabilities(  702): Unknown RSN cipher suite: 6ac0f00
09-17 19:03:31.729 D/wpa_supplicant( 1178): wlan0: BSS: Remove id 38449 BSSID 60:32:b1:21:cb:23 SSID 'TP-Link_CB24_5G' due to wpa_bss_remove_oldest_unknown
09-17 19:03:31.729 D/wpa_supplicant( 1178): wlan0: BSS: Add new id 38647 BSSID e4:4e:2d:64:30:c3 SSID 'EngN' freq 2437
09-17 19:03:31.729 D/wpa_supplicant( 1178): wlan0: BSS: Remove id 38450 BSSID ec:5a:31:ac:ab:21 SSID '_b2b_wpa3_192' due to wpa_bss_remove_oldest_unknown
09-17 19:03:31.729 D/wpa_supplicant( 1178): wlan0: BSS: Add new id 38648 BSSID e4:4e:2d:a4:62:25 SSID 'SWingCert-Enroll' freq 2462
09-17 19:03:31.729 D/wpa_supplicant( 1178): wlan0: BSS: Remove id 38451 BSSID e4:4e:2d:7c:49:0b SSID 'SWing' due to wpa_bss_remove_oldest_unknown
09-17 19:03:31.729 D/wpa_supplicant( 1178): wlan0: BSS: Add new id 38649 BSSID fa:8f:ca:93:35:a5 SSID 'HT-A9.l055,' freq 2437
09-17 19:03:31.729 D/wpa_supplicant( 1178): wlan0: BSS: Remove id 38452 BSSID 84:e8:cb:a3:c9:3a SSID 'Buffalo-5G-C930-WPA3' due to wpa_bss_remove_oldest_unknown
09-17 19:03:31.729 D/wpa_supplicant( 1178): wlan0: BSS: Add new id 38650 BSSID fa:8f:ca:94:48:12 SSID 'STR-AN1000.h056,' freq 2437
09-17 19:03:31.729 D/wpa_supplicant( 1178): wlan0: BSS: Remove id 38453 BSSID 84:e8:cb:a3:c9:39 SSID '' due to wpa_bss_remove_oldest_unknown
09-17 19:03:31.729 D/wpa_supplicant( 1178): wlan0: BSS: Add new id 38651 BSSID fa:8f:ca:7f:51:36 SSID 'JBL Bar 5.0_64A8.l041' freq 2452
09-17 19:03:31.729 D/wpa_supplicant( 1178): wlan0: BSS: Remove id 38454 BSSID 2c:ff:65:00:7e:48 SSID 'rs500k-007e08-3' due to wpa_bss_remove_oldest_unknown
09-17 19:03:31.729 D/wpa_supplicant( 1178): wlan0: BSS: Add new id 38652 BSSID fa:8f:ca:6b:56:e0 SSID 'HT-A7000.l054,' freq 2437
09-17 19:03:31.729 D/wpa_supplicant( 1178): wlan0: BSS: Remove id 38455 BSSID 04:ab:18:3e:fc:f6 SSID 'elecom-3efcf3' due to wpa_bss_remove_oldest_unknown
09-17 19:03:31.730 D/wpa_supplicant( 1178): wlan0: BSS: Add new id 38653 BSSID 60:38:e0:55:f4:87 SSID 'belkin.484.guests' freq 2457
09-17 19:03:31.730 D/wpa_supplicant( 1178): wlan0: BSS: Remove id 38456 BSSID e4:4e:2d:64:30:cf SSID 'SWingS' due to wpa_bss_remove_oldest_unknown
09-17 19:03:31.730 D/wpa_supplicant( 1178): wlan0: BSS: Add new id 38654 BSSID fa:8f:ca:5d:8c:39 SSID 'STR-AN1000.h056,' freq 2437
09-17 19:03:31.730 D/wpa_supplicant( 1178): wlan0: BSS: Remove id 38457 BSSID e4:4e:2d:7d:82:2b SSID 'SWing' due to wpa_bss_remove_oldest_unknown
09-17 19:03:31.730 D/wpa_supplicant( 1178): wlan0: BSS: Add new id 38655 BSSID fa:8f:ca:88:e5:89 SSID 'HT-A3000.l074,' freq 2437
09-17 19:03:31.730 D/wpa_supplicant( 1178): wlan0: BSS: Remove id 38458 BSSID e4:4e:2d:a4:3b:2f SSID 'SWingS' due to wpa_bss_remove_oldest_unknown
09-17 19:03:31.730 D/wpa_supplicant( 1178): wlan0: BSS: Add new id 38656 BSSID fa:8f:ca:90:67:e2 SSID 'HT-A3000.l074,' freq 2437
09-17 19:03:31.730 D/wpa_supplicant( 1178): wlan0: BSS: Remove id 38459 BSSID 84:e8:cb:a3:c9:38 SSID 'Buffalo-5G-C930' due to wpa_bss_remove_oldest_unknown
09-17 19:03:31.730 D/wpa_supplicant( 1178): wlan0: BSS: Add new id 38657 BSSID e4:4e:2d:7c:9c:aa SSID 'SWingCert-Enroll' freq 5320
09-17 19:03:31.730 D/wpa_supplicant( 1178): wlan0: BSS: Remove id 38266 BSSID e4:4e:2d:7c:28:8f SSID 'SWingS' due to wpa_bss_remove_oldest_unknown
09-17 19:03:31.730 D/wpa_supplicant( 1178): wlan0: BSS: Add new id 38658 BSSID e4:4e:2d:7c:28:8a SSID 'SWingCert-Enroll' freq 5320
09-17 19:03:31.732 D/wpa_supplicant( 1178): wlan0: BSS: Remove id 38460 BSSID 1c:d1:e0:dc:8e:4f SSID 'SWingS' due to wpa_bss_remove_oldest_unknown
09-17 19:03:31.732 D/wpa_supplicant( 1178): wlan0: BSS: Add new id 38659 BSSID e4:4e:2d:7c:9c:ae SSID 'GuestNet' freq 5320
09-17 19:03:31.732 D/wpa_supplicant( 1178): wlan0: BSS: Remove id 38461 BSSID 1c:d1:e0:de:14:6b SSID 'SWing' due to wpa_bss_remove_oldest_unknown
09-17 19:03:31.732 D/wpa_supplicant( 1178): wlan0: BSS: Add new id 38660 BSSID e4:4e:2d:79:8e:4a SSID 'SWingCert-Enroll' freq 5260
09-17 19:03:31.732 D/wpa_supplicant( 1178): wlan0: BSS: Remove id 38269 BSSID e4:4e:2d:79:8e:4f SSID 'SWingS' due to wpa_bss_remove_oldest_unknown
09-17 19:03:31.732 D/wpa_supplicant( 1178): wlan0: BSS: Add new id 38661 BSSID e4:4e:2d:a4:55:4a SSID 'SWingCert-Enroll' freq 5680
09-17 19:03:31.732 D/wpa_supplicant( 1178): wlan0: BSS: Remove id 38462 BSSID e4:4e:2d:a4:3b:2b SSID 'SWing' due to wpa_bss_remove_oldest_unknown
09-17 19:03:31.732 D/wpa_supplicant( 1178): wlan0: BSS: Add new id 38662 BSSID e4:4e:2d:a4:55:4c SSID 'EngN' freq 5680
09-17 19:03:31.732 D/wpa_supplicant( 1178): wlan0: BSS: Remove id 38463 BSSID e4:4e:2d:79:8e:4d SSID '' due to wpa_bss_remove_oldest_unknown
09-17 19:03:31.732 D/wpa_supplicant( 1178): wlan0: BSS: Add new id 38663 BSSID e4:4e:2d:a4:55:4e SSID 'GuestNet' freq 5680
09-17 19:03:31.732 D/wpa_supplicant( 1178): wlan0: BSS: Remove id 38464 BSSID e4:4e:2d:a4:3b:2d SSID '' due to wpa_bss_remove_oldest_unknown
09-17 19:03:31.732 D/wpa_supplicant( 1178): wlan0: BSS: Add new id 38664 BSSID e4:4e:2d:7b:bc:aa SSID 'SWingCert-Enroll' freq 5660
09-17 19:03:31.732 D/wpa_supplicant( 1178): wlan0: BSS: Remove id 38465 BSSID e4:4e:2d:7c:49:0d SSID '' due to wpa_bss_remove_oldest_unknown
09-17 19:03:31.732 D/wpa_supplicant( 1178): wlan0: BSS: Add new id 38665 BSSID 1c:d1:e0:de:14:6a SSID 'SWingCert-Enroll' freq 5540
09-17 19:03:31.732 D/wpa_supplicant( 1178): wlan0: BSS: Remove id 38466 BSSID e4:4e:2d:7c:49:0f SSID 'SWingS' due to wpa_bss_remove_oldest_unknown
09-17 19:03:31.732 D/wpa_supplicant( 1178): wlan0: BSS: Add new id 38666 BSSID 1c:d1:e0:de:14:6c SSID 'EngN' freq 5540
09-17 19:03:31.732 D/wpa_supplicant( 1178): wlan0: BSS: Remove id 38467 BSSID e4:4e:2d:a4:62:2d SSID '' due to wpa_bss_remove_oldest_unknown
09-17 19:03:31.733 D/wpa_supplicant( 1178): wlan0: BSS: Add new id 38667 BSSID e4:4e:2d:7d:82:2e SSID 'GuestNet' freq 5580
09-17 19:03:31.733 D/wpa_supplicant( 1178): wlan0: BSS: Remove id 38468 BSSID e4:4e:2d:a4:62:2f SSID 'SWingS' due to wpa_bss_remove_oldest_unknown
09-17 19:03:31.733 D/wpa_supplicant( 1178): wlan0: BSS: Add new id 38668 BSSID e4:4e:2d:a4:aa:ac SSID 'EngN' freq 5500
09-17 19:03:31.733 D/wpa_supplicant( 1178): wlan0: BSS: Remove id 38469 BSSID e4:4e:2d:7c:28:8b SSID 'SWing' due to wpa_bss_remove_oldest_unknown
09-17 19:03:31.733 D/wpa_supplicant( 1178): wlan0: BSS: Add new id 38669 BSSID 1c:d1:e0:de:14:6e SSID 'GuestNet' freq 5540
09-17 19:03:31.733 D/wpa_supplicant( 1178): wlan0: BSS: Remove id 38470 BSSID 1c:d1:e0:d5:75:0d SSID '' due to wpa_bss_remove_oldest_unknown
09-17 19:03:31.733 D/wpa_supplicant( 1178): wlan0: BSS: Add new id 38670 BSSID 1c:d1:e0:dc:46:8a SSID 'SWingCert-Enroll' freq 5680
09-17 19:03:31.733 D/wpa_supplicant( 1178): wlan0: BSS: Remove id 38471 BSSID 1c:d1:e0:dc:8e:4b SSID 'SWing' due to wpa_bss_remove_oldest_unknown
09-17 19:03:31.733 D/wpa_supplicant( 1178): wlan0: BSS: Add new id 38671 BSSID 1c:d1:e0:dc:46:8e SSID 'GuestNet' freq 5680
09-17 19:03:31.733 D/wpa_supplicant( 1178): wlan0: BSS: Remove id 38472 BSSID e4:4e:2d:64:30:cb SSID 'SWing' due to wpa_bss_remove_oldest_unknown
09-17 19:03:31.733 D/wpa_supplicant( 1178): wlan0: BSS: Add new id 38672 BSSID e4:4e:2d:7d:82:2c SSID 'EngN' freq 5580
09-17 19:03:31.733 D/wpa_supplicant( 1178): wlan0: BSS: Remove id 38473 BSSID 1c:d1:e0:dc:8e:4d SSID '' due to wpa_bss_remove_oldest_unknown
09-17 19:03:31.733 D/wpa_supplicant( 1178): wlan0: BSS: Add new id 38673 BSSID e4:4e:2d:7c:06:2a SSID 'SWingCert-Enroll' freq 5580
09-17 19:03:31.733 D/wpa_supplicant( 1178): wlan0: BSS: Remove id 38474 BSSID e4:4e:2d:a4:55:4b SSID 'SWing' due to wpa_bss_remove_oldest_unknown
09-17 19:03:31.734 D/wpa_supplicant( 1178): wlan0: BSS: Add new id 38674 BSSID e4:4e:2d:7c:06:2e SSID 'GuestNet' freq 5580
09-17 19:03:31.734 D/wpa_supplicant( 1178): wlan0: BSS: Remove id 38475 BSSID e4:4e:2d:64:30:cd SSID '' due to wpa_bss_remove_oldest_unknown
09-17 19:03:31.734 D/wpa_supplicant( 1178): wlan0: BSS: Add new id 38675 BSSID e4:4e:2d:7c:06:2c SSID 'EngN' freq 5580
09-17 19:03:31.734 D/wpa_supplicant( 1178): wlan0: BSS: Remove id 38476 BSSID 2c:ff:65:00:0a:78 SSID 'rs500k-000a38-3' due to wpa_bss_remove_oldest_unknown
09-17 19:03:31.734 D/wpa_supplicant( 1178): wlan0: BSS: Add new id 38676 BSSID e4:4e:2d:7d:82:2a SSID 'SWingCert-Enroll' freq 5580
09-17 19:03:31.734 D/wpa_supplicant( 1178): wlan0: BSS: Remove id 38477 BSSID e4:4e:2d:7b:bc:ad SSID '' due to wpa_bss_remove_oldest_unknown
09-17 19:03:31.734 D/wpa_supplicant( 1178): wlan0: BSS: Add new id 38677 BSSID 1c:d1:e0:dc:46:8c SSID 'EngN' freq 5680
09-17 19:03:31.734 D/wpa_supplicant( 1178): wlan0: BSS: Remove id 38478 BSSID e4:4e:2d:a4:62:2b SSID 'SWing' due to wpa_bss_remove_oldest_unknown
09-17 19:03:31.734 D/wpa_supplicant( 1178): wlan0: BSS: Add new id 38678 BSSID e4:4e:2d:a4:aa:aa SSID 'SWingCert-Enroll' freq 5500
09-17 19:03:31.734 D/wpa_supplicant( 1178): wlan0: BSS: Remove id 38479 BSSID e4:4e:2d:7c:28:8d SSID '' due to wpa_bss_remove_oldest_unknown
09-17 19:03:31.734 D/wpa_supplicant( 1178): wlan0: BSS: Add new id 38679 BSSID 1c:d1:e0:e0:ed:2c SSID 'EngN' freq 5260
09-17 19:03:31.734 D/wpa_supplicant( 1178): wlan0: BSS: Remove id 38480 BSSID 1c:d1:e0:de:14:6f SSID 'SWingS' due to wpa_bss_remove_oldest_unknown
09-17 19:03:31.734 D/wpa_supplicant( 1178): wlan0: BSS: Add new id 38680 BSSID 1c:d1:e0:e0:ed:2e SSID 'GuestNet' freq 5260
09-17 19:03:31.734 D/wpa_supplicant( 1178): wlan0: BSS: Remove id 38481 BSSID e4:4e:2d:7b:bc:af SSID 'SWingS' due to wpa_bss_remove_oldest_unknown
09-17 19:03:31.734 D/wpa_supplicant( 1178): wlan0: BSS: Add new id 38681 BSSID e4:4e:2d:76:f2:4a SSID 'SWingCert-Enroll' freq 5680
09-17 19:03:31.734 D/wpa_supplicant( 1178): wlan0: BSS: Remove id 38482 BSSID e4:4e:2d:7c:9c:ad SSID '' due to wpa_bss_remove_oldest_unknown
09-17 19:03:31.734 D/wpa_supplicant( 1178): wlan0: BSS: Add new id 38682 BSSID 12:09:b4:71:0a:ac SSID 'SWS1day' freq 5700
09-17 19:03:31.735 W/IE_Capabilities(  702): Unknown RSN cipher suite: 6ac0f00
09-17 19:03:31.735 D/wpa_supplicant( 1178): wlan0: BSS: Remove id 38483 BSSID 18:c2:bf:f3:2e:58 SSID 'HyokaT-Buffalo-A_2.4GHz' due to wpa_bss_remove_oldest_unknown
09-17 19:03:31.735 D/wpa_supplicant( 1178): wlan0: BSS: Add new id 38683 BSSID e4:4e:2d:76:f2:4e SSID 'GuestNet' freq 5680
09-17 19:03:31.735 D/wpa_supplicant( 1178): wlan0: BSS: Remove id 38484 BSSID 60:84:bd:08:27:f8 SSID 'HyokaT-Free_Common' due to wpa_bss_remove_oldest_unknown
09-17 19:03:31.735 D/wpa_supplicant( 1178): wlan0: BSS: Add new id 38684 BSSID 1c:d1:e0:e0:ed:2a SSID 'SWingCert-Enroll' freq 5260
09-17 19:03:31.735 D/wpa_supplicant( 1178): wlan0: BSS: Remove id 38485 BSSID 34:3d:c4:f1:46:87 SSID 'Devlink-Buffalo1900-5G' due to wpa_bss_remove_oldest_unknown
09-17 19:03:31.735 D/wpa_supplicant( 1178): wlan0: BSS: Add new id 38685 BSSID e4:4e:2d:76:f2:4c SSID 'EngN' freq 5680
09-17 19:03:31.735 D/wpa_supplicant( 1178): wlan0: BSS: Remove id 38486 BSSID 1c:7c:98:64:e1:41 SSID 'SPW_X12_3aca88' due to wpa_bss_remove_oldest_unknown
09-17 19:03:31.735 D/wpa_supplicant( 1178): wlan0: BSS: Add new id 38686 BSSID 22:09:b4:71:0a:ac SSID '.FREE_Wi-Fi_PASSPORT' freq 5700
09-17 19:03:31.735 D/wpa_supplicant( 1178): BSS: last_scan_res_used=200/256
09-17 19:03:31.735 D/wpa_supplicant( 1178): wlan0: New scan results available (own=0 ext=1)
09-17 19:03:31.735 D/wpa_supplicant( 1178): wlan0: Do not use results from externally requested scan operation for network selection
09-17 19:03:31.735 D/wpa_supplicant( 1178): nl80211: Drv Event 103 (NL80211_CMD_VENDOR) received for wlan0
09-17 19:03:31.735 D/wpa_supplicant( 1178): nl80211: Vendor event: wiphy=0 vendor_id=0xce7 subcmd=153
09-17 19:03:31.735 D/wpa_supplicant( 1178): nl80211: Ignore unsupported vendor event
09-17 19:03:31.736 D/WifiNative(  702): get 300 scan results from wificond
09-17 19:03:31.737 D/WificondScannerImpl(  702): Filtering out 107 scan results.
09-17 19:03:31.738 I/kernel  ( 1178): [ 1704.372057][wlan][1178]mtk_cfg_get_txpower:(REQ WARN) STA doesn't support this function
09-17 19:03:31.768 I/kernel  (  555): [ 1704.401817][wlan][555]scanParsingRnrElement:(SCN STATE) OOB scan specific SSIDNum 1
09-17 19:03:31.797 I/kernel  (  555): [ 1704.430806][wlan][555]scanCheckEpigramVhtIE:(RLM WARN) [Epigram] prEpiIE->ucLength is too short, skip!
09-17 19:03:31.797 I/kernel  (  555): [ 1704.430821][wlan][555]scanCheckEpigramVhtIE:(RLM WARN) [Epigram] prEpiIE->ucLength is too short, skip!
09-17 19:03:31.797 I/kernel  (  555): [ 1704.430824][wlan][555]scanCheckEpigramVhtIE:(RLM WARN) [Epigram] prEpiIE->ucLength is too short, skip!
09-17 19:03:31.797 I/kernel  (  555): [ 1704.430826][wlan][555]scanCheckEpigramVhtIE:(RLM WARN) [Epigram] prEpiIE->ucLength is too short, skip!
09-17 19:03:31.811 I/WifiScanningService(  702): singleScanResults: ClientInfo[uid=1000, package=null, com.android.server.wifi.scanner.WifiScannerInternal$ScanListener@1ed7ef2],results=193
09-17 19:03:31.811 I/WifiScanningService(  702): singleScanResults: ClientInfo[uid=1000, package=android, com.android.server.wifi.scanner.WifiScannerInternal$ScanListener@76d1d69],results=193
09-17 19:03:31.811 I/WifiScanningService(  702): singleScanResults: ClientInfo[uid=1000, package=android, com.android.server.wifi.scanner.WifiScannerInternal$ScanListener@1c0508f],results=193
09-17 19:03:31.811 D/WifiScanRequestProxy(  702): Scan results received
09-17 19:03:31.811 D/WifiScanRequestProxy(  702): Received 193 scan results
09-17 19:03:31.811 I/WifiScanningService(  702): singleScanResults: ClientInfo[uid=1000, package=android, com.android.server.wifi.scanner.WifiScannerInternal$ScanListener@511c91a],results=193
09-17 19:03:31.812 I/WifiScanningService(  702): singleScanResults: ClientInfo[uid=10123, package=com.google.android.gms, android.net.wifi.IWifiScannerListener$Stub$Proxy@bb52191],results=193
09-17 19:03:31.812 D/WifiHealthMonitor(  702):  2G scanResult count: 37, Above2g scanResult count: 156
09-17 19:03:31.813 D/PasspointManager(  702): ANQP entry not found for: 38:97:a4:64:cb:55:<elecom-64cb54>
09-17 19:03:31.813 D/PasspointManager(  702): No service provider found for elecom-64cb54
09-17 19:03:31.813 D/PasspointManager(  702): ANQP entry not found for: ec:5a:31:ac:ab:11:<_b2b_wpa3_192>
09-17 19:03:31.814 D/PasspointManager(  702): No service provider found for _b2b_wpa3_192
09-17 19:03:31.814 V/WifiPickerTracker( 1468): Received broadcast: android.net.wifi.SCAN_RESULTS
09-17 19:03:31.814 I/WifiService(  702): getWifiEnabledState uid=1000 state=3
09-17 19:03:31.814 I/WifiService(  702): getScanResults uid=1000
09-17 19:03:31.815 D/PasspointManager(  702): ANQP entry not found for: 38:97:a4:64:cb:56:<elecom-64cb54>
09-17 19:03:31.815 D/PasspointManager(  702): No service provider found for elecom-64cb54
09-17 19:03:31.816 I/WifiScanningService(  702): Unregistering listener= com.android.server.wifi.scanner.WifiScannerInternal$ScanListener@1ed7ef2 uid=1000 packageName=null workSource=WorkSource{1000}
09-17 19:03:31.816 D/PasspointManager(  702): ANQP entry not found for: ec:5a:31:ac:ab:21:<_b2b_wpa3_192>
09-17 19:03:31.816 D/PasspointManager(  702): No service provider found for _b2b_wpa3_192
09-17 19:03:31.817 D/PasspointManager(  702): ANQP entry not found for: 84:e8:cb:5e:3a:21:<BF_AP29_6_192bit>
09-17 19:03:31.817 D/PasspointManager(  702): No service provider found for BF_AP29_6_192bit
09-17 19:03:31.817 D/PasspointManager(  702): ANQP entry not found for: 84:e8:cb:a3:c9:39:<>
09-17 19:03:31.817 D/PasspointManager(  702): No service provider found for 
09-17 19:03:31.818 D/PasspointManager(  702): ANQP entry not found for: 84:e8:cb:a3:c9:38:<Buffalo-5G-C930>
09-17 19:03:31.818 D/PasspointManager(  702): No service provider found for Buffalo-5G-C930
09-17 19:03:31.821 D/PasspointManager(  702): ANQP entry not found for: 68:e1:dc:a9:f6:29:<Buffalo-5G-F620>
09-17 19:03:31.821 D/PasspointManager(  702): No service provider found for Buffalo-5G-F620
09-17 19:03:31.823 V/WifiConnectivityManager(  702): AllSingleScanListener onResults: start network selection
09-17 19:03:31.830 D/WifiNetworkSelector(  702): Networks filtered out due to invalid SSID: 3e:52:a1:24:20:33 / 96:46:8d:38:ec:90 / 6e:b2:27:22:da:1c / 6e:b2:27:86:c5:be / 3e:52:a1:74:20:33 / 6e:b2:27:7a:0a:c7 / 84:e8:cb:a3:c9:39 / 1c:d1:e0:e0:ed:2d / e4:4e:2d:7b:a3:6d / 6e:b2:27:de:13:aa / e4:4e:2d:7c:28:8d / e4:4e:2d:64:5e:6d / e4:4e:2d:7c:49:0d / 1c:d1:e0:de:14:6d / e4:4e:2d:a4:62:2d / 1c:d1:e0:dc:8e:4d / e4:4e:2d:64:30:cd / 1c:d1:e0:dc:46:8d / e4:4e:2d:a4:55:4d / 6e:b2:27:b1:dc:f2 / b6:be:76:a0:3d:53 / 6e:b2:27:86:b8:4f / e4:4e:2d:79:8e:4d / e4:4e:2d:7c:9c:ad / 6e:b2:27:ea:e1:0a / 04:ab:18:65:c1:d3 / 62:45:b9:18:8e:b9 / 1c:d1:e0:d5:75:02 / 62:45:b8:ba:90:70 / 
