09-17 19:04:29.393 D/wpa_supplicant( 1178): wlan0: BSS: Remove id 40443 BSSID e4:4e:2d:64:5e:6b SSID 'SWing' due to wpa_bss_remove_oldest_unknown
09-17 19:04:29.393 D/wpa_supplicant( 1178): wlan0: BSS: Add new id 40639 BSSID 2e:b1:7f:e0:1d:3e SSID 'Aterm-WG1400HP_GW' freq 2437
09-17 19:04:29.393 D/wpa_supplicant( 1178): wlan0: BSS: Remove id 40444 BSSID e4:4e:2d:64:5e:6f SSID 'SWingS' due to wpa_bss_remove_oldest_unknown
09-17 19:04:29.393 D/wpa_supplicant( 1178): wlan0: BSS: Add new id 40640 BSSID d2:25:a2:c9:2b:52 SSID '\x00\x00\x00\x00\x00\x00\x00\x00\x00\x00\x00\x00\x00\x00\x00' freq 2417
09-17 19:04:29.393 D/wpa_supplicant( 1178): wlan0: BSS: Remove id 40445 BSSID e4:4e:2d:7b:a3:6b SSID 'SWing' due to wpa_bss_remove_oldest_unknown
09-17 19:04:29.393 D/wpa_supplicant( 1178): wlan0: BSS: Add new id 40641 BSSID c2:25:a2:7a:43:c6 SSID '\x00\x00\x00\x00\x00\x00\x00\x00\x00\x00\x00\x00\x00\x00\x00' freq 2412
09-17 19:04:29.393 D/wpa_supplicant( 1178): wlan0: BSS: Remove id 40446 BSSID 1c:b1:7f:e0:1d:3f SSID 'Aterm-WG1400HP_A' due to wpa_bss_remove_oldest_unknown
09-17 19:04:29.393 D/wpa_supplicant( 1178): wlan0: BSS: Add new id 40642 BSSID 62:45:b8:ba:90:70 SSID '' freq 5180
09-17 19:04:29.393 D/wpa_supplicant( 1178): wlan0: BSS: Remove id 40447 BSSID ec:1a:59:5c:7b:f8 SSID 'IPv6_dual_5GHz' due to wpa_bss_remove_oldest_unknown
09-17 19:04:29.393 D/wpa_supplicant( 1178): wlan0: BSS: Add new id 40643 BSSID 62:45:b9:30:b8:a2 SSID '' freq 5200
09-17 19:04:29.393 D/wpa_supplicant( 1178): BSS: 62:45:b8:ba:90:70 has multiple entries in the scan results - select the most current one
09-17 19:04:29.393 D/wpa_supplicant( 1178): Previous last_update: 1739.213190 (freq 5180)
09-17 19:04:29.393 D/wpa_supplicant( 1178): New last_update: 1755.289190 (freq 5200)
09-17 19:04:29.393 D/wpa_supplicant( 1178): Accept this BSS entry since it looks more current than the previous update
09-17 19:04:29.393 D/wpa_supplicant( 1178): BSS: 62:45:b8:ba:90:70 changed freq 5180 --> 5200
09-17 19:04:29.393 D/wpa_supplicant( 1178): wlan0: BSS: Remove id 40448 BSSID 58:ef:68:ab:66:e4 SSID 'Linksys18401_5Ghz' due to wpa_bss_remove_oldest_unknown
09-17 19:04:29.393 D/wpa_supplicant( 1178): wlan0: BSS: Add new id 40644 BSSID 62:45:b9:18:8e:b9 SSID '' freq 5240
09-17 19:04:29.393 D/wpa_supplicant( 1178): wlan0: BSS: Remove id 40449 BSSID 6c:e4:da:e2:f9:9b SSID 'DevlinkAterm5g' due to wpa_bss_remove_oldest_unknown
09-17 19:04:29.394 D/wpa_supplicant( 1178): wlan0: BSS: Add new id 40645 BSSID 62:45:b8:d9:bb:e9 SSID '' freq 5220
09-17 19:04:29.394 D/wpa_supplicant( 1178): wlan0: BSS: Remove id 40450 BSSID c0:25:a2:c9:2b:53 SSID 'devlink-aterm-wg1800hp2-5g' due to wpa_bss_remove_oldest_unknown
09-17 19:04:29.394 D/wpa_supplicant( 1178): wlan0: BSS: Add new id 40646 BSSID e4:4e:2d:64:5e:6e SSID 'GuestNet' freq 5500
09-17 19:04:29.394 D/wpa_supplicant( 1178): wlan0: BSS: Remove id 40451 BSSID 58:52:8a:47:85:a1 SSID 'rs500m-47859f-3' due to wpa_bss_remove_oldest_unknown
09-17 19:04:29.394 D/wpa_supplicant( 1178): wlan0: BSS: Add new id 40647 BSSID e4:4e:2d:64:5e:6c SSID 'EngN' freq 5500
09-17 19:04:29.394 D/wpa_supplicant( 1178): wlan0: BSS: Remove id 40452 BSSID 60:84:bd:08:27:f0 SSID 'HyokaT-Free_Common' due to wpa_bss_remove_oldest_unknown
09-17 19:04:29.394 D/wpa_supplicant( 1178): wlan0: BSS: Add new id 40648 BSSID e4:4e:2d:64:5e:6a SSID 'SWingCert-Enroll' freq 5500
09-17 19:04:29.394 D/wpa_supplicant( 1178): wlan0: BSS: Remove id 40453 BSSID 74:03:bd:d2:43:d7 SSID 'DevlinkBT16F_Buffalo5' due to wpa_bss_remove_oldest_unknown
09-17 19:04:29.394 D/wpa_supplicant( 1178): wlan0: BSS: Add new id 40649 BSSID e4:4e:2d:7b:a3:6c SSID 'EngN' freq 5260
09-17 19:04:29.394 D/wpa_supplicant( 1178): wlan0: BSS: Remove id 40454 BSSID 80:22:a7:26:9c:67 SSID 'arch-16f-a' due to wpa_bss_remove_oldest_unknown
09-17 19:04:29.394 D/wpa_supplicant( 1178): wlan0: BSS: Add new id 40650 BSSID e4:4e:2d:7b:a3:6e SSID 'GuestNet' freq 5260
09-17 19:04:29.394 D/wpa_supplicant( 1178): wlan0: BSS: Remove id 40455 BSSID c0:25:a2:df:54:7f SSID 'HyokaT-NEC_5GHz' due to wpa_bss_remove_oldest_unknown
09-17 19:04:29.394 D/wpa_supplicant( 1178): wlan0: BSS: Add new id 40651 BSSID e4:4e:2d:7b:a3:6a SSID 'SWingCert-Enroll' freq 5260
09-17 19:04:29.394 D/wpa_supplicant( 1178): wlan0: BSS: Remove id 40456 BSSID 18:c2:bf:f3:2e:50 SSID 'HyokaT-Buffalo-A_2.4GHz' due to wpa_bss_remove_oldest_unknown
09-17 19:04:29.394 D/wpa_supplicant( 1178): wlan0: BSS: Add new id 40652 BSSID 1c:d1:e0:d5:75:0a SSID 'SWingCert-Enroll' freq 5580
09-17 19:04:29.394 D/wpa_supplicant( 1178): wlan0: BSS: Remove id 40457 BSSID 60:84:bd:9e:81:7c SSID 'Buffalo-A-8178' due to wpa_bss_remove_oldest_unknown
09-17 19:04:29.394 D/wpa_supplicant( 1178): wlan0: BSS: Add new id 40653 BSSID 1c:d1:e0:d5:75:0e SSID 'GuestNet' freq 5580
09-17 19:04:29.395 D/wpa_supplicant( 1178): wlan0: BSS: Remove id 40458 BSSID 08:10:86:0c:e0:53 SSID 'PerformanceWiFi-a' due to wpa_bss_remove_oldest_unknown
09-17 19:04:29.395 D/wpa_supplicant( 1178): wlan0: BSS: Add new id 40654 BSSID 1c:d1:e0:d5:75:0c SSID 'EngN' freq 5580
09-17 19:04:29.395 D/wpa_supplicant( 1178): wlan0: BSS: Remove id 40459 BSSID 98:f1:99:67:fa:53 SSID 'aterm-a07850-a' due to wpa_bss_remove_oldest_unknown
09-17 19:04:29.395 D/wpa_supplicant( 1178): wlan0: BSS: Add new id 40655 BSSID 1c:d1:e0:dc:8e:4a SSID 'SWingCert-Enroll' freq 5580
09-17 19:04:29.395 D/wpa_supplicant( 1178): wlan0: BSS: Remove id 40460 BSSID c0:25:a2:7a:43:c7 SSID 'MIB-16F-P17W-a' due to wpa_bss_remove_oldest_unknown
09-17 19:04:29.395 D/wpa_supplicant( 1178): wlan0: BSS: Add new id 40656 BSSID e4:4e:2d:7b:bc:ae SSID 'GuestNet' freq 5660
09-17 19:04:29.395 D/wpa_supplicant( 1178): wlan0: BSS: Remove id 40461 BSSID e4:4e:2d:7b:a3:6d SSID '' due to wpa_bss_remove_oldest_unknown
09-17 19:04:29.406 I/kernel  ( 1178): [ 1762.039164][wlan][1178]mtk_cfg_get_txpower:(REQ WARN) STA doesn't support this function
09-17 19:04:29.395 D/wpa_supplicant( 1178): wlan0: BSS: Add new id 40657 BSSID e4:4e:2d:7c:28:8c SSID 'EngN' freq 5320
09-17 19:04:29.395 D/wpa_supplicant( 1178): wlan0: BSS: Remove id 40462 BSSID c4:3c:ea:6c:7b:9a SSID 'Buffalo-A-7B90-WPA3' due to wpa_bss_remove_oldest_unknown
09-17 19:04:29.395 D/wpa_supplicant( 1178): wlan0: BSS: Add new id 40658 BSSID 1c:d1:e0:dc:8e:4c SSID 'EngN' freq 5580
09-17 19:04:29.395 D/wpa_supplicant( 1178): wlan0: BSS: Remove id 40463 BSSID c4:3c:ea:6c:7b:98 SSID '' due to wpa_bss_remove_oldest_unknown
09-17 19:04:29.395 D/wpa_supplicant( 1178): wlan0: BSS: Add new id 40659 BSSID e4:4e:2d:a4:62:2c SSID 'EngN' freq 5560
09-17 19:04:29.395 D/wpa_supplicant( 1178): wlan0: BSS: Remove id 40464 BSSID 10:4b:46:d8:31:75 SSID 'pr500m-d83173-3' due to wpa_bss_remove_oldest_unknown
09-17 19:04:29.395 D/wpa_supplicant( 1178): wlan0: BSS: Add new id 40660 BSSID e4:4e:2d:a4:3b:2e SSID 'GuestNet' freq 5540
09-17 19:04:29.395 D/wpa_supplicant( 1178): wlan0: BSS: Remove id 40465 BSSID c4:3c:ea:6c:7b:99 SSID 'Buffalo-A-7B90' due to wpa_bss_remove_oldest_unknown
09-17 19:04:29.395 D/wpa_supplicant( 1178): wlan0: BSS: Add new id 40661 BSSID e4:4e:2d:a4:3b:2c SSID 'EngN' freq 5540
09-17 19:04:29.395 D/wpa_supplicant( 1178): wlan0: BSS: Remove id 40466 BSSID 1c:d1:e0:d5:75:0d SSID '' due to wpa_bss_remove_oldest_unknown
09-17 19:04:29.395 D/wpa_supplicant( 1178): wlan0: BSS: Add new id 40662 BSSID e4:4e:2d:7b:bc:ac SSID 'EngN' freq 5660
09-17 19:04:29.395 D/wpa_supplicant( 1178): wlan0: BSS: Remove id 40467 BSSID 1c:d1:e0:d5:75:0b SSID 'SWing' due to wpa_bss_remove_oldest_unknown
09-17 19:04:29.395 D/wpa_supplicant( 1178): wlan0: BSS: Add new id 40663 BSSID 1c:d1:e0:dc:8e:4e SSID 'GuestNet' freq 5580
09-17 19:04:29.396 D/wpa_supplicant( 1178): wlan0: BSS: Remove id 40468 BSSID 84:af:ec:c1:df:3c SSID 'Buffalo-A-DF38' due to wpa_bss_remove_oldest_unknown
09-17 19:04:29.396 D/wpa_supplicant( 1178): wlan0: BSS: Add new id 40664 BSSID e4:4e:2d:7c:9c:ac SSID 'EngN' freq 5320
09-17 19:04:29.396 D/wpa_supplicant( 1178): wlan0: BSS: Remove id 40469 BSSID 34:97:f6:01:f4:cc SSID 'PJINTEG-012-A-CTSRoom' due to wpa_bss_remove_oldest_unknown
09-17 19:04:29.396 D/wpa_supplicant( 1178): wlan0: BSS: Add new id 40665 BSSID e4:4e:2d:7c:49:0c SSID 'EngN' freq 5540
09-17 19:04:29.396 D/wpa_supplicant( 1178): wlan0: BSS: Remove id 40470 BSSID ec:5a:31:ac:ab:11 SSID '_b2b_wpa3_192' due to wpa_bss_remove_oldest_unknown
09-17 19:04:29.396 D/wpa_supplicant( 1178): wlan0: BSS: Add new id 40666 BSSID e4:4e:2d:7c:49:0e SSID 'GuestNet' freq 5540
09-17 19:04:29.396 D/wpa_supplicant( 1178): wlan0: BSS: Remove id 40471 BSSID d4:2c:46:1c:12:69 SSID 'Buffalo-A-1260' due to wpa_bss_remove_oldest_unknown
09-17 19:04:29.396 D/wpa_supplicant( 1178): wlan0: BSS: Add new id 40667 BSSID e4:4e:2d:64:30:cc SSID 'EngN' freq 5660
09-17 19:04:29.396 D/wpa_supplicant( 1178): wlan0: BSS: Remove id 40472 BSSID e4:4e:2d:7c:49:0b SSID 'SWing' due to wpa_bss_remove_oldest_unknown
09-17 19:04:29.396 D/wpa_supplicant( 1178): wlan0: BSS: Add new id 40668 BSSID e4:4e:2d:a4:62:2a SSID 'SWingCert-Enroll' freq 5560
09-17 19:04:29.396 D/wpa_supplicant( 1178): wlan0: BSS: Remove id 40473 BSSID 34:3d:c4:1e:98:68 SSID 'Buffalo-A-9866' due to wpa_bss_remove_oldest_unknown
09-17 19:04:29.396 D/wpa_supplicant( 1178): wlan0: BSS: Add new id 40669 BSSID e4:4e:2d:a4:62:2e SSID 'GuestNet' freq 5560
09-17 19:04:29.396 D/wpa_supplicant( 1178): wlan0: BSS: Remove id 40474 BSSID 18:c2:bf:c3:90:20 SSID 'PJInteg-CTSRoom' due to wpa_bss_remove_oldest_unknown
09-17 19:04:29.396 D/wpa_supplicant( 1178): wlan0: BSS: Add new id 40670 BSSID e4:4e:2d:64:30:ca SSID 'SWingCert-Enroll' freq 5660
09-17 19:04:29.396 D/wpa_supplicant( 1178): wlan0: BSS: Remove id 40475 BSSID 48:f8:b3:a5:e4:ff SSID 'Devlink_Linksys_5GHz' due to wpa_bss_remove_oldest_unknown
09-17 19:04:29.396 D/wpa_supplicant( 1178): wlan0: BSS: Add new id 40671 BSSID e4:4e:2d:7b:a3:61 SSID 'GuestNet' freq 2437
09-17 19:04:29.396 D/wpa_supplicant( 1178): wlan0: BSS: Remove id 40476 BSSID b0:be:76:a0:3d:53 SSID 'TP-Link_3D54' due to wpa_bss_remove_oldest_unknown
09-17 19:04:29.396 D/wpa_supplicant( 1178): wlan0: BSS: Add new id 40672 BSSID 1c:d1:e0:d5:75:01 SSID 'GuestNet' freq 2462
09-17 19:04:29.396 D/wpa_supplicant( 1178): wlan0: BSS: Remove id 40477 BSSID b6:be:76:a0:3d:53 SSID '' due to wpa_bss_remove_oldest_unknown
09-17 19:04:29.396 D/wpa_supplicant( 1178): wlan0: BSS: Add new id 40673 BSSID e4:4e:2d:64:30:c1 SSID 'GuestNet' freq 2437
09-17 19:04:29.397 D/wpa_supplicant( 1178): wlan0: BSS: Remove id 40478 BSSID 18:c2:bf:c3:90:10 SSID 'PJInteg-CTSRoom' due to wpa_bss_remove_oldest_unknown
09-17 19:04:29.397 D/wpa_supplicant( 1178): wlan0: BSS: Add new id 40674 BSSID e4:4e:2d:64:30:c5 SSID 'SWingCert-Enroll' freq 2437
09-17 19:04:29.397 D/wpa_supplicant( 1178): wlan0: BSS: Remove id 40479 BSSID 58:52:8a:68:27:06 SSID 'PJINTEG-015-A-NotUseForCTS' due to wpa_bss_remove_oldest_unknown
09-17 19:04:29.397 D/wpa_supplicant( 1178): wlan0: BSS: Add new id 40675 BSSID e4:4e:2d:64:30:c3 SSID 'EngN' freq 2437
09-17 19:04:29.397 D/wpa_supplicant( 1178): wlan0: BSS: Remove id 40480 BSSID 88:57:ee:2c:18:d7 SSID 'Buffalo-A-18D5' due to wpa_bss_remove_oldest_unknown
09-17 19:04:29.397 D/wpa_supplicant( 1178): wlan0: BSS: Add new id 40676 BSSID e4:4e:2d:a4:62:21 SSID 'GuestNet' freq 2462
09-17 19:04:29.397 D/wpa_supplicant( 1178): wlan0: BSS: Remove id 40481 BSSID b0:be:76:92:b4:6b SSID 'TP-Link_B46C_5G' due to wpa_bss_remove_oldest_unknown
09-17 19:04:29.397 D/wpa_supplicant( 1178): wlan0: BSS: Add new id 40677 BSSID fa:8f:ca:93:35:a5 SSID 'HT-A9.l055,' freq 2437
09-17 19:04:29.397 D/wpa_supplicant( 1178): wlan0: BSS: Remove id 40482 BSSID 74:03:bd:b9:c5:f7 SSID 'Buffalo-A-C5FE' due to wpa_bss_remove_oldest_unknown
09-17 19:04:29.397 D/wpa_supplicant( 1178): wlan0: BSS: Add new id 40678 BSSID fa:8f:ca:7f:51:36 SSID 'JBL Bar 5.0_64A8.l041' freq 2452
09-17 19:04:29.397 D/wpa_supplicant( 1178): wlan0: BSS: Remove id 40483 BSSID d4:2c:46:1c:12:6a SSID 'Buffalo-A-1260-WPA3' due to wpa_bss_remove_oldest_unknown
09-17 19:04:29.397 D/wpa_supplicant( 1178): wlan0: BSS: Add new id 40679 BSSID 60:38:e0:55:f4:87 SSID 'belkin.484.guests' freq 2457
09-17 19:04:29.397 D/wpa_supplicant( 1178): wlan0: BSS: Remove id 40484 BSSID 60:32:b1:21:cb:23 SSID 'TP-Link_CB24_5G' due to wpa_bss_remove_oldest_unknown
09-17 19:04:29.397 D/wpa_supplicant( 1178): wlan0: BSS: Add new id 40680 BSSID fa:8f:ca:5d:8c:39 SSID 'STR-AN1000.h056,' freq 2437
09-17 19:04:29.397 D/wpa_supplicant( 1178): wlan0: BSS: Remove id 40485 BSSID 2c:ff:65:00:7e:48 SSID 'rs500k-007e08-3' due to wpa_bss_remove_oldest_unknown
09-17 19:04:29.397 D/wpa_supplicant( 1178): wlan0: BSS: Add new id 40681 BSSID fa:8f:ca:88:e5:89 SSID 'HT-A3000.l074,' freq 2437
09-17 19:04:29.397 D/wpa_supplicant( 1178): wlan0: BSS: Remove id 40486 BSSID 84:e8:cb:a3:c9:3a SSID 'Buffalo-5G-C930-WPA3' due to wpa_bss_remove_oldest_unknown
09-17 19:04:29.397 D/wpa_supplicant( 1178): wlan0: BSS: Add new id 40682 BSSID fa:8f:ca:90:67:e2 SSID 'HT-A3000.l074,' freq 2437
09-17 19:04:29.397 D/wpa_supplicant( 1178): wlan0: BSS: Remove id 40487 BSSID 18:ec:e7:86:05:79 SSID 'arib-system-ax4-50' due to wpa_bss_remove_oldest_unknown
09-17 19:04:29.397 D/wpa_supplicant( 1178): wlan0: BSS: Add new id 40683 BSSID e4:4e:2d:a4:3b:2a SSID 'SWingCert-Enroll' freq 5540
09-17 19:04:29.398 D/wpa_supplicant( 1178): wlan0: BSS: Remove id 40488 BSSID 04:ab:18:3e:fc:f6 SSID 'elecom-3efcf3' due to wpa_bss_remove_oldest_unknown
09-17 19:04:29.398 D/wpa_supplicant( 1178): wlan0: BSS: Add new id 40684 BSSID e4:4e:2d:7d:82:2e SSID 'GuestNet' freq 5580
09-17 19:04:29.398 D/wpa_supplicant( 1178): wlan0: BSS: Remove id 40489 BSSID ec:5a:31:ac:ab:21 SSID '_b2b_wpa3_192' due to wpa_bss_remove_oldest_unknown
09-17 19:04:29.398 D/wpa_supplicant( 1178): wlan0: BSS: Add new id 40685 BSSID e4:4e:2d:64:30:ce SSID 'GuestNet' freq 5660
09-17 19:04:29.398 D/wpa_supplicant( 1178): wlan0: BSS: Remove id 40490 BSSID e4:4e:2d:a4:3b:2d SSID '' due to wpa_bss_remove_oldest_unknown
09-17 19:04:29.398 D/wpa_supplicant( 1178): wlan0: BSS: Add new id 40686 BSSID e4:4e:2d:7c:9c:ae SSID 'GuestNet' freq 5320
09-17 19:04:29.398 D/wpa_supplicant( 1178): wlan0: BSS: Remove id 40491 BSSID e4:4e:2d:a4:62:2b SSID 'SWing' due to wpa_bss_remove_oldest_unknown
09-17 19:04:29.398 D/wpa_supplicant( 1178): wlan0: BSS: Add new id 40687 BSSID e4:4e:2d:7c:9c:aa SSID 'SWingCert-Enroll' freq 5320
09-17 19:04:29.398 D/wpa_supplicant( 1178): wlan0: BSS: Remove id 40492 BSSID e4:4e:2d:a4:62:2f SSID 'SWingS' due to wpa_bss_remove_oldest_unknown
09-17 19:04:29.398 D/wpa_supplicant( 1178): wlan0: BSS: Add new id 40688 BSSID e4:4e:2d:7c:28:8e SSID 'GuestNet' freq 5320
09-17 19:04:29.398 D/wpa_supplicant( 1178): wlan0: BSS: Remove id 40493 BSSID 1c:d1:e0:d5:75:0f SSID 'SWingS' due to wpa_bss_remove_oldest_unknown
09-17 19:04:29.398 D/wpa_supplicant( 1178): wlan0: BSS: Add new id 40689 BSSID e4:4e:2d:7c:28:8a SSID 'SWingCert-Enroll' freq 5320
09-17 19:04:29.398 D/wpa_supplicant( 1178): wlan0: BSS: Remove id 40494 BSSID e4:4e:2d:7c:49:0f SSID 'SWingS' due to wpa_bss_remove_oldest_unknown
09-17 19:04:29.398 D/wpa_supplicant( 1178): wlan0: BSS: Add new id 40690 BSSID e4:4e:2d:79:8e:4a SSID 'SWingCert-Enroll' freq 5260
09-17 19:04:29.398 D/wpa_supplicant( 1178): wlan0: BSS: Remove id 40495 BSSID 1c:d1:e0:dc:8e:4b SSID 'SWing' due to wpa_bss_remove_oldest_unknown
09-17 19:04:29.398 D/wpa_supplicant( 1178): wlan0: BSS: Add new id 40691 BSSID e4:4e:2d:79:8e:4e SSID 'GuestNet' freq 5260
09-17 19:04:29.398 D/wpa_supplicant( 1178): wlan0: BSS: Remove id 40496 BSSID e4:4e:2d:a4:55:4b SSID 'SWing' due to wpa_bss_remove_oldest_unknown
09-17 19:04:29.398 D/wpa_supplicant( 1178): wlan0: BSS: Add new id 40692 BSSID e4:4e:2d:79:8e:4c SSID 'EngN' freq 5260
09-17 19:04:29.398 D/wpa_supplicant( 1178): wlan0: BSS: Remove id 40497 BSSID e4:4e:2d:a4:62:2d SSID '' due to wpa_bss_remove_oldest_unknown
09-17 19:04:29.398 D/wpa_supplicant( 1178): wlan0: BSS: Add new id 40693 BSSID 1c:d1:e0:de:14:6c SSID 'EngN' freq 5540
09-17 19:04:29.399 D/wpa_supplicant( 1178): wlan0: BSS: Remove id 40498 BSSID e4:4e:2d:a4:3b:2b SSID 'SWing' due to wpa_bss_remove_oldest_unknown
09-17 19:04:29.399 D/wpa_supplicant( 1178): wlan0: BSS: Add new id 40694 BSSID 1c:d1:e0:de:14:6e SSID 'GuestNet' freq 5540
09-17 19:04:29.399 D/wpa_supplicant( 1178): wlan0: BSS: Remove id 40499 BSSID e4:4e:2d:7b:bc:ad SSID '' due to wpa_bss_remove_oldest_unknown
09-17 19:04:29.399 D/wpa_supplicant( 1178): wlan0: BSS: Add new id 40695 BSSID 1c:d1:e0:de:14:6a SSID 'SWingCert-Enroll' freq 5540
09-17 19:04:29.399 D/wpa_supplicant( 1178): wlan0: BSS: Remove id 40500 BSSID 84:e8:cb:a3:c9:39 SSID '' due to wpa_bss_remove_oldest_unknown
09-17 19:04:29.399 D/wpa_supplicant( 1178): wlan0: BSS: Add new id 40696 BSSID e4:4e:2d:a4:55:4c SSID 'EngN' freq 5680
09-17 19:04:29.399 D/wpa_supplicant( 1178): wlan0: BSS: Remove id 40501 BSSID e4:4e:2d:7b:bc:af SSID 'SWingS' due to wpa_bss_remove_oldest_unknown
09-17 19:04:29.399 D/wpa_supplicant( 1178): wlan0: BSS: Add new id 40697 BSSID e4:4e:2d:a4:55:4a SSID 'SWingCert-Enroll' freq 5680
09-17 19:04:29.399 D/wpa_supplicant( 1178): wlan0: BSS: Remove id 40502 BSSID e4:4e:2d:7c:28:8b SSID 'SWing' due to wpa_bss_remove_oldest_unknown
09-17 19:04:29.399 D/wpa_supplicant( 1178): wlan0: BSS: Add new id 40698 BSSID e4:4e:2d:a4:55:4e SSID 'GuestNet' freq 5680
09-17 19:04:29.399 D/wpa_supplicant( 1178): wlan0: BSS: Remove id 40503 BSSID 84:e8:cb:a3:c9:38 SSID 'Buffalo-5G-C930' due to wpa_bss_remove_oldest_unknown
09-17 19:04:29.399 D/wpa_supplicant( 1178): wlan0: BSS: Add new id 40699 BSSID e4:4e:2d:7b:bc:aa SSID 'SWingCert-Enroll' freq 5660
09-17 19:04:29.399 D/wpa_supplicant( 1178): wlan0: BSS: Remove id 40504 BSSID e4:4e:2d:7c:9c:ad SSID '' due to wpa_bss_remove_oldest_unknown
09-17 19:04:29.399 D/wpa_supplicant( 1178): wlan0: BSS: Add new id 40700 BSSID 1c:d1:e0:dc:46:8a SSID 'SWingCert-Enroll' freq 5680
09-17 19:04:29.399 D/wpa_supplicant( 1178): wlan0: BSS: Remove id 40315 BSSID e4:4e:2d:a4:aa:ad SSID '' due to wpa_bss_remove_oldest_unknown
09-17 19:04:29.399 D/wpa_supplicant( 1178): wlan0: BSS: Add new id 40701 BSSID e4:4e:2d:a4:aa:aa SSID 'SWingCert-Enroll' freq 5500
09-17 19:04:29.399 D/wpa_supplicant( 1178): wlan0: BSS: Remove id 40310 BSSID e4:4e:2d:a4:aa:af SSID 'SWingS' due to wpa_bss_remove_oldest_unknown
09-17 19:04:29.399 D/wpa_supplicant( 1178): wlan0: BSS: Add new id 40702 BSSID e4:4e:2d:7d:82:2a SSID 'SWingCert-Enroll' freq 5580
09-17 19:04:29.399 D/wpa_supplicant( 1178): wlan0: BSS: Remove id 40505 BSSID e4:4e:2d:7c:49:0d SSID '' due to wpa_bss_remove_oldest_unknown
09-17 19:04:29.400 D/wpa_supplicant( 1178): wlan0: BSS: Add new id 40703 BSSID 1c:d1:e0:dc:46:8e SSID 'GuestNet' freq 5680
09-17 19:04:29.400 D/wpa_supplicant( 1178): wlan0: BSS: Remove id 40307 BSSID 1c:d1:e0:dc:46:8f SSID 'SWingS' due to wpa_bss_remove_oldest_unknown
09-17 19:04:29.400 W/IE_Capabilities(  702): Unknown RSN cipher suite: 6ac0f00
09-17 19:04:29.400 D/wpa_supplicant( 1178): wlan0: BSS: Add new id 40704 BSSID e4:4e:2d:a4:aa:ac SSID 'EngN' freq 5500
09-17 19:04:29.400 D/wpa_supplicant( 1178): wlan0: BSS: Remove id 40506 BSSID 1c:d1:e0:dc:8e:4f SSID 'SWingS' due to wpa_bss_remove_oldest_unknown
09-17 19:04:29.400 D/wpa_supplicant( 1178): wlan0: BSS: Add new id 40705 BSSID e4:4e:2d:a4:aa:ae SSID 'GuestNet' freq 5500
09-17 19:04:29.400 D/wpa_supplicant( 1178): wlan0: BSS: Remove id 40507 BSSID 1c:d1:e0:dc:8e:4d SSID '' due to wpa_bss_remove_oldest_unknown
09-17 19:04:29.401 D/wpa_supplicant( 1178): wlan0: BSS: Add new id 40706 BSSID 1c:d1:e0:dc:46:8c SSID 'EngN' freq 5680
09-17 19:04:29.401 D/wpa_supplicant( 1178): wlan0: BSS: Remove id 40508 BSSID e4:4e:2d:7b:bc:ab SSID 'SWing' due to wpa_bss_remove_oldest_unknown
09-17 19:04:29.401 D/wpa_supplicant( 1178): wlan0: BSS: Add new id 40707 BSSID e4:4e:2d:7c:06:2e SSID 'GuestNet' freq 5580
09-17 19:04:29.401 D/wpa_supplicant( 1178): wlan0: BSS: Remove id 40509 BSSID e4:4e:2d:64:30:cd SSID '' due to wpa_bss_remove_oldest_unknown
09-17 19:04:29.401 D/wpa_supplicant( 1178): wlan0: BSS: Add new id 40708 BSSID e4:4e:2d:7c:06:2a SSID 'SWingCert-Enroll' freq 5580
09-17 19:04:29.401 D/wpa_supplicant( 1178): wlan0: BSS: Remove id 40510 BSSID 1c:d1:e0:dc:46:8d SSID '' due to wpa_bss_remove_oldest_unknown
09-17 19:04:29.401 D/wpa_supplicant( 1178): wlan0: BSS: Add new id 40709 BSSID e4:4e:2d:7c:06:2c SSID 'EngN' freq 5580
09-17 19:04:29.401 D/wpa_supplicant( 1178): wlan0: BSS: Remove id 40511 BSSID e4:4e:2d:64:30:cb SSID 'SWing' due to wpa_bss_remove_oldest_unknown
09-17 19:04:29.401 D/wpa_supplicant( 1178): wlan0: BSS: Add new id 40710 BSSID e4:4e:2d:7d:82:2c SSID 'EngN' freq 5580
09-17 19:04:29.401 D/wpa_supplicant( 1178): wlan0: BSS: Remove id 40512 BSSID 2c:ff:65:00:0a:78 SSID 'rs500k-000a38-3' due to wpa_bss_remove_oldest_unknown
09-17 19:04:29.401 D/wpa_supplicant( 1178): wlan0: BSS: Add new id 40711 BSSID 1c:d1:e0:e0:ed:2e SSID 'GuestNet' freq 5260
09-17 19:04:29.401 D/wpa_supplicant( 1178): wlan0: BSS: Remove id 40513 BSSID 1c:d1:e0:dc:46:8b SSID 'SWing' due to wpa_bss_remove_oldest_unknown
09-17 19:04:29.401 D/wpa_supplicant( 1178): wlan0: BSS: Add new id 40712 BSSID 1c:d1:e0:e0:ed:2a SSID 'SWingCert-Enroll' freq 5260
09-17 19:04:29.401 D/wpa_supplicant( 1178): wlan0: BSS: Remove id 40514 BSSID e4:4e:2d:a4:55:4d SSID '' due to wpa_bss_remove_oldest_unknown
09-17 19:04:29.401 D/wpa_supplicant( 1178): wlan0: BSS: Add new id 40713 BSSID 1c:d1:e0:e0:ed:2c SSID 'EngN' freq 5260
09-17 19:04:29.401 D/wpa_supplicant( 1178): wlan0: BSS: Remove id 40515 BSSID 18:c2:bf:f3:2e:58 SSID 'HyokaT-Buffalo-A_2.4GHz' due to wpa_bss_remove_oldest_unknown
09-17 19:04:29.401 D/wpa_supplicant( 1178): wlan0: BSS: Add new id 40714 BSSID e4:4e:2d:76:f2:4c SSID 'EngN' freq 5680
09-17 19:04:29.401 D/wpa_supplicant( 1178): wlan0: BSS: Remove id 40516 BSSID 60:84:bd:08:27:f8 SSID 'HyokaT-Free_Common' due to wpa_bss_remove_oldest_unknown
09-17 19:04:29.401 D/wpa_supplicant( 1178): wlan0: BSS: Add new id 40715 BSSID e4:4e:2d:76:f2:4a SSID 'SWingCert-Enroll' freq 5680
09-17 19:04:29.402 D/wpa_supplicant( 1178): wlan0: BSS: Remove id 40517 BSSID 34:3d:c4:f1:46:87 SSID 'Devlink-Buffalo1900-5G' due to wpa_bss_remove_oldest_unknown
09-17 19:04:29.402 D/wpa_supplicant( 1178): wlan0: BSS: Add new id 40716 BSSID e4:4e:2d:76:f2:4e SSID 'GuestNet' freq 5680
09-17 19:04:29.402 D/wpa_supplicant( 1178): wlan0: BSS: Remove id 40518 BSSID 3c:52:a1:54:20:33 SSID 'TP-Link_PFM1' due to wpa_bss_remove_oldest_unknown
09-17 19:04:29.402 D/wpa_supplicant( 1178): wlan0: BSS: Add new id 40717 BSSID 12:09:b4:71:0a:ac SSID 'SWS1day' freq 5700
09-17 19:04:29.402 D/wpa_supplicant( 1178): BSS: last_scan_res_used=200/256
09-17 19:04:29.402 D/wpa_supplicant( 1178): wlan0: New scan results available (own=0 ext=1)
09-17 19:04:29.402 D/wpa_supplicant( 1178): wlan0: Do not use results from externally requested scan operation for network selection
09-17 19:04:29.402 D/wpa_supplicant( 1178): nl80211: Drv Event 103 (NL80211_CMD_VENDOR) received for wlan0
09-17 19:04:29.402 D/wpa_supplicant( 1178): nl80211: Vendor event: wiphy=0 vendor_id=0xce7 subcmd=153
09-17 19:04:29.402 D/wpa_supplicant( 1178): nl80211: Ignore unsupported vendor event
09-17 19:04:29.407 W/IE_Capabilities(  702): Unknown RSN cipher suite: 6ac0f00
09-17 19:04:29.407 W/IE_Capabilities(  702): Unknown RSN cipher suite: 6ac0f00
09-17 19:04:29.414 W/IE_Capabilities(  702): Unknown RSN cipher suite: 6ac0f00
09-17 19:04:29.415 W/IE_Capabilities(  702): Unknown RSN cipher suite: 6ac0f00
09-17 19:04:29.416 W/IE_Capabilities(  702): Unknown RSN cipher suite: 6ac0f00
09-17 19:04:29.417 D/WifiNative(  702): get 299 scan results from wificond
09-17 19:04:29.417 D/WificondScannerImpl(  702): Filtering out 85 scan results.
09-17 19:04:29.423 I/kernel  (  555): [ 1762.056457][wlan][555]scanCheckEpigramVhtIE:(RLM WARN) [Epigram] prEpiIE->ucLength is too short, skip!
09-17 19:04:29.423 I/kernel  (  555): [ 1762.056472][wlan][555]scanCheckEpigramVhtIE:(RLM WARN) [Epigram] prEpiIE->ucLength is too short, skip!
09-17 19:04:29.423 I/kernel  (  555): [ 1762.056475][wlan][555]scanCheckEpigramVhtIE:(RLM WARN) [Epigram] prEpiIE->ucLength is too short, skip!
09-17 19:04:29.423 I/kernel  (  555): [ 1762.056477][wlan][555]scanCheckEpigramVhtIE:(RLM WARN) [Epigram] prEpiIE->ucLength is too short, skip!
09-17 19:04:29.443 D/android.hardware.media.c2@1.1-mediatek(  574): [import_mtk_dtv_native_buffer(): 717] mst buffer is secure: 0
09-17 19:04:29.443 D/android.hardware.media.c2@1.1-mediatek(  574): [import_mtk_dtv_native_buffer(): 717] mst buffer is secure: 0
09-17 19:04:29.447 D/VCodecVenc(  574): [L 324][EnqueInputBuffer]
09-17 19:04:29.447 D/VCodecVencImpl(  574): [L 572][MtkVencSetConfig]
09-17 19:04:29.450 I/kernel  ( 6193): [ 1762.083797][MTK_V4L2] level=0 vidioc_venc_qbuf(),1318: [4] id=0 getdata FB(2088960,2) vb=00000000f2ac244e pts=0
09-17 19:04:29.527 I/WifiScanningService(  702): singleScanResults: ClientInfo[uid=1000, package=null, com.android.server.wifi.scanner.WifiScannerInternal$ScanListener@bf4ca5f],results=214
09-17 19:04:29.528 I/WifiScanningService(  702): singleScanResults: ClientInfo[uid=1000, package=android, com.android.server.wifi.scanner.WifiScannerInternal$ScanListener@76d1d69],results=214
09-17 19:04:29.528 D/WifiScanRequestProxy(  702): Scan results received
09-17 19:04:29.528 I/WifiScanningService(  702): singleScanResults: ClientInfo[uid=1000, package=android, com.android.server.wifi.scanner.WifiScannerInternal$ScanListener@1c0508f],results=214
09-17 19:04:29.528 D/WifiScanRequestProxy(  702): Received 214 scan results
09-17 19:04:29.528 I/WifiScanningService(  702): singleScanResults: ClientInfo[uid=1000, package=android, com.android.server.wifi.scanner.WifiScannerInternal$ScanListener@511c91a],results=214
09-17 19:04:29.528 I/WifiScanningService(  702): singleScanResults: ClientInfo[uid=10123, package=com.google.android.gms, android.net.wifi.IWifiScannerListener$Stub$Proxy@bb52191],results=214
09-17 19:04:29.529 D/WifiHealthMonitor(  702):  2G scanResult count: 29, Above2g scanResult count: 185
09-17 19:04:29.530 D/PasspointManager(  702): ANQP entry not found for: ec:5a:31:ac:ab:11:<_b2b_wpa3_192>
09-17 19:04:29.530 D/PasspointManager(  702): No service provider found for _b2b_wpa3_192
09-17 19:04:29.530 D/PasspointManager(  702): ANQP entry not found for: 84:e8:cb:5e:3a:11:<>
09-17 19:04:29.530 D/PasspointManager(  702): No service provider found for 
09-17 19:04:29.530 V/WifiPickerTracker( 1468): Received broadcast: android.net.wifi.SCAN_RESULTS
09-17 19:04:29.531 D/PasspointManager(  702): ANQP entry not found for: 38:97:a4:64:cb:56:<elecom-64cb54>
09-17 19:04:29.531 D/PasspointManager(  702): No service provider found for elecom-64cb54
09-17 19:04:29.531 I/WifiService(  702): getWifiEnabledState uid=1000 state=3
09-17 19:04:29.531 I/WifiService(  702): getScanResults uid=1000
09-17 19:04:29.531 D/PasspointManager(  702): ANQP entry not found for: ec:5a:31:ac:ab:21:<_b2b_wpa3_192>
09-17 19:04:29.531 D/PasspointManager(  702): No service provider found for _b2b_wpa3_192
09-17 19:04:29.531 D/PasspointManager(  702): ANQP entry not found for: 84:e8:cb:5e:3a:21:<BF_AP29_6_192bit>
09-17 19:04:29.531 D/PasspointManager(  702): No service provider found for BF_AP29_6_192bit
09-17 19:04:29.532 D/PasspointManager(  702): ANQP entry not found for: 84:e8:cb:a3:c9:39:<>
09-17 19:04:29.532 D/PasspointManager(  702): No service provider found for 
09-17 19:04:29.532 D/PasspointManager(  702): ANQP entry not found for: 84:e8:cb:a3:c9:38:<Buffalo-5G-C930>
09-17 19:04:29.532 D/PasspointManager(  702): No service provider found for Buffalo-5G-C930
09-17 19:04:29.535 I/WifiScanningService(  702): Unregistering listener= com.android.server.wifi.scanner.WifiScannerInternal$ScanListener@bf4ca5f uid=1000 packageName=null workSource=WorkSource{1000}
09-17 19:04:29.536 V/WifiConfigManager(  702): getSavedNetworkFromScanResult Found "HyokaT-Buffalo-B_2.4GHz"WPA_PSK for HyokaT-Buffalo-B_2.4GHz[[WPA2-PSK-CCMP][RSN-PSK-CCMP][ESS][WPS]]
09-17 19:04:29.537 V/WifiConnectivityManager(  702): AllSingleScanListener onResults: start network selection
09-17 19:04:29.541 V/WifiConfigManager(  702): getSavedNetworkFromScanResult Found "HyokaT-Buffalo-B_2.4GHz"WPA_PSK for HyokaT-Buffalo-B_2.4GHz[[WPA2-PSK-CCMP][RSN-PSK-CCMP][ESS][WPS]]
09-17 19:04:29.543 D/android.hardware.media.c2@1.1-mediatek(  574): [import_mtk_dtv_native_buffer(): 717] mst buffer is secure: 0
09-17 19:04:29.544 D/android.hardware.media.c2@1.1-mediatek(  574): [import_mtk_dtv_native_buffer(): 717] mst buffer is secure: 0
09-17 19:04:29.546 D/WifiNetworkSelector(  702): Networks filtered out due to invalid SSID: 3e:52:a1:24:20:33 / 6e:b2:27:1f:4e:dc / 96:46:8d:38:ec:90 / 84:e8:cb:5e:3a:11 / 6e:b2:27:22:da:1c / 6e:b2:27:86:c5:be / 3e:52:a1:74:20:33 / 6e:b2:27:7a:0a:c7 / 84:e8:cb:a3:c9:39 / e4:4e:2d:7b:a3:6d / e4:4e:2d:7c:28:8d / e4:4e:2d:64:5e:6d / e4:4e:2d:a4:aa:ad / e4:4e:2d:a4:3b:2d / e4:4e:2d:7c:49:0d / 1c:d1:e0:de:14:6d / 1c:d1:e0:d5:75:0d / 1c:d1:e0:dc:8e:4d / e4:4e:2d:7b:bc:ad / e4:4e:2d:64:30:cd / 1c:d1:e0:dc:46:8d / e4:4e:2d:a4:55:4d / 6e:b2:27:b1:dc:f2 / b6:be:76:a0:3d:53 / 62:45:b9:30:b8:a2 / 6e:b2:27:1a:f3:66 / e4:4e:2d:79:8e:4d / e4:4e:2d:7c:06:2d / e4:4e:2d:64:30:c2 / e4:4e:2d:76:f2:4d / 6e:b2:27:5c:05:7a / 62:45:b8:d9:bb:e9 / 62:45:b9:18:8e:b9 / 68:e1:dc:a9:f6:28 / 1c:3a:60:68:9f:ad / 6e:b2:27:dd:d7:fd / c8:08:73:7f:cb:6c / c8:08:73:bf:cb:6c / c8:08:73:ff:cb:6c / 1c:3a:60:e8:9f:ac / 1c:3a:60:28:9f:ad / 1c:3a:60:a8:9f:ad / 6e:b2:27:ea:e1:0a / 
09-17 19:04:29.546 D/WifiNetworkSelector(  702): Networks filtered out due to low signal strength: GuestNet:e4:4e:2d:7c:28:8e(5GHz)-78 / SWingS:e4:4e:2d:7c:28:8f(5GHz)-79 / EngN:e4:4e:2d:a4:aa:ac(5GHz)-87 / GuestNet:e4:4e:2d:a4:aa:ae(5GHz)-87 / EngN:1c:d1:e0:de:14:6c(5GHz)-81 / GuestNet:1c:d1:e0:de:14:6e(5GHz)-81 / SWingS:1c:d1:e0:de:14:6f(5GHz)-81 / SWingCert-Enroll:1c:d1:e0:dc:46:8a(5GHz)-86 / GuestNet:1c:d1:e0:dc:46:8e(5GHz)-87 / SWingCert-Enroll:e4:4e:2d:a4:55:4a(5GHz)-83 / EngN:e4:4e:2d:a4:55:4c(5GHz)-82 / GuestNet:e4:4e:2d:a4:55:4e(5GHz)-83 / SWingS:e4:4e:2d:a4:55:4f(5GHz)-83 / SWingS:e4:4e:2d:7d:82:2f(5GHz)-87 / EngN:1c:d1:e0:dc:46:8c(5GHz)-87 / SWingCert-Enroll:e4:4e:2d:7c:28:8a(5GHz)-79 / SWingCert-Enroll:e4:4e:2d:7b:bc:aa(5GHz)-85 / SWingCert-Enroll:e4:4e:2d:79:8e:4a(5GHz)-80 / SWing:e4:4e:2d:79:8e:4b(5GHz)-80 / EngN:e4:4e:2d:79:8e:4c(5GHz)-80 / GuestNet:e4:4e:2d:79:8e:4e(5GHz)-80 / SWingS:e4:4e:2d:79:8e:4f(5GHz)-80 / SWingCert-Enroll:e4:4e:2d:a4:aa:aa(5GHz)-87 / SWing:e4:4e:2d:a4:aa:ab(5GHz)-87 / SWingCert-Enroll:1c:d1:e0:de:14:6a(5GHz)-81 / SWing:1c:d1:e0:de:14:6b(5GHz)-81 / EngN:e4:4e:2d:7d:82:2c(5GHz)-89 / SWingCert-Enroll:e4:4e:2d:7d:82:2a(5GHz)-87 / SWingCert-Enroll:e4:4e:2d:76:f2:4a(5GHz)-94 / GuestNet:e4:4e:2d:7c:06:2e(5GHz)-88 / SWingS:e4:4e:2d:7c:06:2f(5GHz)-88 / GuestNet:e4:4e:2d:76:f2:4e(5GHz)-94 / SWingS:e4:4e:2d:76:f2:4f(5GHz)-93 / EngN:e4:4e:2d:7c:06:2c(5GHz)-89 / SWing:e4:4e:2d:76:f2:4b(5GHz)-94 / 0000softbank:00:09:b4:71:0a:ac(5GHz)-96 / EngN:e4:4e:2d:76:f2:4c(5GHz)-94 / Buffalo-5G-F620-WPA3:68:e1:dc:a9:f6:2a(5GHz)-91 / SWingCert-Enroll:e4:4e:2d:7c:06:2a(5GHz)-88 / 
09-17 19:04:29.546 V/WifiConfigManager(  702): Clear network candidate scan result for 4
09-17 19:04:29.546 D/WifiNetworkSelector(  702): About to run SavedNetworkNominator :
09-17 19:04:29.546 D/wpa_supplicant( 1178): nl80211: Drv Event 103 (NL80211_CMD_VENDOR) received for wlan0
09-17 19:04:29.546 D/WifiHAL (  586): event received NL80211_CMD_VENDOR, vendor_id = 0xce7, subcmd = 0xc
09-17 19:04:29.546 D/wpa_supplicant( 1178): nl80211: Vendor event: wiphy=0 vendor_id=0xce7 subcmd=12
09-17 19:04:29.547 D/WifiHAL (  586): event received NL80211_CMD_TRIGGER_SCAN
09-17 19:04:29.547 D/wpa_supplicant( 1178): nl80211: Ignore unsupported vendor event
09-17 19:04:29.547 D/wpa_supplicant( 1178): nl80211: Drv Event 33 (NL80211_CMD_TRIGGER_SCAN) received for wlan0
09-17 19:04:29.547 D/wpa_supplicant( 1178): wlan0: nl80211: Scan trigger
09-17 19:04:29.547 D/wpa_supplicant( 1178): wlan0: Event SCAN_STARTED (47) received
09-17 19:04:29.547 D/wpa_supplicant( 1178): wlan0: External program started a scan
09-17 19:04:29.547 D/VCodecVenc(  574): [L 324][EnqueInputBuffer]
09-17 19:04:29.547 D/VCodecVencImpl(  574): [L 572][MtkVencSetConfig]
09-17 19:04:29.549 V/WifiConfigManager(  702): getSavedNetworkFromScanResult Found "HyokaT-Buffalo-B_2.4GHz"WPA_PSK for HyokaT-Buffalo-B_2.4GHz[[WPA2-PSK-CCMP][RSN-PSK-CCMP][ESS][WPS]]
09-17 19:04:29.550 D/WifiThroughputPredictor(  702): AP Nss: 3, Device Nss: 2, freq: 2427
09-17 19:04:29.550 D/WifiThroughputPredictor(  702):  utilization (BssLoad) -1 utilization (LLStats) 80 isBluetoothConnected: false final utilization: 80
09-17 19:04:29.550 D/WifiThroughputPredictor(  702):  airTime20: 175 airTime: 175
09-17 19:04:29.550 D/WifiThroughputPredictor(  702):  BW: 0 RSSI: -42 Nss: 2 Mode: 4 symDur: 3600 snrDb 38 bitPerTone: 5000 rate: 144 throughput: 98
09-17 19:04:29.550 I/kernel  (  778): [ 1762.183280][wlan][778]mtk_cfg80211_scan:(REQ STATE) i=0, wildcard scan
09-17 19:04:29.550 I/kernel  (  778): [ 1762.183295][wlan][778]mtk_cfg80211_scan:(REQ STATE) i=1, u4ValidIdx=0, Ssid=HyokaT-Buffalo-B_2.4GHz, SsidLen=23
09-17 19:04:29.550 I/kernel  ( 1178): [ 1762.183381][wlan][1178]mtk_cfg_get_txpower:(REQ WARN) STA doesn't support this function
09-17 19:04:29.551 I/kernel  ( 6193): [ 1762.184474][MTK_V4L2] level=0 vidioc_venc_qbuf(),1318: [4] id=0 getdata FB(2088960,2) vb=00000000f2ac244e pts=0
09-17 19:04:29.551 D/WifiNetworkSelector(  702): About to run NetworkSuggestionNominator :
09-17 19:04:29.554 V/WifiLastResortWatchdog(  702): updateAvailableNetworks: size = 1
09-17 19:04:29.554 V/WifiLastResortWatchdog(  702):  74:03:bd:f8:3e:00: HyokaT-Buffalo-B_2.4GHz
09-17 19:04:29.554 V/WifiLastResortWatchdog(  702): mWatchdogFeatureEnabled: true
09-17 19:04:29.554 V/WifiLastResortWatchdog(  702): mWatchdogAllowedToTrigger: true
09-17 19:04:29.554 V/WifiLastResortWatchdog(  702): mRecentAvailableNetworks: 1
09-17 19:04:29.554 V/WifiLastResortWatchdog(  702):  74:03:bd:f8:3e:00: "HyokaT-Buffalo-B_2.4GHz" HasEverConnected: true, Failures: {Assoc: 0, Auth: 1, Dhcp: 0}, Age: 0
09-17 19:04:29.554 V/WifiLastResortWatchdog(  702): mSsidFailureCount:
09-17 19:04:29.554 V/WifiLastResortWatchdog(  702): "HyokaT-Buffalo-B_2.4GHz": 1, HasEverConnected: true, Failures: {Assoc: 0, Auth: 1, Dhcp: 0}
09-17 19:04:29.555 D/ThroughputScorer(  702): Score for candidate: SSID: "HyokaT-Buffalo-B_2.4GHz" BSSID: 74:03:bd:f8:3e:00 rssiScore: 48 throughputScore: 27 currentNetworkBoost: 0 securityAward: 40 unmeteredAward: 1000 savedNetworkAward: 500 trustedAward: 1000 notOemPaidAward: 500 notOemPrivateAward: 500 frequencyScore: 0 final score: 1000075
09-17 19:04:29.558 D/WifiNetworkSelector(  702): removeAutoUpgradeSecurityParamsIfNecessary: SSID: "HyokaT-Buffalo-B_2.4GHz" baseSecurityType: 2 upgradableSecurityType: 4 isLegacyNetworkInRange: true isUpgradableTypeOnlyInRange: false isAutoUpgradeEnabled: true
09-17 19:04:29.558 D/WifiNetworkSelector(  702): Remove upgradable security type 4 for the network.
09-17 19:04:29.561 D/WifiNetworkSelector(  702): removeAutoUpgradeSecurityParamsIfNecessary: SSID: "HyokaT-Buffalo-B_2.4GHz" baseSecurityType: 0 upgradableSecurityType: 6 isLegacyNetworkInRange: false isUpgradableTypeOnlyInRange: false isAutoUpgradeEnabled: true
09-17 19:04:29.564 D/WifiNetworkSelector(  702): removeAutoUpgradeSecurityParamsIfNecessary: SSID: "HyokaT-Buffalo-B_2.4GHz" baseSecurityType: 3 upgradableSecurityType: 9 isLegacyNetworkInRange: false isUpgradableTypeOnlyInRange: false isAutoUpgradeEnabled: true
09-17 19:04:29.566 V/WifiConfigManager(  702): Set network candidate scan result SSID: "HyokaT-Buffalo-B_2.4GHz", BSSID: 74:03:bd:f8:3e:00, capabilities: [WPA2-PSK-CCMP][RSN-PSK-CCMP][ESS][WPS], level: -42, frequency: 2427, timestamp: 1761993214, distance: ?(cm), distanceSd: ?(cm), passpoint: no, ChannelBandwidth: 0, centerFreq0: 2427, centerFreq1: 0, standard: 11n, 80211mcResponder: is not supported, Radio Chain Infos: [], interface name: wlan0 for 4 with security params Security Parameters:
09-17 19:04:29.566 V/WifiConfigManager(  702):  Type: 2
09-17 19:04:29.566 V/WifiConfigManager(  702):  Enabled: true
09-17 19:04:29.566 V/WifiConfigManager(  702):  KeyMgmt: WPA_PSK
09-17 19:04:29.566 V/WifiConfigManager(  702):  Protocols: WPA RSN
09-17 19:04:29.566 V/WifiConfigManager(  702):  AuthAlgorithms:
09-17 19:04:29.566 V/WifiConfigManager(  702):  PairwiseCiphers: TKIP CCMP
09-17 19:04:29.566 V/WifiConfigManager(  702):  GroupCiphers: WEP40 WEP104 TKIP CCMP
09-17 19:04:29.566 V/WifiConfigManager(  702):  GroupMgmtCiphers:
09-17 19:04:29.566 V/WifiConfigManager(  702):  SuiteBCiphers:
09-17 19:04:29.566 V/WifiConfigManager(  702):  RequirePmf: false
09-17 19:04:29.566 V/WifiConfigManager(  702):  IsAddedByAutoUpgrade: false
09-17 19:04:29.566 V/WifiConfigManager(  702):  IsSaeH2eOnlyMode: false
09-17 19:04:29.566 V/WifiConfigManager(  702):  IsSaePkOnlyMode: false
09-17 19:04:29.566 D/WifiNetworkSelector(  702): Candidate { config = 4, bssid = 74:03:bd:f8:3e:00, freq = 2427, channelWidth = 0, rssi = -42, Mbps = 98, nominator = 0, pInternet = 67, lastSelectionWeight = 0.992, saved, trusted, secure }
09-17 19:04:29.566 D/WifiNetworkSelector(  702): BubbleFunScorer_v2 would choose 4 score 306.8859235237968+/-0.13576975770309896 expid 42598152
09-17 19:04:29.566 D/WifiNetworkSelector(  702): CompatibilityScorer would choose 4 score 655.958+/-10.0 expid 42504592
09-17 19:04:29.567 D/WifiScoreCard(  702): Histogram SIGNAL_POLL RSSI{[-41,-40)=3, [-40,-39)=8, [-39,-38)=13, [-38,-37)=11, [-37,-36)=6, [-36,-35)=5, [-35,-34)=1}
09-17 19:04:29.567 D/WifiNetworkSelector(  702): ScoreCardBasedScorer would choose 4 score 636.0+/-10.0 expid 42902385
09-17 19:04:29.567 D/ThroughputScorer(  702): Score for candidate: SSID: "HyokaT-Buffalo-B_2.4GHz" BSSID: 74:03:bd:f8:3e:00 rssiScore: 48 throughputScore: 27 currentNetworkBoost: 0 securityAward: 40 unmeteredAward: 1000 savedNetworkAward: 500 trustedAward: 1000 notOemPaidAward: 500 notOemPrivateAward: 500 frequencyScore: 0 final score: 1000075
09-17 19:04:29.567 D/WifiNetworkSelector(  702): ThroughputScorer chooses 4 score 1000074.958+/-10.0 expid 42330058
09-17 19:04:29.568 V/WifiConnectivityManager(  702): AllSingleScanListener:  WNS candidate-"HyokaT-Buffalo-B_2.4GHz"
09-17 19:04:29.568 V/WifiConnectivityManager(  702): connectToNetwork(ConcreteClientModeManager{id=17733 iface=wlan0 role=ROLE_CLIENT_PRIMARY}): Connect to "HyokaT-Buffalo-B_2.4GHz" : any from Disconnected
09-17 19:04:29.568 V/WifiConnectivityManager(  702): noteConnectionAttempt: timeMillis=1762201
09-17 19:04:29.568 D/WifiScoreReport(  702): setShouldReduceNetworkScore=false mNetworkAgent is null? true
09-17 19:04:29.568 D/WifiClientModeImpl[17921:wlan0](  702): CMD_START_CONNECT  my state DisconnectedState nid=4 roam=false
09-17 19:04:29.568 D/WifiScoreCard(  702): network update CONNECTION_ATTEMPT "HyokaT-Buffalo-B_2.4GHz" ID: 1700357631 RSSI -42 txSpeed -1
09-17 19:04:29.568 D/WifiScoreCard(  702):  scan rssi: -42
09-17 19:04:29.568 D/WifiScoreCard(  702): CONNECTION_ATTEMPT SSID: <unknown ssid>, BSSID: <none>, MAC: 02:00:00:00:00:00, IP: null, Security type: -1, Supplicant state: DISCONNECTED, Wi-Fi standard: 4, RSSI: -127, Link speed: -1Mbps, Tx Link speed: -1Mbps, Max Supported Tx Link speed: -1Mbps, Rx Link speed: -1Mbps, Max Supported Rx Link speed: -1Mbps, Frequency: -1MHz, Net ID: -1, Metered hint: false, score: 0, isUsable: true, CarrierMerged: false, SubscriptionId: -1, IsPrimary: 0, Trusted: false, Restricted: false, Ephemeral: false, OEM paid: false, OEM private: false, OSU AP: false, FQDN: <none>, Provider friendly name: <none>, Requesting package name: <none><none>MLO Information: , Is TID-To-Link negotiation supported by the AP: false, AP MLD Address: <none>, AP MLO Link Id: <none>, AP MLO Affiliated links: <none>
09-17 19:04:29.569 E/WifiBlocklistMonitor(  702): Invalid max BSSID blocklist size:  0
09-17 19:04:29.569 D/WifiClientModeImpl[17921:wlan0](  702): setTargetBssid set to any key="HyokaT-Buffalo-B_2.4GHz"WPA_PSK
09-17 19:04:29.571 D/wpa_supplicant( 1178): wpa_driver_nl80211_driver_cmd cmd:MACADDR
09-17 19:04:29.577 D/wpa_supplicant( 1178): wlan0: Cancelling scan request
09-17 19:04:29.577 D/wpa_supplicant( 1178): wlan0: Request to deauthenticate - bssid=00:00:00:00:00:00 pending_bssid=00:00:00:00:00:00 reason=3 (DEAUTH_LEAVING) state=DISCONNECTED
09-17 19:04:29.577 D/wpa_supplicant( 1178): TDLS: Tear down peers
09-17 19:04:29.577 D/wpa_supplicant( 1178): nl80211: Data frame filter flags=0x0
09-17 19:04:29.577 D/wpa_supplicant( 1178): wlan0: State: DISCONNECTED -> DISCONNECTED
09-17 19:04:29.577 D/wpa_supplicant( 1178): nl80211: Set wlan0 operstate 0->0 (DORMANT)
09-17 19:04:29.577 D/wpa_supplicant( 1178): netlink: Operstate: ifindex=16 linkmode=-1 (no change), operstate=5 (IF_OPER_DORMANT)
09-17 19:04:29.577 D/wpa_supplicant( 1178): EAPOL: External notification - portEnabled=0
09-17 19:04:29.577 D/wpa_supplicant( 1178): EAPOL: External notification - portValid=0
09-17 19:04:29.577 D/wpa_supplicant( 1178): QM: Clear all active DSCP policies
09-17 19:04:29.577 I/wpa_supplicant( 1178): wlan0: CTRL-EVENT-DSCP-POLICY clear_all
09-17 19:04:29.580 I/kernel  ( 1178): [ 1762.213540][wlan][1178]mtk_cfg_get_txpower:(REQ WARN) STA doesn't support this function
09-17 19:04:29.578 D/WifiHAL (  586): WifiRequest::create vendor command to iface 16, vendor_id=0x1a11, subcmd=0x0002, res=0
09-17 19:04:29.578 D/WifiHAL (  586): In GetFeatureSetCommand::handleResponse for 5
09-17 19:04:29.578 D/WifiHAL (  586): vendor_id = 0x0, subcmd = 0x0
09-17 19:04:29.578 I/WifiHAL (  586): feature_set=0x80881418
09-17 19:04:29.579 D/IpClient/wlan0( 1395): interfaceLinkStateChanged: ifindex 16 down
09-17 19:04:29.580 D/IpClient/wlan0( 1395): interfaceLinkStateChanged: ifindex 16 down
09-17 19:04:29.580 D/wpa_supplicant( 1178): RTM_NEWLINK: ifi_index=16 ifname=wlan0 operstate=2 linkmode=1 ifi_family=0 ifi_flags=0x1002 ()
09-17 19:04:29.580 D/wpa_supplicant( 1178): nl80211: Ignore interface down event since interface wlan0 is up
09-17 19:04:29.580 D/wpa_supplicant( 1178): nl80211: Own MAC address on ifindex 16 (wlan0) changed from 4a:48:10:84:54:95 to fa:e8:2d:e9:3d:1f
09-17 19:04:29.580 D/wpa_supplicant( 1178): wlan0: Event INTERFACE_MAC_CHANGED (58) received
09-17 19:04:29.581 D/IpClient/wlan0( 1395): interfaceLinkStateChanged: ifindex 16 down
09-17 19:04:29.584 D/WifiHAL (  586): event received NL80211_CMD_SCAN_ABORTED
09-17 19:04:29.584 W/wificond(  778): Scan aborted
09-17 19:04:29.584 D/android.hardware.wifi-service(  586): SetMacAddress succeeded on wlan0
09-17 19:04:29.584 D/WifiNl80211Manager(  702): Scan failed event with error code: 3
09-17 19:04:29.584 D/WifiNative(  702): Scan failed event: errorCode: -7
09-17 19:04:29.584 W/WificondScannerImpl(  702): Scan failed: error code: -7
09-17 19:04:29.585 I/WifiScanningService(  702): singleScanFailed: ClientInfo[uid=1000, package=com.android.tv.settings, com.android.server.wifi.scanner.WifiScannerInternal$ScanListener@18010a],reason=-7, Scan aborted
09-17 19:04:29.585 I/WifiScanningService(  702): singleScanFailed: ClientInfo[uid=1000, package=null, com.android.server.wifi.scanner.WifiScannerInternal$ScanListener@245ad7b],reason=-7, Scan aborted
09-17 19:04:29.586 D/WifiClientModeImpl[17921:wlan0](  702): ConnectedMacRandomization SSID(HyokaT-Buffalo-B_2.4GHz). setMacAddress(fa:e8:2d:e9:3d:1f) from 4a:48:10:84:54:95 = true
09-17 19:04:29.603 D/wpa_supplicant( 1178): RTM_NEWLINK: ifi_index=16 ifname=wlan0 operstate=2 linkmode=1 ifi_family=0 ifi_flags=0x1002 ()
09-17 19:04:29.603 D/wpa_supplicant( 1178): nl80211: Ignore interface down event since interface wlan0 is up
09-17 19:04:29.603 D/wpa_supplicant( 1178): RTM_NEWLINK: ifi_index=16 ifname=wlan0 operstate=2 linkmode=1 ifi_family=0 ifi_flags=0x1003 ([UP])
09-17 19:04:29.603 D/wpa_supplicant( 1178): wpa_driver_nl80211_driver_cmd cmd:MACADDR
09-17 19:04:29.603 D/wpa_supplicant( 1178): nl80211: Drv Event 35 (NL80211_CMD_SCAN_ABORTED) received for wlan0
09-17 19:04:29.603 D/wpa_supplicant( 1178): wlan0: nl80211: Scan aborted
09-17 19:04:29.603 D/wpa_supplicant( 1178): nl80211: Scan probed for SSID ''
09-17 19:04:29.603 D/wpa_supplicant( 1178): nl80211: Scan probed for SSID 'HyokaT-Buffalo-B_2.4GHz'
09-17 19:04:29.603 D/wpa_supplicant( 1178): nl80211: Scan included frequencies: 2412 2417 2422 2427 2432 2437 2442 2447 2452 2457 2462 2467 2472 5180 5200 5220 5240 5260 5280 5300 5320 5500 5520 5540 5560 5580 5600 5620 5640 5660 5680 5700 5720 5955 5975 5995 6015 6035 6055 6075 6095 6115 6135 6155 6175 6195 6215 6235 6255 6275 6295 6315 6335 6355 6375 6395 6415
09-17 19:04:29.603 D/wpa_supplicant( 1178): wlan0: Event SCAN_RESULTS (3) received
09-17 19:04:29.603 I/WifiClientModeImpl[17921:wlan0](  702): Connecting with fa:e8:2d:e9:3d:1f as the mac address
09-17 19:04:29.604 W/wificond(  778): Scan is not started. Ignore abort request
09-17 19:04:29.605 D/wpa_supplicant( 1178): nl80211: Received scan results (296 BSSes)
09-17 19:04:29.606 D/SupplicantStaIfaceHalAidlImpl(  702): connectToNetwork "HyokaT-Buffalo-B_2.4GHz"WPA_PSK, actualSsid=null
09-17 19:04:29.606 D/SupplicantStaIfaceHalAidlImpl(  702): Network is already saved, will not trigger remove and add.
09-17 19:04:29.607 D/wpa_supplicant( 1178): wlan0: BSS: Start scan result update 152
09-17 19:04:29.607 D/wpa_supplicant( 1178): wlan0: BSS: Remove id 40519 BSSID 3e:52:a1:24:20:33 SSID '' due to wpa_bss_remove_oldest_unknown
09-17 19:04:29.607 D/wpa_supplicant( 1178): wlan0: BSS: Add new id 40718 BSSID d4:2c:46:c9:c9:12 SSID 'BaseApp-16F-5G' freq 5220
09-17 19:04:29.607 D/wpa_supplicant( 1178): wlan0: BSS: Remove id 40520 BSSID be:fc:e7:12:2c:ec SSID 'AS_2' due to wpa_bss_remove_oldest_unknown
09-17 19:04:29.607 D/wpa_supplicant( 1178): wlan0: BSS: Add new id 40719 BSSID 84:e8:cb:5e:3a:21 SSID 'BF_AP29_6_192bit' freq 6215
09-17 19:04:29.607 D/wpa_supplicant( 1178): wlan0: BSS: Remove id 40521 BSSID bc:fc:e7:22:2c:ec SSID 'BDDE261C63DA4B894A6B9214B6BE23D2' due to wpa_bss_remove_oldest_unknown
09-17 19:04:29.607 D/wpa_supplicant( 1178): wlan0: BSS: Add new id 40720 BSSID 84:e8:cb:5e:3a:11 SSID '' freq 5180
09-17 19:04:29.607 D/wpa_supplicant( 1178): wlan0: BSS: Remove id 40522 BSSID 50:eb:f6:02:ea:80 SSID 'ASUS_80' due to wpa_bss_remove_oldest_unknown
09-17 19:04:29.607 D/wpa_supplicant( 1178): wlan0: BSS: Add new id 40721 BSSID 3c:52:a1:54:20:32 SSID 'TP-Link_PFM1' freq 5220
09-17 19:04:29.607 D/wpa_supplicant( 1178): wlan0: BSS: Remove id 40523 BSSID 84:e8:cb:5e:3a:01 SSID '' due to wpa_bss_remove_oldest_unknown
09-17 19:04:29.607 D/wpa_supplicant( 1178): wlan0: BSS: Add new id 40722 BSSID bc:fc:e7:22:2c:ed SSID 'BDDE261C63DA4B894A6B9214B6BE23D2' freq 5680 MLD ADDR 02:fc:e7:22:2c:ec
09-17 19:04:29.608 D/wpa_supplicant( 1178): wlan0: BSS: Remove id 40524 BSSID 3a:97:a4:64:cb:55 SSID 'elecom-s-64cb54' due to wpa_bss_remove_oldest_unknown
09-17 19:04:29.608 D/wpa_supplicant( 1178): wlan0: BSS: Add new id 40723 BSSID be:fc:e7:32:2c:ed SSID 'AS_5' freq 5680
09-17 19:04:29.608 D/wpa_supplicant( 1178): wlan0: BSS: Remove id 40525 BSSID 50:eb:f6:a9:3b:e8 SSID 'ASUS_ber7' due to wpa_bss_remove_oldest_unknown
09-17 19:04:29.608 D/wpa_supplicant( 1178): wlan0: BSS: Add new id 40724 BSSID 3e:52:a1:74:20:33 SSID '' freq 5220
09-17 19:04:29.608 D/wpa_supplicant( 1178): wlan0: BSS: Remove id 40526 BSSID 84:e8:cb:5e:3a:03 SSID 'Naonao_192bit' due to wpa_bss_remove_oldest_unknown
09-17 19:04:29.608 D/wpa_supplicant( 1178): wlan0: BSS: Add new id 40725 BSSID 50:eb:f6:02:ea:84 SSID 'ASUS_80' freq 5180
09-17 19:04:29.608 D/wpa_supplicant( 1178): wlan0: BSS: Remove id 40527 BSSID 38:97:a4:64:cb:55 SSID 'elecom-64cb54' due to wpa_bss_remove_oldest_unknown
09-17 19:04:29.608 D/wpa_supplicant( 1178): wlan0: BSS: Add new id 40726 BSSID d4:2c:46:c9:c9:13 SSID 'BaseApp-16F-5G-WPA3' freq 5220
09-17 19:04:29.608 D/wpa_supplicant( 1178): wlan0: BSS: Remove id 40528 BSSID 24:4b:fe:d1:4b:60 SSID 'ASUS-G-0316f' due to wpa_bss_remove_oldest_unknown
09-17 19:04:29.608 D/wpa_supplicant( 1178): wlan0: BSS: Add new id 40727 BSSID 50:eb:f6:a9:3b:ec SSID 'ASUS_ber7_5G' freq 5200
09-17 19:04:29.608 D/wpa_supplicant( 1178): wlan0: BSS: Remove id 40529 BSSID e4:4e:2d:7b:a3:62 SSID '' due to wpa_bss_remove_oldest_unknown
09-17 19:04:29.608 D/wpa_supplicant( 1178): wlan0: BSS: Add new id 40728 BSSID aa:46:8d:38:ec:90 SSID 'sys2_performance' freq 5180
09-17 19:04:29.608 D/wpa_supplicant( 1178): wlan0: BSS: Remove id 40530 BSSID 24:4b:fe:b6:b0:50 SSID 'Neu_vpn' due to wpa_bss_remove_oldest_unknown
09-17 19:04:29.608 D/wpa_supplicant( 1178): wlan0: BSS: Add new id 40729 BSSID 96:46:8d:38:ec:90 SSID '' freq 5180
09-17 19:04:29.608 D/wpa_supplicant( 1178): wlan0: BSS: Remove id 40531 BSSID 6e:b2:27:1f:4e:dc SSID '' due to wpa_bss_remove_oldest_unknown
09-17 19:04:29.608 D/wpa_supplicant( 1178): wlan0: BSS: Add new id 40730 BSSID 3a:97:a4:64:cb:56 SSID 'elecom-s-64cb54' freq 5220
09-17 19:04:29.608 D/wpa_supplicant( 1178): wlan0: BSS: Remove id 40532 BSSID 6e:b2:27:dd:d7:fd SSID '' due to wpa_bss_remove_oldest_unknown
09-17 19:04:29.608 D/wpa_supplicant( 1178): wlan0: BSS: Add new id 40731 BSSID 24:4b:fe:b6:b0:54 SSID 'Neu_vpn' freq 5500
09-17 19:04:29.608 D/wpa_supplicant( 1178): wlan0: BSS: Remove id 40533 BSSID 6e:b2:27:22:da:1c SSID '' due to wpa_bss_remove_oldest_unknown
09-17 19:04:29.609 D/wpa_supplicant( 1178): wlan0: BSS: Add new id 40732 BSSID 38:97:a4:64:cb:56 SSID 'elecom-64cb54' freq 5220
09-17 19:04:29.609 D/wpa_supplicant( 1178): wlan0: BSS: Remove id 40534 BSSID 6e:b2:27:86:c5:be SSID '' due to wpa_bss_remove_oldest_unknown
09-17 19:04:29.609 D/wpa_supplicant( 1178): wlan0: BSS: Add new id 40733 BSSID 24:4b:fe:d1:4b:64 SSID 'ASUS-A-0316f' freq 5200
