09-17 19:04:34.165 D/WifiThroughputPredictor(  702):  BW: 0 RSSI: 200 Nss: 2 Mode: 4 symDur: 3600 snrDb 280 bitPerTone: 5000 rate: 144 throughput: 144
09-17 19:04:34.165 D/WifiThroughputPredictor(  702):  airTime20: 255 airTime: 255
09-17 19:04:34.165 D/WifiThroughputPredictor(  702):  BW: 0 RSSI: 200 Nss: 2 Mode: 4 symDur: 3600 snrDb 280 bitPerTone: 5000 rate: 144 throughput: 144
09-17 19:04:34.165 D/WifiClientModeImpl[17921:wlan0](  702): WifiStandard: 11n maxTxSpeed: 144 maxRxSpeed: 144
09-17 19:04:34.165 I/WifiClientModeImpl[17921:wlan0](  702): Update current security type to 2
09-17 19:04:34.165 D/WifiScoreCard(  702): ifaceName=wlan0,wifiInfo=SSID: "HyokaT-Buffalo-B_2.4GHz", BSSID: 74:03:bd:f8:3e:00, MAC: fa:e8:2d:e9:3d:1f, IP: null, Security type: 2, Supplicant state: ASSOCIATED, Wi-Fi standard: 4, RSSI: -127, Link speed: -1Mbps, Tx Link speed: -1Mbps, Max Supported Tx Link speed: 144Mbps, Rx Link speed: -1Mbps, Max Supported Rx Link speed: 144Mbps, Frequency: 2427MHz, Net ID: 4, Metered hint: false, score: 0, isUsable: true, CarrierMerged: false, SubscriptionId: -1, IsPrimary: 1, Trusted: true, Restricted: false, Ephemeral: false, OEM paid: false, OEM private: false, OSU AP: false, FQDN: <none>, Provider friendly name: <none>, Requesting package name: <none><none>MLO Information: , Is TID-To-Link negotiation supported by the AP: false, AP MLD Address: <none>, AP MLO Link Id: <none>, AP MLO Affiliated links: <none>
09-17 19:04:34.166 D/WifiClientModeImpl[17921:wlan0](  702): ConnectingOrConnectedState: Supplicant State change  ssid: "HyokaT-Buffalo-B_2.4GHz" bssid: 74:03:bd:f8:3e:00 nid: 4 frequencyMhz: 2427 state: ASSOCIATED
09-17 19:04:34.166 V/WifiPermissionsUtil(  702): deviceOwner:null
09-17 19:04:34.167 D/WifiClientModeImpl[17921:wlan0](  702):  ClientModeImpl$ConnectingOrConnectedState screen=on 0 0 ssid: "HyokaT-Buffalo-B_2.4GHz" bssid: 74:03:bd:f8:3e:00 nid: 4 frequencyMhz: 2427 state: ASSOCIATED
09-17 19:04:34.167 D/WifiClientModeImpl[17921:wlan0](  702):  ClientModeImpl$ConnectableState screen=on 0 0 BSSID=74:03:bd:f8:3e:00 Target Bssid=any Last Bssid=74:03:bd:f8:3e:00 roam=false
09-17 19:04:34.181 I/kernel  (  555): [ 1766.814258][wlan][555]nicGetPendingTxMsduInfo:(TX WARN) Cannot get Target Msdu WIDX:PID[2:188] from Pending Q
09-17 19:04:34.198 D/wpa_supplicant( 1178): l2_packet_receive: src=74:03:bd:f8:3e:00 len=121
09-17 19:04:34.198 D/wpa_supplicant( 1178): wlan0: RX EAPOL from 74:03:bd:f8:3e:00 (encrypted=-1)
09-17 19:04:34.198 D/wpa_supplicant( 1178): wlan0: Setting authentication timeout: 10 sec 0 usec
09-17 19:04:34.198 D/wpa_supplicant( 1178): wlan0: IEEE 802.1X RX: version=2 type=3 length=117
09-17 19:04:34.198 D/wpa_supplicant( 1178): wlan0:   EAPOL-Key type=2
09-17 19:04:34.198 D/wpa_supplicant( 1178): wlan0:   key_info 0x8a (ver=2 keyidx=0 rsvd=0 Pairwise Ack)
09-17 19:04:34.198 D/wpa_supplicant( 1178): wlan0:   key_length=16 key_data_length=22
09-17 19:04:34.198 D/wpa_supplicant( 1178):   replay_counter - hexdump(len=8): 00 00 00 00 00 00 00 00
09-17 19:04:34.198 D/wpa_supplicant( 1178):   key_nonce - hexdump(len=32): 48 86 87 5c 1d bc c0 e9 bb a0 32 98 05 68 21 a9 03 a2 f5 c6 43 4f ae 86 06 d1 a4 89 e2 33 38 ed
09-17 19:04:34.198 D/wpa_supplicant( 1178):   key_iv - hexdump(len=16): 00 00 00 00 00 00 00 00 00 00 00 00 00 00 00 00
09-17 19:04:34.198 D/wpa_supplicant( 1178):   key_rsc - hexdump(len=8): 00 00 00 00 00 00 00 00
09-17 19:04:34.198 D/wpa_supplicant( 1178):   key_id (reserved) - hexdump(len=8): 00 00 00 00 00 00 00 00
09-17 19:04:34.198 D/wpa_supplicant( 1178):   key_mic - hexdump(len=16): 00 00 00 00 00 00 00 00 00 00 00 00 00 00 00 00
09-17 19:04:34.198 I/wpa_supplicant( 1178): wlan0: WPA: RX message 1 of 4-Way Handshake from 74:03:bd:f8:3e:00 (ver=2)
09-17 19:04:34.198 D/wpa_supplicant( 1178): RSN: msg 1/4 key data - hexdump(len=22): dd 14 00 0f ac 04 e0 2f cf 65 99 5b e7 2d 20 2b 35 47 e3 af f3 12
09-17 19:04:34.198 D/wpa_supplicant( 1178): WPA: PMKID in EAPOL-Key - hexdump(len=22): dd 14 00 0f ac 04 e0 2f cf 65 99 5b e7 2d 20 2b 35 47 e3 af f3 12
09-17 19:04:34.198 D/wpa_supplicant( 1178): RSN: PMKID from Authenticator - hexdump(len=16): e0 2f cf 65 99 5b e7 2d 20 2b 35 47 e3 af f3 12
09-17 19:04:34.198 D/wpa_supplicant( 1178): wlan0: RSN: no matching PMKID found
09-17 19:04:34.198 D/wpa_supplicant( 1178): wlan0: State: ASSOCIATED -> 4WAY_HANDSHAKE
09-17 19:04:34.198 D/wpa_supplicant( 1178): Notifying state change event to aidl control: 7
09-17 19:04:34.198 I/wpa_supplicant( 1178): assoc key_mgmt 0x2 network key_mgmt 0x142
09-17 19:04:34.199 D/wpa_supplicant( 1178): WPA: Renewed SNonce - hexdump(len=32): 4f 41 4f 16 73 95 2d 9d 9e 08 93 1f ce dc e2 12 15 38 0e 8a 52 8d 79 b8 eb 7e 78 74 bc a9 34 df
09-17 19:04:34.199 D/wpa_supplicant( 1178): WPA: PTK derivation using PRF(SHA1)
09-17 19:04:34.199 D/wpa_supplicant( 1178): WPA: PTK derivation - A1=fa:e8:2d:e9:3d:1f A2=74:03:bd:f8:3e:00
09-17 19:04:34.199 D/wpa_supplicant( 1178): WPA: Nonce1 - hexdump(len=32): 4f 41 4f 16 73 95 2d 9d 9e 08 93 1f ce dc e2 12 15 38 0e 8a 52 8d 79 b8 eb 7e 78 74 bc a9 34 df
09-17 19:04:34.199 D/SupplicantStaIfaceHalAidlImpl(  702): ISupplicantStaIfaceCallback.onStateChanged: newState=FOUR_WAY_HANDSHAKE, bssid=74:03:bd:f8:3e:00, ssid="HyokaT-Buffalo-B_2.4GHz", filsHlpSent=false, supplicantKeyMgmtMask=0x00000002, frameworkKeyMgmtMask={1}, frequencyMhz=2427 received
09-17 19:04:34.199 D/wpa_supplicant( 1178): WPA: Nonce2 - hexdump(len=32): 48 86 87 5c 1d bc c0 e9 bb a0 32 98 05 68 21 a9 03 a2 f5 c6 43 4f ae 86 06 d1 a4 89 e2 33 38 ed
09-17 19:04:34.199 D/wpa_supplicant( 1178): WPA: PMK - hexdump(len=32): [REMOVED]
09-17 19:04:34.199 D/wpa_supplicant( 1178): WPA: PTK - hexdump(len=48): [REMOVED]
09-17 19:04:34.199 D/wpa_supplicant( 1178): WPA: KCK - hexdump(len=16): [REMOVED]
09-17 19:04:34.199 D/wpa_supplicant( 1178): WPA: KEK - hexdump(len=16): [REMOVED]
09-17 19:04:34.199 D/wpa_supplicant( 1178): WPA: TK - hexdump(len=16): [REMOVED]
09-17 19:04:34.199 D/wpa_supplicant( 1178): WPA: WPA IE for msg 2/4 - hexdump(len=22): 30 14 01 00 00 0f ac 04 01 00 00 0f ac 04 01 00 00 0f ac 02 80 00
09-17 19:04:34.199 D/wpa_supplicant( 1178): WPA: Replay Counter - hexdump(len=8): 00 00 00 00 00 00 00 00
09-17 19:04:34.199 I/wpa_supplicant( 1178): wlan0: WPA: Sending EAPOL-Key 2/4
09-17 19:04:34.199 D/SupplicantStateTracker[wlan0](  702): HandshakeState{ when=0 what=147462 obj= ssid: "HyokaT-Buffalo-B_2.4GHz" bssid: 74:03:bd:f8:3e:00 nid: 4 frequencyMhz: 2427 state: FOUR_WAY_HANDSHAKE target=com.android.wifi.x.com.android.internal.util.StateMachine$SmHandler }
09-17 19:04:34.199 D/wpa_supplicant( 1178): WPA: Send EAPOL-Key frame to 74:03:bd:f8:3e:00 ver=2 mic_len=16 key_mgmt=0x2
09-17 19:04:34.199 D/wpa_supplicant( 1178): WPA: EAPOL-Key MIC using HMAC-SHA1
09-17 19:04:34.199 D/wpa_supplicant( 1178): WPA: KCK - hexdump(len=16): [REMOVED]
09-17 19:04:34.199 D/wpa_supplicant( 1178): WPA: Derived Key MIC - hexdump(len=16): 2e 74 69 46 b9 a6 78 fe 37 b5 c3 11 67 b3 04 8e
09-17 19:04:34.199 D/SupplicantStateTracker(  702): Queuing broadcast=SUPPLICANT_STATE_CHANGED_ACTION state=FOUR_WAY_HANDSHAKE failedAuth=false reasonCode=0
09-17 19:04:34.199 D/SupplicantStateTracker(  702): Sending broadcast=SUPPLICANT_STATE_CHANGED_ACTION state=FOUR_WAY_HANDSHAKE failedAuth=false reasonCode=0
09-17 19:04:34.201 D/WifiClientModeImpl[17921:wlan0](  702): sendNetworkChangeBroadcast oldState=CONNECTING newState=AUTHENTICATING hidden=false
09-17 19:04:34.201 D/WifiClientModeImpl[17921:wlan0](  702): Queueing broadcast=NETWORK_STATE_CHANGED_ACTION networkAgentState=AUTHENTICATING
09-17 19:04:34.201 I/WifiActiveModeWarden(  702): Sending onWifiNetworkStateChanged cmmRole=1 state=4
09-17 19:04:34.201 D/WifiClientModeImpl(  702): Sending broadcast=NETWORK_STATE_CHANGED_ACTION networkAgentState=AUTHENTICATING
09-17 19:04:34.201 W/ContextImpl(  702): Calling a method in the system process without a qualified user: android.app.ContextImpl.sendStickyBroadcast:1626 com.android.server.wifi.ClientModeImpl.sendNetworkChangeBroadcast:3015 com.android.server.wifi.ClientModeImpl.lambda$sendNetworkChangeBroadcastWithCurrentState$14:2992 com.android.server.wifi.ClientModeImpl.$r8$lambda$mtuS9ulugUkTxNA_sDDnAioo66w:0 com.android.server.wifi.ClientModeImpl$$ExternalSyntheticLambda13.send:0 
09-17 19:04:34.202 D/WifiScoreCard(  702): Changing state to FOUR_WAY_HANDSHAKE SSID: "HyokaT-Buffalo-B_2.4GHz", BSSID: 74:03:bd:f8:3e:00, MAC: fa:e8:2d:e9:3d:1f, IP: null, Security type: 2, Supplicant state: ASSOCIATED, Wi-Fi standard: 4, RSSI: -127, Link speed: -1Mbps, Tx Link speed: -1Mbps, Max Supported Tx Link speed: 144Mbps, Rx Link speed: -1Mbps, Max Supported Rx Link speed: 144Mbps, Frequency: 2427MHz, Net ID: 4, Metered hint: false, score: 0, isUsable: true, CarrierMerged: false, SubscriptionId: -1, IsPrimary: 1, Trusted: true, Restricted: false, Ephemeral: false, OEM paid: false, OEM private: false, OSU AP: false, FQDN: <none>, Provider friendly name: <none>, Requesting package name: <none><none>MLO Information: , Is TID-To-Link negotiation supported by the AP: false, AP MLD Address: <none>, AP MLO Link Id: <none>, AP MLO Affiliated links: <none>
09-17 19:04:34.203 I/WifiClientModeImpl[17921:wlan0](  702): Update current security type to 2
09-17 19:04:34.203 D/WifiScoreCard(  702): ifaceName=wlan0,wifiInfo=SSID: "HyokaT-Buffalo-B_2.4GHz", BSSID: 74:03:bd:f8:3e:00, MAC: fa:e8:2d:e9:3d:1f, IP: null, Security type: 2, Supplicant state: FOUR_WAY_HANDSHAKE, Wi-Fi standard: 4, RSSI: -127, Link speed: -1Mbps, Tx Link speed: -1Mbps, Max Supported Tx Link speed: 144Mbps, Rx Link speed: -1Mbps, Max Supported Rx Link speed: 144Mbps, Frequency: 2427MHz, Net ID: 4, Metered hint: false, score: 0, isUsable: true, CarrierMerged: false, SubscriptionId: -1, IsPrimary: 1, Trusted: true, Restricted: false, Ephemeral: false, OEM paid: false, OEM private: false, OSU AP: false, FQDN: <none>, Provider friendly name: <none>, Requesting package name: <none><none>MLO Information: , Is TID-To-Link negotiation supported by the AP: false, AP MLD Address: <none>, AP MLO Link Id: <none>, AP MLO Affiliated links: <none>
09-17 19:04:34.203 D/WifiClientModeImpl[17921:wlan0](  702): ConnectingOrConnectedState: Supplicant State change  ssid: "HyokaT-Buffalo-B_2.4GHz" bssid: 74:03:bd:f8:3e:00 nid: 4 frequencyMhz: 2427 state: FOUR_WAY_HANDSHAKE
09-17 19:04:34.203 V/WifiPickerTracker( 1468): Received broadcast: android.net.wifi.STATE_CHANGE
09-17 19:04:34.203 D/WifiClientModeImpl[17921:wlan0](  702):  ClientModeImpl$ConnectingOrConnectedState screen=on 0 0 ssid: "HyokaT-Buffalo-B_2.4GHz" bssid: 74:03:bd:f8:3e:00 nid: 4 frequencyMhz: 2427 state: FOUR_WAY_HANDSHAKE
09-17 19:04:34.203 I/WifiService(  702): getConnectionInfo uid=1000
09-17 19:04:34.204 V/WifiService(  702): Clearing REDACT_FOR_LOCAL_MAC_ADDRESS for com.android.tv.settings(uid=1000)
09-17 19:04:34.204 V/WifiService(  702): Clearing REDACT_FOR_NETWORK_SETTINGS for com.android.tv.settings(uid=1000)
09-17 19:04:34.204 V/WifiService(  702): Clearing REDACT_FOR_ACCESS_FINE_LOCATION for com.android.tv.settings(uid=1000)
09-17 19:04:34.265 V/WifiPickerTracker( 1468): Connected WifiEntries: [StandardWifiEntry:{"SCAN_RESULT_KEY":"{\"SSID\":\"HyokaT-Buffalo-B_2.4GHz\",\"SECURITY_TYPES\":[2,4]}","IS_TARGETING_NEW_NETWORKS":true},title:HyokaT-Buffalo-B_2.4GHz,summary:Authenticatingc,isSaved:true,isSubscription:false,isSuggestion:false,level:4,security:[2, 4],connected:false,connectedInfo:null,hasInternet:false,isDefault:false,isPrimary:true]
09-17 19:04:34.270 V/WifiPickerTracker( 1468): Updated WifiEntries: [StandardWifiEntry:{"SCAN_RESULT_KEY":"{\"SSID\":\"ASUS-G-0316f\",\"SECURITY_TYPES\":[2,4]}","IS_TARGETING_NEW_NETWORKS":true},title:ASUS-G-0316f,summary:,isSaved:false,isSubscription:false,isSuggestion:false,level:4,security:[2, 4],connected:false,connectedInfo:null,hasInternet:false,isDefault:false,isPrimary:false, StandardWifiEntry:{"SCAN_RESULT_KEY":"{\"SSID\":\"ASUS_80\",\"SECURITY_TYPES\":[2,4]}","IS_TARGETING_NEW_NETWORKS":true},title:ASUS_80,summary:,isSaved:false,isSubscription:false,isSuggestion:false,level:4,security:[2, 4],connected:false,connectedInfo:null,hasInternet:false,isDefault:false,isPrimary:false, StandardWifiEntry:{"SCAN_RESULT_KEY":"{\"SSID\":\"ASUS_ber7\",\"SECURITY_TYPES\":[2,4]}","IS_TARGETING_NEW_NETWORKS":true},title:ASUS_ber7,summary:,isSaved:false,isSubscription:false,isSuggestion:false,level:4,security:[2, 4],connected:false,connectedInfo:null,hasInternet:false,isDefault:false,isPrimary:false, StandardWifiEntry:{"SCAN_RESULT_KEY":"{\"SSID\":\"ASUS_ber7_5G\",\"SECURITY_TYPES\":[2,4]}","IS_TARGETING_NEW_NETWORKS":true},title:ASUS_ber7_5G,summary:,isSaved:false,isSubscription:false,isSuggestion:false,level:4,security:[2, 4],connected:false,connectedInfo:null,hasInternet:false,isDefault:false,isPrimary:false, StandardWifiEntry:{"SCAN_RESULT_KEY":"{\"SSID\":\"AS_2\",\"SECURITY_TYPES\":[2,4]}","IS_TARGETING_NEW_NETWORKS":true},title:AS_2,summary:,isSaved:false,isSubscription:false,isSuggestion:false,level:4,security:[2, 4],connected:false,connectedInfo:null,hasInternet:false,isDefault:false,isPrimary:false, StandardWifiEntry:{"SCAN_RESULT_KEY":"{\"SSID\":\"AS_5\",\"SECURITY_TYPES\":[2,4]}","IS_TARGETING_NEW_NETWORKS":true},title:AS_5,summary:,isSaved:false,isSubscription:false,isSuggestion:false,level:4,security:[2, 4],connected:false,connectedInfo:null,hasInternet:false,isDefault:false,isPrimary:false, StandardWifiEntry:{"SCAN_RESULT_KEY":"{\"SSID\":\"AS_6\",\"SECURITY_TYPES\":[2,4]}","IS_TARGETING_NEW_NETWORKS":true},title:AS_6,summary:,isSaved:false,isSubscription:false,isSuggestion:false,level:4,security:[2, 4],connected:false,connectedInfo:null,hasInternet:false,isDefault:false,isPrimary:false, StandardWifiEntry:{"SCAN_RESULT_KEY":"{\"SSID\":\"Aterm-WG1400HP_A\",\"SECURITY_TYPES\":[2,4]}","IS_TARGETING_NEW_NETWORKS":true},title:Aterm-WG1400HP_A,summary:,isSaved:false,isSubscription:false,isSuggestion:false,level:4,security:[2, 4],connected:false,connectedInfo:null,hasInternet:false,isDefault:false,isPrimary:false, StandardWifiEntry:{"SCAN_RESULT_KEY":"{\"SSID\":\"Aterm-WG1400HP_G\",\"SECURITY_TYPES\":[2,4]}","IS_TARGETING_NEW_NETWORKS":true},title:Aterm-WG1400HP_G,summary:,isSaved:false,isSubscription:false,isSuggestion:false,level:4,security:[2, 4],connected:false,connectedInfo:null,hasInternet:false,isDefault:false,isPrimary:false, StandardWifiEntry:{"SCAN_RESULT_KEY":"{\"SSID\":\"Aterm-WG1400HP_GW\",\"SECURITY_TYPES\":[1]}","IS_TARGETING_NEW_NETWORKS":true},title:Aterm-WG1400HP_GW,summary:,isSaved:false,isSubscription:false,isSuggestion:false,level:4,security:[1],connected:false,connectedInfo:null,hasInternet:false,isDefault:false,isPrimary:false, StandardWifiEntry:{"SCAN_RESULT_KEY":"{\"SSID\":\"BDDE261C63DA4B894A6B9214B6BE23D2\",\"SECURITY_TYPES\":[2,4]}","IS_TARGETING_NEW_NETWORKS":true},title:BDDE261C63DA4B894A6B9214B6BE23D2,summary:,isSaved:false,isSubscription:false,isSuggestion:false,level:4,security:[2, 4],connected:false,connectedInfo:null,hasInternet:false,isDefault:false,isPrimary:false, StandardWifiEntry:{"SCAN_RESULT_KEY":"{\"SSID\":\"BF_AP29_6_192bit\",\"SECURITY_TYPES\":[5]}","IS_TARGETING_NEW_NETWORKS":true},title:BF_AP29_6_192bit,summary:,isSaved:false,isSubscription:false,isSuggestion:false,level:4,security:[5],connected:false,connectedInfo:null,hasInternet:false,isDefault:false,isPrimary:false, StandardWifiEntry:{"SCAN_RESULT_KEY":"{\"SSID\":\"Buffalo-A-8178\",\"SECURITY_TYPES\":[2,4]}","IS_TARGETING_NEW_NETWORKS":true},title:Buffalo-A-8178,summary:,isSaved:false,isSubscription:false,isSuggestion:fals
09-17 19:04:34.270 I/WifiService(  702): getWifiEnabledState uid=1000 state=3
09-17 19:04:34.486 I/kernel  ( 2441): [ 1767.119813][A8303-1_Driver] addr:0x08,  i2c status:0x1b from 0x1b
09-17 19:04:34.704 I/RecService-Dlna( 3077): action: android.net.wifi.STATE_CHANGE
09-17 19:04:34.704 I/RecService-Dlna( 3077): component: null
09-17 19:04:34.704 I/RecService-Dlna( 3077): Network Interface Update Type::1
09-17 19:04:34.704 I/AirPlayService( 3837): Interface name:wlan0 is disabled in the list
09-17 19:04:35.118 I/com.sony.dtv.airplayapp:airplayserver( 3837): 2025-09-17 07:04:35.118004 PM [ConnectivityDetector] Connectivity detection check is requested [3]
09-17 19:04:35.118 I/com.sony.dtv.airplayapp:airplayserver( 3837): 2025-09-17 07:04:35.118496 PM [Airtunesd] PlatformOwned_AirPlayHandleServerCopyProperty. queue[AirPlayReceiverDelegateQueue]. inProperty[networkConnectionProperties].
09-17 19:04:35.118 D/AirPlay ( 3837): [AirPlay_getNetworkProperty]Return method volume=1
09-17 19:04:35.120 I/resolv  (  401): GetAddrInfoHandler::run: {0 0 0 983040 10212 0}
09-17 19:04:35.120 I/resolv  (  401): res_nmkquery: (QUERY, IN, AAAA)
09-17 19:04:35.121 I/resolv  (  401): doQuery: rcode=0, ancount=0, return value=-3
09-17 19:04:35.121 I/resolv  (  401): res_nmkquery: (QUERY, IN, A)
09-17 19:04:35.121 I/resolv  (  401): doQuery: rcode=0, ancount=0, return value=-3
09-17 19:04:35.122 I/com.sony.dtv.airplayapp:airplayserver( 3837): 2025-09-17 07:04:35.122476 PM [ConnectivityDetector] Checked network connectivity: old status 3, new status 3
09-17 19:04:35.172 D/wpa_supplicant( 1178): EAPOL: startWhen --> 0
09-17 19:04:35.172 D/wpa_supplicant( 1178): EAPOL: disable timer tick
09-17 19:04:35.172 D/wpa_supplicant( 1178): EAPOL: SUPP_PAE entering state CONNECTING
09-17 19:04:35.172 D/wpa_supplicant( 1178): EAPOL: enable timer tick
09-17 19:04:35.172 D/wpa_supplicant( 1178): EAPOL: txStart
09-17 19:04:35.172 D/wpa_supplicant( 1178): WPA: drop TX EAPOL in non-IEEE 802.1X mode (type=1 len=0)
09-17 19:04:35.191 V/WifiPickerTracker( 1468): Issuing scan request from WifiManager
09-17 19:04:35.191 I/WifiService(  702): startScan uid=1000
09-17 19:04:35.192 I/WifiScanningService(  702): Registering listener= com.android.server.wifi.scanner.WifiScannerInternal$ScanListener@1455ce3 uid=1000 packageName=com.android.tv.settings workSource=WorkSource{1000}
09-17 19:04:35.193 I/WifiScanningService(  702): start scan: ClientInfo[uid=1000, package=com.android.tv.settings, com.android.server.wifi.scanner.WifiScannerInternal$ScanListener@1455ce3] package com.android.tv.settings
09-17 19:04:35.193 I/WifiScanningService(  702): addSingleScanRequest: ClientInfo[uid=1000, package=com.android.tv.settings, com.android.server.wifi.scanner.WifiScannerInternal$ScanListener@1455ce3],WorkSource{1000 com.android.tv.settings}, ScanSettings {  type:HIGH ACCURACY band:24Ghz & 5Ghz (DFS incl) & 6Ghz & 60Ghz ignoreLocationSettings:false period:0 reportEvents:3 numBssidsPerScan:0 maxScansToCache:0 rnrSetting:0 6GhzPscOnlyEnabled:false channels:[  ]  } 
09-17 19:04:35.193 D/WifiScanRequestProxy(  702): Scan request succeeded
09-17 19:04:35.193 D/WifiScanningService(  702): replySucceeded onSuccess
09-17 19:04:35.214 I/WifiService(  702): getConnectionInfo uid=10185
09-17 19:04:35.215 V/WifiPermissionsUtil(  702): checkCallersLocationPermission(com.uei.quicksetsdk): uid 10185 doesn't have permission android.permission.ACCESS_FINE_LOCATION
09-17 19:04:35.215 V/WifiPermissionsUtil(  702): enforceCanAccessScanResults(pkg=com.uei.quicksetsdk, uid=10185): canCallingUidAccessLocation=false, canAppPackageUseLocation=false
09-17 19:04:35.215 V/WifiService(  702): Keeping REDACT_FOR_ACCESS_FINE_LOCATION:java.lang.SecurityException: UID 10185 has no location permission
09-17 19:04:35.216 I/WifiService(  702): getWifiEnabledState uid=10185 state=3
09-17 19:04:35.523 I/kernel  ( 2441): [ 1768.156782][A8303-1_Driver] addr:0x08,  i2c status:0x1b from 0x1b
09-17 19:04:35.771 D/wpa_supplicant( 1178): l2_packet_receive: src=74:03:bd:f8:3e:00 len=155
09-17 19:04:35.771 D/wpa_supplicant( 1178): wlan0: RX EAPOL from 74:03:bd:f8:3e:00 (encrypted=-1)
09-17 19:04:35.771 D/wpa_supplicant( 1178): wlan0: IEEE 802.1X RX: version=2 type=3 length=151
09-17 19:04:35.771 D/wpa_supplicant( 1178): wlan0:   EAPOL-Key type=2
09-17 19:04:35.771 D/wpa_supplicant( 1178): wlan0:   key_info 0x13ca (ver=2 keyidx=0 rsvd=0 Pairwise Install Ack MIC Secure Encr)
09-17 19:04:35.771 D/wpa_supplicant( 1178): wlan0:   key_length=16 key_data_length=56
09-17 19:04:35.771 D/wpa_supplicant( 1178):   replay_counter - hexdump(len=8): 00 00 00 00 00 00 00 02
09-17 19:04:35.771 D/wpa_supplicant( 1178):   key_nonce - hexdump(len=32): 48 86 87 5c 1d bc c0 e9 bb a0 32 98 05 68 21 a9 03 a2 f5 c6 43 4f ae 86 06 d1 a4 89 e2 33 38 ed
09-17 19:04:35.771 D/wpa_supplicant( 1178):   key_iv - hexdump(len=16): 03 a2 f5 c6 43 4f ae 86 06 d1 a4 89 e2 33 38 ef
09-17 19:04:35.771 D/wpa_supplicant( 1178):   key_rsc - hexdump(len=8): 02 00 00 00 00 00 00 00
09-17 19:04:35.771 D/wpa_supplicant( 1178):   key_id (reserved) - hexdump(len=8): 00 00 00 00 00 00 00 00
09-17 19:04:35.771 D/wpa_supplicant( 1178):   key_mic - hexdump(len=16): 04 a1 82 45 19 3d 0e 5b 03 1c bf f4 39 b5 cc 13
09-17 19:04:35.771 D/wpa_supplicant( 1178): WPA: EAPOL-Key MIC using HMAC-SHA1
09-17 19:04:35.771 D/wpa_supplicant( 1178): RSN: encrypted key data - hexdump(len=56): 80 6d e1 18 07 3f 4d 3a 8f 39 ee 54 98 48 32 51 fe bc 26 33 0e d9 58 28 b4 41 ce a1 d6 21 f9 13 ...
09-17 19:04:35.771 D/wpa_supplicant( 1178): WPA: Decrypt Key Data using AES-UNWRAP (KEK length 16)
09-17 19:04:35.771 D/wpa_supplicant( 1178): WPA: decrypted EAPOL-Key key data - hexdump(len=48): [REMOVED]
09-17 19:04:35.771 D/wpa_supplicant( 1178): wlan0: State: 4WAY_HANDSHAKE -> 4WAY_HANDSHAKE
09-17 19:04:35.771 I/wpa_supplicant( 1178): wlan0: RSN: RX message 3 of 4-Way Handshake from 74:03:bd:f8:3e:00 (ver=2)
09-17 19:04:35.771 D/wpa_supplicant( 1178): WPA: IE KeyData - hexdump(len=48): 30 14 01 00 00 0f ac 04 01 00 00 0f ac 04 01 00 00 0f ac 02 0c 00 dd 16 00 0f ac 01 01 00 ee ab ...
09-17 19:04:35.771 D/wpa_supplicant( 1178): WPA: RSN IE in EAPOL-Key - hexdump(len=22): 30 14 01 00 00 0f ac 04 01 00 00 0f ac 04 01 00 00 0f ac 02 0c 00
09-17 19:04:35.771 D/wpa_supplicant( 1178): WPA: GTK in EAPOL-Key - hexdump(len=24): [REMOVED]
09-17 19:04:35.771 I/wpa_supplicant( 1178): wlan0: WPA: Sending EAPOL-Key 4/4
09-17 19:04:35.771 D/wpa_supplicant( 1178): WPA: Send EAPOL-Key frame to 74:03:bd:f8:3e:00 ver=2 mic_len=16 key_mgmt=0x2
09-17 19:04:35.771 D/wpa_supplicant( 1178): WPA: EAPOL-Key MIC using HMAC-SHA1
09-17 19:04:35.771 D/wpa_supplicant( 1178): WPA: KCK - hexdump(len=16): [REMOVED]
09-17 19:04:35.771 D/wpa_supplicant( 1178): WPA: Derived Key MIC - hexdump(len=16): 16 18 a8 dd 5c 2d e4 b0 87 49 f7 f6 ee 32 49 25
09-17 19:04:35.771 D/wpa_supplicant( 1178): wlan0: WPA: Installing PTK to the driver
09-17 19:04:35.771 D/wpa_supplicant( 1178): wpa_driver_nl80211_set_key: ifindex=16 (wlan0) alg=3 addr=0xece047c4 key_idx=0 set_tx=1 seq_len=6 key_len=16 key_flag=0x2c link_id=-1
09-17 19:04:35.771 D/wpa_supplicant( 1178): nl80211: NEW_KEY
09-17 19:04:35.771 D/wpa_supplicant( 1178): nl80211: KEY_DATA - hexdump(len=16): [REMOVED]
09-17 19:04:35.772 D/wpa_supplicant( 1178): nl80211: KEY_SEQ - hexdump(len=6): 00 00 00 00 00 00
09-17 19:04:35.772 D/wpa_supplicant( 1178):    addr=74:03:bd:f8:3e:00
09-17 19:04:35.772 D/wpa_supplicant( 1178):    pairwise key
09-17 19:04:35.772 D/wpa_supplicant( 1178): EAPOL: External notification - portValid=1
09-17 19:04:35.772 D/wpa_supplicant( 1178): wlan0: State: 4WAY_HANDSHAKE -> GROUP_HANDSHAKE
09-17 19:04:35.772 D/wpa_supplicant( 1178): Notifying state change event to aidl control: 8
09-17 19:04:35.772 I/wpa_supplicant( 1178): assoc key_mgmt 0x2 network key_mgmt 0x142
09-17 19:04:35.772 D/wpa_supplicant( 1178): RSN: received GTK in pairwise handshake - hexdump(len=18): [REMOVED]
09-17 19:04:35.772 D/wpa_supplicant( 1178): WPA: Group Key - hexdump(len=16): [REMOVED]
09-17 19:04:35.772 D/wpa_supplicant( 1178): wlan0: WPA: Installing GTK to the driver (keyidx=1 tx=0 len=16)
09-17 19:04:35.772 D/wpa_supplicant( 1178): WPA: RSC - hexdump(len=6): 02 00 00 00 00 00
09-17 19:04:35.772 D/wpa_supplicant( 1178): wpa_driver_nl80211_set_key: ifindex=16 (wlan0) alg=3 addr=0x81882ee key_idx=1 set_tx=0 seq_len=6 key_len=16 key_flag=0x14 link_id=-1
09-17 19:04:35.772 D/wpa_supplicant( 1178): nl80211: NEW_KEY
09-17 19:04:35.772 D/wpa_supplicant( 1178): nl80211: KEY_DATA - hexdump(len=16): [REMOVED]
09-17 19:04:35.772 D/wpa_supplicant( 1178): nl80211: KEY_SEQ - hexdump(len=6): 02 00 00 00 00 00
09-17 19:04:35.772 D/wpa_supplicant( 1178):    broadcast key
09-17 19:04:35.772 D/SupplicantStaIfaceHalAidlImpl(  702): ISupplicantStaIfaceCallback.onStateChanged: newState=GROUP_HANDSHAKE, bssid=74:03:bd:f8:3e:00, ssid="HyokaT-Buffalo-B_2.4GHz", filsHlpSent=false, supplicantKeyMgmtMask=0x00000002, frameworkKeyMgmtMask={1}, frequencyMhz=2427 received
09-17 19:04:35.773 D/SupplicantStateTracker[wlan0](  702): HandshakeState{ when=0 what=147462 obj= ssid: "HyokaT-Buffalo-B_2.4GHz" bssid: 74:03:bd:f8:3e:00 nid: 4 frequencyMhz: 2427 state: GROUP_HANDSHAKE target=com.android.wifi.x.com.android.internal.util.StateMachine$SmHandler }
09-17 19:04:35.773 D/SupplicantStateTracker(  702): Queuing broadcast=SUPPLICANT_STATE_CHANGED_ACTION state=GROUP_HANDSHAKE failedAuth=false reasonCode=0
09-17 19:04:35.773 D/SupplicantStateTracker(  702): Sending broadcast=SUPPLICANT_STATE_CHANGED_ACTION state=GROUP_HANDSHAKE failedAuth=false reasonCode=0
09-17 19:04:35.774 I/wpa_supplicant( 1178): wlan0: WPA: Key negotiation completed with 74:03:bd:f8:3e:00 [PTK=CCMP GTK=CCMP]
09-17 19:04:35.774 D/wpa_supplicant( 1178): wlan0: Cancelling authentication timeout
09-17 19:04:35.774 D/wpa_supplicant( 1178): wlan0: State: GROUP_HANDSHAKE -> COMPLETED
09-17 19:04:35.774 D/wpa_supplicant( 1178): wlan0: Radio work 'sme-connect'@0xed300e10 done in 6.115499 seconds
09-17 19:04:35.774 D/wpa_supplicant( 1178): wlan0: radio_work_free('sme-connect'@0xed300e10): num_active_works --> 0
09-17 19:04:35.774 I/wpa_supplicant( 1178): wlan0: CTRL-EVENT-CONNECTED - Connection to 74:03:bd:f8:3e:00 completed [id=0 id_str=%7B%22configKey%22%3A%22%5C%22HyokaT-Buffalo-B_2.4GHz%5C%22WPA_PSK%22%2C%22creatorUid%22%3A%221000%22%7D]
09-17 19:04:35.774 D/wpa_supplicant( 1178): nl80211: Set wlan0 operstate 0->1 (UP)
09-17 19:04:35.774 D/wpa_supplicant( 1178): netlink: Operstate: ifindex=16 linkmode=-1 (no change), operstate=6 (IF_OPER_UP)
09-17 19:04:35.774 D/WifiClientModeImpl[17921:wlan0](  702): sendNetworkChangeBroadcast oldState=AUTHENTICATING newState=AUTHENTICATING hidden=false
09-17 19:04:35.774 D/wpa_supplicant( 1178): Not configuring frame filtering - BSS 74:03:bd:f8:3e:00 is not a Hotspot 2.0 network
09-17 19:04:35.774 D/wpa_supplicant( 1178): Notifying state change event to aidl control: 9
09-17 19:04:35.774 D/WifiScoreCard(  702): Changing state to GROUP_HANDSHAKE SSID: "HyokaT-Buffalo-B_2.4GHz", BSSID: 74:03:bd:f8:3e:00, MAC: fa:e8:2d:e9:3d:1f, IP: null, Security type: 2, Supplicant state: FOUR_WAY_HANDSHAKE, Wi-Fi standard: 4, RSSI: -127, Link speed: -1Mbps, Tx Link speed: -1Mbps, Max Supported Tx Link speed: 144Mbps, Rx Link speed: -1Mbps, Max Supported Rx Link speed: 144Mbps, Frequency: 2427MHz, Net ID: 4, Metered hint: false, score: 0, isUsable: true, CarrierMerged: false, SubscriptionId: -1, IsPrimary: 1, Trusted: true, Restricted: false, Ephemeral: false, OEM paid: false, OEM private: false, OSU AP: false, FQDN: <none>, Provider friendly name: <none>, Requesting package name: <none><none>MLO Information: , Is TID-To-Link negotiation supported by the AP: false, AP MLD Address: <none>, AP MLO Link Id: <none>, AP MLO Affiliated links: <none>
09-17 19:04:35.775 I/WifiClientModeImpl[17921:wlan0](  702): Update current security type to 2
09-17 19:04:35.775 D/WifiScoreCard(  702): ifaceName=wlan0,wifiInfo=SSID: "HyokaT-Buffalo-B_2.4GHz", BSSID: 74:03:bd:f8:3e:00, MAC: fa:e8:2d:e9:3d:1f, IP: null, Security type: 2, Supplicant state: GROUP_HANDSHAKE, Wi-Fi standard: 4, RSSI: -127, Link speed: -1Mbps, Tx Link speed: -1Mbps, Max Supported Tx Link speed: 144Mbps, Rx Link speed: -1Mbps, Max Supported Rx Link speed: 144Mbps, Frequency: 2427MHz, Net ID: 4, Metered hint: false, score: 0, isUsable: true, CarrierMerged: false, SubscriptionId: -1, IsPrimary: 1, Trusted: true, Restricted: false, Ephemeral: false, OEM paid: false, OEM private: false, OSU AP: false, FQDN: <none>, Provider friendly name: <none>, Requesting package name: <none><none>MLO Information: , Is TID-To-Link negotiation supported by the AP: false, AP MLD Address: <none>, AP MLO Link Id: <none>, AP MLO Affiliated links: <none>
09-17 19:04:35.775 D/WifiClientModeImpl[17921:wlan0](  702): ConnectingOrConnectedState: Supplicant State change  ssid: "HyokaT-Buffalo-B_2.4GHz" bssid: 74:03:bd:f8:3e:00 nid: 4 frequencyMhz: 2427 state: GROUP_HANDSHAKE
09-17 19:04:35.775 D/WifiClientModeImpl[17921:wlan0](  702):  ClientModeImpl$ConnectingOrConnectedState screen=on 0 0 ssid: "HyokaT-Buffalo-B_2.4GHz" bssid: 74:03:bd:f8:3e:00 nid: 4 frequencyMhz: 2427 state: GROUP_HANDSHAKE
09-17 19:04:35.775 D/IpClient/wlan0( 1395): interfaceLinkStateChanged: ifindex 16 up
09-17 19:04:35.775 D/InterfaceObserverInternal(  702): Received interfaceLinkStateChanged, iface=wlan0 up=true
09-17 19:04:35.775 I/wpa_supplicant( 1178): assoc key_mgmt 0x2 network key_mgmt 0x142
09-17 19:04:35.775 D/InterfaceEventCallback(  702): onInterfaceLinkStateChanged, ifaceName=wlan0 up=true CurrentState=ConnectModeState
09-17 19:04:35.775 D/WifiNative(  702): interfaceLinkStateChanged: ifaceName=wlan0, mInterfaceId = 0, mIfaceMgr={0=Iface:{Name=wlan0,Id=0,Type=STA_CONNECTIVITY}}
09-17 19:04:35.775 D/SupplicantStaIfaceHalAidlImpl(  702): ISupplicantStaIfaceCallback.onStateChanged: newState=COMPLETED, bssid=74:03:bd:f8:3e:00, ssid="HyokaT-Buffalo-B_2.4GHz", filsHlpSent=false, supplicantKeyMgmtMask=0x00000002, frameworkKeyMgmtMask={1}, frequencyMhz=2427 received
09-17 19:04:35.776 D/wpa_supplicant( 1178): EAPOL: External notification - portValid=1
09-17 19:04:35.776 D/wpa_supplicant( 1178): EAPOL: External notification - EAP success=1
09-17 19:04:35.776 D/wpa_supplicant( 1178): EAPOL: SUPP_PAE entering state AUTHENTICATING
09-17 19:04:35.776 D/wpa_supplicant( 1178): EAPOL: SUPP_BE entering state SUCCESS
09-17 19:04:35.776 D/wpa_supplicant( 1178): EAP: EAP entering state DISABLED
09-17 19:04:35.776 D/wpa_supplicant( 1178): EAPOL: SUPP_PAE entering state AUTHENTICATED
09-17 19:04:35.776 D/wpa_supplicant( 1178): EAPOL: Supplicant port status: Authorized
09-17 19:04:35.776 D/wpa_supplicant( 1178): nl80211: Set supplicant port authorized for 74:03:bd:f8:3e:00
09-17 19:04:35.776 D/wpa_supplicant( 1178): EAPOL: SUPP_BE entering state IDLE
09-17 19:04:35.776 I/netd    (  401): interfaceGetCfg(wlan0) -> {InterfaceConfigurationParcel{ifName: wlan0, hwAddr: fa:e8:2d:e9:3d:1f, ipv4Addr: 0.0.0.0, prefixLength: 0, flags: [up, broadcast, running, multicast]}} <0.25ms>
09-17 19:04:35.776 D/wpa_supplicant( 1178): EAPOL authentication completed - result=SUCCESS
09-17 19:04:35.776 D/wpa_supplicant( 1178): nl80211: Set rekey offload
09-17 19:04:35.776 D/wpa_supplicant( 1178): RTM_NEWLINK: ifi_index=16 ifname=wlan0 operstate=6 linkmode=1 ifi_family=0 ifi_flags=0x11043 ([UP][RUNNING][LOWER_UP])
09-17 19:04:35.777 V/WifiNative(  702): Interface status unchanged on Iface:{Name=wlan0,Id=0,Type=STA_CONNECTIVITY} from true, Ignoring...
09-17 19:04:35.777 D/WifiClientModeImpl[17921:wlan0](  702): Network connection established
09-17 19:04:35.777 V/WifiConfigManager(  702): Update last used security param for "HyokaT-Buffalo-B_2.4GHz"WPA_PSK with security type 2
09-17 19:04:35.777 I/WifiClientModeImpl[17921:wlan0](  702): Update current security type to 2 from network connection event.
09-17 19:04:35.778 D/wpa_supplicant( 1178): wpa_driver_nl80211_driver_cmd cmd:MACADDR
09-17 19:04:35.778 I/ApplicationQosPolicyRequestHandler(  702): Queueing all policies on iface=wlan0. numPolicies=0
09-17 19:04:35.779 D/WifiClientModeImpl[17921:wlan0](  702):  ClientModeImpl$ConnectingOrConnectedState screen=on 4 false 74:03:bd:f8:3e:00 nid=4 "HyokaT-Buffalo-B_2.4GHz"WPA_PSK last="HyokaT-Buffalo-B_2.4GHz"WPA_PSK
09-17 19:04:35.779 V/WifiClientModeImpl[17921:wlan0](  702): Exiting L2ConnectingState
09-17 19:04:35.779 D/WifiClientModeImpl[17921:wlan0](  702): sendNetworkChangeBroadcast oldState=AUTHENTICATING newState=CONNECTING hidden=false
09-17 19:04:35.779 D/WifiClientModeImpl[17921:wlan0](  702): Queueing broadcast=NETWORK_STATE_CHANGED_ACTION networkAgentState=CONNECTING
09-17 19:04:35.779 I/WifiActiveModeWarden(  702): Sending onWifiNetworkStateChanged cmmRole=1 state=3
09-17 19:04:35.779 D/WifiClientModeImpl(  702): Sending broadcast=NETWORK_STATE_CHANGED_ACTION networkAgentState=CONNECTING
09-17 19:04:35.780 W/ContextImpl(  702): Calling a method in the system process without a qualified user: android.app.ContextImpl.sendStickyBroadcast:1626 com.android.server.wifi.ClientModeImpl.sendNetworkChangeBroadcast:3015 com.android.server.wifi.ClientModeImpl.lambda$sendNetworkChangeBroadcastWithCurrentState$14:2992 com.android.server.wifi.ClientModeImpl.$r8$lambda$mtuS9ulugUkTxNA_sDDnAioo66w:0 com.android.server.wifi.ClientModeImpl$$ExternalSyntheticLambda13.send:0 
09-17 19:04:35.782 D/WifiClientModeImpl[17921:wlan0](  702): reported txKbps 144000 rxKbps 144000
09-17 19:04:35.783 I/ConnectivityService(  702): Update score for net 105 : +IS_UNMETERED
09-17 19:04:35.783 V/WifiPickerTracker( 1468): Received broadcast: android.net.wifi.STATE_CHANGE
09-17 19:04:35.783 D/ConnectivityService(  702): registerNetworkAgent NetworkAgentInfo{network{105}  handle{454377263117}  ni{WIFI CONNECTING extra: } created=2025-09-17T10:04:35.783Z Score(Policies : IS_UNMETERED ; KeepConnected : 0)   lp{{LinkAddresses: [ ] DnsAddresses: [ ] Domains: null MTU: 0 Routes: [ ]}}  nc{[ Transports: WIFI Capabilities: NOT_METERED&INTERNET&NOT_RESTRICTED&TRUSTED&NOT_VPN&NOT_ROAMING&NOT_CONGESTED&NOT_SUSPENDED&NOT_VCN_MANAGED LinkUpBandwidth>=144000Kbps LinkDnBandwidth>=144000Kbps Specifier: <WifiNetworkAgentSpecifier [WifiConfiguration=, SSID="HyokaT-Buffalo-B_2.4GHz", BSSID=74:03:bd:f8:3e:00, band=1, mMatchLocalOnlySpecifiers=false]> TransportInfo: <SSID: "HyokaT-Buffalo-B_2.4GHz", BSSID: 74:03:bd:f8:3e:00, MAC: fa:e8:2d:e9:3d:1f, IP: null, Security type: 2, Supplicant state: GROUP_HANDSHAKE, Wi-Fi standard: 4, RSSI: -127, Link speed: -1Mbps, Tx Link speed: -1Mbps, Max Supported Tx Link speed: 144Mbps, Rx Link speed: -1Mbps, Max Supported Rx Link speed: 144Mbps, Frequency: 2427MHz, Net ID: 4, Metered hint: false, score: 0, isUsable: true, CarrierMerged: false, SubscriptionId: -1, IsPrimary: 1, Trusted: true, Restricted: false, Ephemeral: false, OEM paid: false, OEM private: false, OSU AP: false, FQDN: <none>, Provider friendly name: <none>, Requesting package name: <none>"HyokaT-Buffalo-B_2.4GHz"wpa2-pskMLO Information: , Is TID-To-Link negotiation supported by the AP: false, AP MLD Address: <none>, AP MLO Link Id: <none>, AP MLO Affiliated links: <none>> AllowedUids: <{1000}> OwnerUid: 1000 AdminUids: [1000] SSID: "HyokaT-Buffalo-B_2.4GHz" UnderlyingNetworks: Null]}  factorySerialNumber=4}
09-17 19:04:35.783 I/WifiService(  702): getConnectionInfo uid=1000
09-17 19:04:35.783 D/WifiClientModeImpl[17921:wlan0](  702): L2ConnectedState clearTargetBssid any key="HyokaT-Buffalo-B_2.4GHz"WPA_PSK
09-17 19:04:35.784 D/WifiScoreCard(  702): NETWORK_AGENT_ID: 105 ID: 1840294754
09-17 19:04:35.784 I/netd    (  401): getFwmarkForNetwork(105) -> {MarkMaskParcel{mark: 105, mask: 65535}} <0.01ms>
09-17 19:04:35.784 D/WifiClientModeImpl[17921:wlan0](  702): startIpClient netId=4 "HyokaT-Buffalo-B_2.4GHz"WPA_PSK  roam=false static=false randomMac=true isFilsConnection=false
09-17 19:04:35.785 D/WifiClientModeImpl[17921:wlan0](  702): sendNetworkChangeBroadcast oldState=CONNECTING newState=OBTAINING_IPADDR hidden=false
09-17 19:04:35.785 D/WifiClientModeImpl[17921:wlan0](  702): Queueing broadcast=NETWORK_STATE_CHANGED_ACTION networkAgentState=OBTAINING_IPADDR
09-17 19:04:35.785 I/WifiActiveModeWarden(  702): Sending onWifiNetworkStateChanged cmmRole=1 state=5
09-17 19:04:35.785 D/WifiClientModeImpl(  702): Sending broadcast=NETWORK_STATE_CHANGED_ACTION networkAgentState=OBTAINING_IPADDR
09-17 19:04:35.785 W/ContextImpl(  702): Calling a method in the system process without a qualified user: android.app.ContextImpl.sendStickyBroadcast:1626 com.android.server.wifi.ClientModeImpl.sendNetworkChangeBroadcast:3015 com.android.server.wifi.ClientModeImpl.lambda$sendNetworkChangeBroadcastWithCurrentState$14:2992 com.android.server.wifi.ClientModeImpl.$r8$lambda$mtuS9ulugUkTxNA_sDDnAioo66w:0 com.android.server.wifi.ClientModeImpl$$ExternalSyntheticLambda13.send:0 
09-17 19:04:35.786 D/WifiClientModeImpl[17921:wlan0](  702): ObtainingIpAddress clearTargetBssid any key="HyokaT-Buffalo-B_2.4GHz"WPA_PSK
09-17 19:04:35.787 D/WifiClientModeImpl[17921:wlan0](  702): setSuspendOptimizationsNative: 1 true -want true stack:setSuspendOptimizationsNative - handlePostDhcpSetup - stopDhcpSetup - startIpClient
09-17 19:04:35.787 D/WifiClientModeImpl[17921:wlan0](  702): Request to set power save for: wlan0 to: true requested by: 1, mPowerSaveDisableRequests = 0
09-17 19:04:35.787 D/WifiClientModeImpl[17921:wlan0](  702): Setting power save to: true, mPowerSaveDisableRequests = 0
09-17 19:04:35.787 D/wpa_supplicant( 1178): nl80211: set_p2p_powersave (legacy_ps=1 opp_ps=-1 ctwindow=-1)
09-17 19:04:35.787 D/wpa_supplicant( 1178): wpa_driver_nl80211_driver_cmd cmd:BTCOEXMODE 2
09-17 19:04:35.788 V/WifiClientModeImpl[17921:wlan0](  702): stopIpClient IpClientWithPreConnection: false
09-17 19:04:35.790 D/WifiHAL (  586): Getting APF capabilities, iface = 0xf6700f70
09-17 19:04:35.790 I/WifiHAL (  586): createRequest: APF get capabilities request
09-17 19:04:35.790 D/WifiHAL (  586): WifiRequest::create vendor command to iface 16, vendor_id=0xce7, subcmd=0x000e, res=0
09-17 19:04:35.790 E/WifiHAL (  586): In SetAPFCommand::handleResponse
09-17 19:04:35.790 D/WifiHAL (  586): Id = 0, subcmd = 0, len = 16
09-17 19:04:35.790 E/WifiHAL (  586): Response received for get packet filter capabilities command
09-17 19:04:35.790 I/WifiHAL (  586): APF version is 4
09-17 19:04:35.790 I/WifiHAL (  586): APF max len is 2048
09-17 19:04:35.790 I/WifiHAL (  586): Done!
09-17 19:04:35.790 D/WifiHAL (  586): Getting APF capability, version = 4, max_len = 2048
09-17 19:04:35.791 D/ConnectivityService(  702): [105 WIFI] EVENT_NETWORK_INFO_CHANGED, going from CONNECTING to CONNECTING
09-17 19:04:35.792 D/SupplicantStateTracker[wlan0](  702): HandshakeState{ when=-16ms what=147462 obj= ssid: "HyokaT-Buffalo-B_2.4GHz" bssid: 74:03:bd:f8:3e:00 nid: 4 frequencyMhz: 2427 state: COMPLETED target=com.android.wifi.x.com.android.internal.util.StateMachine$SmHandler }
09-17 19:04:35.792 D/SupplicantStateTracker[wlan0](  702): DefaultState{ when=-16ms what=147462 obj= ssid: "HyokaT-Buffalo-B_2.4GHz" bssid: 74:03:bd:f8:3e:00 nid: 4 frequencyMhz: 2427 state: COMPLETED target=com.android.wifi.x.com.android.internal.util.StateMachine$SmHandler }
09-17 19:04:35.792 D/SupplicantStateTracker(  702): Queuing broadcast=SUPPLICANT_STATE_CHANGED_ACTION state=COMPLETED failedAuth=false reasonCode=0
09-17 19:04:35.792 D/SupplicantStateTracker(  702): Sending broadcast=SUPPLICANT_STATE_CHANGED_ACTION state=COMPLETED failedAuth=false reasonCode=0
09-17 19:04:35.792 D/SupplicantStateTracker[wlan0](  702): Supplicant state: COMPLETED
09-17 19:04:35.793 D/SupplicantStateTracker[wlan0](  702): CompletedState
09-17 19:04:35.793 D/WifiScoreCard(  702): Changing state to COMPLETED SSID: "HyokaT-Buffalo-B_2.4GHz", BSSID: 74:03:bd:f8:3e:00, MAC: fa:e8:2d:e9:3d:1f, IP: null, Security type: 2, Supplicant state: GROUP_HANDSHAKE, Wi-Fi standard: 4, RSSI: -127, Link speed: -1Mbps, Tx Link speed: -1Mbps, Max Supported Tx Link speed: 144Mbps, Rx Link speed: -1Mbps, Max Supported Rx Link speed: 144Mbps, Frequency: 2427MHz, Net ID: 4, Metered hint: false, score: 0, isUsable: true, CarrierMerged: false, SubscriptionId: -1, IsPrimary: 1, Trusted: true, Restricted: false, Ephemeral: false, OEM paid: false, OEM private: false, OSU AP: false, FQDN: <none>, Provider friendly name: <none>, Requesting package name: <none>"HyokaT-Buffalo-B_2.4GHz"wpa2-pskMLO Information: , Is TID-To-Link negotiation supported by the AP: false, AP MLD Address: <none>, AP MLO Link Id: <none>, AP MLO Affiliated links: <none>
09-17 19:04:35.794 D/NetworkMonitor/105( 1395): checkAndRenewResourceConfig: update captive portal https urls to [https://www.google.com/generate_204]
09-17 19:04:35.794 D/NetworkMonitor/105( 1395): checkAndRenewResourceConfig: update captive portal http urls to [http://connectivitycheck.gstatic.com/generate_204]
09-17 19:04:35.794 D/WifiClientModeImpl[17921:wlan0](  702): reported txKbps 144000 rxKbps 144000
09-17 19:04:35.794 D/NetworkMonitor/105( 1395): checkAndRenewResourceConfig: update captive portal fallback urls to[http://www.google.com/gen_204, http://play.googleapis.com/generate_204]
09-17 19:04:35.794 D/NetworkMonitor( 1395): Starting on network 105 with capport HTTPS URL [https://www.google.com/generate_204] and HTTP URL [http://connectivitycheck.gstatic.com/generate_204]
09-17 19:04:35.795 I/WifiClientModeImpl[17921:wlan0](  702): Update current security type to 2
09-17 19:04:35.795 D/WifiScoreCard(  702): ifaceName=wlan0,wifiInfo=SSID: "HyokaT-Buffalo-B_2.4GHz", BSSID: 74:03:bd:f8:3e:00, MAC: fa:e8:2d:e9:3d:1f, IP: null, Security type: 2, Supplicant state: COMPLETED, Wi-Fi standard: 4, RSSI: -127, Link speed: -1Mbps, Tx Link speed: -1Mbps, Max Supported Tx Link speed: 144Mbps, Rx Link speed: -1Mbps, Max Supported Rx Link speed: 144Mbps, Frequency: 2427MHz, Net ID: 4, Metered hint: false, score: 0, isUsable: true, CarrierMerged: false, SubscriptionId: -1, IsPrimary: 1, Trusted: true, Restricted: false, Ephemeral: false, OEM paid: false, OEM private: false, OSU AP: false, FQDN: <none>, Provider friendly name: <none>, Requesting package name: <none>"HyokaT-Buffalo-B_2.4GHz"wpa2-pskMLO Information: , Is TID-To-Link negotiation supported by the AP: false, AP MLD Address: <none>, AP MLO Link Id: <none>, AP MLO Affiliated links: <none>
09-17 19:04:35.795 D/WifiClientModeImpl[17921:wlan0](  702): ConnectingOrConnectedState: Supplicant State change  ssid: "HyokaT-Buffalo-B_2.4GHz" bssid: 74:03:bd:f8:3e:00 nid: 4 frequencyMhz: 2427 state: COMPLETED
09-17 19:04:35.795 V/WifiPermissionsUtil(  702): deviceOwner:null
09-17 19:04:35.796 D/WifiClientModeImpl[17921:wlan0](  702):  ClientModeImpl$ConnectingOrConnectedState screen=on 0 0 ssid: "HyokaT-Buffalo-B_2.4GHz" bssid: 74:03:bd:f8:3e:00 nid: 4 frequencyMhz: 2427 state: COMPLETED
09-17 19:04:35.803 D/WifiClientModeImpl[17921:wlan0](  702): updateLinkLayerStatsRssiSpeedFrequencyCapabilities rssi=-40 TxLinkspeed=130 freq=2427 RxLinkSpeed=0
09-17 19:04:35.803 D/WifiDataStall(  702): tx tput in kbps: -1
09-17 19:04:35.803 D/WifiDataStall(  702): rx tput in kbps: -1
09-17 19:04:35.803 V/WifiConfigManager(  702): Updating scan detail cache freq=2427 BSSID=74:03:bd:f8:3e:00 RSSI=-40 for "HyokaT-Buffalo-B_2.4GHz"WPA_PSK
09-17 19:04:35.804 D/WifiThroughputPredictor(  702):  utilization (BssLoad) -1 utilization (LLStats) 80 isBluetoothConnected: false final utilization: 80
09-17 19:04:35.804 D/WifiThroughputPredictor(  702):  airTime20: 175 airTime: 175
09-17 19:04:35.804 D/WifiThroughputPredictor(  702):  BW: 0 RSSI: -40 Nss: 2 Mode: 4 symDur: 3600 snrDb 40 bitPerTone: 5000 rate: 144 throughput: 98
09-17 19:04:35.804 D/WifiThroughputPredictor(  702):  utilization (BssLoad) -1 utilization (LLStats) 80 isBluetoothConnected: false final utilization: 80
09-17 19:04:35.804 D/WifiThroughputPredictor(  702):  airTime20: 175 airTime: 175
09-17 19:04:35.804 D/WifiThroughputPredictor(  702):  BW: 0 RSSI: -40 Nss: 2 Mode: 4 symDur: 3600 snrDb 40 bitPerTone: 5000 rate: 144 throughput: 98
09-17 19:04:35.804 D/WifiScoreReport(  702): report new wifi score 60
09-17 19:04:35.804 D/WifiScoreCard(  702): BSSID update FIRST_POLL_AFTER_CONNECTION ID: 1840294754 SSID: "HyokaT-Buffalo-B_2.4GHz", BSSID: 74:03:bd:f8:3e:00, MAC: fa:e8:2d:e9:3d:1f, IP: null, Security type: 2, Supplicant state: COMPLETED, Wi-Fi standard: 4, RSSI: -40, Link speed: 130Mbps, Tx Link speed: 130Mbps, Max Supported Tx Link speed: 144Mbps, Rx Link speed: -1Mbps, Max Supported Rx Link speed: 144Mbps, Frequency: 2427MHz, Net ID: 4, Metered hint: false, score: 60, isUsable: true, CarrierMerged: false, SubscriptionId: -1, IsPrimary: 1, Trusted: true, Restricted: false, Ephemeral: false, OEM paid: false, OEM private: false, OSU AP: false, FQDN: <none>, Provider friendly name: <none>, Requesting package name: <none>"HyokaT-Buffalo-B_2.4GHz"wpa2-pskMLO Information: , Is TID-To-Link negotiation supported by the AP: false, AP MLD Address: <none>, AP MLO Link Id: <none>, AP MLO Affiliated links: <none>
09-17 19:04:35.804 D/WifiScoreCard(  702): BSSID update SIGNAL_POLL ID: 1840294754 SSID: "HyokaT-Buffalo-B_2.4GHz", BSSID: 74:03:bd:f8:3e:00, MAC: fa:e8:2d:e9:3d:1f, IP: null, Security type: 2, Supplicant state: COMPLETED, Wi-Fi standard: 4, RSSI: -40, Link speed: 130Mbps, Tx Link speed: 130Mbps, Max Supported Tx Link speed: 144Mbps, Rx Link speed: -1Mbps, Max Supported Rx Link speed: 144Mbps, Frequency: 2427MHz, Net ID: 4, Metered hint: false, score: 60, isUsable: true, CarrierMerged: false, SubscriptionId: -1, IsPrimary: 1, Trusted: true, Restricted: false, Ephemeral: false, OEM paid: false, OEM private: false, OSU AP: false, FQDN: <none>, Provider friendly name: <none>, Requesting package name: <none>"HyokaT-Buffalo-B_2.4GHz"wpa2-pskMLO Information: , Is TID-To-Link negotiation supported by the AP: false, AP MLD Address: <none>, AP MLO Link Id: <none>, AP MLO Affiliated links: <none>
09-17 19:04:35.804 D/WifiScoreCard(  702): txRate: 1 txSpeed: 130
09-17 19:04:35.805 D/WifiScoreCard(  702): network update SIGNAL_POLL "HyokaT-Buffalo-B_2.4GHz" ID: 1700357631 RSSI -40 txSpeed -1
09-17 19:04:35.805 D/WifiClientModeImpl[17921:wlan0](  702):  ClientModeImpl$L2ConnectedState screen=on 6 0 "HyokaT-Buffalo-B_2.4GHz" 74:03:bd:f8:3e:00 rssi=-40 f=2427 sc=60 link=130 tx=0.2, 0.0, 0.0 rx=0.0 bcn=0 [on:0 tx:0 rx:0 period:84183] from screen [on:0 period:-787465410] score=60
09-17 19:04:35.806 V/WifiService(  702): Clearing REDACT_FOR_LOCAL_MAC_ADDRESS for com.android.tv.settings(uid=1000)
09-17 19:04:35.806 I/ConnectivityService(  702): Update score for net 105 : +TRANSPORT_PRIMARY
09-17 19:04:35.806 V/WifiService(  702): Clearing REDACT_FOR_NETWORK_SETTINGS for com.android.tv.settings(uid=1000)
09-17 19:04:35.806 V/WifiService(  702): Clearing REDACT_FOR_ACCESS_FINE_LOCATION for com.android.tv.settings(uid=1000)
09-17 19:04:35.806 W/kernel  ( 1178): [ 1768.439418]mtk_cfg_get_txpower: 7 callbacks suppressed
09-17 19:04:35.806 I/kernel  ( 1178): [ 1768.439430][wlan][1178]mtk_cfg_get_txpower:(REQ WARN) STA doesn't support this function
09-17 19:04:35.806 D/WifiVendorHal(  702): configureNeighborDiscoveryOffload enabled=true
09-17 19:04:35.806 D/WifiClientModeImpl[17921:wlan0](  702):  ClientModeImpl$ConnectableState screen=on 1 0
09-17 19:04:35.807 D/ConnectivityService(  702): NetReassign [no changes] [c 0] [a 0] [i 1]
09-17 19:04:35.807 D/WifiVendorHal(  702): installPacketFilter filter length 2048
09-17 19:04:35.807 D/WifiHAL (  586): Setting APF program, iface = 0xf6700f70
09-17 19:04:35.807 I/WifiHAL (  586): createRequest: APF set program request
09-17 19:04:35.807 D/WifiHAL (  586): WifiRequest::create vendor command to iface 16, vendor_id=0xce7, subcmd=0x000f, res=0
09-17 19:04:35.808 I/WifiHAL (  586): Done!
09-17 19:04:35.808 D/WifiClientModeImpl[17921:wlan0](  702):  ClientModeImpl$ConnectableState screen=on len=2048
09-17 19:04:35.809 D/WifiVendorHal(  702): installPacketFilter filter length 192
09-17 19:04:35.809 D/WifiHAL (  586): Setting APF program, iface = 0xf6700f70
09-17 19:04:35.809 I/WifiHAL (  586): createRequest: APF set program request
09-17 19:04:35.809 D/WifiHAL (  586): WifiRequest::create vendor command to iface 16, vendor_id=0xce7, subcmd=0x000f, res=0
09-17 19:04:35.810 I/WifiHAL (  586): Done!
09-17 19:04:35.810 D/ConnectivityService(  702): NetReassign [no changes] [c 0] [a 0] [i 2]
09-17 19:04:35.810 D/WifiClientModeImpl[17921:wlan0](  702):  ClientModeImpl$ConnectableState screen=on len=192
09-17 19:04:35.823 D/ApfFilter( 1395): (wlan0): begin monitoring
09-17 19:04:35.825 I/netd    (  401): setProcSysNet(6, 1, wlan0, accept_ra, 2) <0.15ms>
09-17 19:04:35.825 I/netd    (  401): interfaceSetIPv6PrivacyExtensions(wlan0, true) <0.08ms>
09-17 19:04:35.826 I/netd    (  401): setIPv6AddrGenMode(wlan0, 0) <0.10ms>
09-17 19:04:35.826 I/netd    (  401): interfaceSetEnableIPv6(wlan0, true) <0.18ms>
09-17 19:04:35.828 I/netd    (  401): setProcSysNet(4, 2, wlan0, retrans_time_ms, 750) <0.15ms>
09-17 19:04:35.828 I/netd    (  401): setProcSysNet(4, 2, wlan0, ucast_solicit, 5) <0.08ms>
09-17 19:04:35.829 I/netd    (  401): setProcSysNet(4, 2, wlan0, mcast_resolicit, 3) <0.08ms>
09-17 19:04:35.829 I/netd    (  401): setProcSysNet(6, 2, wlan0, retrans_time_ms, 750) <0.11ms>
09-17 19:04:35.829 I/netd    (  401): setProcSysNet(6, 2, wlan0, ucast_solicit, 5) <0.08ms>
09-17 19:04:35.830 I/netd    (  401): setProcSysNet(6, 2, wlan0, mcast_resolicit, 3) <0.08ms>
09-17 19:04:35.830 I/netd    (  401): setProcSysNet(4, 2, wlan0, retrans_time_ms, 1000) <0.07ms>
09-17 19:04:35.830 I/netd    (  401): setProcSysNet(4, 2, wlan0, ucast_solicit, 15) <0.07ms>
09-17 19:04:35.831 I/netd    (  401): setProcSysNet(6, 2, wlan0, retrans_time_ms, 1000) <0.11ms>
09-17 19:04:35.831 I/netd    (  401): setProcSysNet(6, 2, wlan0, ucast_solicit, 15) <0.07ms>
09-17 19:04:35.832 D/IpClient/wlan0( 1395): routeUpdated: fe80::/64 -> :: wlan0 mtu 0
09-17 19:04:35.833 D/IpClient/wlan0( 1395): addressUpdated: fe80::f8e8:2dff:fee9:3d1f/64 on ifindex 16 flags 0x000000C4 scope 253
09-17 19:04:35.835 D/TrafficStats( 1395): tagSocket(107) with statsTag=0xfffffe01, statsUid=-1
09-17 19:04:35.838 D/IpClient.wlan0( 1395): set max DTIM multiplier to 1
