09-17 19:04:54.757 I/WifiService(  702): getSupportedFeatures uid=1000 returns 19f010f38889419
09-17 19:04:54.758 I/WifiService(  702): getWifiEnabledState uid=1000 state=3
09-17 19:04:54.784 I/WifiService(  702): getCurrentNetwork uid=1000
09-17 19:04:54.786 I/WifiService(  702): getConnectionInfo uid=1000
09-17 19:04:54.786 V/WifiService(  702): Clearing REDACT_FOR_LOCAL_MAC_ADDRESS for com.android.tv.settings(uid=1000)
09-17 19:04:54.786 V/WifiService(  702): Clearing REDACT_FOR_NETWORK_SETTINGS for com.android.tv.settings(uid=1000)
09-17 19:04:54.787 V/WifiService(  702): Clearing REDACT_FOR_ACCESS_FINE_LOCATION for com.android.tv.settings(uid=1000)
09-17 19:04:54.787 I/WifiService(  702): getConnectionInfo uid=1000
09-17 19:04:54.787 V/WifiService(  702): Clearing REDACT_FOR_LOCAL_MAC_ADDRESS for com.android.tv.settings(uid=1000)
09-17 19:04:54.787 V/WifiService(  702): Clearing REDACT_FOR_NETWORK_SETTINGS for com.android.tv.settings(uid=1000)
09-17 19:04:54.787 V/WifiService(  702): Clearing REDACT_FOR_ACCESS_FINE_LOCATION for com.android.tv.settings(uid=1000)
09-17 19:04:54.788 I/WifiService(  702): getConnectionInfo uid=1000
09-17 19:04:54.788 V/WifiService(  702): Clearing REDACT_FOR_LOCAL_MAC_ADDRESS for com.android.tv.settings(uid=1000)
09-17 19:04:54.788 V/WifiService(  702): Clearing REDACT_FOR_NETWORK_SETTINGS for com.android.tv.settings(uid=1000)
09-17 19:04:54.788 V/WifiService(  702): Clearing REDACT_FOR_ACCESS_FINE_LOCATION for com.android.tv.settings(uid=1000)
09-17 19:04:54.836 I/serviceDiscovery(  702): [MdnsAdvertiser.wlan0] Probing finished for service 2
09-17 19:04:54.837 E/NsdManagerOffloadEngine( 2072): eGVB: onOffloadServiceUpdated [0, 0, -124, 0, 0, 0, 0, 5, 0, 0, 0, 0, 17, 95, 97, 110, 100, 114, 111, 105, 100, 116, 118, 114, 101, 109, 111, 116, 101, 50, 4, 95, 116, 99, 112, 5, 108, 111, 99, 97, 108, 0, 0, 12, 0, 1, 0, 0, 17, -108, 0, 15, 12, 71, 111, 111, 103, 108, 101, 84, 86, 49, 52, 57, 51, -64, 12, -64, 52, 0, 33, -128, 1, 0, 0, 0, 120, 0, 49, 0, 0, 0, 0, 25, 66, 40, 65, 110, 100, 114, 111, 105, 100, 95, 48, 50, 57, 53, 54, 55, 57, 101, 99, 102, 56, 54, 52, 100, 97, 48, 98, 55, 99, 51, 102, 55, 49, 56, 101, 50, 98, 50, 49, 49, 55, 101, -64, 35, -64, 52, 0, 16, -128, 1, 0, 0, 17, -108, 0, 57, 20, 98, 116, 61, 67, 67, 58, 53, 69, 58, 70, 56, 58, 50, 48, 58, 69, 51, 58, 70, 56, 7, 119, 112, 61, 54, 52, 54, 53, 27, 105, 115, 68, 101, 118, 105, 99, 101, 73, 110, 83, 116, 97, 110, 100, 98, 121, 77, 111, 100, 101, 61, 102, 97, 108, 115, 101, -64, 85, 0, 28, -128, 1, 0, 0, 0, 120, 0, 16, -2, -128, 0, 0, 0, 0, 0, 0, -8, -24, 45, -1, -2, -23, 61, 31, -64, 85, 0, 1, -128, 1, 0, 0, 0, 120, 0, 4, -64, -88, 11, 2]
09-17 19:04:54.838 D/mdnsoffload(  607): enter: addProtocolResponses
09-17 19:04:54.838 I/mdnsoffload(  607): addProtocolResponses( networkInterface="wlan0", queryTemplate.qType="12", |responseRecord|=241 )
09-17 19:04:54.838 I/mdnsoffload(  607): addProtocolResponses( networkInterface="wlan0", queryTemplate.qType="33", |responseRecord|=241 )
09-17 19:04:54.838 I/mdnsoffload(  607): addProtocolResponses( networkInterface="wlan0", queryTemplate.qType="16", |responseRecord|=241 )
09-17 19:04:54.838 I/mdnsoffload(  607): addProtocolResponses( networkInterface="wlan0", queryTemplate.qType="1", |responseRecord|=241 )
09-17 19:04:54.838 I/mdnsoffload(  607): mdns ethernet is not supported
09-17 19:04:54.838 E/mdnsoffload(  607): addProtocolResponses ioctl failed
09-17 19:04:54.841 E/kernel  (  607): [ 1787.475005]mt5896-gmac 1c700000.gmac: mtk_dtv_gmac_ioctl: mdns offload is unsupported
09-17 19:04:54.841 I/kernel  (  607): [ 1787.475096][wlan][607]priv_support_mdns_offload:(REQ ERROR) mdns param check failed!
09-17 19:04:54.840 E/OffloadWriter( 2072): Failed to offload mDNS protocol response for record key {27} on iface {wlan0}
09-17 19:04:54.840 E/OffloadWriter( 2072): android.os.ServiceSpecificException: addProtocolResponses ioctl failed (code -1)
09-17 19:04:54.840 E/OffloadWriter( 2072): 	at android.os.Parcel.createExceptionOrNull(Parcel.java:3093)
09-17 19:04:54.840 E/OffloadWriter( 2072): 	at android.os.Parcel.createException(Parcel.java:3063)
09-17 19:04:54.840 E/OffloadWriter( 2072): 	at android.os.Parcel.readException(Parcel.java:3046)
09-17 19:04:54.840 E/OffloadWriter( 2072): 	at android.os.Parcel.readException(Parcel.java:2988)
09-17 19:04:54.840 E/OffloadWriter( 2072): 	at device.google.atv.mdns_offload.IMdnsOffload$Stub$Proxy.addProtocolResponses(IMdnsOffload.java:425)
09-17 19:04:54.840 E/OffloadWriter( 2072): 	at com.android.tv.mdnsoffloadmanager.OffloadWriter.tryAddProtocolResponses(OffloadWriter.java:206)
09-17 19:04:54.840 E/OffloadWriter( 2072): 	at com.android.tv.mdnsoffloadmanager.OffloadWriter.writeOffloadData(OffloadWriter.java:135)
09-17 19:04:54.840 E/OffloadWriter( 2072): 	at com.android.tv.mdnsoffloadmanager.InterfaceOffloadManager.applyOffloadIntents(InterfaceOffloadManager.java:110)
09-17 19:04:54.840 E/OffloadWriter( 2072): 	at com.android.tv.mdnsoffloadmanager.InterfaceOffloadManager.refreshProtocolResponses(InterfaceOffloadManager.java:73)
09-17 19:04:54.840 E/OffloadWriter( 2072): 	at com.android.tv.mdnsoffloadmanager.MdnsOffloadManagerService.lambda$addProtocolResponses$6(MdnsOffloadManagerService.java:389)
09-17 19:04:54.840 E/OffloadWriter( 2072): 	at com.android.tv.mdnsoffloadmanager.MdnsOffloadManagerService.$r8$lambda$UiGarJ3gFiNZGqNYvn37msZpjNg(MdnsOffloadManagerService.java:0)
09-17 19:04:54.840 E/OffloadWriter( 2072): 	at com.android.tv.mdnsoffloadmanager.MdnsOffloadManagerService$$ExternalSyntheticLambda8.run(R8$$SyntheticClass:0)
09-17 19:04:54.840 E/OffloadWriter( 2072): 	at android.os.Handler.handleCallback(Handler.java:958)
09-17 19:04:54.840 E/OffloadWriter( 2072): 	at android.os.Handler.dispatchMessage(Handler.java:99)
09-17 19:04:54.840 E/OffloadWriter( 2072): 	at android.os.Looper.loopOnce(Looper.java:205)
09-17 19:04:54.840 E/OffloadWriter( 2072): 	at android.os.Looper.loop(Looper.java:294)
09-17 19:04:54.840 E/OffloadWriter( 2072): 	at android.os.HandlerThread.run(HandlerThread.java:67)
09-17 19:04:54.840 D/mdnsoffload(  607): enter: addProtocolResponses
09-17 19:04:54.840 I/mdnsoffload(  607): addProtocolResponses( networkInterface="wlan0", queryTemplate.qType="12", |responseRecord|=361 )
09-17 19:04:54.840 I/mdnsoffload(  607): addProtocolResponses( networkInterface="wlan0", queryTemplate.qType="33", |responseRecord|=361 )
09-17 19:04:54.840 I/mdnsoffload(  607): addProtocolResponses( networkInterface="wlan0", queryTemplate.qType="16", |responseRecord|=361 )
09-17 19:04:54.840 I/mdnsoffload(  607): addProtocolResponses( networkInterface="wlan0", queryTemplate.qType="1", |responseRecord|=361 )
09-17 19:04:54.840 I/mdnsoffload(  607): mdns ethernet is not supported
09-17 19:04:54.840 E/mdnsoffload(  607): addProtocolResponses ioctl failed
09-17 19:04:54.841 E/OffloadWriter( 2072): Failed to offload mDNS protocol response for record key {28} on iface {wlan0}
09-17 19:04:54.841 E/OffloadWriter( 2072): android.os.ServiceSpecificException: addProtocolResponses ioctl failed (code -1)
09-17 19:04:54.841 E/OffloadWriter( 2072): 	at android.os.Parcel.createExceptionOrNull(Parcel.java:3093)
09-17 19:04:54.841 E/OffloadWriter( 2072): 	at android.os.Parcel.createException(Parcel.java:3063)
09-17 19:04:54.841 E/OffloadWriter( 2072): 	at android.os.Parcel.readException(Parcel.java:3046)
09-17 19:04:54.841 E/OffloadWriter( 2072): 	at android.os.Parcel.readException(Parcel.java:2988)
09-17 19:04:54.841 E/OffloadWriter( 2072): 	at device.google.atv.mdns_offload.IMdnsOffload$Stub$Proxy.addProtocolResponses(IMdnsOffload.java:425)
09-17 19:04:54.841 E/OffloadWriter( 2072): 	at com.android.tv.mdnsoffloadmanager.OffloadWriter.tryAddProtocolResponses(OffloadWriter.java:206)
09-17 19:04:54.841 E/OffloadWriter( 2072): 	at com.android.tv.mdnsoffloadmanager.OffloadWriter.writeOffloadData(OffloadWriter.java:135)
09-17 19:04:54.841 E/OffloadWriter( 2072): 	at com.android.tv.mdnsoffloadmanager.InterfaceOffloadManager.applyOffloadIntents(InterfaceOffloadManager.java:110)
09-17 19:04:54.841 E/OffloadWriter( 2072): 	at com.android.tv.mdnsoffloadmanager.InterfaceOffloadManager.refreshProtocolResponses(InterfaceOffloadManager.java:73)
09-17 19:04:54.841 E/OffloadWriter( 2072): 	at com.android.tv.mdnsoffloadmanager.MdnsOffloadManagerService.lambda$addProtocolResponses$6(MdnsOffloadManagerService.java:389)
09-17 19:04:54.841 E/OffloadWriter( 2072): 	at com.android.tv.mdnsoffloadmanager.MdnsOffloadManagerService.$r8$lambda$UiGarJ3gFiNZGqNYvn37msZpjNg(MdnsOffloadManagerService.java:0)
09-17 19:04:54.841 E/OffloadWriter( 2072): 	at com.android.tv.mdnsoffloadmanager.MdnsOffloadManagerService$$ExternalSyntheticLambda8.run(R8$$SyntheticClass:0)
09-17 19:04:54.841 E/OffloadWriter( 2072): 	at android.os.Handler.handleCallback(Handler.java:958)
09-17 19:04:54.841 E/OffloadWriter( 2072): 	at android.os.Handler.dispatchMessage(Handler.java:99)
09-17 19:04:54.841 E/OffloadWriter( 2072): 	at android.os.Looper.loopOnce(Looper.java:205)
09-17 19:04:54.841 E/OffloadWriter( 2072): 	at android.os.Looper.loop(Looper.java:294)
09-17 19:04:54.841 E/OffloadWriter( 2072): 	at android.os.HandlerThread.run(HandlerThread.java:67)
09-17 19:04:54.842 D/mdnsoffload(  607): enter: addProtocolResponses
09-17 19:04:54.842 I/mdnsoffload(  607): addProtocolResponses( networkInterface="wlan0", queryTemplate.qType="12", |responseRecord|=241 )
09-17 19:04:54.842 I/mdnsoffload(  607): addProtocolResponses( networkInterface="wlan0", queryTemplate.qType="33", |responseRecord|=241 )
09-17 19:04:54.842 I/mdnsoffload(  607): addProtocolResponses( networkInterface="wlan0", queryTemplate.qType="16", |responseRecord|=241 )
09-17 19:04:54.842 I/mdnsoffload(  607): addProtocolResponses( networkInterface="wlan0", queryTemplate.qType="1", |responseRecord|=241 )
09-17 19:04:54.842 I/mdnsoffload(  607): mdns ethernet is not supported
09-17 19:04:54.842 E/mdnsoffload(  607): addProtocolResponses ioctl failed
09-17 19:04:54.844 E/kernel  (  607): [ 1787.477113]mt5896-gmac 1c700000.gmac: mtk_dtv_gmac_ioctl: mdns offload is unsupported
09-17 19:04:54.844 I/kernel  (  607): [ 1787.477198][wlan][607]priv_support_mdns_offload:(REQ ERROR) mdns param check failed!
09-17 19:04:54.845 E/kernel  (  607): [ 1787.478677]mt5896-gmac 1c700000.gmac: mtk_dtv_gmac_ioctl: mdns offload is unsupported
09-17 19:04:54.845 I/kernel  (  607): [ 1787.478760][wlan][607]priv_support_mdns_offload:(REQ ERROR) mdns param check failed!
09-17 19:04:54.843 E/OffloadWriter( 2072): Failed to offload mDNS protocol response for record key {29} on iface {wlan0}
09-17 19:04:54.843 E/OffloadWriter( 2072): android.os.ServiceSpecificException: addProtocolResponses ioctl failed (code -1)
09-17 19:04:54.843 E/OffloadWriter( 2072): 	at android.os.Parcel.createExceptionOrNull(Parcel.java:3093)
09-17 19:04:54.843 E/OffloadWriter( 2072): 	at android.os.Parcel.createException(Parcel.java:3063)
09-17 19:04:54.843 E/OffloadWriter( 2072): 	at android.os.Parcel.readException(Parcel.java:3046)
09-17 19:04:54.843 E/OffloadWriter( 2072): 	at android.os.Parcel.readException(Parcel.java:2988)
09-17 19:04:54.843 E/OffloadWriter( 2072): 	at device.google.atv.mdns_offload.IMdnsOffload$Stub$Proxy.addProtocolResponses(IMdnsOffload.java:425)
09-17 19:04:54.843 E/OffloadWriter( 2072): 	at com.android.tv.mdnsoffloadmanager.OffloadWriter.tryAddProtocolResponses(OffloadWriter.java:206)
09-17 19:04:54.843 E/OffloadWriter( 2072): 	at com.android.tv.mdnsoffloadmanager.OffloadWriter.writeOffloadData(OffloadWriter.java:135)
09-17 19:04:54.843 E/OffloadWriter( 2072): 	at com.android.tv.mdnsoffloadmanager.InterfaceOffloadManager.applyOffloadIntents(InterfaceOffloadManager.java:110)
09-17 19:04:54.843 E/OffloadWriter( 2072): 	at com.android.tv.mdnsoffloadmanager.InterfaceOffloadManager.refreshProtocolResponses(InterfaceOffloadManager.java:73)
09-17 19:04:54.843 E/OffloadWriter( 2072): 	at com.android.tv.mdnsoffloadmanager.MdnsOffloadManagerService.lambda$addProtocolResponses$6(MdnsOffloadManagerService.java:389)
09-17 19:04:54.843 E/OffloadWriter( 2072): 	at com.android.tv.mdnsoffloadmanager.MdnsOffloadManagerService.$r8$lambda$UiGarJ3gFiNZGqNYvn37msZpjNg(MdnsOffloadManagerService.java:0)
09-17 19:04:54.843 E/OffloadWriter( 2072): 	at com.android.tv.mdnsoffloadmanager.MdnsOffloadManagerService$$ExternalSyntheticLambda8.run(R8$$SyntheticClass:0)
09-17 19:04:54.843 E/OffloadWriter( 2072): 	at android.os.Handler.handleCallback(Handler.java:958)
09-17 19:04:54.843 E/OffloadWriter( 2072): 	at android.os.Handler.dispatchMessage(Handler.java:99)
09-17 19:04:54.843 E/OffloadWriter( 2072): 	at android.os.Looper.loopOnce(Looper.java:205)
09-17 19:04:54.843 E/OffloadWriter( 2072): 	at android.os.Looper.loop(Looper.java:294)
09-17 19:04:54.843 E/OffloadWriter( 2072): 	at android.os.HandlerThread.run(HandlerThread.java:67)
09-17 19:04:54.844 I/serviceDiscovery(  702): [MdnsAdvertiser.wlan0] Probing finished for service 8
09-17 19:04:54.844 E/NsdManagerOffloadEngine( 2072): eGVB: onOffloadServiceUpdated [0, 0, -124, 0, 0, 0, 0, 5, 0, 0, 0, 0, 14, 95, 115, 111, 110, 121, 115, 109, 97, 114, 116, 104, 111, 109, 101, 4, 95, 116, 99, 112, 5, 108, 111, 99, 97, 108, 0, 0, 12, 0, 1, 0, 0, 17, -108, 0, 52, 49, 66, 82, 65, 86, 73, 65, 32, 56, 45, 50, 55, 97, 49, 53, 56, 97, 97, 50, 101, 97, 49, 48, 57, 54, 49, 55, 102, 51, 99, 51, 102, 53, 100, 54, 99, 57, 49, 102, 98, 53, 97, 55, 98, 48, 57, 54, 54, 98, 50, -64, 12, -64, 49, 0, 33, -128, 1, 0, 0, 0, 120, 0, 49, 0, 0, 0, 0, -76, -45, 40, 65, 110, 100, 114, 111, 105, 100, 95, 48, 50, 57, 53, 54, 55, 57, 101, 99, 102, 56, 54, 52, 100, 97, 48, 98, 55, 99, 51, 102, 55, 49, 56, 101, 50, 98, 50, 49, 49, 55, 101, -64, 32, -64, 49, 0, 16, -128, 1, 0, 0, 17, -108, 0, -113, 17, 105, 109, 78, 97, 109, 101, 61, 53, 53, 85, 77, 45, 45, 81, 66, 73, 45, 19, 105, 112, 65, 100, 100, 114, 61, 49, 57, 50, 46, 49, 54, 56, 46, 49, 49, 46, 50, 13, 112, 114, 111, 116, 111, 86, 101, 114, 61, 48, 120, 49, 49, 12, 100, 101, 115, 116, 61, 74, 80, 45, 73, 83, 68, 66, 16, 99, 97, 112, 73, 100, 61, 48, 120, 56, 65, 51, 50, 68, 54, 51, 57, 18, 102, 78, 97, 109, 101, 61, 71, 111, 111, 103, 108, 101, 84, 86, 49, 52, 57, 51, 11, 105, 102, 86, 101, 114, 61, 49, 48, 51, 48, 48, 14, 112, 67, 111, 100, 101, 61, 49, 48, 50, 52, 48, 49, 55, 48, 14, 109, 78, 117, 109, 98, 101, 114, 61, 48, 120, 53, 49, 48, 48, -64, 119, 0, 28, -128, 1, 0, 0, 0, 120, 0, 16, -2, -128, 0, 0, 0, 0, 0, 0, -8, -24, 45, -1, -2, -23, 61, 31, -64, 119, 0, 1, -128, 1, 0, 0, 0, 120, 0, 4, -64, -88, 11, 2]
09-17 19:04:54.845 D/mdnsoffload(  607): enter: addProtocolResponses
09-17 19:04:54.845 I/mdnsoffload(  607): addProtocolResponses( networkInterface="wlan0", queryTemplate.qType="12", |responseRecord|=241 )
09-17 19:04:54.845 I/mdnsoffload(  607): addProtocolResponses( networkInterface="wlan0", queryTemplate.qType="33", |responseRecord|=241 )
09-17 19:04:54.845 I/mdnsoffload(  607): addProtocolResponses( networkInterface="wlan0", queryTemplate.qType="16", |responseRecord|=241 )
09-17 19:04:54.845 I/mdnsoffload(  607): addProtocolResponses( networkInterface="wlan0", queryTemplate.qType="1", |responseRecord|=241 )
09-17 19:04:54.846 I/mdnsoffload(  607): mdns ethernet is not supported
09-17 19:04:54.846 E/mdnsoffload(  607): addProtocolResponses ioctl failed
09-17 19:04:54.849 E/kernel  (  607): [ 1787.482303]mt5896-gmac 1c700000.gmac: mtk_dtv_gmac_ioctl: mdns offload is unsupported
09-17 19:04:54.849 I/kernel  (  607): [ 1787.482404][wlan][607]priv_support_mdns_offload:(REQ ERROR) mdns param check failed!
09-17 19:04:54.847 E/OffloadWriter( 2072): Failed to offload mDNS protocol response for record key {27} on iface {wlan0}
09-17 19:04:54.847 E/OffloadWriter( 2072): android.os.ServiceSpecificException: addProtocolResponses ioctl failed (code -1)
09-17 19:04:54.847 E/OffloadWriter( 2072): 	at android.os.Parcel.createExceptionOrNull(Parcel.java:3093)
09-17 19:04:54.847 E/OffloadWriter( 2072): 	at android.os.Parcel.createException(Parcel.java:3063)
09-17 19:04:54.847 E/OffloadWriter( 2072): 	at android.os.Parcel.readException(Parcel.java:3046)
09-17 19:04:54.847 E/OffloadWriter( 2072): 	at android.os.Parcel.readException(Parcel.java:2988)
09-17 19:04:54.847 E/OffloadWriter( 2072): 	at device.google.atv.mdns_offload.IMdnsOffload$Stub$Proxy.addProtocolResponses(IMdnsOffload.java:425)
09-17 19:04:54.847 E/OffloadWriter( 2072): 	at com.android.tv.mdnsoffloadmanager.OffloadWriter.tryAddProtocolResponses(OffloadWriter.java:206)
09-17 19:04:54.847 E/OffloadWriter( 2072): 	at com.android.tv.mdnsoffloadmanager.OffloadWriter.writeOffloadData(OffloadWriter.java:135)
09-17 19:04:54.847 E/OffloadWriter( 2072): 	at com.android.tv.mdnsoffloadmanager.InterfaceOffloadManager.applyOffloadIntents(InterfaceOffloadManager.java:110)
09-17 19:04:54.847 E/OffloadWriter( 2072): 	at com.android.tv.mdnsoffloadmanager.InterfaceOffloadManager.refreshProtocolResponses(InterfaceOffloadManager.java:73)
09-17 19:04:54.847 E/OffloadWriter( 2072): 	at com.android.tv.mdnsoffloadmanager.MdnsOffloadManagerService.lambda$addProtocolResponses$6(MdnsOffloadManagerService.java:389)
09-17 19:04:54.847 E/OffloadWriter( 2072): 	at com.android.tv.mdnsoffloadmanager.MdnsOffloadManagerService.$r8$lambda$UiGarJ3gFiNZGqNYvn37msZpjNg(MdnsOffloadManagerService.java:0)
09-17 19:04:54.847 E/OffloadWriter( 2072): 	at com.android.tv.mdnsoffloadmanager.MdnsOffloadManagerService$$ExternalSyntheticLambda8.run(R8$$SyntheticClass:0)
09-17 19:04:54.847 E/OffloadWriter( 2072): 	at android.os.Handler.handleCallback(Handler.java:958)
09-17 19:04:54.847 E/OffloadWriter( 2072): 	at android.os.Handler.dispatchMessage(Handler.java:99)
09-17 19:04:54.847 E/OffloadWriter( 2072): 	at android.os.Looper.loopOnce(Looper.java:205)
09-17 19:04:54.847 E/OffloadWriter( 2072): 	at android.os.Looper.loop(Looper.java:294)
09-17 19:04:54.847 E/OffloadWriter( 2072): 	at android.os.HandlerThread.run(HandlerThread.java:67)
09-17 19:04:54.847 D/mdnsoffload(  607): enter: addProtocolResponses
09-17 19:04:54.848 I/mdnsoffload(  607): addProtocolResponses( networkInterface="wlan0", queryTemplate.qType="12", |responseRecord|=361 )
09-17 19:04:54.848 I/mdnsoffload(  607): addProtocolResponses( networkInterface="wlan0", queryTemplate.qType="33", |responseRecord|=361 )
09-17 19:04:54.848 I/mdnsoffload(  607): addProtocolResponses( networkInterface="wlan0", queryTemplate.qType="16", |responseRecord|=361 )
09-17 19:04:54.848 I/mdnsoffload(  607): addProtocolResponses( networkInterface="wlan0", queryTemplate.qType="1", |responseRecord|=361 )
09-17 19:04:54.848 I/mdnsoffload(  607): mdns ethernet is not supported
09-17 19:04:54.848 E/mdnsoffload(  607): addProtocolResponses ioctl failed
09-17 19:04:54.848 E/OffloadWriter( 2072): Failed to offload mDNS protocol response for record key {28} on iface {wlan0}
09-17 19:04:54.848 E/OffloadWriter( 2072): android.os.ServiceSpecificException: addProtocolResponses ioctl failed (code -1)
09-17 19:04:54.848 E/OffloadWriter( 2072): 	at android.os.Parcel.createExceptionOrNull(Parcel.java:3093)
09-17 19:04:54.848 E/OffloadWriter( 2072): 	at android.os.Parcel.createException(Parcel.java:3063)
09-17 19:04:54.848 E/OffloadWriter( 2072): 	at android.os.Parcel.readException(Parcel.java:3046)
09-17 19:04:54.848 E/OffloadWriter( 2072): 	at android.os.Parcel.readException(Parcel.java:2988)
09-17 19:04:54.848 E/OffloadWriter( 2072): 	at device.google.atv.mdns_offload.IMdnsOffload$Stub$Proxy.addProtocolResponses(IMdnsOffload.java:425)
09-17 19:04:54.848 E/OffloadWriter( 2072): 	at com.android.tv.mdnsoffloadmanager.OffloadWriter.tryAddProtocolResponses(OffloadWriter.java:206)
09-17 19:04:54.848 E/OffloadWriter( 2072): 	at com.android.tv.mdnsoffloadmanager.OffloadWriter.writeOffloadData(OffloadWriter.java:135)
09-17 19:04:54.848 E/OffloadWriter( 2072): 	at com.android.tv.mdnsoffloadmanager.InterfaceOffloadManager.applyOffloadIntents(InterfaceOffloadManager.java:110)
09-17 19:04:54.848 E/OffloadWriter( 2072): 	at com.android.tv.mdnsoffloadmanager.InterfaceOffloadManager.refreshProtocolResponses(InterfaceOffloadManager.java:73)
09-17 19:04:54.848 E/OffloadWriter( 2072): 	at com.android.tv.mdnsoffloadmanager.MdnsOffloadManagerService.lambda$addProtocolResponses$6(MdnsOffloadManagerService.java:389)
09-17 19:04:54.848 E/OffloadWriter( 2072): 	at com.android.tv.mdnsoffloadmanager.MdnsOffloadManagerService.$r8$lambda$UiGarJ3gFiNZGqNYvn37msZpjNg(MdnsOffloadManagerService.java:0)
09-17 19:04:54.848 E/OffloadWriter( 2072): 	at com.android.tv.mdnsoffloadmanager.MdnsOffloadManagerService$$ExternalSyntheticLambda8.run(R8$$SyntheticClass:0)
09-17 19:04:54.848 E/OffloadWriter( 2072): 	at android.os.Handler.handleCallback(Handler.java:958)
09-17 19:04:54.848 E/OffloadWriter( 2072): 	at android.os.Handler.dispatchMessage(Handler.java:99)
09-17 19:04:54.848 E/OffloadWriter( 2072): 	at android.os.Looper.loopOnce(Looper.java:205)
09-17 19:04:54.848 E/OffloadWriter( 2072): 	at android.os.Looper.loop(Looper.java:294)
09-17 19:04:54.848 E/OffloadWriter( 2072): 	at android.os.HandlerThread.run(HandlerThread.java:67)
09-17 19:04:54.850 D/mdnsoffload(  607): enter: addProtocolResponses
09-17 19:04:54.850 I/mdnsoffload(  607): addProtocolResponses( networkInterface="wlan0", queryTemplate.qType="12", |responseRecord|=241 )
09-17 19:04:54.850 I/mdnsoffload(  607): addProtocolResponses( networkInterface="wlan0", queryTemplate.qType="33", |responseRecord|=241 )
09-17 19:04:54.850 I/mdnsoffload(  607): addProtocolResponses( networkInterface="wlan0", queryTemplate.qType="16", |responseRecord|=241 )
09-17 19:04:54.850 I/mdnsoffload(  607): addProtocolResponses( networkInterface="wlan0", queryTemplate.qType="1", |responseRecord|=241 )
09-17 19:04:54.850 I/mdnsoffload(  607): mdns ethernet is not supported
09-17 19:04:54.850 E/mdnsoffload(  607): addProtocolResponses ioctl failed
09-17 19:04:54.851 E/kernel  (  607): [ 1787.484469]mt5896-gmac 1c700000.gmac: mtk_dtv_gmac_ioctl: mdns offload is unsupported
09-17 19:04:54.851 I/kernel  (  607): [ 1787.484554][wlan][607]priv_support_mdns_offload:(REQ ERROR) mdns param check failed!
09-17 19:04:54.853 E/kernel  (  607): [ 1787.486633]mt5896-gmac 1c700000.gmac: mtk_dtv_gmac_ioctl: mdns offload is unsupported
09-17 19:04:54.853 I/kernel  (  607): [ 1787.486728][wlan][607]priv_support_mdns_offload:(REQ ERROR) mdns param check failed!
09-17 19:04:54.851 E/OffloadWriter( 2072): Failed to offload mDNS protocol response for record key {29} on iface {wlan0}
09-17 19:04:54.851 E/OffloadWriter( 2072): android.os.ServiceSpecificException: addProtocolResponses ioctl failed (code -1)
09-17 19:04:54.851 E/OffloadWriter( 2072): 	at android.os.Parcel.createExceptionOrNull(Parcel.java:3093)
09-17 19:04:54.851 E/OffloadWriter( 2072): 	at android.os.Parcel.createException(Parcel.java:3063)
09-17 19:04:54.851 E/OffloadWriter( 2072): 	at android.os.Parcel.readException(Parcel.java:3046)
09-17 19:04:54.851 E/OffloadWriter( 2072): 	at android.os.Parcel.readException(Parcel.java:2988)
09-17 19:04:54.851 E/OffloadWriter( 2072): 	at device.google.atv.mdns_offload.IMdnsOffload$Stub$Proxy.addProtocolResponses(IMdnsOffload.java:425)
09-17 19:04:54.851 E/OffloadWriter( 2072): 	at com.android.tv.mdnsoffloadmanager.OffloadWriter.tryAddProtocolResponses(OffloadWriter.java:206)
09-17 19:04:54.851 E/OffloadWriter( 2072): 	at com.android.tv.mdnsoffloadmanager.OffloadWriter.writeOffloadData(OffloadWriter.java:135)
09-17 19:04:54.851 E/OffloadWriter( 2072): 	at com.android.tv.mdnsoffloadmanager.InterfaceOffloadManager.applyOffloadIntents(InterfaceOffloadManager.java:110)
09-17 19:04:54.851 E/OffloadWriter( 2072): 	at com.android.tv.mdnsoffloadmanager.InterfaceOffloadManager.refreshProtocolResponses(InterfaceOffloadManager.java:73)
09-17 19:04:54.851 E/OffloadWriter( 2072): 	at com.android.tv.mdnsoffloadmanager.MdnsOffloadManagerService.lambda$addProtocolResponses$6(MdnsOffloadManagerService.java:389)
09-17 19:04:54.851 E/OffloadWriter( 2072): 	at com.android.tv.mdnsoffloadmanager.MdnsOffloadManagerService.$r8$lambda$UiGarJ3gFiNZGqNYvn37msZpjNg(MdnsOffloadManagerService.java:0)
09-17 19:04:54.851 E/OffloadWriter( 2072): 	at com.android.tv.mdnsoffloadmanager.MdnsOffloadManagerService$$ExternalSyntheticLambda8.run(R8$$SyntheticClass:0)
09-17 19:04:54.851 E/OffloadWriter( 2072): 	at android.os.Handler.handleCallback(Handler.java:958)
09-17 19:04:54.851 E/OffloadWriter( 2072): 	at android.os.Handler.dispatchMessage(Handler.java:99)
09-17 19:04:54.851 E/OffloadWriter( 2072): 	at android.os.Looper.loopOnce(Looper.java:205)
09-17 19:04:54.851 E/OffloadWriter( 2072): 	at android.os.Looper.loop(Looper.java:294)
09-17 19:04:54.851 E/OffloadWriter( 2072): 	at android.os.HandlerThread.run(HandlerThread.java:67)
09-17 19:04:54.851 D/mdnsoffload(  607): enter: addProtocolResponses
09-17 19:04:54.851 I/mdnsoffload(  607): addProtocolResponses( networkInterface="wlan0", queryTemplate.qType="12", |responseRecord|=361 )
09-17 19:04:54.851 I/mdnsoffload(  607): addProtocolResponses( networkInterface="wlan0", queryTemplate.qType="33", |responseRecord|=361 )
09-17 19:04:54.851 I/mdnsoffload(  607): addProtocolResponses( networkInterface="wlan0", queryTemplate.qType="16", |responseRecord|=361 )
09-17 19:04:54.851 I/mdnsoffload(  607): addProtocolResponses( networkInterface="wlan0", queryTemplate.qType="1", |responseRecord|=361 )
09-17 19:04:54.851 I/mdnsoffload(  607): mdns ethernet is not supported
09-17 19:04:54.852 E/mdnsoffload(  607): addProtocolResponses ioctl failed
09-17 19:04:54.852 E/OffloadWriter( 2072): Failed to offload mDNS protocol response for record key {30} on iface {wlan0}
09-17 19:04:54.852 E/OffloadWriter( 2072): android.os.ServiceSpecificException: addProtocolResponses ioctl failed (code -1)
09-17 19:04:54.852 E/OffloadWriter( 2072): 	at android.os.Parcel.createExceptionOrNull(Parcel.java:3093)
09-17 19:04:54.852 E/OffloadWriter( 2072): 	at android.os.Parcel.createException(Parcel.java:3063)
09-17 19:04:54.852 E/OffloadWriter( 2072): 	at android.os.Parcel.readException(Parcel.java:3046)
09-17 19:04:54.852 E/OffloadWriter( 2072): 	at android.os.Parcel.readException(Parcel.java:2988)
09-17 19:04:54.852 E/OffloadWriter( 2072): 	at device.google.atv.mdns_offload.IMdnsOffload$Stub$Proxy.addProtocolResponses(IMdnsOffload.java:425)
09-17 19:04:54.852 E/OffloadWriter( 2072): 	at com.android.tv.mdnsoffloadmanager.OffloadWriter.tryAddProtocolResponses(OffloadWriter.java:206)
09-17 19:04:54.852 E/OffloadWriter( 2072): 	at com.android.tv.mdnsoffloadmanager.OffloadWriter.writeOffloadData(OffloadWriter.java:135)
09-17 19:04:54.852 E/OffloadWriter( 2072): 	at com.android.tv.mdnsoffloadmanager.InterfaceOffloadManager.applyOffloadIntents(InterfaceOffloadManager.java:110)
09-17 19:04:54.852 E/OffloadWriter( 2072): 	at com.android.tv.mdnsoffloadmanager.InterfaceOffloadManager.refreshProtocolResponses(InterfaceOffloadManager.java:73)
09-17 19:04:54.852 E/OffloadWriter( 2072): 	at com.android.tv.mdnsoffloadmanager.MdnsOffloadManagerService.lambda$addProtocolResponses$6(MdnsOffloadManagerService.java:389)
09-17 19:04:54.852 E/OffloadWriter( 2072): 	at com.android.tv.mdnsoffloadmanager.MdnsOffloadManagerService.$r8$lambda$UiGarJ3gFiNZGqNYvn37msZpjNg(MdnsOffloadManagerService.java:0)
09-17 19:04:54.852 E/OffloadWriter( 2072): 	at com.android.tv.mdnsoffloadmanager.MdnsOffloadManagerService$$ExternalSyntheticLambda8.run(R8$$SyntheticClass:0)
09-17 19:04:54.852 E/OffloadWriter( 2072): 	at android.os.Handler.handleCallback(Handler.java:958)
09-17 19:04:54.852 E/OffloadWriter( 2072): 	at android.os.Handler.dispatchMessage(Handler.java:99)
09-17 19:04:54.852 E/OffloadWriter( 2072): 	at android.os.Looper.loopOnce(Looper.java:205)
09-17 19:04:54.852 E/OffloadWriter( 2072): 	at android.os.Looper.loop(Looper.java:294)
09-17 19:04:54.852 E/OffloadWriter( 2072): 	at android.os.HandlerThread.run(HandlerThread.java:67)
09-17 19:04:54.855 E/kernel  (  607): [ 1787.488209]mt5896-gmac 1c700000.gmac: mtk_dtv_gmac_ioctl: mdns offload is unsupported
09-17 19:04:54.855 I/kernel  (  607): [ 1787.488285][wlan][607]priv_support_mdns_offload:(REQ ERROR) mdns param check failed!
09-17 19:04:55.215 I/WifiService(  702): getConnectionInfo uid=10185
09-17 19:04:55.216 V/WifiPermissionsUtil(  702): checkCallersLocationPermission(com.uei.quicksetsdk): uid 10185 doesn't have permission android.permission.ACCESS_FINE_LOCATION
09-17 19:04:55.216 V/WifiPermissionsUtil(  702): enforceCanAccessScanResults(pkg=com.uei.quicksetsdk, uid=10185): canCallingUidAccessLocation=false, canAppPackageUseLocation=false
09-17 19:04:55.216 V/WifiService(  702): Keeping REDACT_FOR_ACCESS_FINE_LOCATION:java.lang.SecurityException: UID 10185 has no location permission
09-17 19:04:55.216 I/WifiService(  702): getWifiEnabledState uid=10185 state=3
09-17 19:04:55.271 V/WifiPickerTracker( 1468): Issuing scan request from WifiManager
09-17 19:04:55.272 I/WifiService(  702): startScan uid=1000
09-17 19:04:55.273 I/WifiScanningService(  702): Registering listener= com.android.server.wifi.scanner.WifiScannerInternal$ScanListener@cea0a3 uid=1000 packageName=com.android.tv.settings workSource=WorkSource{1000}
09-17 19:04:55.273 I/WifiScanningService(  702): start scan: ClientInfo[uid=1000, package=com.android.tv.settings, com.android.server.wifi.scanner.WifiScannerInternal$ScanListener@cea0a3] package com.android.tv.settings
09-17 19:04:55.273 I/WifiScanningService(  702): addSingleScanRequest: ClientInfo[uid=1000, package=com.android.tv.settings, com.android.server.wifi.scanner.WifiScannerInternal$ScanListener@cea0a3],WorkSource{1000 com.android.tv.settings}, ScanSettings {  type:HIGH ACCURACY band:24Ghz & 5Ghz (DFS incl) & 6Ghz & 60Ghz ignoreLocationSettings:false period:0 reportEvents:3 numBssidsPerScan:0 maxScansToCache:0 rnrSetting:0 6GhzPscOnlyEnabled:false channels:[  ]  } 
09-17 19:04:55.273 D/WifiScanRequestProxy(  702): Scan request succeeded
09-17 19:04:55.273 D/WifiScanningService(  702): replySucceeded onSuccess
09-17 19:04:55.325 I/kernel  ( 2441): [ 1787.958861][A8303-1_Driver] addr:0x08,  i2c status:0x1b from 0x1b
09-17 19:04:55.354 I/ConnectivityService(  702): Update score for net 105 : +EVER_EVALUATED
09-17 19:04:55.355 D/ConnectivityService(  702): NetReassign [no changes] [c 1] [a 0] [i 0]
09-17 19:04:55.391 D/TrafficStats( 1395): tagSocket(115) with statsTag=0xffffff81, statsUid=-1
09-17 19:04:55.391 D/TrafficStats( 1395): tagSocket(118) with statsTag=0xffffff81, statsUid=-1
09-17 19:04:55.392 D/TrafficStats( 1395): tagSocket(115) with statsTag=0xffffff81, statsUid=-1
09-17 19:04:55.392 D/TrafficStats( 1395): tagSocket(118) with statsTag=0xffffff81, statsUid=-1
09-17 19:04:55.393 D/NetworkMonitor/105( 1395): PROBE_DNS connectivitycheck.gstatic.com 2ms FAIL in type ADDRCONFIG android.net.DnsResolver$DnsException: android.system.ErrnoException: resNetworkQuery failed: ENONET (Machine is not on the network)
09-17 19:04:55.394 D/NetworkMonitor/105( 1395): PROBE_DNS www.google.com 3ms FAIL in type ADDRCONFIG android.net.DnsResolver$DnsException: android.system.ErrnoException: resNetworkQuery failed: ENONET (Machine is not on the network)
09-17 19:04:55.395 I/resolv  (  401): GetAddrInfoHandler::run: {105 983145 0 917504 1073 1}
09-17 19:04:55.395 I/Netd    (  401): uid 1073 is not allowed to use netid 105
09-17 19:04:55.395 D/NetworkMonitor/105( 1395): PROBE_HTTP http://connectivitycheck.gstatic.com/generate_204 Probe failed with exception java.net.UnknownHostException: Unable to resolve host "connectivitycheck.gstatic.com": No address associated with hostname
09-17 19:04:55.397 I/resolv  (  401): GetAddrInfoHandler::run: {105 983145 0 917504 1073 1}
09-17 19:04:55.397 I/Netd    (  401): uid 1073 is not allowed to use netid 105
09-17 19:04:55.397 D/NetworkMonitor/105( 1395): PROBE_HTTPS https://www.google.com/generate_204 Probe failed with exception java.net.UnknownHostException: Unable to resolve host "www.google.com": No address associated with hostname
09-17 19:04:55.399 I/resolv  (  401): GetAddrInfoHandler::run: {105 983145 0 917504 1073 1}
09-17 19:04:55.400 I/Netd    (  401): uid 1073 is not allowed to use netid 105
09-17 19:04:55.400 D/NetworkMonitor/105( 1395): PROBE_FALLBACK http://play.googleapis.com/generate_204 Probe failed with exception java.net.UnknownHostException: Unable to resolve host "play.googleapis.com": No address associated with hostname
09-17 19:04:55.401 D/NetworkMonitor/105( 1395): isCaptivePortal: isSuccessful()=false isPortal()=false RedirectUrl=null isPartialConnectivity()=false Time=11ms
09-17 19:04:55.415 D/WifiNetworkAgent(  702): NetworkAgent: NetworkAgent channel lost
09-17 19:04:55.415 D/ConnectivityService(  702): [105 WIFI] disconnected, was satisfying 87
09-17 19:04:55.430 I/netd    (  401): tetherGetStats() -> {[]} <1.92ms>
09-17 19:04:55.438 I/kernel  (  702): [ 1788.071654][wlan][702]priv_driver_set_wow_tcpport:(REQ WARN) argc is 2
09-17 19:04:55.438 I/kernel  (  702): [ 1788.071959][wlan][702]priv_driver_set_wow_udpport:(REQ WARN) argc is 2
09-17 19:04:55.441 E/kernel  (  607): [ 1788.074348]mt5896-gmac 1c700000.gmac: mtk_dtv_gmac_ioctl: mdns offload is unsupported
09-17 19:04:55.441 I/kernel  (  607): [ 1788.074434][wlan][607]priv_support_mdns_offload:(REQ ERROR) mdns param check failed!
09-17 19:04:55.442 E/kernel  (  607): [ 1788.075967]mt5896-gmac 1c700000.gmac: mtk_dtv_gmac_ioctl: mdns offload is unsupported
09-17 19:04:55.442 I/kernel  (  607): [ 1788.076056][wlan][607]priv_support_mdns_offload:(REQ ERROR) mdns param check failed!
09-17 19:04:55.443 I/kernel  (  702): [ 1788.076411][wlan][702]priv_driver_set_wow_tcpport:(REQ WARN) argc is 2
09-17 19:04:55.443 I/kernel  (  702): [ 1788.076651][wlan][702]priv_driver_set_wow_udpport:(REQ WARN) argc is 2
09-17 19:04:55.446 E/kernel  (  607): [ 1788.079819]mt5896-gmac 1c700000.gmac: mtk_dtv_gmac_ioctl: mdns offload is unsupported
09-17 19:04:55.446 I/kernel  (  607): [ 1788.079906][wlan][607]priv_support_mdns_offload:(REQ ERROR) mdns param check failed!
09-17 19:04:55.434 D/UpstreamNetworkMonitor( 1395): Lost default Internet network: 105
09-17 19:04:55.434 I/MtkNetworkMonitorService(  702): onLost
09-17 19:04:55.434 D/MtkNetworkManagerJNI(  702): native_clear_wopacket_listen_port
09-17 19:04:55.434 D/MtkNetworkManagerJNI(  702): net_exec command =set_wow_tcp 0
09-17 19:04:55.434 D/[netpriv](  702): netpriv:    device is wlan0
09-17 19:04:55.435 D/[netpriv](  702): netpriv:    cmd is set_wow_tcp 0
09-17 19:04:55.435 D/[netpriv](  702): netpriv:    output is 
09-17 19:04:55.435 D/[netpriv](  702): 
09-17 19:04:55.435 D/MtkNetworkManagerJNI(  702): net_exec return 0
09-17 19:04:55.435 D/MtkNetworkManagerJNI(  702): (WOWL)wifi clear tcp4 port driver return 0 
09-17 19:04:55.435 D/MtkNetworkManagerJNI(  702): net_exec command =set_wow_udp 0
09-17 19:04:55.435 D/[netpriv](  702): netpriv:    device is wlan0
09-17 19:04:55.435 D/[netpriv](  702): netpriv:    cmd is set_wow_udp 0
09-17 19:04:55.436 I/d       ( 3385): [ANALYSIS] onLost
09-17 19:04:55.436 D/mdnsoffload(  607): enter: addProtocolResponses
09-17 19:04:55.436 I/mdnsoffload(  607): addProtocolResponses( networkInterface="wlan0", queryTemplate.qType="12", |responseRecord|=241 )
09-17 19:04:55.436 I/mdnsoffload(  607): addProtocolResponses( networkInterface="wlan0", queryTemplate.qType="33", |responseRecord|=241 )
09-17 19:04:55.436 I/mdnsoffload(  607): addProtocolResponses( networkInterface="wlan0", queryTemplate.qType="16", |responseRecord|=241 )
09-17 19:04:55.437 I/mdnsoffload(  607): addProtocolResponses( networkInterface="wlan0", queryTemplate.qType="1", |responseRecord|=241 )
09-17 19:04:55.438 I/mdnsoffload(  607): mdns ethernet is not supported
09-17 19:04:55.438 E/mdnsoffload(  607): addProtocolResponses ioctl failed
09-17 19:04:55.438 E/OffloadWriter( 2072): Failed to offload mDNS protocol response for record key {27} on iface {wlan0}
09-17 19:04:55.438 E/OffloadWriter( 2072): android.os.ServiceSpecificException: addProtocolResponses ioctl failed (code -1)
09-17 19:04:55.438 E/OffloadWriter( 2072): 	at android.os.Parcel.createExceptionOrNull(Parcel.java:3093)
09-17 19:04:55.438 E/OffloadWriter( 2072): 	at android.os.Parcel.createException(Parcel.java:3063)
09-17 19:04:55.438 E/OffloadWriter( 2072): 	at android.os.Parcel.readException(Parcel.java:3046)
09-17 19:04:55.438 E/OffloadWriter( 2072): 	at android.os.Parcel.readException(Parcel.java:2988)
09-17 19:04:55.438 E/OffloadWriter( 2072): 	at device.google.atv.mdns_offload.IMdnsOffload$Stub$Proxy.addProtocolResponses(IMdnsOffload.java:425)
09-17 19:04:55.438 E/OffloadWriter( 2072): 	at com.android.tv.mdnsoffloadmanager.OffloadWriter.tryAddProtocolResponses(OffloadWriter.java:206)
09-17 19:04:55.438 E/OffloadWriter( 2072): 	at com.android.tv.mdnsoffloadmanager.OffloadWriter.writeOffloadData(OffloadWriter.java:135)
09-17 19:04:55.438 E/OffloadWriter( 2072): 	at com.android.tv.mdnsoffloadmanager.InterfaceOffloadManager.applyOffloadIntents(InterfaceOffloadManager.java:110)
09-17 19:04:55.438 E/OffloadWriter( 2072): 	at com.android.tv.mdnsoffloadmanager.InterfaceOffloadManager.refreshProtocolResponses(InterfaceOffloadManager.java:73)
09-17 19:04:55.438 E/OffloadWriter( 2072): 	at com.android.tv.mdnsoffloadmanager.MdnsOffloadManagerService.lambda$removeProtocolResponses$7(MdnsOffloadManagerService.java:405)
09-17 19:04:55.438 E/OffloadWriter( 2072): 	at com.android.tv.mdnsoffloadmanager.MdnsOffloadManagerService.$r8$lambda$4jXdPpbq62sCJy8-pLeMGjnhO7k(MdnsOffloadManagerService.java:0)
09-17 19:04:55.438 E/OffloadWriter( 2072): 	at com.android.tv.mdnsoffloadmanager.MdnsOffloadManagerService$$ExternalSyntheticLambda9.run(R8$$SyntheticClass:0)
09-17 19:04:55.438 E/OffloadWriter( 2072): 	at android.os.Handler.handleCallback(Handler.java:958)
09-17 19:04:55.438 E/OffloadWriter( 2072): 	at android.os.Handler.dispatchMessage(Handler.java:99)
09-17 19:04:55.438 E/OffloadWriter( 2072): 	at android.os.Looper.loopOnce(Looper.java:205)
09-17 19:04:55.438 E/OffloadWriter( 2072): 	at android.os.Looper.loop(Looper.java:294)
09-17 19:04:55.438 E/OffloadWriter( 2072): 	at android.os.HandlerThread.run(HandlerThread.java:67)
09-17 19:04:55.438 I/ObservableProperty( 1209): [NetworkStateObserver-NetworkStatus connected] : apply value change true -> false on Looper (MainViewModel, tid 115) {e60fd6}
09-17 19:04:55.438 I/ObservableProperty( 1209): [NetworkSettingsTileModel status] : apply value change WifiNoInternet -> NotConnected on Looper (MainViewModel, tid 115) {e60fd6}
09-17 19:04:55.439 I/ObservableProperty( 1209): [null] : apply value change WifiNoInternet -> NotConnected on Looper (main, tid 2) {34c8eed}
09-17 19:04:55.439 D/mdnsoffload(  607): enter: addProtocolResponses
09-17 19:04:55.439 I/mdnsoffload(  607): addProtocolResponses( networkInterface="wlan0", queryTemplate.qType="12", |responseRecord|=361 )
09-17 19:04:55.439 I/mdnsoffload(  607): addProtocolResponses( networkInterface="wlan0", queryTemplate.qType="33", |responseRecord|=361 )
09-17 19:04:55.439 I/mdnsoffload(  607): addProtocolResponses( networkInterface="wlan0", queryTemplate.qType="16", |responseRecord|=361 )
09-17 19:04:55.439 I/mdnsoffload(  607): addProtocolResponses( networkInterface="wlan0", queryTemplate.qType="1", |responseRecord|=361 )
09-17 19:04:55.439 I/Finsky:background( 4778): [60] IQ: Internet connection lost.
09-17 19:04:55.439 I/mdnsoffload(  607): mdns ethernet is not supported
09-17 19:04:55.435 D/[netpriv](  702): netpriv:    output is 
09-17 19:04:55.439 E/mdnsoffload(  607): addProtocolResponses ioctl failed
09-17 19:04:55.439 D/[netpriv](  702): 
09-17 19:04:55.439 D/MtkNetworkManagerJNI(  702): net_exec return 0
09-17 19:04:55.439 D/MtkNetworkManagerJNI(  702): (WOWL)wifi clear udp4 port driver return 0 
09-17 19:04:55.439 D/MtkNetworkManagerJNI(  702): net_exec command =set_wow_tcp 1
09-17 19:04:55.440 D/[netpriv](  702): netpriv:    device is wlan0
09-17 19:04:55.440 D/[netpriv](  702): netpriv:    cmd is set_wow_tcp 1
09-17 19:04:55.440 D/[netpriv](  702): netpriv:    output is 
09-17 19:04:55.440 D/[netpriv](  702): 
09-17 19:04:55.440 D/MtkNetworkManagerJNI(  702): net_exec return 0
09-17 19:04:55.440 D/MtkNetworkManagerJNI(  702): (WOWL)wifi clear tcp6 port driver return 0 
09-17 19:04:55.452 E/kernel  (  607): [ 1788.085972]mt5896-gmac 1c700000.gmac: mtk_dtv_gmac_ioctl: mdns offload is unsupported
09-17 19:04:55.440 D/MtkNetworkManagerJNI(  702): net_exec command =set_wow_udp 1
09-17 19:04:55.440 D/[netpriv](  702): netpriv:    device is wlan0
09-17 19:04:55.452 I/kernel  (  607): [ 1788.086063][wlan][607]kalDelMdnsPassthrough:(REQ ERROR) del mdns passthrough.
09-17 19:04:55.440 D/[netpriv](  702): netpriv:    cmd is set_wow_udp 1
09-17 19:04:55.440 D/[netpriv](  702): netpriv:    output is 
09-17 19:04:55.453 E/kernel  (  607): [ 1788.086562]mt5896-gmac 1c700000.gmac: mtk_dtv_gmac_ioctl: mdns offload is unsupported
09-17 19:04:55.440 D/[netpriv](  702): 
09-17 19:04:55.440 D/MtkNetworkManagerJNI(  702): net_exec return 0
09-17 19:04:55.440 D/MtkNetworkManagerJNI(  702): (WOWL)wifi clear udp6 port driver return 0 
09-17 19:04:55.440 D/MtkNetworkManagerJNI(  702): Clear Ethernet WOC listen port, ret = 0
09-17 19:04:55.442 I/WifiService(  702): getConnectionInfo uid=10090
09-17 19:04:55.442 V/WifiService(  702): Clearing REDACT_FOR_LOCAL_MAC_ADDRESS for com.google.android.apps.mediashell(uid=10090)
09-17 19:04:55.442 E/OffloadWriter( 2072): Failed to offload mDNS protocol response for record key {28} on iface {wlan0}
09-17 19:04:55.442 E/OffloadWriter( 2072): android.os.ServiceSpecificException: addProtocolResponses ioctl failed (code -1)
09-17 19:04:55.442 E/OffloadWriter( 2072): 	at android.os.Parcel.createExceptionOrNull(Parcel.java:3093)
09-17 19:04:55.442 E/OffloadWriter( 2072): 	at android.os.Parcel.createException(Parcel.java:3063)
09-17 19:04:55.442 E/OffloadWriter( 2072): 	at android.os.Parcel.readException(Parcel.java:3046)
09-17 19:04:55.442 E/OffloadWriter( 2072): 	at android.os.Parcel.readException(Parcel.java:2988)
09-17 19:04:55.442 E/OffloadWriter( 2072): 	at device.google.atv.mdns_offload.IMdnsOffload$Stub$Proxy.addProtocolResponses(IMdnsOffload.java:425)
09-17 19:04:55.442 E/OffloadWriter( 2072): 	at com.android.tv.mdnsoffloadmanager.OffloadWriter.tryAddProtocolResponses(OffloadWriter.java:206)
09-17 19:04:55.442 E/OffloadWriter( 2072): 	at com.android.tv.mdnsoffloadmanager.OffloadWriter.writeOffloadData(OffloadWriter.java:135)
09-17 19:04:55.442 E/OffloadWriter( 2072): 	at com.android.tv.mdnsoffloadmanager.InterfaceOffloadManager.applyOffloadIntents(InterfaceOffloadManager.java:110)
09-17 19:04:55.442 E/OffloadWriter( 2072): 	at com.android.tv.mdnsoffloadmanager.InterfaceOffloadManager.refreshProtocolResponses(InterfaceOffloadManager.java:73)
09-17 19:04:55.442 E/OffloadWriter( 2072): 	at com.android.tv.mdnsoffloadmanager.MdnsOffloadManagerService.lambda$removeProtocolResponses$7(MdnsOffloadManagerService.java:405)
09-17 19:04:55.442 E/OffloadWriter( 2072): 	at com.android.tv.mdnsoffloadmanager.MdnsOffloadManagerService.$r8$lambda$4jXdPpbq62sCJy8-pLeMGjnhO7k(MdnsOffloadManagerService.java:0)
09-17 19:04:55.442 E/OffloadWriter( 2072): 	at com.android.tv.mdnsoffloadmanager.MdnsOffloadManagerService$$ExternalSyntheticLambda9.run(R8$$SyntheticClass:0)
09-17 19:04:55.442 E/OffloadWriter( 2072): 	at android.os.Handler.handleCallback(Handler.java:958)
09-17 19:04:55.442 E/OffloadWriter( 2072): 	at android.os.Handler.dispatchMessage(Handler.java:99)
09-17 19:04:55.442 E/OffloadWriter( 2072): 	at android.os.Looper.loopOnce(Looper.java:205)
09-17 19:04:55.442 E/OffloadWriter( 2072): 	at android.os.Looper.loop(Looper.java:294)
09-17 19:04:55.442 E/OffloadWriter( 2072): 	at android.os.HandlerThread.run(HandlerThread.java:67)
09-17 19:04:55.443 V/WifiPermissionsUtil(  702): checkCallersLocationPermission(com.google.android.apps.mediashell): uid 10090 doesn't have permission android.permission.ACCESS_FINE_LOCATION
09-17 19:04:55.443 V/WifiPermissionsUtil(  702): enforceCanAccessScanResults(pkg=com.google.android.apps.mediashell, uid=10090): canCallingUidAccessLocation=false, canAppPackageUseLocation=false
09-17 19:04:55.443 V/WifiService(  702): Keeping REDACT_FOR_ACCESS_FINE_LOCATION:java.lang.SecurityException: UID 10090 has no location permission
09-17 19:04:55.443 D/mdnsoffload(  607): enter: addProtocolResponses
09-17 19:04:55.443 I/mdnsoffload(  607): addProtocolResponses( networkInterface="wlan0", queryTemplate.qType="12", |responseRecord|=361 )
09-17 19:04:55.443 I/mdnsoffload(  607): addProtocolResponses( networkInterface="wlan0", queryTemplate.qType="33", |responseRecord|=361 )
09-17 19:04:55.443 I/mdnsoffload(  607): addProtocolResponses( networkInterface="wlan0", queryTemplate.qType="16", |responseRecord|=361 )
09-17 19:04:55.443 I/mdnsoffload(  607): addProtocolResponses( networkInterface="wlan0", queryTemplate.qType="1", |responseRecord|=361 )
09-17 19:04:55.443 I/mdnsoffload(  607): mdns ethernet is not supported
09-17 19:04:55.443 E/mdnsoffload(  607): addProtocolResponses ioctl failed
09-17 19:04:55.444 W/cast_shell( 3660): [0917/190455.444048:WARNING:net_util_impl.cc(160)] GetNeighbor msg is missing the desired IP->MAC info; loop ran 4 iterations. Found target IP? 0 Found MAC addr for IP? 1
09-17 19:04:55.444 W/cast_shell( 3660): [0917/190455.444162:WARNING:net_util_impl.cc(160)] GetNeighbor msg is missing the desired IP->MAC info; loop ran 3 iterations. Found target IP? 1 Found MAC addr for IP? 0
09-17 19:04:55.444 W/cast_shell( 3660): [0917/190455.444210:WARNING:net_util_impl.cc(160)] GetNeighbor msg is missing the desired IP->MAC info; loop ran 4 iterations. Found target IP? 0 Found MAC addr for IP? 1
09-17 19:04:55.444 E/OffloadWriter( 2072): Failed to offload mDNS protocol response for record key {30} on iface {wlan0}
09-17 19:04:55.444 E/OffloadWriter( 2072): android.os.ServiceSpecificException: addProtocolResponses ioctl failed (code -1)
09-17 19:04:55.444 E/OffloadWriter( 2072): 	at android.os.Parcel.createExceptionOrNull(Parcel.java:3093)
09-17 19:04:55.444 E/OffloadWriter( 2072): 	at android.os.Parcel.createException(Parcel.java:3063)
09-17 19:04:55.444 E/OffloadWriter( 2072): 	at android.os.Parcel.readException(Parcel.java:3046)
09-17 19:04:55.444 E/OffloadWriter( 2072): 	at android.os.Parcel.readException(Parcel.java:2988)
09-17 19:04:55.444 E/OffloadWriter( 2072): 	at device.google.atv.mdns_offload.IMdnsOffload$Stub$Proxy.addProtocolResponses(IMdnsOffload.java:425)
09-17 19:04:55.444 E/OffloadWriter( 2072): 	at com.android.tv.mdnsoffloadmanager.OffloadWriter.tryAddProtocolResponses(OffloadWriter.java:206)
09-17 19:04:55.444 E/OffloadWriter( 2072): 	at com.android.tv.mdnsoffloadmanager.OffloadWriter.writeOffloadData(OffloadWriter.java:135)
09-17 19:04:55.444 E/OffloadWriter( 2072): 	at com.android.tv.mdnsoffloadmanager.InterfaceOffloadManager.applyOffloadIntents(InterfaceOffloadManager.java:110)
09-17 19:04:55.444 E/OffloadWriter( 2072): 	at com.android.tv.mdnsoffloadmanager.InterfaceOffloadManager.refreshProtocolResponses(InterfaceOffloadManager.java:73)
09-17 19:04:55.444 E/OffloadWriter( 2072): 	at com.android.tv.mdnsoffloadmanager.MdnsOffloadManagerService.lambda$removeProtocolResponses$7(MdnsOffloadManagerService.java:405)
09-17 19:04:55.444 E/OffloadWriter( 2072): 	at com.android.tv.mdnsoffloadmanager.MdnsOffloadManagerService.$r8$lambda$4jXdPpbq62sCJy8-pLeMGjnhO7k(MdnsOffloadManagerService.java:0)
09-17 19:04:55.444 E/OffloadWriter( 2072): 	at com.android.tv.mdnsoffloadmanager.MdnsOffloadManagerService$$ExternalSyntheticLambda9.run(R8$$SyntheticClass:0)
09-17 19:04:55.444 E/OffloadWriter( 2072): 	at android.os.Handler.handleCallback(Handler.java:958)
09-17 19:04:55.444 E/OffloadWriter( 2072): 	at android.os.Handler.dispatchMessage(Handler.java:99)
09-17 19:04:55.444 E/OffloadWriter( 2072): 	at android.os.Looper.loopOnce(Looper.java:205)
09-17 19:04:55.444 E/OffloadWriter( 2072): 	at android.os.Looper.loop(Looper.java:294)
09-17 19:04:55.444 E/OffloadWriter( 2072): 	at android.os.HandlerThread.run(HandlerThread.java:67)
09-17 19:04:55.444 W/cast_shell( 3660): [0917/190455.444255:WARNING:net_util_impl.cc(160)] GetNeighbor msg is missing the desired IP->MAC info; loop ran 4 iterations. Found target IP? 0 Found MAC addr for IP? 1
09-17 19:04:55.444 W/cast_shell( 3660): [0917/190455.444303:WARNING:net_util_impl.cc(160)] GetNeighbor msg is missing the desired IP->MAC info; loop ran 4 iterations. Found target IP? 0 Found MAC addr for IP? 1
09-17 19:04:55.444 D/NsdManagerWrapper( 2072): Unregister offload engine
09-17 19:04:55.444 W/cast_shell( 3660): [0917/190455.444348:WARNING:net_util_impl.cc(160)] GetNeighbor msg is missing the desired IP->MAC info; loop ran 4 iterations. Found target IP? 0 Found MAC addr for IP? 1
09-17 19:04:55.444 W/cast_shell( 3660): [0917/190455.444393:WARNING:net_util_impl.cc(160)] GetNeighbor msg is missing the desired IP->MAC info; loop ran 4 iterations. Found target IP? 0 Found MAC addr for IP? 1
09-17 19:04:55.444 W/cast_shell( 3660): [0917/190455.444437:WARNING:net_util_impl.cc(160)] GetNeighbor msg is missing the desired IP->MAC info; loop ran 4 iterations. Found target IP? 0 Found MAC addr for IP? 1
09-17 19:04:55.444 W/cast_shell( 3660): [0917/190455.444481:WARNING:net_util_impl.cc(160)] GetNeighbor msg is missing the desired IP->MAC info; loop ran 4 iterations. Found target IP? 0 Found MAC addr for IP? 1
09-17 19:04:55.444 W/cast_shell( 3660): [0917/190455.444525:WARNING:net_util_impl.cc(160)] GetNeighbor msg is missing the desired IP->MAC info; loop ran 4 iterations. Found target IP? 0 Found MAC addr for IP? 1
09-17 19:04:55.444 W/cast_shell( 3660): [0917/190455.444568:WARNING:net_util_impl.cc(160)] GetNeighbor msg is missing the desired IP->MAC info; loop ran 4 iterations. Found target IP? 0 Found MAC addr for IP? 1
