09-17 19:04:58.990 V/WifiPickerTracker( 1468): Updated WifiEntries: [StandardWifiEntry:{"SCAN_RESULT_KEY":"{\"SSID\":\"ASUS-G-0316f\",\"SECURITY_TYPES\":[2,4]}","IS_TARGETING_NEW_NETWORKS":true},title:ASUS-G-0316f,summary:,isSaved:false,isSubscription:false,isSuggestion:false,level:4,security:[2, 4],connected:false,connectedInfo:null,hasInternet:false,isDefault:false,isPrimary:false, StandardWifiEntry:{"SCAN_RESULT_KEY":"{\"SSID\":\"ASUS_80\",\"SECURITY_TYPES\":[2,4]}","IS_TARGETING_NEW_NETWORKS":true},title:ASUS_80,summary:,isSaved:false,isSubscription:false,isSuggestion:false,level:4,security:[2, 4],connected:false,connectedInfo:null,hasInternet:false,isDefault:false,isPrimary:false, StandardWifiEntry:{"SCAN_RESULT_KEY":"{\"SSID\":\"ASUS_ber7\",\"SECURITY_TYPES\":[2,4]}","IS_TARGETING_NEW_NETWORKS":true},title:ASUS_ber7,summary:,isSaved:false,isSubscription:false,isSuggestion:false,level:4,security:[2, 4],connected:false,connectedInfo:null,hasInternet:false,isDefault:false,isPrimary:false, StandardWifiEntry:{"SCAN_RESULT_KEY":"{\"SSID\":\"ASUS_ber7_5G\",\"SECURITY_TYPES\":[2,4]}","IS_TARGETING_NEW_NETWORKS":true},title:ASUS_ber7_5G,summary:,isSaved:false,isSubscription:false,isSuggestion:false,level:4,security:[2, 4],connected:false,connectedInfo:null,hasInternet:false,isDefault:false,isPrimary:false, StandardWifiEntry:{"SCAN_RESULT_KEY":"{\"SSID\":\"AS_2\",\"SECURITY_TYPES\":[2,4]}","IS_TARGETING_NEW_NETWORKS":true},title:AS_2,summary:,isSaved:false,isSubscription:false,isSuggestion:false,level:4,security:[2, 4],connected:false,connectedInfo:null,hasInternet:false,isDefault:false,isPrimary:false, StandardWifiEntry:{"SCAN_RESULT_KEY":"{\"SSID\":\"AS_5\",\"SECURITY_TYPES\":[2,4]}","IS_TARGETING_NEW_NETWORKS":true},title:AS_5,summary:,isSaved:false,isSubscription:false,isSuggestion:false,level:4,security:[2, 4],connected:false,connectedInfo:null,hasInternet:false,isDefault:false,isPrimary:false, StandardWifiEntry:{"SCAN_RESULT_KEY":"{\"SSID\":\"AS_6\",\"SECURITY_TYPES\":[2,4]}","IS_TARGETING_NEW_NETWORKS":true},title:AS_6,summary:,isSaved:false,isSubscription:false,isSuggestion:false,level:4,security:[2, 4],connected:false,connectedInfo:null,hasInternet:false,isDefault:false,isPrimary:false, StandardWifiEntry:{"SCAN_RESULT_KEY":"{\"SSID\":\"Aterm-WG1400HP_A\",\"SECURITY_TYPES\":[2,4]}","IS_TARGETING_NEW_NETWORKS":true},title:Aterm-WG1400HP_A,summary:,isSaved:false,isSubscription:false,isSuggestion:false,level:4,security:[2, 4],connected:false,connectedInfo:null,hasInternet:false,isDefault:false,isPrimary:false, StandardWifiEntry:{"SCAN_RESULT_KEY":"{\"SSID\":\"Aterm-WG1400HP_G\",\"SECURITY_TYPES\":[2,4]}","IS_TARGETING_NEW_NETWORKS":true},title:Aterm-WG1400HP_G,summary:,isSaved:false,isSubscription:false,isSuggestion:false,level:4,security:[2, 4],connected:false,connectedInfo:null,hasInternet:false,isDefault:false,isPrimary:false, StandardWifiEntry:{"SCAN_RESULT_KEY":"{\"SSID\":\"Aterm-WG1400HP_GW\",\"SECURITY_TYPES\":[1]}","IS_TARGETING_NEW_NETWORKS":true},title:Aterm-WG1400HP_GW,summary:,isSaved:false,isSubscription:false,isSuggestion:false,level:4,security:[1],connected:false,connectedInfo:null,hasInternet:false,isDefault:false,isPrimary:false, StandardWifiEntry:{"SCAN_RESULT_KEY":"{\"SSID\":\"BDDE261C63DA4B894A6B9214B6BE23D2\",\"SECURITY_TYPES\":[2,4]}","IS_TARGETING_NEW_NETWORKS":true},title:BDDE261C63DA4B894A6B9214B6BE23D2,summary:,isSaved:false,isSubscription:false,isSuggestion:false,level:4,security:[2, 4],connected:false,connectedInfo:null,hasInternet:false,isDefault:false,isPrimary:false, StandardWifiEntry:{"SCAN_RESULT_KEY":"{\"SSID\":\"BF_AP29_6_192bit\",\"SECURITY_TYPES\":[5]}","IS_TARGETING_NEW_NETWORKS":true},title:BF_AP29_6_192bit,summary:,isSaved:false,isSubscription:false,isSuggestion:false,level:4,security:[5],connected:false,connectedInfo:null,hasInternet:false,isDefault:false,isPrimary:false, StandardWifiEntry:{"SCAN_RESULT_KEY":"{\"SSID\":\"BaseApp-16F-2G-WPA3\",\"SECURITY_TYPES\":[2,4]}","IS_TARGETING_NEW_NETWORKS":true},title:BaseApp-16F-2G-WPA3,summary:,isSaved:false,isSubscription:false,isSugge
09-17 19:04:58.991 I/WifiService(  702): getCurrentNetwork uid=1000
09-17 19:04:58.991 I/WifiService(  702): getConnectionInfo uid=1000
09-17 19:04:58.992 V/WifiService(  702): Clearing REDACT_FOR_LOCAL_MAC_ADDRESS for com.android.tv.settings(uid=1000)
09-17 19:04:58.992 V/WifiService(  702): Clearing REDACT_FOR_NETWORK_SETTINGS for com.android.tv.settings(uid=1000)
09-17 19:04:58.992 V/WifiService(  702): Clearing REDACT_FOR_ACCESS_FINE_LOCATION for com.android.tv.settings(uid=1000)
09-17 19:04:58.992 I/WifiService(  702): getConnectionInfo uid=1000
09-17 19:04:58.993 V/WifiService(  702): Clearing REDACT_FOR_LOCAL_MAC_ADDRESS for com.android.tv.settings(uid=1000)
09-17 19:04:58.993 V/WifiService(  702): Clearing REDACT_FOR_NETWORK_SETTINGS for com.android.tv.settings(uid=1000)
09-17 19:04:58.993 V/WifiService(  702): Clearing REDACT_FOR_ACCESS_FINE_LOCATION for com.android.tv.settings(uid=1000)
09-17 19:04:58.993 I/WifiService(  702): getConnectionInfo uid=1000
09-17 19:04:58.994 V/WifiService(  702): Clearing REDACT_FOR_LOCAL_MAC_ADDRESS for com.android.tv.settings(uid=1000)
09-17 19:04:58.994 V/WifiService(  702): Clearing REDACT_FOR_NETWORK_SETTINGS for com.android.tv.settings(uid=1000)
09-17 19:04:58.994 V/WifiService(  702): Clearing REDACT_FOR_ACCESS_FINE_LOCATION for com.android.tv.settings(uid=1000)
09-17 19:04:58.995 I/WifiService(  702): getWifiEnabledState uid=1000 state=3
09-17 19:04:59.035 D/VSyncReactor(  666): Set the Vsync Period= 16666666
09-17 19:04:59.060 D/android.hardware.media.c2@1.1-mediatek(  574): [import_mtk_dtv_native_buffer(): 717] mst buffer is secure: 0
09-17 19:04:59.060 D/android.hardware.media.c2@1.1-mediatek(  574): [import_mtk_dtv_native_buffer(): 717] mst buffer is secure: 0
09-17 19:04:59.064 I/resolv  (  401): res_nsend: used send_dg 0 terrno: 110
09-17 19:04:59.064 I/resolv  (  401): res_nsend: used send_dg 0 terrno: 101
09-17 19:04:59.064 D/VCodecVenc(  574): [L 324][EnqueInputBuffer]
09-17 19:04:59.065 D/VCodecVencImpl(  574): [L 572][MtkVencSetConfig]
09-17 19:04:59.066 W/DnsResolver( 1395): resNetworkResult:android.system.ErrnoException: resNetworkResult failed: ETIMEDOUT (Connection timed out)
09-17 19:04:59.066 D/NetworkMonitor/106( 1395): PROBE_DNS www.google.com 5021ms FAIL in type ADDRCONFIG android.net.DnsResolver$DnsException: android.system.ErrnoException: resNetworkResult failed: ETIMEDOUT (Connection timed out)
09-17 19:04:59.069 I/kernel  ( 6193): [ 1791.702950][MTK_V4L2] level=0 vidioc_venc_qbuf(),1318: [4] id=0 getdata FB(2088960,2) vb=00000000f2ac244e pts=0
09-17 19:04:59.067 I/resolv  (  401): res_nsend: used send_dg 0 terrno: 110
09-17 19:04:59.067 I/resolv  (  401): res_nsend: used send_dg 0 terrno: 101
09-17 19:04:59.067 W/DnsResolver( 1395): resNetworkResult:android.system.ErrnoException: resNetworkResult failed: ETIMEDOUT (Connection timed out)
09-17 19:04:59.068 D/NetworkMonitor/106( 1395): PROBE_DNS connectivitycheck.gstatic.com 5021ms FAIL in type ADDRCONFIG android.net.DnsResolver$DnsException: android.system.ErrnoException: resNetworkResult failed: ETIMEDOUT (Connection timed out)
09-17 19:04:59.070 I/resolv  (  401): GetAddrInfoHandler::run: {106 983146 0 917504 1073 1}
09-17 19:04:59.070 I/Netd    (  401): uid 1073 is not allowed to use netid 106
09-17 19:04:59.071 D/NetworkMonitor/106( 1395): PROBE_HTTPS https://www.google.com/generate_204 Probe failed with exception java.net.UnknownHostException: Unable to resolve host "www.google.com": No address associated with hostname
09-17 19:04:59.073 I/resolv  (  401): GetAddrInfoHandler::run: {106 983146 0 917504 1073 1}
09-17 19:04:59.073 I/Netd    (  401): uid 1073 is not allowed to use netid 106
09-17 19:04:59.074 D/NetworkMonitor/106( 1395): PROBE_HTTP http://connectivitycheck.gstatic.com/generate_204 Probe failed with exception java.net.UnknownHostException: Unable to resolve host "connectivitycheck.gstatic.com": No address associated with hostname
09-17 19:04:59.076 D/NetworkMonitor/106( 1395): isCaptivePortal: isSuccessful()=false isPortal()=false RedirectUrl=null isPartialConnectivity()=false Time=5032ms
09-17 19:04:59.080 D/android.hardware.media.c2@1.1-mediatek(  574): [import_mtk_dtv_native_buffer(): 717] mst buffer is secure: 0
09-17 19:04:59.080 D/android.hardware.media.c2@1.1-mediatek(  574): [import_mtk_dtv_native_buffer(): 717] mst buffer is secure: 0
09-17 19:04:59.084 D/VCodecVenc(  574): [L 324][EnqueInputBuffer]
09-17 19:04:59.095 D/VCodecVencImpl(  574): [L 572][MtkVencSetConfig]
09-17 19:04:59.096 D/android.hardware.media.c2@1.1-mediatek(  574): [import_mtk_dtv_native_buffer(): 717] mst buffer is secure: 0
09-17 19:04:59.097 D/android.hardware.media.c2@1.1-mediatek(  574): [import_mtk_dtv_native_buffer(): 717] mst buffer is secure: 0
09-17 19:04:59.100 I/kernel  ( 6193): [ 1791.733749][MTK_V4L2] level=0 vidioc_venc_qbuf(),1318: [4] id=0 getdata FB(2088960,2) vb=00000000f2ac244e pts=0
09-17 19:04:59.101 D/VCodecVenc(  574): [L 324][EnqueInputBuffer]
09-17 19:04:59.108 D/android.hardware.media.c2@1.1-mediatek(  574): [import_mtk_dtv_native_buffer(): 717] mst buffer is secure: 0
09-17 19:04:59.109 D/android.hardware.media.c2@1.1-mediatek(  574): [import_mtk_dtv_native_buffer(): 717] mst buffer is secure: 0
09-17 19:04:59.113 D/VCodecVenc(  574): [L 324][EnqueInputBuffer]
09-17 19:04:59.126 D/android.hardware.media.c2@1.1-mediatek(  574): [import_mtk_dtv_native_buffer(): 717] mst buffer is secure: 0
09-17 19:04:59.127 D/VCodecVencImpl(  574): [L 572][MtkVencSetConfig]
09-17 19:04:59.127 D/android.hardware.media.c2@1.1-mediatek(  574): [import_mtk_dtv_native_buffer(): 717] mst buffer is secure: 0
09-17 19:04:59.131 I/kernel  ( 6193): [ 1791.764683][MTK_V4L2] level=0 vidioc_venc_qbuf(),1318: [4] id=0 getdata FB(2088960,2) vb=00000000f2ac244e pts=0
09-17 19:04:59.130 D/VCodecVenc(  574): [L 324][EnqueInputBuffer]
09-17 19:04:59.143 D/android.hardware.media.c2@1.1-mediatek(  574): [import_mtk_dtv_native_buffer(): 717] mst buffer is secure: 0
09-17 19:04:59.144 D/android.hardware.media.c2@1.1-mediatek(  574): [import_mtk_dtv_native_buffer(): 717] mst buffer is secure: 0
09-17 19:04:59.147 D/VCodecVenc(  574): [L 324][EnqueInputBuffer]
09-17 19:04:59.157 D/VCodecVencImpl(  574): [L 572][MtkVencSetConfig]
09-17 19:04:59.161 D/android.hardware.media.c2@1.1-mediatek(  574): [import_mtk_dtv_native_buffer(): 717] mst buffer is secure: 0
09-17 19:04:59.161 D/android.hardware.media.c2@1.1-mediatek(  574): [import_mtk_dtv_native_buffer(): 717] mst buffer is secure: 0
09-17 19:04:59.162 I/kernel  ( 6193): [ 1791.795475][MTK_V4L2] level=0 vidioc_venc_qbuf(),1318: [4] id=0 getdata FB(2088960,2) vb=00000000f2ac244e pts=0
09-17 19:04:59.165 D/VCodecVenc(  574): [L 324][EnqueInputBuffer]
09-17 19:04:59.176 D/android.hardware.media.c2@1.1-mediatek(  574): [import_mtk_dtv_native_buffer(): 717] mst buffer is secure: 0
09-17 19:04:59.176 D/android.hardware.media.c2@1.1-mediatek(  574): [import_mtk_dtv_native_buffer(): 717] mst buffer is secure: 0
09-17 19:04:59.180 D/VCodecVenc(  574): [L 324][EnqueInputBuffer]
09-17 19:04:59.195 I/kernel  ( 6193): [ 1791.828395][MTK_V4L2] level=0 vidioc_venc_qbuf(),1318: [4] id=0 getdata FB(2088960,2) vb=00000000f2ac244e pts=0
09-17 19:04:59.188 D/VCodecVencImpl(  574): [L 572][MtkVencSetConfig]
09-17 19:04:59.192 D/android.hardware.media.c2@1.1-mediatek(  574): [import_mtk_dtv_native_buffer(): 717] mst buffer is secure: 0
09-17 19:04:59.193 D/android.hardware.media.c2@1.1-mediatek(  574): [import_mtk_dtv_native_buffer(): 717] mst buffer is secure: 0
09-17 19:04:59.197 D/VCodecVenc(  574): [L 324][EnqueInputBuffer]
09-17 19:04:59.209 D/android.hardware.media.c2@1.1-mediatek(  574): [import_mtk_dtv_native_buffer(): 717] mst buffer is secure: 0
09-17 19:04:59.209 D/android.hardware.media.c2@1.1-mediatek(  574): [import_mtk_dtv_native_buffer(): 717] mst buffer is secure: 0
09-17 19:04:59.213 D/VCodecVenc(  574): [L 324][EnqueInputBuffer]
09-17 19:04:59.223 D/VCodecVencImpl(  574): [L 572][MtkVencSetConfig]
09-17 19:04:59.227 I/kernel  ( 6193): [ 1791.860892][MTK_V4L2] level=0 vidioc_venc_qbuf(),1318: [4] id=0 getdata FB(2088960,2) vb=00000000f2ac244e pts=0
09-17 19:04:59.228 D/android.hardware.media.c2@1.1-mediatek(  574): [import_mtk_dtv_native_buffer(): 717] mst buffer is secure: 0
09-17 19:04:59.228 D/android.hardware.media.c2@1.1-mediatek(  574): [import_mtk_dtv_native_buffer(): 717] mst buffer is secure: 0
09-17 19:04:59.232 D/VCodecVenc(  574): [L 324][EnqueInputBuffer]
09-17 19:04:59.243 D/android.hardware.media.c2@1.1-mediatek(  574): [import_mtk_dtv_native_buffer(): 717] mst buffer is secure: 0
09-17 19:04:59.244 D/android.hardware.media.c2@1.1-mediatek(  574): [import_mtk_dtv_native_buffer(): 717] mst buffer is secure: 0
09-17 19:04:59.247 D/VCodecVenc(  574): [L 324][EnqueInputBuffer]
09-17 19:04:59.254 D/VCodecVencImpl(  574): [L 572][MtkVencSetConfig]
09-17 19:04:59.258 I/kernel  ( 6193): [ 1791.891943][MTK_V4L2] level=0 vidioc_venc_qbuf(),1318: [4] id=0 getdata FB(2088960,2) vb=00000000f2ac244e pts=0
09-17 19:04:59.260 D/android.hardware.media.c2@1.1-mediatek(  574): [import_mtk_dtv_native_buffer(): 717] mst buffer is secure: 0
09-17 19:04:59.261 D/android.hardware.media.c2@1.1-mediatek(  574): [import_mtk_dtv_native_buffer(): 717] mst buffer is secure: 0
09-17 19:04:59.264 D/VCodecVenc(  574): [L 324][EnqueInputBuffer]
09-17 19:04:59.276 D/android.hardware.media.c2@1.1-mediatek(  574): [import_mtk_dtv_native_buffer(): 717] mst buffer is secure: 0
09-17 19:04:59.276 D/android.hardware.media.c2@1.1-mediatek(  574): [import_mtk_dtv_native_buffer(): 717] mst buffer is secure: 0
09-17 19:04:59.281 D/VCodecVenc(  574): [L 324][EnqueInputBuffer]
09-17 19:04:59.284 D/VCodecVencImpl(  574): [L 572][MtkVencSetConfig]
09-17 19:04:59.288 I/kernel  ( 6193): [ 1791.921933][MTK_V4L2] level=0 vidioc_venc_qbuf(),1318: [4] id=0 getdata FB(2088960,2) vb=00000000f2ac244e pts=0
09-17 19:04:59.292 D/android.hardware.media.c2@1.1-mediatek(  574): [import_mtk_dtv_native_buffer(): 717] mst buffer is secure: 0
09-17 19:04:59.293 D/android.hardware.media.c2@1.1-mediatek(  574): [import_mtk_dtv_native_buffer(): 717] mst buffer is secure: 0
09-17 19:04:59.296 D/VCodecVenc(  574): [L 324][EnqueInputBuffer]
09-17 19:04:59.314 D/VCodecVencImpl(  574): [L 572][MtkVencSetConfig]
09-17 19:04:59.314 D/android.hardware.media.c2@1.1-mediatek(  574): [import_mtk_dtv_native_buffer(): 717] mst buffer is secure: 0
09-17 19:04:59.318 I/kernel  ( 6193): [ 1791.952027][MTK_V4L2] level=0 vidioc_venc_qbuf(),1318: [4] id=0 getdata FB(2088960,2) vb=00000000f2ac244e pts=0
09-17 19:04:59.314 D/android.hardware.media.c2@1.1-mediatek(  574): [import_mtk_dtv_native_buffer(): 717] mst buffer is secure: 0
09-17 19:04:59.318 D/VCodecVenc(  574): [L 324][EnqueInputBuffer]
09-17 19:04:59.344 D/VCodecVencImpl(  574): [L 572][MtkVencSetConfig]
09-17 19:04:59.344 D/android.hardware.media.c2@1.1-mediatek(  574): [import_mtk_dtv_native_buffer(): 717] mst buffer is secure: 0
09-17 19:04:59.344 D/android.hardware.media.c2@1.1-mediatek(  574): [import_mtk_dtv_native_buffer(): 717] mst buffer is secure: 0
09-17 19:04:59.349 I/kernel  ( 6193): [ 1791.982133][MTK_V4L2] level=0 vidioc_venc_qbuf(),1318: [4] id=0 getdata FB(2088960,2) vb=00000000f2ac244e pts=0
09-17 19:04:59.348 D/VCodecVenc(  574): [L 324][EnqueInputBuffer]
09-17 19:04:59.374 D/VCodecVencImpl(  574): [L 572][MtkVencSetConfig]
09-17 19:04:59.374 D/android.hardware.media.c2@1.1-mediatek(  574): [import_mtk_dtv_native_buffer(): 717] mst buffer is secure: 0
09-17 19:04:59.375 D/android.hardware.media.c2@1.1-mediatek(  574): [import_mtk_dtv_native_buffer(): 717] mst buffer is secure: 0
09-17 19:04:59.379 I/kernel  ( 6193): [ 1792.012715][MTK_V4L2] level=0 vidioc_venc_qbuf(),1318: [4] id=0 getdata FB(2088960,2) vb=00000000f2ac244e pts=0
09-17 19:04:59.379 D/VCodecVenc(  574): [L 324][EnqueInputBuffer]
09-17 19:04:59.406 D/VCodecVencImpl(  574): [L 572][MtkVencSetConfig]
09-17 19:04:59.406 D/android.hardware.media.c2@1.1-mediatek(  574): [import_mtk_dtv_native_buffer(): 717] mst buffer is secure: 0
09-17 19:04:59.406 D/android.hardware.media.c2@1.1-mediatek(  574): [import_mtk_dtv_native_buffer(): 717] mst buffer is secure: 0
09-17 19:04:59.411 I/kernel  ( 6193): [ 1792.044159][MTK_V4L2] level=0 vidioc_venc_qbuf(),1318: [4] id=0 getdata FB(2088960,2) vb=00000000f2ac244e pts=0
09-17 19:04:59.412 D/VCodecVenc(  574): [L 324][EnqueInputBuffer]
09-17 19:04:59.436 D/VCodecVencImpl(  574): [L 572][MtkVencSetConfig]
09-17 19:04:59.436 D/android.hardware.media.c2@1.1-mediatek(  574): [import_mtk_dtv_native_buffer(): 717] mst buffer is secure: 0
09-17 19:04:59.438 D/android.hardware.media.c2@1.1-mediatek(  574): [import_mtk_dtv_native_buffer(): 717] mst buffer is secure: 0
09-17 19:04:59.441 I/kernel  ( 6193): [ 1792.074250][MTK_V4L2] level=0 vidioc_venc_qbuf(),1318: [4] id=0 getdata FB(2088960,2) vb=00000000f2ac244e pts=0
09-17 19:04:59.444 D/VCodecVenc(  574): [L 324][EnqueInputBuffer]
09-17 19:04:59.455 I/resolv  (  401): GetAddrInfoHandler::run: {0 0 0 983040 10090 0}
09-17 19:04:59.458 I/resolv  (  401): res_nmkquery: (QUERY, IN, A)
09-17 19:04:59.458 I/resolv  (  401): doQuery: rcode=0, ancount=0, return value=-3
09-17 19:04:59.459 I/resolv  (  401): GetAddrInfoHandler::run: {0 0 0 983040 10090 0}
09-17 19:04:59.460 I/resolv  (  401): res_nmkquery: (QUERY, IN, A)
09-17 19:04:59.460 I/resolv  (  401): doQuery: rcode=0, ancount=0, return value=-3
09-17 19:04:59.461 E/cast_shell( 3660): [0917/190459.461591:ERROR:connectivity_checker_impl.cc(302)] Connectivity check failed: net_error=-105
09-17 19:04:59.461 I/cast_shell( 3660): [0917/190459.461784:INFO:connectivity_checker_impl.cc(337)] Notify connectivity check failure.
09-17 19:04:59.461 I/cast_shell( 3660): [0917/190459.461905:INFO:setup_manager_impl.cc(2669)] SetupManagerImpl::OnConnectivityCheckFailed: Trigger Network check.
09-17 19:04:59.466 D/VCodecVencImpl(  574): [L 572][MtkVencSetConfig]
09-17 19:04:59.466 D/android.hardware.media.c2@1.1-mediatek(  574): [import_mtk_dtv_native_buffer(): 717] mst buffer is secure: 0
09-17 19:04:59.468 D/android.hardware.media.c2@1.1-mediatek(  574): [import_mtk_dtv_native_buffer(): 717] mst buffer is secure: 0
09-17 19:04:59.471 I/kernel  ( 6193): [ 1792.104462][MTK_V4L2] level=0 vidioc_venc_qbuf(),1318: [4] id=0 getdata FB(2088960,2) vb=00000000f2ac244e pts=0
09-17 19:04:59.472 D/VCodecVenc(  574): [L 324][EnqueInputBuffer]
09-17 19:04:59.488 I/webapi-ssdp( 3947): SsdpDeviceJni_startServers iIpCount:2
09-17 19:04:59.488 I/webapi-ssdp( 3947): SsdpDeviceJni_startServers ipAddressList[0] = 192.168.11.2
09-17 19:04:59.488 I/webapi-ssdp( 3947): SsdpDeviceJni_startServers ipAddressList[1] = 192.168.11.2
09-17 19:04:59.488 I/webapi-ssdp( 3947): SsdpDeviceJni_startServers ipAddressList set done
09-17 19:04:59.488 I/webapi-ssdp( 3947): SsdpDevice::StartServers ########## HTTP -> SSDP: PORT == 31649
09-17 19:04:59.489 E/webapi-ssdp( 3947): ipAddressList[n] deleted
09-17 19:04:59.496 D/VCodecVencImpl(  574): [L 572][MtkVencSetConfig]
09-17 19:04:59.496 D/android.hardware.media.c2@1.1-mediatek(  574): [import_mtk_dtv_native_buffer(): 717] mst buffer is secure: 0
09-17 19:04:59.498 D/android.hardware.media.c2@1.1-mediatek(  574): [import_mtk_dtv_native_buffer(): 717] mst buffer is secure: 0
09-17 19:04:59.501 I/kernel  ( 6193): [ 1792.134340][MTK_V4L2] level=0 vidioc_venc_qbuf(),1318: [4] id=0 getdata FB(2088960,2) vb=00000000f2ac244e pts=0
09-17 19:04:59.502 D/VCodecVenc(  574): [L 324][EnqueInputBuffer]
09-17 19:04:59.513 I/kernel  ( 2441): [ 1792.146562][A8303-1_Driver] addr:0x08,  i2c status:0x1b from 0x1b
09-17 19:04:59.526 D/VCodecVencImpl(  574): [L 572][MtkVencSetConfig]
09-17 19:04:59.526 D/android.hardware.media.c2@1.1-mediatek(  574): [import_mtk_dtv_native_buffer(): 717] mst buffer is secure: 0
09-17 19:04:59.528 D/android.hardware.media.c2@1.1-mediatek(  574): [import_mtk_dtv_native_buffer(): 717] mst buffer is secure: 0
09-17 19:04:59.531 I/kernel  ( 6193): [ 1792.164502][MTK_V4L2] level=0 vidioc_venc_qbuf(),1318: [4] id=0 getdata FB(2088960,2) vb=00000000f2ac244e pts=0
09-17 19:04:59.532 D/VCodecVenc(  574): [L 324][EnqueInputBuffer]
09-17 19:04:59.556 D/VCodecVencImpl(  574): [L 572][MtkVencSetConfig]
09-17 19:04:59.556 D/android.hardware.media.c2@1.1-mediatek(  574): [import_mtk_dtv_native_buffer(): 717] mst buffer is secure: 0
09-17 19:04:59.561 I/kernel  ( 6193): [ 1792.194844][MTK_V4L2] level=0 vidioc_venc_qbuf(),1318: [4] id=0 getdata FB(2088960,2) vb=00000000f2ac244e pts=0
09-17 19:04:59.560 D/android.hardware.media.c2@1.1-mediatek(  574): [import_mtk_dtv_native_buffer(): 717] mst buffer is secure: 0
09-17 19:04:59.563 D/VCodecVenc(  574): [L 324][EnqueInputBuffer]
09-17 19:04:59.589 D/BufferPoolAccessor2.0(  574): bufferpool2 0xd8480c88 : 4(6293504 size) total buffers - 3(4196352 size) used buffers - 23103/23199 (recycle/alloc) - 185/23196 (fetch/transfer)
09-17 19:04:59.591 D/VCodecVencImpl(  574): [L 572][MtkVencSetConfig]
09-17 19:04:59.593 D/android.hardware.media.c2@1.1-mediatek(  574): [import_mtk_dtv_native_buffer(): 717] mst buffer is secure: 0
09-17 19:04:59.594 D/android.hardware.media.c2@1.1-mediatek(  574): [import_mtk_dtv_native_buffer(): 717] mst buffer is secure: 0
09-17 19:04:59.596 I/kernel  ( 6193): [ 1792.229778][MTK_V4L2] level=0 vidioc_venc_qbuf(),1318: [4] id=0 getdata FB(2088960,2) vb=00000000f2ac244e pts=0
09-17 19:04:59.597 D/VCodecVenc(  574): [L 324][EnqueInputBuffer]
09-17 19:04:59.622 D/VCodecVencImpl(  574): [L 572][MtkVencSetConfig]
09-17 19:04:59.622 D/android.hardware.media.c2@1.1-mediatek(  574): [import_mtk_dtv_native_buffer(): 717] mst buffer is secure: 0
09-17 19:04:59.622 D/android.hardware.media.c2@1.1-mediatek(  574): [import_mtk_dtv_native_buffer(): 717] mst buffer is secure: 0
09-17 19:04:59.626 D/VCodecVenc(  574): [L 324][EnqueInputBuffer]
09-17 19:04:59.626 I/kernel  ( 6193): [ 1792.259961][MTK_V4L2] level=0 vidioc_venc_qbuf(),1318: [4] id=0 getdata FB(2088960,2) vb=00000000f2ac244e pts=0
09-17 19:04:59.650 I/com.sony.dtv.airplayapp:airplayserver( 3837): 2025-09-17 07:04:59.649896 PM [ConnectivityDetector] Connectivity detection check is requested [3]
09-17 19:04:59.650 I/com.sony.dtv.airplayapp:airplayserver( 3837): 2025-09-17 07:04:59.650258 PM [Airtunesd] PlatformOwned_AirPlayHandleServerCopyProperty. queue[AirPlayReceiverDelegateQueue]. inProperty[networkConnectionProperties].
09-17 19:04:59.650 D/AirPlay ( 3837): [AirPlay_getNetworkProperty]Return method volume=1
09-17 19:04:59.652 D/VCodecVencImpl(  574): [L 572][MtkVencSetConfig]
09-17 19:04:59.652 D/android.hardware.media.c2@1.1-mediatek(  574): [import_mtk_dtv_native_buffer(): 717] mst buffer is secure: 0
09-17 19:04:59.652 D/android.hardware.media.c2@1.1-mediatek(  574): [import_mtk_dtv_native_buffer(): 717] mst buffer is secure: 0
09-17 19:04:59.652 I/resolv  (  401): GetAddrInfoHandler::run: {0 0 0 983040 10212 0}
09-17 19:04:59.654 I/resolv  (  401): res_nmkquery: (QUERY, IN, AAAA)
09-17 19:04:59.654 I/resolv  (  401): res_nmkquery: (QUERY, IN, A)
09-17 19:04:59.654 I/resolv  (  401): doQuery: rcode=0, ancount=0, return value=-3
09-17 19:04:59.654 I/resolv  (  401): doQuery: rcode=0, ancount=0, return value=-3
09-17 19:04:59.657 I/kernel  ( 6193): [ 1792.290210][MTK_V4L2] level=0 vidioc_venc_qbuf(),1318: [4] id=0 getdata FB(2088960,2) vb=00000000f2ac244e pts=0
09-17 19:04:59.655 I/com.sony.dtv.airplayapp:airplayserver( 3837): 2025-09-17 07:04:59.655316 PM [ConnectivityDetector] Checked network connectivity: old status 3, new status 3
09-17 19:04:59.656 D/VCodecVenc(  574): [L 324][EnqueInputBuffer]
09-17 19:04:59.682 D/VCodecVencImpl(  574): [L 572][MtkVencSetConfig]
09-17 19:04:59.682 D/android.hardware.media.c2@1.1-mediatek(  574): [import_mtk_dtv_native_buffer(): 717] mst buffer is secure: 0
09-17 19:04:59.683 D/android.hardware.media.c2@1.1-mediatek(  574): [import_mtk_dtv_native_buffer(): 717] mst buffer is secure: 0
09-17 19:04:59.686 D/VCodecVenc(  574): [L 324][EnqueInputBuffer]
09-17 19:04:59.687 I/kernel  ( 6193): [ 1792.320123][MTK_V4L2] level=0 vidioc_venc_qbuf(),1318: [4] id=0 getdata FB(2088960,2) vb=00000000f2ac244e pts=0
09-17 19:04:59.712 D/VCodecVencImpl(  574): [L 572][MtkVencSetConfig]
09-17 19:04:59.712 D/android.hardware.media.c2@1.1-mediatek(  574): [import_mtk_dtv_native_buffer(): 717] mst buffer is secure: 0
09-17 19:04:59.714 D/android.hardware.media.c2@1.1-mediatek(  574): [import_mtk_dtv_native_buffer(): 717] mst buffer is secure: 0
09-17 19:04:59.717 I/kernel  ( 6193): [ 1792.350310][MTK_V4L2] level=0 vidioc_venc_qbuf(),1318: [4] id=0 getdata FB(2088960,2) vb=00000000f2ac244e pts=0
09-17 19:04:59.718 D/VCodecVenc(  574): [L 324][EnqueInputBuffer]
09-17 19:04:59.742 D/VCodecVencImpl(  574): [L 572][MtkVencSetConfig]
09-17 19:04:59.742 D/android.hardware.media.c2@1.1-mediatek(  574): [import_mtk_dtv_native_buffer(): 717] mst buffer is secure: 0
09-17 19:04:59.744 D/android.hardware.media.c2@1.1-mediatek(  574): [import_mtk_dtv_native_buffer(): 717] mst buffer is secure: 0
09-17 19:04:59.747 I/kernel  ( 6193): [ 1792.380305][MTK_V4L2] level=0 vidioc_venc_qbuf(),1318: [4] id=0 getdata FB(2088960,2) vb=00000000f2ac244e pts=0
09-17 19:04:59.748 D/VCodecVenc(  574): [L 324][EnqueInputBuffer]
09-17 19:04:59.772 D/VCodecVencImpl(  574): [L 572][MtkVencSetConfig]
09-17 19:04:59.772 D/android.hardware.media.c2@1.1-mediatek(  574): [import_mtk_dtv_native_buffer(): 717] mst buffer is secure: 0
09-17 19:04:59.774 D/android.hardware.media.c2@1.1-mediatek(  574): [import_mtk_dtv_native_buffer(): 717] mst buffer is secure: 0
09-17 19:04:59.777 I/kernel  ( 6193): [ 1792.410546][MTK_V4L2] level=0 vidioc_venc_qbuf(),1318: [4] id=0 getdata FB(2088960,2) vb=00000000f2ac244e pts=0
09-17 19:04:59.778 D/VCodecVenc(  574): [L 324][EnqueInputBuffer]
09-17 19:04:59.802 D/android.hardware.media.c2@1.1-mediatek(  574): [import_mtk_dtv_native_buffer(): 717] mst buffer is secure: 0
09-17 19:04:59.802 D/VCodecVencImpl(  574): [L 572][MtkVencSetConfig]
09-17 19:04:59.804 D/android.hardware.media.c2@1.1-mediatek(  574): [import_mtk_dtv_native_buffer(): 717] mst buffer is secure: 0
09-17 19:04:59.806 D/DhcpClient( 1395): Received packet: fa:e8:2d:e9:3d:1f ACK: your new IP /192.168.11.2, netmask /255.255.255.0, gateways [/192.168.11.1] DNS servers: /192.168.11.1 , lease time 3600
09-17 19:04:59.807 I/kernel  ( 6193): [ 1792.440456][MTK_V4L2] level=0 vidioc_venc_qbuf(),1318: [4] id=0 getdata FB(2088960,2) vb=00000000f2ac244e pts=0
09-17 19:04:59.808 I/kernel  (    0): [ 1792.441384][    C3] [wlan][6188]qmReleaseCHAtFinishedDhcp:(QM ERROR) No channel occupation
09-17 19:04:59.807 D/DhcpClient( 1395): Confirmed lease: com.android.networkstack.android.net.DhcpResults@757626ba DHCP server /192.168.11.1 Vendor info null lease 3600 seconds Servername 
09-17 19:04:59.808 D/VCodecVenc(  574): [L 324][EnqueInputBuffer]
09-17 19:04:59.811 D/WifiClientModeImpl[17921:wlan0](  702): setSuspendOptimizationsNative: 1 true -want true stack:setSuspendOptimizationsNative - handlePostDhcpSetup - processMessageImpl - processMessage
09-17 19:04:59.811 D/WifiClientModeImpl[17921:wlan0](  702): Request to set power save for: wlan0 to: true requested by: 1, mPowerSaveDisableRequests = 1
09-17 19:04:59.811 D/WifiClientModeImpl[17921:wlan0](  702): Setting power save to: true, mPowerSaveDisableRequests = 0
09-17 19:04:59.811 D/wpa_supplicant( 1178): nl80211: set_p2p_powersave (legacy_ps=1 opp_ps=-1 ctwindow=-1)
09-17 19:04:59.812 D/wpa_supplicant( 1178): wpa_driver_nl80211_driver_cmd cmd:BTCOEXMODE 2
09-17 19:04:59.812 D/WifiClientModeImpl[17921:wlan0](  702):  ClientModeImpl$L2ConnectedState screen=on 
09-17 19:04:59.812 D/WifiClientModeImpl[17921:wlan0](  702): handleIPv4Success <com.android.wifi.x.android.net.DhcpResultsParcelable{baseConfiguration: IP address 192.168.11.2/24 Gateway 192.168.11.1  DNS servers: [ 192.168.11.1 ] Domains , leaseDuration: 3600, mtu: 0, serverAddress: 192.168.11.1, vendorInfo: null, serverHostName: , captivePortalApiUrl: null}>
09-17 19:04:59.812 D/WifiClientModeImpl[17921:wlan0](  702): link address 192.168.11.2/24
09-17 19:04:59.813 I/netd    (  401): interfaceSetCfg(InterfaceConfigurationParcel{ifName: wlan0, hwAddr: , ipv4Addr: 192.168.11.2, prefixLength: 24, flags: []}) <0.49ms>
09-17 19:04:59.814 I/WifiClientModeImpl[17921:wlan0](  702): Update current security type to 2
09-17 19:04:59.815 D/WifiClientModeImpl[17921:wlan0](  702): reported txKbps 12000 rxKbps 30000
09-17 19:04:59.815 D/WifiClientModeImpl[17921:wlan0](  702): Queueing broadcast=NETWORK_STATE_CHANGED_ACTION networkAgentState=OBTAINING_IPADDR
09-17 19:04:59.815 I/WifiActiveModeWarden(  702): Sending onWifiNetworkStateChanged cmmRole=1 state=5
09-17 19:04:59.815 D/WifiClientModeImpl(  702): Sending broadcast=NETWORK_STATE_CHANGED_ACTION networkAgentState=OBTAINING_IPADDR
09-17 19:04:59.815 W/ContextImpl(  702): Calling a method in the system process without a qualified user: android.app.ContextImpl.sendStickyBroadcast:1626 com.android.server.wifi.ClientModeImpl.sendNetworkChangeBroadcast:3015 com.android.server.wifi.ClientModeImpl.lambda$sendNetworkChangeBroadcastWithCurrentState$14:2992 com.android.server.wifi.ClientModeImpl.$r8$lambda$mtuS9ulugUkTxNA_sDDnAioo66w:0 com.android.server.wifi.ClientModeImpl$$ExternalSyntheticLambda13.send:0 
09-17 19:04:59.816 D/WifiClientModeImpl[17921:wlan0](  702):  ClientModeImpl$L2ConnectedState screen=on com.android.wifi.x.android.net.DhcpResultsParcelable{baseConfiguration: IP address 192.168.11.2/24 Gateway 192.168.11.1  DNS servers: [ 192.168.11.1 ] Domains , leaseDuration: 3600, mtu: 0, serverAddress: 192.168.11.1, vendorInfo: null, serverHostName: , captivePortalApiUrl: null}
09-17 19:04:59.817 D/WifiClientModeImpl[17921:wlan0](  702): Link configuration changed for netId: 4 old: {InterfaceName: wlan0 LinkAddresses: [ fe80::f8e8:2dff:fee9:3d1f/64 ] DnsAddresses: [ ] Domains: null MTU: 0 TcpBufferSizes: 524288,1048576,2097152,262144,524288,1048576 Routes: [ fe80::/64 -> :: wlan0 mtu 0 ]} new: {InterfaceName: wlan0 LinkAddresses: [ fe80::f8e8:2dff:fee9:3d1f/64 ] DnsAddresses: [ ] Domains: null MTU: 0 ServerAddress: /192.168.11.1 TcpBufferSizes: 524288,1048576,2097152,262144,524288,1048576 Routes: [ fe80::/64 -> :: wlan0 mtu 0,192.168.11.0/24 -> 0.0.0.0 wlan0 mtu 0,0.0.0.0/0 -> 192.168.11.1 wlan0 mtu 0 ]}
09-17 19:04:59.817 D/IpClient/wlan0( 1395): addressUpdated: 192.168.11.2/24 on ifindex 16 flags 0x00000080 scope 0
09-17 19:04:59.817 D/WifiClientModeImpl[17921:wlan0](  702): updateLinkProperties nid: 4 state: OBTAINING_IPADDR v4r
09-17 19:04:59.818 E/Netd    (  401): no such netId 107
09-17 19:04:59.818 D/WifiClientModeImpl[17921:wlan0](  702):  ClientModeImpl$ConnectableState screen=on 0 0 v4r
09-17 19:04:59.818 I/netd    (  401): networkAddRouteParcel(107, RouteInfoParcel{destination: 192.168.11.0/24, ifName: wlan0, nextHop: , mtu: 0}) -> ServiceSpecificException(64, "Machine is not on the network") <0.07ms>
09-17 19:04:59.818 E/ConnectivityService(  702): Exception in networkAddRouteParcel for non-gateway: android.os.ServiceSpecificException: Machine is not on the network (code 64)
09-17 19:04:59.818 E/Netd    (  401): no such netId 107
09-17 19:04:59.818 I/netd    (  401): networkAddRouteParcel(107, RouteInfoParcel{destination: 0.0.0.0/0, ifName: wlan0, nextHop: 192.168.11.1, mtu: 0}) -> ServiceSpecificException(64, "Machine is not on the network") <0.06ms>
09-17 19:04:59.818 V/WifiPickerTracker( 1468): Received broadcast: android.net.wifi.STATE_CHANGE
09-17 19:04:59.819 I/WifiService(  702): getConnectionInfo uid=1000
09-17 19:04:59.819 E/ConnectivityService(  702): Exception in networkAddRouteParcel for gateway: android.os.ServiceSpecificException: Machine is not on the network (code 64)
09-17 19:04:59.819 V/WifiPickerTracker( 1468): Received broadcast: android.net.wifi.STATE_CHANGE
09-17 19:04:59.819 I/WifiService(  702): getConnectionInfo uid=1000
09-17 19:04:59.819 I/WifiService(  702): getConnectionInfo uid=1000
09-17 19:04:59.819 V/WifiService(  702): Clearing REDACT_FOR_LOCAL_MAC_ADDRESS for com.android.tv.settings(uid=1000)
09-17 19:04:59.819 V/WifiService(  702): Clearing REDACT_FOR_LOCAL_MAC_ADDRESS for com.android.tv.settings(uid=1000)
09-17 19:04:59.819 V/WifiService(  702): Clearing REDACT_FOR_LOCAL_MAC_ADDRESS for com.android.tv.settings(uid=1000)
09-17 19:04:59.819 V/WifiService(  702): Clearing REDACT_FOR_NETWORK_SETTINGS for com.android.tv.settings(uid=1000)
09-17 19:04:59.820 V/WifiService(  702): Clearing REDACT_FOR_ACCESS_FINE_LOCATION for com.android.tv.settings(uid=1000)
09-17 19:04:59.820 V/WifiService(  702): Clearing REDACT_FOR_NETWORK_SETTINGS for com.android.tv.settings(uid=1000)
09-17 19:04:59.820 V/WifiService(  702): Clearing REDACT_FOR_NETWORK_SETTINGS for com.android.tv.settings(uid=1000)
09-17 19:04:59.820 V/WifiService(  702): Clearing REDACT_FOR_ACCESS_FINE_LOCATION for com.android.tv.settings(uid=1000)
09-17 19:04:59.820 V/WifiService(  702): Clearing REDACT_FOR_ACCESS_FINE_LOCATION for com.android.tv.settings(uid=1000)
09-17 19:04:59.821 I/WifiService(  702): getConnectionInfo uid=1000
09-17 19:04:59.822 V/WifiService(  702): Clearing REDACT_FOR_LOCAL_MAC_ADDRESS for com.android.tv.settings(uid=1000)
09-17 19:04:59.822 V/WifiService(  702): Clearing REDACT_FOR_NETWORK_SETTINGS for com.android.tv.settings(uid=1000)
09-17 19:04:59.822 V/WifiService(  702): Clearing REDACT_FOR_ACCESS_FINE_LOCATION for com.android.tv.settings(uid=1000)
09-17 19:04:59.823 I/WifiService(  702): getConnectionInfo uid=1000
09-17 19:04:59.823 V/WifiService(  702): Clearing REDACT_FOR_LOCAL_MAC_ADDRESS for com.android.tv.settings(uid=1000)
09-17 19:04:59.823 V/WifiService(  702): Clearing REDACT_FOR_NETWORK_SETTINGS for com.android.tv.settings(uid=1000)
09-17 19:04:59.823 V/WifiService(  702): Clearing REDACT_FOR_ACCESS_FINE_LOCATION for com.android.tv.settings(uid=1000)
09-17 19:04:59.824 I/WifiService(  702): getConnectionInfo uid=1000
09-17 19:04:59.825 V/WifiService(  702): Clearing REDACT_FOR_LOCAL_MAC_ADDRESS for com.android.tv.settings(uid=1000)
09-17 19:04:59.825 V/WifiService(  702): Clearing REDACT_FOR_NETWORK_SETTINGS for com.android.tv.settings(uid=1000)
09-17 19:04:59.825 V/WifiService(  702): Clearing REDACT_FOR_ACCESS_FINE_LOCATION for com.android.tv.settings(uid=1000)
09-17 19:04:59.827 D/DhcpClient( 1395): Scheduling renewal in 1799s
09-17 19:04:59.827 D/DhcpClient( 1395): Scheduling rebind in 3149s
09-17 19:04:59.827 D/DhcpClient( 1395): Scheduling expiry in 3599s
09-17 19:04:59.828 I/WifiService(  702): getConnectionInfo uid=1000
09-17 19:04:59.828 V/WifiService(  702): Clearing REDACT_FOR_LOCAL_MAC_ADDRESS for com.android.tv.settings(uid=1000)
09-17 19:04:59.828 V/WifiService(  702): Clearing REDACT_FOR_NETWORK_SETTINGS for com.android.tv.settings(uid=1000)
09-17 19:04:59.828 V/WifiService(  702): Clearing REDACT_FOR_ACCESS_FINE_LOCATION for com.android.tv.settings(uid=1000)
09-17 19:04:59.829 I/WifiService(  702): getConnectionInfo uid=1000
09-17 19:04:59.829 V/WifiService(  702): Clearing REDACT_FOR_LOCAL_MAC_ADDRESS for com.android.tv.settings(uid=1000)
09-17 19:04:59.829 V/WifiService(  702): Clearing REDACT_FOR_NETWORK_SETTINGS for com.android.tv.settings(uid=1000)
09-17 19:04:59.829 V/WifiService(  702): Clearing REDACT_FOR_ACCESS_FINE_LOCATION for com.android.tv.settings(uid=1000)
09-17 19:04:59.830 I/WifiService(  702): getCurrentNetwork uid=1000
09-17 19:04:59.831 D/WifiVendorHal(  702): installPacketFilter filter length 196
09-17 19:04:59.831 I/WifiService(  702): getConnectionInfo uid=1000
09-17 19:04:59.831 D/WifiHAL (  586): Setting APF program, iface = 0xf6700f70
09-17 19:04:59.831 I/WifiHAL (  586): createRequest: APF set program request
09-17 19:04:59.831 D/WifiHAL (  586): WifiRequest::create vendor command to iface 16, vendor_id=0xce7, subcmd=0x000f, res=0
09-17 19:04:59.832 I/WifiHAL (  586): Done!
09-17 19:04:59.832 D/WifiClientModeImpl[17921:wlan0](  702):  ClientModeImpl$ConnectableState screen=on len=196
09-17 19:04:59.832 V/WifiService(  702): Clearing REDACT_FOR_LOCAL_MAC_ADDRESS for com.android.tv.settings(uid=1000)
09-17 19:04:59.832 V/WifiService(  702): Clearing REDACT_FOR_NETWORK_SETTINGS for com.android.tv.settings(uid=1000)
09-17 19:04:59.832 V/WifiService(  702): Clearing REDACT_FOR_ACCESS_FINE_LOCATION for com.android.tv.settings(uid=1000)
09-17 19:04:59.833 D/android.hardware.media.c2@1.1-mediatek(  574): [import_mtk_dtv_native_buffer(): 717] mst buffer is secure: 0
09-17 19:04:59.833 D/VCodecVencImpl(  574): [L 572][MtkVencSetConfig]
09-17 19:04:59.837 I/kernel  ( 6193): [ 1792.470923][MTK_V4L2] level=0 vidioc_venc_qbuf(),1318: [4] id=0 getdata FB(2088960,2) vb=00000000f2ac244e pts=0
09-17 19:04:59.833 D/WifiClientModeImpl[17921:wlan0](  702): Link configuration changed for netId: 4 old: {InterfaceName: wlan0 LinkAddresses: [ fe80::f8e8:2dff:fee9:3d1f/64 ] DnsAddresses: [ ] Domains: null MTU: 0 ServerAddress: /192.168.11.1 TcpBufferSizes: 524288,1048576,2097152,262144,524288,1048576 Routes: [ fe80::/64 -> :: wlan0 mtu 0,192.168.11.0/24 -> 0.0.0.0 wlan0 mtu 0,0.0.0.0/0 -> 192.168.11.1 wlan0 mtu 0 ]} new: {InterfaceName: wlan0 LinkAddresses: [ fe80::f8e8:2dff:fee9:3d1f/64,192.168.11.2/24 ] DnsAddresses: [ /192.168.11.1 ] Domains: null MTU: 0 ServerAddress: /192.168.11.1 TcpBufferSizes: 524288,1048576,2097152,262144,524288,1048576 Routes: [ fe80::/64 -> :: wlan0 mtu 0,192.168.11.0/24 -> 0.0.0.0 wlan0 mtu 0,0.0.0.0/0 -> 192.168.11.1 wlan0 mtu 0 ]}
09-17 19:04:59.834 D/WifiClientModeImpl[17921:wlan0](  702): updateLinkProperties nid: 4 state: OBTAINING_IPADDR v4 v4r v4dns
09-17 19:04:59.834 D/WifiClientModeImpl[17921:wlan0](  702):  ClientModeImpl$ConnectableState screen=on 0 0 v4 v4r v4dns
09-17 19:04:59.834 D/WifiClientModeImpl[17921:wlan0](  702): sendNetworkChangeBroadcast oldState=OBTAINING_IPADDR newState=CONNECTED hidden=false
09-17 19:04:59.834 D/WifiClientModeImpl[17921:wlan0](  702): Queueing broadcast=NETWORK_STATE_CHANGED_ACTION networkAgentState=CONNECTED
09-17 19:04:59.834 I/WifiActiveModeWarden(  702): Sending onWifiNetworkStateChanged cmmRole=1 state=6
09-17 19:04:59.834 D/WifiClientModeImpl(  702): Sending broadcast=NETWORK_STATE_CHANGED_ACTION networkAgentState=CONNECTED
09-17 19:04:59.834 I/WifiService(  702): getConnectionInfo uid=1000
09-17 19:04:59.835 D/ConnectivityService(  702): Setting DNS servers for network 107 to [/192.168.11.1]
09-17 19:04:59.835 D/android.hardware.media.c2@1.1-mediatek(  574): [import_mtk_dtv_native_buffer(): 717] mst buffer is secure: 0
09-17 19:04:59.835 D/ConnectivityService(  702): [107 WIFI] EVENT_NETWORK_INFO_CHANGED, going from CONNECTING to CONNECTED
09-17 19:04:59.836 I/netd    (  401): networkCreate(NativeNetworkConfig{netId: 107, networkType: PHYSICAL, permission: 0, secure: false, vpnType: -1, excludeLocalRoutes: false}) <0.04ms>
09-17 19:04:59.836 W/ContextImpl(  702): Calling a method in the system process without a qualified user: android.app.ContextImpl.sendStickyBroadcast:1626 com.android.server.wifi.ClientModeImpl.sendNetworkChangeBroadcast:3015 com.android.server.wifi.ClientModeImpl.lambda$sendNetworkChangeBroadcastWithCurrentState$14:2992 com.android.server.wifi.ClientModeImpl.$r8$lambda$mtuS9ulugUkTxNA_sDDnAioo66w:0 com.android.server.wifi.ClientModeImpl$$ExternalSyntheticLambda13.send:0 
09-17 19:04:59.837 I/netd    (  401): createNetworkCache(107) <0.19ms>
09-17 19:04:59.838 D/DnsManager(  702): sendDnsConfigurationForNetwork(107, [192.168.11.1], [], 1800, 25, 8, 64, 0, 0, , [])
09-17 19:04:59.838 D/WifiClientModeImpl[17921:wlan0](  702):  ClientModeImpl$L2ConnectedState screen=on 0 0
09-17 19:04:59.839 D/WifiClientModeImpl[17921:wlan0](  702): Enter ConnectedState  mScreenOn=true
09-17 19:04:59.839 D/VCodecVenc(  574): [L 324][EnqueInputBuffer]
09-17 19:04:59.839 W/IPCThreadState(  702): Sending oneway calls to frozen process.
09-17 19:04:59.839 W/IPCThreadState(  702): Sending oneway calls to frozen process.
09-17 19:04:59.839 W/IPCThreadState(  702): Sending oneway calls to frozen process.
09-17 19:04:59.839 W/IPCThreadState(  702): Sending oneway calls to frozen process.
09-17 19:04:59.839 W/IPCThreadState(  702): Sending oneway calls to frozen process.
09-17 19:04:59.840 W/IPCThreadState(  702): Sending oneway calls to frozen process.
09-17 19:04:59.840 W/IPCThreadState(  702): Sending oneway calls to frozen process.
09-17 19:04:59.840 W/IPCThreadState(  702): Sending oneway calls to frozen process.
09-17 19:04:59.840 W/IPCThreadState(  702): Sending oneway calls to frozen process.
09-17 19:04:59.840 W/IPCThreadState(  702): Sending oneway calls to frozen process.
09-17 19:04:59.841 I/resolv  (  401): resolv_set_nameservers: netid = 107, addr = 192.168.11.1
09-17 19:04:59.841 I/netd    (  401): DnsResolverService::setResolverConfiguration(107, [192.168.11.1], [], 1800, 25, 8, 64, 0, 0, "", []) -> (0) (0.2ms)
09-17 19:04:59.841 I/netd    (  401): setResolverConfiguration(ResolverParamsParcel{netId: 107, sampleValiditySeconds: 1800, successThreshold: 25, minSamples: 8, maxSamples: 64, baseTimeoutMsec: 0, retryCount: 0, servers: [192.168.11.1], domains: [], tlsName: , tlsServers: [], tlsFingerprints: [], caCertificate: , tlsConnectTimeoutMs: 0, resolverOptions: (null), transportTypes: [1]}) <0.35ms>
09-17 19:04:59.841 V/WifiNetworkSuggestionsManager(  702): handleConnectionAttemptEnded 1, * ID: 4 SSID: "HyokaT-Buffalo-B_2.4GHz" PROVIDER-NAME: null BSSID: null FQDN: null HOME-PROVIDER-NETWORK: false PRIO: 0 HIDDEN: true PMF: false CarrierId: -1 SubscriptionId: -1 SubscriptionGroup: null Currently Connected: true User Selected: false
09-17 19:04:59.841 V/WifiNetworkSuggestionsManager(  702):  NetworkSelectionStatus NETWORK_SELECTION_ENABLED
09-17 19:04:59.841 V/WifiNetworkSuggestionsManager(  702):  hasEverConnected: true
09-17 19:04:59.841 V/WifiNetworkSuggestionsManager(  702):  hasNeverDetectedCaptivePortal: true
09-17 19:04:59.841 V/WifiNetworkSuggestionsManager(  702):  mCandidateSecurityParams: Security Parameters:
09-17 19:04:59.841 V/WifiNetworkSuggestionsManager(  702):  Type: 2
09-17 19:04:59.841 V/WifiNetworkSuggestionsManager(  702):  Enabled: true
09-17 19:04:59.841 V/WifiNetworkSuggestionsManager(  702):  KeyMgmt: WPA_PSK
09-17 19:04:59.841 V/WifiNetworkSuggestionsManager(  702):  Protocols: WPA RSN
09-17 19:04:59.841 V/WifiNetworkSuggestionsManager(  702):  AuthAlgorithms:
09-17 19:04:59.841 V/WifiNetworkSuggestionsManager(  702):  PairwiseCiphers: TKIP CCMP
09-17 19:04:59.841 V/WifiNetworkSuggestionsManager(  702):  GroupCiphers: WEP40 WEP104 TKIP CCMP
09-17 19:04:59.841 V/WifiNetworkSuggestionsManager(  702):  GroupMgmtCiphers:
09-17 19:04:59.841 V/WifiNetworkSuggestionsManager(  702):  SuiteBCiphers:
09-17 19:04:59.841 V/WifiNetworkSuggestionsManager(  702):  RequirePmf: false
09-17 19:04:59.841 V/WifiNetworkSuggestionsManager(  702):  IsAddedByAutoUpgrade: false
09-17 19:04:59.841 V/WifiNetworkSuggestionsManager(  702):  IsSaeH2eOnlyMode: false
09-17 19:04:59.841 V/WifiNetworkSuggestionsManager(  702):  IsSaePkOnlyMode: false
09-17 19:04:59.841 V/WifiNetworkSuggestionsManager(  702):  mLastUsedSecurityParams: Security Parameters:
09-17 19:04:59.841 V/WifiNetworkSuggestionsManager(  702):  Type: 2
09-17 19:04:59.841 V/WifiNetworkSuggestionsManager(  702):  Enabled: true
09-17 19:04:59.841 V/WifiNetworkSuggestionsManager(  702):  KeyMgmt: WPA_PSK
09-17 19:04:59.841 V/WifiNetworkSuggestionsManager(  702):  Protocols: WPA RSN
09-17 19:04:59.841 V/WifiNetworkSuggestionsManager(  702):  AuthAlgorithms:
09-17 19:04:59.841 V/WifiNetworkSuggestionsManager(  702):  PairwiseCiphers: TKIP CCMP
09-17 19:04:59.841 V/WifiNetworkSuggestionsManager(  702):  GroupCiphers: WEP40 WEP104 TKIP CCMP
09-17 19:04:59.841 V/WifiNetworkSuggestionsManager(  702):  GroupMgmtCiphers:
09-17 19:04:59.841 V/WifiNetworkSuggestionsManager(  702):  SuiteBCiphers:
09-17 19:04:59.841 V/WifiNetworkSuggestionsManager(  702):  RequirePmf: false
09-17 19:04:59.841 V/WifiNetworkSuggestionsManager(  702):  IsAddedByAutoUpgrade: false
09-17 19:04:59.841 V/WifiNetworkSuggestionsManager(  702):  IsSaeH2eOnlyMode: false
09-17 19:04:59.841 V/WifiNetworkSuggestionsManager(  702):  IsSaePkOnlyMode: false
09-17 19:04:59.841 V/WifiNetworkSuggestionsManager(  702):  numAssociation 3
09-17 19:04:59.841 V/WifiNetworkSuggestionsManager(  702):  validatedInternetAccess shared trusted
09-17 19:04:59.841 V/WifiNetworkSuggestionsManager(  702):  macRandomizationSetting: 3
09-17 19:04:59.841 V/WifiNetworkSuggestionsManager(  702):  mRandomizedMacAddress: fa:e8:2d:e9:3d:1f
09-17 19:04:59.841 V/WifiNetworkSuggestionsManager(  702):  randomizedMacExpirationTimeMs: 09-17 20:04:59.814
09-17 19:04:59.841 V/WifiNetworkSuggestionsManager(  702):  randomizedMacLastModifiedTimeMs: 09-17 19:00:45.307
09-17 19:04:59.841 V/WifiNetworkSuggestionsManager(  702):  deletionPriority: 0
09-17 19:04:59.841 V/WifiNetworkSuggestionsManager(  702):  KeyMgmt: WPA_PSK Protocols: WPA RSN
09-17 19:04:59.841 V/WifiNetworkSuggestionsManager(  702):  AuthAlgorithms:
09-17 19:04:59.841 V/WifiNetworkSuggestionsManager(  702):  PairwiseCiphers: TKIP CCMP
09-17 19:04:59.841 V/WifiNetworkSuggestionsManager(  702):  GroupCiphers: WEP40 WEP104 TKIP CCMP
09-17 19:04:59.841 V/WifiNetworkSuggestionsManager(  702):  GroupMgmtCiphers:
09-17 19:04:59.841 V/WifiNetworkSuggestionsManager(  702):  SuiteBCiphers:
09-17 19:04:59.841 V/WifiNetworkSuggestionsManager(  702):  PSK/SAE: *
09-17 19:04:59.841 V/WifiNetworkSuggestionsManager(  702): SecurityParams List:
09-17 19:04:59.841 V/WifiNetworkSuggestionsManager(  702): Security Parameters:
09-17 19:04:59.841 V/WifiNetworkSuggestionsManager(  702):  Type: 2
09-17 19:04:59.841 V/WifiNetworkSuggestionsManager(  702):  Enabled: true
09-17 19:04:59.841 V/WifiNetworkSuggestionsManager(  702):  KeyMgmt: WPA_PSK
09-17 19:04:59.841 V/WifiNetworkSuggestionsManager(  702):  Protocols: WPA RSN
09-17 19:04:59.841 V/WifiNetworkSuggestionsManager(  702):  AuthAlgorithms:
09-17 19:04:59.841 V/WifiNetworkSuggestionsManager(  702):  PairwiseCiphers: TKIP CCMP
09-17 19:04:59.841 V/WifiNetworkSuggestionsManager(  702):  GroupCiphers: WEP40 WEP104 TKIP CCMP
09-17 19:04:59.841 V/WifiNetworkSuggestionsManager(  702):  GroupMgmtCiphers:
09-17 19:04:59.841 V/WifiNetworkSuggestionsManager(  702):  SuiteBCiphers:
09-17 19:04:59.841 V/WifiNetworkSuggestionsManager(  702):  RequirePmf: false
09-17 19:04:59.841 V/WifiNetworkSuggestionsManager(  702):  IsAddedByAutoUpgrade: false
09-17 19:04:59.841 V/WifiNetworkSuggestionsManager(  702):  IsSaeH2eOnlyMode: false
09-17 19:04:59.841 V/WifiNetworkSuggestionsManager(  702):  IsSaePkOnlyMode: false
09-17 19:04:59.841 V/WifiNetworkSuggestionsManager(  702): Security Parameters:
09-17 19:04:59.841 V/WifiNetworkSuggestionsManager(  702):  Type: 4
09-17 19:04:59.841 V/WifiNetworkSuggestionsManager(  702):  Enabled: true
09-17 19:04:59.841 V/WifiNetworkSuggestionsManager(  702):  KeyMgmt: SAE
09-17 19:04:59.841 V/WifiNetworkSuggestionsManager(  702):  Protocols: RSN
09-17 19:04:59.841 V/WifiNetworkSuggestionsManager(  702):  AuthAlgorithms:
09-17 19:04:59.841 V/WifiNetworkSuggestionsManager(  702):  PairwiseCiphers: CCMP GCMP_256 GCMP_128
09-17 19:04:59.841 V/WifiNetworkSuggestionsManager(  702):  GroupCiphers: CCMP GCMP_256 GCMP_128
09-17 19:04:59.841 V/WifiNetworkSuggestionsManager(  702):  GroupMgmtCiphers:
09-17 19:04:59.841 V/WifiNetworkSuggestionsManager(  702):  SuiteBCiphers:
09-17 19:04:59.841 V/WifiNetworkSuggestionsManager(  702):  RequirePmf: true
09-17 19:04:59.841 V/WifiNetworkSuggestionsManager(  702):  IsAddedByAutoUpgrade: true
09-17 19:04:59.841 V/WifiNetworkSuggestionsManager(  702):  IsSaeH2eOnlyMode: false
09-17 19:04:59.841 V/WifiNetworkSuggestionsManager(  702):  IsSaePkOnlyMode: false
09-17 19:04:59.841 V/WifiNetworkSuggestionsManager(  702): 
09-17 19:04:59.841 V/WifiNetworkSuggestionsManager(  702): Enterprise config:
09-17 19:04:59.841 V/WifiNetworkSuggestionsManager(  702):  ocsp: 0
09-17 19:04:59.841 V/WifiNetworkSuggestionsManager(  702):  trust_on_first_use: false
09-17 19:04:59.841 V/WifiNetworkSuggestionsManager(  702):  user_approve_no_ca_cert: false
09-17 19:04:59.841 V/WifiNetworkSuggestionsManager(  702):  selected_rcoi: 0
09-17 19:04:59.841 V/WifiNetworkSuggestionsManager(  702):  minimum_tls_version: 0
09-17 19:04:59.841 V/WifiNetworkSuggestionsManager(  702):  enable_conservative_peer_mode: false
09-17 19:04:59.841 V/WifiNetworkSuggestionsManager(  702): IP config:
09-17 19:04:59.841 V/WifiNetworkSuggestionsManager(  702): IP assignment: DHCP
09-17 19:04:59.841 V/WifiNetworkSuggestionsManager(  702): Proxy settings: NONE
09-17 19:04:59.841 V/WifiNetworkSuggestionsManager(  702):  cuid=1000 cname=android.uid.system:1000 luid=1000 lname=android.uid.system:1000 lcuid=1000 allowAutojoin=true noInternetAccessExpected=false mostRecentlyConnected=false 
09-17 19:04:59.841 V/WifiNetworkSuggestionsManager(  702): lastConnected: 09-17 19:04:53.998 
09-17 19:04:59.841 V/WifiNetworkSuggestionsManager(  702): 
09-17 19:04:59.841 V/WifiNetworkSuggestionsManager(  702): lastUpdated: 09-17 19:00:45.299 
09-17 19:04:59.841 V/WifiNetworkSuggestionsManager(  702): numRebootsSinceLastUse: 0
09-17 19:04:59.841 V/WifiNetworkSuggestionsManager(  702): recentFailure: Association Rejection code: 0, last update time: 0
09-17 19:04:59.841 V/WifiNetworkSuggestionsManager(  702): bssidAllowlist unset
09-17 19:04:59.841 V/WifiNetworkSuggestionsManager(  702): IsDppConfigurator: false
09-17 19:04:59.841 V/WifiNetworkSuggestionsManager(  702): HasEncryptedPreSharedKey: false
