09-17 19:03:36.108 D/wpa_supplicant( 1178): wlan0: BSS: Remove id 38512 BSSID 6e:b2:27:86:c5:be SSID '' due to wpa_bss_remove_oldest_unknown
09-17 19:03:36.108 D/wpa_supplicant( 1178): wlan0: BSS: Add new id 38712 BSSID 58:52:8a:47:85:a1 SSID 'rs500m-47859f-3' freq 5320
09-17 19:03:36.108 D/wpa_supplicant( 1178): wlan0: BSS: Remove id 38513 BSSID ec:1a:59:5c:7b:f6 SSID 'IPv6_dual_2.4GHz' due to wpa_bss_remove_oldest_unknown
09-17 19:03:36.108 D/wpa_supplicant( 1178): wlan0: BSS: Add new id 38713 BSSID 80:22:a7:26:9c:67 SSID 'arch-16f-a' freq 5180
09-17 19:03:36.108 D/wpa_supplicant( 1178): wlan0: BSS: Remove id 38514 BSSID c0:25:a2:df:54:7e SSID 'HyokaT-NEC_2.4GHz' due to wpa_bss_remove_oldest_unknown
09-17 19:03:36.108 D/wpa_supplicant( 1178): wlan0: BSS: Add new id 38714 BSSID c0:25:a2:c9:2b:53 SSID 'devlink-aterm-wg1800hp2-5g' freq 5180
09-17 19:03:36.109 D/wpa_supplicant( 1178): wlan0: BSS: Remove id 38515 BSSID 6e:b2:27:86:b8:4f SSID '' due to wpa_bss_remove_oldest_unknown
09-17 19:03:36.109 D/wpa_supplicant( 1178): wlan0: BSS: Add new id 38715 BSSID 74:03:bd:d2:43:d7 SSID 'DevlinkBT16F_Buffalo5' freq 5240
09-17 19:03:36.109 D/wpa_supplicant( 1178): wlan0: BSS: Remove id 38516 BSSID 24:4b:fe:b6:b0:50 SSID 'Neu_vpn' due to wpa_bss_remove_oldest_unknown
09-17 19:03:36.109 D/wpa_supplicant( 1178): wlan0: BSS: Add new id 38716 BSSID c0:25:a2:df:54:7f SSID 'HyokaT-NEC_5GHz' freq 5180
09-17 19:03:36.109 D/wpa_supplicant( 1178): wlan0: BSS: Remove id 38517 BSSID 1c:d1:e0:d5:75:02 SSID '' due to wpa_bss_remove_oldest_unknown
09-17 19:03:36.109 D/wpa_supplicant( 1178): wlan0: BSS: Add new id 38717 BSSID 60:84:bd:08:27:f0 SSID 'HyokaT-Free_Common' freq 5220
09-17 19:03:36.109 D/wpa_supplicant( 1178): wlan0: BSS: Remove id 38518 BSSID 1c:d1:e0:d5:75:04 SSID 'SWing' due to wpa_bss_remove_oldest_unknown
09-17 19:03:36.109 D/wpa_supplicant( 1178): wlan0: BSS: Add new id 38718 BSSID 08:10:86:0c:e0:53 SSID 'PerformanceWiFi-a' freq 5180
09-17 19:03:36.109 D/wpa_supplicant( 1178): wlan0: BSS: Remove id 38519 BSSID 1c:b1:7f:2e:09:0b SSID 'veri-video-5a' due to wpa_bss_remove_oldest_unknown
09-17 19:03:36.109 D/wpa_supplicant( 1178): wlan0: BSS: Add new id 38719 BSSID 60:84:bd:9e:81:7c SSID 'Buffalo-A-8178' freq 5220
09-17 19:03:36.109 D/wpa_supplicant( 1178): wlan0: BSS: Remove id 38520 BSSID d4:2c:46:c9:c9:09 SSID 'BaseApp-16F-2G' due to wpa_bss_remove_oldest_unknown
09-17 19:03:36.109 D/wpa_supplicant( 1178): wlan0: BSS: Add new id 38720 BSSID 18:c2:bf:f3:2e:50 SSID 'HyokaT-Buffalo-A_2.4GHz' freq 5200
09-17 19:03:36.109 D/wpa_supplicant( 1178): wlan0: BSS: Remove id 38521 BSSID e4:4e:2d:7c:49:04 SSID 'SWing' due to wpa_bss_remove_oldest_unknown
09-17 19:03:36.109 D/wpa_supplicant( 1178): wlan0: BSS: Add new id 38721 BSSID 98:f1:99:67:fa:53 SSID 'aterm-a07850-a' freq 5180
09-17 19:03:36.109 D/wpa_supplicant( 1178): wlan0: BSS: Remove id 38522 BSSID e4:4e:2d:64:30:c0 SSID 'SWingS' due to wpa_bss_remove_oldest_unknown
09-17 19:03:36.109 D/wpa_supplicant( 1178): wlan0: BSS: Add new id 38722 BSSID e4:4e:2d:7b:a3:6f SSID 'SWingS' freq 5260
09-17 19:03:36.111 D/wpa_supplicant( 1178): wlan0: BSS: Remove id 38523 BSSID e4:4e:2d:7c:49:02 SSID '' due to wpa_bss_remove_oldest_unknown
09-17 19:03:36.111 D/wpa_supplicant( 1178): wlan0: BSS: Add new id 38723 BSSID c0:25:a2:7a:43:c7 SSID 'MIB-16F-P17W-a' freq 5580
09-17 19:03:36.111 D/wpa_supplicant( 1178): wlan0: BSS: Remove id 38524 BSSID e4:4e:2d:64:30:c2 SSID '' due to wpa_bss_remove_oldest_unknown
09-17 19:03:36.111 D/wpa_supplicant( 1178): wlan0: BSS: Add new id 38724 BSSID 10:4b:46:d8:31:75 SSID 'pr500m-d83173-3' freq 5320
09-17 19:03:36.111 D/wpa_supplicant( 1178): wlan0: BSS: Remove id 38525 BSSID e4:4e:2d:64:30:c4 SSID 'SWing' due to wpa_bss_remove_oldest_unknown
09-17 19:03:36.111 D/wpa_supplicant( 1178): wlan0: BSS: Add new id 38725 BSSID d4:2c:46:c9:c9:1b SSID 'BaseApp-16F-6G-WPA3' freq 6275
09-17 19:03:36.111 D/wpa_supplicant( 1178): wlan0: BSS: Remove id 38526 BSSID e4:4e:2d:a4:62:20 SSID 'SWingS' due to wpa_bss_remove_oldest_unknown
09-17 19:03:36.111 D/wpa_supplicant( 1178): wlan0: BSS: Add new id 38726 BSSID c4:3c:ea:6c:7b:98 SSID '' freq 5180
09-17 19:03:36.111 D/wpa_supplicant( 1178): wlan0: BSS: Remove id 38527 BSSID e4:4e:2d:a4:62:24 SSID 'SWing' due to wpa_bss_remove_oldest_unknown
09-17 19:03:36.111 D/wpa_supplicant( 1178): wlan0: BSS: Add new id 38727 BSSID 1c:d1:e0:d5:75:0d SSID '' freq 5580
09-17 19:03:36.111 D/wpa_supplicant( 1178): wlan0: BSS: Remove id 38528 BSSID 6e:b2:27:b1:dc:f2 SSID '' due to wpa_bss_remove_oldest_unknown
09-17 19:03:36.111 D/wpa_supplicant( 1178): wlan0: BSS: Add new id 38728 BSSID 84:af:ec:c1:df:3c SSID 'Buffalo-A-DF38' freq 5180
09-17 19:03:36.111 D/wpa_supplicant( 1178): wlan0: BSS: Remove id 38529 BSSID 6e:b2:27:7a:0a:c7 SSID '' due to wpa_bss_remove_oldest_unknown
09-17 19:03:36.111 D/wpa_supplicant( 1178): wlan0: BSS: Add new id 38729 BSSID c4:3c:ea:6c:7b:99 SSID 'Buffalo-A-7B90' freq 5180
09-17 19:03:36.111 D/wpa_supplicant( 1178): wlan0: BSS: Remove id 38530 BSSID 6e:b2:27:de:13:aa SSID '' due to wpa_bss_remove_oldest_unknown
09-17 19:03:36.111 D/wpa_supplicant( 1178): wlan0: BSS: Add new id 38730 BSSID c4:3c:ea:6c:7b:9a SSID 'Buffalo-A-7B90-WPA3' freq 5180
09-17 19:03:36.111 D/wpa_supplicant( 1178): wlan0: BSS: Remove id 38531 BSSID 60:84:bd:9e:81:78 SSID 'Buffalo-G-8178' due to wpa_bss_remove_oldest_unknown
09-17 19:03:36.112 D/wpa_supplicant( 1178): wlan0: BSS: Add new id 38731 BSSID 34:97:f6:01:f4:cc SSID 'PJINTEG-012-A-CTSRoom' freq 5220
09-17 19:03:36.112 D/wpa_supplicant( 1178): wlan0: BSS: Remove id 38532 BSSID 1c:b1:7f:e0:1d:3e SSID 'Aterm-WG1400HP_G' due to wpa_bss_remove_oldest_unknown
09-17 19:03:36.112 D/wpa_supplicant( 1178): wlan0: BSS: Add new id 38732 BSSID 48:f8:b3:a5:e4:ff SSID 'Devlink_Linksys_5GHz' freq 5180
09-17 19:03:36.112 D/wpa_supplicant( 1178): wlan0: BSS: Remove id 38533 BSSID 48:f8:b3:a5:e4:fe SSID 'Devlink_Linksys_2GHz' due to wpa_bss_remove_oldest_unknown
09-17 19:03:36.112 D/wpa_supplicant( 1178): wlan0: BSS: Add new id 38733 BSSID ec:5a:31:ac:ab:11 SSID '_b2b_wpa3_192' freq 5180
09-17 19:03:36.112 D/wpa_supplicant( 1178): wlan0: BSS: Remove id 38534 BSSID 58:52:8a:47:85:a2 SSID 'rs500m-47859f-1' due to wpa_bss_remove_oldest_unknown
09-17 19:03:36.112 D/wpa_supplicant( 1178): wlan0: BSS: Add new id 38734 BSSID d4:2c:46:1c:12:6a SSID 'Buffalo-A-1260-WPA3' freq 5180
09-17 19:03:36.112 D/wpa_supplicant( 1178): wlan0: BSS: Remove id 38535 BSSID 5a:52:8a:47:85:a2 SSID 'rs500m-47859f-2' due to wpa_bss_remove_oldest_unknown
09-17 19:03:36.112 D/wpa_supplicant( 1178): wlan0: BSS: Add new id 38735 BSSID d4:2c:46:1c:12:69 SSID 'Buffalo-A-1260' freq 5180
09-17 19:03:36.112 D/wpa_supplicant( 1178): wlan0: BSS: Remove id 38536 BSSID 74:03:bd:d2:43:d0 SSID 'DevlinkBT16F_Buffalo24' due to wpa_bss_remove_oldest_unknown
09-17 19:03:36.112 D/wpa_supplicant( 1178): wlan0: BSS: Add new id 38736 BSSID 34:3d:c4:1e:98:68 SSID 'Buffalo-A-9866' freq 5320
09-17 19:03:36.112 D/wpa_supplicant( 1178): wlan0: BSS: Remove id 38537 BSSID 6c:e4:da:e2:f9:9a SSID 'DevlinkAterm2g' due to wpa_bss_remove_oldest_unknown
09-17 19:03:36.112 D/wpa_supplicant( 1178): wlan0: BSS: Add new id 38737 BSSID 88:57:ee:2c:18:d7 SSID 'Buffalo-A-18D5' freq 5240
09-17 19:03:36.112 D/wpa_supplicant( 1178): wlan0: BSS: Remove id 38538 BSSID 34:3d:c4:f1:46:80 SSID 'Devlink-Buffalo1900-2G' due to wpa_bss_remove_oldest_unknown
09-17 19:03:36.112 D/wpa_supplicant( 1178): wlan0: BSS: Add new id 38738 BSSID 18:c2:bf:c3:90:20 SSID 'PJInteg-CTSRoom' freq 5620
09-17 19:03:36.112 D/wpa_supplicant( 1178): wlan0: BSS: Remove id 38539 BSSID c0:25:a2:c9:2b:52 SSID 'devlink-aterm-wg1800hp2-2g' due to wpa_bss_remove_oldest_unknown
09-17 19:03:36.112 D/wpa_supplicant( 1178): wlan0: BSS: Add new id 38739 BSSID b0:be:76:92:b4:6b SSID 'TP-Link_B46C_5G' freq 5220
09-17 19:03:36.112 D/wpa_supplicant( 1178): wlan0: BSS: Remove id 38540 BSSID 18:c2:bf:f3:2e:48 SSID 'HyokaT-Buffalo-A_2.4GHz' due to wpa_bss_remove_oldest_unknown
09-17 19:03:36.112 D/wpa_supplicant( 1178): wlan0: BSS: Add new id 38740 BSSID b6:be:76:a0:3d:53 SSID '' freq 5240
09-17 19:03:36.112 D/wpa_supplicant( 1178): wlan0: BSS: Remove id 38541 BSSID 60:84:bd:08:27:e8 SSID 'HyokaT-Free_Common' due to wpa_bss_remove_oldest_unknown
09-17 19:03:36.112 D/wpa_supplicant( 1178): wlan0: BSS: Add new id 38741 BSSID 58:52:8a:68:27:06 SSID 'PJINTEG-015-A-NotUseForCTS' freq 5320
09-17 19:03:36.112 D/wpa_supplicant( 1178): wlan0: BSS: Remove id 38542 BSSID 58:ef:68:ab:66:e3 SSID 'Linksys18401_2.4GHz' due to wpa_bss_remove_oldest_unknown
09-17 19:03:36.112 D/wpa_supplicant( 1178): wlan0: BSS: Add new id 38742 BSSID 18:c2:bf:c3:90:10 SSID 'PJInteg-CTSRoom' freq 5200
09-17 19:03:36.113 D/wpa_supplicant( 1178): wlan0: BSS: Remove id 38543 BSSID 08:10:86:0c:e0:52 SSID 'PerformanceWiFi-g' due to wpa_bss_remove_oldest_unknown
09-17 19:03:36.113 D/wpa_supplicant( 1178): wlan0: BSS: Add new id 38743 BSSID 84:e8:cb:a3:c9:39 SSID '' freq 5260
09-17 19:03:36.113 D/wpa_supplicant( 1178): wlan0: BSS: Remove id 38544 BSSID 80:22:a7:26:9c:66 SSID 'arch-16f-g' due to wpa_bss_remove_oldest_unknown
09-17 19:03:36.113 D/wpa_supplicant( 1178): wlan0: BSS: Add new id 38744 BSSID 84:e8:cb:a3:c9:38 SSID 'Buffalo-5G-C930' freq 5260
09-17 19:03:36.114 D/wpa_supplicant( 1178): wlan0: BSS: Remove id 38545 BSSID 08:10:86:a2:8f:9a SSID 'SPW_X11_d1ef0b' due to wpa_bss_remove_oldest_unknown
09-17 19:03:36.114 D/wpa_supplicant( 1178): wlan0: BSS: Add new id 38745 BSSID b0:be:76:a0:3d:53 SSID 'TP-Link_3D54' freq 5240
09-17 19:03:36.114 D/wpa_supplicant( 1178): wlan0: BSS: Remove id 38546 BSSID 98:f1:99:67:fa:52 SSID 'aterm-a07850-g' due to wpa_bss_remove_oldest_unknown
09-17 19:03:36.114 D/wpa_supplicant( 1178): wlan0: BSS: Add new id 38746 BSSID 74:03:bd:b9:c5:f7 SSID 'Buffalo-A-C5FE' freq 5500
09-17 19:03:36.114 D/wpa_supplicant( 1178): wlan0: BSS: Remove id 38547 BSSID 88:57:ee:2c:18:d6 SSID 'Buffalo-G-18D5' due to wpa_bss_remove_oldest_unknown
09-17 19:03:36.114 D/wpa_supplicant( 1178): wlan0: BSS: Add new id 38747 BSSID 60:32:b1:21:cb:23 SSID 'TP-Link_CB24_5G' freq 5220
09-17 19:03:36.114 D/wpa_supplicant( 1178): wlan0: BSS: Remove id 38548 BSSID 60:38:e0:55:f4:84 SSID 'HyokaT-Belkin_2.4GHz' due to wpa_bss_remove_oldest_unknown
09-17 19:03:36.114 D/wpa_supplicant( 1178): wlan0: BSS: Add new id 38748 BSSID e4:4e:2d:7c:49:0b SSID 'SWing' freq 5540
09-17 19:03:36.114 D/wpa_supplicant( 1178): wlan0: BSS: Remove id 38549 BSSID b6:be:76:a0:3d:54 SSID '' due to wpa_bss_remove_oldest_unknown
09-17 19:03:36.114 D/wpa_supplicant( 1178): wlan0: BSS: Add new id 38749 BSSID 18:ec:e7:86:05:79 SSID 'arib-system-ax4-50' freq 5180
09-17 19:03:36.114 D/wpa_supplicant( 1178): wlan0: BSS: Remove id 38550 BSSID a6:12:42:87:dc:2c SSID 'pr500m-d83173-2' due to wpa_bss_remove_oldest_unknown
09-17 19:03:36.114 D/wpa_supplicant( 1178): wlan0: BSS: Add new id 38750 BSSID e4:4e:2d:7c:49:0d SSID '' freq 5540
09-17 19:03:36.114 D/wpa_supplicant( 1178): wlan0: BSS: Remove id 38551 BSSID 34:97:f6:01:f4:c8 SSID 'PJINTEG-011-G-CTSRoom' due to wpa_bss_remove_oldest_unknown
09-17 19:03:36.114 D/wpa_supplicant( 1178): wlan0: BSS: Add new id 38751 BSSID e4:4e:2d:a4:3b:2b SSID 'SWing' freq 5540
09-17 19:03:36.114 D/wpa_supplicant( 1178): wlan0: BSS: Remove id 38552 BSSID 74:03:bd:b9:c5:f0 SSID 'Buffalo-G-C5FE' due to wpa_bss_remove_oldest_unknown
09-17 19:03:36.114 D/wpa_supplicant( 1178): wlan0: BSS: Add new id 38752 BSSID 2c:ff:65:00:0a:78 SSID 'rs500k-000a38-3' freq 5320
09-17 19:03:36.114 D/wpa_supplicant( 1178): wlan0: BSS: Remove id 38553 BSSID 84:af:ec:c1:df:38 SSID 'Neu_net' due to wpa_bss_remove_oldest_unknown
09-17 19:03:36.114 D/wpa_supplicant( 1178): wlan0: BSS: Add new id 38753 BSSID 2c:ff:65:00:7e:48 SSID 'rs500k-007e08-3' freq 5180
09-17 19:03:36.114 D/wpa_supplicant( 1178): wlan0: BSS: Remove id 38554 BSSID 1a:ed:b9:42:c9:a0 SSID 'DIRECT-Df-BRAVIA' due to wpa_bss_remove_oldest_unknown
09-17 19:03:36.114 D/wpa_supplicant( 1178): wlan0: BSS: Add new id 38754 BSSID ec:5a:31:ac:ab:21 SSID '_b2b_wpa3_192' freq 6135
09-17 19:03:36.115 D/wpa_supplicant( 1178): wlan0: BSS: Remove id 38555 BSSID 60:32:b1:21:cb:24 SSID 'TP-Link_CB24' due to wpa_bss_remove_oldest_unknown
09-17 19:03:36.115 D/wpa_supplicant( 1178): wlan0: BSS: Add new id 38755 BSSID e4:4e:2d:7c:49:0f SSID 'SWingS' freq 5540
09-17 19:03:36.115 D/wpa_supplicant( 1178): wlan0: BSS: Remove id 38556 BSSID b0:be:76:a0:3d:54 SSID 'TP-Link_3D54' due to wpa_bss_remove_oldest_unknown
09-17 19:03:36.115 D/wpa_supplicant( 1178): wlan0: BSS: Add new id 38756 BSSID 1c:d1:e0:de:14:6b SSID 'SWing' freq 5540
09-17 19:03:36.115 D/wpa_supplicant( 1178): wlan0: BSS: Remove id 38557 BSSID 00:90:fe:9a:18:e3 SSID 'elecom2g-9a18e4' due to wpa_bss_remove_oldest_unknown
09-17 19:03:36.115 D/wpa_supplicant( 1178): wlan0: BSS: Add new id 38757 BSSID e4:4e:2d:a4:3b:2f SSID 'SWingS' freq 5540
09-17 19:03:36.115 D/wpa_supplicant( 1178): wlan0: BSS: Remove id 38558 BSSID c0:25:a2:7a:43:c6 SSID 'MIB-16F-P17W-g' due to wpa_bss_remove_oldest_unknown
09-17 19:03:36.115 D/wpa_supplicant( 1178): wlan0: BSS: Add new id 38758 BSSID e4:4e:2d:7c:28:8b SSID 'SWing' freq 5320
09-17 19:03:36.115 D/wpa_supplicant( 1178): wlan0: BSS: Remove id 38559 BSSID a0:04:60:68:81:5f SSID 'HyokaT-Netgear_5GHz ' due to wpa_bss_remove_oldest_unknown
09-17 19:03:36.115 D/wpa_supplicant( 1178): wlan0: BSS: Add new id 38759 BSSID e4:4e:2d:64:30:cb SSID 'SWing' freq 5660
09-17 19:03:36.115 D/wpa_supplicant( 1178): wlan0: BSS: Remove id 38560 BSSID 04:f0:21:59:e8:e4 SSID 'r3001390' due to wpa_bss_remove_oldest_unknown
09-17 19:03:36.115 D/wpa_supplicant( 1178): wlan0: BSS: Add new id 38760 BSSID e4:4e:2d:64:30:cf SSID 'SWingS' freq 5660
09-17 19:03:36.115 D/wpa_supplicant( 1178): wlan0: BSS: Remove id 38561 BSSID 6e:b2:27:67:20:53 SSID 'SurroundMaster_69fafe' due to wpa_bss_remove_oldest_unknown
09-17 19:03:36.115 D/wpa_supplicant( 1178): wlan0: BSS: Add new id 38761 BSSID e4:4e:2d:64:30:cd SSID '' freq 5660
09-17 19:03:36.115 D/wpa_supplicant( 1178): wlan0: BSS: Remove id 38562 BSSID c4:3c:ea:6c:7b:93 SSID 'Buffalo-G-7B90-WPA3' due to wpa_bss_remove_oldest_unknown
09-17 19:03:36.115 D/wpa_supplicant( 1178): wlan0: BSS: Add new id 38762 BSSID 1c:d1:e0:dc:8e:4d SSID '' freq 5580
09-17 19:03:36.115 D/wpa_supplicant( 1178): wlan0: BSS: Remove id 38563 BSSID e4:4e:2d:7c:9c:ab SSID 'SWing' due to wpa_bss_remove_oldest_unknown
09-17 19:03:36.115 D/wpa_supplicant( 1178): wlan0: BSS: Add new id 38763 BSSID 1c:d1:e0:dc:8e:4b SSID 'SWing' freq 5580
09-17 19:03:36.115 D/wpa_supplicant( 1178): wlan0: BSS: Remove id 38564 BSSID 6e:b2:27:ea:e1:0a SSID '' due to wpa_bss_remove_oldest_unknown
09-17 19:03:36.116 D/wpa_supplicant( 1178): wlan0: BSS: Add new id 38764 BSSID e4:4e:2d:7c:28:8f SSID 'SWingS' freq 5320
09-17 19:03:36.116 D/wpa_supplicant( 1178): wlan0: BSS: Remove id 38565 BSSID e4:4e:2d:7c:9c:af SSID 'SWingS' due to wpa_bss_remove_oldest_unknown
09-17 19:03:36.116 D/wpa_supplicant( 1178): wlan0: BSS: Add new id 38765 BSSID 1c:d1:e0:d5:75:0f SSID 'SWingS' freq 5580
09-17 19:03:36.116 D/wpa_supplicant( 1178): wlan0: BSS: Remove id 38566 BSSID e4:4e:2d:a4:55:4d SSID '' due to wpa_bss_remove_oldest_unknown
09-17 19:03:36.116 D/wpa_supplicant( 1178): wlan0: BSS: Add new id 38766 BSSID 1c:d1:e0:d5:75:0b SSID 'SWing' freq 5580
09-17 19:03:36.116 D/wpa_supplicant( 1178): wlan0: BSS: Remove id 38567 BSSID 08:10:86:b2:7e:73 SSID 'app0-cert-nec-5G' due to wpa_bss_remove_oldest_unknown
09-17 19:03:36.116 D/wpa_supplicant( 1178): wlan0: BSS: Add new id 38767 BSSID e4:4e:2d:a4:62:2b SSID 'SWing' freq 5560
09-17 19:03:36.116 D/wpa_supplicant( 1178): wlan0: BSS: Remove id 38568 BSSID e4:4e:2d:79:8e:4b SSID 'SWing' due to wpa_bss_remove_oldest_unknown
09-17 19:03:36.116 D/wpa_supplicant( 1178): wlan0: BSS: Add new id 38768 BSSID 04:ab:18:3e:fc:f6 SSID 'elecom-3efcf3' freq 5220
09-17 19:03:36.116 D/wpa_supplicant( 1178): wlan0: BSS: Remove id 38569 BSSID 4c:e6:76:fa:9c:e1 SSID 'PF_VPN_5GHz' due to wpa_bss_remove_oldest_unknown
09-17 19:03:36.116 D/wpa_supplicant( 1178): wlan0: BSS: Add new id 38769 BSSID e4:4e:2d:a4:62:2d SSID '' freq 5560
09-17 19:03:36.116 D/wpa_supplicant( 1178): wlan0: BSS: Remove id 38570 BSSID e4:4e:2d:a4:55:4f SSID 'SWingS' due to wpa_bss_remove_oldest_unknown
09-17 19:03:36.116 D/wpa_supplicant( 1178): wlan0: BSS: Add new id 38770 BSSID e4:4e:2d:7b:bc:af SSID 'SWingS' freq 5660
09-17 19:03:36.116 D/wpa_supplicant( 1178): wlan0: BSS: Remove id 38572 BSSID 1c:d1:e0:de:14:6d SSID '' due to wpa_bss_remove_oldest_unknown
09-17 19:03:36.116 D/wpa_supplicant( 1178): wlan0: BSS: Add new id 38771 BSSID e4:4e:2d:7c:28:8d SSID '' freq 5320
09-17 19:03:36.116 D/wpa_supplicant( 1178): wlan0: BSS: Remove id 38573 BSSID e4:4e:2d:a4:aa:ab SSID 'SWing' due to wpa_bss_remove_oldest_unknown
09-17 19:03:36.116 D/WifiNl80211Manager(  702): get 296 scan results from wificond
09-17 19:03:36.116 W/IE_Capabilities(  702): Unknown RSN cipher suite: 6ac0f00
09-17 19:03:36.116 D/wpa_supplicant( 1178): wlan0: BSS: Add new id 38772 BSSID 1c:d1:e0:dc:8e:4f SSID 'SWingS' freq 5580
09-17 19:03:36.116 D/wpa_supplicant( 1178): wlan0: BSS: Remove id 38574 BSSID e4:4e:2d:7d:82:2f SSID 'SWingS' due to wpa_bss_remove_oldest_unknown
09-17 19:03:36.117 W/IE_Capabilities(  702): Unknown RSN cipher suite: 6ac0f00
09-17 19:03:36.117 D/wpa_supplicant( 1178): wlan0: BSS: Add new id 38773 BSSID 84:e8:cb:a3:c9:3a SSID 'Buffalo-5G-C930-WPA3' freq 5260
09-17 19:03:36.117 D/wpa_supplicant( 1178): wlan0: BSS: Remove id 38575 BSSID e4:4e:2d:7d:82:2d SSID '' due to wpa_bss_remove_oldest_unknown
09-17 19:03:36.117 D/wpa_supplicant( 1178): wlan0: BSS: Add new id 38774 BSSID e4:4e:2d:a4:62:2f SSID 'SWingS' freq 5560
09-17 19:03:36.117 D/wpa_supplicant( 1178): wlan0: BSS: Remove id 38576 BSSID 16:11:32:77:a5:e9 SSID '' due to wpa_bss_remove_oldest_unknown
09-17 19:03:36.117 D/wpa_supplicant( 1178): wlan0: BSS: Add new id 38775 BSSID 18:c2:bf:f3:2e:58 SSID 'HyokaT-Buffalo-A_2.4GHz' freq 5500
09-17 19:03:36.118 D/wpa_supplicant( 1178): wlan0: BSS: Remove id 38577 BSSID 00:11:32:77:a5:e9 SSID 'hes-b2b-syno1' due to wpa_bss_remove_oldest_unknown
09-17 19:03:36.118 D/wpa_supplicant( 1178): wlan0: BSS: Add new id 38776 BSSID 60:84:bd:08:27:f8 SSID 'HyokaT-Free_Common' freq 5500
09-17 19:03:36.118 D/wpa_supplicant( 1178): wlan0: BSS: Remove id 38578 BSSID 08:10:86:c9:28:8b SSID 'aterm-61cef3-a' due to wpa_bss_remove_oldest_unknown
09-17 19:03:36.118 D/wpa_supplicant( 1178): wlan0: BSS: Add new id 38777 BSSID 34:3d:c4:f1:46:87 SSID 'Devlink-Buffalo1900-5G' freq 5220
09-17 19:03:36.118 D/wpa_supplicant( 1178): wlan0: BSS: Remove id 38579 BSSID 1c:d1:e0:dc:46:8d SSID '' due to wpa_bss_remove_oldest_unknown
09-17 19:03:36.118 D/wpa_supplicant( 1178): wlan0: BSS: Add new id 38778 BSSID 88:57:ee:7d:e2:b7 SSID 'Buffalo-A-E2BE' freq 5180
09-17 19:03:36.118 D/wpa_supplicant( 1178): wlan0: BSS: Remove id 38580 BSSID e4:4e:2d:a4:aa:ad SSID '' due to wpa_bss_remove_oldest_unknown
09-17 19:03:36.118 D/wpa_supplicant( 1178): wlan0: BSS: Add new id 38779 BSSID 1c:7c:98:64:e1:41 SSID 'SPW_X12_3aca88' freq 5180
09-17 19:03:36.118 D/wpa_supplicant( 1178): wlan0: BSS: Remove id 38581 BSSID e4:4e:2d:a4:aa:af SSID 'SWingS' due to wpa_bss_remove_oldest_unknown
09-17 19:03:36.118 D/wpa_supplicant( 1178): wlan0: BSS: Add new id 38780 BSSID bc:fc:e7:22:2c:ee SSID 'BDDE261C63DA4B894A6B9214B6BE23D2' freq 5955 MLD ADDR 02:fc:e7:22:2c:ec
09-17 19:03:36.118 D/wpa_supplicant( 1178): wlan0: BSS: Remove id 38582 BSSID 1c:d1:e0:dc:46:8b SSID 'SWing' due to wpa_bss_remove_oldest_unknown
09-17 19:03:36.118 D/wpa_supplicant( 1178): wlan0: BSS: Add new id 38781 BSSID be:fc:e7:32:2c:ee SSID 'AS_6' freq 5955
09-17 19:03:36.118 D/wpa_supplicant( 1178): wlan0: BSS: Remove id 38583 BSSID 04:ab:18:65:c1:d3 SSID '' due to wpa_bss_remove_oldest_unknown
09-17 19:03:36.118 D/wpa_supplicant( 1178): wlan0: BSS: Add new id 38782 BSSID bc:fc:e7:22:2c:ec SSID 'BDDE261C63DA4B894A6B9214B6BE23D2' freq 2447 MLD ADDR 02:fc:e7:22:2c:ec
09-17 19:03:36.118 W/IE_Capabilities(  702): Unknown RSN cipher suite: 6ac0f00
09-17 19:03:36.118 D/wpa_supplicant( 1178): wlan0: BSS: Remove id 38584 BSSID e4:4e:2d:7c:06:2d SSID '' due to wpa_bss_remove_oldest_unknown
09-17 19:03:36.118 D/wpa_supplicant( 1178): wlan0: BSS: Add new id 38783 BSSID 3e:52:a1:24:20:33 SSID '' freq 2442
09-17 19:03:36.118 D/wpa_supplicant( 1178): wlan0: BSS: Remove id 38586 BSSID 6e:b2:27:5c:05:7a SSID '' due to wpa_bss_remove_oldest_unknown
09-17 19:03:36.118 W/IE_Capabilities(  702): Unknown RSN cipher suite: 6ac0f00
09-17 19:03:36.118 D/wpa_supplicant( 1178): wlan0: BSS: Add new id 38784 BSSID 3c:52:a1:54:20:33 SSID 'TP-Link_PFM1' freq 2442
09-17 19:03:36.118 D/wpa_supplicant( 1178): wlan0: BSS: Remove id 38587 BSSID e4:4e:2d:7c:06:2b SSID 'SWing' due to wpa_bss_remove_oldest_unknown
09-17 19:03:36.119 D/wpa_supplicant( 1178): wlan0: BSS: Add new id 38785 BSSID 50:eb:f6:02:ea:80 SSID 'ASUS_80' freq 2462
09-17 19:03:36.119 D/wpa_supplicant( 1178): wlan0: BSS: Remove id 38588 BSSID e4:4e:2d:7c:06:2f SSID 'SWingS' due to wpa_bss_remove_oldest_unknown
09-17 19:03:36.119 D/wpa_supplicant( 1178): wlan0: BSS: Add new id 38786 BSSID be:fc:e7:12:2c:ec SSID 'AS_2' freq 2447
09-17 19:03:36.119 D/wpa_supplicant( 1178): wlan0: BSS: Remove id 38589 BSSID 1c:d1:e0:e0:ed:2b SSID 'SWing' due to wpa_bss_remove_oldest_unknown
09-17 19:03:36.119 D/wpa_supplicant( 1178): wlan0: BSS: Add new id 38787 BSSID 84:e8:cb:5e:3a:01 SSID '' freq 2412
09-17 19:03:36.119 D/wpa_supplicant( 1178): wlan0: BSS: Remove id 38590 BSSID 1c:d1:e0:e0:ed:2f SSID 'SWingS' due to wpa_bss_remove_oldest_unknown
09-17 19:03:36.119 D/wpa_supplicant( 1178): wlan0: BSS: Add new id 38788 BSSID 84:e8:cb:5e:3a:03 SSID 'Naonao_192bit' freq 2412
09-17 19:03:36.119 D/wpa_supplicant( 1178): wlan0: BSS: Remove id 38591 BSSID e4:4e:2d:76:f2:4b SSID 'SWing' due to wpa_bss_remove_oldest_unknown
09-17 19:03:36.119 D/wpa_supplicant( 1178): wlan0: BSS: Add new id 38789 BSSID 84:e8:cb:5e:3a:02 SSID '' freq 2412
09-17 19:03:36.119 D/wpa_supplicant( 1178): wlan0: BSS: Remove id 38592 BSSID e4:4e:2d:76:f2:4d SSID '' due to wpa_bss_remove_oldest_unknown
09-17 19:03:36.119 D/wpa_supplicant( 1178): wlan0: BSS: Add new id 38790 BSSID 50:eb:f6:a9:3b:e8 SSID 'ASUS_ber7' freq 2452
09-17 19:03:36.119 D/wpa_supplicant( 1178): wlan0: BSS: Remove id 38593 BSSID 68:e1:dc:a9:f6:2a SSID 'Buffalo-5G-F620-WPA3' due to wpa_bss_remove_oldest_unknown
09-17 19:03:36.119 D/wpa_supplicant( 1178): wlan0: BSS: Add new id 38791 BSSID 3a:97:a4:64:cb:55 SSID 'elecom-s-64cb54' freq 2472
09-17 19:03:36.119 D/wpa_supplicant( 1178): wlan0: BSS: Remove id 38594 BSSID 1c:d1:e0:e0:ed:2d SSID '' due to wpa_bss_remove_oldest_unknown
09-17 19:03:36.119 D/wpa_supplicant( 1178): wlan0: BSS: Add new id 38792 BSSID e4:4e:2d:7b:a3:60 SSID 'SWingS' freq 2437
09-17 19:03:36.119 D/wpa_supplicant( 1178): wlan0: BSS: Remove id 38595 BSSID 02:09:b4:71:0a:ac SSID '0002softbank' due to wpa_bss_remove_oldest_unknown
09-17 19:03:36.119 D/wpa_supplicant( 1178): wlan0: BSS: Add new id 38793 BSSID 24:4b:fe:d1:4b:60 SSID 'ASUS-G-0316f' freq 2457
09-17 19:03:36.119 D/wpa_supplicant( 1178): wlan0: BSS: Remove id 38596 BSSID 68:e1:dc:a9:f6:29 SSID 'Buffalo-5G-F620' due to wpa_bss_remove_oldest_unknown
09-17 19:03:36.119 D/wpa_supplicant( 1178): wlan0: BSS: Add new id 38794 BSSID 38:97:a4:64:cb:55 SSID 'elecom-64cb54' freq 2472
09-17 19:03:36.119 D/wpa_supplicant( 1178): wlan0: BSS: Remove id 38597 BSSID e4:4e:2d:76:f2:4f SSID 'SWingS' due to wpa_bss_remove_oldest_unknown
09-17 19:03:36.119 W/IE_Capabilities(  702): Unknown RSN cipher suite: 6ac0f00
09-17 19:03:36.119 D/wpa_supplicant( 1178): wlan0: BSS: Add new id 38795 BSSID e4:4e:2d:64:5e:62 SSID '' freq 2412
09-17 19:03:36.120 D/wpa_supplicant( 1178): wlan0: BSS: Remove id 38598 BSSID 1e:b1:7f:2e:09:0b SSID 'aterm-8e5749-aw' due to wpa_bss_remove_oldest_unknown
09-17 19:03:36.120 D/wpa_supplicant( 1178): wlan0: BSS: Add new id 38796 BSSID d4:2c:46:c9:c9:0a SSID 'BaseApp-16F-2G-WPA3' freq 2462
09-17 19:03:36.120 D/wpa_supplicant( 1178): wlan0: BSS: Remove id 38599 BSSID 2e:b1:7f:e0:1d:3e SSID 'Aterm-WG1400HP_GW' due to wpa_bss_remove_oldest_unknown
09-17 19:03:36.120 D/wpa_supplicant( 1178): wlan0: BSS: Add new id 38797 BSSID d4:2c:46:c9:c9:09 SSID 'BaseApp-16F-2G' freq 2462
09-17 19:03:36.120 D/wpa_supplicant( 1178): wlan0: BSS: Remove id 38600 BSSID d2:25:a2:c9:2b:52 SSID '\x00\x00\x00\x00\x00\x00\x00\x00\x00\x00\x00\x00\x00\x00\x00' due to wpa_bss_remove_oldest_unknown
09-17 19:03:36.120 D/wpa_supplicant( 1178): wlan0: BSS: Add new id 38798 BSSID 6e:b2:27:1f:4e:dc SSID '' freq 5180
09-17 19:03:36.120 D/wpa_supplicant( 1178): wlan0: BSS: Remove id 38601 BSSID c2:25:a2:7a:43:c6 SSID '\x00\x00\x00\x00\x00\x00\x00\x00\x00\x00\x00\x00\x00\x00\x00' due to wpa_bss_remove_oldest_unknown
09-17 19:03:36.120 D/wpa_supplicant( 1178): wlan0: BSS: Add new id 38799 BSSID 6e:b2:27:dd:d7:fd SSID '' freq 5180
09-17 19:03:36.120 D/wpa_supplicant( 1178): wlan0: BSS: Remove id 38603 BSSID 62:45:b9:30:b8:a2 SSID '' due to wpa_bss_remove_oldest_unknown
09-17 19:03:36.120 D/wpa_supplicant( 1178): wlan0: BSS: Add new id 38800 BSSID 6e:b2:27:22:da:1c SSID '' freq 5200
09-17 19:03:36.120 D/wpa_supplicant( 1178): wlan0: BSS: Remove id 38602 BSSID 62:45:b8:ba:90:70 SSID '' due to wpa_bss_remove_oldest_unknown
09-17 19:03:36.120 D/wpa_supplicant( 1178): wlan0: BSS: Add new id 38801 BSSID 6e:b2:27:86:c5:be SSID '' freq 5220
09-17 19:03:36.120 D/wpa_supplicant( 1178): wlan0: BSS: Remove id 38604 BSSID 62:45:b9:32:53:f4 SSID '' due to wpa_bss_remove_oldest_unknown
09-17 19:03:36.120 D/wpa_supplicant( 1178): wlan0: BSS: Add new id 38802 BSSID 6e:b2:27:1a:f3:66 SSID '' freq 5180
09-17 19:03:36.120 D/wpa_supplicant( 1178): wlan0: BSS: Remove id 38605 BSSID 62:45:b9:18:8e:b9 SSID '' due to wpa_bss_remove_oldest_unknown
09-17 19:03:36.120 D/wpa_supplicant( 1178): wlan0: BSS: Add new id 38803 BSSID ec:1a:59:5c:7b:f6 SSID 'IPv6_dual_2.4GHz' freq 2462
09-17 19:03:36.120 D/wpa_supplicant( 1178): wlan0: BSS: Remove id 38606 BSSID 62:45:b8:d9:bb:e9 SSID '' due to wpa_bss_remove_oldest_unknown
09-17 19:03:36.120 D/wpa_supplicant( 1178): wlan0: BSS: Add new id 38804 BSSID c0:25:a2:df:54:7e SSID 'HyokaT-NEC_2.4GHz' freq 2427
09-17 19:03:36.121 D/wpa_supplicant( 1178): wlan0: BSS: Remove id 38607 BSSID e4:4e:2d:64:5e:6c SSID 'EngN' due to wpa_bss_remove_oldest_unknown
09-17 19:03:36.121 D/wpa_supplicant( 1178): wlan0: BSS: Add new id 38805 BSSID e4:4e:2d:64:5e:60 SSID 'SWingS' freq 2412
09-17 19:03:36.121 D/wpa_supplicant( 1178): wlan0: BSS: Remove id 38608 BSSID e4:4e:2d:64:5e:6e SSID 'GuestNet' due to wpa_bss_remove_oldest_unknown
09-17 19:03:36.121 W/IE_Capabilities(  702): Unknown RSN cipher suite: 6ac0f00
09-17 19:03:36.121 D/wpa_supplicant( 1178): wlan0: BSS: Add new id 38806 BSSID 24:4b:fe:b6:b0:50 SSID 'Neu_vpn' freq 2412
09-17 19:03:36.121 D/wpa_supplicant( 1178): wlan0: BSS: Remove id 38609 BSSID e4:4e:2d:64:5e:6a SSID 'SWingCert-Enroll' due to wpa_bss_remove_oldest_unknown
09-17 19:03:36.121 D/wpa_supplicant( 1178): wlan0: BSS: Add new id 38807 BSSID 6e:b2:27:86:b8:4f SSID '' freq 5240
09-17 19:03:36.121 W/IE_Capabilities(  702): Unknown RSN cipher suite: 6ac0f00
09-17 19:03:36.121 D/wpa_supplicant( 1178): wlan0: BSS: Remove id 38610 BSSID e4:4e:2d:7b:a3:6a SSID 'SWingCert-Enroll' due to wpa_bss_remove_oldest_unknown
09-17 19:03:36.121 D/wpa_supplicant( 1178): wlan0: BSS: Add new id 38808 BSSID 1c:b1:7f:2e:09:0b SSID 'veri-video-5a' freq 5220
09-17 19:03:36.121 D/wpa_supplicant( 1178): wlan0: BSS: Remove id 38611 BSSID e4:4e:2d:7b:a3:6c SSID 'EngN' due to wpa_bss_remove_oldest_unknown
09-17 19:03:36.121 D/wpa_supplicant( 1178): wlan0: BSS: Add new id 38809 BSSID 1c:d1:e0:d5:75:04 SSID 'SWing' freq 2462
09-17 19:03:36.121 D/wpa_supplicant( 1178): wlan0: BSS: Remove id 38612 BSSID e4:4e:2d:7b:a3:6e SSID 'GuestNet' due to wpa_bss_remove_oldest_unknown
09-17 19:03:36.121 D/wpa_supplicant( 1178): wlan0: BSS: Add new id 38810 BSSID 1c:d1:e0:d5:75:02 SSID '' freq 2462
09-17 19:03:36.121 D/wpa_supplicant( 1178): wlan0: BSS: Remove id 38613 BSSID 1c:d1:e0:d5:75:0e SSID 'GuestNet' due to wpa_bss_remove_oldest_unknown
09-17 19:03:36.121 D/wpa_supplicant( 1178): wlan0: BSS: Add new id 38811 BSSID e4:4e:2d:7c:49:04 SSID 'SWing' freq 2412
09-17 19:03:36.121 D/wpa_supplicant( 1178): wlan0: BSS: Remove id 38614 BSSID 1c:d1:e0:d5:75:0c SSID 'EngN' due to wpa_bss_remove_oldest_unknown
09-17 19:03:36.121 D/wpa_supplicant( 1178): wlan0: BSS: Add new id 38812 BSSID e4:4e:2d:64:30:c0 SSID 'SWingS' freq 2437
09-17 19:03:36.121 D/wpa_supplicant( 1178): wlan0: BSS: Remove id 38615 BSSID 1c:d1:e0:d5:75:0a SSID 'SWingCert-Enroll' due to wpa_bss_remove_oldest_unknown
09-17 19:03:36.121 D/wpa_supplicant( 1178): wlan0: BSS: Add new id 38813 BSSID e4:4e:2d:7c:49:02 SSID '' freq 2412
09-17 19:03:36.121 D/wpa_supplicant( 1178): wlan0: BSS: Remove id 38616 BSSID e4:4e:2d:7c:49:0a SSID 'SWingCert-Enroll' due to wpa_bss_remove_oldest_unknown
09-17 19:03:36.121 D/wpa_supplicant( 1178): wlan0: BSS: Add new id 38814 BSSID e4:4e:2d:64:30:c4 SSID 'SWing' freq 2437
09-17 19:03:36.122 D/wpa_supplicant( 1178): wlan0: BSS: Remove id 38617 BSSID e4:4e:2d:7c:49:0c SSID 'EngN' due to wpa_bss_remove_oldest_unknown
09-17 19:03:36.122 D/wpa_supplicant( 1178): wlan0: BSS: Add new id 38815 BSSID e4:4e:2d:64:30:c2 SSID '' freq 2437
09-17 19:03:36.122 D/wpa_supplicant( 1178): wlan0: BSS: Remove id 38618 BSSID 1c:d1:e0:dc:8e:4a SSID 'SWingCert-Enroll' due to wpa_bss_remove_oldest_unknown
09-17 19:03:36.122 D/wpa_supplicant( 1178): wlan0: BSS: Add new id 38816 BSSID e4:4e:2d:a4:62:24 SSID 'SWing' freq 2462
09-17 19:03:36.122 D/wpa_supplicant( 1178): wlan0: BSS: Remove id 38619 BSSID e4:4e:2d:7c:28:8e SSID 'GuestNet' due to wpa_bss_remove_oldest_unknown
09-17 19:03:36.122 D/wpa_supplicant( 1178): wlan0: BSS: Add new id 38817 BSSID 6e:b2:27:b1:dc:f2 SSID '' freq 5700
09-17 19:03:36.122 D/wpa_supplicant( 1178): wlan0: BSS: Remove id 38620 BSSID e4:4e:2d:64:30:ce SSID 'GuestNet' due to wpa_bss_remove_oldest_unknown
09-17 19:03:36.122 D/wpa_supplicant( 1178): wlan0: BSS: Add new id 38818 BSSID 6e:b2:27:7a:0a:c7 SSID '' freq 5240
09-17 19:03:36.122 D/wpa_supplicant( 1178): wlan0: BSS: Remove id 38621 BSSID e4:4e:2d:64:30:ca SSID 'SWingCert-Enroll' due to wpa_bss_remove_oldest_unknown
09-17 19:03:36.122 D/wpa_supplicant( 1178): wlan0: BSS: Add new id 38819 BSSID 6e:b2:27:de:13:aa SSID '' freq 5300
09-17 19:03:36.122 D/wpa_supplicant( 1178): wlan0: BSS: Remove id 38622 BSSID e4:4e:2d:7b:bc:ac SSID 'EngN' due to wpa_bss_remove_oldest_unknown
09-17 19:03:36.122 D/wpa_supplicant( 1178): wlan0: BSS: Add new id 38820 BSSID 48:f8:b3:a5:e4:fe SSID 'Devlink_Linksys_2GHz' freq 2432
09-17 19:03:36.122 D/wpa_supplicant( 1178): wlan0: BSS: Remove id 38623 BSSID 1c:d1:e0:dc:8e:4e SSID 'GuestNet' due to wpa_bss_remove_oldest_unknown
09-17 19:03:36.122 D/wpa_supplicant( 1178): wlan0: BSS: Add new id 38821 BSSID 1c:b1:7f:e0:1d:3e SSID 'Aterm-WG1400HP_G' freq 2437
09-17 19:03:36.122 D/wpa_supplicant( 1178): wlan0: BSS: Remove id 38624 BSSID 1c:d1:e0:dc:8e:4c SSID 'EngN' due to wpa_bss_remove_oldest_unknown
09-17 19:03:36.122 D/wpa_supplicant( 1178): wlan0: BSS: Add new id 38822 BSSID 5a:52:8a:47:85:a2 SSID 'rs500m-47859f-2' freq 2412
09-17 19:03:36.122 D/wpa_supplicant( 1178): wlan0: BSS: Remove id 38625 BSSID e4:4e:2d:a4:62:2c SSID 'EngN' due to wpa_bss_remove_oldest_unknown
09-17 19:03:36.122 D/wpa_supplicant( 1178): wlan0: BSS: Add new id 38823 BSSID 34:3d:c4:f1:46:80 SSID 'Devlink-Buffalo1900-2G' freq 2452
09-17 19:03:36.122 D/wpa_supplicant( 1178): wlan0: BSS: Remove id 38626 BSSID e4:4e:2d:79:8e:4c SSID 'EngN' due to wpa_bss_remove_oldest_unknown
09-17 19:03:36.122 D/wpa_supplicant( 1178): wlan0: BSS: Add new id 38824 BSSID 58:52:8a:47:85:a2 SSID 'rs500m-47859f-1' freq 2412
09-17 19:03:36.122 D/wpa_supplicant( 1178): wlan0: BSS: Remove id 38627 BSSID e4:4e:2d:a4:3b:2c SSID 'EngN' due to wpa_bss_remove_oldest_unknown
09-17 19:03:36.123 D/wpa_supplicant( 1178): wlan0: BSS: Add new id 38825 BSSID 60:84:bd:9e:81:78 SSID 'Buffalo-G-8178' freq 2422
09-17 19:03:36.123 D/wpa_supplicant( 1178): wlan0: BSS: Remove id 38628 BSSID e4:4e:2d:79:8e:4e SSID 'GuestNet' due to wpa_bss_remove_oldest_unknown
09-17 19:03:36.123 D/wpa_supplicant( 1178): wlan0: BSS: Add new id 38826 BSSID 6c:e4:da:e2:f9:9a SSID 'DevlinkAterm2g' freq 2437
09-17 19:03:36.123 D/wpa_supplicant( 1178): wlan0: BSS: Remove id 38629 BSSID e4:4e:2d:a4:aa:ae SSID 'GuestNet' due to wpa_bss_remove_oldest_unknown
09-17 19:03:36.123 D/wpa_supplicant( 1178): wlan0: BSS: Add new id 38827 BSSID 60:84:bd:08:27:e8 SSID 'HyokaT-Free_Common' freq 2447
09-17 19:03:36.123 D/wpa_supplicant( 1178): wlan0: BSS: Remove id 38630 BSSID e4:4e:2d:a4:3b:2e SSID 'GuestNet' due to wpa_bss_remove_oldest_unknown
09-17 19:03:36.123 D/wpa_supplicant( 1178): wlan0: BSS: Add new id 38828 BSSID c0:25:a2:c9:2b:52 SSID 'devlink-aterm-wg1800hp2-2g' freq 2417
09-17 19:03:36.123 D/wpa_supplicant( 1178): wlan0: BSS: Remove id 38631 BSSID e4:4e:2d:7c:49:0e SSID 'GuestNet' due to wpa_bss_remove_oldest_unknown
09-17 19:03:36.123 D/wpa_supplicant( 1178): wlan0: BSS: Add new id 38829 BSSID 18:c2:bf:f3:2e:48 SSID 'HyokaT-Buffalo-A_2.4GHz' freq 2427
09-17 19:03:36.123 D/wpa_supplicant( 1178): wlan0: BSS: Remove id 38632 BSSID e4:4e:2d:64:30:cc SSID 'EngN' due to wpa_bss_remove_oldest_unknown
09-17 19:03:36.123 D/wpa_supplicant( 1178): wlan0: BSS: Add new id 38830 BSSID 08:10:86:a2:8f:9a SSID 'SPW_X11_d1ef0b' freq 2437
09-17 19:03:36.123 D/wpa_supplicant( 1178): wlan0: BSS: Remove id 38633 BSSID e4:4e:2d:a4:62:2e SSID 'GuestNet' due to wpa_bss_remove_oldest_unknown
09-17 19:03:36.123 W/IE_Capabilities(  702): Unknown RSN cipher suite: 6ac0f00
09-17 19:03:36.123 D/wpa_supplicant( 1178): wlan0: BSS: Add new id 38831 BSSID 74:03:bd:d2:43:d0 SSID 'DevlinkBT16F_Buffalo24' freq 2422
09-17 19:03:36.123 D/wpa_supplicant( 1178): wlan0: BSS: Remove id 38634 BSSID e4:4e:2d:7c:28:8c SSID 'EngN' due to wpa_bss_remove_oldest_unknown
09-17 19:03:36.123 D/wpa_supplicant( 1178): wlan0: BSS: Add new id 38832 BSSID 58:ef:68:ab:66:e3 SSID 'Linksys18401_2.4GHz' freq 2412
09-17 19:03:36.123 D/wpa_supplicant( 1178): wlan0: BSS: Remove id 38635 BSSID e4:4e:2d:7c:9c:ac SSID 'EngN' due to wpa_bss_remove_oldest_unknown
09-17 19:03:36.123 D/wpa_supplicant( 1178): wlan0: BSS: Add new id 38833 BSSID 08:10:86:0c:e0:52 SSID 'PerformanceWiFi-g' freq 2462
09-17 19:03:36.123 D/wpa_supplicant( 1178): wlan0: BSS: Remove id 38636 BSSID e4:4e:2d:7b:bc:ae SSID 'GuestNet' due to wpa_bss_remove_oldest_unknown
09-17 19:03:36.123 D/wpa_supplicant( 1178): wlan0: BSS: Add new id 38834 BSSID 80:22:a7:26:9c:66 SSID 'arch-16f-g' freq 2462
09-17 19:03:36.123 D/wpa_supplicant( 1178): wlan0: BSS: Remove id 38637 BSSID e4:4e:2d:a4:62:2a SSID 'SWingCert-Enroll' due to wpa_bss_remove_oldest_unknown
09-17 19:03:36.123 D/wpa_supplicant( 1178): wlan0: BSS: Add new id 38835 BSSID 98:f1:99:67:fa:52 SSID 'aterm-a07850-g' freq 2462
09-17 19:03:36.124 D/wpa_supplicant( 1178): wlan0: BSS: Remove id 38638 BSSID e4:4e:2d:a4:3b:2a SSID 'SWingCert-Enroll' due to wpa_bss_remove_oldest_unknown
09-17 19:03:36.124 D/wpa_supplicant( 1178): wlan0: BSS: Add new id 38836 BSSID 88:57:ee:2c:18:d6 SSID 'Buffalo-G-18D5' freq 2462
09-17 19:03:36.124 D/wpa_supplicant( 1178): wlan0: BSS: Remove id 38639 BSSID e4:4e:2d:64:5e:63 SSID 'EngN' due to wpa_bss_remove_oldest_unknown
09-17 19:03:36.124 D/wpa_supplicant( 1178): wlan0: BSS: Add new id 38837 BSSID 60:38:e0:55:f4:84 SSID 'HyokaT-Belkin_2.4GHz' freq 2457
09-17 19:03:36.124 D/wpa_supplicant( 1178): wlan0: BSS: Remove id 38640 BSSID 1c:d1:e0:d5:75:01 SSID 'GuestNet' due to wpa_bss_remove_oldest_unknown
09-17 19:03:36.124 D/wpa_supplicant( 1178): wlan0: BSS: Add new id 38838 BSSID b6:be:76:a0:3d:54 SSID '' freq 2452
09-17 19:03:36.124 D/wpa_supplicant( 1178): wlan0: BSS: Remove id 38641 BSSID 1c:d1:e0:d5:75:05 SSID 'SWingCert-Enroll' due to wpa_bss_remove_oldest_unknown
09-17 19:03:36.124 D/wpa_supplicant( 1178): wlan0: BSS: Add new id 38839 BSSID a6:12:42:87:dc:2c SSID 'pr500m-d83173-2' freq 2462
09-17 19:03:36.124 D/wpa_supplicant( 1178): wlan0: BSS: Remove id 38642 BSSID e4:4e:2d:64:5e:61 SSID 'GuestNet' due to wpa_bss_remove_oldest_unknown
09-17 19:03:36.124 D/wpa_supplicant( 1178): wlan0: BSS: Add new id 38840 BSSID 1a:ed:b9:42:c9:a0 SSID 'DIRECT-Df-BRAVIA' freq 2457
09-17 19:03:36.124 D/wpa_supplicant( 1178): wlan0: BSS: Remove id 38643 BSSID 1c:d1:e0:d5:75:03 SSID 'EngN' due to wpa_bss_remove_oldest_unknown
09-17 19:03:36.124 D/wpa_supplicant( 1178): wlan0: BSS: Add new id 38841 BSSID 34:97:f6:01:f4:c8 SSID 'PJINTEG-011-G-CTSRoom' freq 2462
09-17 19:03:36.124 D/wpa_supplicant( 1178): wlan0: BSS: Remove id 38644 BSSID e4:4e:2d:64:30:c1 SSID 'GuestNet' due to wpa_bss_remove_oldest_unknown
09-17 19:03:36.124 D/wpa_supplicant( 1178): wlan0: BSS: Add new id 38842 BSSID 74:03:bd:b9:c5:f0 SSID 'Buffalo-G-C5FE' freq 2427
09-17 19:03:36.124 D/wpa_supplicant( 1178): wlan0: BSS: Remove id 38645 BSSID 1c:d1:e0:dc:8e:41 SSID 'GuestNet' due to wpa_bss_remove_oldest_unknown
09-17 19:03:36.125 W/IE_Capabilities(  702): Unknown RSN cipher suite: 6ac0f00
09-17 19:03:36.125 W/IE_Capabilities(  702): Unknown RSN cipher suite: 6ac0f00
09-17 19:03:36.124 D/wpa_supplicant( 1178): wlan0: BSS: Add new id 38843 BSSID 84:af:ec:c1:df:38 SSID 'Neu_net' freq 2412
09-17 19:03:36.126 D/wpa_supplicant( 1178): wlan0: BSS: Remove id 38646 BSSID e4:4e:2d:64:30:c5 SSID 'SWingCert-Enroll' due to wpa_bss_remove_oldest_unknown
09-17 19:03:36.126 W/IE_Capabilities(  702): Unknown RSN cipher suite: 6ac0f00
09-17 19:03:36.127 D/wpa_supplicant( 1178): wlan0: BSS: Add new id 38844 BSSID 60:32:b1:21:cb:24 SSID 'TP-Link_CB24' freq 2437
09-17 19:03:36.127 D/wpa_supplicant( 1178): wlan0: BSS: Remove id 38647 BSSID e4:4e:2d:64:30:c3 SSID 'EngN' due to wpa_bss_remove_oldest_unknown
09-17 19:03:36.127 D/wpa_supplicant( 1178): wlan0: BSS: Add new id 38845 BSSID b0:be:76:a0:3d:54 SSID 'TP-Link_3D54' freq 2452
09-17 19:03:36.127 D/wpa_supplicant( 1178): wlan0: BSS: Remove id 38648 BSSID e4:4e:2d:a4:62:25 SSID 'SWingCert-Enroll' due to wpa_bss_remove_oldest_unknown
09-17 19:03:36.127 D/wpa_supplicant( 1178): wlan0: BSS: Add new id 38846 BSSID 00:90:fe:9a:18:e3 SSID 'elecom2g-9a18e4' freq 2442
09-17 19:03:36.127 W/IE_Capabilities(  702): Unknown RSN cipher suite: 6ac0f00
09-17 19:03:36.127 D/wpa_supplicant( 1178): wlan0: BSS: Remove id 38649 BSSID fa:8f:ca:93:35:a5 SSID 'HT-A9.l055,' due to wpa_bss_remove_oldest_unknown
09-17 19:03:36.127 D/wpa_supplicant( 1178): wlan0: BSS: Add new id 38847 BSSID c0:25:a2:7a:43:c6 SSID 'MIB-16F-P17W-g' freq 2412
09-17 19:03:36.127 D/wpa_supplicant( 1178): wlan0: BSS: Remove id 38650 BSSID fa:8f:ca:94:48:12 SSID 'STR-AN1000.h056,' due to wpa_bss_remove_oldest_unknown
09-17 19:03:36.127 D/wpa_supplicant( 1178): wlan0: BSS: Add new id 38848 BSSID e4:4e:2d:79:8e:4b SSID 'SWing' freq 5260
09-17 19:03:36.127 D/wpa_supplicant( 1178): wlan0: BSS: Remove id 38651 BSSID fa:8f:ca:7f:51:36 SSID 'JBL Bar 5.0_64A8.l041' due to wpa_bss_remove_oldest_unknown
09-17 19:03:36.127 D/wpa_supplicant( 1178): wlan0: BSS: Add new id 38849 BSSID a0:04:60:68:81:5f SSID 'HyokaT-Netgear_5GHz ' freq 5220
09-17 19:03:36.127 W/IE_Capabilities(  702): Unknown RSN cipher suite: 6ac0f00
09-17 19:03:36.127 D/wpa_supplicant( 1178): wlan0: BSS: Remove id 38652 BSSID fa:8f:ca:6b:56:e0 SSID 'HT-A7000.l054,' due to wpa_bss_remove_oldest_unknown
09-17 19:03:36.127 D/wpa_supplicant( 1178): wlan0: BSS: Add new id 38850 BSSID c4:3c:ea:6c:7b:93 SSID 'Buffalo-G-7B90-WPA3' freq 2412
09-17 19:03:36.127 D/wpa_supplicant( 1178): wlan0: BSS: Remove id 38653 BSSID 60:38:e0:55:f4:87 SSID 'belkin.484.guests' due to wpa_bss_remove_oldest_unknown
09-17 19:03:36.127 D/wpa_supplicant( 1178): wlan0: BSS: Add new id 38851 BSSID e4:4e:2d:a4:3b:2d SSID '' freq 5540
09-17 19:03:36.127 D/wpa_supplicant( 1178): wlan0: BSS: Remove id 38654 BSSID fa:8f:ca:5d:8c:39 SSID 'STR-AN1000.h056,' due to wpa_bss_remove_oldest_unknown
09-17 19:03:36.127 D/wpa_supplicant( 1178): wlan0: BSS: Add new id 38852 BSSID 6e:b2:27:ea:e1:0a SSID '' freq 5640
09-17 19:03:36.127 D/wpa_supplicant( 1178): wlan0: BSS: Remove id 38655 BSSID fa:8f:ca:88:e5:89 SSID 'HT-A3000.l074,' due to wpa_bss_remove_oldest_unknown
09-17 19:03:36.127 D/wpa_supplicant( 1178): wlan0: BSS: Add new id 38853 BSSID e4:4e:2d:7c:9c:af SSID 'SWingS' freq 5320
09-17 19:03:36.127 D/wpa_supplicant( 1178): wlan0: BSS: Remove id 38656 BSSID fa:8f:ca:90:67:e2 SSID 'HT-A3000.l074,' due to wpa_bss_remove_oldest_unknown
09-17 19:03:36.128 D/wpa_supplicant( 1178): wlan0: BSS: Add new id 38854 BSSID e4:4e:2d:7c:9c:ab SSID 'SWing' freq 5320
09-17 19:03:36.128 D/wpa_supplicant( 1178): wlan0: BSS: Remove id 38657 BSSID e4:4e:2d:7c:9c:aa SSID 'SWingCert-Enroll' due to wpa_bss_remove_oldest_unknown
09-17 19:03:36.128 D/wpa_supplicant( 1178): wlan0: BSS: Add new id 38855 BSSID e4:4e:2d:7c:9c:ad SSID '' freq 5320
09-17 19:03:36.128 D/wpa_supplicant( 1178): wlan0: BSS: Remove id 38658 BSSID e4:4e:2d:7c:28:8a SSID 'SWingCert-Enroll' due to wpa_bss_remove_oldest_unknown
09-17 19:03:36.128 D/wpa_supplicant( 1178): wlan0: BSS: Add new id 38856 BSSID 04:f0:21:59:e8:e4 SSID 'r3001390' freq 5240
09-17 19:03:36.128 D/wpa_supplicant( 1178): wlan0: BSS: Remove id 38659 BSSID e4:4e:2d:7c:9c:ae SSID 'GuestNet' due to wpa_bss_remove_oldest_unknown
09-17 19:03:36.128 D/wpa_supplicant( 1178): wlan0: BSS: Add new id 38857 BSSID 6e:b2:27:67:20:53 SSID 'SurroundMaster_69fafe' freq 5240
09-17 19:03:36.128 W/IE_Capabilities(  702): Unknown RSN cipher suite: 6ac0f00
09-17 19:03:36.128 D/wpa_supplicant( 1178): wlan0: BSS: Remove id 38660 BSSID e4:4e:2d:79:8e:4a SSID 'SWingCert-Enroll' due to wpa_bss_remove_oldest_unknown
09-17 19:03:36.128 D/wpa_supplicant( 1178): wlan0: BSS: Add new id 38858 BSSID 08:10:86:b2:7e:73 SSID 'app0-cert-nec-5G' freq 5180
09-17 19:03:36.128 D/wpa_supplicant( 1178): wlan0: BSS: Remove id 38661 BSSID e4:4e:2d:a4:55:4a SSID 'SWingCert-Enroll' due to wpa_bss_remove_oldest_unknown
09-17 19:03:36.128 D/wpa_supplicant( 1178): wlan0: BSS: Add new id 38859 BSSID e4:4e:2d:7b:bc:ad SSID '' freq 5660
09-17 19:03:36.128 D/wpa_supplicant( 1178): wlan0: BSS: Remove id 38662 BSSID e4:4e:2d:a4:55:4c SSID 'EngN' due to wpa_bss_remove_oldest_unknown
09-17 19:03:36.128 D/wpa_supplicant( 1178): wlan0: BSS: Add new id 38860 BSSID 1c:d1:e0:de:14:6f SSID 'SWingS' freq 5540
09-17 19:03:36.128 D/wpa_supplicant( 1178): wlan0: BSS: Remove id 38663 BSSID e4:4e:2d:a4:55:4e SSID 'GuestNet' due to wpa_bss_remove_oldest_unknown
09-17 19:03:36.128 D/wpa_supplicant( 1178): wlan0: BSS: Add new id 38861 BSSID 1c:d1:e0:de:14:6d SSID '' freq 5540
09-17 19:03:36.128 D/wpa_supplicant( 1178): wlan0: BSS: Remove id 38664 BSSID e4:4e:2d:7b:bc:aa SSID 'SWingCert-Enroll' due to wpa_bss_remove_oldest_unknown
09-17 19:03:36.129 D/wpa_supplicant( 1178): wlan0: BSS: Add new id 38862 BSSID e4:4e:2d:a4:55:4f SSID 'SWingS' freq 5680
09-17 19:03:36.130 D/wpa_supplicant( 1178): wlan0: BSS: Remove id 38665 BSSID 1c:d1:e0:de:14:6a SSID 'SWingCert-Enroll' due to wpa_bss_remove_oldest_unknown
09-17 19:03:36.130 D/wpa_supplicant( 1178): wlan0: BSS: Add new id 38863 BSSID e4:4e:2d:79:8e:4f SSID 'SWingS' freq 5260
09-17 19:03:36.130 D/wpa_supplicant( 1178): wlan0: BSS: Remove id 38666 BSSID 1c:d1:e0:de:14:6c SSID 'EngN' due to wpa_bss_remove_oldest_unknown
09-17 19:03:36.130 D/wpa_supplicant( 1178): wlan0: BSS: Add new id 38864 BSSID 4c:e6:76:fa:9c:e1 SSID 'PF_VPN_5GHz' freq 5520
09-17 19:03:36.130 D/wpa_supplicant( 1178): wlan0: BSS: Remove id 38667 BSSID e4:4e:2d:7d:82:2e SSID 'GuestNet' due to wpa_bss_remove_oldest_unknown
09-17 19:03:36.130 D/wpa_supplicant( 1178): wlan0: BSS: Add new id 38865 BSSID e4:4e:2d:79:8e:4d SSID '' freq 5260
09-17 19:03:36.130 D/wpa_supplicant( 1178): wlan0: BSS: Remove id 38668 BSSID e4:4e:2d:a4:aa:ac SSID 'EngN' due to wpa_bss_remove_oldest_unknown
09-17 19:03:36.130 D/wpa_supplicant( 1178): wlan0: BSS: Add new id 38866 BSSID e4:4e:2d:a4:55:4d SSID '' freq 5680
09-17 19:03:36.130 D/wpa_supplicant( 1178): wlan0: BSS: Remove id 38669 BSSID 1c:d1:e0:de:14:6e SSID 'GuestNet' due to wpa_bss_remove_oldest_unknown
09-17 19:03:36.130 D/wpa_supplicant( 1178): wlan0: BSS: Add new id 38867 BSSID e4:4e:2d:a4:55:4b SSID 'SWing' freq 5680
09-17 19:03:36.130 D/wpa_supplicant( 1178): wlan0: BSS: Remove id 38670 BSSID 1c:d1:e0:dc:46:8a SSID 'SWingCert-Enroll' due to wpa_bss_remove_oldest_unknown
09-17 19:03:36.130 D/wpa_supplicant( 1178): wlan0: BSS: Add new id 38868 BSSID 16:11:32:77:a5:e9 SSID '' freq 5200
09-17 19:03:36.130 D/wpa_supplicant( 1178): wlan0: BSS: Remove id 38671 BSSID 1c:d1:e0:dc:46:8e SSID 'GuestNet' due to wpa_bss_remove_oldest_unknown
09-17 19:03:36.130 D/wpa_supplicant( 1178): wlan0: BSS: Add new id 38869 BSSID 00:11:32:77:a5:e9 SSID 'hes-b2b-syno1' freq 5200
09-17 19:03:36.130 D/wpa_supplicant( 1178): wlan0: BSS: Remove id 38672 BSSID e4:4e:2d:7d:82:2c SSID 'EngN' due to wpa_bss_remove_oldest_unknown
09-17 19:03:36.130 D/wpa_supplicant( 1178): wlan0: BSS: Add new id 38870 BSSID 1c:d1:e0:dc:46:8b SSID 'SWing' freq 5680
09-17 19:03:36.130 D/wpa_supplicant( 1178): wlan0: BSS: Remove id 38673 BSSID e4:4e:2d:7c:06:2a SSID 'SWingCert-Enroll' due to wpa_bss_remove_oldest_unknown
09-17 19:03:36.130 D/wpa_supplicant( 1178): wlan0: BSS: Add new id 38871 BSSID 1c:d1:e0:dc:46:8d SSID '' freq 5680
09-17 19:03:36.130 D/wpa_supplicant( 1178): wlan0: BSS: Remove id 38674 BSSID e4:4e:2d:7c:06:2e SSID 'GuestNet' due to wpa_bss_remove_oldest_unknown
09-17 19:03:36.130 D/wpa_supplicant( 1178): wlan0: BSS: Add new id 38872 BSSID 1c:d1:e0:e0:ed:2f SSID 'SWingS' freq 5260
09-17 19:03:36.131 D/wpa_supplicant( 1178): wlan0: BSS: Remove id 38675 BSSID e4:4e:2d:7c:06:2c SSID 'EngN' due to wpa_bss_remove_oldest_unknown
09-17 19:03:36.131 D/wpa_supplicant( 1178): wlan0: BSS: Add new id 38873 BSSID e4:4e:2d:7d:82:2d SSID '' freq 5580
09-17 19:03:36.131 D/wpa_supplicant( 1178): wlan0: BSS: Remove id 38676 BSSID e4:4e:2d:7d:82:2a SSID 'SWingCert-Enroll' due to wpa_bss_remove_oldest_unknown
09-17 19:03:36.131 D/wpa_supplicant( 1178): wlan0: BSS: Add new id 38874 BSSID e4:4e:2d:a4:aa:ad SSID '' freq 5500
09-17 19:03:36.131 D/wpa_supplicant( 1178): wlan0: BSS: Remove id 38677 BSSID 1c:d1:e0:dc:46:8c SSID 'EngN' due to wpa_bss_remove_oldest_unknown
09-17 19:03:36.131 D/wpa_supplicant( 1178): wlan0: BSS: Add new id 38875 BSSID 04:ab:18:65:c1:d3 SSID '' freq 5180
09-17 19:03:36.131 D/wpa_supplicant( 1178): wlan0: BSS: Remove id 38678 BSSID e4:4e:2d:a4:aa:aa SSID 'SWingCert-Enroll' due to wpa_bss_remove_oldest_unknown
09-17 19:03:36.131 D/wpa_supplicant( 1178): wlan0: BSS: Add new id 38876 BSSID e4:4e:2d:7c:06:2d SSID '' freq 5580
09-17 19:03:36.131 D/wpa_supplicant( 1178): wlan0: BSS: Remove id 38679 BSSID 1c:d1:e0:e0:ed:2c SSID 'EngN' due to wpa_bss_remove_oldest_unknown
09-17 19:03:36.131 D/wpa_supplicant( 1178): wlan0: BSS: Add new id 38877 BSSID e4:4e:2d:a4:aa:ab SSID 'SWing' freq 5500
09-17 19:03:36.131 D/wpa_supplicant( 1178): wlan0: BSS: Remove id 38680 BSSID 1c:d1:e0:e0:ed:2e SSID 'GuestNet' due to wpa_bss_remove_oldest_unknown
09-17 19:03:36.131 D/wpa_supplicant( 1178): wlan0: BSS: Add new id 38878 BSSID e4:4e:2d:7d:82:2b SSID 'SWing' freq 5580
09-17 19:03:36.131 D/wpa_supplicant( 1178): wlan0: BSS: Remove id 38681 BSSID e4:4e:2d:76:f2:4a SSID 'SWingCert-Enroll' due to wpa_bss_remove_oldest_unknown
09-17 19:03:36.132 D/wpa_supplicant( 1178): wlan0: BSS: Add new id 38879 BSSID e4:4e:2d:7d:82:2f SSID 'SWingS' freq 5580
09-17 19:03:36.132 D/wpa_supplicant( 1178): wlan0: BSS: Remove id 38682 BSSID 12:09:b4:71:0a:ac SSID 'SWS1day' due to wpa_bss_remove_oldest_unknown
09-17 19:03:36.132 D/wpa_supplicant( 1178): wlan0: BSS: Add new id 38880 BSSID 08:10:86:c9:28:8b SSID 'aterm-61cef3-a' freq 5320
09-17 19:03:36.132 D/wpa_supplicant( 1178): wlan0: BSS: Remove id 38683 BSSID e4:4e:2d:76:f2:4e SSID 'GuestNet' due to wpa_bss_remove_oldest_unknown
09-17 19:03:36.132 D/wpa_supplicant( 1178): wlan0: BSS: Add new id 38881 BSSID 6e:b2:27:5c:05:7a SSID '' freq 5700
09-17 19:03:36.132 D/wpa_supplicant( 1178): wlan0: BSS: Remove id 38684 BSSID 1c:d1:e0:e0:ed:2a SSID 'SWingCert-Enroll' due to wpa_bss_remove_oldest_unknown
09-17 19:03:36.132 D/wpa_supplicant( 1178): wlan0: BSS: Add new id 38882 BSSID e4:4e:2d:a4:aa:af SSID 'SWingS' freq 5500
09-17 19:03:36.132 D/wpa_supplicant( 1178): wlan0: BSS: Remove id 38685 BSSID e4:4e:2d:76:f2:4c SSID 'EngN' due to wpa_bss_remove_oldest_unknown
09-17 19:03:36.132 D/wpa_supplicant( 1178): wlan0: BSS: Add new id 38883 BSSID e4:4e:2d:7c:06:2b SSID 'SWing' freq 5580
09-17 19:03:36.132 D/wpa_supplicant( 1178): wlan0: BSS: Remove id 38686 BSSID 22:09:b4:71:0a:ac SSID '.FREE_Wi-Fi_PASSPORT' due to wpa_bss_remove_oldest_unknown
09-17 19:03:36.132 D/wpa_supplicant( 1178): wlan0: BSS: Add new id 38884 BSSID e4:4e:2d:7c:06:2f SSID 'SWingS' freq 5580
09-17 19:03:36.132 D/wpa_supplicant( 1178): wlan0: BSS: Remove id 38687 BSSID 84:e8:cb:5e:3a:21 SSID 'BF_AP29_6_192bit' due to wpa_bss_remove_oldest_unknown
09-17 19:03:36.132 D/wpa_supplicant( 1178): wlan0: BSS: Add new id 38885 BSSID 1c:d1:e0:e0:ed:2b SSID 'SWing' freq 5260
09-17 19:03:36.132 D/wpa_supplicant( 1178): wlan0: BSS: Remove id 38688 BSSID 3c:52:a1:54:20:32 SSID 'TP-Link_PFM1' due to wpa_bss_remove_oldest_unknown
09-17 19:03:36.132 D/wpa_supplicant( 1178): wlan0: BSS: Add new id 38886 BSSID e4:4e:2d:76:f2:4b SSID 'SWing' freq 5680
09-17 19:03:36.132 D/wpa_supplicant( 1178): wlan0: BSS: Remove id 38689 BSSID 3e:52:a1:74:20:33 SSID '' due to wpa_bss_remove_oldest_unknown
09-17 19:03:36.132 D/wpa_supplicant( 1178): wlan0: BSS: Add new id 38887 BSSID 1c:d1:e0:e0:ed:2d SSID '' freq 5260
09-17 19:03:36.132 D/wpa_supplicant( 1178): wlan0: BSS: Remove id 38690 BSSID 84:e8:cb:5e:3a:11 SSID '' due to wpa_bss_remove_oldest_unknown
