09-17 19:04:58.668 D/wpa_supplicant( 1178): wlan0: BSS: Add new id 41759 BSSID 1a:ed:b9:42:c9:a0 SSID 'DIRECT-Df-BRAVIA' freq 2457
09-17 19:04:58.668 D/wpa_supplicant( 1178): wlan0: BSS: Remove id 41562 BSSID fa:8f:ca:90:67:e2 SSID 'HT-A3000.l074,' due to wpa_bss_remove_oldest_unknown
09-17 19:04:58.669 D/wpa_supplicant( 1178): wlan0: BSS: Add new id 41760 BSSID 34:3d:c4:1e:98:67 SSID 'Buffalo-G-9866' freq 2412
09-17 19:04:58.669 D/wpa_supplicant( 1178): wlan0: BSS: Remove id 41563 BSSID fa:8f:ca:88:e5:89 SSID 'HT-A3000.l074,' due to wpa_bss_remove_oldest_unknown
09-17 19:04:58.669 D/wpa_supplicant( 1178): wlan0: BSS: Add new id 41761 BSSID b0:c7:45:d5:df:fc SSID 'Buffalo-G-DFFC' freq 2422
09-17 19:04:58.669 D/wpa_supplicant( 1178): wlan0: BSS: Remove id 41564 BSSID e4:4e:2d:a4:3b:2a SSID 'SWingCert-Enroll' due to wpa_bss_remove_oldest_unknown
09-17 19:04:58.669 D/wpa_supplicant( 1178): wlan0: BSS: Add new id 41762 BSSID cc:e1:d5:77:c6:d0 SSID 'Buffalo-G-C6D0' freq 2412
09-17 19:04:58.669 D/wpa_supplicant( 1178): wlan0: BSS: Remove id 41565 BSSID e4:4e:2d:7c:9c:ae SSID 'GuestNet' due to wpa_bss_remove_oldest_unknown
09-17 19:04:58.669 D/wpa_supplicant( 1178): wlan0: BSS: Add new id 41763 BSSID 1c:b1:7f:2e:09:0a SSID 'veri-video-24g' freq 2412
09-17 19:04:58.669 D/wpa_supplicant( 1178): wlan0: BSS: Remove id 41566 BSSID e4:4e:2d:a4:62:25 SSID 'SWingCert-Enroll' due to wpa_bss_remove_oldest_unknown
09-17 19:04:58.669 D/wpa_supplicant( 1178): wlan0: BSS: Add new id 41764 BSSID e4:4e:2d:a4:3b:2f SSID 'SWingS' freq 5540
09-17 19:04:58.669 D/wpa_supplicant( 1178): wlan0: BSS: Remove id 41567 BSSID e4:4e:2d:7c:9c:ac SSID 'EngN' due to wpa_bss_remove_oldest_unknown
09-17 19:04:58.669 D/wpa_supplicant( 1178): wlan0: BSS: Add new id 41765 BSSID 6e:b2:27:67:20:53 SSID 'SurroundMaster_69fafe' freq 5240
09-17 19:04:58.669 D/wpa_supplicant( 1178): wlan0: BSS: Remove id 41568 BSSID e4:4e:2d:7c:9c:aa SSID 'SWingCert-Enroll' due to wpa_bss_remove_oldest_unknown
09-17 19:04:58.669 D/wpa_supplicant( 1178): wlan0: BSS: Add new id 41766 BSSID e4:4e:2d:7c:9c:af SSID 'SWingS' freq 5320
09-17 19:04:58.669 D/wpa_supplicant( 1178): wlan0: BSS: Remove id 41569 BSSID e4:4e:2d:7c:28:8a SSID 'SWingCert-Enroll' due to wpa_bss_remove_oldest_unknown
09-17 19:04:58.669 D/wpa_supplicant( 1178): wlan0: BSS: Add new id 41767 BSSID e4:4e:2d:7c:9c:ab SSID 'SWing' freq 5320
09-17 19:04:58.669 D/wpa_supplicant( 1178): wlan0: BSS: Remove id 41570 BSSID e4:4e:2d:a4:55:4a SSID 'SWingCert-Enroll' due to wpa_bss_remove_oldest_unknown
09-17 19:04:58.669 D/wpa_supplicant( 1178): wlan0: BSS: Add new id 41768 BSSID e4:4e:2d:7c:9c:ad SSID '' freq 5320
09-17 19:04:58.670 D/wpa_supplicant( 1178): wlan0: BSS: Remove id 41571 BSSID e4:4e:2d:a4:55:4c SSID 'EngN' due to wpa_bss_remove_oldest_unknown
09-17 19:04:58.670 D/wpa_supplicant( 1178): wlan0: BSS: Add new id 41769 BSSID e4:4e:2d:7c:9c:a2 SSID '' freq 2437
09-17 19:04:58.670 D/wpa_supplicant( 1178): wlan0: BSS: Remove id 41572 BSSID e4:4e:2d:79:8e:4e SSID 'GuestNet' due to wpa_bss_remove_oldest_unknown
09-17 19:04:58.670 D/wpa_supplicant( 1178): wlan0: BSS: Add new id 41770 BSSID 4c:e6:76:fa:9c:e1 SSID 'PF_VPN_5GHz' freq 5520
09-17 19:04:58.670 D/wpa_supplicant( 1178): wlan0: BSS: Remove id 41573 BSSID e4:4e:2d:79:8e:4c SSID 'EngN' due to wpa_bss_remove_oldest_unknown
09-17 19:04:58.670 D/wpa_supplicant( 1178): wlan0: BSS: Add new id 41771 BSSID 1c:d1:e0:de:14:6b SSID 'SWing' freq 5540
09-17 19:04:58.670 D/wpa_supplicant( 1178): wlan0: BSS: Remove id 41574 BSSID e4:4e:2d:7b:bc:ac SSID 'EngN' due to wpa_bss_remove_oldest_unknown
09-17 19:04:58.670 D/wpa_supplicant( 1178): wlan0: BSS: Add new id 41772 BSSID 04:f0:21:59:e8:e4 SSID 'r3001390' freq 5240
09-17 19:04:58.670 D/wpa_supplicant( 1178): wlan0: BSS: Remove id 41575 BSSID 1c:d1:e0:de:14:6e SSID 'GuestNet' due to wpa_bss_remove_oldest_unknown
09-17 19:04:58.670 D/wpa_supplicant( 1178): wlan0: BSS: Add new id 41773 BSSID e4:4e:2d:7d:82:2d SSID '' freq 5580
09-17 19:04:58.670 D/wpa_supplicant( 1178): wlan0: BSS: Remove id 41576 BSSID 1c:d1:e0:de:14:6a SSID 'SWingCert-Enroll' due to wpa_bss_remove_oldest_unknown
09-17 19:04:58.670 D/wpa_supplicant( 1178): wlan0: BSS: Add new id 41774 BSSID 1c:d1:e0:dc:46:8d SSID '' freq 5680
09-17 19:04:58.670 D/wpa_supplicant( 1178): wlan0: BSS: Remove id 41577 BSSID e4:4e:2d:7b:bc:aa SSID 'SWingCert-Enroll' due to wpa_bss_remove_oldest_unknown
09-17 19:04:58.670 D/wpa_supplicant( 1178): wlan0: BSS: Add new id 41775 BSSID e4:4e:2d:7d:82:2f SSID 'SWingS' freq 5580
09-17 19:04:58.670 D/wpa_supplicant( 1178): wlan0: BSS: Remove id 41578 BSSID e4:4e:2d:79:8e:4a SSID 'SWingCert-Enroll' due to wpa_bss_remove_oldest_unknown
09-17 19:04:58.670 D/wpa_supplicant( 1178): wlan0: BSS: Add new id 41776 BSSID e4:4e:2d:a4:aa:ab SSID 'SWing' freq 5500
09-17 19:04:58.670 D/wpa_supplicant( 1178): wlan0: BSS: Remove id 41579 BSSID e4:4e:2d:a4:aa:aa SSID 'SWingCert-Enroll' due to wpa_bss_remove_oldest_unknown
09-17 19:04:58.670 D/wpa_supplicant( 1178): wlan0: BSS: Add new id 41777 BSSID 00:11:32:77:a5:e9 SSID 'hes-b2b-syno1' freq 5200
09-17 19:04:58.670 D/wpa_supplicant( 1178): wlan0: BSS: Remove id 41580 BSSID e4:4e:2d:a4:aa:ae SSID 'GuestNet' due to wpa_bss_remove_oldest_unknown
09-17 19:04:58.670 D/wpa_supplicant( 1178): wlan0: BSS: Add new id 41778 BSSID e4:4e:2d:7c:06:2b SSID 'SWing' freq 5580
09-17 19:04:58.671 D/wpa_supplicant( 1178): wlan0: BSS: Remove id 41581 BSSID 1c:d1:e0:dc:46:8e SSID 'GuestNet' due to wpa_bss_remove_oldest_unknown
09-17 19:04:58.671 D/wpa_supplicant( 1178): wlan0: BSS: Add new id 41779 BSSID 1c:d1:e0:dc:46:8b SSID 'SWing' freq 5680
09-17 19:04:58.671 D/wpa_supplicant( 1178): wlan0: BSS: Remove id 41582 BSSID e4:4e:2d:7d:82:2a SSID 'SWingCert-Enroll' due to wpa_bss_remove_oldest_unknown
09-17 19:04:58.671 D/wpa_supplicant( 1178): wlan0: BSS: Add new id 41780 BSSID e4:4e:2d:7c:06:2d SSID '' freq 5580
09-17 19:04:58.671 D/wpa_supplicant( 1178): wlan0: BSS: Remove id 41583 BSSID 1c:d1:e0:dc:46:8a SSID 'SWingCert-Enroll' due to wpa_bss_remove_oldest_unknown
09-17 19:04:58.671 D/wpa_supplicant( 1178): wlan0: BSS: Add new id 41781 BSSID e4:4e:2d:a4:aa:ad SSID '' freq 5500
09-17 19:04:58.671 D/wpa_supplicant( 1178): wlan0: BSS: Remove id 41584 BSSID e4:4e:2d:7d:82:2c SSID 'EngN' due to wpa_bss_remove_oldest_unknown
09-17 19:04:58.671 D/wpa_supplicant( 1178): wlan0: BSS: Add new id 41782 BSSID e4:4e:2d:a4:aa:af SSID 'SWingS' freq 5500
09-17 19:04:58.671 W/IE_Capabilities(  702): Unknown RSN cipher suite: 6ac0f00
09-17 19:04:58.671 D/wpa_supplicant( 1178): wlan0: BSS: Remove id 41585 BSSID 1c:d1:e0:dc:46:8c SSID 'EngN' due to wpa_bss_remove_oldest_unknown
09-17 19:04:58.671 D/wpa_supplicant( 1178): wlan0: BSS: Add new id 41783 BSSID e4:4e:2d:7c:06:2f SSID 'SWingS' freq 5580
09-17 19:04:58.671 D/wpa_supplicant( 1178): wlan0: BSS: Remove id 41586 BSSID e4:4e:2d:7c:06:2c SSID 'EngN' due to wpa_bss_remove_oldest_unknown
09-17 19:04:58.671 D/wpa_supplicant( 1178): wlan0: BSS: Add new id 41784 BSSID 1c:d1:e0:e0:ed:2f SSID 'SWingS' freq 5260
09-17 19:04:58.671 W/IE_Capabilities(  702): Unknown RSN cipher suite: 6ac0f00
09-17 19:04:58.671 D/wpa_supplicant( 1178): wlan0: BSS: Remove id 41587 BSSID e4:4e:2d:7d:82:2e SSID 'GuestNet' due to wpa_bss_remove_oldest_unknown
09-17 19:04:58.671 D/wpa_supplicant( 1178): wlan0: BSS: Add new id 41785 BSSID 6e:b2:27:5c:05:7a SSID '' freq 5700
09-17 19:04:58.671 D/wpa_supplicant( 1178): wlan0: BSS: Remove id 41588 BSSID e4:4e:2d:7c:06:2e SSID 'GuestNet' due to wpa_bss_remove_oldest_unknown
09-17 19:04:58.671 D/wpa_supplicant( 1178): wlan0: BSS: Add new id 41786 BSSID 1c:d1:e0:e0:ed:2d SSID '' freq 5260
09-17 19:04:58.671 D/wpa_supplicant( 1178): wlan0: BSS: Remove id 41589 BSSID e4:4e:2d:7c:06:2a SSID 'SWingCert-Enroll' due to wpa_bss_remove_oldest_unknown
09-17 19:04:58.672 D/wpa_supplicant( 1178): wlan0: BSS: Add new id 41787 BSSID 1c:d1:e0:e0:ed:2b SSID 'SWing' freq 5260
09-17 19:04:58.672 D/wpa_supplicant( 1178): wlan0: BSS: Remove id 41590 BSSID 1c:d1:e0:e0:ed:2c SSID 'EngN' due to wpa_bss_remove_oldest_unknown
09-17 19:04:58.672 D/wpa_supplicant( 1178): wlan0: BSS: Add new id 41788 BSSID 04:ab:18:65:c1:d3 SSID '' freq 5180
09-17 19:04:58.672 D/wpa_supplicant( 1178): wlan0: BSS: Remove id 41591 BSSID 1c:d1:e0:e0:ed:2a SSID 'SWingCert-Enroll' due to wpa_bss_remove_oldest_unknown
09-17 19:04:58.672 D/wpa_supplicant( 1178): wlan0: BSS: Add new id 41789 BSSID 1c:3a:60:68:9f:ad SSID '' freq 5560
09-17 19:04:58.672 D/wpa_supplicant( 1178): wlan0: BSS: Remove id 41592 BSSID 1c:d1:e0:e0:ed:2e SSID 'GuestNet' due to wpa_bss_remove_oldest_unknown
09-17 19:04:58.672 D/wpa_supplicant( 1178): wlan0: BSS: Add new id 41790 BSSID e4:4e:2d:76:f2:4b SSID 'SWing' freq 5680
09-17 19:04:58.672 D/wpa_supplicant( 1178): wlan0: BSS: Remove id 41593 BSSID e4:4e:2d:76:f2:4e SSID 'GuestNet' due to wpa_bss_remove_oldest_unknown
09-17 19:04:58.672 D/wpa_supplicant( 1178): wlan0: BSS: Add new id 41791 BSSID e4:4e:2d:76:f2:4f SSID 'SWingS' freq 5680
09-17 19:04:58.672 D/wpa_supplicant( 1178): wlan0: BSS: Remove id 41594 BSSID e4:4e:2d:76:f2:4c SSID 'EngN' due to wpa_bss_remove_oldest_unknown
09-17 19:04:58.672 D/wpa_supplicant( 1178): wlan0: BSS: Add new id 41792 BSSID 1c:3a:60:e8:9f:ac SSID '' freq 5560
09-17 19:04:58.672 D/wpa_supplicant( 1178): wlan0: BSS: Remove id 41595 BSSID e4:4e:2d:76:f2:4a SSID 'SWingCert-Enroll' due to wpa_bss_remove_oldest_unknown
09-17 19:04:58.672 D/wpa_supplicant( 1178): wlan0: BSS: Add new id 41793 BSSID 1c:3a:60:a8:9f:ad SSID '' freq 5560
09-17 19:04:58.672 D/wpa_supplicant( 1178): wlan0: BSS: Remove id 41596 BSSID 12:09:b4:71:0a:ac SSID 'SWS1day' due to wpa_bss_remove_oldest_unknown
09-17 19:04:58.672 D/wpa_supplicant( 1178): wlan0: BSS: Add new id 41794 BSSID 1c:3a:60:68:9f:ac SSID '' freq 5560
09-17 19:04:58.672 D/wpa_supplicant( 1178): wlan0: BSS: Remove id 41597 BSSID 84:e8:cb:5e:3a:21 SSID 'BF_AP29_6_192bit' due to wpa_bss_remove_oldest_unknown
09-17 19:04:58.672 D/wpa_supplicant( 1178): wlan0: BSS: Add new id 41795 BSSID 1c:3a:60:a8:9f:ac SSID '' freq 5560
09-17 19:04:58.672 D/wpa_supplicant( 1178): wlan0: BSS: Remove id 41598 BSSID 3e:52:a1:74:20:33 SSID '' due to wpa_bss_remove_oldest_unknown
09-17 19:04:58.672 D/wpa_supplicant( 1178): wlan0: BSS: Add new id 41796 BSSID e4:4e:2d:76:f2:4d SSID '' freq 5680
09-17 19:04:58.672 D/wpa_supplicant( 1178): wlan0: BSS: Remove id 41599 BSSID 84:e8:cb:5e:3a:11 SSID '' due to wpa_bss_remove_oldest_unknown
09-17 19:04:58.672 D/wpa_supplicant( 1178): wlan0: BSS: Add new id 41797 BSSID 00:09:b4:71:0a:ac SSID '0000softbank' freq 5700
09-17 19:04:58.673 W/IE_Capabilities(  702): Unknown RSN cipher suite: 6ac0f00
09-17 19:04:58.673 D/wpa_supplicant( 1178): wlan0: BSS: Remove id 41600 BSSID 3c:52:a1:54:20:32 SSID 'TP-Link_PFM1' due to wpa_bss_remove_oldest_unknown
09-17 19:04:58.673 D/wpa_supplicant( 1178): wlan0: BSS: Add new id 41798 BSSID 02:09:b4:71:0a:ac SSID '0002softbank' freq 5700
09-17 19:04:58.673 D/wpa_supplicant( 1178): wlan0: BSS: Remove id 41601 BSSID bc:fc:e7:22:2c:ed SSID 'BDDE261C63DA4B894A6B9214B6BE23D2' due to wpa_bss_remove_oldest_unknown
09-17 19:04:58.673 D/wpa_supplicant( 1178): wlan0: BSS: Add new id 41799 BSSID 68:e1:dc:a9:f6:28 SSID '' freq 5260
09-17 19:04:58.674 D/wpa_supplicant( 1178): wlan0: BSS: Remove id 41602 BSSID be:fc:e7:32:2c:ed SSID 'AS_5' due to wpa_bss_remove_oldest_unknown
09-17 19:04:58.674 W/IE_Capabilities(  702): Unknown RSN cipher suite: 6ac0f00
09-17 19:04:58.674 D/wpa_supplicant( 1178): wlan0: BSS: Add new id 41800 BSSID 1c:3a:60:28:9f:ac SSID '' freq 5560
09-17 19:04:58.674 D/wpa_supplicant( 1178): wlan0: BSS: Remove id 41603 BSSID 3a:97:a4:64:cb:56 SSID 'elecom-s-64cb54' due to wpa_bss_remove_oldest_unknown
09-17 19:04:58.674 D/wpa_supplicant( 1178): wlan0: BSS: Add new id 41801 BSSID 34:98:b5:db:aa:42 SSID 'RXE500_5G' freq 5180
09-17 19:04:58.674 D/wpa_supplicant( 1178): wlan0: BSS: Remove id 41604 BSSID 50:eb:f6:02:ea:84 SSID 'ASUS_80' due to wpa_bss_remove_oldest_unknown
09-17 19:04:58.674 D/wpa_supplicant( 1178): wlan0: BSS: Add new id 41802 BSSID 1e:b1:7f:2e:09:0b SSID 'aterm-8e5749-aw' freq 5220
09-17 19:04:58.674 D/wpa_supplicant( 1178): wlan0: BSS: Remove id 41605 BSSID d4:2c:46:c9:c9:12 SSID 'BaseApp-16F-5G' due to wpa_bss_remove_oldest_unknown
09-17 19:04:58.674 D/wpa_supplicant( 1178): wlan0: BSS: Add new id 41803 BSSID 2e:b1:7f:e0:1d:3e SSID 'Aterm-WG1400HP_GW' freq 2437
09-17 19:04:58.674 W/IE_Capabilities(  702): Unknown RSN cipher suite: 6ac0f00
09-17 19:04:58.674 D/wpa_supplicant( 1178): wlan0: BSS: Remove id 41606 BSSID 96:46:8d:38:ec:90 SSID '' due to wpa_bss_remove_oldest_unknown
09-17 19:04:58.674 D/wpa_supplicant( 1178): wlan0: BSS: Add new id 41804 BSSID d2:25:a2:c9:2b:52 SSID '\x00\x00\x00\x00\x00\x00\x00\x00\x00\x00\x00\x00\x00\x00\x00' freq 2417
09-17 19:04:58.674 D/wpa_supplicant( 1178): wlan0: BSS: Remove id 41607 BSSID 38:97:a4:64:cb:56 SSID 'elecom-64cb54' due to wpa_bss_remove_oldest_unknown
09-17 19:04:58.674 D/wpa_supplicant( 1178): wlan0: BSS: Add new id 41805 BSSID 62:45:b9:30:b8:a2 SSID '' freq 5200
09-17 19:04:58.674 D/wpa_supplicant( 1178): wlan0: BSS: Remove id 41608 BSSID aa:46:8d:38:ec:90 SSID 'sys2_performance' due to wpa_bss_remove_oldest_unknown
09-17 19:04:58.674 D/wpa_supplicant( 1178): wlan0: BSS: Add new id 41806 BSSID 62:45:b9:32:53:f4 SSID '' freq 2412
09-17 19:04:58.674 D/wpa_supplicant( 1178): wlan0: BSS: Remove id 41609 BSSID 50:eb:f6:a9:3b:ec SSID 'ASUS_ber7_5G' due to wpa_bss_remove_oldest_unknown
09-17 19:04:58.674 D/wpa_supplicant( 1178): wlan0: BSS: Add new id 41807 BSSID 62:45:b9:18:8e:b9 SSID '' freq 5240
09-17 19:04:58.674 D/wpa_supplicant( 1178): wlan0: BSS: Remove id 41610 BSSID 24:4b:fe:d1:4b:64 SSID 'ASUS-A-0316f' due to wpa_bss_remove_oldest_unknown
09-17 19:04:58.674 D/wpa_supplicant( 1178): wlan0: BSS: Add new id 41808 BSSID 62:45:b8:d9:bb:e9 SSID '' freq 5220
09-17 19:04:58.674 D/wpa_supplicant( 1178): wlan0: BSS: Remove id 41611 BSSID 24:4b:fe:b6:b0:54 SSID 'Neu_vpn' due to wpa_bss_remove_oldest_unknown
09-17 19:04:58.674 D/wpa_supplicant( 1178): wlan0: BSS: Add new id 41809 BSSID e4:4e:2d:64:5e:6e SSID 'GuestNet' freq 5500
09-17 19:04:58.674 D/wpa_supplicant( 1178): wlan0: BSS: Remove id 41612 BSSID e4:4e:2d:7b:a3:6f SSID 'SWingS' due to wpa_bss_remove_oldest_unknown
09-17 19:04:58.674 D/wpa_supplicant( 1178): wlan0: BSS: Add new id 41810 BSSID e4:4e:2d:64:5e:6c SSID 'EngN' freq 5500
09-17 19:04:58.674 D/wpa_supplicant( 1178): wlan0: BSS: Remove id 41613 BSSID e4:4e:2d:64:5e:6b SSID 'SWing' due to wpa_bss_remove_oldest_unknown
09-17 19:04:58.674 D/wpa_supplicant( 1178): wlan0: BSS: Add new id 41811 BSSID e4:4e:2d:64:5e:6a SSID 'SWingCert-Enroll' freq 5500
09-17 19:04:58.674 D/wpa_supplicant( 1178): wlan0: BSS: Remove id 41614 BSSID e4:4e:2d:64:5e:6d SSID '' due to wpa_bss_remove_oldest_unknown
09-17 19:04:58.674 W/IE_Capabilities(  702): Unknown RSN cipher suite: 6ac0f00
09-17 19:04:58.675 D/wpa_supplicant( 1178): wlan0: BSS: Add new id 41812 BSSID e4:4e:2d:7b:a3:6e SSID 'GuestNet' freq 5260
09-17 19:04:58.675 D/wpa_supplicant( 1178): wlan0: BSS: Remove id 41615 BSSID e4:4e:2d:64:5e:6f SSID 'SWingS' due to wpa_bss_remove_oldest_unknown
09-17 19:04:58.675 D/wpa_supplicant( 1178): wlan0: BSS: Add new id 41813 BSSID e4:4e:2d:7b:a3:6a SSID 'SWingCert-Enroll' freq 5260
09-17 19:04:58.675 D/wpa_supplicant( 1178): wlan0: BSS: Remove id 41616 BSSID e4:4e:2d:7b:a3:6d SSID '' due to wpa_bss_remove_oldest_unknown
09-17 19:04:58.675 D/wpa_supplicant( 1178): wlan0: BSS: Add new id 41814 BSSID e4:4e:2d:7b:a3:6c SSID 'EngN' freq 5260
09-17 19:04:58.675 D/wpa_supplicant( 1178): wlan0: BSS: Remove id 41617 BSSID 1c:b1:7f:e0:1d:3f SSID 'Aterm-WG1400HP_A' due to wpa_bss_remove_oldest_unknown
09-17 19:04:58.675 D/wpa_supplicant( 1178): wlan0: BSS: Add new id 41815 BSSID 1c:d1:e0:d5:75:0e SSID 'GuestNet' freq 5580
09-17 19:04:58.675 D/wpa_supplicant( 1178): wlan0: BSS: Remove id 41618 BSSID ec:1a:59:5c:7b:f8 SSID 'IPv6_dual_5GHz' due to wpa_bss_remove_oldest_unknown
09-17 19:04:58.675 D/wpa_supplicant( 1178): wlan0: BSS: Add new id 41816 BSSID 1c:d1:e0:d5:75:0a SSID 'SWingCert-Enroll' freq 5580
09-17 19:04:58.675 D/wpa_supplicant( 1178): wlan0: BSS: Remove id 41619 BSSID 58:ef:68:ab:66:e4 SSID 'Linksys18401_5Ghz' due to wpa_bss_remove_oldest_unknown
09-17 19:04:58.675 D/wpa_supplicant( 1178): wlan0: BSS: Add new id 41817 BSSID 1c:d1:e0:dc:8e:4a SSID 'SWingCert-Enroll' freq 5580
09-17 19:04:58.675 D/wpa_supplicant( 1178): wlan0: BSS: Remove id 41620 BSSID 58:52:8a:47:85:a1 SSID 'rs500m-47859f-3' due to wpa_bss_remove_oldest_unknown
09-17 19:04:58.675 D/wpa_supplicant( 1178): wlan0: BSS: Add new id 41818 BSSID e4:4e:2d:a4:62:2e SSID 'GuestNet' freq 5560
09-17 19:04:58.675 D/wpa_supplicant( 1178): wlan0: BSS: Remove id 41621 BSSID 6c:e4:da:e2:f9:9b SSID 'DevlinkAterm5g' due to wpa_bss_remove_oldest_unknown
09-17 19:04:58.675 D/wpa_supplicant( 1178): wlan0: BSS: Add new id 41819 BSSID e4:4e:2d:a4:3b:2e SSID 'GuestNet' freq 5540
09-17 19:04:58.675 D/wpa_supplicant( 1178): wlan0: BSS: Remove id 41622 BSSID 60:84:bd:08:27:f0 SSID 'HyokaT-Free_Common' due to wpa_bss_remove_oldest_unknown
09-17 19:04:58.675 D/wpa_supplicant( 1178): wlan0: BSS: Add new id 41820 BSSID e4:4e:2d:7c:49:0e SSID 'GuestNet' freq 5540
09-17 19:04:58.675 D/wpa_supplicant( 1178): wlan0: BSS: Remove id 41623 BSSID c0:25:a2:df:54:7f SSID 'HyokaT-NEC_5GHz' due to wpa_bss_remove_oldest_unknown
09-17 19:04:58.675 D/wpa_supplicant( 1178): wlan0: BSS: Add new id 41821 BSSID 1c:d1:e0:dc:8e:4e SSID 'GuestNet' freq 5580
09-17 19:04:58.675 D/wpa_supplicant( 1178): wlan0: BSS: Remove id 41624 BSSID 74:03:bd:d2:43:d7 SSID 'DevlinkBT16F_Buffalo5' due to wpa_bss_remove_oldest_unknown
09-17 19:04:58.675 D/wpa_supplicant( 1178): wlan0: BSS: Add new id 41822 BSSID e4:4e:2d:a4:3b:2c SSID 'EngN' freq 5540
09-17 19:04:58.675 D/wpa_supplicant( 1178): wlan0: BSS: Remove id 41625 BSSID 08:10:86:0c:e0:53 SSID 'PerformanceWiFi-a' due to wpa_bss_remove_oldest_unknown
09-17 19:04:58.675 D/wpa_supplicant( 1178): wlan0: BSS: Add new id 41823 BSSID e4:4e:2d:7c:49:0c SSID 'EngN' freq 5540
09-17 19:04:58.675 D/wpa_supplicant( 1178): wlan0: BSS: Remove id 41626 BSSID 80:22:a7:26:9c:67 SSID 'arch-16f-a' due to wpa_bss_remove_oldest_unknown
09-17 19:04:58.675 D/wpa_supplicant( 1178): wlan0: BSS: Add new id 41824 BSSID 1c:d1:e0:d5:75:0c SSID 'EngN' freq 5580
09-17 19:04:58.675 D/wpa_supplicant( 1178): wlan0: BSS: Remove id 41627 BSSID 60:84:bd:9e:81:7c SSID 'Buffalo-A-8178' due to wpa_bss_remove_oldest_unknown
09-17 19:04:58.676 D/wpa_supplicant( 1178): wlan0: BSS: Add new id 41825 BSSID 1c:d1:e0:dc:8e:4c SSID 'EngN' freq 5580
09-17 19:04:58.676 D/wpa_supplicant( 1178): wlan0: BSS: Remove id 41628 BSSID 18:c2:bf:f3:2e:50 SSID 'HyokaT-Buffalo-A_2.4GHz' due to wpa_bss_remove_oldest_unknown
09-17 19:04:58.676 D/wpa_supplicant( 1178): wlan0: BSS: Add new id 41826 BSSID e4:4e:2d:a4:aa:ac SSID 'EngN' freq 5500
09-17 19:04:58.676 D/wpa_supplicant( 1178): wlan0: BSS: Remove id 41629 BSSID c0:25:a2:c9:2b:53 SSID 'devlink-aterm-wg1800hp2-5g' due to wpa_bss_remove_oldest_unknown
09-17 19:04:58.676 D/wpa_supplicant( 1178): wlan0: BSS: Add new id 41827 BSSID e4:4e:2d:a4:62:2c SSID 'EngN' freq 5560
09-17 19:04:58.676 D/wpa_supplicant( 1178): wlan0: BSS: Remove id 41630 BSSID c0:25:a2:7a:43:c7 SSID 'MIB-16F-P17W-a' due to wpa_bss_remove_oldest_unknown
09-17 19:04:58.676 D/wpa_supplicant( 1178): wlan0: BSS: Add new id 41828 BSSID e4:4e:2d:64:30:cc SSID 'EngN' freq 5660
09-17 19:04:58.676 D/wpa_supplicant( 1178): wlan0: BSS: Remove id 41631 BSSID 98:f1:99:67:fa:53 SSID 'aterm-a07850-a' due to wpa_bss_remove_oldest_unknown
09-17 19:04:58.676 D/wpa_supplicant( 1178): wlan0: BSS: Add new id 41829 BSSID e4:4e:2d:64:30:ca SSID 'SWingCert-Enroll' freq 5660
09-17 19:04:58.676 D/wpa_supplicant( 1178): wlan0: BSS: Remove id 41632 BSSID e4:4e:2d:7b:a3:6b SSID 'SWing' due to wpa_bss_remove_oldest_unknown
09-17 19:04:58.676 D/wpa_supplicant( 1178): wlan0: BSS: Add new id 41830 BSSID e4:4e:2d:79:8e:4e SSID 'GuestNet' freq 5260
09-17 19:04:58.676 D/wpa_supplicant( 1178): wlan0: BSS: Remove id 41633 BSSID 84:af:ec:c1:df:3c SSID 'Buffalo-A-DF38' due to wpa_bss_remove_oldest_unknown
09-17 19:04:58.676 D/wpa_supplicant( 1178): wlan0: BSS: Add new id 41831 BSSID e4:4e:2d:7c:9c:ae SSID 'GuestNet' freq 5320
09-17 19:04:58.676 D/wpa_supplicant( 1178): wlan0: BSS: Remove id 41634 BSSID 10:4b:46:d8:31:75 SSID 'pr500m-d83173-3' due to wpa_bss_remove_oldest_unknown
09-17 19:04:58.676 D/wpa_supplicant( 1178): wlan0: BSS: Add new id 41832 BSSID e4:4e:2d:7c:28:8e SSID 'GuestNet' freq 5320
09-17 19:04:58.676 D/wpa_supplicant( 1178): wlan0: BSS: Remove id 41635 BSSID c4:3c:ea:6c:7b:99 SSID 'Buffalo-A-7B90' due to wpa_bss_remove_oldest_unknown
09-17 19:04:58.676 D/wpa_supplicant( 1178): wlan0: BSS: Add new id 41833 BSSID e4:4e:2d:64:30:ce SSID 'GuestNet' freq 5660
09-17 19:04:58.676 D/wpa_supplicant( 1178): wlan0: BSS: Remove id 41636 BSSID c4:3c:ea:6c:7b:98 SSID '' due to wpa_bss_remove_oldest_unknown
09-17 19:04:58.676 D/wpa_supplicant( 1178): wlan0: BSS: Add new id 41834 BSSID e4:4e:2d:a4:55:4e SSID 'GuestNet' freq 5680
09-17 19:04:58.676 D/wpa_supplicant( 1178): wlan0: BSS: Remove id 41637 BSSID c4:3c:ea:6c:7b:9a SSID 'Buffalo-A-7B90-WPA3' due to wpa_bss_remove_oldest_unknown
09-17 19:04:58.676 D/wpa_supplicant( 1178): wlan0: BSS: Add new id 41835 BSSID e4:4e:2d:7b:bc:ac SSID 'EngN' freq 5660
09-17 19:04:58.676 D/wpa_supplicant( 1178): wlan0: BSS: Remove id 41638 BSSID 48:f8:b3:a5:e4:ff SSID 'Devlink_Linksys_5GHz' due to wpa_bss_remove_oldest_unknown
09-17 19:04:58.676 D/wpa_supplicant( 1178): wlan0: BSS: Add new id 41836 BSSID e4:4e:2d:7c:28:8c SSID 'EngN' freq 5320
09-17 19:04:58.676 D/wpa_supplicant( 1178): wlan0: BSS: Remove id 41639 BSSID 34:97:f6:01:f4:cc SSID 'PJINTEG-012-A-CTSRoom' due to wpa_bss_remove_oldest_unknown
09-17 19:04:58.677 D/wpa_supplicant( 1178): wlan0: BSS: Add new id 41837 BSSID e4:4e:2d:a4:62:2a SSID 'SWingCert-Enroll' freq 5560
09-17 19:04:58.677 D/wpa_supplicant( 1178): wlan0: BSS: Remove id 41640 BSSID 88:57:ee:2c:18:d7 SSID 'Buffalo-A-18D5' due to wpa_bss_remove_oldest_unknown
09-17 19:04:58.677 D/wpa_supplicant( 1178): wlan0: BSS: Add new id 41838 BSSID e4:4e:2d:7b:a3:63 SSID 'EngN' freq 2437
09-17 19:04:58.677 D/wpa_supplicant( 1178): wlan0: BSS: Remove id 41641 BSSID ec:5a:31:ac:ab:11 SSID '_b2b_wpa3_192' due to wpa_bss_remove_oldest_unknown
09-17 19:04:58.677 D/wpa_supplicant( 1178): wlan0: BSS: Add new id 41839 BSSID e4:4e:2d:7b:a3:61 SSID 'GuestNet' freq 2437
09-17 19:04:58.677 D/wpa_supplicant( 1178): wlan0: BSS: Remove id 41642 BSSID 34:3d:c4:1e:98:68 SSID 'Buffalo-A-9866' due to wpa_bss_remove_oldest_unknown
09-17 19:04:58.677 D/wpa_supplicant( 1178): wlan0: BSS: Add new id 41840 BSSID e4:4e:2d:64:5e:61 SSID 'GuestNet' freq 2412
09-17 19:04:58.677 D/wpa_supplicant( 1178): wlan0: BSS: Remove id 41643 BSSID b0:be:76:a0:3d:53 SSID 'TP-Link_3D54' due to wpa_bss_remove_oldest_unknown
09-17 19:04:58.677 D/wpa_supplicant( 1178): wlan0: BSS: Add new id 41841 BSSID 1c:d1:e0:d5:75:01 SSID 'GuestNet' freq 2462
09-17 19:04:58.677 D/wpa_supplicant( 1178): wlan0: BSS: Remove id 41644 BSSID 18:c2:bf:c3:90:20 SSID 'PJInteg-CTSRoom' due to wpa_bss_remove_oldest_unknown
09-17 19:04:58.677 D/wpa_supplicant( 1178): wlan0: BSS: Add new id 41842 BSSID 1c:d1:e0:d5:75:05 SSID 'SWingCert-Enroll' freq 2462
09-17 19:04:58.677 D/wpa_supplicant( 1178): wlan0: BSS: Remove id 41645 BSSID 58:52:8a:68:27:06 SSID 'PJINTEG-015-A-NotUseForCTS' due to wpa_bss_remove_oldest_unknown
09-17 19:04:58.677 D/wpa_supplicant( 1178): wlan0: BSS: Add new id 41843 BSSID 1c:d1:e0:d5:75:03 SSID 'EngN' freq 2462
09-17 19:04:58.677 D/wpa_supplicant( 1178): wlan0: BSS: Remove id 41646 BSSID b6:be:76:a0:3d:53 SSID '' due to wpa_bss_remove_oldest_unknown
09-17 19:04:58.677 D/wpa_supplicant( 1178): wlan0: BSS: Add new id 41844 BSSID e4:4e:2d:64:30:c3 SSID 'EngN' freq 2437
09-17 19:04:58.677 D/wpa_supplicant( 1178): wlan0: BSS: Remove id 41647 BSSID b0:be:76:92:b4:6b SSID 'TP-Link_B46C_5G' due to wpa_bss_remove_oldest_unknown
09-17 19:04:58.677 D/wpa_supplicant( 1178): wlan0: BSS: Add new id 41845 BSSID e4:4e:2d:64:30:c5 SSID 'SWingCert-Enroll' freq 2437
09-17 19:04:58.677 D/wpa_supplicant( 1178): wlan0: BSS: Remove id 41648 BSSID 18:c2:bf:c3:90:10 SSID 'PJInteg-CTSRoom' due to wpa_bss_remove_oldest_unknown
09-17 19:04:58.677 D/wpa_supplicant( 1178): wlan0: BSS: Add new id 41846 BSSID e4:4e:2d:a4:62:25 SSID 'SWingCert-Enroll' freq 2462
09-17 19:04:58.677 D/wpa_supplicant( 1178): wlan0: BSS: Remove id 41649 BSSID ec:5a:31:ac:ab:21 SSID '_b2b_wpa3_192' due to wpa_bss_remove_oldest_unknown
09-17 19:04:58.677 D/wpa_supplicant( 1178): wlan0: BSS: Add new id 41847 BSSID fa:8f:ca:93:35:a5 SSID 'HT-A9.l055,' freq 2437
09-17 19:04:58.677 D/wpa_supplicant( 1178): wlan0: BSS: Remove id 41650 BSSID 84:e8:cb:a3:c9:38 SSID 'Buffalo-5G-C930' due to wpa_bss_remove_oldest_unknown
09-17 19:04:58.677 D/wpa_supplicant( 1178): wlan0: BSS: Add new id 41848 BSSID fa:8f:ca:7f:51:36 SSID 'JBL Bar 5.0_64A8.l041' freq 2452
09-17 19:04:58.678 D/wpa_supplicant( 1178): wlan0: BSS: Remove id 41651 BSSID d4:2c:46:1c:12:69 SSID 'Buffalo-A-1260' due to wpa_bss_remove_oldest_unknown
09-17 19:04:58.678 D/wpa_supplicant( 1178): wlan0: BSS: Add new id 41849 BSSID fa:8f:ca:94:48:12 SSID 'STR-AN1000.h056,' freq 2437
09-17 19:04:58.678 D/wpa_supplicant( 1178): wlan0: BSS: Remove id 41652 BSSID e4:4e:2d:7c:49:0b SSID 'SWing' due to wpa_bss_remove_oldest_unknown
09-17 19:04:58.678 D/wpa_supplicant( 1178): wlan0: BSS: Add new id 41850 BSSID fa:8f:ca:6b:56:e0 SSID 'HT-A7000.l054,' freq 2437
09-17 19:04:58.678 D/wpa_supplicant( 1178): wlan0: BSS: Remove id 41653 BSSID 84:e8:cb:a3:c9:39 SSID '' due to wpa_bss_remove_oldest_unknown
09-17 19:04:58.678 D/wpa_supplicant( 1178): wlan0: BSS: Add new id 41851 BSSID 60:38:e0:55:f4:87 SSID 'belkin.484.guests' freq 2457
09-17 19:04:58.678 D/wpa_supplicant( 1178): wlan0: BSS: Remove id 41654 BSSID d4:2c:46:1c:12:6a SSID 'Buffalo-A-1260-WPA3' due to wpa_bss_remove_oldest_unknown
09-17 19:04:58.678 D/wpa_supplicant( 1178): wlan0: BSS: Add new id 41852 BSSID fa:8f:ca:5d:8c:39 SSID 'STR-AN1000.h056,' freq 2437
09-17 19:04:58.678 D/wpa_supplicant( 1178): wlan0: BSS: Remove id 41655 BSSID 74:03:bd:b9:c5:f7 SSID 'Buffalo-A-C5FE' due to wpa_bss_remove_oldest_unknown
09-17 19:04:58.678 D/wpa_supplicant( 1178): wlan0: BSS: Add new id 41853 BSSID fa:8f:ca:88:e5:89 SSID 'HT-A3000.l074,' freq 2437
09-17 19:04:58.678 D/wpa_supplicant( 1178): wlan0: BSS: Remove id 41656 BSSID 2c:ff:65:00:7e:48 SSID 'rs500k-007e08-3' due to wpa_bss_remove_oldest_unknown
09-17 19:04:58.678 D/wpa_supplicant( 1178): wlan0: BSS: Add new id 41854 BSSID fa:8f:ca:90:67:e2 SSID 'HT-A3000.l074,' freq 2437
09-17 19:04:58.678 D/wpa_supplicant( 1178): wlan0: BSS: Remove id 41657 BSSID 60:32:b1:21:cb:23 SSID 'TP-Link_CB24_5G' due to wpa_bss_remove_oldest_unknown
09-17 19:04:58.678 D/wpa_supplicant( 1178): wlan0: BSS: Add new id 41855 BSSID e4:4e:2d:a4:3b:2a SSID 'SWingCert-Enroll' freq 5540
09-17 19:04:58.678 D/wpa_supplicant( 1178): wlan0: BSS: Remove id 41658 BSSID 2c:ff:65:00:0a:78 SSID 'rs500k-000a38-3' due to wpa_bss_remove_oldest_unknown
09-17 19:04:58.678 D/wpa_supplicant( 1178): wlan0: BSS: Add new id 41856 BSSID e4:4e:2d:7c:9c:ac SSID 'EngN' freq 5320
09-17 19:04:58.678 D/wpa_supplicant( 1178): wlan0: BSS: Remove id 41659 BSSID d4:2c:46:c9:c9:13 SSID 'BaseApp-16F-5G-WPA3' due to wpa_bss_remove_oldest_unknown
09-17 19:04:58.678 D/wpa_supplicant( 1178): wlan0: BSS: Add new id 41857 BSSID e4:4e:2d:7c:9c:aa SSID 'SWingCert-Enroll' freq 5320
09-17 19:04:58.678 D/wpa_supplicant( 1178): wlan0: BSS: Remove id 41477 BSSID e4:4e:2d:7b:bc:ab SSID 'SWing' due to wpa_bss_remove_oldest_unknown
09-17 19:04:58.678 D/wpa_supplicant( 1178): wlan0: BSS: Add new id 41858 BSSID e4:4e:2d:79:8e:4a SSID 'SWingCert-Enroll' freq 5260
09-17 19:04:58.678 D/wpa_supplicant( 1178): wlan0: BSS: Remove id 41660 BSSID e4:4e:2d:7b:bc:af SSID 'SWingS' due to wpa_bss_remove_oldest_unknown
09-17 19:04:58.678 D/wpa_supplicant( 1178): wlan0: BSS: Add new id 41859 BSSID e4:4e:2d:a4:55:4a SSID 'SWingCert-Enroll' freq 5680
09-17 19:04:58.678 D/wpa_supplicant( 1178): wlan0: BSS: Remove id 41661 BSSID 84:e8:cb:a3:c9:3a SSID 'Buffalo-5G-C930-WPA3' due to wpa_bss_remove_oldest_unknown
09-17 19:04:58.679 D/wpa_supplicant( 1178): wlan0: BSS: Add new id 41860 BSSID e4:4e:2d:a4:55:4c SSID 'EngN' freq 5680
09-17 19:04:58.679 D/wpa_supplicant( 1178): wlan0: BSS: Remove id 41662 BSSID 1c:d1:e0:dc:8e:4f SSID 'SWingS' due to wpa_bss_remove_oldest_unknown
09-17 19:04:58.679 D/wpa_supplicant( 1178): wlan0: BSS: Add new id 41861 BSSID e4:4e:2d:7c:28:8a SSID 'SWingCert-Enroll' freq 5320
09-17 19:04:58.679 D/wpa_supplicant( 1178): wlan0: BSS: Remove id 41663 BSSID 18:ec:e7:86:05:79 SSID 'arib-system-ax4-50' due to wpa_bss_remove_oldest_unknown
09-17 19:04:58.679 D/wpa_supplicant( 1178): wlan0: BSS: Add new id 41862 BSSID e4:4e:2d:7b:bc:ae SSID 'GuestNet' freq 5660
09-17 19:04:58.679 D/wpa_supplicant( 1178): wlan0: BSS: Remove id 41664 BSSID e4:4e:2d:a4:3b:2b SSID 'SWing' due to wpa_bss_remove_oldest_unknown
09-17 19:04:58.679 D/wpa_supplicant( 1178): wlan0: BSS: Add new id 41863 BSSID 1c:d1:e0:de:14:6e SSID 'GuestNet' freq 5540
09-17 19:04:58.679 D/wpa_supplicant( 1178): wlan0: BSS: Remove id 41665 BSSID e4:4e:2d:a4:3b:2d SSID '' due to wpa_bss_remove_oldest_unknown
09-17 19:04:58.679 D/wpa_supplicant( 1178): wlan0: BSS: Add new id 41864 BSSID 1c:d1:e0:de:14:6a SSID 'SWingCert-Enroll' freq 5540
09-17 19:04:58.679 D/wpa_supplicant( 1178): wlan0: BSS: Remove id 41666 BSSID e4:4e:2d:7c:49:0d SSID '' due to wpa_bss_remove_oldest_unknown
09-17 19:04:58.679 D/wpa_supplicant( 1178): wlan0: BSS: Add new id 41865 BSSID e4:4e:2d:7b:bc:aa SSID 'SWingCert-Enroll' freq 5660
09-17 19:04:58.679 D/wpa_supplicant( 1178): wlan0: BSS: Remove id 41667 BSSID e4:4e:2d:7c:49:0f SSID 'SWingS' due to wpa_bss_remove_oldest_unknown
09-17 19:04:58.679 D/wpa_supplicant( 1178): wlan0: BSS: Add new id 41866 BSSID e4:4e:2d:79:8e:4c SSID 'EngN' freq 5260
09-17 19:04:58.679 D/wpa_supplicant( 1178): wlan0: BSS: Remove id 41668 BSSID e4:4e:2d:a4:62:2b SSID 'SWing' due to wpa_bss_remove_oldest_unknown
09-17 19:04:58.679 D/wpa_supplicant( 1178): wlan0: BSS: Add new id 41867 BSSID 1c:d1:e0:de:14:6c SSID 'EngN' freq 5540
09-17 19:04:58.679 D/wpa_supplicant( 1178): wlan0: BSS: Remove id 41669 BSSID e4:4e:2d:a4:62:2d SSID '' due to wpa_bss_remove_oldest_unknown
09-17 19:04:58.679 D/wpa_supplicant( 1178): wlan0: BSS: Add new id 41868 BSSID 1c:d1:e0:dc:46:8e SSID 'GuestNet' freq 5680
09-17 19:04:58.679 D/wpa_supplicant( 1178): wlan0: BSS: Remove id 41670 BSSID e4:4e:2d:a4:62:2f SSID 'SWingS' due to wpa_bss_remove_oldest_unknown
09-17 19:04:58.679 D/wpa_supplicant( 1178): wlan0: BSS: Add new id 41869 BSSID 1c:d1:e0:dc:46:8c SSID 'EngN' freq 5680
09-17 19:04:58.679 D/wpa_supplicant( 1178): wlan0: BSS: Remove id 41671 BSSID 1c:d1:e0:d5:75:0b SSID 'SWing' due to wpa_bss_remove_oldest_unknown
09-17 19:04:58.679 D/wpa_supplicant( 1178): wlan0: BSS: Add new id 41870 BSSID e4:4e:2d:a4:aa:aa SSID 'SWingCert-Enroll' freq 5500
09-17 19:04:58.679 D/wpa_supplicant( 1178): wlan0: BSS: Remove id 41672 BSSID 1c:d1:e0:d5:75:0d SSID '' due to wpa_bss_remove_oldest_unknown
09-17 19:04:58.679 D/wpa_supplicant( 1178): wlan0: BSS: Add new id 41871 BSSID e4:4e:2d:7c:06:2c SSID 'EngN' freq 5580
09-17 19:04:58.679 D/wpa_supplicant( 1178): wlan0: BSS: Remove id 41673 BSSID 1c:d1:e0:d5:75:0f SSID 'SWingS' due to wpa_bss_remove_oldest_unknown
09-17 19:04:58.679 D/wpa_supplicant( 1178): wlan0: BSS: Add new id 41872 BSSID 1c:d1:e0:dc:46:8a SSID 'SWingCert-Enroll' freq 5680
09-17 19:04:58.681 D/wpa_supplicant( 1178): wlan0: BSS: Remove id 41674 BSSID e4:4e:2d:64:30:cf SSID 'SWingS' due to wpa_bss_remove_oldest_unknown
09-17 19:04:58.681 D/wpa_supplicant( 1178): wlan0: BSS: Add new id 41873 BSSID e4:4e:2d:7d:82:2c SSID 'EngN' freq 5580
09-17 19:04:58.681 D/wpa_supplicant( 1178): wlan0: BSS: Remove id 41675 BSSID e4:4e:2d:64:30:cd SSID '' due to wpa_bss_remove_oldest_unknown
09-17 19:04:58.681 D/wpa_supplicant( 1178): wlan0: BSS: Add new id 41874 BSSID e4:4e:2d:7d:82:2a SSID 'SWingCert-Enroll' freq 5580
09-17 19:04:58.681 D/wpa_supplicant( 1178): wlan0: BSS: Remove id 41676 BSSID 1c:d1:e0:dc:8e:4b SSID 'SWing' due to wpa_bss_remove_oldest_unknown
09-17 19:04:58.681 D/wpa_supplicant( 1178): wlan0: BSS: Add new id 41875 BSSID e4:4e:2d:7d:82:2e SSID 'GuestNet' freq 5580
09-17 19:04:58.681 D/wpa_supplicant( 1178): wlan0: BSS: Remove id 41677 BSSID e4:4e:2d:79:8e:4f SSID 'SWingS' due to wpa_bss_remove_oldest_unknown
09-17 19:04:58.681 D/wpa_supplicant( 1178): wlan0: BSS: Add new id 41876 BSSID e4:4e:2d:a4:aa:ae SSID 'GuestNet' freq 5500
09-17 19:04:58.681 D/wpa_supplicant( 1178): wlan0: BSS: Remove id 41678 BSSID e4:4e:2d:a4:55:4b SSID 'SWing' due to wpa_bss_remove_oldest_unknown
09-17 19:04:58.681 D/wpa_supplicant( 1178): wlan0: BSS: Add new id 41877 BSSID e4:4e:2d:7c:06:2a SSID 'SWingCert-Enroll' freq 5580
09-17 19:04:58.681 D/wpa_supplicant( 1178): wlan0: BSS: Remove id 41679 BSSID e4:4e:2d:7b:bc:ad SSID '' due to wpa_bss_remove_oldest_unknown
09-17 19:04:58.681 D/wpa_supplicant( 1178): wlan0: BSS: Add new id 41878 BSSID e4:4e:2d:7c:06:2e SSID 'GuestNet' freq 5580
09-17 19:04:58.681 D/wpa_supplicant( 1178): wlan0: BSS: Remove id 41680 BSSID e4:4e:2d:a4:55:4d SSID '' due to wpa_bss_remove_oldest_unknown
09-17 19:04:58.681 D/wpa_supplicant( 1178): wlan0: BSS: Add new id 41879 BSSID 1c:d1:e0:e0:ed:2e SSID 'GuestNet' freq 5260
09-17 19:04:58.681 D/wpa_supplicant( 1178): wlan0: BSS: Remove id 41681 BSSID e4:4e:2d:7c:28:8f SSID 'SWingS' due to wpa_bss_remove_oldest_unknown
09-17 19:04:58.681 D/wpa_supplicant( 1178): wlan0: BSS: Add new id 41880 BSSID 1c:d1:e0:e0:ed:2a SSID 'SWingCert-Enroll' freq 5260
09-17 19:04:58.681 D/wpa_supplicant( 1178): wlan0: BSS: Remove id 41682 BSSID e4:4e:2d:64:30:cb SSID 'SWing' due to wpa_bss_remove_oldest_unknown
09-17 19:04:58.681 D/wpa_supplicant( 1178): wlan0: BSS: Add new id 41881 BSSID 1c:d1:e0:e0:ed:2c SSID 'EngN' freq 5260
09-17 19:04:58.681 D/wpa_supplicant( 1178): wlan0: BSS: Remove id 41683 BSSID e4:4e:2d:7c:28:8b SSID 'SWing' due to wpa_bss_remove_oldest_unknown
09-17 19:04:58.681 D/wpa_supplicant( 1178): wlan0: BSS: Add new id 41882 BSSID e4:4e:2d:76:f2:4e SSID 'GuestNet' freq 5680
09-17 19:04:58.681 D/wpa_supplicant( 1178): wlan0: BSS: Remove id 41684 BSSID 1c:d1:e0:dc:46:8f SSID 'SWingS' due to wpa_bss_remove_oldest_unknown
09-17 19:04:58.681 D/wpa_supplicant( 1178): wlan0: BSS: Add new id 41883 BSSID e4:4e:2d:76:f2:4c SSID 'EngN' freq 5680
09-17 19:04:58.682 D/wpa_supplicant( 1178): wlan0: BSS: Remove id 41685 BSSID e4:4e:2d:a4:55:4f SSID 'SWingS' due to wpa_bss_remove_oldest_unknown
09-17 19:04:58.682 W/IE_Capabilities(  702): Unknown RSN cipher suite: 6ac0f00
09-17 19:04:58.682 D/wpa_supplicant( 1178): wlan0: BSS: Add new id 41884 BSSID 12:09:b4:71:0a:ac SSID 'SWS1day' freq 5700
09-17 19:04:58.682 D/wpa_supplicant( 1178): BSS: last_scan_res_used=200/256
09-17 19:04:58.682 D/wpa_supplicant( 1178): wlan0: New scan results available (own=0 ext=1)
09-17 19:04:58.682 D/wpa_supplicant( 1178): wlan0: Do not use results from externally requested scan operation for network selection
09-17 19:04:58.687 W/IE_Capabilities(  702): Unknown RSN cipher suite: 6ac0f00
09-17 19:04:58.690 W/IE_Capabilities(  702): Unknown RSN cipher suite: 6ac0f00
09-17 19:04:58.691 W/IE_Capabilities(  702): Unknown RSN cipher suite: 6ac0f00
09-17 19:04:58.694 D/WifiNative(  702): get 290 scan results from wificond
09-17 19:04:58.695 D/WificondScannerImpl(  702): Filtering out 82 scan results.
09-17 19:04:58.811 I/WifiScanningService(  702): singleScanResults: ClientInfo[uid=1000, package=com.android.tv.settings, com.android.server.wifi.scanner.WifiScannerInternal$ScanListener@e37357],results=208
09-17 19:04:58.811 I/WifiScanningService(  702): singleScanResults: ClientInfo[uid=1000, package=com.android.tv.settings, com.android.server.wifi.scanner.WifiScannerInternal$ScanListener@cea0a3],results=208
09-17 19:04:58.812 I/WifiScanningService(  702): singleScanResults: ClientInfo[uid=1000, package=android, com.android.server.wifi.scanner.WifiScannerInternal$ScanListener@76d1d69],results=208
09-17 19:04:58.812 I/WifiScanningService(  702): singleScanResults: ClientInfo[uid=1000, package=android, com.android.server.wifi.scanner.WifiScannerInternal$ScanListener@1c0508f],results=208
09-17 19:04:58.812 D/WifiScanRequestProxy(  702): Scan results received
09-17 19:04:58.812 D/WifiScanRequestProxy(  702): Received 208 scan results
09-17 19:04:58.812 I/WifiScanningService(  702): singleScanResults: ClientInfo[uid=1000, package=android, com.android.server.wifi.scanner.WifiScannerInternal$ScanListener@511c91a],results=208
09-17 19:04:58.812 I/WifiScanningService(  702): singleScanResults: ClientInfo[uid=10123, package=com.google.android.gms, android.net.wifi.IWifiScannerListener$Stub$Proxy@bb52191],results=208
09-17 19:04:58.815 D/WifiHealthMonitor(  702):  2G scanResult count: 38, Above2g scanResult count: 170
09-17 19:04:58.816 V/WifiPickerTracker( 1468): Received broadcast: android.net.wifi.SCAN_RESULTS
09-17 19:04:58.816 V/WifiPickerTracker( 1468): Received broadcast: android.net.wifi.SCAN_RESULTS
09-17 19:04:58.816 I/WifiService(  702): getWifiEnabledState uid=1000 state=3
09-17 19:04:58.816 I/WifiService(  702): getWifiEnabledState uid=1000 state=3
09-17 19:04:58.818 I/WifiService(  702): getScanResults uid=1000
09-17 19:04:58.819 I/WifiScanningService(  702): Unregistering listener= com.android.server.wifi.scanner.WifiScannerInternal$ScanListener@e37357 uid=1000 packageName=com.android.tv.settings workSource=WorkSource{1000}
09-17 19:04:58.819 D/PasspointManager(  702): ANQP entry not found for: 38:97:a4:64:cb:55:<elecom-64cb54>
09-17 19:04:58.819 I/WifiService(  702): getScanResults uid=1000
09-17 19:04:58.819 D/PasspointManager(  702): No service provider found for elecom-64cb54
09-17 19:04:58.820 D/PasspointManager(  702): ANQP entry not found for: 84:e8:cb:5e:3a:11:<>
09-17 19:04:58.820 D/PasspointManager(  702): No service provider found for 
09-17 19:04:58.820 D/PasspointManager(  702): ANQP entry not found for: 38:97:a4:64:cb:56:<elecom-64cb54>
09-17 19:04:58.820 D/PasspointManager(  702): No service provider found for elecom-64cb54
09-17 19:04:58.822 D/PasspointManager(  702): ANQP entry not found for: ec:5a:31:ac:ab:21:<_b2b_wpa3_192>
09-17 19:04:58.822 D/PasspointManager(  702): No service provider found for _b2b_wpa3_192
09-17 19:04:58.822 D/PasspointManager(  702): ANQP entry not found for: 84:e8:cb:5e:3a:21:<BF_AP29_6_192bit>
09-17 19:04:58.822 D/PasspointManager(  702): No service provider found for BF_AP29_6_192bit
09-17 19:04:58.822 D/PasspointManager(  702): ANQP entry not found for: c4:3c:ea:6c:7b:99:<Buffalo-A-7B90>
09-17 19:04:58.822 D/PasspointManager(  702): No service provider found for Buffalo-A-7B90
09-17 19:04:58.823 D/PasspointManager(  702): ANQP entry not found for: 84:e8:cb:a3:c9:39:<>
09-17 19:04:58.823 D/PasspointManager(  702): No service provider found for 
09-17 19:04:58.823 I/WifiScanningService(  702): Unregistering listener= com.android.server.wifi.scanner.WifiScannerInternal$ScanListener@cea0a3 uid=1000 packageName=com.android.tv.settings workSource=WorkSource{1000}
09-17 19:04:58.823 D/PasspointManager(  702): ANQP entry not found for: 84:e8:cb:a3:c9:38:<Buffalo-5G-C930>
09-17 19:04:58.823 D/PasspointManager(  702): No service provider found for Buffalo-5G-C930
09-17 19:04:58.826 V/WifiConfigManager(  702): getSavedNetworkFromScanResult Found "HyokaT-Buffalo-B_2.4GHz"WPA_PSK for HyokaT-Buffalo-B_2.4GHz[[WPA2-PSK-CCMP][RSN-PSK-CCMP][ESS][WPS]]
09-17 19:04:58.827 D/PasspointManager(  702): ANQP entry not found for: 34:98:b5:db:aa:42:<RXE500_5G>
09-17 19:04:58.827 D/PasspointManager(  702): No service provider found for RXE500_5G
09-17 19:04:58.827 D/PasspointManager(  702): ANQP entry not found for: 84:e8:cb:5e:3a:01:<>
09-17 19:04:58.827 D/PasspointManager(  702): No service provider found for 
09-17 19:04:58.828 V/WifiConnectivityManager(  702): AllSingleScanListener onResults: start network selection
09-17 19:04:58.831 V/WifiConfigManager(  702): getSavedNetworkFromScanResult Found "HyokaT-Buffalo-B_2.4GHz"WPA_PSK for HyokaT-Buffalo-B_2.4GHz[[WPA2-PSK-CCMP][RSN-PSK-CCMP][ESS][WPS]]
09-17 19:04:58.836 D/WifiNetworkSelector(  702): wlan0: ClientModeImpl is in neither CONNECTED nor DISCONNECTED state. Skip network selection.
09-17 19:04:58.836 V/WifiLastResortWatchdog(  702): updateAvailableNetworks: size = 0
09-17 19:04:58.836 V/WifiLastResortWatchdog(  702): mWatchdogFeatureEnabled: true
09-17 19:04:58.836 V/WifiLastResortWatchdog(  702): mWatchdogAllowedToTrigger: true
09-17 19:04:58.836 V/WifiLastResortWatchdog(  702): mRecentAvailableNetworks: 1
09-17 19:04:58.836 V/WifiLastResortWatchdog(  702):  74:03:bd:f8:3e:00: "HyokaT-Buffalo-B_2.4GHz" HasEverConnected: true, Failures: {Assoc: 0, Auth: 0, Dhcp: 0}, Age: 3
09-17 19:04:58.836 V/WifiLastResortWatchdog(  702): mSsidFailureCount:
09-17 19:04:58.836 V/WifiLastResortWatchdog(  702): "HyokaT-Buffalo-B_2.4GHz": 1, HasEverConnected: true, Failures: {Assoc: 0, Auth: 0, Dhcp: 0}
09-17 19:04:58.837 V/WifiConnectivityManager(  702): AllSingleScanListener:  No candidates
09-17 19:04:58.869 I/WifiService(  702): getSupportedFeatures uid=1000 returns 19f010f38889419
09-17 19:04:58.885 I/WifiService(  702): getWifiConfigsForMatchedNetworkSuggestions uid=1000
09-17 19:04:58.888 I/WifiService(  702): getWifiConfigsForMatchedNetworkSuggestions uid=1000
09-17 19:04:58.904 I/WifiService(  702): getMatchingPasspointConfigurations uid=1000
09-17 19:04:58.907 I/WifiService(  702): getMatchingPasspointConfigurations uid=1000
09-17 19:04:58.915 I/WifiService(  702): getMatchingOsuProviders uid=1000
09-17 19:04:58.916 I/WifiService(  702): getMatchingPasspointConfigsForOsuProviders uid=1000
09-17 19:04:58.920 I/WifiService(  702): getMatchingOsuProviders uid=1000
09-17 19:04:58.921 I/WifiService(  702): getMatchingPasspointConfigsForOsuProviders uid=1000
09-17 19:04:58.985 V/WifiPickerTracker( 1468): Connected WifiEntries: [StandardWifiEntry:{"SCAN_RESULT_KEY":"{\"SSID\":\"HyokaT-Buffalo-B_2.4GHz\",\"SECURITY_TYPES\":[2,4]}","IS_TARGETING_NEW_NETWORKS":true},title:HyokaT-Buffalo-B_2.4GHz,summary:Connected / No internet access,isSaved:true,isSubscription:false,isSuggestion:false,level:4X,security:[2],connected:true,connectedInfo:com.android.wifitrackerlib.WifiEntry$ConnectedInfo@5311169,hasInternet:false,isDefault:true,isPrimary:true]
09-17 19:04:58.985 V/WifiPickerTracker( 1468): Connected WifiEntries: [StandardWifiEntry:{"SCAN_RESULT_KEY":"{\"SSID\":\"HyokaT-Buffalo-B_2.4GHz\",\"SECURITY_TYPES\":[2,4]}","IS_TARGETING_NEW_NETWORKS":true},title:HyokaT-Buffalo-B_2.4GHz,summary:Connected / No internet access,isSaved:true,isSubscription:false,isSuggestion:false,level:4X,security:[2],connected:true,connectedInfo:com.android.wifitrackerlib.WifiEntry$ConnectedInfo@96897ee,hasInternet:false,isDefault:true,isPrimary:true]
09-17 19:04:58.990 V/WifiPickerTracker( 1468): Updated WifiEntries: [StandardWifiEntry:{"SCAN_RESULT_KEY":"{\"SSID\":\"ASUS-G-0316f\",\"SECURITY_TYPES\":[2,4]}","IS_TARGETING_NEW_NETWORKS":true},title:ASUS-G-0316f,summary:,isSaved:false,isSubscription:false,isSuggestion:false,level:4,security:[2, 4],connected:false,connectedInfo:null,hasInternet:false,isDefault:false,isPrimary:false, StandardWifiEntry:{"SCAN_RESULT_KEY":"{\"SSID\":\"ASUS_80\",\"SECURITY_TYPES\":[2,4]}","IS_TARGETING_NEW_NETWORKS":true},title:ASUS_80,summary:,isSaved:false,isSubscription:false,isSuggestion:false,level:4,security:[2, 4],connected:false,connectedInfo:null,hasInternet:false,isDefault:false,isPrimary:false, StandardWifiEntry:{"SCAN_RESULT_KEY":"{\"SSID\":\"ASUS_ber7\",\"SECURITY_TYPES\":[2,4]}","IS_TARGETING_NEW_NETWORKS":true},title:ASUS_ber7,summary:,isSaved:false,isSubscription:false,isSuggestion:false,level:4,security:[2, 4],connected:false,connectedInfo:null,hasInternet:false,isDefault:false,isPrimary:false, StandardWifiEntry:{"SCAN_RESULT_KEY":"{\"SSID\":\"ASUS_ber7_5G\",\"SECURITY_TYPES\":[2,4]}","IS_TARGETING_NEW_NETWORKS":true},title:ASUS_ber7_5G,summary:,isSaved:false,isSubscription:false,isSuggestion:false,level:4,security:[2, 4],connected:false,connectedInfo:null,hasInternet:false,isDefault:false,isPrimary:false, StandardWifiEntry:{"SCAN_RESULT_KEY":"{\"SSID\":\"AS_2\",\"SECURITY_TYPES\":[2,4]}","IS_TARGETING_NEW_NETWORKS":true},title:AS_2,summary:,isSaved:false,isSubscription:false,isSuggestion:false,level:4,security:[2, 4],connected:false,connectedInfo:null,hasInternet:false,isDefault:false,isPrimary:false, StandardWifiEntry:{"SCAN_RESULT_KEY":"{\"SSID\":\"AS_5\",\"SECURITY_TYPES\":[2,4]}","IS_TARGETING_NEW_NETWORKS":true},title:AS_5,summary:,isSaved:false,isSubscription:false,isSuggestion:false,level:4,security:[2, 4],connected:false,connectedInfo:null,hasInternet:false,isDefault:false,isPrimary:false, StandardWifiEntry:{"SCAN_RESULT_KEY":"{\"SSID\":\"AS_6\",\"SECURITY_TYPES\":[2,4]}","IS_TARGETING_NEW_NETWORKS":true},title:AS_6,summary:,isSaved:false,isSubscription:false,isSuggestion:false,level:4,security:[2, 4],connected:false,connectedInfo:null,hasInternet:false,isDefault:false,isPrimary:false, StandardWifiEntry:{"SCAN_RESULT_KEY":"{\"SSID\":\"Aterm-WG1400HP_A\",\"SECURITY_TYPES\":[2,4]}","IS_TARGETING_NEW_NETWORKS":true},title:Aterm-WG1400HP_A,summary:,isSaved:false,isSubscription:false,isSuggestion:false,level:4,security:[2, 4],connected:false,connectedInfo:null,hasInternet:false,isDefault:false,isPrimary:false, StandardWifiEntry:{"SCAN_RESULT_KEY":"{\"SSID\":\"Aterm-WG1400HP_G\",\"SECURITY_TYPES\":[2,4]}","IS_TARGETING_NEW_NETWORKS":true},title:Aterm-WG1400HP_G,summary:,isSaved:false,isSubscription:false,isSuggestion:false,level:4,security:[2, 4],connected:false,connectedInfo:null,hasInternet:false,isDefault:false,isPrimary:false, StandardWifiEntry:{"SCAN_RESULT_KEY":"{\"SSID\":\"Aterm-WG1400HP_GW\",\"SECURITY_TYPES\":[1]}","IS_TARGETING_NEW_NETWORKS":true},title:Aterm-WG1400HP_GW,summary:,isSaved:false,isSubscription:false,isSuggestion:false,level:4,security:[1],connected:false,connectedInfo:null,hasInternet:false,isDefault:false,isPrimary:false, StandardWifiEntry:{"SCAN_RESULT_KEY":"{\"SSID\":\"BDDE261C63DA4B894A6B9214B6BE23D2\",\"SECURITY_TYPES\":[2,4]}","IS_TARGETING_NEW_NETWORKS":true},title:BDDE261C63DA4B894A6B9214B6BE23D2,summary:,isSaved:false,isSubscription:false,isSuggestion:false,level:4,security:[2, 4],connected:false,connectedInfo:null,hasInternet:false,isDefault:false,isPrimary:false, StandardWifiEntry:{"SCAN_RESULT_KEY":"{\"SSID\":\"BF_AP29_6_192bit\",\"SECURITY_TYPES\":[5]}","IS_TARGETING_NEW_NETWORKS":true},title:BF_AP29_6_192bit,summary:,isSaved:false,isSubscription:false,isSuggestion:false,level:4,security:[5],connected:false,connectedInfo:null,hasInternet:false,isDefault:false,isPrimary:false, StandardWifiEntry:{"SCAN_RESULT_KEY":"{\"SSID\":\"BaseApp-16F-2G-WPA3\",\"SECURITY_TYPES\":[2,4]}","IS_TARGETING_NEW_NETWORKS":true},title:BaseApp-16F-2G-WPA3,summary:,isSaved:false,isSubscription:false,isSugge
