09-17 19:03:40.867 D/VCodecVencImpl(  574): [L 572][MtkVencSetConfig]
09-17 19:03:40.871 I/kernel  ( 6193): [ 1713.504805][MTK_V4L2] level=0 vidioc_venc_qbuf(),1318: [4] id=0 getdata FB(2088960,2) vb=00000000f2ac244e pts=0
09-17 19:03:40.877 D/android.hardware.media.c2@1.1-mediatek(  574): [import_mtk_dtv_native_buffer(): 717] mst buffer is secure: 0
09-17 19:03:40.877 D/android.hardware.media.c2@1.1-mediatek(  574): [import_mtk_dtv_native_buffer(): 717] mst buffer is secure: 0
09-17 19:03:40.881 D/VCodecVenc(  574): [L 324][EnqueInputBuffer]
09-17 19:03:40.895 D/android.hardware.media.c2@1.1-mediatek(  574): [import_mtk_dtv_native_buffer(): 717] mst buffer is secure: 0
09-17 19:03:40.895 D/android.hardware.media.c2@1.1-mediatek(  574): [import_mtk_dtv_native_buffer(): 717] mst buffer is secure: 0
09-17 19:03:40.897 D/VCodecVencImpl(  574): [L 572][MtkVencSetConfig]
09-17 19:03:40.899 D/VCodecVenc(  574): [L 324][EnqueInputBuffer]
09-17 19:03:40.902 I/kernel  ( 6193): [ 1713.535595][MTK_V4L2] level=0 vidioc_venc_qbuf(),1318: [4] id=0 getdata FB(2088960,2) vb=00000000f2ac244e pts=0
09-17 19:03:40.912 D/android.hardware.media.c2@1.1-mediatek(  574): [import_mtk_dtv_native_buffer(): 717] mst buffer is secure: 0
09-17 19:03:40.912 D/android.hardware.media.c2@1.1-mediatek(  574): [import_mtk_dtv_native_buffer(): 717] mst buffer is secure: 0
09-17 19:03:40.916 D/VCodecVenc(  574): [L 324][EnqueInputBuffer]
09-17 19:03:40.928 D/VCodecVencImpl(  574): [L 572][MtkVencSetConfig]
09-17 19:03:40.929 D/android.hardware.media.c2@1.1-mediatek(  574): [import_mtk_dtv_native_buffer(): 717] mst buffer is secure: 0
09-17 19:03:40.930 D/android.hardware.media.c2@1.1-mediatek(  574): [import_mtk_dtv_native_buffer(): 717] mst buffer is secure: 0
09-17 19:03:40.932 I/kernel  ( 6193): [ 1713.565952][MTK_V4L2] level=0 vidioc_venc_qbuf(),1318: [4] id=0 getdata FB(2088960,2) vb=00000000f2ac244e pts=0
09-17 19:03:40.933 D/VCodecVenc(  574): [L 324][EnqueInputBuffer]
09-17 19:03:40.946 D/android.hardware.media.c2@1.1-mediatek(  574): [import_mtk_dtv_native_buffer(): 717] mst buffer is secure: 0
09-17 19:03:40.946 D/android.hardware.media.c2@1.1-mediatek(  574): [import_mtk_dtv_native_buffer(): 717] mst buffer is secure: 0
09-17 19:03:40.950 D/VCodecVenc(  574): [L 324][EnqueInputBuffer]
09-17 19:03:40.959 D/VCodecVencImpl(  574): [L 572][MtkVencSetConfig]
09-17 19:03:40.962 D/android.hardware.media.c2@1.1-mediatek(  574): [import_mtk_dtv_native_buffer(): 717] mst buffer is secure: 0
09-17 19:03:40.962 D/android.hardware.media.c2@1.1-mediatek(  574): [import_mtk_dtv_native_buffer(): 717] mst buffer is secure: 0
09-17 19:03:40.964 I/kernel  ( 6193): [ 1713.597476][MTK_V4L2] level=0 vidioc_venc_qbuf(),1318: [4] id=0 getdata FB(2088960,2) vb=00000000f2ac244e pts=0
09-17 19:03:40.966 D/VCodecVenc(  574): [L 324][EnqueInputBuffer]
09-17 19:03:40.978 D/android.hardware.media.c2@1.1-mediatek(  574): [import_mtk_dtv_native_buffer(): 717] mst buffer is secure: 0
09-17 19:03:40.979 D/android.hardware.media.c2@1.1-mediatek(  574): [import_mtk_dtv_native_buffer(): 717] mst buffer is secure: 0
09-17 19:03:40.982 D/VCodecVenc(  574): [L 324][EnqueInputBuffer]
09-17 19:03:40.989 D/VCodecVencImpl(  574): [L 572][MtkVencSetConfig]
09-17 19:03:40.994 I/kernel  ( 6193): [ 1713.627910][MTK_V4L2] level=0 vidioc_venc_qbuf(),1318: [4] id=0 getdata FB(2088960,2) vb=00000000f2ac244e pts=0
09-17 19:03:40.995 D/android.hardware.media.c2@1.1-mediatek(  574): [import_mtk_dtv_native_buffer(): 717] mst buffer is secure: 0
09-17 19:03:40.996 D/android.hardware.media.c2@1.1-mediatek(  574): [import_mtk_dtv_native_buffer(): 717] mst buffer is secure: 0
09-17 19:03:40.999 D/VCodecVenc(  574): [L 324][EnqueInputBuffer]
09-17 19:03:41.012 D/android.hardware.media.c2@1.1-mediatek(  574): [import_mtk_dtv_native_buffer(): 717] mst buffer is secure: 0
09-17 19:03:41.012 D/android.hardware.media.c2@1.1-mediatek(  574): [import_mtk_dtv_native_buffer(): 717] mst buffer is secure: 0
09-17 19:03:41.016 D/VCodecVenc(  574): [L 324][EnqueInputBuffer]
09-17 19:03:41.020 D/VCodecVencImpl(  574): [L 572][MtkVencSetConfig]
09-17 19:03:41.024 I/kernel  ( 6193): [ 1713.657911][MTK_V4L2] level=0 vidioc_venc_qbuf(),1318: [4] id=0 getdata FB(2088960,2) vb=00000000f2ac244e pts=0
09-17 19:03:41.029 D/android.hardware.media.c2@1.1-mediatek(  574): [import_mtk_dtv_native_buffer(): 717] mst buffer is secure: 0
09-17 19:03:41.029 D/android.hardware.media.c2@1.1-mediatek(  574): [import_mtk_dtv_native_buffer(): 717] mst buffer is secure: 0
09-17 19:03:41.033 D/VCodecVenc(  574): [L 324][EnqueInputBuffer]
09-17 19:03:41.044 D/android.hardware.media.c2@1.1-mediatek(  574): [import_mtk_dtv_native_buffer(): 717] mst buffer is secure: 0
09-17 19:03:41.045 D/android.hardware.media.c2@1.1-mediatek(  574): [import_mtk_dtv_native_buffer(): 717] mst buffer is secure: 0
09-17 19:03:41.049 D/VCodecVenc(  574): [L 324][EnqueInputBuffer]
09-17 19:03:41.050 D/VCodecVencImpl(  574): [L 572][MtkVencSetConfig]
09-17 19:03:41.055 I/kernel  ( 6193): [ 1713.688852][MTK_V4L2] level=0 vidioc_venc_qbuf(),1318: [4] id=0 getdata FB(2088960,2) vb=00000000f2ac244e pts=0
09-17 19:03:41.061 D/android.hardware.media.c2@1.1-mediatek(  574): [import_mtk_dtv_native_buffer(): 717] mst buffer is secure: 0
09-17 19:03:41.061 D/android.hardware.media.c2@1.1-mediatek(  574): [import_mtk_dtv_native_buffer(): 717] mst buffer is secure: 0
09-17 19:03:41.065 D/VCodecVenc(  574): [L 324][EnqueInputBuffer]
09-17 19:03:41.079 D/android.hardware.media.c2@1.1-mediatek(  574): [import_mtk_dtv_native_buffer(): 717] mst buffer is secure: 0
09-17 19:03:41.079 D/android.hardware.media.c2@1.1-mediatek(  574): [import_mtk_dtv_native_buffer(): 717] mst buffer is secure: 0
09-17 19:03:41.081 D/VCodecVencImpl(  574): [L 572][MtkVencSetConfig]
09-17 19:03:41.085 I/kernel  ( 6193): [ 1713.718958][MTK_V4L2] level=0 vidioc_venc_qbuf(),1318: [4] id=0 getdata FB(2088960,2) vb=00000000f2ac244e pts=0
09-17 19:03:41.083 D/VCodecVenc(  574): [L 324][EnqueInputBuffer]
09-17 19:03:41.095 D/android.hardware.media.c2@1.1-mediatek(  574): [import_mtk_dtv_native_buffer(): 717] mst buffer is secure: 0
09-17 19:03:41.095 D/android.hardware.media.c2@1.1-mediatek(  574): [import_mtk_dtv_native_buffer(): 717] mst buffer is secure: 0
09-17 19:03:41.099 D/VCodecVenc(  574): [L 324][EnqueInputBuffer]
09-17 19:03:41.111 D/VCodecVencImpl(  574): [L 572][MtkVencSetConfig]
09-17 19:03:41.113 D/android.hardware.media.c2@1.1-mediatek(  574): [import_mtk_dtv_native_buffer(): 717] mst buffer is secure: 0
09-17 19:03:41.114 D/android.hardware.media.c2@1.1-mediatek(  574): [import_mtk_dtv_native_buffer(): 717] mst buffer is secure: 0
09-17 19:03:41.116 I/kernel  ( 6193): [ 1713.749333][MTK_V4L2] level=0 vidioc_venc_qbuf(),1318: [4] id=0 getdata FB(2088960,2) vb=00000000f2ac244e pts=0
09-17 19:03:41.117 D/VCodecVenc(  574): [L 324][EnqueInputBuffer]
09-17 19:03:41.141 D/VCodecVencImpl(  574): [L 572][MtkVencSetConfig]
09-17 19:03:41.143 D/android.hardware.media.c2@1.1-mediatek(  574): [import_mtk_dtv_native_buffer(): 717] mst buffer is secure: 0
09-17 19:03:41.144 D/android.hardware.media.c2@1.1-mediatek(  574): [import_mtk_dtv_native_buffer(): 717] mst buffer is secure: 0
09-17 19:03:41.146 I/kernel  ( 6193): [ 1713.779446][MTK_V4L2] level=0 vidioc_venc_qbuf(),1318: [4] id=0 getdata FB(2088960,2) vb=00000000f2ac244e pts=0
09-17 19:03:41.147 D/VCodecVenc(  574): [L 324][EnqueInputBuffer]
09-17 19:03:41.171 D/VCodecVencImpl(  574): [L 572][MtkVencSetConfig]
09-17 19:03:41.171 D/android.hardware.media.c2@1.1-mediatek(  574): [import_mtk_dtv_native_buffer(): 717] mst buffer is secure: 0
09-17 19:03:41.174 D/android.hardware.media.c2@1.1-mediatek(  574): [import_mtk_dtv_native_buffer(): 717] mst buffer is secure: 0
09-17 19:03:41.177 I/kernel  ( 6193): [ 1713.810341][MTK_V4L2] level=0 vidioc_venc_qbuf(),1318: [4] id=0 getdata FB(2088960,2) vb=00000000f2ac244e pts=0
09-17 19:03:41.179 D/VCodecVenc(  574): [L 324][EnqueInputBuffer]
09-17 19:03:41.202 D/VCodecVencImpl(  574): [L 572][MtkVencSetConfig]
09-17 19:03:41.202 D/android.hardware.media.c2@1.1-mediatek(  574): [import_mtk_dtv_native_buffer(): 717] mst buffer is secure: 0
09-17 19:03:41.203 D/android.hardware.media.c2@1.1-mediatek(  574): [import_mtk_dtv_native_buffer(): 717] mst buffer is secure: 0
09-17 19:03:41.207 I/kernel  ( 6193): [ 1713.840396][MTK_V4L2] level=0 vidioc_venc_qbuf(),1318: [4] id=0 getdata FB(2088960,2) vb=00000000f2ac244e pts=0
09-17 19:03:41.207 D/VCodecVenc(  574): [L 324][EnqueInputBuffer]
09-17 19:03:41.233 W/kernel  ( 9298): [ 1713.866849][VENC]merge sps,pps,frame
09-17 19:03:41.231 V/C2MtkVenc(  574): set average qp 8.
09-17 19:03:41.231 D/VCodecVencImpl(  574): [L 572][MtkVencSetConfig]
09-17 19:03:41.233 D/android.hardware.media.c2@1.1-mediatek(  574): [import_mtk_dtv_native_buffer(): 717] mst buffer is secure: 0
09-17 19:03:41.233 D/android.hardware.media.c2@1.1-mediatek(  574): [import_mtk_dtv_native_buffer(): 717] mst buffer is secure: 0
09-17 19:03:41.236 I/kernel  ( 6193): [ 1713.869273][MTK_V4L2] level=0 vidioc_venc_qbuf(),1318: [4] id=0 getdata FB(2088960,2) vb=00000000f2ac244e pts=0
09-17 19:03:41.239 D/VCodecVenc(  574): [L 324][EnqueInputBuffer]
09-17 19:03:41.262 D/VCodecVencImpl(  574): [L 572][MtkVencSetConfig]
09-17 19:03:41.264 D/android.hardware.media.c2@1.1-mediatek(  574): [import_mtk_dtv_native_buffer(): 717] mst buffer is secure: 0
09-17 19:03:41.264 D/android.hardware.media.c2@1.1-mediatek(  574): [import_mtk_dtv_native_buffer(): 717] mst buffer is secure: 0
09-17 19:03:41.266 I/kernel  ( 6193): [ 1713.900047][MTK_V4L2] level=0 vidioc_venc_qbuf(),1318: [4] id=0 getdata FB(2088960,2) vb=00000000f2ac244e pts=0
09-17 19:03:41.268 D/VCodecVenc(  574): [L 324][EnqueInputBuffer]
09-17 19:03:41.292 D/VCodecVencImpl(  574): [L 572][MtkVencSetConfig]
09-17 19:03:41.292 D/android.hardware.media.c2@1.1-mediatek(  574): [import_mtk_dtv_native_buffer(): 717] mst buffer is secure: 0
09-17 19:03:41.293 D/android.hardware.media.c2@1.1-mediatek(  574): [import_mtk_dtv_native_buffer(): 717] mst buffer is secure: 0
09-17 19:03:41.297 I/kernel  ( 6193): [ 1713.930353][MTK_V4L2] level=0 vidioc_venc_qbuf(),1318: [4] id=0 getdata FB(2088960,2) vb=00000000f2ac244e pts=0
09-17 19:03:41.298 D/VCodecVenc(  574): [L 324][EnqueInputBuffer]
09-17 19:03:41.322 D/VCodecVencImpl(  574): [L 572][MtkVencSetConfig]
09-17 19:03:41.323 D/android.hardware.media.c2@1.1-mediatek(  574): [import_mtk_dtv_native_buffer(): 717] mst buffer is secure: 0
09-17 19:03:41.323 D/android.hardware.media.c2@1.1-mediatek(  574): [import_mtk_dtv_native_buffer(): 717] mst buffer is secure: 0
09-17 19:03:41.327 I/kernel  ( 6193): [ 1713.960608][MTK_V4L2] level=0 vidioc_venc_qbuf(),1318: [4] id=0 getdata FB(2088960,2) vb=00000000f2ac244e pts=0
09-17 19:03:41.328 D/VCodecVenc(  574): [L 324][EnqueInputBuffer]
09-17 19:03:41.352 D/VCodecVencImpl(  574): [L 572][MtkVencSetConfig]
09-17 19:03:41.352 D/android.hardware.media.c2@1.1-mediatek(  574): [import_mtk_dtv_native_buffer(): 717] mst buffer is secure: 0
09-17 19:03:41.353 D/android.hardware.media.c2@1.1-mediatek(  574): [import_mtk_dtv_native_buffer(): 717] mst buffer is secure: 0
09-17 19:03:41.358 I/kernel  ( 6193): [ 1713.991406][MTK_V4L2] level=0 vidioc_venc_qbuf(),1318: [4] id=0 getdata FB(2088960,2) vb=00000000f2ac244e pts=0
09-17 19:03:41.359 D/VCodecVenc(  574): [L 324][EnqueInputBuffer]
09-17 19:03:41.385 D/android.hardware.media.c2@1.1-mediatek(  574): [import_mtk_dtv_native_buffer(): 717] mst buffer is secure: 0
09-17 19:03:41.385 D/VCodecVencImpl(  574): [L 572][MtkVencSetConfig]
09-17 19:03:41.386 D/android.hardware.media.c2@1.1-mediatek(  574): [import_mtk_dtv_native_buffer(): 717] mst buffer is secure: 0
09-17 19:03:41.389 D/VCodecVenc(  574): [L 324][EnqueInputBuffer]
09-17 19:03:41.390 I/kernel  ( 6193): [ 1714.023544][MTK_V4L2] level=0 vidioc_venc_qbuf(),1318: [4] id=0 getdata FB(2088960,2) vb=00000000f2ac244e pts=0
09-17 19:03:41.415 D/VCodecVencImpl(  574): [L 572][MtkVencSetConfig]
09-17 19:03:41.415 D/android.hardware.media.c2@1.1-mediatek(  574): [import_mtk_dtv_native_buffer(): 717] mst buffer is secure: 0
09-17 19:03:41.416 D/android.hardware.media.c2@1.1-mediatek(  574): [import_mtk_dtv_native_buffer(): 717] mst buffer is secure: 0
09-17 19:03:41.420 I/kernel  ( 6193): [ 1714.053837][MTK_V4L2] level=0 vidioc_venc_qbuf(),1318: [4] id=0 getdata FB(2088960,2) vb=00000000f2ac244e pts=0
09-17 19:03:41.420 D/VCodecVenc(  574): [L 324][EnqueInputBuffer]
09-17 19:03:41.446 D/android.hardware.media.c2@1.1-mediatek(  574): [import_mtk_dtv_native_buffer(): 717] mst buffer is secure: 0
09-17 19:03:41.446 D/VCodecVencImpl(  574): [L 572][MtkVencSetConfig]
09-17 19:03:41.446 D/android.hardware.media.c2@1.1-mediatek(  574): [import_mtk_dtv_native_buffer(): 717] mst buffer is secure: 0
09-17 19:03:41.450 D/VCodecVenc(  574): [L 324][EnqueInputBuffer]
09-17 19:03:41.451 I/kernel  ( 6193): [ 1714.084196][MTK_V4L2] level=0 vidioc_venc_qbuf(),1318: [4] id=0 getdata FB(2088960,2) vb=00000000f2ac244e pts=0
09-17 19:03:41.476 D/VCodecVencImpl(  574): [L 572][MtkVencSetConfig]
09-17 19:03:41.476 D/android.hardware.media.c2@1.1-mediatek(  574): [import_mtk_dtv_native_buffer(): 717] mst buffer is secure: 0
09-17 19:03:41.476 D/android.hardware.media.c2@1.1-mediatek(  574): [import_mtk_dtv_native_buffer(): 717] mst buffer is secure: 0
09-17 19:03:41.481 I/kernel  ( 6193): [ 1714.114413][MTK_V4L2] level=0 vidioc_venc_qbuf(),1318: [4] id=0 getdata FB(2088960,2) vb=00000000f2ac244e pts=0
09-17 19:03:41.480 D/VCodecVenc(  574): [L 324][EnqueInputBuffer]
09-17 19:03:41.486 I/kernel  ( 2441): [ 1714.119589][A8303-1_Driver] addr:0x08,  i2c status:0x1b from 0x1b
09-17 19:03:41.506 D/VCodecVencImpl(  574): [L 572][MtkVencSetConfig]
09-17 19:03:41.506 D/android.hardware.media.c2@1.1-mediatek(  574): [import_mtk_dtv_native_buffer(): 717] mst buffer is secure: 0
09-17 19:03:41.507 D/android.hardware.media.c2@1.1-mediatek(  574): [import_mtk_dtv_native_buffer(): 717] mst buffer is secure: 0
09-17 19:03:41.511 I/kernel  ( 6193): [ 1714.144808][MTK_V4L2] level=0 vidioc_venc_qbuf(),1318: [4] id=0 getdata FB(2088960,2) vb=00000000f2ac244e pts=0
09-17 19:03:41.512 D/VCodecVenc(  574): [L 324][EnqueInputBuffer]
09-17 19:03:41.517 I/com.sony.dtv.airplayapp:airplayserver( 3837): 2025-09-17 07:03:41.517036 PM [ConnectivityDetector] Connectivity detection check is requested [3]
09-17 19:03:41.517 I/com.sony.dtv.airplayapp:airplayserver( 3837): 2025-09-17 07:03:41.517662 PM [Airtunesd] PlatformOwned_AirPlayHandleServerCopyProperty. queue[AirPlayReceiverDelegateQueue]. inProperty[networkConnectionProperties].
09-17 19:03:41.518 D/AirPlay ( 3837): [AirPlay_getNetworkProperty]Return method volume=1
09-17 19:03:41.520 I/resolv  (  401): GetAddrInfoHandler::run: {0 0 0 983040 10212 0}
09-17 19:03:41.520 I/resolv  (  401): res_nmkquery: (QUERY, IN, AAAA)
09-17 19:03:41.520 I/resolv  (  401): res_nmkquery: (QUERY, IN, A)
09-17 19:03:41.520 I/resolv  (  401): doQuery: rcode=0, ancount=0, return value=-3
09-17 19:03:41.521 I/resolv  (  401): doQuery: rcode=0, ancount=0, return value=-3
09-17 19:03:41.526 I/com.sony.dtv.airplayapp:airplayserver( 3837): 2025-09-17 07:03:41.522778 PM [ConnectivityDetector] Checked network connectivity: old status 3, new status 3
09-17 19:03:41.537 D/VCodecVencImpl(  574): [L 572][MtkVencSetConfig]
09-17 19:03:41.537 D/android.hardware.media.c2@1.1-mediatek(  574): [import_mtk_dtv_native_buffer(): 717] mst buffer is secure: 0
09-17 19:03:41.538 D/android.hardware.media.c2@1.1-mediatek(  574): [import_mtk_dtv_native_buffer(): 717] mst buffer is secure: 0
09-17 19:03:41.543 I/kernel  ( 6193): [ 1714.176653][MTK_V4L2] level=0 vidioc_venc_qbuf(),1318: [4] id=0 getdata FB(2088960,2) vb=00000000f2ac244e pts=0
09-17 19:03:41.544 D/VCodecVenc(  574): [L 324][EnqueInputBuffer]
09-17 19:03:41.569 D/VCodecVencImpl(  574): [L 572][MtkVencSetConfig]
09-17 19:03:41.570 D/android.hardware.media.c2@1.1-mediatek(  574): [import_mtk_dtv_native_buffer(): 717] mst buffer is secure: 0
09-17 19:03:41.570 D/android.hardware.media.c2@1.1-mediatek(  574): [import_mtk_dtv_native_buffer(): 717] mst buffer is secure: 0
09-17 19:03:41.574 I/kernel  ( 6193): [ 1714.207126][MTK_V4L2] level=0 vidioc_venc_qbuf(),1318: [4] id=0 getdata FB(2088960,2) vb=00000000f2ac244e pts=0
09-17 19:03:41.574 D/VCodecVenc(  574): [L 324][EnqueInputBuffer]
09-17 19:03:41.599 D/VCodecVencImpl(  574): [L 572][MtkVencSetConfig]
09-17 19:03:41.599 D/android.hardware.media.c2@1.1-mediatek(  574): [import_mtk_dtv_native_buffer(): 717] mst buffer is secure: 0
09-17 19:03:41.599 D/android.hardware.media.c2@1.1-mediatek(  574): [import_mtk_dtv_native_buffer(): 717] mst buffer is secure: 0
09-17 19:03:41.604 I/kernel  ( 6193): [ 1714.237394][MTK_V4L2] level=0 vidioc_venc_qbuf(),1318: [4] id=0 getdata FB(2088960,2) vb=00000000f2ac244e pts=0
09-17 19:03:41.603 D/VCodecVenc(  574): [L 324][EnqueInputBuffer]
09-17 19:03:41.629 D/VCodecVencImpl(  574): [L 572][MtkVencSetConfig]
09-17 19:03:41.629 D/android.hardware.media.c2@1.1-mediatek(  574): [import_mtk_dtv_native_buffer(): 717] mst buffer is secure: 0
09-17 19:03:41.630 D/android.hardware.media.c2@1.1-mediatek(  574): [import_mtk_dtv_native_buffer(): 717] mst buffer is secure: 0
09-17 19:03:41.634 D/VCodecVenc(  574): [L 324][EnqueInputBuffer]
09-17 19:03:41.634 I/kernel  ( 6193): [ 1714.268007][MTK_V4L2] level=0 vidioc_venc_qbuf(),1318: [4] id=0 getdata FB(2088960,2) vb=00000000f2ac244e pts=0
09-17 19:03:41.660 D/VCodecVencImpl(  574): [L 572][MtkVencSetConfig]
09-17 19:03:41.660 D/android.hardware.media.c2@1.1-mediatek(  574): [import_mtk_dtv_native_buffer(): 717] mst buffer is secure: 0
09-17 19:03:41.660 D/android.hardware.media.c2@1.1-mediatek(  574): [import_mtk_dtv_native_buffer(): 717] mst buffer is secure: 0
09-17 19:03:41.664 I/kernel  ( 6193): [ 1714.298003][MTK_V4L2] level=0 vidioc_venc_qbuf(),1318: [4] id=0 getdata FB(2088960,2) vb=00000000f2ac244e pts=0
09-17 19:03:41.664 D/VCodecVenc(  574): [L 324][EnqueInputBuffer]
09-17 19:03:41.690 D/VCodecVencImpl(  574): [L 572][MtkVencSetConfig]
09-17 19:03:41.690 D/android.hardware.media.c2@1.1-mediatek(  574): [import_mtk_dtv_native_buffer(): 717] mst buffer is secure: 0
09-17 19:03:41.691 D/android.hardware.media.c2@1.1-mediatek(  574): [import_mtk_dtv_native_buffer(): 717] mst buffer is secure: 0
09-17 19:03:41.694 D/VCodecVenc(  574): [L 324][EnqueInputBuffer]
09-17 19:03:41.695 I/kernel  ( 6193): [ 1714.328485][MTK_V4L2] level=0 vidioc_venc_qbuf(),1318: [4] id=0 getdata FB(2088960,2) vb=00000000f2ac244e pts=0
09-17 19:03:41.720 D/VCodecVencImpl(  574): [L 572][MtkVencSetConfig]
09-17 19:03:41.720 D/android.hardware.media.c2@1.1-mediatek(  574): [import_mtk_dtv_native_buffer(): 717] mst buffer is secure: 0
09-17 19:03:41.721 D/android.hardware.media.c2@1.1-mediatek(  574): [import_mtk_dtv_native_buffer(): 717] mst buffer is secure: 0
09-17 19:03:41.725 I/kernel  ( 6193): [ 1714.358475][MTK_V4L2] level=0 vidioc_venc_qbuf(),1318: [4] id=0 getdata FB(2088960,2) vb=00000000f2ac244e pts=0
09-17 19:03:41.725 D/VCodecVenc(  574): [L 324][EnqueInputBuffer]
09-17 19:03:41.750 D/VCodecVencImpl(  574): [L 572][MtkVencSetConfig]
09-17 19:03:41.751 D/android.hardware.media.c2@1.1-mediatek(  574): [import_mtk_dtv_native_buffer(): 717] mst buffer is secure: 0
09-17 19:03:41.751 D/android.hardware.media.c2@1.1-mediatek(  574): [import_mtk_dtv_native_buffer(): 717] mst buffer is secure: 0
09-17 19:03:41.755 I/kernel  ( 6193): [ 1714.389011][MTK_V4L2] level=0 vidioc_venc_qbuf(),1318: [4] id=0 getdata FB(2088960,2) vb=00000000f2ac244e pts=0
09-17 19:03:41.755 D/VCodecVenc(  574): [L 324][EnqueInputBuffer]
09-17 19:03:41.781 D/VCodecVencImpl(  574): [L 572][MtkVencSetConfig]
09-17 19:03:41.781 D/android.hardware.media.c2@1.1-mediatek(  574): [import_mtk_dtv_native_buffer(): 717] mst buffer is secure: 0
09-17 19:03:41.785 I/kernel  ( 6193): [ 1714.418940][MTK_V4L2] level=0 vidioc_venc_qbuf(),1318: [4] id=0 getdata FB(2088960,2) vb=00000000f2ac244e pts=0
09-17 19:03:41.783 D/android.hardware.media.c2@1.1-mediatek(  574): [import_mtk_dtv_native_buffer(): 717] mst buffer is secure: 0
09-17 19:03:41.786 D/VCodecVenc(  574): [L 324][EnqueInputBuffer]
09-17 19:03:41.811 D/VCodecVencImpl(  574): [L 572][MtkVencSetConfig]
09-17 19:03:41.811 D/android.hardware.media.c2@1.1-mediatek(  574): [import_mtk_dtv_native_buffer(): 717] mst buffer is secure: 0
09-17 19:03:41.811 D/android.hardware.media.c2@1.1-mediatek(  574): [import_mtk_dtv_native_buffer(): 717] mst buffer is secure: 0
09-17 19:03:41.815 I/kernel  ( 6193): [ 1714.449050][MTK_V4L2] level=0 vidioc_venc_qbuf(),1318: [4] id=0 getdata FB(2088960,2) vb=00000000f2ac244e pts=0
09-17 19:03:41.815 D/VCodecVenc(  574): [L 324][EnqueInputBuffer]
09-17 19:03:41.826 D/VCodecVencImpl(  574): [L 572][MtkVencSetConfig]
09-17 19:03:41.826 D/android.hardware.media.c2@1.1-mediatek(  574): [import_mtk_dtv_native_buffer(): 717] mst buffer is secure: 0
09-17 19:03:41.827 D/android.hardware.media.c2@1.1-mediatek(  574): [import_mtk_dtv_native_buffer(): 717] mst buffer is secure: 0
09-17 19:03:41.830 I/kernel  ( 6193): [ 1714.463875][MTK_V4L2] level=0 vidioc_venc_qbuf(),1318: [4] id=0 getdata FB(2088960,2) vb=00000000f2ac244e pts=0
09-17 19:03:41.831 D/VCodecVenc(  574): [L 324][EnqueInputBuffer]
09-17 19:03:41.841 D/android.hardware.media.c2@1.1-mediatek(  574): [import_mtk_dtv_native_buffer(): 717] mst buffer is secure: 0
09-17 19:03:41.841 D/VCodecVencImpl(  574): [L 572][MtkVencSetConfig]
09-17 19:03:41.842 D/android.hardware.media.c2@1.1-mediatek(  574): [import_mtk_dtv_native_buffer(): 717] mst buffer is secure: 0
09-17 19:03:41.845 I/kernel  ( 6193): [ 1714.478791][MTK_V4L2] level=0 vidioc_venc_qbuf(),1318: [4] id=0 getdata FB(2088960,2) vb=00000000f2ac244e pts=0
09-17 19:03:41.846 D/VCodecVenc(  574): [L 324][EnqueInputBuffer]
09-17 19:03:41.855 D/VCodecVencImpl(  574): [L 572][MtkVencSetConfig]
09-17 19:03:41.860 I/kernel  ( 6193): [ 1714.493663][MTK_V4L2] level=0 vidioc_venc_qbuf(),1318: [4] id=0 getdata FB(2088960,2) vb=00000000f2ac244e pts=0
09-17 19:03:41.870 D/VCodecVencImpl(  574): [L 572][MtkVencSetConfig]
09-17 19:03:41.875 I/kernel  ( 6193): [ 1714.508732][MTK_V4L2] level=0 vidioc_venc_qbuf(),1318: [4] id=0 getdata FB(2088960,2) vb=00000000f2ac244e pts=0
09-17 19:03:41.877 D/android.hardware.media.c2@1.1-mediatek(  574): [import_mtk_dtv_native_buffer(): 717] mst buffer is secure: 0
09-17 19:03:41.878 D/android.hardware.media.c2@1.1-mediatek(  574): [import_mtk_dtv_native_buffer(): 717] mst buffer is secure: 0
09-17 19:03:41.881 D/VCodecVenc(  574): [L 324][EnqueInputBuffer]
09-17 19:03:41.885 D/VCodecVencImpl(  574): [L 572][MtkVencSetConfig]
09-17 19:03:41.890 I/kernel  ( 6193): [ 1714.523642][MTK_V4L2] level=0 vidioc_venc_qbuf(),1318: [4] id=0 getdata FB(2088960,2) vb=00000000f2ac244e pts=0
09-17 19:03:41.900 D/VCodecVencImpl(  574): [L 572][MtkVencSetConfig]
09-17 19:03:41.905 I/kernel  ( 6193): [ 1714.538446][MTK_V4L2] level=0 vidioc_venc_qbuf(),1318: [4] id=0 getdata FB(2088960,2) vb=00000000f2ac244e pts=0
09-17 19:03:41.915 D/VCodecVencImpl(  574): [L 572][MtkVencSetConfig]
09-17 19:03:41.920 I/kernel  ( 6193): [ 1714.553741][MTK_V4L2] level=0 vidioc_venc_qbuf(),1318: [4] id=0 getdata FB(2088960,2) vb=00000000f2ac244e pts=0
09-17 19:03:41.930 D/VCodecVencImpl(  574): [L 572][MtkVencSetConfig]
09-17 19:03:41.935 I/kernel  ( 6193): [ 1714.568568][MTK_V4L2] level=0 vidioc_venc_qbuf(),1318: [4] id=0 getdata FB(2088960,2) vb=00000000f2ac244e pts=0
09-17 19:03:41.945 D/VCodecVencImpl(  574): [L 572][MtkVencSetConfig]
09-17 19:03:41.950 I/kernel  ( 6193): [ 1714.583388][MTK_V4L2] level=0 vidioc_venc_qbuf(),1318: [4] id=0 getdata FB(2088960,2) vb=00000000f2ac244e pts=0
09-17 19:03:41.960 D/VCodecVencImpl(  574): [L 572][MtkVencSetConfig]
09-17 19:03:41.965 I/kernel  ( 6193): [ 1714.598430][MTK_V4L2] level=0 vidioc_venc_qbuf(),1318: [4] id=0 getdata FB(2088960,2) vb=00000000f2ac244e pts=0
09-17 19:03:41.977 D/android.hardware.media.c2@1.1-mediatek(  574): [import_mtk_dtv_native_buffer(): 717] mst buffer is secure: 0
09-17 19:03:41.978 D/android.hardware.media.c2@1.1-mediatek(  574): [import_mtk_dtv_native_buffer(): 717] mst buffer is secure: 0
09-17 19:03:41.981 D/VCodecVenc(  574): [L 324][EnqueInputBuffer]
09-17 19:03:41.982 D/VCodecVencImpl(  574): [L 572][MtkVencSetConfig]
09-17 19:03:41.985 I/kernel  ( 6193): [ 1714.618472][MTK_V4L2] level=0 vidioc_venc_qbuf(),1318: [4] id=0 getdata FB(2088960,2) vb=00000000f2ac244e pts=0
09-17 19:03:42.028 I/cast_shell( 3660): [0917/190342.028374:INFO:service_base.h(78)] Size of the map for type AuthTokenResponse is 0
09-17 19:03:42.078 D/android.hardware.media.c2@1.1-mediatek(  574): [import_mtk_dtv_native_buffer(): 717] mst buffer is secure: 0
09-17 19:03:42.078 D/android.hardware.media.c2@1.1-mediatek(  574): [import_mtk_dtv_native_buffer(): 717] mst buffer is secure: 0
09-17 19:03:42.082 D/VCodecVenc(  574): [L 324][EnqueInputBuffer]
09-17 19:03:42.082 D/VCodecVencImpl(  574): [L 572][MtkVencSetConfig]
09-17 19:03:42.085 I/kernel  ( 6193): [ 1714.718762][MTK_V4L2] level=0 vidioc_venc_qbuf(),1318: [4] id=0 getdata FB(2088960,2) vb=00000000f2ac244e pts=0
09-17 19:03:42.178 D/android.hardware.media.c2@1.1-mediatek(  574): [import_mtk_dtv_native_buffer(): 717] mst buffer is secure: 0
09-17 19:03:42.178 D/android.hardware.media.c2@1.1-mediatek(  574): [import_mtk_dtv_native_buffer(): 717] mst buffer is secure: 0
09-17 19:03:42.182 D/VCodecVenc(  574): [L 324][EnqueInputBuffer]
09-17 19:03:42.182 D/VCodecVencImpl(  574): [L 572][MtkVencSetConfig]
09-17 19:03:42.186 I/kernel  ( 6193): [ 1714.819152][MTK_V4L2] level=0 vidioc_venc_qbuf(),1318: [4] id=0 getdata FB(2088960,2) vb=00000000f2ac244e pts=0
09-17 19:03:42.278 D/android.hardware.media.c2@1.1-mediatek(  574): [import_mtk_dtv_native_buffer(): 717] mst buffer is secure: 0
09-17 19:03:42.279 D/android.hardware.media.c2@1.1-mediatek(  574): [import_mtk_dtv_native_buffer(): 717] mst buffer is secure: 0
09-17 19:03:42.282 D/VCodecVenc(  574): [L 324][EnqueInputBuffer]
09-17 19:03:42.282 D/VCodecVencImpl(  574): [L 572][MtkVencSetConfig]
09-17 19:03:42.286 I/kernel  ( 6193): [ 1714.919459][MTK_V4L2] level=0 vidioc_venc_qbuf(),1318: [4] id=0 getdata FB(2088960,2) vb=00000000f2ac244e pts=0
09-17 19:03:42.379 D/android.hardware.media.c2@1.1-mediatek(  574): [import_mtk_dtv_native_buffer(): 717] mst buffer is secure: 0
09-17 19:03:42.379 D/android.hardware.media.c2@1.1-mediatek(  574): [import_mtk_dtv_native_buffer(): 717] mst buffer is secure: 0
09-17 19:03:42.382 D/VCodecVenc(  574): [L 324][EnqueInputBuffer]
09-17 19:03:42.383 D/VCodecVencImpl(  574): [L 572][MtkVencSetConfig]
09-17 19:03:42.386 I/kernel  ( 6193): [ 1715.019725][MTK_V4L2] level=0 vidioc_venc_qbuf(),1318: [4] id=0 getdata FB(2088960,2) vb=00000000f2ac244e pts=0
09-17 19:03:42.467 I/cast_shell( 3660): [0917/190342.467458:INFO:service_base.h(246)] Container sizes for type CloudSetting are (session_info_map: 0), (topic_info_map: 21), (pending_events: 0).
09-17 19:03:42.479 D/android.hardware.media.c2@1.1-mediatek(  574): [import_mtk_dtv_native_buffer(): 717] mst buffer is secure: 0
09-17 19:03:42.479 D/android.hardware.media.c2@1.1-mediatek(  574): [import_mtk_dtv_native_buffer(): 717] mst buffer is secure: 0
09-17 19:03:42.483 D/VCodecVenc(  574): [L 324][EnqueInputBuffer]
09-17 19:03:42.483 D/VCodecVencImpl(  574): [L 572][MtkVencSetConfig]
09-17 19:03:42.486 I/kernel  ( 6193): [ 1715.120014][MTK_V4L2] level=0 vidioc_venc_qbuf(),1318: [4] id=0 getdata FB(2088960,2) vb=00000000f2ac244e pts=0
09-17 19:03:42.524 I/kernel  ( 2441): [ 1715.157866][A8303-1_Driver] addr:0x08,  i2c status:0x1b from 0x1b
09-17 19:03:42.579 D/android.hardware.media.c2@1.1-mediatek(  574): [import_mtk_dtv_native_buffer(): 717] mst buffer is secure: 0
09-17 19:03:42.580 D/android.hardware.media.c2@1.1-mediatek(  574): [import_mtk_dtv_native_buffer(): 717] mst buffer is secure: 0
09-17 19:03:42.583 D/VCodecVenc(  574): [L 324][EnqueInputBuffer]
09-17 19:03:42.583 D/VCodecVencImpl(  574): [L 572][MtkVencSetConfig]
09-17 19:03:42.587 I/kernel  ( 6193): [ 1715.220284][MTK_V4L2] level=0 vidioc_venc_qbuf(),1318: [4] id=0 getdata FB(2088960,2) vb=00000000f2ac244e pts=0
09-17 19:03:43.013 I/cast_shell( 3660): [0917/190343.013346:INFO:metrics_stat_logger.cc(38)] Metrics stat for the past 60 secs : total=8
09-17 19:03:43.013 I/cast_shell( 3660): [metrics_stat_logger] Cast.Discovery.Mdns.Query.Cast.Count=2
09-17 19:03:43.013 I/cast_shell( 3660): [metrics_stat_logger] Cast.Discovery.Mdns.Request.In=2
09-17 19:03:43.013 I/cast_shell( 3660): [metrics_stat_logger] Cast.Discovery.Mdns.ResponderStopped=1
09-17 19:03:43.013 I/cast_shell( 3660): [metrics_stat_logger] Cast.Discovery.Mdns.Response.Out=2
09-17 19:03:43.013 I/cast_shell( 3660): [metrics_stat_logger] Cast.Discovery.Mdns.SocketDestroyed=2
09-17 19:03:43.013 I/cast_shell( 3660): [metrics_stat_logger] Cast.Network.Down=1
09-17 19:03:43.013 I/cast_shell( 3660): [metrics_stat_logger] Cast.Network.LocalIpFragment=1
09-17 19:03:43.013 I/cast_shell( 3660): [metrics_stat_logger] Cast.System.Time.Heartbeat=1
09-17 19:03:43.561 I/kernel  ( 2441): [ 1716.195100][A8303-1_Driver] addr:0x08,  i2c status:0x1b from 0x1b
09-17 19:03:43.778 I/kernel  (   99): [ 1716.411683][wdk-c] cpu=0 o_k=0 lbit=0x1 cbit=0xf,e,3,1,407661500,f,0,0,0,0,[1716411676856,11000000] 30
09-17 19:03:43.778 I/kernel  (  101): [ 1716.411687][wdk-c] cpu=2 o_k=2 lbit=0x5 cbit=0xf,a,3,1,407661500,f,0,0,0,0,[1716411683773,10999983] 30
09-17 19:03:43.778 I/kernel  (  101): [ 1716.411692]wdt_dump_cntcv CPU:2 CNTCV_CTL:0 CNTCV_TVAL:fe3b74cb CNTVCT:4d247f4a5 SYST_CNTCR:0 SYST_DISTL:0 SYST_CNTCV:0
09-17 19:03:43.778 I/kernel  (   99): [ 1716.411693]wdt_dump_cntcv CPU:0 CNTCV_CTL:0 CNTCV_TVAL:a8e000d2 CNTVCT:4d247f43c SYST_CNTCR:0 SYST_DISTL:0 SYST_CNTCV:0
09-17 19:03:43.778 I/kernel  (  100): [ 1716.411694][wdk-c] cpu=1 o_k=1 lbit=0x7 cbit=0xf,8,3,1,407661500,f,0,0,0,0,[1716411690689,10999976] 30
09-17 19:03:43.778 I/kernel  (  100): [ 1716.411698]wdt_dump_cntcv CPU:1 CNTCV_CTL:0 CNTCV_TVAL:e8dd7d50 CNTVCT:4d247f4e0 SYST_CNTCR:0 SYST_DISTL:0 SYST_CNTCV:0
09-17 19:03:43.778 I/kernel  (  102): [ 1716.411850][thread:102] 2025-09-17 10:03:43.775560 UTC;android time 2025-09-17 10:03:43.775560
09-17 19:03:43.778 I/kernel  (  102): [ 1716.412029][wdk-k] cpu=3 o_k=3 lbit=0xf cbit=0xf,0,3,1,407661500,f,0,0,0,0,[1716411845273,10999821] 30
09-17 19:03:43.778 I/kernel  (  102): [ 1716.412032]wdt_dump_cntcv CPU:3 CNTCV_CTL:0 CNTCV_TVAL:bf9c4257 CNTVCT:4d247f4b2 SYST_CNTCR:0 SYST_DISTL:0 SYST_CNTCV:0
09-17 19:03:44.599 I/kernel  ( 2441): [ 1717.232447][A8303-1_Driver] addr:0x08,  i2c status:0x1b from 0x1b
09-17 19:03:45.099 V/WifiPickerTracker( 1468): Issuing scan request from WifiManager
09-17 19:03:45.099 I/WifiService(  702): startScan uid=1000
09-17 19:03:45.100 I/WifiScanningService(  702): Registering listener= com.android.server.wifi.scanner.WifiScannerInternal$ScanListener@a0ba69 uid=1000 packageName=com.android.tv.settings workSource=WorkSource{1000}
09-17 19:03:45.101 I/WifiScanningService(  702): start scan: ClientInfo[uid=1000, package=com.android.tv.settings, com.android.server.wifi.scanner.WifiScannerInternal$ScanListener@a0ba69] package com.android.tv.settings
09-17 19:03:45.101 I/WifiScanningService(  702): addSingleScanRequest: ClientInfo[uid=1000, package=com.android.tv.settings, com.android.server.wifi.scanner.WifiScannerInternal$ScanListener@a0ba69],WorkSource{1000 com.android.tv.settings}, ScanSettings {  type:HIGH ACCURACY band:24Ghz & 5Ghz (DFS incl) & 6Ghz & 60Ghz ignoreLocationSettings:false period:0 reportEvents:3 numBssidsPerScan:0 maxScansToCache:0 rnrSetting:0 6GhzPscOnlyEnabled:false channels:[  ]  } 
09-17 19:03:45.101 D/WifiScanRequestProxy(  702): Scan request succeeded
09-17 19:03:45.101 D/WifiScanningService(  702): replySucceeded onSuccess
09-17 19:03:45.109 D/wpa_supplicant( 1178): nl80211: Drv Event 103 (NL80211_CMD_VENDOR) received for wlan0
09-17 19:03:45.109 D/wpa_supplicant( 1178): nl80211: Vendor event: wiphy=0 vendor_id=0xce7 subcmd=12
09-17 19:03:45.109 D/WifiHAL (  586): event received NL80211_CMD_VENDOR, vendor_id = 0xce7, subcmd = 0xc
09-17 19:03:45.109 D/wpa_supplicant( 1178): nl80211: Ignore unsupported vendor event
09-17 19:03:45.109 D/WifiHAL (  586): event received NL80211_CMD_VENDOR, vendor_id = 0xce7, subcmd = 0x99
09-17 19:03:45.109 D/WifiHAL (  586): event received NL80211_CMD_TRIGGER_SCAN
09-17 19:03:45.109 D/wpa_supplicant( 1178): nl80211: Drv Event 103 (NL80211_CMD_VENDOR) received for wlan0
09-17 19:03:45.109 D/wpa_supplicant( 1178): nl80211: Vendor event: wiphy=0 vendor_id=0xce7 subcmd=153
09-17 19:03:45.109 D/wpa_supplicant( 1178): nl80211: Ignore unsupported vendor event
09-17 19:03:45.109 D/wpa_supplicant( 1178): nl80211: Drv Event 33 (NL80211_CMD_TRIGGER_SCAN) received for wlan0
09-17 19:03:45.109 D/wpa_supplicant( 1178): wlan0: nl80211: Scan trigger
09-17 19:03:45.109 D/wpa_supplicant( 1178): wlan0: Event SCAN_STARTED (47) received
09-17 19:03:45.109 D/wpa_supplicant( 1178): wlan0: External program started a scan
09-17 19:03:45.112 I/kernel  (  778): [ 1717.745634][wlan][778]mtk_cfg80211_scan:(REQ STATE) i=0, wildcard scan
09-17 19:03:45.112 I/kernel  (  778): [ 1717.745648][wlan][778]mtk_cfg80211_scan:(REQ STATE) i=1, u4ValidIdx=0, Ssid=HyokaT-Buffalo-B_2.4GHz, SsidLen=23
09-17 19:03:45.112 I/kernel  (  555): [ 1717.745740][wlan][555]aisFsmSteps:(AIS STATE) [AIS0] TRANSITION: [IDLE] -> [SCAN]
09-17 19:03:45.112 I/kernel  (  555): [ 1717.745787][wlan][555]scnFsmSteps:(SCN STATE) [SCAN]TRANSITION: [IDLE] -> [SCANNING]
09-17 19:03:45.112 I/kernel  ( 1178): [ 1717.745814][wlan][1178]mtk_cfg_get_txpower:(REQ WARN) STA doesn't support this function
09-17 19:03:45.112 I/kernel  ( 1178): [ 1717.746041][wlan][1178]mtk_cfg_get_txpower:(REQ WARN) STA doesn't support this function
09-17 19:03:45.170 I/kernel  (  555): [ 1717.803343][wlan][555]scanCheckEpigramVhtIE:(RLM WARN) [Epigram] prEpiIE->ucLength is too short, skip!
09-17 19:03:45.212 I/WifiService(  702): getConnectionInfo uid=10185
09-17 19:03:45.213 V/WifiPermissionsUtil(  702): checkCallersLocationPermission(com.uei.quicksetsdk): uid 10185 doesn't have permission android.permission.ACCESS_FINE_LOCATION
09-17 19:03:45.213 V/WifiPermissionsUtil(  702): enforceCanAccessScanResults(pkg=com.uei.quicksetsdk, uid=10185): canCallingUidAccessLocation=false, canAppPackageUseLocation=false
09-17 19:03:45.213 V/WifiService(  702): Keeping REDACT_FOR_ACCESS_FINE_LOCATION:java.lang.SecurityException: UID 10185 has no location permission
09-17 19:03:45.214 I/WifiService(  702): getWifiEnabledState uid=10185 state=3
09-17 19:03:45.229 I/kernel  (  555): [ 1717.862501][wlan][555]scanCheckEpigramVhtIE:(RLM WARN) [Epigram] prEpiIE->ucLength is too short, skip!
09-17 19:03:45.229 I/kernel  (  555): [ 1717.862517][wlan][555]scanCheckEpigramVhtIE:(RLM WARN) [Epigram] prEpiIE->ucLength is too short, skip!
09-17 19:03:45.229 I/kernel  (  555): [ 1717.862520][wlan][555]scanCheckEpigramVhtIE:(RLM WARN) [Epigram] prEpiIE->ucLength is too short, skip!
09-17 19:03:45.229 I/kernel  (  555): [ 1717.862523][wlan][555]scanCheckEpigramVhtIE:(RLM WARN) [Epigram] prEpiIE->ucLength is too short, skip!
09-17 19:03:45.516 I/kernel  (  555): [ 1718.149521][wlan][555]scanCheckEpigramVhtIE:(RLM WARN) [Epigram] prEpiIE->ucLength is too short, skip!
09-17 19:03:45.637 I/kernel  ( 2441): [ 1718.270269][A8303-1_Driver] addr:0x08,  i2c status:0x1b from 0x1b
09-17 19:03:45.698 I/kernel  (  555): [ 1718.331439][wlan][555]scanCheckEpigramVhtIE:(RLM WARN) [Epigram] prEpiIE->ucLength is too short, skip!
09-17 19:03:45.789 I/kernel  (  555): [ 1718.422636][wlan][555]scanCheckEpigramVhtIE:(RLM WARN) [Epigram] prEpiIE->ucLength is too short, skip!
09-17 19:03:45.946 I/kernel  (  555): [ 1718.580040][wlan][555]scanParsingRnrElement:(SCN STATE) OOB scan specific SSIDNum 1
09-17 19:03:45.997 I/kernel  (  555): [ 1718.630131][wlan][555]scanCheckEpigramVhtIE:(RLM WARN) [Epigram] prEpiIE->ucLength is too short, skip!
09-17 19:03:46.089 I/kernel  (  555): [ 1718.723082][wlan][555]scanCheckEpigramVhtIE:(RLM WARN) [Epigram] prEpiIE->ucLength is too short, skip!
09-17 19:03:46.092 I/kernel  (  555): [ 1718.725497][wlan][555]scanCheckEpigramVhtIE:(RLM WARN) [Epigram] prEpiIE->ucLength is too short, skip!
09-17 19:03:46.130 I/kernel  (  555): [ 1718.763650][wlan][555]scanCheckEpigramVhtIE:(RLM WARN) [Epigram] prEpiIE->ucLength is too short, skip!
09-17 19:03:46.181 I/kernel  (  555): [ 1718.814510][wlan][555]scanCheckEpigramVhtIE:(RLM WARN) [Epigram] prEpiIE->ucLength is too short, skip!
09-17 19:03:46.195 I/kernel  (  555): [ 1718.828843][wlan][555]scanCheckEpigramVhtIE:(RLM WARN) [Epigram] prEpiIE->ucLength is too short, skip!
09-17 19:03:46.212 I/kernel  (  555): [ 1718.845504][wlan][555]scanCheckEpigramVhtIE:(RLM WARN) [Epigram] prEpiIE->ucLength is too short, skip!
09-17 19:03:46.219 I/kernel  (  555): [ 1718.852864][wlan][555]scanCheckEpigramVhtIE:(RLM WARN) [Epigram] prEpiIE->ucLength is too short, skip!
09-17 19:03:46.250 I/kernel  (  555): [ 1718.883631][wlan][555]scanCheckEpigramVhtIE:(RLM WARN) [Epigram] prEpiIE->ucLength is too short, skip!
09-17 19:03:46.283 I/kernel  (  555): [ 1718.916445][wlan][555]scanCheckEpigramVhtIE:(RLM WARN) [Epigram] prEpiIE->ucLength is too short, skip!
09-17 19:03:46.352 I/kernel  (  555): [ 1718.985344][wlan][555]scanCheckEpigramVhtIE:(RLM WARN) [Epigram] prEpiIE->ucLength is too short, skip!
09-17 19:03:46.630 I/kernel  (   91): [ 1719.263212][Hang_Detect] hang_detect thread counts down 10:10, status 1.
09-17 19:03:46.675 I/kernel  ( 2441): [ 1719.308779][A8303-1_Driver] addr:0x08,  i2c status:0x1b from 0x1b
09-17 19:03:47.713 I/kernel  ( 2441): [ 1720.346992][A8303-1_Driver] addr:0x08,  i2c status:0x1b from 0x1b
09-17 19:03:47.729 E/WifiScoringParams(  702): Invalid frequency(-1), using 5G as default rssi array
09-17 19:03:47.729 I/WifiScanningService(  702): Registering listener= com.android.server.wifi.scanner.WifiScannerInternal$ScanListener@e5db58f uid=1000 packageName=null workSource=WorkSource{1000}
09-17 19:03:47.729 V/WifiConnectivityManager(  702): schedulePeriodicScanTimer intervalMs 40000
09-17 19:03:47.729 I/WifiScanningService(  702): start scan: ClientInfo[uid=1000, package=null, com.android.server.wifi.scanner.WifiScannerInternal$ScanListener@e5db58f] package null
09-17 19:03:47.730 I/WifiScanningService(  702): addSingleScanRequest: ClientInfo[uid=1000, package=null, com.android.server.wifi.scanner.WifiScannerInternal$ScanListener@e5db58f],WorkSource{1010}, ScanSettings {  type:HIGH ACCURACY band:24Ghz & 5Ghz (DFS incl) & 6Ghz ignoreLocationSettings:false period:0 reportEvents:3 numBssidsPerScan:0 maxScansToCache:0 rnrSetting:1 6GhzPscOnlyEnabled:true channels:[  ]  } 
09-17 19:03:47.730 D/WifiScanningService(  702): replySucceeded onSuccess
09-17 19:03:47.832 D/BufferPoolAccessor2.0(  574): bufferpool2 0xd8480c88 : 4(6293504 size) total buffers - 1(2048 size) used buffers - 22761/22839 (recycle/alloc) - 163/22838 (fetch/transfer)
09-17 19:03:47.832 D/BufferPoolAccessor2.0(  574): evictor expired: 1, evicted: 1
09-17 19:03:48.090 D/AES     (  702): AEEIOCTL_RT_MON_Kick IOCTL, cmd= 2147774474, lParam=300. 
09-17 19:03:48.094 I/kernel  (  942): [ 1720.727110]hang_detect HANG_KICK ( 300)
09-17 19:03:48.094 I/kernel  (  942): [ 1720.727123][Hang_Detect] hang_detect enabled 10
09-17 19:03:48.751 I/kernel  ( 2441): [ 1721.384645][A8303-1_Driver] addr:0x08,  i2c status:0x1b from 0x1b
09-17 19:03:48.788 W/WindowOnBackDispatcher( 2220): sendCancelIfRunning: isInProgress=falsecallback=android.view.ViewRootImpl$$ExternalSyntheticLambda11@30e3bea
09-17 19:03:48.788 D/CoreBackPreview(  702): Window{92e4dbb u0 com.google.android.apps.tv.launcherx}: Setting back callback null
09-17 19:03:48.791 W/InputManager-JNI(  702): Input channel object '92e4dbb com.google.android.apps.tv.launcherx (client)' was disposed without first being removed with the input manager!
09-17 19:03:48.799 D/hwcomposer3(  610): HWCLayer::mapLayerMmpIova: layer[ 35] data.fd = '57', data.addr = 0x8900194304
09-17 19:03:48.802 D/VSyncReactor(  666): Set the Vsync Period= 16666666
09-17 19:03:48.805 D/android.hardware.media.c2@1.1-mediatek(  574): [import_mtk_dtv_native_buffer(): 717] mst buffer is secure: 0
09-17 19:03:48.805 D/android.hardware.media.c2@1.1-mediatek(  574): [import_mtk_dtv_native_buffer(): 717] mst buffer is secure: 0
09-17 19:03:48.809 D/VCodecVenc(  574): [L 324][EnqueInputBuffer]
09-17 19:03:48.809 D/VCodecVencImpl(  574): [L 572][MtkVencSetConfig]
09-17 19:03:48.814 I/kernel  ( 6193): [ 1721.447495][MTK_V4L2] level=0 vidioc_venc_qbuf(),1318: [4] id=0 getdata FB(2088960,2) vb=00000000f2ac244e pts=0
09-17 19:03:48.826 D/android.hardware.media.c2@1.1-mediatek(  574): [import_mtk_dtv_native_buffer(): 717] mst buffer is secure: 0
09-17 19:03:48.826 D/android.hardware.media.c2@1.1-mediatek(  574): [import_mtk_dtv_native_buffer(): 717] mst buffer is secure: 0
09-17 19:03:48.830 D/VCodecVenc(  574): [L 324][EnqueInputBuffer]
09-17 19:03:48.839 D/VCodecVencImpl(  574): [L 572][MtkVencSetConfig]
09-17 19:03:48.844 I/kernel  ( 6193): [ 1721.477821][MTK_V4L2] level=0 vidioc_venc_qbuf(),1318: [4] id=0 getdata FB(2088960,2) vb=00000000f2ac244e pts=0
09-17 19:03:48.845 D/android.hardware.media.c2@1.1-mediatek(  574): [import_mtk_dtv_native_buffer(): 717] mst buffer is secure: 0
09-17 19:03:48.845 D/android.hardware.media.c2@1.1-mediatek(  574): [import_mtk_dtv_native_buffer(): 717] mst buffer is secure: 0
09-17 19:03:48.849 D/VCodecVenc(  574): [L 324][EnqueInputBuffer]
09-17 19:03:48.860 D/android.hardware.media.c2@1.1-mediatek(  574): [import_mtk_dtv_native_buffer(): 717] mst buffer is secure: 0
09-17 19:03:48.861 D/android.hardware.media.c2@1.1-mediatek(  574): [import_mtk_dtv_native_buffer(): 717] mst buffer is secure: 0
09-17 19:03:48.864 D/VCodecVenc(  574): [L 324][EnqueInputBuffer]
09-17 19:03:48.870 D/VCodecVencImpl(  574): [L 572][MtkVencSetConfig]
09-17 19:03:48.875 I/kernel  ( 6193): [ 1721.508224][MTK_V4L2] level=0 vidioc_venc_qbuf(),1318: [4] id=0 getdata FB(2088960,2) vb=00000000f2ac244e pts=0
09-17 19:03:48.879 D/android.hardware.media.c2@1.1-mediatek(  574): [import_mtk_dtv_native_buffer(): 717] mst buffer is secure: 0
09-17 19:03:48.879 D/android.hardware.media.c2@1.1-mediatek(  574): [import_mtk_dtv_native_buffer(): 717] mst buffer is secure: 0
09-17 19:03:48.883 D/VCodecVenc(  574): [L 324][EnqueInputBuffer]
09-17 19:03:48.895 D/android.hardware.media.c2@1.1-mediatek(  574): [import_mtk_dtv_native_buffer(): 717] mst buffer is secure: 0
09-17 19:03:48.895 D/android.hardware.media.c2@1.1-mediatek(  574): [import_mtk_dtv_native_buffer(): 717] mst buffer is secure: 0
09-17 19:03:48.899 D/VCodecVenc(  574): [L 324][EnqueInputBuffer]
09-17 19:03:48.900 D/VCodecVencImpl(  574): [L 572][MtkVencSetConfig]
09-17 19:03:48.905 I/kernel  ( 6193): [ 1721.538219][MTK_V4L2] level=0 vidioc_venc_qbuf(),1318: [4] id=0 getdata FB(2088960,2) vb=00000000f2ac244e pts=0
09-17 19:03:48.911 D/android.hardware.media.c2@1.1-mediatek(  574): [import_mtk_dtv_native_buffer(): 717] mst buffer is secure: 0
09-17 19:03:48.911 D/android.hardware.media.c2@1.1-mediatek(  574): [import_mtk_dtv_native_buffer(): 717] mst buffer is secure: 0
09-17 19:03:48.915 D/VCodecVenc(  574): [L 324][EnqueInputBuffer]
09-17 19:03:48.927 D/android.hardware.media.c2@1.1-mediatek(  574): [import_mtk_dtv_native_buffer(): 717] mst buffer is secure: 0
09-17 19:03:48.927 D/android.hardware.media.c2@1.1-mediatek(  574): [import_mtk_dtv_native_buffer(): 717] mst buffer is secure: 0
09-17 19:03:48.930 D/VCodecVencImpl(  574): [L 572][MtkVencSetConfig]
09-17 19:03:48.931 D/VCodecVenc(  574): [L 324][EnqueInputBuffer]
09-17 19:03:48.935 I/kernel  ( 6193): [ 1721.568422][MTK_V4L2] level=0 vidioc_venc_qbuf(),1318: [4] id=0 getdata FB(2088960,2) vb=00000000f2ac244e pts=0
09-17 19:03:48.945 D/android.hardware.media.c2@1.1-mediatek(  574): [import_mtk_dtv_native_buffer(): 717] mst buffer is secure: 0
09-17 19:03:48.945 D/android.hardware.media.c2@1.1-mediatek(  574): [import_mtk_dtv_native_buffer(): 717] mst buffer is secure: 0
09-17 19:03:48.949 D/VCodecVenc(  574): [L 324][EnqueInputBuffer]
09-17 19:03:48.960 D/VCodecVencImpl(  574): [L 572][MtkVencSetConfig]
09-17 19:03:48.962 D/android.hardware.media.c2@1.1-mediatek(  574): [import_mtk_dtv_native_buffer(): 717] mst buffer is secure: 0
09-17 19:03:48.965 I/kernel  ( 6193): [ 1721.599088][MTK_V4L2] level=0 vidioc_venc_qbuf(),1318: [4] id=0 getdata FB(2088960,2) vb=00000000f2ac244e pts=0
09-17 19:03:48.963 D/android.hardware.media.c2@1.1-mediatek(  574): [import_mtk_dtv_native_buffer(): 717] mst buffer is secure: 0
09-17 19:03:48.966 D/VCodecVenc(  574): [L 324][EnqueInputBuffer]
09-17 19:03:48.979 D/android.hardware.media.c2@1.1-mediatek(  574): [import_mtk_dtv_native_buffer(): 717] mst buffer is secure: 0
09-17 19:03:48.979 D/android.hardware.media.c2@1.1-mediatek(  574): [import_mtk_dtv_native_buffer(): 717] mst buffer is secure: 0
09-17 19:03:48.982 D/VCodecVenc(  574): [L 324][EnqueInputBuffer]
09-17 19:03:48.991 D/VCodecVencImpl(  574): [L 572][MtkVencSetConfig]
09-17 19:03:48.996 I/kernel  ( 6193): [ 1721.629402][MTK_V4L2] level=0 vidioc_venc_qbuf(),1318: [4] id=0 getdata FB(2088960,2) vb=00000000f2ac244e pts=0
09-17 19:03:48.996 D/android.hardware.media.c2@1.1-mediatek(  574): [import_mtk_dtv_native_buffer(): 717] mst buffer is secure: 0
09-17 19:03:48.996 D/android.hardware.media.c2@1.1-mediatek(  574): [import_mtk_dtv_native_buffer(): 717] mst buffer is secure: 0
09-17 19:03:49.000 D/VCodecVenc(  574): [L 324][EnqueInputBuffer]
09-17 19:03:49.011 D/android.hardware.media.c2@1.1-mediatek(  574): [import_mtk_dtv_native_buffer(): 717] mst buffer is secure: 0
09-17 19:03:49.011 D/android.hardware.media.c2@1.1-mediatek(  574): [import_mtk_dtv_native_buffer(): 717] mst buffer is secure: 0
09-17 19:03:49.015 D/VCodecVenc(  574): [L 324][EnqueInputBuffer]
09-17 19:03:49.023 D/VCodecVencImpl(  574): [L 572][MtkVencSetConfig]
09-17 19:03:49.027 I/kernel  ( 6193): [ 1721.661091][MTK_V4L2] level=0 vidioc_venc_qbuf(),1318: [4] id=0 getdata FB(2088960,2) vb=00000000f2ac244e pts=0
09-17 19:03:49.028 D/android.hardware.media.c2@1.1-mediatek(  574): [import_mtk_dtv_native_buffer(): 717] mst buffer is secure: 0
09-17 19:03:49.028 D/android.hardware.media.c2@1.1-mediatek(  574): [import_mtk_dtv_native_buffer(): 717] mst buffer is secure: 0
09-17 19:03:49.032 D/VCodecVenc(  574): [L 324][EnqueInputBuffer]
09-17 19:03:49.035 I/kernel  (  555): [ 1721.668545][wlan][555]scanAddToBssDesc:(SCN STATE) IE_PriCh:65 mismatch with RXD_ChNum:85
09-17 19:03:49.046 D/android.hardware.media.c2@1.1-mediatek(  574): [import_mtk_dtv_native_buffer(): 717] mst buffer is secure: 0
09-17 19:03:49.046 D/android.hardware.media.c2@1.1-mediatek(  574): [import_mtk_dtv_native_buffer(): 717] mst buffer is secure: 0
09-17 19:03:49.050 D/VCodecVenc(  574): [L 324][EnqueInputBuffer]
09-17 19:03:49.055 D/VCodecVencImpl(  574): [L 572][MtkVencSetConfig]
09-17 19:03:49.060 I/kernel  ( 6193): [ 1721.693158][MTK_V4L2] level=0 vidioc_venc_qbuf(),1318: [4] id=0 getdata FB(2088960,2) vb=00000000f2ac244e pts=0
09-17 19:03:49.062 D/android.hardware.media.c2@1.1-mediatek(  574): [import_mtk_dtv_native_buffer(): 717] mst buffer is secure: 0
09-17 19:03:49.063 D/android.hardware.media.c2@1.1-mediatek(  574): [import_mtk_dtv_native_buffer(): 717] mst buffer is secure: 0
09-17 19:03:49.066 D/VCodecVenc(  574): [L 324][EnqueInputBuffer]
09-17 19:03:49.085 D/VCodecVencImpl(  574): [L 572][MtkVencSetConfig]
09-17 19:03:49.085 D/android.hardware.media.c2@1.1-mediatek(  574): [import_mtk_dtv_native_buffer(): 717] mst buffer is secure: 0
09-17 19:03:49.088 D/android.hardware.media.c2@1.1-mediatek(  574): [import_mtk_dtv_native_buffer(): 717] mst buffer is secure: 0
09-17 19:03:49.090 I/kernel  ( 6193): [ 1721.723500][MTK_V4L2] level=0 vidioc_venc_qbuf(),1318: [4] id=0 getdata FB(2088960,2) vb=00000000f2ac244e pts=0
09-17 19:03:49.094 D/VCodecVenc(  574): [L 324][EnqueInputBuffer]
09-17 19:03:49.117 I/kernel  (  555): [ 1721.750496][wlan][555]scnFsmSteps:(SCN STATE) [SCAN]TRANSITION: [SCANNING] -> [SCANNING]
09-17 19:03:49.115 D/VCodecVencImpl(  574): [L 572][MtkVencSetConfig]
09-17 19:03:49.115 D/android.hardware.media.c2@1.1-mediatek(  574): [import_mtk_dtv_native_buffer(): 717] mst buffer is secure: 0
09-17 19:03:49.117 D/android.hardware.media.c2@1.1-mediatek(  574): [import_mtk_dtv_native_buffer(): 717] mst buffer is secure: 0
09-17 19:03:49.120 I/kernel  ( 6193): [ 1721.753655][MTK_V4L2] level=0 vidioc_venc_qbuf(),1318: [4] id=0 getdata FB(2088960,2) vb=00000000f2ac244e pts=0
09-17 19:03:49.122 D/VCodecVenc(  574): [L 324][EnqueInputBuffer]
09-17 19:03:49.145 D/VCodecVencImpl(  574): [L 572][MtkVencSetConfig]
09-17 19:03:49.145 D/android.hardware.media.c2@1.1-mediatek(  574): [import_mtk_dtv_native_buffer(): 717] mst buffer is secure: 0
09-17 19:03:49.147 D/android.hardware.media.c2@1.1-mediatek(  574): [import_mtk_dtv_native_buffer(): 717] mst buffer is secure: 0
09-17 19:03:49.150 I/kernel  ( 6193): [ 1721.783500][MTK_V4L2] level=0 vidioc_venc_qbuf(),1318: [4] id=0 getdata FB(2088960,2) vb=00000000f2ac244e pts=0
09-17 19:03:49.151 D/VCodecVenc(  574): [L 324][EnqueInputBuffer]
09-17 19:03:49.175 D/VCodecVencImpl(  574): [L 572][MtkVencSetConfig]
09-17 19:03:49.175 D/android.hardware.media.c2@1.1-mediatek(  574): [import_mtk_dtv_native_buffer(): 717] mst buffer is secure: 0
09-17 19:03:49.178 D/android.hardware.media.c2@1.1-mediatek(  574): [import_mtk_dtv_native_buffer(): 717] mst buffer is secure: 0
09-17 19:03:49.180 I/kernel  ( 6193): [ 1721.813821][MTK_V4L2] level=0 vidioc_venc_qbuf(),1318: [4] id=0 getdata FB(2088960,2) vb=00000000f2ac244e pts=0
09-17 19:03:49.181 D/VCodecVenc(  574): [L 324][EnqueInputBuffer]
