09-17 19:03:31.830 D/WifiNetworkSelector(  702): Networks filtered out due to low signal strength: SWingCert-Enroll:1c:d1:e0:e0:ed:2a(5GHz)-94 / SWing:1c:d1:e0:e0:ed:2b(5GHz)-91 / EngN:1c:d1:e0:e0:ed:2c(5GHz)-91 / GuestNet:1c:d1:e0:e0:ed:2e(5GHz)-92 / SWingS:1c:d1:e0:e0:ed:2f(5GHz)-91 / SWingS:e4:4e:2d:a4:aa:af(5GHz)-88 / GuestNet:1c:d1:e0:de:14:6e(5GHz)-87 / SWingCert-Enroll:1c:d1:e0:dc:46:8a(5GHz)-87 / GuestNet:1c:d1:e0:dc:46:8e(5GHz)-88 / SWingCert-Enroll:e4:4e:2d:a4:55:4a(5GHz)-80 / EngN:e4:4e:2d:a4:55:4c(5GHz)-81 / GuestNet:e4:4e:2d:a4:55:4e(5GHz)-81 / SWingS:e4:4e:2d:a4:55:4f(5GHz)-81 / SWing:1c:d1:e0:dc:46:8b(5GHz)-88 / EngN:1c:d1:e0:dc:46:8c(5GHz)-89 / SWingCert-Enroll:e4:4e:2d:79:8e:4a(5GHz)-80 / SWing:e4:4e:2d:79:8e:4b(5GHz)-80 / SWingCert-Enroll:e4:4e:2d:a4:aa:aa(5GHz)-89 / SWingS:1c:d1:e0:dc:46:8f(5GHz)-89 / Buffalo-5G-F620-WPA3:68:e1:dc:a9:f6:2a(5GHz)-94 / SWingS:e4:4e:2d:7c:9c:af(5GHz)-78 / SWingS:e4:4e:2d:7c:06:2f(5GHz)-90 / SWing:e4:4e:2d:7c:06:2b(5GHz)-90 / Buffalo-5G-F620:68:e1:dc:a9:f6:29(5GHz)-95 / 0002softbank:02:09:b4:71:0a:ac(5GHz)-95 / GuestNet:e4:4e:2d:76:f2:4e(5GHz)-94 / SWingS:e4:4e:2d:76:f2:4f(5GHz)-95 / 
09-17 19:03:31.830 V/WifiConfigManager(  702): Clear network candidate scan result for 4
09-17 19:03:31.830 D/WifiNetworkSelector(  702): About to run SavedNetworkNominator :
09-17 19:03:31.833 D/WifiNetworkSelector(  702): About to run NetworkSuggestionNominator :
09-17 19:03:31.836 V/WifiLastResortWatchdog(  702): updateAvailableNetworks: size = 0
09-17 19:03:31.836 V/WifiLastResortWatchdog(  702): mWatchdogFeatureEnabled: true
09-17 19:03:31.836 V/WifiLastResortWatchdog(  702): mWatchdogAllowedToTrigger: true
09-17 19:03:31.836 V/WifiLastResortWatchdog(  702): mRecentAvailableNetworks: 0
09-17 19:03:31.836 V/WifiLastResortWatchdog(  702): mSsidFailureCount:
09-17 19:03:31.837 V/WifiConnectivityManager(  702): AllSingleScanListener:  No candidates
09-17 19:03:31.863 I/WifiService(  702): getSupportedFeatures uid=1000 returns 19f010f38889419
09-17 19:03:31.879 I/WifiService(  702): getWifiConfigsForMatchedNetworkSuggestions uid=1000
09-17 19:03:31.897 I/WifiService(  702): getMatchingPasspointConfigurations uid=1000
09-17 19:03:31.910 I/WifiService(  702): getMatchingOsuProviders uid=1000
09-17 19:03:31.911 I/WifiService(  702): getMatchingPasspointConfigsForOsuProviders uid=1000
09-17 19:03:31.966 V/WifiPickerTracker( 1468): Connected WifiEntries: []
09-17 19:03:31.973 V/WifiPickerTracker( 1468): Updated WifiEntries: [StandardWifiEntry:{"SCAN_RESULT_KEY":"{\"SSID\":\"ASUS-A-0316f\",\"SECURITY_TYPES\":[2,4]}","IS_TARGETING_NEW_NETWORKS":true},title:ASUS-A-0316f,summary:,isSaved:false,isSubscription:false,isSuggestion:false,level:4,security:[2, 4],connected:false,connectedInfo:null,hasInternet:false,isDefault:false,isPrimary:false, StandardWifiEntry:{"SCAN_RESULT_KEY":"{\"SSID\":\"ASUS-G-0316f\",\"SECURITY_TYPES\":[2,4]}","IS_TARGETING_NEW_NETWORKS":true},title:ASUS-G-0316f,summary:,isSaved:false,isSubscription:false,isSuggestion:false,level:4,security:[2, 4],connected:false,connectedInfo:null,hasInternet:false,isDefault:false,isPrimary:false, StandardWifiEntry:{"SCAN_RESULT_KEY":"{\"SSID\":\"ASUS_80\",\"SECURITY_TYPES\":[2,4]}","IS_TARGETING_NEW_NETWORKS":true},title:ASUS_80,summary:,isSaved:false,isSubscription:false,isSuggestion:false,level:4,security:[2, 4],connected:false,connectedInfo:null,hasInternet:false,isDefault:false,isPrimary:false, StandardWifiEntry:{"SCAN_RESULT_KEY":"{\"SSID\":\"ASUS_ber7\",\"SECURITY_TYPES\":[2,4]}","IS_TARGETING_NEW_NETWORKS":true},title:ASUS_ber7,summary:,isSaved:false,isSubscription:false,isSuggestion:false,level:4,security:[2, 4],connected:false,connectedInfo:null,hasInternet:false,isDefault:false,isPrimary:false, StandardWifiEntry:{"SCAN_RESULT_KEY":"{\"SSID\":\"ASUS_ber7_5G\",\"SECURITY_TYPES\":[2,4]}","IS_TARGETING_NEW_NETWORKS":true},title:ASUS_ber7_5G,summary:,isSaved:false,isSubscription:false,isSuggestion:false,level:4,security:[2, 4],connected:false,connectedInfo:null,hasInternet:false,isDefault:false,isPrimary:false, StandardWifiEntry:{"SCAN_RESULT_KEY":"{\"SSID\":\"AS_2\",\"SECURITY_TYPES\":[2,4]}","IS_TARGETING_NEW_NETWORKS":true},title:AS_2,summary:,isSaved:false,isSubscription:false,isSuggestion:false,level:4,security:[2, 4],connected:false,connectedInfo:null,hasInternet:false,isDefault:false,isPrimary:false, StandardWifiEntry:{"SCAN_RESULT_KEY":"{\"SSID\":\"AS_5\",\"SECURITY_TYPES\":[2,4]}","IS_TARGETING_NEW_NETWORKS":true},title:AS_5,summary:,isSaved:false,isSubscription:false,isSuggestion:false,level:4,security:[2, 4],connected:false,connectedInfo:null,hasInternet:false,isDefault:false,isPrimary:false, StandardWifiEntry:{"SCAN_RESULT_KEY":"{\"SSID\":\"AS_6\",\"SECURITY_TYPES\":[2,4]}","IS_TARGETING_NEW_NETWORKS":true},title:AS_6,summary:,isSaved:false,isSubscription:false,isSuggestion:false,level:4,security:[2, 4],connected:false,connectedInfo:null,hasInternet:false,isDefault:false,isPrimary:false, StandardWifiEntry:{"SCAN_RESULT_KEY":"{\"SSID\":\"Aterm-WG1400HP_A\",\"SECURITY_TYPES\":[2,4]}","IS_TARGETING_NEW_NETWORKS":true},title:Aterm-WG1400HP_A,summary:,isSaved:false,isSubscription:false,isSuggestion:false,level:4,security:[2, 4],connected:false,connectedInfo:null,hasInternet:false,isDefault:false,isPrimary:false, StandardWifiEntry:{"SCAN_RESULT_KEY":"{\"SSID\":\"Aterm-WG1400HP_G\",\"SECURITY_TYPES\":[2,4]}","IS_TARGETING_NEW_NETWORKS":true},title:Aterm-WG1400HP_G,summary:,isSaved:false,isSubscription:false,isSuggestion:false,level:4,security:[2, 4],connected:false,connectedInfo:null,hasInternet:false,isDefault:false,isPrimary:false, StandardWifiEntry:{"SCAN_RESULT_KEY":"{\"SSID\":\"Aterm-WG1400HP_GW\",\"SECURITY_TYPES\":[1]}","IS_TARGETING_NEW_NETWORKS":true},title:Aterm-WG1400HP_GW,summary:,isSaved:false,isSubscription:false,isSuggestion:false,level:4,security:[1],connected:false,connectedInfo:null,hasInternet:false,isDefault:false,isPrimary:false, StandardWifiEntry:{"SCAN_RESULT_KEY":"{\"SSID\":\"BDDE261C63DA4B894A6B9214B6BE23D2\",\"SECURITY_TYPES\":[2,4]}","IS_TARGETING_NEW_NETWORKS":true},title:BDDE261C63DA4B894A6B9214B6BE23D2,summary:,isSaved:false,isSubscription:false,isSuggestion:false,level:4,security:[2, 4],connected:false,connectedInfo:null,hasInternet:false,isDefault:false,isPrimary:false, StandardWifiEntry:{"SCAN_RESULT_KEY":"{\"SSID\":\"BF_AP29_6_192bit\",\"SECURITY_TYPES\":[5]}","IS_TARGETING_NEW_NETWORKS":true},title:BF_AP29_6_192bit,summary:,isSaved:false,isSubscription:false,isSuggestion:false
09-17 19:03:31.973 I/WifiService(  702): getWifiEnabledState uid=1000 state=3
09-17 19:03:32.019 D/VSyncReactor(  666): Set the Vsync Period= 16666666
09-17 19:03:32.043 D/android.hardware.media.c2@1.1-mediatek(  574): [import_mtk_dtv_native_buffer(): 717] mst buffer is secure: 0
09-17 19:03:32.043 D/android.hardware.media.c2@1.1-mediatek(  574): [import_mtk_dtv_native_buffer(): 717] mst buffer is secure: 0
09-17 19:03:32.047 D/VCodecVenc(  574): [L 324][EnqueInputBuffer]
09-17 19:03:32.047 D/VCodecVencImpl(  574): [L 572][MtkVencSetConfig]
09-17 19:03:32.052 I/kernel  ( 6193): [ 1704.685406][MTK_V4L2] level=0 vidioc_venc_qbuf(),1318: [4] id=0 getdata FB(2088960,2) vb=00000000f2ac244e pts=0
09-17 19:03:32.059 D/android.hardware.media.c2@1.1-mediatek(  574): [import_mtk_dtv_native_buffer(): 717] mst buffer is secure: 0
09-17 19:03:32.060 D/android.hardware.media.c2@1.1-mediatek(  574): [import_mtk_dtv_native_buffer(): 717] mst buffer is secure: 0
09-17 19:03:32.064 D/VCodecVenc(  574): [L 324][EnqueInputBuffer]
09-17 19:03:32.076 D/android.hardware.media.c2@1.1-mediatek(  574): [import_mtk_dtv_native_buffer(): 717] mst buffer is secure: 0
09-17 19:03:32.077 D/android.hardware.media.c2@1.1-mediatek(  574): [import_mtk_dtv_native_buffer(): 717] mst buffer is secure: 0
09-17 19:03:32.077 D/VCodecVencImpl(  574): [L 572][MtkVencSetConfig]
09-17 19:03:32.080 D/VCodecVenc(  574): [L 324][EnqueInputBuffer]
09-17 19:03:32.082 I/kernel  ( 6193): [ 1704.715611][MTK_V4L2] level=0 vidioc_venc_qbuf(),1318: [4] id=0 getdata FB(2088960,2) vb=00000000f2ac244e pts=0
09-17 19:03:32.092 D/android.hardware.media.c2@1.1-mediatek(  574): [import_mtk_dtv_native_buffer(): 717] mst buffer is secure: 0
09-17 19:03:32.092 D/android.hardware.media.c2@1.1-mediatek(  574): [import_mtk_dtv_native_buffer(): 717] mst buffer is secure: 0
09-17 19:03:32.096 D/VCodecVenc(  574): [L 324][EnqueInputBuffer]
09-17 19:03:32.101 I/kernel  (  555): [ 1704.735099][wlan][555]scanCheckEpigramVhtIE:(RLM WARN) [Epigram] prEpiIE->ucLength is too short, skip!
09-17 19:03:32.108 D/VCodecVencImpl(  574): [L 572][MtkVencSetConfig]
09-17 19:03:32.110 D/android.hardware.media.c2@1.1-mediatek(  574): [import_mtk_dtv_native_buffer(): 717] mst buffer is secure: 0
09-17 19:03:32.112 I/kernel  ( 6193): [ 1704.745864][MTK_V4L2] level=0 vidioc_venc_qbuf(),1318: [4] id=0 getdata FB(2088960,2) vb=00000000f2ac244e pts=0
09-17 19:03:32.111 D/android.hardware.media.c2@1.1-mediatek(  574): [import_mtk_dtv_native_buffer(): 717] mst buffer is secure: 0
09-17 19:03:32.114 D/VCodecVenc(  574): [L 324][EnqueInputBuffer]
09-17 19:03:32.127 D/android.hardware.media.c2@1.1-mediatek(  574): [import_mtk_dtv_native_buffer(): 717] mst buffer is secure: 0
09-17 19:03:32.128 D/android.hardware.media.c2@1.1-mediatek(  574): [import_mtk_dtv_native_buffer(): 717] mst buffer is secure: 0
09-17 19:03:32.131 D/VCodecVenc(  574): [L 324][EnqueInputBuffer]
09-17 19:03:32.135 I/kernel  ( 2441): [ 1704.768449][A8303-1_Driver] addr:0x08,  i2c status:0x1b from 0x1b
09-17 19:03:32.138 D/VCodecVencImpl(  574): [L 572][MtkVencSetConfig]
09-17 19:03:32.143 I/kernel  ( 6193): [ 1704.776169][MTK_V4L2] level=0 vidioc_venc_qbuf(),1318: [4] id=0 getdata FB(2088960,2) vb=00000000f2ac244e pts=0
09-17 19:03:32.143 D/android.hardware.media.c2@1.1-mediatek(  574): [import_mtk_dtv_native_buffer(): 717] mst buffer is secure: 0
09-17 19:03:32.143 D/android.hardware.media.c2@1.1-mediatek(  574): [import_mtk_dtv_native_buffer(): 717] mst buffer is secure: 0
09-17 19:03:32.147 D/VCodecVenc(  574): [L 324][EnqueInputBuffer]
09-17 19:03:32.160 D/android.hardware.media.c2@1.1-mediatek(  574): [import_mtk_dtv_native_buffer(): 717] mst buffer is secure: 0
09-17 19:03:32.160 D/android.hardware.media.c2@1.1-mediatek(  574): [import_mtk_dtv_native_buffer(): 717] mst buffer is secure: 0
09-17 19:03:32.165 D/VCodecVenc(  574): [L 324][EnqueInputBuffer]
09-17 19:03:32.168 D/VCodecVencImpl(  574): [L 572][MtkVencSetConfig]
09-17 19:03:32.173 I/kernel  ( 6193): [ 1704.806407][MTK_V4L2] level=0 vidioc_venc_qbuf(),1318: [4] id=0 getdata FB(2088960,2) vb=00000000f2ac244e pts=0
09-17 19:03:32.176 D/android.hardware.media.c2@1.1-mediatek(  574): [import_mtk_dtv_native_buffer(): 717] mst buffer is secure: 0
09-17 19:03:32.176 D/android.hardware.media.c2@1.1-mediatek(  574): [import_mtk_dtv_native_buffer(): 717] mst buffer is secure: 0
09-17 19:03:32.180 D/VCodecVenc(  574): [L 324][EnqueInputBuffer]
09-17 19:03:32.192 D/android.hardware.media.c2@1.1-mediatek(  574): [import_mtk_dtv_native_buffer(): 717] mst buffer is secure: 0
09-17 19:03:32.193 D/android.hardware.media.c2@1.1-mediatek(  574): [import_mtk_dtv_native_buffer(): 717] mst buffer is secure: 0
09-17 19:03:32.197 D/VCodecVenc(  574): [L 324][EnqueInputBuffer]
09-17 19:03:32.198 D/VCodecVencImpl(  574): [L 572][MtkVencSetConfig]
09-17 19:03:32.203 I/kernel  ( 6193): [ 1704.836742][MTK_V4L2] level=0 vidioc_venc_qbuf(),1318: [4] id=0 getdata FB(2088960,2) vb=00000000f2ac244e pts=0
09-17 19:03:32.210 D/android.hardware.media.c2@1.1-mediatek(  574): [import_mtk_dtv_native_buffer(): 717] mst buffer is secure: 0
09-17 19:03:32.210 D/android.hardware.media.c2@1.1-mediatek(  574): [import_mtk_dtv_native_buffer(): 717] mst buffer is secure: 0
09-17 19:03:32.214 D/VCodecVenc(  574): [L 324][EnqueInputBuffer]
09-17 19:03:32.226 D/android.hardware.media.c2@1.1-mediatek(  574): [import_mtk_dtv_native_buffer(): 717] mst buffer is secure: 0
09-17 19:03:32.227 D/android.hardware.media.c2@1.1-mediatek(  574): [import_mtk_dtv_native_buffer(): 717] mst buffer is secure: 0
09-17 19:03:32.229 D/VCodecVencImpl(  574): [L 572][MtkVencSetConfig]
09-17 19:03:32.233 I/kernel  ( 6193): [ 1704.866730][MTK_V4L2] level=0 vidioc_venc_qbuf(),1318: [4] id=0 getdata FB(2088960,2) vb=00000000f2ac244e pts=0
09-17 19:03:32.230 D/VCodecVenc(  574): [L 324][EnqueInputBuffer]
09-17 19:03:32.243 D/android.hardware.media.c2@1.1-mediatek(  574): [import_mtk_dtv_native_buffer(): 717] mst buffer is secure: 0
09-17 19:03:32.243 D/android.hardware.media.c2@1.1-mediatek(  574): [import_mtk_dtv_native_buffer(): 717] mst buffer is secure: 0
09-17 19:03:32.247 D/VCodecVenc(  574): [L 324][EnqueInputBuffer]
09-17 19:03:32.251 I/kernel  (  555): [ 1704.884279][wlan][555]scanCheckEpigramVhtIE:(RLM WARN) [Epigram] prEpiIE->ucLength is too short, skip!
09-17 19:03:32.251 I/kernel  (  555): [ 1704.884296][wlan][555]scanCheckEpigramVhtIE:(RLM WARN) [Epigram] prEpiIE->ucLength is too short, skip!
09-17 19:03:32.251 I/kernel  (  555): [ 1704.884299][wlan][555]scanCheckEpigramVhtIE:(RLM WARN) [Epigram] prEpiIE->ucLength is too short, skip!
09-17 19:03:32.251 I/kernel  (  555): [ 1704.884302][wlan][555]scanCheckEpigramVhtIE:(RLM WARN) [Epigram] prEpiIE->ucLength is too short, skip!
09-17 19:03:32.259 D/android.hardware.media.c2@1.1-mediatek(  574): [import_mtk_dtv_native_buffer(): 717] mst buffer is secure: 0
09-17 19:03:32.259 D/android.hardware.media.c2@1.1-mediatek(  574): [import_mtk_dtv_native_buffer(): 717] mst buffer is secure: 0
09-17 19:03:32.259 D/VCodecVencImpl(  574): [L 572][MtkVencSetConfig]
09-17 19:03:32.264 I/kernel  ( 6193): [ 1704.897543][MTK_V4L2] level=0 vidioc_venc_qbuf(),1318: [4] id=0 getdata FB(2088960,2) vb=00000000f2ac244e pts=0
09-17 19:03:32.263 D/VCodecVenc(  574): [L 324][EnqueInputBuffer]
09-17 19:03:32.274 I/kernel  (  555): [ 1704.907312][wlan][555]scanCheckEpigramVhtIE:(RLM WARN) [Epigram] prEpiIE->ucLength is too short, skip!
09-17 19:03:32.276 D/android.hardware.media.c2@1.1-mediatek(  574): [import_mtk_dtv_native_buffer(): 717] mst buffer is secure: 0
09-17 19:03:32.276 D/android.hardware.media.c2@1.1-mediatek(  574): [import_mtk_dtv_native_buffer(): 717] mst buffer is secure: 0
09-17 19:03:32.280 D/VCodecVenc(  574): [L 324][EnqueInputBuffer]
09-17 19:03:32.291 D/VCodecVencImpl(  574): [L 572][MtkVencSetConfig]
09-17 19:03:32.293 D/android.hardware.media.c2@1.1-mediatek(  574): [import_mtk_dtv_native_buffer(): 717] mst buffer is secure: 0
09-17 19:03:32.293 D/android.hardware.media.c2@1.1-mediatek(  574): [import_mtk_dtv_native_buffer(): 717] mst buffer is secure: 0
09-17 19:03:32.296 I/kernel  ( 6193): [ 1704.929331][MTK_V4L2] level=0 vidioc_venc_qbuf(),1318: [4] id=0 getdata FB(2088960,2) vb=00000000f2ac244e pts=0
09-17 19:03:32.297 D/VCodecVenc(  574): [L 324][EnqueInputBuffer]
09-17 19:03:32.307 I/kernel  (  555): [ 1704.940744][wlan][555]scanCheckEpigramVhtIE:(RLM WARN) [Epigram] prEpiIE->ucLength is too short, skip!
09-17 19:03:32.307 I/kernel  (  555): [ 1704.940760][wlan][555]scanCheckEpigramVhtIE:(RLM WARN) [Epigram] prEpiIE->ucLength is too short, skip!
09-17 19:03:32.307 I/kernel  (  555): [ 1704.940763][wlan][555]scanCheckEpigramVhtIE:(RLM WARN) [Epigram] prEpiIE->ucLength is too short, skip!
09-17 19:03:32.307 I/kernel  (  555): [ 1704.940765][wlan][555]scanCheckEpigramVhtIE:(RLM WARN) [Epigram] prEpiIE->ucLength is too short, skip!
09-17 19:03:32.322 D/VCodecVencImpl(  574): [L 572][MtkVencSetConfig]
09-17 19:03:32.325 D/android.hardware.media.c2@1.1-mediatek(  574): [import_mtk_dtv_native_buffer(): 717] mst buffer is secure: 0
09-17 19:03:32.326 D/android.hardware.media.c2@1.1-mediatek(  574): [import_mtk_dtv_native_buffer(): 717] mst buffer is secure: 0
09-17 19:03:32.327 I/kernel  ( 6193): [ 1704.960673][MTK_V4L2] level=0 vidioc_venc_qbuf(),1318: [4] id=0 getdata FB(2088960,2) vb=00000000f2ac244e pts=0
09-17 19:03:32.330 D/VCodecVenc(  574): [L 324][EnqueInputBuffer]
09-17 19:03:32.353 D/VCodecVencImpl(  574): [L 572][MtkVencSetConfig]
09-17 19:03:32.353 D/android.hardware.media.c2@1.1-mediatek(  574): [import_mtk_dtv_native_buffer(): 717] mst buffer is secure: 0
09-17 19:03:32.353 D/android.hardware.media.c2@1.1-mediatek(  574): [import_mtk_dtv_native_buffer(): 717] mst buffer is secure: 0
09-17 19:03:32.357 I/kernel  ( 6193): [ 1704.990976][MTK_V4L2] level=0 vidioc_venc_qbuf(),1318: [4] id=0 getdata FB(2088960,2) vb=00000000f2ac244e pts=0
09-17 19:03:32.358 D/VCodecVenc(  574): [L 324][EnqueInputBuffer]
09-17 19:03:32.383 D/VCodecVencImpl(  574): [L 572][MtkVencSetConfig]
09-17 19:03:32.383 D/android.hardware.media.c2@1.1-mediatek(  574): [import_mtk_dtv_native_buffer(): 717] mst buffer is secure: 0
09-17 19:03:32.385 D/android.hardware.media.c2@1.1-mediatek(  574): [import_mtk_dtv_native_buffer(): 717] mst buffer is secure: 0
09-17 19:03:32.388 I/kernel  ( 6193): [ 1705.021376][MTK_V4L2] level=0 vidioc_venc_qbuf(),1318: [4] id=0 getdata FB(2088960,2) vb=00000000f2ac244e pts=0
09-17 19:03:32.389 D/VCodecVenc(  574): [L 324][EnqueInputBuffer]
09-17 19:03:32.413 D/VCodecVencImpl(  574): [L 572][MtkVencSetConfig]
09-17 19:03:32.413 D/android.hardware.media.c2@1.1-mediatek(  574): [import_mtk_dtv_native_buffer(): 717] mst buffer is secure: 0
09-17 19:03:32.414 D/android.hardware.media.c2@1.1-mediatek(  574): [import_mtk_dtv_native_buffer(): 717] mst buffer is secure: 0
09-17 19:03:32.418 D/VCodecVenc(  574): [L 324][EnqueInputBuffer]
09-17 19:03:32.418 I/kernel  ( 6193): [ 1705.051447][MTK_V4L2] level=0 vidioc_venc_qbuf(),1318: [4] id=0 getdata FB(2088960,2) vb=00000000f2ac244e pts=0
09-17 19:03:32.443 D/VCodecVencImpl(  574): [L 572][MtkVencSetConfig]
09-17 19:03:32.443 D/android.hardware.media.c2@1.1-mediatek(  574): [import_mtk_dtv_native_buffer(): 717] mst buffer is secure: 0
09-17 19:03:32.445 D/android.hardware.media.c2@1.1-mediatek(  574): [import_mtk_dtv_native_buffer(): 717] mst buffer is secure: 0
09-17 19:03:32.448 I/kernel  ( 6193): [ 1705.081503][MTK_V4L2] level=0 vidioc_venc_qbuf(),1318: [4] id=0 getdata FB(2088960,2) vb=00000000f2ac244e pts=0
09-17 19:03:32.449 D/VCodecVenc(  574): [L 324][EnqueInputBuffer]
09-17 19:03:32.473 D/VCodecVencImpl(  574): [L 572][MtkVencSetConfig]
09-17 19:03:32.473 D/android.hardware.media.c2@1.1-mediatek(  574): [import_mtk_dtv_native_buffer(): 717] mst buffer is secure: 0
09-17 19:03:32.475 D/android.hardware.media.c2@1.1-mediatek(  574): [import_mtk_dtv_native_buffer(): 717] mst buffer is secure: 0
09-17 19:03:32.478 I/kernel  ( 6193): [ 1705.111584][MTK_V4L2] level=0 vidioc_venc_qbuf(),1318: [4] id=0 getdata FB(2088960,2) vb=00000000f2ac244e pts=0
09-17 19:03:32.479 D/VCodecVenc(  574): [L 324][EnqueInputBuffer]
09-17 19:03:32.504 D/VCodecVencImpl(  574): [L 572][MtkVencSetConfig]
09-17 19:03:32.504 D/android.hardware.media.c2@1.1-mediatek(  574): [import_mtk_dtv_native_buffer(): 717] mst buffer is secure: 0
09-17 19:03:32.504 D/android.hardware.media.c2@1.1-mediatek(  574): [import_mtk_dtv_native_buffer(): 717] mst buffer is secure: 0
09-17 19:03:32.508 I/kernel  ( 6193): [ 1705.141855][MTK_V4L2] level=0 vidioc_venc_qbuf(),1318: [4] id=0 getdata FB(2088960,2) vb=00000000f2ac244e pts=0
09-17 19:03:32.511 D/VCodecVenc(  574): [L 324][EnqueInputBuffer]
09-17 19:03:32.535 D/VCodecVencImpl(  574): [L 572][MtkVencSetConfig]
09-17 19:03:32.535 D/android.hardware.media.c2@1.1-mediatek(  574): [import_mtk_dtv_native_buffer(): 717] mst buffer is secure: 0
09-17 19:03:32.536 D/android.hardware.media.c2@1.1-mediatek(  574): [import_mtk_dtv_native_buffer(): 717] mst buffer is secure: 0
09-17 19:03:32.539 I/kernel  ( 6193): [ 1705.172842][MTK_V4L2] level=0 vidioc_venc_qbuf(),1318: [4] id=0 getdata FB(2088960,2) vb=00000000f2ac244e pts=0
09-17 19:03:32.539 D/VCodecVenc(  574): [L 324][EnqueInputBuffer]
09-17 19:03:32.565 D/VCodecVencImpl(  574): [L 572][MtkVencSetConfig]
09-17 19:03:32.565 D/android.hardware.media.c2@1.1-mediatek(  574): [import_mtk_dtv_native_buffer(): 717] mst buffer is secure: 0
09-17 19:03:32.569 I/kernel  ( 6193): [ 1705.203078][MTK_V4L2] level=0 vidioc_venc_qbuf(),1318: [4] id=0 getdata FB(2088960,2) vb=00000000f2ac244e pts=0
09-17 19:03:32.567 D/android.hardware.media.c2@1.1-mediatek(  574): [import_mtk_dtv_native_buffer(): 717] mst buffer is secure: 0
09-17 19:03:32.571 D/VCodecVenc(  574): [L 324][EnqueInputBuffer]
09-17 19:03:32.595 D/VCodecVencImpl(  574): [L 572][MtkVencSetConfig]
09-17 19:03:32.595 D/android.hardware.media.c2@1.1-mediatek(  574): [import_mtk_dtv_native_buffer(): 717] mst buffer is secure: 0
09-17 19:03:32.596 D/android.hardware.media.c2@1.1-mediatek(  574): [import_mtk_dtv_native_buffer(): 717] mst buffer is secure: 0
09-17 19:03:32.600 I/kernel  ( 6193): [ 1705.233233][MTK_V4L2] level=0 vidioc_venc_qbuf(),1318: [4] id=0 getdata FB(2088960,2) vb=00000000f2ac244e pts=0
09-17 19:03:32.599 D/VCodecVenc(  574): [L 324][EnqueInputBuffer]
09-17 19:03:32.625 D/VCodecVencImpl(  574): [L 572][MtkVencSetConfig]
09-17 19:03:32.625 D/android.hardware.media.c2@1.1-mediatek(  574): [import_mtk_dtv_native_buffer(): 717] mst buffer is secure: 0
09-17 19:03:32.630 I/kernel  ( 6193): [ 1705.263136][MTK_V4L2] level=0 vidioc_venc_qbuf(),1318: [4] id=0 getdata FB(2088960,2) vb=00000000f2ac244e pts=0
09-17 19:03:32.627 D/android.hardware.media.c2@1.1-mediatek(  574): [import_mtk_dtv_native_buffer(): 717] mst buffer is secure: 0
09-17 19:03:32.630 D/VCodecVenc(  574): [L 324][EnqueInputBuffer]
09-17 19:03:32.658 I/kernel  (  555): [ 1705.291112][wlan][555]scanCheckEpigramVhtIE:(RLM WARN) [Epigram] prEpiIE->ucLength is too short, skip!
09-17 19:03:32.655 D/VCodecVencImpl(  574): [L 572][MtkVencSetConfig]
09-17 19:03:32.655 D/android.hardware.media.c2@1.1-mediatek(  574): [import_mtk_dtv_native_buffer(): 717] mst buffer is secure: 0
09-17 19:03:32.657 D/android.hardware.media.c2@1.1-mediatek(  574): [import_mtk_dtv_native_buffer(): 717] mst buffer is secure: 0
09-17 19:03:32.660 I/kernel  ( 6193): [ 1705.293214][MTK_V4L2] level=0 vidioc_venc_qbuf(),1318: [4] id=0 getdata FB(2088960,2) vb=00000000f2ac244e pts=0
09-17 19:03:32.661 D/VCodecVenc(  574): [L 324][EnqueInputBuffer]
09-17 19:03:32.686 D/VCodecVencImpl(  574): [L 572][MtkVencSetConfig]
09-17 19:03:32.686 D/android.hardware.media.c2@1.1-mediatek(  574): [import_mtk_dtv_native_buffer(): 717] mst buffer is secure: 0
09-17 19:03:32.686 D/android.hardware.media.c2@1.1-mediatek(  574): [import_mtk_dtv_native_buffer(): 717] mst buffer is secure: 0
09-17 19:03:32.690 I/kernel  ( 6193): [ 1705.323720][MTK_V4L2] level=0 vidioc_venc_qbuf(),1318: [4] id=0 getdata FB(2088960,2) vb=00000000f2ac244e pts=0
09-17 19:03:32.690 D/VCodecVenc(  574): [L 324][EnqueInputBuffer]
09-17 19:03:32.696 I/com.sony.dtv.airplayapp:airplayserver( 3837): 2025-09-17 07:03:32.696478 PM [ConnectivityDetector] Connectivity detection check is requested [3]
09-17 19:03:32.697 I/com.sony.dtv.airplayapp:airplayserver( 3837): 2025-09-17 07:03:32.697410 PM [Airtunesd] PlatformOwned_AirPlayHandleServerCopyProperty. queue[AirPlayReceiverDelegateQueue]. inProperty[networkConnectionProperties].
09-17 19:03:32.697 D/AirPlay ( 3837): [AirPlay_getNetworkProperty]Return method volume=1
09-17 19:03:32.699 I/resolv  (  401): GetAddrInfoHandler::run: {0 0 0 983040 10212 0}
09-17 19:03:32.699 I/resolv  (  401): res_nmkquery: (QUERY, IN, AAAA)
09-17 19:03:32.700 I/resolv  (  401): doQuery: rcode=0, ancount=0, return value=-3
09-17 19:03:32.700 I/resolv  (  401): res_nmkquery: (QUERY, IN, A)
09-17 19:03:32.700 I/resolv  (  401): doQuery: rcode=0, ancount=0, return value=-3
09-17 19:03:32.700 I/com.sony.dtv.airplayapp:airplayserver( 3837): 2025-09-17 07:03:32.700474 PM [ConnectivityDetector] Checked network connectivity: old status 3, new status 3
09-17 19:03:32.716 D/VCodecVencImpl(  574): [L 572][MtkVencSetConfig]
09-17 19:03:32.716 D/android.hardware.media.c2@1.1-mediatek(  574): [import_mtk_dtv_native_buffer(): 717] mst buffer is secure: 0
09-17 19:03:32.717 D/android.hardware.media.c2@1.1-mediatek(  574): [import_mtk_dtv_native_buffer(): 717] mst buffer is secure: 0
09-17 19:03:32.718 I/kernel  (  555): [ 1705.351989][wlan][555]scanCheckEpigramVhtIE:(RLM WARN) [Epigram] prEpiIE->ucLength is too short, skip!
09-17 19:03:32.721 I/kernel  ( 6193): [ 1705.354316][MTK_V4L2] level=0 vidioc_venc_qbuf(),1318: [4] id=0 getdata FB(2088960,2) vb=00000000f2ac244e pts=0
09-17 19:03:32.721 D/VCodecVenc(  574): [L 324][EnqueInputBuffer]
09-17 19:03:32.746 D/VCodecVencImpl(  574): [L 572][MtkVencSetConfig]
09-17 19:03:32.746 D/android.hardware.media.c2@1.1-mediatek(  574): [import_mtk_dtv_native_buffer(): 717] mst buffer is secure: 0
09-17 19:03:32.746 D/android.hardware.media.c2@1.1-mediatek(  574): [import_mtk_dtv_native_buffer(): 717] mst buffer is secure: 0
09-17 19:03:32.751 I/kernel  ( 6193): [ 1705.384289][MTK_V4L2] level=0 vidioc_venc_qbuf(),1318: [4] id=0 getdata FB(2088960,2) vb=00000000f2ac244e pts=0
09-17 19:03:32.750 D/VCodecVenc(  574): [L 324][EnqueInputBuffer]
09-17 19:03:32.769 I/kernel  (  555): [ 1705.402333][wlan][555]scanCheckEpigramVhtIE:(RLM WARN) [Epigram] prEpiIE->ucLength is too short, skip!
09-17 19:03:32.776 D/VCodecVencImpl(  574): [L 572][MtkVencSetConfig]
09-17 19:03:32.776 D/android.hardware.media.c2@1.1-mediatek(  574): [import_mtk_dtv_native_buffer(): 717] mst buffer is secure: 0
09-17 19:03:32.777 D/android.hardware.media.c2@1.1-mediatek(  574): [import_mtk_dtv_native_buffer(): 717] mst buffer is secure: 0
09-17 19:03:32.778 I/kernel  (  100): [ 1705.411661][wdk-c] cpu=1 o_k=1 lbit=0x2 cbit=0xf,d,3,1,407661500,f,0,0,0,0,[1705411654585,11000000] 30
09-17 19:03:32.778 I/kernel  (  101): [ 1705.411667][wdk-c] cpu=2 o_k=2 lbit=0x6 cbit=0xf,9,3,1,407661500,f,0,0,0,0,[1705411663585,10999981] 30
09-17 19:03:32.778 I/kernel  (  101): [ 1705.411672]wdt_dump_cntcv CPU:2 CNTCV_CTL:0 CNTCV_TVAL:6199ea3 CNTVCT:4ca69cacd SYST_CNTCR:0 SYST_DISTL:0 SYST_CNTCV:0
09-17 19:03:32.778 I/kernel  (  100): [ 1705.411672]wdt_dump_cntcv CPU:1 CNTCV_CTL:0 CNTCV_TVAL:f0bba7f4 CNTVCT:4ca69ca3c SYST_CNTCR:0 SYST_DISTL:0 SYST_CNTCV:0
09-17 19:03:32.778 I/kernel  (   99): [ 1705.411672][wdk-c] cpu=0 o_k=0 lbit=0x7 cbit=0xf,8,3,1,407661500,f,0,0,0,0,[1705411668585,10999976] 30
09-17 19:03:32.778 I/kernel  (   99): [ 1705.411676]wdt_dump_cntcv CPU:0 CNTCV_CTL:0 CNTCV_TVAL:b0be2acc CNTVCT:4ca69ca42 SYST_CNTCR:0 SYST_DISTL:0 SYST_CNTCV:0
09-17 19:03:32.778 I/kernel  (  102): [ 1705.411795][thread:102] 2025-09-17 10:03:32.775505 UTC;android time 2025-09-17 10:03:32.775505
09-17 19:03:32.778 I/kernel  (  102): [ 1705.411974][wdk-k] cpu=3 o_k=3 lbit=0xf cbit=0xf,0,3,1,407661500,f,0,0,0,0,[1705411790502,10999854] 30
09-17 19:03:32.778 I/kernel  (  102): [ 1705.411976]wdt_dump_cntcv CPU:3 CNTCV_CTL:0 CNTCV_TVAL:c77a6c6a CNTVCT:4ca69ca9f SYST_CNTCR:0 SYST_DISTL:0 SYST_CNTCV:0
09-17 19:03:32.781 I/kernel  ( 6193): [ 1705.414462][MTK_V4L2] level=0 vidioc_venc_qbuf(),1318: [4] id=0 getdata FB(2088960,2) vb=00000000f2ac244e pts=0
09-17 19:03:32.780 D/VCodecVenc(  574): [L 324][EnqueInputBuffer]
09-17 19:03:32.806 D/VCodecVencImpl(  574): [L 572][MtkVencSetConfig]
09-17 19:03:32.806 D/android.hardware.media.c2@1.1-mediatek(  574): [import_mtk_dtv_native_buffer(): 717] mst buffer is secure: 0
09-17 19:03:32.807 D/android.hardware.media.c2@1.1-mediatek(  574): [import_mtk_dtv_native_buffer(): 717] mst buffer is secure: 0
09-17 19:03:32.810 D/VCodecVenc(  574): [L 324][EnqueInputBuffer]
09-17 19:03:32.811 I/kernel  ( 6193): [ 1705.444465][MTK_V4L2] level=0 vidioc_venc_qbuf(),1318: [4] id=0 getdata FB(2088960,2) vb=00000000f2ac244e pts=0
09-17 19:03:32.836 D/VCodecVencImpl(  574): [L 572][MtkVencSetConfig]
09-17 19:03:32.836 D/android.hardware.media.c2@1.1-mediatek(  574): [import_mtk_dtv_native_buffer(): 717] mst buffer is secure: 0
09-17 19:03:32.837 D/android.hardware.media.c2@1.1-mediatek(  574): [import_mtk_dtv_native_buffer(): 717] mst buffer is secure: 0
09-17 19:03:32.841 I/kernel  ( 6193): [ 1705.474753][MTK_V4L2] level=0 vidioc_venc_qbuf(),1318: [4] id=0 getdata FB(2088960,2) vb=00000000f2ac244e pts=0
09-17 19:03:32.841 D/VCodecVenc(  574): [L 324][EnqueInputBuffer]
09-17 19:03:32.867 D/VCodecVencImpl(  574): [L 572][MtkVencSetConfig]
09-17 19:03:32.867 D/android.hardware.media.c2@1.1-mediatek(  574): [import_mtk_dtv_native_buffer(): 717] mst buffer is secure: 0
09-17 19:03:32.867 D/android.hardware.media.c2@1.1-mediatek(  574): [import_mtk_dtv_native_buffer(): 717] mst buffer is secure: 0
09-17 19:03:32.871 I/kernel  ( 6193): [ 1705.504635][MTK_V4L2] level=0 vidioc_venc_qbuf(),1318: [4] id=0 getdata FB(2088960,2) vb=00000000f2ac244e pts=0
09-17 19:03:32.870 D/VCodecVenc(  574): [L 324][EnqueInputBuffer]
09-17 19:03:32.897 D/android.hardware.media.c2@1.1-mediatek(  574): [import_mtk_dtv_native_buffer(): 717] mst buffer is secure: 0
09-17 19:03:32.897 D/VCodecVencImpl(  574): [L 572][MtkVencSetConfig]
09-17 19:03:32.897 D/android.hardware.media.c2@1.1-mediatek(  574): [import_mtk_dtv_native_buffer(): 717] mst buffer is secure: 0
09-17 19:03:32.901 I/kernel  ( 6193): [ 1705.535016][MTK_V4L2] level=0 vidioc_venc_qbuf(),1318: [4] id=0 getdata FB(2088960,2) vb=00000000f2ac244e pts=0
09-17 19:03:32.901 D/VCodecVenc(  574): [L 324][EnqueInputBuffer]
09-17 19:03:32.927 D/VCodecVencImpl(  574): [L 572][MtkVencSetConfig]
09-17 19:03:32.927 D/android.hardware.media.c2@1.1-mediatek(  574): [import_mtk_dtv_native_buffer(): 717] mst buffer is secure: 0
09-17 19:03:32.927 D/android.hardware.media.c2@1.1-mediatek(  574): [import_mtk_dtv_native_buffer(): 717] mst buffer is secure: 0
09-17 19:03:32.931 I/kernel  ( 6193): [ 1705.565089][MTK_V4L2] level=0 vidioc_venc_qbuf(),1318: [4] id=0 getdata FB(2088960,2) vb=00000000f2ac244e pts=0
09-17 19:03:32.931 D/VCodecVenc(  574): [L 324][EnqueInputBuffer]
09-17 19:03:32.937 I/kernel  (  555): [ 1705.570860][wlan][555]scanCheckEpigramVhtIE:(RLM WARN) [Epigram] prEpiIE->ucLength is too short, skip!
09-17 19:03:32.957 D/VCodecVencImpl(  574): [L 572][MtkVencSetConfig]
09-17 19:03:32.962 I/kernel  ( 6193): [ 1705.595512][MTK_V4L2] level=0 vidioc_venc_qbuf(),1318: [4] id=0 getdata FB(2088960,2) vb=00000000f2ac244e pts=0
09-17 19:03:32.987 D/VCodecVencImpl(  574): [L 572][MtkVencSetConfig]
09-17 19:03:32.992 I/kernel  ( 6193): [ 1705.625402][MTK_V4L2] level=0 vidioc_venc_qbuf(),1318: [4] id=0 getdata FB(2088960,2) vb=00000000f2ac244e pts=0
09-17 19:03:33.002 D/VCodecVencImpl(  574): [L 572][MtkVencSetConfig]
09-17 19:03:33.003 D/android.hardware.media.c2@1.1-mediatek(  574): [import_mtk_dtv_native_buffer(): 717] mst buffer is secure: 0
09-17 19:03:33.004 D/android.hardware.media.c2@1.1-mediatek(  574): [import_mtk_dtv_native_buffer(): 717] mst buffer is secure: 0
09-17 19:03:33.007 I/kernel  ( 6193): [ 1705.640429][MTK_V4L2] level=0 vidioc_venc_qbuf(),1318: [4] id=0 getdata FB(2088960,2) vb=00000000f2ac244e pts=0
09-17 19:03:33.008 D/VCodecVenc(  574): [L 324][EnqueInputBuffer]
09-17 19:03:33.017 D/VCodecVencImpl(  574): [L 572][MtkVencSetConfig]
09-17 19:03:33.022 I/kernel  ( 6193): [ 1705.655552][MTK_V4L2] level=0 vidioc_venc_qbuf(),1318: [4] id=0 getdata FB(2088960,2) vb=00000000f2ac244e pts=0
09-17 19:03:33.032 D/VCodecVencImpl(  574): [L 572][MtkVencSetConfig]
09-17 19:03:33.037 I/kernel  ( 6193): [ 1705.670272][MTK_V4L2] level=0 vidioc_venc_qbuf(),1318: [4] id=0 getdata FB(2088960,2) vb=00000000f2ac244e pts=0
09-17 19:03:33.047 D/VCodecVencImpl(  574): [L 572][MtkVencSetConfig]
09-17 19:03:33.052 I/kernel  ( 6193): [ 1705.685120][MTK_V4L2] level=0 vidioc_venc_qbuf(),1318: [4] id=0 getdata FB(2088960,2) vb=00000000f2ac244e pts=0
09-17 19:03:33.062 D/VCodecVencImpl(  574): [L 572][MtkVencSetConfig]
09-17 19:03:33.066 I/kernel  ( 6193): [ 1705.700048][MTK_V4L2] level=0 vidioc_venc_qbuf(),1318: [4] id=0 getdata FB(2088960,2) vb=00000000f2ac244e pts=0
09-17 19:03:33.077 D/VCodecVencImpl(  574): [L 572][MtkVencSetConfig]
09-17 19:03:33.082 I/kernel  ( 6193): [ 1705.715362][MTK_V4L2] level=0 vidioc_venc_qbuf(),1318: [4] id=0 getdata FB(2088960,2) vb=00000000f2ac244e pts=0
09-17 19:03:33.103 D/android.hardware.media.c2@1.1-mediatek(  574): [import_mtk_dtv_native_buffer(): 717] mst buffer is secure: 0
09-17 19:03:33.103 D/android.hardware.media.c2@1.1-mediatek(  574): [import_mtk_dtv_native_buffer(): 717] mst buffer is secure: 0
09-17 19:03:33.107 D/VCodecVenc(  574): [L 324][EnqueInputBuffer]
09-17 19:03:33.107 D/VCodecVencImpl(  574): [L 572][MtkVencSetConfig]
09-17 19:03:33.111 I/kernel  ( 6193): [ 1705.745040][MTK_V4L2] level=0 vidioc_venc_qbuf(),1318: [4] id=0 getdata FB(2088960,2) vb=00000000f2ac244e pts=0
09-17 19:03:33.176 I/kernel  ( 2441): [ 1705.809563][A8303-1_Driver] addr:0x08,  i2c status:0x1b from 0x1b
09-17 19:03:33.203 D/android.hardware.media.c2@1.1-mediatek(  574): [import_mtk_dtv_native_buffer(): 717] mst buffer is secure: 0
09-17 19:03:33.204 D/android.hardware.media.c2@1.1-mediatek(  574): [import_mtk_dtv_native_buffer(): 717] mst buffer is secure: 0
09-17 19:03:33.207 D/VCodecVenc(  574): [L 324][EnqueInputBuffer]
09-17 19:03:33.208 D/VCodecVencImpl(  574): [L 572][MtkVencSetConfig]
09-17 19:03:33.212 I/kernel  ( 6193): [ 1705.845253][MTK_V4L2] level=0 vidioc_venc_qbuf(),1318: [4] id=0 getdata FB(2088960,2) vb=00000000f2ac244e pts=0
09-17 19:03:33.304 D/android.hardware.media.c2@1.1-mediatek(  574): [import_mtk_dtv_native_buffer(): 717] mst buffer is secure: 0
09-17 19:03:33.304 D/android.hardware.media.c2@1.1-mediatek(  574): [import_mtk_dtv_native_buffer(): 717] mst buffer is secure: 0
09-17 19:03:33.308 D/VCodecVenc(  574): [L 324][EnqueInputBuffer]
09-17 19:03:33.308 D/VCodecVencImpl(  574): [L 572][MtkVencSetConfig]
09-17 19:03:33.311 I/kernel  ( 6193): [ 1705.944964][MTK_V4L2] level=0 vidioc_venc_qbuf(),1318: [4] id=0 getdata FB(2088960,2) vb=00000000f2ac244e pts=0
09-17 19:03:33.404 D/android.hardware.media.c2@1.1-mediatek(  574): [import_mtk_dtv_native_buffer(): 717] mst buffer is secure: 0
09-17 19:03:33.405 D/android.hardware.media.c2@1.1-mediatek(  574): [import_mtk_dtv_native_buffer(): 717] mst buffer is secure: 0
09-17 19:03:33.408 D/VCodecVenc(  574): [L 324][EnqueInputBuffer]
09-17 19:03:33.408 D/VCodecVencImpl(  574): [L 572][MtkVencSetConfig]
09-17 19:03:33.413 I/kernel  ( 6193): [ 1706.046235][MTK_V4L2] level=0 vidioc_venc_qbuf(),1318: [4] id=0 getdata FB(2088960,2) vb=00000000f2ac244e pts=0
09-17 19:03:33.504 D/android.hardware.media.c2@1.1-mediatek(  574): [import_mtk_dtv_native_buffer(): 717] mst buffer is secure: 0
09-17 19:03:33.506 D/android.hardware.media.c2@1.1-mediatek(  574): [import_mtk_dtv_native_buffer(): 717] mst buffer is secure: 0
09-17 19:03:33.510 D/VCodecVenc(  574): [L 324][EnqueInputBuffer]
09-17 19:03:33.510 D/VCodecVencImpl(  574): [L 572][MtkVencSetConfig]
09-17 19:03:33.513 I/kernel  ( 6193): [ 1706.146714][MTK_V4L2] level=0 vidioc_venc_qbuf(),1318: [4] id=0 getdata FB(2088960,2) vb=00000000f2ac244e pts=0
09-17 19:03:33.606 D/android.hardware.media.c2@1.1-mediatek(  574): [import_mtk_dtv_native_buffer(): 717] mst buffer is secure: 0
09-17 19:03:33.606 D/android.hardware.media.c2@1.1-mediatek(  574): [import_mtk_dtv_native_buffer(): 717] mst buffer is secure: 0
09-17 19:03:33.610 D/VCodecVenc(  574): [L 324][EnqueInputBuffer]
09-17 19:03:33.610 D/VCodecVencImpl(  574): [L 572][MtkVencSetConfig]
09-17 19:03:33.613 I/kernel  ( 6193): [ 1706.246681][MTK_V4L2] level=0 vidioc_venc_qbuf(),1318: [4] id=0 getdata FB(2088960,2) vb=00000000f2ac244e pts=0
09-17 19:03:34.214 I/kernel  ( 2441): [ 1706.847904][A8303-1_Driver] addr:0x08,  i2c status:0x1b from 0x1b
09-17 19:03:35.053 V/WifiPickerTracker( 1468): Issuing scan request from WifiManager
09-17 19:03:35.054 I/WifiService(  702): startScan uid=1000
09-17 19:03:35.055 I/WifiScanningService(  702): Registering listener= com.android.server.wifi.scanner.WifiScannerInternal$ScanListener@b27e69f uid=1000 packageName=com.android.tv.settings workSource=WorkSource{1000}
09-17 19:03:35.055 I/WifiScanningService(  702): start scan: ClientInfo[uid=1000, package=com.android.tv.settings, com.android.server.wifi.scanner.WifiScannerInternal$ScanListener@b27e69f] package com.android.tv.settings
09-17 19:03:35.055 I/WifiScanningService(  702): addSingleScanRequest: ClientInfo[uid=1000, package=com.android.tv.settings, com.android.server.wifi.scanner.WifiScannerInternal$ScanListener@b27e69f],WorkSource{1000 com.android.tv.settings}, ScanSettings {  type:HIGH ACCURACY band:24Ghz & 5Ghz (DFS incl) & 6Ghz & 60Ghz ignoreLocationSettings:false period:0 reportEvents:3 numBssidsPerScan:0 maxScansToCache:0 rnrSetting:0 6GhzPscOnlyEnabled:false channels:[  ]  } 
09-17 19:03:35.055 D/WifiScanRequestProxy(  702): Scan request succeeded
09-17 19:03:35.056 D/WifiScanningService(  702): replySucceeded onSuccess
09-17 19:03:35.063 D/wpa_supplicant( 1178): nl80211: Drv Event 103 (NL80211_CMD_VENDOR) received for wlan0
09-17 19:03:35.063 D/WifiHAL (  586): event received NL80211_CMD_VENDOR, vendor_id = 0xce7, subcmd = 0xc
09-17 19:03:35.063 D/wpa_supplicant( 1178): nl80211: Vendor event: wiphy=0 vendor_id=0xce7 subcmd=12
09-17 19:03:35.063 D/WifiHAL (  586): event received NL80211_CMD_TRIGGER_SCAN
09-17 19:03:35.063 D/wpa_supplicant( 1178): nl80211: Ignore unsupported vendor event
09-17 19:03:35.063 D/wpa_supplicant( 1178): nl80211: Drv Event 33 (NL80211_CMD_TRIGGER_SCAN) received for wlan0
09-17 19:03:35.063 D/wpa_supplicant( 1178): wlan0: nl80211: Scan trigger
09-17 19:03:35.063 D/wpa_supplicant( 1178): wlan0: Event SCAN_STARTED (47) received
09-17 19:03:35.063 D/wpa_supplicant( 1178): wlan0: External program started a scan
09-17 19:03:35.066 I/kernel  (  778): [ 1707.699824][wlan][778]mtk_cfg80211_scan:(REQ STATE) i=0, wildcard scan
09-17 19:03:35.066 I/kernel  (  778): [ 1707.699836][wlan][778]mtk_cfg80211_scan:(REQ STATE) i=1, u4ValidIdx=0, Ssid=HyokaT-Buffalo-B_2.4GHz, SsidLen=23
09-17 19:03:35.066 I/kernel  ( 1178): [ 1707.699988][wlan][1178]mtk_cfg_get_txpower:(REQ WARN) STA doesn't support this function
09-17 19:03:35.210 I/WifiService(  702): getConnectionInfo uid=10185
09-17 19:03:35.211 V/WifiPermissionsUtil(  702): checkCallersLocationPermission(com.uei.quicksetsdk): uid 10185 doesn't have permission android.permission.ACCESS_FINE_LOCATION
09-17 19:03:35.211 V/WifiPermissionsUtil(  702): enforceCanAccessScanResults(pkg=com.uei.quicksetsdk, uid=10185): canCallingUidAccessLocation=false, canAppPackageUseLocation=false
09-17 19:03:35.211 V/WifiService(  702): Keeping REDACT_FOR_ACCESS_FINE_LOCATION:java.lang.SecurityException: UID 10185 has no location permission
09-17 19:03:35.211 I/WifiService(  702): getWifiEnabledState uid=10185 state=3
09-17 19:03:35.253 I/kernel  ( 2441): [ 1707.886243][A8303-1_Driver] addr:0x08,  i2c status:0x1b from 0x1b
09-17 19:03:35.518 I/kernel  (  555): [ 1708.151904][wlan][555]scanAddToBssDesc:(SCN STATE) IE_PriCh:65 mismatch with RXD_ChNum:69
09-17 19:03:35.621 I/kernel  (  555): [ 1708.254323][wlan][555]scanAddToBssDesc:(SCN STATE) IE_PriCh:65 mismatch with RXD_ChNum:85
09-17 19:03:35.693 I/kernel  (  555): [ 1708.326355][wlan][555]scnFsmSteps:(SCN STATE) [SCAN]TRANSITION: [SCANNING] -> [SCANNING]
09-17 19:03:36.099 D/WifiHAL (  586): event received NL80211_CMD_VENDOR, vendor_id = 0xce7, subcmd = 0x99
09-17 19:03:36.099 D/wpa_supplicant( 1178): nl80211: Drv Event 103 (NL80211_CMD_VENDOR) received for wlan0
09-17 19:03:36.099 D/wpa_supplicant( 1178): nl80211: Vendor event: wiphy=0 vendor_id=0xce7 subcmd=153
09-17 19:03:36.099 D/wpa_supplicant( 1178): nl80211: Ignore unsupported vendor event
09-17 19:03:36.101 D/WifiHAL (  586): event received NL80211_CMD_VENDOR, vendor_id = 0xce7, subcmd = 0xc
09-17 19:03:36.101 D/WifiHAL (  586): event received NL80211_CMD_NEW_SCAN_RESULTS
09-17 19:03:36.101 D/WifiHAL (  586): event received NL80211_CMD_VENDOR, vendor_id = 0xce7, subcmd = 0x99
09-17 19:03:36.101 D/wpa_supplicant( 1178): RTM_NEWLINK: ifi_index=16 ifname=wlan0 wext ifi_family=0 ifi_flags=0x1003 ([UP])
09-17 19:03:36.101 D/wpa_supplicant( 1178): nl80211: Drv Event 103 (NL80211_CMD_VENDOR) received for wlan0
09-17 19:03:36.101 D/wpa_supplicant( 1178): nl80211: Vendor event: wiphy=0 vendor_id=0xce7 subcmd=12
09-17 19:03:36.101 D/IpClient/wlan0( 1395): interfaceLinkStateChanged: ifindex 16 down
09-17 19:03:36.101 D/wpa_supplicant( 1178): nl80211: Ignore unsupported vendor event
09-17 19:03:36.101 D/wpa_supplicant( 1178): nl80211: Drv Event 34 (NL80211_CMD_NEW_SCAN_RESULTS) received for wlan0
09-17 19:03:36.101 D/wpa_supplicant( 1178): wlan0: nl80211: New scan results available
09-17 19:03:36.101 D/wpa_supplicant( 1178): nl80211: Scan probed for SSID ''
09-17 19:03:36.101 D/wpa_supplicant( 1178): nl80211: Scan probed for SSID 'HyokaT-Buffalo-B_2.4GHz'
09-17 19:03:36.101 D/wpa_supplicant( 1178): nl80211: Scan included frequencies: 2412 2417 2422 2427 2432 2437 2442 2447 2452 2457 2462 2467 2472 5180 5200 5220 5240 5260 5280 5300 5320 5500 5520 5540 5560 5580 5600 5620 5640 5660 5680 5700 5720 5955 5975 5995 6015 6035 6055 6075 6095 6115 6135 6155 6175 6195 6215 6235 6255 6275 6295 6315 6335 6355 6375 6395 6415
09-17 19:03:36.101 D/wpa_supplicant( 1178): wlan0: Event SCAN_RESULTS (3) received
09-17 19:03:36.102 D/WifiNl80211Manager(  702): Scan result ready event
09-17 19:03:36.102 D/WifiNative(  702): Scan result ready event
09-17 19:03:36.102 D/InterfaceObserverInternal(  702): Received interfaceLinkStateChanged, iface=wlan0 up=false
09-17 19:03:36.102 D/InterfaceEventCallback(  702): onInterfaceLinkStateChanged, ifaceName=wlan0 up=false CurrentState=ConnectModeState
09-17 19:03:36.103 D/WifiNative(  702): interfaceLinkStateChanged: ifaceName=wlan0, mInterfaceId = 0, mIfaceMgr={0=Iface:{Name=wlan0,Id=0,Type=STA_CONNECTIVITY}}
09-17 19:03:36.102 I/kernel  (  555): [ 1708.735974][wlan][555]scnFsmSteps:(SCN STATE) [SCAN]TRANSITION: [SCANNING] -> [IDLE]
09-17 19:03:36.103 I/kernel  ( 1178): [ 1708.736205][wlan][1178]mtk_cfg_get_txpower:(REQ WARN) STA doesn't support this function
09-17 19:03:36.104 I/kernel  (  555): [ 1708.737349][wlan][555]aisFsmSteps:(AIS STATE) [AIS0] TRANSITION: [SCAN] -> [IDLE]
09-17 19:03:36.104 I/kernel  (  555): [ 1708.737384][wlan][555]aisFsmSteps:(AIS STATE) [AIS0] TRANSITION: [IDLE] -> [SCAN]
09-17 19:03:36.104 I/kernel  (  555): [ 1708.737406][wlan][555]scnFsmSteps:(SCN STATE) [SCAN]TRANSITION: [IDLE] -> [SCANNING]
09-17 19:03:36.104 I/kernel  ( 1178): [ 1708.737963][wlan][1178]mtk_cfg_get_txpower:(REQ WARN) STA doesn't support this function
09-17 19:03:36.104 I/netd    (  401): interfaceGetCfg(wlan0) -> {InterfaceConfigurationParcel{ifName: wlan0, hwAddr: fa:f0:25:d5:90:7f, ipv4Addr: 0.0.0.0, prefixLength: 0, flags: [up, broadcast, multicast]}} <0.24ms>
09-17 19:03:36.104 V/WifiNative(  702): Interface status unchanged on Iface:{Name=wlan0,Id=0,Type=STA_CONNECTIVITY} from true, Ignoring...
09-17 19:03:36.105 D/wpa_supplicant( 1178): nl80211: Received scan results (296 BSSes)
09-17 19:03:36.106 D/wpa_supplicant( 1178): wlan0: BSS: Start scan result update 145
09-17 19:03:36.106 D/wpa_supplicant( 1178): wlan0: BSS: Remove id 38487 BSSID 88:57:ee:7d:e2:b7 SSID 'Buffalo-A-E2BE' due to wpa_bss_remove_oldest_unknown
09-17 19:03:36.106 D/wpa_supplicant( 1178): wlan0: BSS: Add new id 38687 BSSID 84:e8:cb:5e:3a:21 SSID 'BF_AP29_6_192bit' freq 6215
09-17 19:03:36.106 D/wpa_supplicant( 1178): wlan0: BSS: Remove id 38488 BSSID 18:c2:bf:c3:90:10 SSID 'PJInteg-CTSRoom' due to wpa_bss_remove_oldest_unknown
09-17 19:03:36.106 D/wpa_supplicant( 1178): wlan0: BSS: Add new id 38688 BSSID 3c:52:a1:54:20:32 SSID 'TP-Link_PFM1' freq 5220
09-17 19:03:36.106 D/wpa_supplicant( 1178): wlan0: BSS: Remove id 38489 BSSID bc:fc:e7:22:2c:ee SSID 'BDDE261C63DA4B894A6B9214B6BE23D2' due to wpa_bss_remove_oldest_unknown
09-17 19:03:36.106 D/wpa_supplicant( 1178): wlan0: BSS: Add new id 38689 BSSID 3e:52:a1:74:20:33 SSID '' freq 5220
09-17 19:03:36.106 D/wpa_supplicant( 1178): wlan0: BSS: Remove id 38490 BSSID be:fc:e7:32:2c:ee SSID 'AS_6' due to wpa_bss_remove_oldest_unknown
09-17 19:03:36.106 D/wpa_supplicant( 1178): wlan0: BSS: Add new id 38690 BSSID 84:e8:cb:5e:3a:11 SSID '' freq 5180
09-17 19:03:36.106 D/wpa_supplicant( 1178): wlan0: BSS: Remove id 38491 BSSID bc:fc:e7:22:2c:ec SSID 'BDDE261C63DA4B894A6B9214B6BE23D2' due to wpa_bss_remove_oldest_unknown
09-17 19:03:36.106 D/wpa_supplicant( 1178): wlan0: BSS: Add new id 38691 BSSID be:fc:e7:32:2c:ed SSID 'AS_5' freq 5680
09-17 19:03:36.106 D/wpa_supplicant( 1178): wlan0: BSS: Remove id 38492 BSSID 3c:52:a1:54:20:33 SSID 'TP-Link_PFM1' due to wpa_bss_remove_oldest_unknown
09-17 19:03:36.106 D/wpa_supplicant( 1178): wlan0: BSS: Add new id 38692 BSSID bc:fc:e7:22:2c:ed SSID 'BDDE261C63DA4B894A6B9214B6BE23D2' freq 5680 MLD ADDR 02:fc:e7:22:2c:ec
09-17 19:03:36.107 D/wpa_supplicant( 1178): wlan0: BSS: Remove id 38493 BSSID 3e:52:a1:24:20:33 SSID '' due to wpa_bss_remove_oldest_unknown
09-17 19:03:36.107 D/wpa_supplicant( 1178): wlan0: BSS: Add new id 38693 BSSID 50:eb:f6:02:ea:84 SSID 'ASUS_80' freq 5180
09-17 19:03:36.107 D/wpa_supplicant( 1178): wlan0: BSS: Remove id 38494 BSSID be:fc:e7:12:2c:ec SSID 'AS_2' due to wpa_bss_remove_oldest_unknown
09-17 19:03:36.107 D/wpa_supplicant( 1178): wlan0: BSS: Add new id 38694 BSSID 38:97:a4:64:cb:56 SSID 'elecom-64cb54' freq 5220
09-17 19:03:36.107 D/wpa_supplicant( 1178): wlan0: BSS: Remove id 38495 BSSID 50:eb:f6:02:ea:80 SSID 'ASUS_80' due to wpa_bss_remove_oldest_unknown
09-17 19:03:36.107 D/wpa_supplicant( 1178): wlan0: BSS: Add new id 38695 BSSID 50:eb:f6:a9:3b:ec SSID 'ASUS_ber7_5G' freq 5200
09-17 19:03:36.107 D/wpa_supplicant( 1178): wlan0: BSS: Remove id 38496 BSSID 84:e8:cb:5e:3a:03 SSID 'Naonao_192bit' due to wpa_bss_remove_oldest_unknown
09-17 19:03:36.107 D/wpa_supplicant( 1178): wlan0: BSS: Add new id 38696 BSSID d4:2c:46:c9:c9:12 SSID 'BaseApp-16F-5G' freq 5220
09-17 19:03:36.107 D/wpa_supplicant( 1178): wlan0: BSS: Remove id 38497 BSSID 84:e8:cb:5e:3a:01 SSID '' due to wpa_bss_remove_oldest_unknown
09-17 19:03:36.107 D/wpa_supplicant( 1178): wlan0: BSS: Add new id 38697 BSSID d4:2c:46:c9:c9:13 SSID 'BaseApp-16F-5G-WPA3' freq 5220
09-17 19:03:36.107 D/wpa_supplicant( 1178): wlan0: BSS: Remove id 38498 BSSID 84:e8:cb:5e:3a:02 SSID '' due to wpa_bss_remove_oldest_unknown
09-17 19:03:36.107 D/wpa_supplicant( 1178): wlan0: BSS: Add new id 38698 BSSID 3a:97:a4:64:cb:56 SSID 'elecom-s-64cb54' freq 5220
09-17 19:03:36.107 D/wpa_supplicant( 1178): wlan0: BSS: Remove id 38499 BSSID 50:eb:f6:a9:3b:e8 SSID 'ASUS_ber7' due to wpa_bss_remove_oldest_unknown
09-17 19:03:36.107 D/wpa_supplicant( 1178): wlan0: BSS: Add new id 38699 BSSID 24:4b:fe:d1:4b:64 SSID 'ASUS-A-0316f' freq 5200
09-17 19:03:36.107 D/wpa_supplicant( 1178): wlan0: BSS: Remove id 38500 BSSID 3a:97:a4:64:cb:55 SSID 'elecom-s-64cb54' due to wpa_bss_remove_oldest_unknown
09-17 19:03:36.107 D/wpa_supplicant( 1178): wlan0: BSS: Add new id 38700 BSSID aa:46:8d:38:ec:90 SSID 'sys2_performance' freq 5180
09-17 19:03:36.107 D/wpa_supplicant( 1178): wlan0: BSS: Remove id 38501 BSSID 24:4b:fe:d1:4b:60 SSID 'ASUS-G-0316f' due to wpa_bss_remove_oldest_unknown
09-17 19:03:36.107 D/wpa_supplicant( 1178): wlan0: BSS: Add new id 38701 BSSID 96:46:8d:38:ec:90 SSID '' freq 5180
09-17 19:03:36.107 D/wpa_supplicant( 1178): wlan0: BSS: Remove id 38502 BSSID e4:4e:2d:7b:a3:60 SSID 'SWingS' due to wpa_bss_remove_oldest_unknown
09-17 19:03:36.107 D/wpa_supplicant( 1178): wlan0: BSS: Add new id 38702 BSSID e4:4e:2d:64:5e:6d SSID '' freq 5500
09-17 19:03:36.107 D/wpa_supplicant( 1178): wlan0: BSS: Remove id 38503 BSSID e4:4e:2d:64:5e:62 SSID '' due to wpa_bss_remove_oldest_unknown
09-17 19:03:36.107 D/wpa_supplicant( 1178): wlan0: BSS: Add new id 38703 BSSID e4:4e:2d:64:5e:6f SSID 'SWingS' freq 5500
09-17 19:03:36.108 D/wpa_supplicant( 1178): wlan0: BSS: Remove id 38504 BSSID 38:97:a4:64:cb:55 SSID 'elecom-64cb54' due to wpa_bss_remove_oldest_unknown
09-17 19:03:36.108 D/wpa_supplicant( 1178): wlan0: BSS: Add new id 38704 BSSID e4:4e:2d:64:5e:6b SSID 'SWing' freq 5500
09-17 19:03:36.108 D/wpa_supplicant( 1178): wlan0: BSS: Remove id 38505 BSSID d4:2c:46:c9:c9:0a SSID 'BaseApp-16F-2G-WPA3' due to wpa_bss_remove_oldest_unknown
09-17 19:03:36.108 D/wpa_supplicant( 1178): wlan0: BSS: Add new id 38705 BSSID 24:4b:fe:b6:b0:54 SSID 'Neu_vpn' freq 5500
09-17 19:03:36.108 D/wpa_supplicant( 1178): wlan0: BSS: Remove id 38506 BSSID e4:4e:2d:64:5e:64 SSID 'SWing' due to wpa_bss_remove_oldest_unknown
09-17 19:03:36.108 D/wpa_supplicant( 1178): wlan0: BSS: Add new id 38706 BSSID e4:4e:2d:7b:a3:6b SSID 'SWing' freq 5260
09-17 19:03:36.108 D/wpa_supplicant( 1178): wlan0: BSS: Remove id 38507 BSSID e4:4e:2d:64:5e:60 SSID 'SWingS' due to wpa_bss_remove_oldest_unknown
09-17 19:03:36.108 D/wpa_supplicant( 1178): wlan0: BSS: Add new id 38707 BSSID e4:4e:2d:7b:a3:6d SSID '' freq 5260
09-17 19:03:36.108 D/wpa_supplicant( 1178): wlan0: BSS: Remove id 38508 BSSID 6e:b2:27:1f:4e:dc SSID '' due to wpa_bss_remove_oldest_unknown
09-17 19:03:36.108 D/wpa_supplicant( 1178): wlan0: BSS: Add new id 38708 BSSID 1c:b1:7f:e0:1d:3f SSID 'Aterm-WG1400HP_A' freq 5180
09-17 19:03:36.108 D/wpa_supplicant( 1178): wlan0: BSS: Remove id 38509 BSSID 6e:b2:27:dd:d7:fd SSID '' due to wpa_bss_remove_oldest_unknown
09-17 19:03:36.108 D/wpa_supplicant( 1178): wlan0: BSS: Add new id 38709 BSSID ec:1a:59:5c:7b:f8 SSID 'IPv6_dual_5GHz' freq 5180
09-17 19:03:36.108 D/wpa_supplicant( 1178): wlan0: BSS: Remove id 38510 BSSID 6e:b2:27:22:da:1c SSID '' due to wpa_bss_remove_oldest_unknown
09-17 19:03:36.108 D/wpa_supplicant( 1178): wlan0: BSS: Add new id 38710 BSSID 58:ef:68:ab:66:e4 SSID 'Linksys18401_5Ghz' freq 5240
09-17 19:03:36.108 D/wpa_supplicant( 1178): wlan0: BSS: Remove id 38511 BSSID 6e:b2:27:1a:f3:66 SSID '' due to wpa_bss_remove_oldest_unknown
09-17 19:03:36.108 D/wpa_supplicant( 1178): wlan0: BSS: Add new id 38711 BSSID 6c:e4:da:e2:f9:9b SSID 'DevlinkAterm5g' freq 5580
