09-17 19:04:29.370 D/wpa_supplicant( 1178): wlan0: BSS: Remove id 40264 BSSID 6e:b2:27:b1:dc:f2 SSID '' due to wpa_bss_remove_oldest_unknown
09-17 19:04:29.370 D/wpa_supplicant( 1178): wlan0: BSS: Add new id 40463 BSSID c4:3c:ea:6c:7b:98 SSID '' freq 5180
09-17 19:04:29.371 D/wpa_supplicant( 1178): wlan0: BSS: Remove id 40265 BSSID 6e:b2:27:de:13:aa SSID '' due to wpa_bss_remove_oldest_unknown
09-17 19:04:29.371 D/wpa_supplicant( 1178): wlan0: BSS: Add new id 40464 BSSID 10:4b:46:d8:31:75 SSID 'pr500m-d83173-3' freq 5320
09-17 19:04:29.371 D/wpa_supplicant( 1178): wlan0: BSS: Remove id 40266 BSSID 6e:b2:27:67:20:53 SSID 'SurroundMaster_69fafe' due to wpa_bss_remove_oldest_unknown
09-17 19:04:29.371 D/wpa_supplicant( 1178): wlan0: BSS: Add new id 40465 BSSID c4:3c:ea:6c:7b:99 SSID 'Buffalo-A-7B90' freq 5180
09-17 19:04:29.371 D/wpa_supplicant( 1178): wlan0: BSS: Remove id 40267 BSSID 60:84:bd:9e:81:78 SSID 'Buffalo-G-8178' due to wpa_bss_remove_oldest_unknown
09-17 19:04:29.371 D/wpa_supplicant( 1178): wlan0: BSS: Add new id 40466 BSSID 1c:d1:e0:d5:75:0d SSID '' freq 5580
09-17 19:04:29.371 D/wpa_supplicant( 1178): wlan0: BSS: Remove id 40268 BSSID 58:52:8a:47:85:a2 SSID 'rs500m-47859f-1' due to wpa_bss_remove_oldest_unknown
09-17 19:04:29.371 D/wpa_supplicant( 1178): wlan0: BSS: Add new id 40467 BSSID 1c:d1:e0:d5:75:0b SSID 'SWing' freq 5580
09-17 19:04:29.371 D/wpa_supplicant( 1178): wlan0: BSS: Remove id 40269 BSSID 5a:52:8a:47:85:a2 SSID 'rs500m-47859f-2' due to wpa_bss_remove_oldest_unknown
09-17 19:04:29.371 D/wpa_supplicant( 1178): wlan0: BSS: Add new id 40468 BSSID 84:af:ec:c1:df:3c SSID 'Buffalo-A-DF38' freq 5180
09-17 19:04:29.371 D/wpa_supplicant( 1178): wlan0: BSS: Remove id 40270 BSSID 34:3d:c4:f1:46:80 SSID 'Devlink-Buffalo1900-2G' due to wpa_bss_remove_oldest_unknown
09-17 19:04:29.371 D/wpa_supplicant( 1178): wlan0: BSS: Add new id 40469 BSSID 34:97:f6:01:f4:cc SSID 'PJINTEG-012-A-CTSRoom' freq 5220
09-17 19:04:29.371 D/wpa_supplicant( 1178): wlan0: BSS: Remove id 40271 BSSID 1c:b1:7f:e0:1d:3e SSID 'Aterm-WG1400HP_G' due to wpa_bss_remove_oldest_unknown
09-17 19:04:29.371 D/wpa_supplicant( 1178): wlan0: BSS: Add new id 40470 BSSID ec:5a:31:ac:ab:11 SSID '_b2b_wpa3_192' freq 5180
09-17 19:04:29.371 D/wpa_supplicant( 1178): wlan0: BSS: Remove id 40272 BSSID 60:84:bd:08:27:e8 SSID 'HyokaT-Free_Common' due to wpa_bss_remove_oldest_unknown
09-17 19:04:29.371 D/wpa_supplicant( 1178): wlan0: BSS: Add new id 40471 BSSID d4:2c:46:1c:12:69 SSID 'Buffalo-A-1260' freq 5180
09-17 19:04:29.371 D/wpa_supplicant( 1178): wlan0: BSS: Remove id 40273 BSSID 58:ef:68:ab:66:e3 SSID 'Linksys18401_2.4GHz' due to wpa_bss_remove_oldest_unknown
09-17 19:04:29.371 D/wpa_supplicant( 1178): wlan0: BSS: Add new id 40472 BSSID e4:4e:2d:7c:49:0b SSID 'SWing' freq 5540
09-17 19:04:29.371 D/wpa_supplicant( 1178): wlan0: BSS: Remove id 40274 BSSID 48:f8:b3:a5:e4:fe SSID 'Devlink_Linksys_2GHz' due to wpa_bss_remove_oldest_unknown
09-17 19:04:29.371 D/wpa_supplicant( 1178): wlan0: BSS: Add new id 40473 BSSID 34:3d:c4:1e:98:68 SSID 'Buffalo-A-9866' freq 5320
09-17 19:04:29.372 D/wpa_supplicant( 1178): wlan0: BSS: Remove id 40275 BSSID 6c:e4:da:e2:f9:9a SSID 'DevlinkAterm2g' due to wpa_bss_remove_oldest_unknown
09-17 19:04:29.372 D/wpa_supplicant( 1178): wlan0: BSS: Add new id 40474 BSSID 18:c2:bf:c3:90:20 SSID 'PJInteg-CTSRoom' freq 5620
09-17 19:04:29.372 D/wpa_supplicant( 1178): wlan0: BSS: Remove id 40276 BSSID 18:c2:bf:f3:2e:48 SSID 'HyokaT-Buffalo-A_2.4GHz' due to wpa_bss_remove_oldest_unknown
09-17 19:04:29.372 D/wpa_supplicant( 1178): wlan0: BSS: Add new id 40475 BSSID 48:f8:b3:a5:e4:ff SSID 'Devlink_Linksys_5GHz' freq 5180
09-17 19:04:29.372 D/WifiNl80211Manager(  702): get 299 scan results from wificond
09-17 19:04:29.372 D/wpa_supplicant( 1178): wlan0: BSS: Remove id 40277 BSSID 74:03:bd:d2:43:d0 SSID 'DevlinkBT16F_Buffalo24' due to wpa_bss_remove_oldest_unknown
09-17 19:04:29.372 D/wpa_supplicant( 1178): wlan0: BSS: Add new id 40476 BSSID b0:be:76:a0:3d:53 SSID 'TP-Link_3D54' freq 5240
09-17 19:04:29.372 D/wpa_supplicant( 1178): wlan0: BSS: Remove id 40278 BSSID c0:25:a2:c9:2b:52 SSID 'devlink-aterm-wg1800hp2-2g' due to wpa_bss_remove_oldest_unknown
09-17 19:04:29.372 D/wpa_supplicant( 1178): wlan0: BSS: Add new id 40477 BSSID b6:be:76:a0:3d:53 SSID '' freq 5240
09-17 19:04:29.372 D/wpa_supplicant( 1178): wlan0: BSS: Remove id 40279 BSSID 08:10:86:a2:8f:9a SSID 'SPW_X11_d1ef0b' due to wpa_bss_remove_oldest_unknown
09-17 19:04:29.372 W/IE_Capabilities(  702): Unknown RSN cipher suite: 6ac0f00
09-17 19:04:29.372 D/wpa_supplicant( 1178): wlan0: BSS: Add new id 40478 BSSID 18:c2:bf:c3:90:10 SSID 'PJInteg-CTSRoom' freq 5200
09-17 19:04:29.372 D/wpa_supplicant( 1178): wlan0: BSS: Remove id 40280 BSSID 08:10:86:0c:e0:52 SSID 'PerformanceWiFi-g' due to wpa_bss_remove_oldest_unknown
09-17 19:04:29.372 D/wpa_supplicant( 1178): wlan0: BSS: Add new id 40479 BSSID 58:52:8a:68:27:06 SSID 'PJINTEG-015-A-NotUseForCTS' freq 5320
09-17 19:04:29.372 D/wpa_supplicant( 1178): wlan0: BSS: Remove id 40281 BSSID 80:22:a7:26:9c:66 SSID 'arch-16f-g' due to wpa_bss_remove_oldest_unknown
09-17 19:04:29.372 D/wpa_supplicant( 1178): wlan0: BSS: Add new id 40480 BSSID 88:57:ee:2c:18:d7 SSID 'Buffalo-A-18D5' freq 5240
09-17 19:04:29.372 D/wpa_supplicant( 1178): wlan0: BSS: Remove id 40282 BSSID 88:57:ee:2c:18:d6 SSID 'Buffalo-G-18D5' due to wpa_bss_remove_oldest_unknown
09-17 19:04:29.372 D/wpa_supplicant( 1178): wlan0: BSS: Add new id 40481 BSSID b0:be:76:92:b4:6b SSID 'TP-Link_B46C_5G' freq 5220
09-17 19:04:29.372 D/wpa_supplicant( 1178): wlan0: BSS: Remove id 40283 BSSID 84:af:ec:c1:df:38 SSID 'Neu_net' due to wpa_bss_remove_oldest_unknown
09-17 19:04:29.372 D/wpa_supplicant( 1178): wlan0: BSS: Add new id 40482 BSSID 74:03:bd:b9:c5:f7 SSID 'Buffalo-A-C5FE' freq 5500
09-17 19:04:29.372 D/wpa_supplicant( 1178): wlan0: BSS: Remove id 40284 BSSID 60:38:e0:55:f4:84 SSID 'HyokaT-Belkin_2.4GHz' due to wpa_bss_remove_oldest_unknown
09-17 19:04:29.372 D/wpa_supplicant( 1178): wlan0: BSS: Add new id 40483 BSSID d4:2c:46:1c:12:6a SSID 'Buffalo-A-1260-WPA3' freq 5180
09-17 19:04:29.372 D/wpa_supplicant( 1178): wlan0: BSS: Remove id 40285 BSSID 1a:ed:b9:42:c9:a0 SSID 'DIRECT-Df-BRAVIA' due to wpa_bss_remove_oldest_unknown
09-17 19:04:29.373 D/wpa_supplicant( 1178): wlan0: BSS: Add new id 40484 BSSID 60:32:b1:21:cb:23 SSID 'TP-Link_CB24_5G' freq 5220
09-17 19:04:29.373 D/wpa_supplicant( 1178): wlan0: BSS: Remove id 40286 BSSID 74:03:bd:b9:c5:f0 SSID 'Buffalo-G-C5FE' due to wpa_bss_remove_oldest_unknown
09-17 19:04:29.373 D/wpa_supplicant( 1178): wlan0: BSS: Add new id 40485 BSSID 2c:ff:65:00:7e:48 SSID 'rs500k-007e08-3' freq 5180
09-17 19:04:29.373 D/wpa_supplicant( 1178): wlan0: BSS: Remove id 40287 BSSID a6:12:42:87:dc:2c SSID 'pr500m-d83173-2' due to wpa_bss_remove_oldest_unknown
09-17 19:04:29.373 D/wpa_supplicant( 1178): wlan0: BSS: Add new id 40486 BSSID 84:e8:cb:a3:c9:3a SSID 'Buffalo-5G-C930-WPA3' freq 5260
09-17 19:04:29.373 D/wpa_supplicant( 1178): wlan0: BSS: Remove id 40288 BSSID b0:be:76:a0:3d:54 SSID 'TP-Link_3D54' due to wpa_bss_remove_oldest_unknown
09-17 19:04:29.373 D/wpa_supplicant( 1178): wlan0: BSS: Add new id 40487 BSSID 18:ec:e7:86:05:79 SSID 'arib-system-ax4-50' freq 5180
09-17 19:04:29.373 D/wpa_supplicant( 1178): wlan0: BSS: Remove id 40289 BSSID b0:be:76:92:b4:6c SSID 'TP-Link_B46C' due to wpa_bss_remove_oldest_unknown
09-17 19:04:29.373 D/wpa_supplicant( 1178): wlan0: BSS: Add new id 40488 BSSID 04:ab:18:3e:fc:f6 SSID 'elecom-3efcf3' freq 5220
09-17 19:04:29.373 D/wpa_supplicant( 1178): wlan0: BSS: Remove id 40290 BSSID cc:e1:d5:77:c6:d0 SSID 'Buffalo-G-C6D0' due to wpa_bss_remove_oldest_unknown
09-17 19:04:29.373 D/wpa_supplicant( 1178): wlan0: BSS: Add new id 40489 BSSID ec:5a:31:ac:ab:21 SSID '_b2b_wpa3_192' freq 6135
09-17 19:04:29.373 W/IE_Capabilities(  702): Unknown RSN cipher suite: 6ac0f00
09-17 19:04:29.373 D/wpa_supplicant( 1178): wlan0: BSS: Remove id 40291 BSSID 34:3d:c4:1e:98:67 SSID 'Buffalo-G-9866' due to wpa_bss_remove_oldest_unknown
09-17 19:04:29.373 D/wpa_supplicant( 1178): wlan0: BSS: Add new id 40490 BSSID e4:4e:2d:a4:3b:2d SSID '' freq 5540
09-17 19:04:29.373 D/wpa_supplicant( 1178): wlan0: BSS: Remove id 40292 BSSID 60:32:b1:21:cb:24 SSID 'TP-Link_CB24' due to wpa_bss_remove_oldest_unknown
09-17 19:04:29.373 D/wpa_supplicant( 1178): wlan0: BSS: Add new id 40491 BSSID e4:4e:2d:a4:62:2b SSID 'SWing' freq 5560
09-17 19:04:29.373 D/wpa_supplicant( 1178): wlan0: BSS: Remove id 40293 BSSID 00:90:fe:9a:18:e3 SSID 'elecom2g-9a18e4' due to wpa_bss_remove_oldest_unknown
09-17 19:04:29.373 D/wpa_supplicant( 1178): wlan0: BSS: Add new id 40492 BSSID e4:4e:2d:a4:62:2f SSID 'SWingS' freq 5560
09-17 19:04:29.373 D/wpa_supplicant( 1178): wlan0: BSS: Remove id 40294 BSSID 6e:b2:27:ea:e1:0a SSID '' due to wpa_bss_remove_oldest_unknown
09-17 19:04:29.373 D/wpa_supplicant( 1178): wlan0: BSS: Add new id 40493 BSSID 1c:d1:e0:d5:75:0f SSID 'SWingS' freq 5580
09-17 19:04:29.373 D/wpa_supplicant( 1178): wlan0: BSS: Remove id 40295 BSSID e4:4e:2d:7c:9c:af SSID 'SWingS' due to wpa_bss_remove_oldest_unknown
09-17 19:04:29.374 D/wpa_supplicant( 1178): wlan0: BSS: Add new id 40494 BSSID e4:4e:2d:7c:49:0f SSID 'SWingS' freq 5540
09-17 19:04:29.374 D/wpa_supplicant( 1178): wlan0: BSS: Remove id 40296 BSSID e4:4e:2d:7c:9c:ab SSID 'SWing' due to wpa_bss_remove_oldest_unknown
09-17 19:04:29.374 D/wpa_supplicant( 1178): wlan0: BSS: Add new id 40495 BSSID 1c:d1:e0:dc:8e:4b SSID 'SWing' freq 5580
09-17 19:04:29.374 D/wpa_supplicant( 1178): wlan0: BSS: Remove id 40297 BSSID e4:4e:2d:79:8e:4d SSID '' due to wpa_bss_remove_oldest_unknown
09-17 19:04:29.374 D/wpa_supplicant( 1178): wlan0: BSS: Add new id 40496 BSSID e4:4e:2d:a4:55:4b SSID 'SWing' freq 5680
09-17 19:04:29.374 D/wpa_supplicant( 1178): wlan0: BSS: Remove id 40298 BSSID e4:4e:2d:79:8e:4f SSID 'SWingS' due to wpa_bss_remove_oldest_unknown
09-17 19:04:29.374 D/wpa_supplicant( 1178): wlan0: BSS: Add new id 40497 BSSID e4:4e:2d:a4:62:2d SSID '' freq 5560
09-17 19:04:29.374 D/wpa_supplicant( 1178): wlan0: BSS: Remove id 40299 BSSID 1c:d1:e0:de:14:6f SSID 'SWingS' due to wpa_bss_remove_oldest_unknown
09-17 19:04:29.374 D/wpa_supplicant( 1178): wlan0: BSS: Add new id 40498 BSSID e4:4e:2d:a4:3b:2b SSID 'SWing' freq 5540
09-17 19:04:29.374 D/wpa_supplicant( 1178): wlan0: BSS: Remove id 40300 BSSID 4c:e6:76:fa:9c:e1 SSID 'PF_VPN_5GHz' due to wpa_bss_remove_oldest_unknown
09-17 19:04:29.374 D/wpa_supplicant( 1178): wlan0: BSS: Add new id 40499 BSSID e4:4e:2d:7b:bc:ad SSID '' freq 5660
09-17 19:04:29.374 D/wpa_supplicant( 1178): wlan0: BSS: Remove id 40301 BSSID 1c:d1:e0:de:14:6b SSID 'SWing' due to wpa_bss_remove_oldest_unknown
09-17 19:04:29.374 D/wpa_supplicant( 1178): wlan0: BSS: Add new id 40500 BSSID 84:e8:cb:a3:c9:39 SSID '' freq 5260
09-17 19:04:29.374 D/wpa_supplicant( 1178): wlan0: BSS: Remove id 40302 BSSID e4:4e:2d:7b:bc:ab SSID 'SWing' due to wpa_bss_remove_oldest_unknown
09-17 19:04:29.374 D/wpa_supplicant( 1178): wlan0: BSS: Add new id 40501 BSSID e4:4e:2d:7b:bc:af SSID 'SWingS' freq 5660
09-17 19:04:29.374 D/wpa_supplicant( 1178): wlan0: BSS: Remove id 40303 BSSID e4:4e:2d:a4:55:4f SSID 'SWingS' due to wpa_bss_remove_oldest_unknown
09-17 19:04:29.374 D/wpa_supplicant( 1178): wlan0: BSS: Add new id 40502 BSSID e4:4e:2d:7c:28:8b SSID 'SWing' freq 5320
09-17 19:04:29.374 D/wpa_supplicant( 1178): wlan0: BSS: Remove id 40304 BSSID 1c:d1:e0:de:14:6d SSID '' due to wpa_bss_remove_oldest_unknown
09-17 19:04:29.374 D/wpa_supplicant( 1178): wlan0: BSS: Add new id 40503 BSSID 84:e8:cb:a3:c9:38 SSID 'Buffalo-5G-C930' freq 5260
09-17 19:04:29.375 W/IE_Capabilities(  702): Unknown RSN cipher suite: 6ac0f00
09-17 19:04:29.375 W/IE_Capabilities(  702): Unknown RSN cipher suite: 6ac0f00
09-17 19:04:29.375 D/wpa_supplicant( 1178): wlan0: BSS: Remove id 40305 BSSID e4:4e:2d:79:8e:4b SSID 'SWing' due to wpa_bss_remove_oldest_unknown
09-17 19:04:29.375 D/wpa_supplicant( 1178): wlan0: BSS: Add new id 40504 BSSID e4:4e:2d:7c:9c:ad SSID '' freq 5320
09-17 19:04:29.376 D/wpa_supplicant( 1178): wlan0: BSS: Remove id 40306 BSSID 1c:d1:e0:dc:46:8d SSID '' due to wpa_bss_remove_oldest_unknown
09-17 19:04:29.376 D/wpa_supplicant( 1178): wlan0: BSS: Add new id 40505 BSSID e4:4e:2d:7c:49:0d SSID '' freq 5540
09-17 19:04:29.376 D/wpa_supplicant( 1178): wlan0: BSS: Remove id 40308 BSSID e4:4e:2d:7d:82:2d SSID '' due to wpa_bss_remove_oldest_unknown
09-17 19:04:29.376 D/wpa_supplicant( 1178): wlan0: BSS: Add new id 40506 BSSID 1c:d1:e0:dc:8e:4f SSID 'SWingS' freq 5580
09-17 19:04:29.376 D/wpa_supplicant( 1178): wlan0: BSS: Remove id 40309 BSSID e4:4e:2d:7d:82:2b SSID 'SWing' due to wpa_bss_remove_oldest_unknown
09-17 19:04:29.376 D/wpa_supplicant( 1178): wlan0: BSS: Add new id 40507 BSSID 1c:d1:e0:dc:8e:4d SSID '' freq 5580
09-17 19:04:29.376 D/wpa_supplicant( 1178): wlan0: BSS: Remove id 40311 BSSID e4:4e:2d:7d:82:2f SSID 'SWingS' due to wpa_bss_remove_oldest_unknown
09-17 19:04:29.376 D/wpa_supplicant( 1178): wlan0: BSS: Add new id 40508 BSSID e4:4e:2d:7b:bc:ab SSID 'SWing' freq 5660
09-17 19:04:29.376 D/wpa_supplicant( 1178): wlan0: BSS: Remove id 40312 BSSID 00:11:32:77:a5:e9 SSID 'hes-b2b-syno1' due to wpa_bss_remove_oldest_unknown
09-17 19:04:29.376 D/wpa_supplicant( 1178): wlan0: BSS: Add new id 40509 BSSID e4:4e:2d:64:30:cd SSID '' freq 5660
09-17 19:04:29.376 D/wpa_supplicant( 1178): wlan0: BSS: Remove id 40313 BSSID 16:11:32:77:a5:e9 SSID '' due to wpa_bss_remove_oldest_unknown
09-17 19:04:29.376 D/wpa_supplicant( 1178): wlan0: BSS: Add new id 40510 BSSID 1c:d1:e0:dc:46:8d SSID '' freq 5680
09-17 19:04:29.376 D/wpa_supplicant( 1178): wlan0: BSS: Remove id 40314 BSSID e4:4e:2d:7c:06:2d SSID '' due to wpa_bss_remove_oldest_unknown
09-17 19:04:29.376 D/wpa_supplicant( 1178): wlan0: BSS: Add new id 40511 BSSID e4:4e:2d:64:30:cb SSID 'SWing' freq 5660
09-17 19:04:29.376 D/wpa_supplicant( 1178): wlan0: BSS: Remove id 40316 BSSID e4:4e:2d:a4:aa:ab SSID 'SWing' due to wpa_bss_remove_oldest_unknown
09-17 19:04:29.376 D/wpa_supplicant( 1178): wlan0: BSS: Add new id 40512 BSSID 2c:ff:65:00:0a:78 SSID 'rs500k-000a38-3' freq 5320
09-17 19:04:29.376 D/wpa_supplicant( 1178): wlan0: BSS: Remove id 40317 BSSID 08:10:86:c9:28:8b SSID 'aterm-61cef3-a' due to wpa_bss_remove_oldest_unknown
09-17 19:04:29.376 D/wpa_supplicant( 1178): wlan0: BSS: Add new id 40513 BSSID 1c:d1:e0:dc:46:8b SSID 'SWing' freq 5680
09-17 19:04:29.376 D/wpa_supplicant( 1178): wlan0: BSS: Remove id 40318 BSSID 6e:b2:27:5c:05:7a SSID '' due to wpa_bss_remove_oldest_unknown
09-17 19:04:29.376 D/wpa_supplicant( 1178): wlan0: BSS: Add new id 40514 BSSID e4:4e:2d:a4:55:4d SSID '' freq 5680
09-17 19:04:29.376 D/wpa_supplicant( 1178): wlan0: BSS: Remove id 40319 BSSID 04:ab:18:65:c1:d3 SSID '' due to wpa_bss_remove_oldest_unknown
09-17 19:04:29.376 D/wpa_supplicant( 1178): wlan0: BSS: Add new id 40515 BSSID 18:c2:bf:f3:2e:58 SSID 'HyokaT-Buffalo-A_2.4GHz' freq 5500
09-17 19:04:29.377 D/wpa_supplicant( 1178): wlan0: BSS: Remove id 40320 BSSID e4:4e:2d:7c:06:2b SSID 'SWing' due to wpa_bss_remove_oldest_unknown
09-17 19:04:29.377 D/wpa_supplicant( 1178): wlan0: BSS: Add new id 40516 BSSID 60:84:bd:08:27:f8 SSID 'HyokaT-Free_Common' freq 5500
09-17 19:04:29.377 D/wpa_supplicant( 1178): wlan0: BSS: Remove id 40321 BSSID e4:4e:2d:7c:06:2f SSID 'SWingS' due to wpa_bss_remove_oldest_unknown
09-17 19:04:29.377 D/wpa_supplicant( 1178): wlan0: BSS: Add new id 40517 BSSID 34:3d:c4:f1:46:87 SSID 'Devlink-Buffalo1900-5G' freq 5220
09-17 19:04:29.377 D/wpa_supplicant( 1178): wlan0: BSS: Remove id 40322 BSSID 1c:d1:e0:e0:ed:2b SSID 'SWing' due to wpa_bss_remove_oldest_unknown
09-17 19:04:29.377 D/wpa_supplicant( 1178): wlan0: BSS: Add new id 40518 BSSID 3c:52:a1:54:20:33 SSID 'TP-Link_PFM1' freq 2442
09-17 19:04:29.377 D/wpa_supplicant( 1178): wlan0: BSS: Remove id 40323 BSSID 1c:d1:e0:e0:ed:2d SSID '' due to wpa_bss_remove_oldest_unknown
09-17 19:04:29.377 D/wpa_supplicant( 1178): wlan0: BSS: Add new id 40519 BSSID 3e:52:a1:24:20:33 SSID '' freq 2442
09-17 19:04:29.377 D/wpa_supplicant( 1178): wlan0: BSS: Remove id 40324 BSSID 1c:d1:e0:e0:ed:2f SSID 'SWingS' due to wpa_bss_remove_oldest_unknown
09-17 19:04:29.377 D/wpa_supplicant( 1178): wlan0: BSS: Add new id 40520 BSSID be:fc:e7:12:2c:ec SSID 'AS_2' freq 2447
09-17 19:04:29.378 D/wpa_supplicant( 1178): wlan0: BSS: Remove id 40325 BSSID 1c:3a:60:e8:9f:ac SSID '' due to wpa_bss_remove_oldest_unknown
09-17 19:04:29.378 D/wpa_supplicant( 1178): wlan0: BSS: Add new id 40521 BSSID bc:fc:e7:22:2c:ec SSID 'BDDE261C63DA4B894A6B9214B6BE23D2' freq 2447 MLD ADDR 02:fc:e7:22:2c:ec
09-17 19:04:29.378 W/IE_Capabilities(  702): Unknown RSN cipher suite: 6ac0f00
09-17 19:04:29.378 D/wpa_supplicant( 1178): wlan0: BSS: Remove id 40326 BSSID 1c:3a:60:28:9f:ac SSID '' due to wpa_bss_remove_oldest_unknown
09-17 19:04:29.378 D/wpa_supplicant( 1178): wlan0: BSS: Add new id 40522 BSSID 50:eb:f6:02:ea:80 SSID 'ASUS_80' freq 2462
09-17 19:04:29.378 D/wpa_supplicant( 1178): wlan0: BSS: Remove id 40327 BSSID e4:4e:2d:76:f2:4f SSID 'SWingS' due to wpa_bss_remove_oldest_unknown
09-17 19:04:29.378 D/wpa_supplicant( 1178): wlan0: BSS: Add new id 40523 BSSID 84:e8:cb:5e:3a:01 SSID '' freq 2412
09-17 19:04:29.378 D/wpa_supplicant( 1178): wlan0: BSS: Remove id 40328 BSSID e4:4e:2d:76:f2:4b SSID 'SWing' due to wpa_bss_remove_oldest_unknown
09-17 19:04:29.378 D/wpa_supplicant( 1178): wlan0: BSS: Add new id 40524 BSSID 3a:97:a4:64:cb:55 SSID 'elecom-s-64cb54' freq 2472
09-17 19:04:29.378 D/wpa_supplicant( 1178): wlan0: BSS: Remove id 40329 BSSID 1c:3a:60:a8:9f:ad SSID '' due to wpa_bss_remove_oldest_unknown
09-17 19:04:29.378 D/wpa_supplicant( 1178): wlan0: BSS: Add new id 40525 BSSID 50:eb:f6:a9:3b:e8 SSID 'ASUS_ber7' freq 2452
09-17 19:04:29.378 D/wpa_supplicant( 1178): wlan0: BSS: Remove id 40330 BSSID 1c:3a:60:68:9f:ac SSID '' due to wpa_bss_remove_oldest_unknown
09-17 19:04:29.378 D/wpa_supplicant( 1178): wlan0: BSS: Add new id 40526 BSSID 84:e8:cb:5e:3a:03 SSID 'Naonao_192bit' freq 2412
09-17 19:04:29.378 D/wpa_supplicant( 1178): wlan0: BSS: Remove id 40331 BSSID 1c:3a:60:68:9f:ad SSID '' due to wpa_bss_remove_oldest_unknown
09-17 19:04:29.378 D/wpa_supplicant( 1178): wlan0: BSS: Add new id 40527 BSSID 38:97:a4:64:cb:55 SSID 'elecom-64cb54' freq 2472
09-17 19:04:29.378 D/wpa_supplicant( 1178): wlan0: BSS: Remove id 40332 BSSID 1c:3a:60:a8:9f:ac SSID '' due to wpa_bss_remove_oldest_unknown
09-17 19:04:29.378 D/wpa_supplicant( 1178): wlan0: BSS: Add new id 40528 BSSID 24:4b:fe:d1:4b:60 SSID 'ASUS-G-0316f' freq 2457
09-17 19:04:29.378 D/wpa_supplicant( 1178): wlan0: BSS: Remove id 40333 BSSID c8:08:73:ff:cb:6c SSID '' due to wpa_bss_remove_oldest_unknown
09-17 19:04:29.378 D/wpa_supplicant( 1178): wlan0: BSS: Add new id 40529 BSSID e4:4e:2d:7b:a3:62 SSID '' freq 2437
09-17 19:04:29.378 D/wpa_supplicant( 1178): wlan0: BSS: Remove id 40334 BSSID c8:08:73:3f:cb:6c SSID '' due to wpa_bss_remove_oldest_unknown
09-17 19:04:29.379 W/IE_Capabilities(  702): Unknown RSN cipher suite: 6ac0f00
09-17 19:04:29.379 W/IE_Capabilities(  702): Unknown RSN cipher suite: 6ac0f00
09-17 19:04:29.379 D/wpa_supplicant( 1178): wlan0: BSS: Add new id 40530 BSSID 24:4b:fe:b6:b0:50 SSID 'Neu_vpn' freq 2412
09-17 19:04:29.379 D/wpa_supplicant( 1178): wlan0: BSS: Remove id 40335 BSSID e4:4e:2d:76:f2:4d SSID '' due to wpa_bss_remove_oldest_unknown
09-17 19:04:29.379 D/wpa_supplicant( 1178): wlan0: BSS: Add new id 40531 BSSID 6e:b2:27:1f:4e:dc SSID '' freq 5180
09-17 19:04:29.379 D/wpa_supplicant( 1178): wlan0: BSS: Remove id 40336 BSSID c8:08:73:3f:cb:6d SSID '' due to wpa_bss_remove_oldest_unknown
09-17 19:04:29.379 D/wpa_supplicant( 1178): wlan0: BSS: Add new id 40532 BSSID 6e:b2:27:dd:d7:fd SSID '' freq 5180
09-17 19:04:29.379 D/wpa_supplicant( 1178): wlan0: BSS: Remove id 40337 BSSID c8:08:73:7f:cb:6d SSID '' due to wpa_bss_remove_oldest_unknown
09-17 19:04:29.379 D/wpa_supplicant( 1178): wlan0: BSS: Add new id 40533 BSSID 6e:b2:27:22:da:1c SSID '' freq 5200
09-17 19:04:29.380 D/wpa_supplicant( 1178): wlan0: BSS: Remove id 40338 BSSID 00:09:b4:71:0a:ac SSID '0000softbank' due to wpa_bss_remove_oldest_unknown
09-17 19:04:29.380 D/wpa_supplicant( 1178): wlan0: BSS: Add new id 40534 BSSID 6e:b2:27:86:c5:be SSID '' freq 5220
09-17 19:04:29.380 D/wpa_supplicant( 1178): wlan0: BSS: Remove id 40339 BSSID c8:08:73:bf:cb:6c SSID '' due to wpa_bss_remove_oldest_unknown
09-17 19:04:29.380 D/wpa_supplicant( 1178): wlan0: BSS: Add new id 40535 BSSID 6e:b2:27:1a:f3:66 SSID '' freq 5180
09-17 19:04:29.380 D/wpa_supplicant( 1178): wlan0: BSS: Remove id 40340 BSSID c8:08:73:7f:cb:6c SSID '' due to wpa_bss_remove_oldest_unknown
09-17 19:04:29.380 D/wpa_supplicant( 1178): wlan0: BSS: Add new id 40536 BSSID ec:1a:59:5c:7b:f6 SSID 'IPv6_dual_2.4GHz' freq 2462
09-17 19:04:29.380 D/wpa_supplicant( 1178): wlan0: BSS: Remove id 40341 BSSID 1c:3a:60:28:9f:ad SSID '' due to wpa_bss_remove_oldest_unknown
09-17 19:04:29.380 D/wpa_supplicant( 1178): wlan0: BSS: Add new id 40537 BSSID c0:25:a2:df:54:7e SSID 'HyokaT-NEC_2.4GHz' freq 2427
09-17 19:04:29.380 D/wpa_supplicant( 1178): wlan0: BSS: Remove id 40342 BSSID c8:08:73:bf:cb:6d SSID '' due to wpa_bss_remove_oldest_unknown
09-17 19:04:29.380 D/wpa_supplicant( 1178): wlan0: BSS: Add new id 40538 BSSID 6e:b2:27:86:b8:4f SSID '' freq 5240
09-17 19:04:29.380 D/wpa_supplicant( 1178): wlan0: BSS: Remove id 40343 BSSID 68:e1:dc:a9:f6:29 SSID 'Buffalo-5G-F620' due to wpa_bss_remove_oldest_unknown
09-17 19:04:29.380 D/wpa_supplicant( 1178): wlan0: BSS: Add new id 40539 BSSID 1c:d1:e0:d5:75:02 SSID '' freq 2462
09-17 19:04:29.380 D/wpa_supplicant( 1178): wlan0: BSS: Remove id 40344 BSSID 68:e1:dc:a9:f6:28 SSID '' due to wpa_bss_remove_oldest_unknown
09-17 19:04:29.380 D/wpa_supplicant( 1178): wlan0: BSS: Add new id 40540 BSSID d4:2c:46:c9:c9:0a SSID 'BaseApp-16F-2G-WPA3' freq 2462
09-17 19:04:29.380 D/wpa_supplicant( 1178): wlan0: BSS: Remove id 40345 BSSID 68:e1:dc:a9:f6:2a SSID 'Buffalo-5G-F620-WPA3' due to wpa_bss_remove_oldest_unknown
09-17 19:04:29.380 D/wpa_supplicant( 1178): wlan0: BSS: Add new id 40541 BSSID d4:2c:46:c9:c9:09 SSID 'BaseApp-16F-2G' freq 2462
09-17 19:04:29.380 D/wpa_supplicant( 1178): wlan0: BSS: Remove id 40346 BSSID 1e:b1:7f:2e:09:0b SSID 'aterm-8e5749-aw' due to wpa_bss_remove_oldest_unknown
09-17 19:04:29.380 D/wpa_supplicant( 1178): wlan0: BSS: Add new id 40542 BSSID 1c:b1:7f:2e:09:0b SSID 'veri-video-5a' freq 5220
09-17 19:04:29.380 D/wpa_supplicant( 1178): wlan0: BSS: Remove id 40347 BSSID 2e:b1:7f:e0:1d:3e SSID 'Aterm-WG1400HP_GW' due to wpa_bss_remove_oldest_unknown
09-17 19:04:29.380 D/wpa_supplicant( 1178): wlan0: BSS: Add new id 40543 BSSID e4:4e:2d:64:5e:60 SSID 'SWingS' freq 2412
09-17 19:04:29.380 D/wpa_supplicant( 1178): wlan0: BSS: Remove id 40348 BSSID d2:25:a2:c9:2b:52 SSID '\x00\x00\x00\x00\x00\x00\x00\x00\x00\x00\x00\x00\x00\x00\x00' due to wpa_bss_remove_oldest_unknown
09-17 19:04:29.380 D/wpa_supplicant( 1178): wlan0: BSS: Add new id 40544 BSSID 1c:d1:e0:d5:75:00 SSID 'SWingS' freq 2462
09-17 19:04:29.380 D/wpa_supplicant( 1178): wlan0: BSS: Remove id 40349 BSSID c2:25:a2:7a:43:c6 SSID '\x00\x00\x00\x00\x00\x00\x00\x00\x00\x00\x00\x00\x00\x00\x00' due to wpa_bss_remove_oldest_unknown
09-17 19:04:29.380 D/wpa_supplicant( 1178): wlan0: BSS: Add new id 40545 BSSID 1c:d1:e0:d5:75:04 SSID 'SWing' freq 2462
09-17 19:04:29.380 D/wpa_supplicant( 1178): wlan0: BSS: Remove id 40351 BSSID 62:45:b9:30:b8:a2 SSID '' due to wpa_bss_remove_oldest_unknown
09-17 19:04:29.381 D/wpa_supplicant( 1178): wlan0: BSS: Add new id 40546 BSSID e4:4e:2d:64:30:c4 SSID 'SWing' freq 2437
09-17 19:04:29.381 D/wpa_supplicant( 1178): wlan0: BSS: Remove id 40350 BSSID 62:45:b8:ba:90:70 SSID '' due to wpa_bss_remove_oldest_unknown
09-17 19:04:29.381 D/wpa_supplicant( 1178): wlan0: BSS: Add new id 40547 BSSID e4:4e:2d:64:30:c2 SSID '' freq 2437
09-17 19:04:29.381 D/wpa_supplicant( 1178): wlan0: BSS: Remove id 40352 BSSID 62:45:b9:18:8e:b9 SSID '' due to wpa_bss_remove_oldest_unknown
09-17 19:04:29.381 D/wpa_supplicant( 1178): wlan0: BSS: Add new id 40548 BSSID e4:4e:2d:64:30:c0 SSID 'SWingS' freq 2437
09-17 19:04:29.381 D/wpa_supplicant( 1178): wlan0: BSS: Remove id 40353 BSSID 62:45:b8:d9:bb:e9 SSID '' due to wpa_bss_remove_oldest_unknown
09-17 19:04:29.381 D/wpa_supplicant( 1178): wlan0: BSS: Add new id 40549 BSSID 6e:b2:27:7a:0a:c7 SSID '' freq 5240
09-17 19:04:29.381 D/wpa_supplicant( 1178): wlan0: BSS: Remove id 40354 BSSID e4:4e:2d:64:5e:6a SSID 'SWingCert-Enroll' due to wpa_bss_remove_oldest_unknown
09-17 19:04:29.381 D/wpa_supplicant( 1178): wlan0: BSS: Add new id 40550 BSSID 6e:b2:27:b1:dc:f2 SSID '' freq 5700
09-17 19:04:29.381 D/wpa_supplicant( 1178): wlan0: BSS: Remove id 40355 BSSID e4:4e:2d:64:5e:6e SSID 'GuestNet' due to wpa_bss_remove_oldest_unknown
09-17 19:04:29.381 D/wpa_supplicant( 1178): wlan0: BSS: Add new id 40551 BSSID 6e:b2:27:de:13:aa SSID '' freq 5300
09-17 19:04:29.381 D/wpa_supplicant( 1178): wlan0: BSS: Remove id 40356 BSSID e4:4e:2d:64:5e:6c SSID 'EngN' due to wpa_bss_remove_oldest_unknown
09-17 19:04:29.381 D/wpa_supplicant( 1178): wlan0: BSS: Add new id 40552 BSSID 6e:b2:27:ea:e1:0a SSID '' freq 5700
09-17 19:04:29.381 D/wpa_supplicant( 1178): wlan0: BSS: Remove id 40357 BSSID e4:4e:2d:7b:a3:6a SSID 'SWingCert-Enroll' due to wpa_bss_remove_oldest_unknown
09-17 19:04:29.381 D/wpa_supplicant( 1178): wlan0: BSS: Add new id 40553 BSSID 6e:b2:27:67:20:53 SSID 'SurroundMaster_69fafe' freq 5240
09-17 19:04:29.381 D/wpa_supplicant( 1178): wlan0: BSS: Remove id 40358 BSSID e4:4e:2d:7b:a3:6c SSID 'EngN' due to wpa_bss_remove_oldest_unknown
09-17 19:04:29.381 D/wpa_supplicant( 1178): wlan0: BSS: Add new id 40554 BSSID 5a:52:8a:47:85:a2 SSID 'rs500m-47859f-2' freq 2412
09-17 19:04:29.381 D/wpa_supplicant( 1178): wlan0: BSS: Remove id 40359 BSSID e4:4e:2d:7b:a3:6e SSID 'GuestNet' due to wpa_bss_remove_oldest_unknown
09-17 19:04:29.381 D/wpa_supplicant( 1178): wlan0: BSS: Add new id 40555 BSSID 58:52:8a:47:85:a2 SSID 'rs500m-47859f-1' freq 2412
09-17 19:04:29.381 D/wpa_supplicant( 1178): wlan0: BSS: Remove id 40360 BSSID 1c:d1:e0:d5:75:0e SSID 'GuestNet' due to wpa_bss_remove_oldest_unknown
09-17 19:04:29.381 D/wpa_supplicant( 1178): wlan0: BSS: Add new id 40556 BSSID 1c:b1:7f:e0:1d:3e SSID 'Aterm-WG1400HP_G' freq 2437
09-17 19:04:29.381 D/wpa_supplicant( 1178): wlan0: BSS: Remove id 40361 BSSID 1c:d1:e0:d5:75:0a SSID 'SWingCert-Enroll' due to wpa_bss_remove_oldest_unknown
09-17 19:04:29.381 D/wpa_supplicant( 1178): wlan0: BSS: Add new id 40557 BSSID 34:3d:c4:f1:46:80 SSID 'Devlink-Buffalo1900-2G' freq 2452
09-17 19:04:29.381 D/wpa_supplicant( 1178): wlan0: BSS: Remove id 40362 BSSID 1c:d1:e0:dc:8e:4a SSID 'SWingCert-Enroll' due to wpa_bss_remove_oldest_unknown
09-17 19:04:29.381 D/wpa_supplicant( 1178): wlan0: BSS: Add new id 40558 BSSID 60:84:bd:9e:81:78 SSID 'Buffalo-G-8178' freq 2422
09-17 19:04:29.382 D/wpa_supplicant( 1178): wlan0: BSS: Remove id 40363 BSSID e4:4e:2d:64:30:ce SSID 'GuestNet' due to wpa_bss_remove_oldest_unknown
09-17 19:04:29.382 D/wpa_supplicant( 1178): wlan0: BSS: Add new id 40559 BSSID 48:f8:b3:a5:e4:fe SSID 'Devlink_Linksys_2GHz' freq 2432
09-17 19:04:29.382 D/wpa_supplicant( 1178): wlan0: BSS: Remove id 40364 BSSID e4:4e:2d:7c:28:8c SSID 'EngN' due to wpa_bss_remove_oldest_unknown
09-17 19:04:29.382 D/wpa_supplicant( 1178): wlan0: BSS: Add new id 40560 BSSID 6c:e4:da:e2:f9:9a SSID 'DevlinkAterm2g' freq 2437
09-17 19:04:29.382 D/wpa_supplicant( 1178): wlan0: BSS: Remove id 40365 BSSID e4:4e:2d:7c:28:8e SSID 'GuestNet' due to wpa_bss_remove_oldest_unknown
09-17 19:04:29.382 D/wpa_supplicant( 1178): wlan0: BSS: Add new id 40561 BSSID 18:c2:bf:f3:2e:48 SSID 'HyokaT-Buffalo-A_2.4GHz' freq 2427
09-17 19:04:29.382 D/wpa_supplicant( 1178): BSS: 74:03:bd:f8:3e:00 changed freq 2412 --> 2427
09-17 19:04:29.382 D/wpa_supplicant( 1178): wlan0: BSS: Remove id 40366 BSSID e4:4e:2d:7c:49:0c SSID 'EngN' due to wpa_bss_remove_oldest_unknown
09-17 19:04:29.382 D/wpa_supplicant( 1178): wlan0: BSS: Add new id 40562 BSSID c0:25:a2:c9:2b:52 SSID 'devlink-aterm-wg1800hp2-2g' freq 2417
09-17 19:04:29.382 D/wpa_supplicant( 1178): wlan0: BSS: Remove id 40367 BSSID e4:4e:2d:a4:62:2c SSID 'EngN' due to wpa_bss_remove_oldest_unknown
09-17 19:04:29.382 D/wpa_supplicant( 1178): wlan0: BSS: Add new id 40563 BSSID 74:03:bd:d2:43:d0 SSID 'DevlinkBT16F_Buffalo24' freq 2422
09-17 19:04:29.382 D/wpa_supplicant( 1178): wlan0: BSS: Remove id 40368 BSSID e4:4e:2d:a4:62:2e SSID 'GuestNet' due to wpa_bss_remove_oldest_unknown
09-17 19:04:29.382 W/IE_Capabilities(  702): Unknown RSN cipher suite: 6ac0f00
09-17 19:04:29.382 D/wpa_supplicant( 1178): wlan0: BSS: Add new id 40564 BSSID 60:84:bd:08:27:e8 SSID 'HyokaT-Free_Common' freq 2447
09-17 19:04:29.382 D/wpa_supplicant( 1178): wlan0: BSS: Remove id 40369 BSSID 1c:d1:e0:d5:75:0c SSID 'EngN' due to wpa_bss_remove_oldest_unknown
09-17 19:04:29.382 D/wpa_supplicant( 1178): wlan0: BSS: Add new id 40565 BSSID 08:10:86:a2:8f:9a SSID 'SPW_X11_d1ef0b' freq 2437
09-17 19:04:29.382 D/wpa_supplicant( 1178): wlan0: BSS: Remove id 40370 BSSID 1c:d1:e0:dc:8e:4c SSID 'EngN' due to wpa_bss_remove_oldest_unknown
09-17 19:04:29.382 D/wpa_supplicant( 1178): wlan0: BSS: Add new id 40566 BSSID 58:ef:68:ab:66:e3 SSID 'Linksys18401_2.4GHz' freq 2412
09-17 19:04:29.382 D/wpa_supplicant( 1178): wlan0: BSS: Remove id 40371 BSSID 1c:d1:e0:dc:8e:4e SSID 'GuestNet' due to wpa_bss_remove_oldest_unknown
09-17 19:04:29.382 D/wpa_supplicant( 1178): wlan0: BSS: Add new id 40567 BSSID 08:10:86:0c:e0:52 SSID 'PerformanceWiFi-g' freq 2462
09-17 19:04:29.382 D/wpa_supplicant( 1178): wlan0: BSS: Remove id 40372 BSSID e4:4e:2d:7b:bc:ac SSID 'EngN' due to wpa_bss_remove_oldest_unknown
09-17 19:04:29.382 D/wpa_supplicant( 1178): wlan0: BSS: Add new id 40568 BSSID 80:22:a7:26:9c:66 SSID 'arch-16f-g' freq 2462
09-17 19:04:29.382 D/wpa_supplicant( 1178): wlan0: BSS: Remove id 40373 BSSID e4:4e:2d:7b:bc:ae SSID 'GuestNet' due to wpa_bss_remove_oldest_unknown
09-17 19:04:29.382 D/wpa_supplicant( 1178): wlan0: BSS: Add new id 40569 BSSID 88:57:ee:2c:18:d6 SSID 'Buffalo-G-18D5' freq 2462
09-17 19:04:29.382 D/wpa_supplicant( 1178): wlan0: BSS: Remove id 40374 BSSID e4:4e:2d:64:30:ca SSID 'SWingCert-Enroll' due to wpa_bss_remove_oldest_unknown
09-17 19:04:29.382 D/wpa_supplicant( 1178): wlan0: BSS: Add new id 40570 BSSID 84:af:ec:c1:df:38 SSID 'Neu_net' freq 2412
09-17 19:04:29.382 D/wpa_supplicant( 1178): wlan0: BSS: Remove id 40375 BSSID e4:4e:2d:64:30:cc SSID 'EngN' due to wpa_bss_remove_oldest_unknown
09-17 19:04:29.383 D/wpa_supplicant( 1178): wlan0: BSS: Add new id 40571 BSSID 60:38:e0:55:f4:84 SSID 'HyokaT-Belkin_2.4GHz' freq 2457
09-17 19:04:29.383 D/wpa_supplicant( 1178): wlan0: BSS: Remove id 40376 BSSID e4:4e:2d:a4:3b:2e SSID 'GuestNet' due to wpa_bss_remove_oldest_unknown
09-17 19:04:29.383 D/wpa_supplicant( 1178): wlan0: BSS: Add new id 40572 BSSID 74:03:bd:b9:c5:f0 SSID 'Buffalo-G-C5FE' freq 2427
09-17 19:04:29.383 D/wpa_supplicant( 1178): wlan0: BSS: Remove id 40377 BSSID e4:4e:2d:7c:49:0e SSID 'GuestNet' due to wpa_bss_remove_oldest_unknown
09-17 19:04:29.383 D/wpa_supplicant( 1178): wlan0: BSS: Add new id 40573 BSSID 1a:ed:b9:42:c9:a0 SSID 'DIRECT-Df-BRAVIA' freq 2457
09-17 19:04:29.383 D/wpa_supplicant( 1178): wlan0: BSS: Remove id 40378 BSSID e4:4e:2d:a4:aa:ac SSID 'EngN' due to wpa_bss_remove_oldest_unknown
09-17 19:04:29.383 D/wpa_supplicant( 1178): wlan0: BSS: Add new id 40574 BSSID a6:12:42:87:dc:2c SSID 'pr500m-d83173-2' freq 2462
09-17 19:04:29.383 D/wpa_supplicant( 1178): wlan0: BSS: Remove id 40379 BSSID 1c:d1:e0:dc:46:8c SSID 'EngN' due to wpa_bss_remove_oldest_unknown
09-17 19:04:29.383 D/wpa_supplicant( 1178): wlan0: BSS: Add new id 40575 BSSID b0:be:76:a0:3d:54 SSID 'TP-Link_3D54' freq 2452
09-17 19:04:29.383 D/wpa_supplicant( 1178): wlan0: BSS: Remove id 40380 BSSID e4:4e:2d:a4:55:4e SSID 'GuestNet' due to wpa_bss_remove_oldest_unknown
09-17 19:04:29.383 D/wpa_supplicant( 1178): wlan0: BSS: Add new id 40576 BSSID b0:be:76:92:b4:6c SSID 'TP-Link_B46C' freq 2447
09-17 19:04:29.383 D/wpa_supplicant( 1178): wlan0: BSS: Remove id 40381 BSSID e4:4e:2d:7c:9c:ac SSID 'EngN' due to wpa_bss_remove_oldest_unknown
09-17 19:04:29.383 D/wpa_supplicant( 1178): wlan0: BSS: Add new id 40577 BSSID 34:3d:c4:1e:98:67 SSID 'Buffalo-G-9866' freq 2412
09-17 19:04:29.383 D/wpa_supplicant( 1178): wlan0: BSS: Remove id 40382 BSSID e4:4e:2d:a4:3b:2a SSID 'SWingCert-Enroll' due to wpa_bss_remove_oldest_unknown
09-17 19:04:29.383 D/wpa_supplicant( 1178): wlan0: BSS: Add new id 40578 BSSID cc:e1:d5:77:c6:d0 SSID 'Buffalo-G-C6D0' freq 2412
09-17 19:04:29.383 D/wpa_supplicant( 1178): wlan0: BSS: Remove id 40383 BSSID e4:4e:2d:a4:62:2a SSID 'SWingCert-Enroll' due to wpa_bss_remove_oldest_unknown
09-17 19:04:29.383 D/wpa_supplicant( 1178): wlan0: BSS: Add new id 40579 BSSID 60:32:b1:21:cb:24 SSID 'TP-Link_CB24' freq 2437
09-17 19:04:29.383 D/wpa_supplicant( 1178): wlan0: BSS: Remove id 40384 BSSID e4:4e:2d:a4:3b:2c SSID 'EngN' due to wpa_bss_remove_oldest_unknown
09-17 19:04:29.383 D/wpa_supplicant( 1178): wlan0: BSS: Add new id 40580 BSSID 00:90:fe:9a:18:e3 SSID 'elecom2g-9a18e4' freq 2442
09-17 19:04:29.383 D/wpa_supplicant( 1178): wlan0: BSS: Remove id 40385 BSSID e4:4e:2d:7b:a3:61 SSID 'GuestNet' due to wpa_bss_remove_oldest_unknown
09-17 19:04:29.383 D/wpa_supplicant( 1178): wlan0: BSS: Add new id 40581 BSSID e4:4e:2d:64:30:cf SSID 'SWingS' freq 5660
09-17 19:04:29.383 D/wpa_supplicant( 1178): wlan0: BSS: Remove id 40386 BSSID 1c:d1:e0:d5:75:01 SSID 'GuestNet' due to wpa_bss_remove_oldest_unknown
09-17 19:04:29.383 D/wpa_supplicant( 1178): wlan0: BSS: Add new id 40582 BSSID 1c:7c:98:64:e1:41 SSID 'SPW_X12_3aca88' freq 5180
09-17 19:04:29.383 W/IE_Capabilities(  702): Unknown RSN cipher suite: 6ac0f00
09-17 19:04:29.383 D/wpa_supplicant( 1178): wlan0: BSS: Remove id 40387 BSSID e4:4e:2d:64:30:c1 SSID 'GuestNet' due to wpa_bss_remove_oldest_unknown
09-17 19:04:29.383 D/wpa_supplicant( 1178): wlan0: BSS: Add new id 40583 BSSID 88:57:ee:7d:e2:b7 SSID 'Buffalo-A-E2BE' freq 5180
09-17 19:04:29.383 D/wpa_supplicant( 1178): wlan0: BSS: Remove id 40388 BSSID e4:4e:2d:64:30:c5 SSID 'SWingCert-Enroll' due to wpa_bss_remove_oldest_unknown
09-17 19:04:29.383 W/IE_Capabilities(  702): Unknown RSN cipher suite: 6ac0f00
09-17 19:04:29.383 D/wpa_supplicant( 1178): wlan0: BSS: Add new id 40584 BSSID a0:04:60:68:81:5f SSID 'HyokaT-Netgear_5GHz ' freq 5220
09-17 19:04:29.384 D/wpa_supplicant( 1178): wlan0: BSS: Remove id 40389 BSSID e4:4e:2d:64:30:c3 SSID 'EngN' due to wpa_bss_remove_oldest_unknown
09-17 19:04:29.384 D/wpa_supplicant( 1178): wlan0: BSS: Add new id 40585 BSSID be:fc:e7:32:2c:ee SSID 'AS_6' freq 5955
09-17 19:04:29.384 D/wpa_supplicant( 1178): wlan0: BSS: Remove id 40390 BSSID fa:8f:ca:93:35:a5 SSID 'HT-A9.l055,' due to wpa_bss_remove_oldest_unknown
09-17 19:04:29.384 D/wpa_supplicant( 1178): wlan0: BSS: Add new id 40586 BSSID bc:fc:e7:22:2c:ee SSID 'BDDE261C63DA4B894A6B9214B6BE23D2' freq 5955 MLD ADDR 02:fc:e7:22:2c:ec
09-17 19:04:29.384 D/wpa_supplicant( 1178): wlan0: BSS: Remove id 40391 BSSID fa:8f:ca:7f:51:36 SSID 'JBL Bar 5.0_64A8.l041' due to wpa_bss_remove_oldest_unknown
09-17 19:04:29.384 D/wpa_supplicant( 1178): wlan0: BSS: Add new id 40587 BSSID d4:2c:46:c9:c9:1b SSID 'BaseApp-16F-6G-WPA3' freq 6275
09-17 19:04:29.384 D/wpa_supplicant( 1178): BSS: 6e:b2:27:ea:e1:0a has multiple entries in the scan results - select the most current one
09-17 19:04:29.384 D/wpa_supplicant( 1178): Previous last_update: 1760.849190 (freq 5700)
09-17 19:04:29.384 D/wpa_supplicant( 1178): New last_update: 1752.249190 (freq 5640)
09-17 19:04:29.384 D/wpa_supplicant( 1178): Ignore this BSS entry since the previous update looks more current
09-17 19:04:29.384 D/wpa_supplicant( 1178): wlan0: BSS: Remove id 40392 BSSID 60:38:e0:55:f4:87 SSID 'belkin.484.guests' due to wpa_bss_remove_oldest_unknown
09-17 19:04:29.384 D/wpa_supplicant( 1178): wlan0: BSS: Add new id 40588 BSSID e4:4e:2d:7c:9c:af SSID 'SWingS' freq 5320
09-17 19:04:29.384 D/wpa_supplicant( 1178): wlan0: BSS: Remove id 40393 BSSID fa:8f:ca:5d:8c:39 SSID 'STR-AN1000.h056,' due to wpa_bss_remove_oldest_unknown
09-17 19:04:29.384 D/wpa_supplicant( 1178): wlan0: BSS: Add new id 40589 BSSID e4:4e:2d:7c:9c:ab SSID 'SWing' freq 5320
09-17 19:04:29.384 D/wpa_supplicant( 1178): wlan0: BSS: Remove id 40394 BSSID fa:8f:ca:88:e5:89 SSID 'HT-A3000.l074,' due to wpa_bss_remove_oldest_unknown
09-17 19:04:29.384 D/wpa_supplicant( 1178): wlan0: BSS: Add new id 40590 BSSID e4:4e:2d:7c:28:8d SSID '' freq 5320
09-17 19:04:29.384 D/wpa_supplicant( 1178): wlan0: BSS: Remove id 40395 BSSID fa:8f:ca:90:67:e2 SSID 'HT-A3000.l074,' due to wpa_bss_remove_oldest_unknown
09-17 19:04:29.384 D/wpa_supplicant( 1178): wlan0: BSS: Add new id 40591 BSSID e4:4e:2d:7c:28:8f SSID 'SWingS' freq 5320
09-17 19:04:29.384 D/wpa_supplicant( 1178): wlan0: BSS: Remove id 40396 BSSID e4:4e:2d:7d:82:2e SSID 'GuestNet' due to wpa_bss_remove_oldest_unknown
09-17 19:04:29.384 D/wpa_supplicant( 1178): wlan0: BSS: Add new id 40592 BSSID e4:4e:2d:a4:62:22 SSID '' freq 2462
09-17 19:04:29.384 D/wpa_supplicant( 1178): wlan0: BSS: Remove id 40397 BSSID e4:4e:2d:7c:9c:ae SSID 'GuestNet' due to wpa_bss_remove_oldest_unknown
09-17 19:04:29.384 D/wpa_supplicant( 1178): wlan0: BSS: Add new id 40593 BSSID e4:4e:2d:a4:62:20 SSID 'SWingS' freq 2462
09-17 19:04:29.384 D/wpa_supplicant( 1178): wlan0: BSS: Remove id 40398 BSSID e4:4e:2d:7c:9c:aa SSID 'SWingCert-Enroll' due to wpa_bss_remove_oldest_unknown
09-17 19:04:29.384 D/wpa_supplicant( 1178): wlan0: BSS: Add new id 40594 BSSID e4:4e:2d:79:8e:4f SSID 'SWingS' freq 5260
09-17 19:04:29.384 D/wpa_supplicant( 1178): wlan0: BSS: Remove id 40399 BSSID e4:4e:2d:a4:62:21 SSID 'GuestNet' due to wpa_bss_remove_oldest_unknown
09-17 19:04:29.384 D/wpa_supplicant( 1178): wlan0: BSS: Add new id 40595 BSSID e4:4e:2d:79:8e:4b SSID 'SWing' freq 5260
09-17 19:04:29.384 D/wpa_supplicant( 1178): wlan0: BSS: Remove id 40400 BSSID e4:4e:2d:7c:28:8a SSID 'SWingCert-Enroll' due to wpa_bss_remove_oldest_unknown
09-17 19:04:29.384 D/wpa_supplicant( 1178): wlan0: BSS: Add new id 40596 BSSID 4c:e6:76:fa:9c:e1 SSID 'PF_VPN_5GHz' freq 5520
09-17 19:04:29.385 D/wpa_supplicant( 1178): wlan0: BSS: Remove id 40401 BSSID e4:4e:2d:79:8e:4c SSID 'EngN' due to wpa_bss_remove_oldest_unknown
09-17 19:04:29.385 D/wpa_supplicant( 1178): wlan0: BSS: Add new id 40597 BSSID 1c:d1:e0:de:14:6d SSID '' freq 5540
09-17 19:04:29.385 D/wpa_supplicant( 1178): wlan0: BSS: Remove id 40402 BSSID e4:4e:2d:79:8e:4e SSID 'GuestNet' due to wpa_bss_remove_oldest_unknown
09-17 19:04:29.385 D/wpa_supplicant( 1178): wlan0: BSS: Add new id 40598 BSSID 1c:d1:e0:de:14:6f SSID 'SWingS' freq 5540
09-17 19:04:29.385 D/wpa_supplicant( 1178): wlan0: BSS: Remove id 40403 BSSID 1c:d1:e0:de:14:6a SSID 'SWingCert-Enroll' due to wpa_bss_remove_oldest_unknown
09-17 19:04:29.385 D/wpa_supplicant( 1178): wlan0: BSS: Add new id 40599 BSSID 1c:d1:e0:de:14:6b SSID 'SWing' freq 5540
09-17 19:04:29.385 W/IE_Capabilities(  702): Unknown RSN cipher suite: 6ac0f00
09-17 19:04:29.385 D/wpa_supplicant( 1178): wlan0: BSS: Remove id 40404 BSSID e4:4e:2d:79:8e:4a SSID 'SWingCert-Enroll' due to wpa_bss_remove_oldest_unknown
09-17 19:04:29.385 D/wpa_supplicant( 1178): wlan0: BSS: Add new id 40600 BSSID e4:4e:2d:79:8e:4d SSID '' freq 5260
09-17 19:04:29.385 D/wpa_supplicant( 1178): wlan0: BSS: Remove id 40405 BSSID e4:4e:2d:a4:55:4c SSID 'EngN' due to wpa_bss_remove_oldest_unknown
09-17 19:04:29.385 D/wpa_supplicant( 1178): wlan0: BSS: Add new id 40601 BSSID e4:4e:2d:a4:55:4f SSID 'SWingS' freq 5680
09-17 19:04:29.385 D/wpa_supplicant( 1178): wlan0: BSS: Remove id 40406 BSSID e4:4e:2d:a4:55:4a SSID 'SWingCert-Enroll' due to wpa_bss_remove_oldest_unknown
09-17 19:04:29.385 D/wpa_supplicant( 1178): wlan0: BSS: Add new id 40602 BSSID e4:4e:2d:a4:aa:ab SSID 'SWing' freq 5500
09-17 19:04:29.385 D/wpa_supplicant( 1178): wlan0: BSS: Remove id 40407 BSSID 1c:d1:e0:de:14:6c SSID 'EngN' due to wpa_bss_remove_oldest_unknown
09-17 19:04:29.385 W/IE_Capabilities(  702): Unknown RSN cipher suite: 6ac0f00
09-17 19:04:29.385 D/wpa_supplicant( 1178): wlan0: BSS: Add new id 40603 BSSID e4:4e:2d:7d:82:2f SSID 'SWingS' freq 5580
09-17 19:04:29.386 W/IE_Capabilities(  702): Unknown RSN cipher suite: 6ac0f00
09-17 19:04:29.386 D/wpa_supplicant( 1178): wlan0: BSS: Remove id 40408 BSSID 1c:d1:e0:de:14:6e SSID 'GuestNet' due to wpa_bss_remove_oldest_unknown
09-17 19:04:29.386 D/wpa_supplicant( 1178): wlan0: BSS: Add new id 40604 BSSID e4:4e:2d:7d:82:2d SSID '' freq 5580
09-17 19:04:29.386 D/wpa_supplicant( 1178): wlan0: BSS: Remove id 40409 BSSID e4:4e:2d:7b:bc:aa SSID 'SWingCert-Enroll' due to wpa_bss_remove_oldest_unknown
09-17 19:04:29.386 D/wpa_supplicant( 1178): wlan0: BSS: Add new id 40605 BSSID e4:4e:2d:7d:82:2b SSID 'SWing' freq 5580
09-17 19:04:29.386 D/wpa_supplicant( 1178): wlan0: BSS: Remove id 40410 BSSID 1c:d1:e0:dc:46:8a SSID 'SWingCert-Enroll' due to wpa_bss_remove_oldest_unknown
09-17 19:04:29.386 D/wpa_supplicant( 1178): wlan0: BSS: Add new id 40606 BSSID 00:11:32:77:a5:e9 SSID 'hes-b2b-syno1' freq 5200
09-17 19:04:29.386 D/wpa_supplicant( 1178): wlan0: BSS: Remove id 40411 BSSID e4:4e:2d:a4:aa:aa SSID 'SWingCert-Enroll' due to wpa_bss_remove_oldest_unknown
09-17 19:04:29.386 D/wpa_supplicant( 1178): wlan0: BSS: Add new id 40607 BSSID 16:11:32:77:a5:e9 SSID '' freq 5200
09-17 19:04:29.386 D/wpa_supplicant( 1178): wlan0: BSS: Remove id 40412 BSSID e4:4e:2d:a4:aa:ae SSID 'GuestNet' due to wpa_bss_remove_oldest_unknown
09-17 19:04:29.386 D/wpa_supplicant( 1178): wlan0: BSS: Add new id 40608 BSSID e4:4e:2d:7c:06:2f SSID 'SWingS' freq 5580
09-17 19:04:29.386 D/wpa_supplicant( 1178): wlan0: BSS: Remove id 40413 BSSID e4:4e:2d:7d:82:2c SSID 'EngN' due to wpa_bss_remove_oldest_unknown
09-17 19:04:29.386 D/wpa_supplicant( 1178): wlan0: BSS: Add new id 40609 BSSID 08:10:86:c9:28:8b SSID 'aterm-61cef3-a' freq 5320
09-17 19:04:29.386 D/wpa_supplicant( 1178): wlan0: BSS: Remove id 40414 BSSID 1c:d1:e0:dc:46:8e SSID 'GuestNet' due to wpa_bss_remove_oldest_unknown
09-17 19:04:29.386 D/wpa_supplicant( 1178): wlan0: BSS: Add new id 40610 BSSID 6e:b2:27:5c:05:7a SSID '' freq 5700
09-17 19:04:29.386 W/IE_Capabilities(  702): Unknown RSN cipher suite: 6ac0f00
09-17 19:04:29.387 D/wpa_supplicant( 1178): wlan0: BSS: Remove id 40415 BSSID e4:4e:2d:7c:06:2c SSID 'EngN' due to wpa_bss_remove_oldest_unknown
09-17 19:04:29.387 D/wpa_supplicant( 1178): wlan0: BSS: Add new id 40611 BSSID 04:ab:18:65:c1:d3 SSID '' freq 5180
09-17 19:04:29.387 D/wpa_supplicant( 1178): wlan0: BSS: Remove id 40416 BSSID e4:4e:2d:7d:82:2a SSID 'SWingCert-Enroll' due to wpa_bss_remove_oldest_unknown
09-17 19:04:29.387 D/wpa_supplicant( 1178): wlan0: BSS: Add new id 40612 BSSID e4:4e:2d:7c:06:2d SSID '' freq 5580
09-17 19:04:29.387 D/wpa_supplicant( 1178): wlan0: BSS: Remove id 40417 BSSID e4:4e:2d:7c:06:2e SSID 'GuestNet' due to wpa_bss_remove_oldest_unknown
09-17 19:04:29.387 D/wpa_supplicant( 1178): wlan0: BSS: Add new id 40613 BSSID e4:4e:2d:7c:06:2b SSID 'SWing' freq 5580
09-17 19:04:29.387 D/wpa_supplicant( 1178): wlan0: BSS: Remove id 40418 BSSID 1c:d1:e0:e0:ed:2e SSID 'GuestNet' due to wpa_bss_remove_oldest_unknown
09-17 19:04:29.387 D/wpa_supplicant( 1178): wlan0: BSS: Add new id 40614 BSSID 1c:d1:e0:e0:ed:2d SSID '' freq 5260
09-17 19:04:29.387 D/wpa_supplicant( 1178): wlan0: BSS: Remove id 40419 BSSID 1c:d1:e0:e0:ed:2c SSID 'EngN' due to wpa_bss_remove_oldest_unknown
09-17 19:04:29.387 D/wpa_supplicant( 1178): wlan0: BSS: Add new id 40615 BSSID 68:e1:dc:a9:f6:2a SSID 'Buffalo-5G-F620-WPA3' freq 5260
09-17 19:04:29.387 D/wpa_supplicant( 1178): wlan0: BSS: Remove id 40420 BSSID 1c:d1:e0:e0:ed:2a SSID 'SWingCert-Enroll' due to wpa_bss_remove_oldest_unknown
09-17 19:04:29.387 D/wpa_supplicant( 1178): wlan0: BSS: Add new id 40616 BSSID 1c:d1:e0:e0:ed:2f SSID 'SWingS' freq 5260
09-17 19:04:29.387 D/wpa_supplicant( 1178): wlan0: BSS: Remove id 40421 BSSID e4:4e:2d:76:f2:4a SSID 'SWingCert-Enroll' due to wpa_bss_remove_oldest_unknown
09-17 19:04:29.387 D/wpa_supplicant( 1178): wlan0: BSS: Add new id 40617 BSSID 1c:d1:e0:e0:ed:2b SSID 'SWing' freq 5260
09-17 19:04:29.388 D/wpa_supplicant( 1178): wlan0: BSS: Remove id 40422 BSSID e4:4e:2d:76:f2:4e SSID 'GuestNet' due to wpa_bss_remove_oldest_unknown
09-17 19:04:29.388 D/wpa_supplicant( 1178): wlan0: BSS: Add new id 40618 BSSID 1c:3a:60:28:9f:ac SSID '' freq 5560
09-17 19:04:29.388 D/wpa_supplicant( 1178): wlan0: BSS: Remove id 40423 BSSID e4:4e:2d:76:f2:4c SSID 'EngN' due to wpa_bss_remove_oldest_unknown
09-17 19:04:29.388 D/wpa_supplicant( 1178): wlan0: BSS: Add new id 40619 BSSID e4:4e:2d:76:f2:4f SSID 'SWingS' freq 5680
09-17 19:04:29.388 D/wpa_supplicant( 1178): wlan0: BSS: Remove id 40424 BSSID 12:09:b4:71:0a:ac SSID 'SWS1day' due to wpa_bss_remove_oldest_unknown
09-17 19:04:29.388 D/wpa_supplicant( 1178): wlan0: BSS: Add new id 40620 BSSID e4:4e:2d:76:f2:4d SSID '' freq 5680
09-17 19:04:29.388 D/wpa_supplicant( 1178): wlan0: BSS: Remove id 40425 BSSID d4:2c:46:c9:c9:12 SSID 'BaseApp-16F-5G' due to wpa_bss_remove_oldest_unknown
09-17 19:04:29.388 D/wpa_supplicant( 1178): wlan0: BSS: Add new id 40621 BSSID 1c:3a:60:68:9f:ac SSID '' freq 5560
09-17 19:04:29.388 D/wpa_supplicant( 1178): wlan0: BSS: Remove id 40426 BSSID 84:e8:cb:5e:3a:21 SSID 'BF_AP29_6_192bit' due to wpa_bss_remove_oldest_unknown
09-17 19:04:29.388 D/wpa_supplicant( 1178): wlan0: BSS: Add new id 40622 BSSID 1c:3a:60:a8:9f:ad SSID '' freq 5560
09-17 19:04:29.388 D/wpa_supplicant( 1178): wlan0: BSS: Remove id 40427 BSSID 84:e8:cb:5e:3a:11 SSID '' due to wpa_bss_remove_oldest_unknown
09-17 19:04:29.388 D/wpa_supplicant( 1178): wlan0: BSS: Add new id 40623 BSSID c8:08:73:3f:cb:6c SSID '' freq 5680
09-17 19:04:29.388 D/wpa_supplicant( 1178): wlan0: BSS: Remove id 40428 BSSID 3c:52:a1:54:20:32 SSID 'TP-Link_PFM1' due to wpa_bss_remove_oldest_unknown
09-17 19:04:29.388 D/wpa_supplicant( 1178): wlan0: BSS: Add new id 40624 BSSID 68:e1:dc:a9:f6:28 SSID '' freq 5260
09-17 19:04:29.388 D/wpa_supplicant( 1178): wlan0: BSS: Remove id 40429 BSSID be:fc:e7:32:2c:ed SSID 'AS_5' due to wpa_bss_remove_oldest_unknown
09-17 19:04:29.388 D/wpa_supplicant( 1178): wlan0: BSS: Add new id 40625 BSSID 1c:3a:60:68:9f:ad SSID '' freq 5560
09-17 19:04:29.388 D/wpa_supplicant( 1178): wlan0: BSS: Remove id 40430 BSSID bc:fc:e7:22:2c:ed SSID 'BDDE261C63DA4B894A6B9214B6BE23D2' due to wpa_bss_remove_oldest_unknown
09-17 19:04:29.388 D/wpa_supplicant( 1178): wlan0: BSS: Add new id 40626 BSSID e4:4e:2d:76:f2:4b SSID 'SWing' freq 5680
09-17 19:04:29.388 D/wpa_supplicant( 1178): wlan0: BSS: Remove id 40431 BSSID 3e:52:a1:74:20:33 SSID '' due to wpa_bss_remove_oldest_unknown
09-17 19:04:29.388 D/wpa_supplicant( 1178): wlan0: BSS: Add new id 40627 BSSID 1c:3a:60:e8:9f:ac SSID '' freq 5560
09-17 19:04:29.389 D/wpa_supplicant( 1178): wlan0: BSS: Remove id 40432 BSSID 50:eb:f6:02:ea:84 SSID 'ASUS_80' due to wpa_bss_remove_oldest_unknown
09-17 19:04:29.389 D/wpa_supplicant( 1178): wlan0: BSS: Add new id 40628 BSSID 1c:3a:60:28:9f:ad SSID '' freq 5560
09-17 19:04:29.389 D/wpa_supplicant( 1178): wlan0: BSS: Remove id 40433 BSSID d4:2c:46:c9:c9:13 SSID 'BaseApp-16F-5G-WPA3' due to wpa_bss_remove_oldest_unknown
09-17 19:04:29.389 D/wpa_supplicant( 1178): wlan0: BSS: Add new id 40629 BSSID 1c:3a:60:a8:9f:ac SSID '' freq 5560
09-17 19:04:29.389 D/wpa_supplicant( 1178): wlan0: BSS: Remove id 40434 BSSID 50:eb:f6:a9:3b:ec SSID 'ASUS_ber7_5G' due to wpa_bss_remove_oldest_unknown
09-17 19:04:29.389 D/wpa_supplicant( 1178): wlan0: BSS: Add new id 40630 BSSID c8:08:73:3f:cb:6d SSID '' freq 5680
09-17 19:04:29.391 D/wpa_supplicant( 1178): wlan0: BSS: Remove id 40435 BSSID aa:46:8d:38:ec:90 SSID 'sys2_performance' due to wpa_bss_remove_oldest_unknown
09-17 19:04:29.391 D/wpa_supplicant( 1178): wlan0: BSS: Add new id 40631 BSSID c8:08:73:7f:cb:6d SSID '' freq 5680
09-17 19:04:29.391 D/wpa_supplicant( 1178): wlan0: BSS: Remove id 40436 BSSID 96:46:8d:38:ec:90 SSID '' due to wpa_bss_remove_oldest_unknown
09-17 19:04:29.391 D/wpa_supplicant( 1178): wlan0: BSS: Add new id 40632 BSSID c8:08:73:7f:cb:6c SSID '' freq 5680
09-17 19:04:29.391 D/wpa_supplicant( 1178): wlan0: BSS: Remove id 40437 BSSID 3a:97:a4:64:cb:56 SSID 'elecom-s-64cb54' due to wpa_bss_remove_oldest_unknown
09-17 19:04:29.391 D/wpa_supplicant( 1178): wlan0: BSS: Add new id 40633 BSSID 68:e1:dc:a9:f6:29 SSID 'Buffalo-5G-F620' freq 5260
09-17 19:04:29.392 D/wpa_supplicant( 1178): wlan0: BSS: Remove id 40438 BSSID 24:4b:fe:b6:b0:54 SSID 'Neu_vpn' due to wpa_bss_remove_oldest_unknown
09-17 19:04:29.392 D/wpa_supplicant( 1178): wlan0: BSS: Add new id 40634 BSSID 00:09:b4:71:0a:ac SSID '0000softbank' freq 5700
09-17 19:04:29.392 D/wpa_supplicant( 1178): wlan0: BSS: Remove id 40439 BSSID 38:97:a4:64:cb:56 SSID 'elecom-64cb54' due to wpa_bss_remove_oldest_unknown
09-17 19:04:29.392 D/wpa_supplicant( 1178): wlan0: BSS: Add new id 40635 BSSID c8:08:73:bf:cb:6c SSID '' freq 5680
09-17 19:04:29.392 D/wpa_supplicant( 1178): wlan0: BSS: Remove id 40440 BSSID 24:4b:fe:d1:4b:64 SSID 'ASUS-A-0316f' due to wpa_bss_remove_oldest_unknown
09-17 19:04:29.392 D/wpa_supplicant( 1178): wlan0: BSS: Add new id 40636 BSSID c8:08:73:ff:cb:6c SSID '' freq 5680
09-17 19:04:29.392 D/wpa_supplicant( 1178): wlan0: BSS: Remove id 40441 BSSID e4:4e:2d:7b:a3:6f SSID 'SWingS' due to wpa_bss_remove_oldest_unknown
09-17 19:04:29.392 D/wpa_supplicant( 1178): wlan0: BSS: Add new id 40637 BSSID c8:08:73:bf:cb:6d SSID '' freq 5680
09-17 19:04:29.392 D/wpa_supplicant( 1178): wlan0: BSS: Remove id 40442 BSSID e4:4e:2d:64:5e:6d SSID '' due to wpa_bss_remove_oldest_unknown
09-17 19:04:29.392 D/wpa_supplicant( 1178): wlan0: BSS: Add new id 40638 BSSID 1e:b1:7f:2e:09:0b SSID 'aterm-8e5749-aw' freq 5220
