09-17 19:04:30.160 D/android.hardware.media.c2@1.1-mediatek(  574): [import_mtk_dtv_native_buffer(): 717] mst buffer is secure: 0
09-17 19:04:30.164 D/VCodecVenc(  574): [L 324][EnqueInputBuffer]
09-17 19:04:30.166 D/VCodecVencImpl(  574): [L 572][MtkVencSetConfig]
09-17 19:04:30.171 I/kernel  ( 6193): [ 1762.804511][MTK_V4L2] level=0 vidioc_venc_qbuf(),1318: [4] id=0 getdata FB(2088960,2) vb=00000000f2ac244e pts=0
09-17 19:04:30.178 I/RecService-Dlna( 3077): action: android.net.wifi.STATE_CHANGE
09-17 19:04:30.178 I/RecService-Dlna( 3077): component: null
09-17 19:04:30.179 I/AirPlayService( 3837): Interface name:wlan0 is disabled in the list
09-17 19:04:30.179 I/RecService-Dlna( 3077): Network Interface Update Type::1
09-17 19:04:30.180 D/android.hardware.media.c2@1.1-mediatek(  574): [import_mtk_dtv_native_buffer(): 717] mst buffer is secure: 0
09-17 19:04:30.180 D/android.hardware.media.c2@1.1-mediatek(  574): [import_mtk_dtv_native_buffer(): 717] mst buffer is secure: 0
09-17 19:04:30.185 D/VCodecVenc(  574): [L 324][EnqueInputBuffer]
09-17 19:04:30.193 D/android.hardware.media.c2@1.1-mediatek(  574): [import_mtk_dtv_native_buffer(): 717] mst buffer is secure: 0
09-17 19:04:30.193 D/android.hardware.media.c2@1.1-mediatek(  574): [import_mtk_dtv_native_buffer(): 717] mst buffer is secure: 0
09-17 19:04:30.197 D/VCodecVenc(  574): [L 324][EnqueInputBuffer]
09-17 19:04:30.198 D/VCodecVencImpl(  574): [L 572][MtkVencSetConfig]
09-17 19:04:30.203 I/kernel  ( 6193): [ 1762.836372][MTK_V4L2] level=0 vidioc_venc_qbuf(),1318: [4] id=0 getdata FB(2088960,2) vb=00000000f2ac244e pts=0
09-17 19:04:30.210 D/android.hardware.media.c2@1.1-mediatek(  574): [import_mtk_dtv_native_buffer(): 717] mst buffer is secure: 0
09-17 19:04:30.210 D/android.hardware.media.c2@1.1-mediatek(  574): [import_mtk_dtv_native_buffer(): 717] mst buffer is secure: 0
09-17 19:04:30.213 D/VCodecVenc(  574): [L 324][EnqueInputBuffer]
09-17 19:04:30.215 I/WifiService(  702): getConnectionInfo uid=10185
09-17 19:04:30.216 V/WifiPermissionsUtil(  702): checkCallersLocationPermission(com.uei.quicksetsdk): uid 10185 doesn't have permission android.permission.ACCESS_FINE_LOCATION
09-17 19:04:30.216 V/WifiPermissionsUtil(  702): enforceCanAccessScanResults(pkg=com.uei.quicksetsdk, uid=10185): canCallingUidAccessLocation=false, canAppPackageUseLocation=false
09-17 19:04:30.216 V/WifiService(  702): Keeping REDACT_FOR_ACCESS_FINE_LOCATION:java.lang.SecurityException: UID 10185 has no location permission
09-17 19:04:30.216 I/WifiService(  702): getWifiEnabledState uid=10185 state=3
09-17 19:04:30.227 D/android.hardware.media.c2@1.1-mediatek(  574): [import_mtk_dtv_native_buffer(): 717] mst buffer is secure: 0
09-17 19:04:30.227 D/android.hardware.media.c2@1.1-mediatek(  574): [import_mtk_dtv_native_buffer(): 717] mst buffer is secure: 0
09-17 19:04:30.228 D/VCodecVencImpl(  574): [L 572][MtkVencSetConfig]
09-17 19:04:30.233 I/kernel  ( 6193): [ 1762.866161][MTK_V4L2] level=0 vidioc_venc_qbuf(),1318: [4] id=0 getdata FB(2088960,2) vb=00000000f2ac244e pts=0
09-17 19:04:30.231 D/VCodecVenc(  574): [L 324][EnqueInputBuffer]
09-17 19:04:30.238 I/kernel  (  555): [ 1762.871629][wlan][555]scanCheckEpigramVhtIE:(RLM WARN) [Epigram] prEpiIE->ucLength is too short, skip!
09-17 19:04:30.243 D/android.hardware.media.c2@1.1-mediatek(  574): [import_mtk_dtv_native_buffer(): 717] mst buffer is secure: 0
09-17 19:04:30.244 D/android.hardware.media.c2@1.1-mediatek(  574): [import_mtk_dtv_native_buffer(): 717] mst buffer is secure: 0
09-17 19:04:30.248 D/VCodecVenc(  574): [L 324][EnqueInputBuffer]
09-17 19:04:30.263 I/kernel  ( 6193): [ 1762.896548][MTK_V4L2] level=0 vidioc_venc_qbuf(),1318: [4] id=0 getdata FB(2088960,2) vb=00000000f2ac244e pts=0
09-17 19:04:30.262 D/android.hardware.media.c2@1.1-mediatek(  574): [import_mtk_dtv_native_buffer(): 717] mst buffer is secure: 0
09-17 19:04:30.262 D/android.hardware.media.c2@1.1-mediatek(  574): [import_mtk_dtv_native_buffer(): 717] mst buffer is secure: 0
09-17 19:04:30.266 D/VCodecVenc(  574): [L 324][EnqueInputBuffer]
09-17 19:04:30.288 I/kernel  (  555): [ 1762.921449][wlan][555]scanCheckEpigramVhtIE:(RLM WARN) [Epigram] prEpiIE->ucLength is too short, skip!
09-17 19:04:30.288 I/kernel  (  555): [ 1762.921465][wlan][555]scanCheckEpigramVhtIE:(RLM WARN) [Epigram] prEpiIE->ucLength is too short, skip!
09-17 19:04:30.288 I/kernel  (  555): [ 1762.921467][wlan][555]scanCheckEpigramVhtIE:(RLM WARN) [Epigram] prEpiIE->ucLength is too short, skip!
09-17 19:04:30.288 I/kernel  (  555): [ 1762.921469][wlan][555]scanCheckEpigramVhtIE:(RLM WARN) [Epigram] prEpiIE->ucLength is too short, skip!
09-17 19:04:30.288 I/kernel  (  555): [ 1762.921513][wlan][555]scanCheckEpigramVhtIE:(RLM WARN) [Epigram] prEpiIE->ucLength is too short, skip!
09-17 19:04:30.288 I/kernel  (  555): [ 1762.921515][wlan][555]scanCheckEpigramVhtIE:(RLM WARN) [Epigram] prEpiIE->ucLength is too short, skip!
09-17 19:04:30.288 I/kernel  (  555): [ 1762.921517][wlan][555]scanCheckEpigramVhtIE:(RLM WARN) [Epigram] prEpiIE->ucLength is too short, skip!
09-17 19:04:30.288 I/kernel  (  555): [ 1762.921519][wlan][555]scanCheckEpigramVhtIE:(RLM WARN) [Epigram] prEpiIE->ucLength is too short, skip!
09-17 19:04:30.288 I/kernel  (  555): [ 1762.921535][wlan][555]scanCheckEpigramVhtIE:(RLM WARN) [Epigram] prEpiIE->ucLength is too short, skip!
09-17 19:04:30.288 I/kernel  (  555): [ 1762.921537][wlan][555]scanCheckEpigramVhtIE:(RLM WARN) [Epigram] prEpiIE->ucLength is too short, skip!
09-17 19:04:30.288 I/kernel  (  555): [ 1762.921539][wlan][555]scanCheckEpigramVhtIE:(RLM WARN) [Epigram] prEpiIE->ucLength is too short, skip!
09-17 19:04:30.288 I/kernel  (  555): [ 1762.921541][wlan][555]scanCheckEpigramVhtIE:(RLM WARN) [Epigram] prEpiIE->ucLength is too short, skip!
09-17 19:04:30.288 D/VCodecVencImpl(  574): [L 572][MtkVencSetConfig]
09-17 19:04:30.289 D/android.hardware.media.c2@1.1-mediatek(  574): [import_mtk_dtv_native_buffer(): 717] mst buffer is secure: 0
09-17 19:04:30.293 I/kernel  ( 6193): [ 1762.926788][MTK_V4L2] level=0 vidioc_venc_qbuf(),1318: [4] id=0 getdata FB(2088960,2) vb=00000000f2ac244e pts=0
09-17 19:04:30.291 D/android.hardware.media.c2@1.1-mediatek(  574): [import_mtk_dtv_native_buffer(): 717] mst buffer is secure: 0
09-17 19:04:30.297 D/VCodecVenc(  574): [L 324][EnqueInputBuffer]
09-17 19:04:30.319 D/VCodecVencImpl(  574): [L 572][MtkVencSetConfig]
09-17 19:04:30.319 D/android.hardware.media.c2@1.1-mediatek(  574): [import_mtk_dtv_native_buffer(): 717] mst buffer is secure: 0
09-17 19:04:30.320 D/android.hardware.media.c2@1.1-mediatek(  574): [import_mtk_dtv_native_buffer(): 717] mst buffer is secure: 0
09-17 19:04:30.324 I/kernel  ( 6193): [ 1762.957593][MTK_V4L2] level=0 vidioc_venc_qbuf(),1318: [4] id=0 getdata FB(2088960,2) vb=00000000f2ac244e pts=0
09-17 19:04:30.329 I/kernel  ( 2441): [ 1762.962890][A8303-1_Driver] addr:0x08,  i2c status:0x1b from 0x1b
09-17 19:04:30.326 D/VCodecVenc(  574): [L 324][EnqueInputBuffer]
09-17 19:04:30.349 D/VCodecVencImpl(  574): [L 572][MtkVencSetConfig]
09-17 19:04:30.349 D/android.hardware.media.c2@1.1-mediatek(  574): [import_mtk_dtv_native_buffer(): 717] mst buffer is secure: 0
09-17 19:04:30.350 D/android.hardware.media.c2@1.1-mediatek(  574): [import_mtk_dtv_native_buffer(): 717] mst buffer is secure: 0
09-17 19:04:30.355 D/VCodecVenc(  574): [L 324][EnqueInputBuffer]
09-17 19:04:30.354 I/kernel  ( 6193): [ 1762.987747][MTK_V4L2] level=0 vidioc_venc_qbuf(),1318: [4] id=0 getdata FB(2088960,2) vb=00000000f2ac244e pts=0
09-17 19:04:30.363 I/com.sony.dtv.airplayapp:airplayserver( 3837): 2025-09-17 07:04:30.363524 PM [ConnectivityDetector] Connectivity detection check is requested [3]
09-17 19:04:30.364 I/com.sony.dtv.airplayapp:airplayserver( 3837): 2025-09-17 07:04:30.364194 PM [Airtunesd] PlatformOwned_AirPlayHandleServerCopyProperty. queue[AirPlayReceiverDelegateQueue]. inProperty[networkConnectionProperties].
09-17 19:04:30.365 D/AirPlay ( 3837): [AirPlay_getNetworkProperty]Return method volume=1
09-17 19:04:30.367 I/resolv  (  401): GetAddrInfoHandler::run: {0 0 0 983040 10212 0}
09-17 19:04:30.367 I/resolv  (  401): res_nmkquery: (QUERY, IN, AAAA)
09-17 19:04:30.367 I/resolv  (  401): doQuery: rcode=0, ancount=0, return value=-3
09-17 19:04:30.367 I/resolv  (  401): res_nmkquery: (QUERY, IN, A)
09-17 19:04:30.367 I/resolv  (  401): doQuery: rcode=0, ancount=0, return value=-3
09-17 19:04:30.368 I/com.sony.dtv.airplayapp:airplayserver( 3837): 2025-09-17 07:04:30.368261 PM [ConnectivityDetector] Checked network connectivity: old status 3, new status 3
09-17 19:04:30.379 D/VCodecVencImpl(  574): [L 572][MtkVencSetConfig]
09-17 19:04:30.379 D/android.hardware.media.c2@1.1-mediatek(  574): [import_mtk_dtv_native_buffer(): 717] mst buffer is secure: 0
09-17 19:04:30.380 D/android.hardware.media.c2@1.1-mediatek(  574): [import_mtk_dtv_native_buffer(): 717] mst buffer is secure: 0
09-17 19:04:30.385 I/kernel  ( 6193): [ 1763.018437][MTK_V4L2] level=0 vidioc_venc_qbuf(),1318: [4] id=0 getdata FB(2088960,2) vb=00000000f2ac244e pts=0
09-17 19:04:30.384 D/VCodecVenc(  574): [L 324][EnqueInputBuffer]
09-17 19:04:30.411 D/VCodecVencImpl(  574): [L 572][MtkVencSetConfig]
09-17 19:04:30.411 D/android.hardware.media.c2@1.1-mediatek(  574): [import_mtk_dtv_native_buffer(): 717] mst buffer is secure: 0
09-17 19:04:30.412 D/android.hardware.media.c2@1.1-mediatek(  574): [import_mtk_dtv_native_buffer(): 717] mst buffer is secure: 0
09-17 19:04:30.415 I/kernel  ( 6193): [ 1763.048616][MTK_V4L2] level=0 vidioc_venc_qbuf(),1318: [4] id=0 getdata FB(2088960,2) vb=00000000f2ac244e pts=0
09-17 19:04:30.416 D/VCodecVenc(  574): [L 324][EnqueInputBuffer]
09-17 19:04:30.441 D/VCodecVencImpl(  574): [L 572][MtkVencSetConfig]
09-17 19:04:30.443 D/android.hardware.media.c2@1.1-mediatek(  574): [import_mtk_dtv_native_buffer(): 717] mst buffer is secure: 0
09-17 19:04:30.443 D/android.hardware.media.c2@1.1-mediatek(  574): [import_mtk_dtv_native_buffer(): 717] mst buffer is secure: 0
09-17 19:04:30.446 I/kernel  ( 6193): [ 1763.079324][MTK_V4L2] level=0 vidioc_venc_qbuf(),1318: [4] id=0 getdata FB(2088960,2) vb=00000000f2ac244e pts=0
09-17 19:04:30.447 D/VCodecVenc(  574): [L 324][EnqueInputBuffer]
09-17 19:04:30.466 I/kernel  (  555): [ 1763.099268][wlan][555]scanParsingRnrElement:(SCN STATE) OOB scan specific SSIDNum 1
09-17 19:04:30.471 D/VCodecVencImpl(  574): [L 572][MtkVencSetConfig]
09-17 19:04:30.471 D/android.hardware.media.c2@1.1-mediatek(  574): [import_mtk_dtv_native_buffer(): 717] mst buffer is secure: 0
09-17 19:04:30.472 D/android.hardware.media.c2@1.1-mediatek(  574): [import_mtk_dtv_native_buffer(): 717] mst buffer is secure: 0
09-17 19:04:30.476 I/kernel  ( 6193): [ 1763.110000][MTK_V4L2] level=0 vidioc_venc_qbuf(),1318: [4] id=0 getdata FB(2088960,2) vb=00000000f2ac244e pts=0
09-17 19:04:30.478 D/VCodecVenc(  574): [L 324][EnqueInputBuffer]
09-17 19:04:30.502 D/VCodecVencImpl(  574): [L 572][MtkVencSetConfig]
09-17 19:04:30.503 D/android.hardware.media.c2@1.1-mediatek(  574): [import_mtk_dtv_native_buffer(): 717] mst buffer is secure: 0
09-17 19:04:30.503 D/android.hardware.media.c2@1.1-mediatek(  574): [import_mtk_dtv_native_buffer(): 717] mst buffer is secure: 0
09-17 19:04:30.507 I/kernel  ( 6193): [ 1763.140216][MTK_V4L2] level=0 vidioc_venc_qbuf(),1318: [4] id=0 getdata FB(2088960,2) vb=00000000f2ac244e pts=0
09-17 19:04:30.508 D/VCodecVenc(  574): [L 324][EnqueInputBuffer]
09-17 19:04:30.532 D/VCodecVencImpl(  574): [L 572][MtkVencSetConfig]
09-17 19:04:30.532 D/android.hardware.media.c2@1.1-mediatek(  574): [import_mtk_dtv_native_buffer(): 717] mst buffer is secure: 0
09-17 19:04:30.534 D/android.hardware.media.c2@1.1-mediatek(  574): [import_mtk_dtv_native_buffer(): 717] mst buffer is secure: 0
09-17 19:04:30.537 I/kernel  ( 6193): [ 1763.170303][MTK_V4L2] level=0 vidioc_venc_qbuf(),1318: [4] id=0 getdata FB(2088960,2) vb=00000000f2ac244e pts=0
09-17 19:04:30.539 D/VCodecVenc(  574): [L 324][EnqueInputBuffer]
09-17 19:04:30.562 D/VCodecVencImpl(  574): [L 572][MtkVencSetConfig]
09-17 19:04:30.562 D/android.hardware.media.c2@1.1-mediatek(  574): [import_mtk_dtv_native_buffer(): 717] mst buffer is secure: 0
09-17 19:04:30.564 D/android.hardware.media.c2@1.1-mediatek(  574): [import_mtk_dtv_native_buffer(): 717] mst buffer is secure: 0
09-17 19:04:30.567 I/kernel  ( 6193): [ 1763.200512][MTK_V4L2] level=0 vidioc_venc_qbuf(),1318: [4] id=0 getdata FB(2088960,2) vb=00000000f2ac244e pts=0
09-17 19:04:30.568 D/VCodecVenc(  574): [L 324][EnqueInputBuffer]
09-17 19:04:30.573 I/kernel  (  555): [ 1763.206199][wlan][555]scanCheckEpigramVhtIE:(RLM WARN) [Epigram] prEpiIE->ucLength is too short, skip!
09-17 19:04:30.594 D/VCodecVencImpl(  574): [L 572][MtkVencSetConfig]
09-17 19:04:30.594 D/android.hardware.media.c2@1.1-mediatek(  574): [import_mtk_dtv_native_buffer(): 717] mst buffer is secure: 0
09-17 19:04:30.595 D/android.hardware.media.c2@1.1-mediatek(  574): [import_mtk_dtv_native_buffer(): 717] mst buffer is secure: 0
09-17 19:04:30.598 I/kernel  ( 6193): [ 1763.231666][MTK_V4L2] level=0 vidioc_venc_qbuf(),1318: [4] id=0 getdata FB(2088960,2) vb=00000000f2ac244e pts=0
09-17 19:04:30.599 D/VCodecVenc(  574): [L 324][EnqueInputBuffer]
09-17 19:04:30.624 D/VCodecVencImpl(  574): [L 572][MtkVencSetConfig]
09-17 19:04:30.624 D/android.hardware.media.c2@1.1-mediatek(  574): [import_mtk_dtv_native_buffer(): 717] mst buffer is secure: 0
09-17 19:04:30.624 D/android.hardware.media.c2@1.1-mediatek(  574): [import_mtk_dtv_native_buffer(): 717] mst buffer is secure: 0
09-17 19:04:30.628 I/kernel  ( 6193): [ 1763.261906][MTK_V4L2] level=0 vidioc_venc_qbuf(),1318: [4] id=0 getdata FB(2088960,2) vb=00000000f2ac244e pts=0
09-17 19:04:30.629 D/VCodecVenc(  574): [L 324][EnqueInputBuffer]
09-17 19:04:30.637 I/kernel  (  555): [ 1763.270353][wlan][555]scanCheckEpigramVhtIE:(RLM WARN) [Epigram] prEpiIE->ucLength is too short, skip!
09-17 19:04:30.641 I/kernel  (  555): [ 1763.274456][wlan][555]scanCheckEpigramVhtIE:(RLM WARN) [Epigram] prEpiIE->ucLength is too short, skip!
09-17 19:04:30.648 I/kernel  (  555): [ 1763.281451][wlan][555]scanCheckEpigramVhtIE:(RLM WARN) [Epigram] prEpiIE->ucLength is too short, skip!
09-17 19:04:30.654 D/android.hardware.media.c2@1.1-mediatek(  574): [import_mtk_dtv_native_buffer(): 717] mst buffer is secure: 0
09-17 19:04:30.654 D/android.hardware.media.c2@1.1-mediatek(  574): [import_mtk_dtv_native_buffer(): 717] mst buffer is secure: 0
09-17 19:04:30.654 D/VCodecVencImpl(  574): [L 572][MtkVencSetConfig]
09-17 19:04:30.659 I/kernel  ( 6193): [ 1763.292398][MTK_V4L2] level=0 vidioc_venc_qbuf(),1318: [4] id=0 getdata FB(2088960,2) vb=00000000f2ac244e pts=0
09-17 19:04:30.659 D/VCodecVenc(  574): [L 324][EnqueInputBuffer]
09-17 19:04:30.684 D/VCodecVencImpl(  574): [L 572][MtkVencSetConfig]
09-17 19:04:30.684 D/android.hardware.media.c2@1.1-mediatek(  574): [import_mtk_dtv_native_buffer(): 717] mst buffer is secure: 0
09-17 19:04:30.689 I/kernel  ( 6193): [ 1763.322285][MTK_V4L2] level=0 vidioc_venc_qbuf(),1318: [4] id=0 getdata FB(2088960,2) vb=00000000f2ac244e pts=0
09-17 19:04:30.686 D/android.hardware.media.c2@1.1-mediatek(  574): [import_mtk_dtv_native_buffer(): 717] mst buffer is secure: 0
09-17 19:04:30.690 D/VCodecVenc(  574): [L 324][EnqueInputBuffer]
09-17 19:04:30.715 D/VCodecVencImpl(  574): [L 572][MtkVencSetConfig]
09-17 19:04:30.715 D/android.hardware.media.c2@1.1-mediatek(  574): [import_mtk_dtv_native_buffer(): 717] mst buffer is secure: 0
09-17 19:04:30.717 D/android.hardware.media.c2@1.1-mediatek(  574): [import_mtk_dtv_native_buffer(): 717] mst buffer is secure: 0
09-17 19:04:30.720 I/kernel  ( 6193): [ 1763.353199][MTK_V4L2] level=0 vidioc_venc_qbuf(),1318: [4] id=0 getdata FB(2088960,2) vb=00000000f2ac244e pts=0
09-17 19:04:30.721 D/VCodecVenc(  574): [L 324][EnqueInputBuffer]
09-17 19:04:30.745 D/VCodecVencImpl(  574): [L 572][MtkVencSetConfig]
09-17 19:04:30.745 D/android.hardware.media.c2@1.1-mediatek(  574): [import_mtk_dtv_native_buffer(): 717] mst buffer is secure: 0
09-17 19:04:30.749 I/kernel  ( 6193): [ 1763.383079][MTK_V4L2] level=0 vidioc_venc_qbuf(),1318: [4] id=0 getdata FB(2088960,2) vb=00000000f2ac244e pts=0
09-17 19:04:30.747 D/android.hardware.media.c2@1.1-mediatek(  574): [import_mtk_dtv_native_buffer(): 717] mst buffer is secure: 0
09-17 19:04:30.751 D/VCodecVenc(  574): [L 324][EnqueInputBuffer]
09-17 19:04:30.775 D/BufferPoolAccessor2.0(  574): bufferpool2 0xd8480c88 : 4(6293504 size) total buffers - 3(4196352 size) used buffers - 22997/23087 (recycle/alloc) - 178/23084 (fetch/transfer)
09-17 19:04:30.775 D/android.hardware.media.c2@1.1-mediatek(  574): [import_mtk_dtv_native_buffer(): 717] mst buffer is secure: 0
09-17 19:04:30.775 D/VCodecVencImpl(  574): [L 572][MtkVencSetConfig]
09-17 19:04:30.777 D/android.hardware.media.c2@1.1-mediatek(  574): [import_mtk_dtv_native_buffer(): 717] mst buffer is secure: 0
09-17 19:04:30.780 I/kernel  ( 6193): [ 1763.413233][MTK_V4L2] level=0 vidioc_venc_qbuf(),1318: [4] id=0 getdata FB(2088960,2) vb=00000000f2ac244e pts=0
09-17 19:04:30.780 D/VCodecVenc(  574): [L 324][EnqueInputBuffer]
09-17 19:04:30.791 I/kernel  (  555): [ 1763.424278][wlan][555]scanCheckEpigramVhtIE:(RLM WARN) [Epigram] prEpiIE->ucLength is too short, skip!
09-17 19:04:30.806 D/VCodecVencImpl(  574): [L 572][MtkVencSetConfig]
09-17 19:04:30.806 D/android.hardware.media.c2@1.1-mediatek(  574): [import_mtk_dtv_native_buffer(): 717] mst buffer is secure: 0
09-17 19:04:30.807 D/android.hardware.media.c2@1.1-mediatek(  574): [import_mtk_dtv_native_buffer(): 717] mst buffer is secure: 0
09-17 19:04:30.810 I/kernel  ( 6193): [ 1763.443637][MTK_V4L2] level=0 vidioc_venc_qbuf(),1318: [4] id=0 getdata FB(2088960,2) vb=00000000f2ac244e pts=0
09-17 19:04:30.811 D/VCodecVenc(  574): [L 324][EnqueInputBuffer]
09-17 19:04:30.828 I/kernel  (  555): [ 1763.461950][wlan][555]scanCheckEpigramVhtIE:(RLM WARN) [Epigram] prEpiIE->ucLength is too short, skip!
09-17 19:04:30.836 D/VCodecVencImpl(  574): [L 572][MtkVencSetConfig]
09-17 19:04:30.836 D/android.hardware.media.c2@1.1-mediatek(  574): [import_mtk_dtv_native_buffer(): 717] mst buffer is secure: 0
09-17 19:04:30.838 D/android.hardware.media.c2@1.1-mediatek(  574): [import_mtk_dtv_native_buffer(): 717] mst buffer is secure: 0
09-17 19:04:30.840 I/kernel  ( 6193): [ 1763.473947][MTK_V4L2] level=0 vidioc_venc_qbuf(),1318: [4] id=0 getdata FB(2088960,2) vb=00000000f2ac244e pts=0
09-17 19:04:30.841 D/VCodecVenc(  574): [L 324][EnqueInputBuffer]
09-17 19:04:30.866 D/android.hardware.media.c2@1.1-mediatek(  574): [import_mtk_dtv_native_buffer(): 717] mst buffer is secure: 0
09-17 19:04:30.866 D/VCodecVencImpl(  574): [L 572][MtkVencSetConfig]
09-17 19:04:30.868 D/android.hardware.media.c2@1.1-mediatek(  574): [import_mtk_dtv_native_buffer(): 717] mst buffer is secure: 0
09-17 19:04:30.870 I/kernel  ( 6193): [ 1763.503941][MTK_V4L2] level=0 vidioc_venc_qbuf(),1318: [4] id=0 getdata FB(2088960,2) vb=00000000f2ac244e pts=0
09-17 19:04:30.871 D/VCodecVenc(  574): [L 324][EnqueInputBuffer]
09-17 19:04:30.896 D/android.hardware.media.c2@1.1-mediatek(  574): [import_mtk_dtv_native_buffer(): 717] mst buffer is secure: 0
09-17 19:04:30.896 D/VCodecVencImpl(  574): [L 572][MtkVencSetConfig]
09-17 19:04:30.898 D/android.hardware.media.c2@1.1-mediatek(  574): [import_mtk_dtv_native_buffer(): 717] mst buffer is secure: 0
09-17 19:04:30.901 I/kernel  ( 6193): [ 1763.534174][MTK_V4L2] level=0 vidioc_venc_qbuf(),1318: [4] id=0 getdata FB(2088960,2) vb=00000000f2ac244e pts=0
09-17 19:04:30.902 D/VCodecVenc(  574): [L 324][EnqueInputBuffer]
09-17 19:04:30.926 D/VCodecVencImpl(  574): [L 572][MtkVencSetConfig]
09-17 19:04:30.926 D/android.hardware.media.c2@1.1-mediatek(  574): [import_mtk_dtv_native_buffer(): 717] mst buffer is secure: 0
09-17 19:04:30.928 D/android.hardware.media.c2@1.1-mediatek(  574): [import_mtk_dtv_native_buffer(): 717] mst buffer is secure: 0
09-17 19:04:30.931 I/kernel  ( 6193): [ 1763.564115][MTK_V4L2] level=0 vidioc_venc_qbuf(),1318: [4] id=0 getdata FB(2088960,2) vb=00000000f2ac244e pts=0
09-17 19:04:30.931 D/VCodecVenc(  574): [L 324][EnqueInputBuffer]
09-17 19:04:30.956 D/VCodecVencImpl(  574): [L 572][MtkVencSetConfig]
09-17 19:04:30.958 D/android.hardware.media.c2@1.1-mediatek(  574): [import_mtk_dtv_native_buffer(): 717] mst buffer is secure: 0
09-17 19:04:30.958 D/android.hardware.media.c2@1.1-mediatek(  574): [import_mtk_dtv_native_buffer(): 717] mst buffer is secure: 0
09-17 19:04:30.961 I/kernel  ( 6193): [ 1763.594356][MTK_V4L2] level=0 vidioc_venc_qbuf(),1318: [4] id=0 getdata FB(2088960,2) vb=00000000f2ac244e pts=0
09-17 19:04:30.962 D/VCodecVenc(  574): [L 324][EnqueInputBuffer]
09-17 19:04:30.986 D/VCodecVencImpl(  574): [L 572][MtkVencSetConfig]
09-17 19:04:30.991 I/kernel  ( 6193): [ 1763.624371][MTK_V4L2] level=0 vidioc_venc_qbuf(),1318: [4] id=0 getdata FB(2088960,2) vb=00000000f2ac244e pts=0
09-17 19:04:31.016 D/VCodecVencImpl(  574): [L 572][MtkVencSetConfig]
09-17 19:04:31.021 I/kernel  ( 6193): [ 1763.654839][MTK_V4L2] level=0 vidioc_venc_qbuf(),1318: [4] id=0 getdata FB(2088960,2) vb=00000000f2ac244e pts=0
09-17 19:04:31.032 D/android.hardware.media.c2@1.1-mediatek(  574): [import_mtk_dtv_native_buffer(): 717] mst buffer is secure: 0
09-17 19:04:31.033 D/android.hardware.media.c2@1.1-mediatek(  574): [import_mtk_dtv_native_buffer(): 717] mst buffer is secure: 0
09-17 19:04:31.036 D/VCodecVenc(  574): [L 324][EnqueInputBuffer]
09-17 19:04:31.047 D/VCodecVencImpl(  574): [L 572][MtkVencSetConfig]
09-17 19:04:31.051 I/kernel  ( 6193): [ 1763.684841][MTK_V4L2] level=0 vidioc_venc_qbuf(),1318: [4] id=0 getdata FB(2088960,2) vb=00000000f2ac244e pts=0
09-17 19:04:31.078 D/VCodecVencImpl(  574): [L 572][MtkVencSetConfig]
09-17 19:04:31.083 I/kernel  ( 6193): [ 1763.716562][MTK_V4L2] level=0 vidioc_venc_qbuf(),1318: [4] id=0 getdata FB(2088960,2) vb=00000000f2ac244e pts=0
09-17 19:04:31.108 D/VCodecVencImpl(  574): [L 572][MtkVencSetConfig]
09-17 19:04:31.114 I/kernel  ( 6193): [ 1763.747545][MTK_V4L2] level=0 vidioc_venc_qbuf(),1318: [4] id=0 getdata FB(2088960,2) vb=00000000f2ac244e pts=0
09-17 19:04:31.133 D/android.hardware.media.c2@1.1-mediatek(  574): [import_mtk_dtv_native_buffer(): 717] mst buffer is secure: 0
09-17 19:04:31.133 D/android.hardware.media.c2@1.1-mediatek(  574): [import_mtk_dtv_native_buffer(): 717] mst buffer is secure: 0
09-17 19:04:31.137 D/VCodecVenc(  574): [L 324][EnqueInputBuffer]
09-17 19:04:31.139 D/VCodecVencImpl(  574): [L 572][MtkVencSetConfig]
09-17 19:04:31.144 I/kernel  ( 6193): [ 1763.777818][MTK_V4L2] level=0 vidioc_venc_qbuf(),1318: [4] id=0 getdata FB(2088960,2) vb=00000000f2ac244e pts=0
09-17 19:04:31.170 D/VCodecVencImpl(  574): [L 572][MtkVencSetConfig]
09-17 19:04:31.174 I/kernel  ( 6193): [ 1763.808051][MTK_V4L2] level=0 vidioc_venc_qbuf(),1318: [4] id=0 getdata FB(2088960,2) vb=00000000f2ac244e pts=0
09-17 19:04:31.200 D/VCodecVencImpl(  574): [L 572][MtkVencSetConfig]
09-17 19:04:31.205 I/kernel  ( 6193): [ 1763.838250][MTK_V4L2] level=0 vidioc_venc_qbuf(),1318: [4] id=0 getdata FB(2088960,2) vb=00000000f2ac244e pts=0
09-17 19:04:31.230 D/VCodecVencImpl(  574): [L 572][MtkVencSetConfig]
09-17 19:04:31.234 D/android.hardware.media.c2@1.1-mediatek(  574): [import_mtk_dtv_native_buffer(): 717] mst buffer is secure: 0
09-17 19:04:31.234 D/android.hardware.media.c2@1.1-mediatek(  574): [import_mtk_dtv_native_buffer(): 717] mst buffer is secure: 0
09-17 19:04:31.235 I/kernel  ( 6193): [ 1763.868214][MTK_V4L2] level=0 vidioc_venc_qbuf(),1318: [4] id=0 getdata FB(2088960,2) vb=00000000f2ac244e pts=0
09-17 19:04:31.238 D/VCodecVenc(  574): [L 324][EnqueInputBuffer]
09-17 19:04:31.260 D/VCodecVencImpl(  574): [L 572][MtkVencSetConfig]
09-17 19:04:31.265 I/kernel  ( 6193): [ 1763.898776][MTK_V4L2] level=0 vidioc_venc_qbuf(),1318: [4] id=0 getdata FB(2088960,2) vb=00000000f2ac244e pts=0
09-17 19:04:31.334 D/android.hardware.media.c2@1.1-mediatek(  574): [import_mtk_dtv_native_buffer(): 717] mst buffer is secure: 0
09-17 19:04:31.335 D/android.hardware.media.c2@1.1-mediatek(  574): [import_mtk_dtv_native_buffer(): 717] mst buffer is secure: 0
09-17 19:04:31.338 D/VCodecVenc(  574): [L 324][EnqueInputBuffer]
09-17 19:04:31.339 D/VCodecVencImpl(  574): [L 572][MtkVencSetConfig]
09-17 19:04:31.343 I/kernel  ( 6193): [ 1763.976530][MTK_V4L2] level=0 vidioc_venc_qbuf(),1318: [4] id=0 getdata FB(2088960,2) vb=00000000f2ac244e pts=0
09-17 19:04:31.371 I/kernel  ( 2441): [ 1764.004460][A8303-1_Driver] addr:0x08,  i2c status:0x1b from 0x1b
09-17 19:04:31.435 D/android.hardware.media.c2@1.1-mediatek(  574): [import_mtk_dtv_native_buffer(): 717] mst buffer is secure: 0
09-17 19:04:31.435 D/android.hardware.media.c2@1.1-mediatek(  574): [import_mtk_dtv_native_buffer(): 717] mst buffer is secure: 0
09-17 19:04:31.439 D/VCodecVenc(  574): [L 324][EnqueInputBuffer]
09-17 19:04:31.439 D/VCodecVencImpl(  574): [L 572][MtkVencSetConfig]
09-17 19:04:31.442 I/kernel  ( 6193): [ 1764.075675][MTK_V4L2] level=0 vidioc_venc_qbuf(),1318: [4] id=0 getdata FB(2088960,2) vb=00000000f2ac244e pts=0
09-17 19:04:31.535 D/android.hardware.media.c2@1.1-mediatek(  574): [import_mtk_dtv_native_buffer(): 717] mst buffer is secure: 0
09-17 19:04:31.536 D/android.hardware.media.c2@1.1-mediatek(  574): [import_mtk_dtv_native_buffer(): 717] mst buffer is secure: 0
09-17 19:04:31.539 D/VCodecVenc(  574): [L 324][EnqueInputBuffer]
09-17 19:04:31.539 D/VCodecVencImpl(  574): [L 572][MtkVencSetConfig]
09-17 19:04:31.543 I/kernel  ( 6193): [ 1764.176447][MTK_V4L2] level=0 vidioc_venc_qbuf(),1318: [4] id=0 getdata FB(2088960,2) vb=00000000f2ac244e pts=0
09-17 19:04:31.636 D/android.hardware.media.c2@1.1-mediatek(  574): [import_mtk_dtv_native_buffer(): 717] mst buffer is secure: 0
09-17 19:04:31.636 D/android.hardware.media.c2@1.1-mediatek(  574): [import_mtk_dtv_native_buffer(): 717] mst buffer is secure: 0
09-17 19:04:31.640 D/VCodecVenc(  574): [L 324][EnqueInputBuffer]
09-17 19:04:31.640 D/VCodecVencImpl(  574): [L 572][MtkVencSetConfig]
09-17 19:04:31.643 I/kernel  ( 6193): [ 1764.276872][MTK_V4L2] level=0 vidioc_venc_qbuf(),1318: [4] id=0 getdata FB(2088960,2) vb=00000000f2ac244e pts=0
09-17 19:04:31.666 I/WifiScanningService(  702): Registering listener= com.android.server.wifi.scanner.WifiScannerInternal$ScanListener@4bfa762 uid=1000 packageName=null workSource=WorkSource{1000}
09-17 19:04:31.667 I/WifiScanningService(  702): start scan: ClientInfo[uid=1000, package=null, com.android.server.wifi.scanner.WifiScannerInternal$ScanListener@4bfa762] package null
09-17 19:04:31.667 I/WifiScanningService(  702): addSingleScanRequest: ClientInfo[uid=1000, package=null, com.android.server.wifi.scanner.WifiScannerInternal$ScanListener@4bfa762],WorkSource{1010}, ScanSettings {  type:HIGH ACCURACY band:24Ghz & 5Ghz (DFS incl) & 6Ghz ignoreLocationSettings:false period:0 reportEvents:3 numBssidsPerScan:0 maxScansToCache:0 rnrSetting:1 6GhzPscOnlyEnabled:true channels:[  ]  } 
09-17 19:04:31.667 D/AlarmManager(  702): Wakeup alarmType=ELAPSED_WAKEUP package=android wakeups=4 alarms=4 whenElapsed=0 when=0 nowRTC=2025-09-17 19:04:31 workSource=null uid=1000 tag="*walarm*:WifiConnectivityManager Restart Single Scan"
09-17 19:04:31.667 D/WifiScanningService(  702): replySucceeded onSuccess
09-17 19:04:31.676 D/WifiHAL (  586): event received NL80211_CMD_VENDOR, vendor_id = 0xce7, subcmd = 0xc
09-17 19:04:31.676 D/wpa_supplicant( 1178): nl80211: Drv Event 103 (NL80211_CMD_VENDOR) received for wlan0
09-17 19:04:31.676 D/wpa_supplicant( 1178): nl80211: Vendor event: wiphy=0 vendor_id=0xce7 subcmd=12
09-17 19:04:31.676 D/WifiHAL (  586): event received NL80211_CMD_TRIGGER_SCAN
09-17 19:04:31.676 D/wpa_supplicant( 1178): nl80211: Ignore unsupported vendor event
09-17 19:04:31.676 D/wpa_supplicant( 1178): nl80211: Drv Event 33 (NL80211_CMD_TRIGGER_SCAN) received for wlan0
09-17 19:04:31.676 D/wpa_supplicant( 1178): wlan0: nl80211: Scan trigger
09-17 19:04:31.676 D/wpa_supplicant( 1178): wlan0: Event SCAN_STARTED (47) received
09-17 19:04:31.676 D/wpa_supplicant( 1178): wlan0: External program started a scan
09-17 19:04:31.679 I/kernel  (  778): [ 1764.312384][wlan][778]mtk_cfg80211_scan:(REQ STATE) i=0, wildcard scan
09-17 19:04:31.679 I/kernel  (  778): [ 1764.312396][wlan][778]mtk_cfg80211_scan:(REQ STATE) i=1, u4ValidIdx=0, Ssid=HyokaT-Buffalo-B_2.4GHz, SsidLen=23
09-17 19:04:31.679 I/kernel  ( 1178): [ 1764.312635][wlan][1178]mtk_cfg_get_txpower:(REQ WARN) STA doesn't support this function
09-17 19:04:31.755 D/audio_hw_primary(  601): out_standby: stream=0xe9046810, handle=13
09-17 19:04:31.755 I/audio_hw_primary(  601): out_standby: totalPresentationPosition:148374000 current_position:3636000
09-17 19:04:31.755 I/audio_hw_primary(  601): getVolNickName Not outputdevice pipelinename: Decoder_13
09-17 19:04:31.755 I/<APAF>  (  601): <PRINT>_MI_APAF_FILTER_VOLUME_SetMute[3238]: Pipeline Decoder_13: set Mute = 1 (Current depop time:0)
09-17 19:04:31.755 I/audio_hw_primary(  601): setMute: Decoder_13 set volume mute type 0. final muted:1
09-17 19:04:31.773 I/SAPVSE_filter(  601): _MI_APAF_FILTER_SAPVSE_Reset Program Version:0002001F
09-17 19:04:31.774 D/TpcAudioPipeline(  601): setAudioClockState: this 0xee000630 hwSyncId 3840 ClockState(0) ClockPauseType(3)
09-17 19:04:31.774 I/TpcAudioPipeline(  601): setAudioClockState: this 0xee000630 hwSyncId 3840, m_audio_clock_status[Cur/P/S/TPC/Ept]=[0/1/0/1/1]
09-17 19:04:31.774 D/TpcAudioPipeline(  601): latencyInfo: this 0xee000630 hwSyncId 3840, user_id 0, type 2, min_latency 1
09-17 19:04:31.774 D/TpcAudioPipeline(  601): latencyInfo: latnecy change(0->1) is less than 5000, ignore to notify TPC
09-17 19:04:31.774 D/TpcAudioPipeline(  601): latencyInfo: this 0xee000630 hwSyncId 3840, user_id 0, type 1, min_latency 1
09-17 19:04:31.774 D/audio_hw_primary(  601): out_standby: stream=0xe9046810, handle=13, end
09-17 19:04:31.774 D/tpc@1.0-impl(  612): [mdbgin_TPC][onNotify][1265] [HwSyncId:3840][userId:0] pl:0xf14448a0 this:0xf2dc6370 haltype:HAL_AUDIO pipeIndex:0 notify:RENDER_LATENCY_INFO, p1:1000, p2:0, p3:0, p4:0 
09-17 19:04:31.774 E/tpc@1.0-impl(  612): [getRenderLatencySum][9488] [HwSyncId:3840] buildHalSource:SRC_MM_NONTUNNEL latencySum=1000 ns smaller than MIN_RENDER_LATENCY(5ms)
09-17 19:04:31.774 D/tpc@1.0-impl(  612): [mdbgin_TPC][onNotify][1265] [HwSyncId:3840][userId:0] pl:0xf14448a0 this:0xf2dc6370 haltype:HAL_AUDIO pipeIndex:0 notify:UNMUTE_LATENCY_INFO, p1:1000, p2:0, p3:0, p4:0 
09-17 19:04:31.775 D/tpc@1.0-impl(  612): [setUnMuteLatency][9718] Not support build source or type!!
09-17 19:04:32.409 I/kernel  ( 2441): [ 1765.042543][A8303-1_Driver] addr:0x08,  i2c status:0x1b from 0x1b
09-17 19:04:33.447 I/kernel  ( 2441): [ 1766.080747][A8303-1_Driver] addr:0x08,  i2c status:0x1b from 0x1b
09-17 19:04:33.476 I/kernel  (  555): [ 1766.109579][wlan][555]scanAddToBssDesc:(SCN STATE) IE_PriCh:65 mismatch with RXD_ChNum:69
09-17 19:04:33.578 I/kernel  (  555): [ 1766.211981][wlan][555]scanAddToBssDesc:(SCN STATE) IE_PriCh:65 mismatch with RXD_ChNum:85
09-17 19:04:33.659 I/kernel  (  555): [ 1766.292374][wlan][555]scnFsmSteps:(SCN STATE) [SCAN]TRANSITION: [SCANNING] -> [SCANNING]
09-17 19:04:34.067 D/wpa_supplicant( 1178): nl80211: Drv Event 103 (NL80211_CMD_VENDOR) received for wlan0
09-17 19:04:34.067 D/WifiHAL (  586): event received NL80211_CMD_VENDOR, vendor_id = 0xce7, subcmd = 0x99
09-17 19:04:34.067 D/wpa_supplicant( 1178): nl80211: Vendor event: wiphy=0 vendor_id=0xce7 subcmd=153
09-17 19:04:34.067 D/WifiHAL (  586): event received NL80211_CMD_VENDOR, vendor_id = 0xce7, subcmd = 0xc
09-17 19:04:34.067 D/wpa_supplicant( 1178): nl80211: Ignore unsupported vendor event
09-17 19:04:34.067 D/wpa_supplicant( 1178): nl80211: Drv Event 103 (NL80211_CMD_VENDOR) received for wlan0
09-17 19:04:34.068 D/wpa_supplicant( 1178): nl80211: Vendor event: wiphy=0 vendor_id=0xce7 subcmd=12
09-17 19:04:34.068 D/wpa_supplicant( 1178): nl80211: Ignore unsupported vendor event
09-17 19:04:34.070 I/kernel  (  555): [ 1766.703951][wlan][555]scnFsmSteps:(SCN STATE) [SCAN]TRANSITION: [SCANNING] -> [IDLE]
09-17 19:04:34.070 I/kernel  (  555): [ 1766.703969][wlan][555]aisFsmSteps:(AIS STATE) [AIS0] TRANSITION: [SCAN] -> [IDLE]
09-17 19:04:34.070 I/kernel  (  555): [ 1766.703989][wlan][555]aisFsmSteps:(AIS STATE) [AIS0] TRANSITION: [IDLE] -> [SEARCH]
09-17 19:04:34.070 I/kernel  (  555): [ 1766.704037][wlan][555]aisFsmSteps:(AIS STATE) Switch to AIS_STATE_GO_SYNC_CHANNEL Target CH= 4
09-17 19:04:34.070 I/kernel  (  555): [ 1766.704040][wlan][555]aisFsmSteps:(AIS STATE) [AIS0] TRANSITION: [SEARCH] -> [REQ_CHANNEL_JOIN]
09-17 19:04:34.071 I/kernel  ( 1178): [ 1766.704156][wlan][1178]mtk_cfg_get_txpower:(REQ WARN) STA doesn't support this function
09-17 19:04:34.084 I/kernel  (  555): [ 1766.717332][wlan][555]aisFsmSteps:(AIS STATE) [AIS0] TRANSITION: [REQ_CHANNEL_JOIN] -> [JOIN]
09-17 19:04:34.112 D/WifiHAL (  586): event received NL80211_CMD_VENDOR, vendor_id = 0xce7, subcmd = 0xc
09-17 19:04:34.112 D/wpa_supplicant( 1178): nl80211: Drv Event 103 (NL80211_CMD_VENDOR) received for wlan0
09-17 19:04:34.112 D/wpa_supplicant( 1178): nl80211: Vendor event: wiphy=0 vendor_id=0xce7 subcmd=12
09-17 19:04:34.112 D/WifiHAL (  586): event received NL80211_CMD_AUTHENTICATE
09-17 19:04:34.112 D/wpa_supplicant( 1178): nl80211: Ignore unsupported vendor event
09-17 19:04:34.112 D/wpa_supplicant( 1178): nl80211: Drv Event 37 (NL80211_CMD_AUTHENTICATE) received for wlan0
09-17 19:04:34.112 D/wpa_supplicant( 1178): nl80211: Authenticate event
09-17 19:04:34.112 D/wpa_supplicant( 1178): wlan0: Event AUTH (10) received
09-17 19:04:34.112 D/wpa_supplicant( 1178): wlan0: SME: Authentication response: peer=74:03:bd:f8:3e:00 auth_type=0 auth_transaction=2 status_code=0
09-17 19:04:34.112 D/wpa_supplicant( 1178): SME: Association Request IEs - hexdump(len=59): 30 14 01 00 00 0f ac 04 01 00 00 0f ac 04 01 00 00 0f ac 02 80 00 7f 0b 00 00 0a 02 00 40 40 00 ...
09-17 19:04:34.113 I/wpa_supplicant( 1178): wlan0: Trying to associate with 74:03:bd:f8:3e:00 (SSID='HyokaT-Buffalo-B_2.4GHz' freq=2427 MHz)
09-17 19:04:34.113 D/wpa_supplicant( 1178): wlan0: State: AUTHENTICATING -> ASSOCIATING
09-17 19:04:34.113 D/wpa_supplicant( 1178): nl80211: Set wlan0 operstate 0->0 (DORMANT)
09-17 19:04:34.113 D/wpa_supplicant( 1178): netlink: Operstate: ifindex=16 linkmode=-1 (no change), operstate=5 (IF_OPER_DORMANT)
09-17 19:04:34.113 D/wpa_supplicant( 1178): Notifying state change event to aidl control: 5
09-17 19:04:34.113 I/wpa_supplicant( 1178): assoc key_mgmt 0x2 network key_mgmt 0x142
09-17 19:04:34.113 D/wpa_supplicant( 1178): WPA: set own WPA/RSN IE - hexdump(len=22): 30 14 01 00 00 0f ac 04 01 00 00 0f ac 04 01 00 00 0f ac 02 80 00
09-17 19:04:34.113 D/wpa_supplicant( 1178): wlan0: RSN: clearing own RSNXE
09-17 19:04:34.113 D/wpa_supplicant( 1178): nl80211: Associate (ifindex=16)
09-17 19:04:34.113 D/wpa_supplicant( 1178):   * bssid=74:03:bd:f8:3e:00
09-17 19:04:34.113 D/wpa_supplicant( 1178):   * freq=2427
09-17 19:04:34.113 D/wpa_supplicant( 1178):   * SSID=HyokaT-Buffalo-B_2.4GHz
09-17 19:04:34.113 D/wpa_supplicant( 1178):   * IEs - hexdump(len=59): 30 14 01 00 00 0f ac 04 01 00 00 0f ac 04 01 00 00 0f ac 02 80 00 7f 0b 00 00 0a 02 00 40 40 00 ...
09-17 19:04:34.113 D/wpa_supplicant( 1178):   * WPA Versions 0x2
09-17 19:04:34.113 D/wpa_supplicant( 1178):   * pairwise=0xfac04
09-17 19:04:34.113 D/wpa_supplicant( 1178):   * group=0xfac04
09-17 19:04:34.113 D/wpa_supplicant( 1178):   * akm[0]=0xfac02
09-17 19:04:34.113 D/SupplicantStaIfaceHalAidlImpl(  702): ISupplicantStaIfaceCallback.onStateChanged: newState=ASSOCIATING, bssid=74:03:bd:f8:3e:00, ssid="HyokaT-Buffalo-B_2.4GHz", filsHlpSent=false, supplicantKeyMgmtMask=0x00000000, frameworkKeyMgmtMask=null, frequencyMhz=0 received
09-17 19:04:34.113 D/SupplicantStateTracker[wlan0](  702): HandshakeState{ when=0 what=147462 obj= ssid: "HyokaT-Buffalo-B_2.4GHz" bssid: 74:03:bd:f8:3e:00 nid: 4 frequencyMhz: 0 state: ASSOCIATING target=com.android.wifi.x.com.android.internal.util.StateMachine$SmHandler }
09-17 19:04:34.114 D/SupplicantStateTracker(  702): Queuing broadcast=SUPPLICANT_STATE_CHANGED_ACTION state=ASSOCIATING failedAuth=false reasonCode=0
09-17 19:04:34.114 D/SupplicantStateTracker(  702): Sending broadcast=SUPPLICANT_STATE_CHANGED_ACTION state=ASSOCIATING failedAuth=false reasonCode=0
09-17 19:04:34.114 D/WifiClientModeImpl[17921:wlan0](  702): sendNetworkChangeBroadcast oldState=CONNECTING newState=CONNECTING hidden=false
09-17 19:04:34.115 D/WifiScoreCard(  702): Changing state to ASSOCIATING SSID: "HyokaT-Buffalo-B_2.4GHz", BSSID: 74:03:bd:f8:3e:00, MAC: fa:e8:2d:e9:3d:1f, IP: null, Security type: 2, Supplicant state: AUTHENTICATING, Wi-Fi standard: 4, RSSI: -127, Link speed: -1Mbps, Tx Link speed: -1Mbps, Max Supported Tx Link speed: -1Mbps, Rx Link speed: -1Mbps, Max Supported Rx Link speed: -1Mbps, Frequency: 2427MHz, Net ID: 4, Metered hint: false, score: 0, isUsable: true, CarrierMerged: false, SubscriptionId: -1, IsPrimary: 1, Trusted: true, Restricted: false, Ephemeral: false, OEM paid: false, OEM private: false, OSU AP: false, FQDN: <none>, Provider friendly name: <none>, Requesting package name: <none><none>MLO Information: , Is TID-To-Link negotiation supported by the AP: false, AP MLD Address: <none>, AP MLO Link Id: <none>, AP MLO Affiliated links: <none>
09-17 19:04:34.115 I/WifiClientModeImpl[17921:wlan0](  702): Update current security type to 2
09-17 19:04:34.115 D/wpa_supplicant( 1178): nl80211: Association request send successfully
09-17 19:04:34.115 D/wpa_supplicant( 1178): RTM_NEWLINK: ifi_index=16 ifname=wlan0 wext ifi_family=0 ifi_flags=0x1003 ([UP])
09-17 19:04:34.116 D/WifiScoreCard(  702): ifaceName=wlan0,wifiInfo=SSID: "HyokaT-Buffalo-B_2.4GHz", BSSID: 74:03:bd:f8:3e:00, MAC: fa:e8:2d:e9:3d:1f, IP: null, Security type: 2, Supplicant state: ASSOCIATING, Wi-Fi standard: 4, RSSI: -127, Link speed: -1Mbps, Tx Link speed: -1Mbps, Max Supported Tx Link speed: -1Mbps, Rx Link speed: -1Mbps, Max Supported Rx Link speed: -1Mbps, Frequency: 2427MHz, Net ID: 4, Metered hint: false, score: 0, isUsable: true, CarrierMerged: false, SubscriptionId: -1, IsPrimary: 1, Trusted: true, Restricted: false, Ephemeral: false, OEM paid: false, OEM private: false, OSU AP: false, FQDN: <none>, Provider friendly name: <none>, Requesting package name: <none><none>MLO Information: , Is TID-To-Link negotiation supported by the AP: false, AP MLD Address: <none>, AP MLO Link Id: <none>, AP MLO Affiliated links: <none>
09-17 19:04:34.116 D/WifiClientModeImpl[17921:wlan0](  702): ConnectingOrConnectedState: Supplicant State change  ssid: "HyokaT-Buffalo-B_2.4GHz" bssid: 74:03:bd:f8:3e:00 nid: 4 frequencyMhz: 0 state: ASSOCIATING
09-17 19:04:34.116 V/WifiPermissionsUtil(  702): deviceOwner:null
09-17 19:04:34.116 D/IpClient/wlan0( 1395): interfaceLinkStateChanged: ifindex 16 down
09-17 19:04:34.118 D/WifiClientModeImpl[17921:wlan0](  702):  ClientModeImpl$ConnectingOrConnectedState screen=on 0 0 ssid: "HyokaT-Buffalo-B_2.4GHz" bssid: 74:03:bd:f8:3e:00 nid: 4 frequencyMhz: 0 state: ASSOCIATING
09-17 19:04:34.118 D/InterfaceObserverInternal(  702): Received interfaceLinkStateChanged, iface=wlan0 up=false
09-17 19:04:34.118 D/InterfaceEventCallback(  702): onInterfaceLinkStateChanged, ifaceName=wlan0 up=false CurrentState=ConnectModeState
09-17 19:04:34.118 I/kernel  ( 1178): [ 1766.751515][wlan][1178]kalIoctlByBssIdx:(OID WARN) kalIoctl: ret ErrCode: c0010014
09-17 19:04:34.118 I/kernel  ( 1178): [ 1766.751532][wlan][1178]mtk_cfg80211_assoc:(SEC WARN) [wapi] set wapi assoc info error:c0010014
09-17 19:04:34.119 D/WifiNative(  702): interfaceLinkStateChanged: ifaceName=wlan0, mInterfaceId = 0, mIfaceMgr={0=Iface:{Name=wlan0,Id=0,Type=STA_CONNECTIVITY}}
09-17 19:04:34.119 I/netd    (  401): interfaceGetCfg(wlan0) -> {InterfaceConfigurationParcel{ifName: wlan0, hwAddr: fa:e8:2d:e9:3d:1f, ipv4Addr: 0.0.0.0, prefixLength: 0, flags: [up, broadcast, multicast]}} <0.21ms>
09-17 19:04:34.120 V/WifiNative(  702): Interface status unchanged on Iface:{Name=wlan0,Id=0,Type=STA_CONNECTIVITY} from true, Ignoring...
09-17 19:04:34.157 D/wpa_supplicant( 1178): nl80211: Drv Event 103 (NL80211_CMD_VENDOR) received for wlan0
09-17 19:04:34.157 D/WifiHAL (  586): event received NL80211_CMD_VENDOR, vendor_id = 0xce7, subcmd = 0xc
09-17 19:04:34.157 D/wpa_supplicant( 1178): nl80211: Vendor event: wiphy=0 vendor_id=0xce7 subcmd=12
09-17 19:04:34.157 D/WifiHAL (  586): event received NL80211_CMD_VENDOR, vendor_id = 0xce7, subcmd = 0xc
09-17 19:04:34.157 D/WifiHAL (  586): event received NL80211_CMD_VENDOR, vendor_id = 0xce7, subcmd = 0xc
09-17 19:04:34.160 I/kernel  (  555): [ 1766.794047][wlan][555]mqmProcessAssocRsp:(QM WARN) QM: remove assoc resp qosmapset ie
09-17 19:04:34.160 I/kernel  (  555): [ 1766.794066][wlan][555]nicQmUpdateWmmParms:(QM EVENT) sizeof(struct AC_QUE_PARMS): 10
09-17 19:04:34.160 I/kernel  (  555): [ 1766.794070][wlan][555]nicQmUpdateWmmParms:(QM EVENT) sizeof(CMD_UPDATE_WMM_PARMS): 44
09-17 19:04:34.160 I/kernel  (  555): [ 1766.794073][wlan][555]nicQmUpdateWmmParms:(QM EVENT) u2CmdTxHdrSize: 64
09-17 19:04:34.161 I/kernel  (  555): [ 1766.794181][wlan][555]aisFsmSteps:(AIS STATE) [AIS0] TRANSITION: [JOIN] -> [NORMAL_TR]
09-17 19:04:34.159 D/wpa_supplicant( 1178): nl80211: Ignore unsupported vendor event
09-17 19:04:34.159 D/WifiHAL (  586): event received NL80211_CMD_ASSOCIATE
09-17 19:04:34.159 D/WifiHAL (  586): event received NL80211_CMD_CONNECT
09-17 19:04:34.159 D/wpa_supplicant( 1178): RTM_NEWLINK: ifi_index=16 ifname=wlan0 wext ifi_family=0 ifi_flags=0x1003 ([UP])
09-17 19:04:34.159 D/wpa_supplicant( 1178): RTM_NEWLINK: ifi_index=16 ifname=wlan0 operstate=5 linkmode=1 ifi_family=0 ifi_flags=0x11003 ([UP][LOWER_UP])
09-17 19:04:34.159 D/wpa_supplicant( 1178): nl80211: Drv Event 103 (NL80211_CMD_VENDOR) received for wlan0
09-17 19:04:34.159 D/wpa_supplicant( 1178): nl80211: Vendor event: wiphy=0 vendor_id=0xce7 subcmd=12
09-17 19:04:34.159 D/InterfaceObserverInternal(  702): Received interfaceLinkStateChanged, iface=wlan0 up=false
09-17 19:04:34.159 D/InterfaceEventCallback(  702): onInterfaceLinkStateChanged, ifaceName=wlan0 up=false CurrentState=ConnectModeState
09-17 19:04:34.159 D/wpa_supplicant( 1178): nl80211: Ignore unsupported vendor event
09-17 19:04:34.159 D/wpa_supplicant( 1178): nl80211: Drv Event 103 (NL80211_CMD_VENDOR) received for wlan0
09-17 19:04:34.159 D/wpa_supplicant( 1178): nl80211: Vendor event: wiphy=0 vendor_id=0xce7 subcmd=12
09-17 19:04:34.159 D/wpa_supplicant( 1178): nl80211: Ignore unsupported vendor event
09-17 19:04:34.159 D/InterfaceObserverInternal(  702): Received interfaceLinkStateChanged, iface=wlan0 up=true
09-17 19:04:34.159 D/wpa_supplicant( 1178): nl80211: Drv Event 38 (NL80211_CMD_ASSOCIATE) received for wlan0
09-17 19:04:34.159 D/InterfaceEventCallback(  702): onInterfaceLinkStateChanged, ifaceName=wlan0 up=true CurrentState=ConnectModeState
09-17 19:04:34.159 D/wpa_supplicant( 1178): nl80211: Associate event
09-17 19:04:34.159 D/IpClient/wlan0( 1395): interfaceLinkStateChanged: ifindex 16 down
09-17 19:04:34.159 D/WifiNative(  702): interfaceLinkStateChanged: ifaceName=wlan0, mInterfaceId = 0, mIfaceMgr={0=Iface:{Name=wlan0,Id=0,Type=STA_CONNECTIVITY}}
09-17 19:04:34.160 D/IpClient/wlan0( 1395): interfaceLinkStateChanged: ifindex 16 up
09-17 19:04:34.160 I/netd    (  401): interfaceGetCfg(wlan0) -> {InterfaceConfigurationParcel{ifName: wlan0, hwAddr: fa:e8:2d:e9:3d:1f, ipv4Addr: 0.0.0.0, prefixLength: 0, flags: [up, broadcast, multicast]}} <0.25ms>
09-17 19:04:34.160 V/WifiNative(  702): Interface status unchanged on Iface:{Name=wlan0,Id=0,Type=STA_CONNECTIVITY} from true, Ignoring...
09-17 19:04:34.161 D/WifiNative(  702): interfaceLinkStateChanged: ifaceName=wlan0, mInterfaceId = 0, mIfaceMgr={0=Iface:{Name=wlan0,Id=0,Type=STA_CONNECTIVITY}}
09-17 19:04:34.161 I/netd    (  401): interfaceGetCfg(wlan0) -> {InterfaceConfigurationParcel{ifName: wlan0, hwAddr: fa:e8:2d:e9:3d:1f, ipv4Addr: 0.0.0.0, prefixLength: 0, flags: [up, broadcast, multicast]}} <0.21ms>
09-17 19:04:34.161 D/wpa_supplicant( 1178): nl80211: Associated on 2427 MHz
09-17 19:04:34.161 D/wpa_supplicant( 1178): nl80211: Associated with 74:03:bd:f8:3e:00
09-17 19:04:34.162 V/WifiNative(  702): Interface status unchanged on Iface:{Name=wlan0,Id=0,Type=STA_CONNECTIVITY} from true, Ignoring...
09-17 19:04:34.162 D/wpa_supplicant( 1178): nl80211: Set drv->ssid based on scan res info to 'HyokaT-Buffalo-B_2.4GHz'
09-17 19:04:34.162 D/wpa_supplicant( 1178): wlan0: Event ASSOC (0) received
09-17 19:04:34.162 D/wpa_supplicant( 1178): wlan0: Association info event
09-17 19:04:34.162 D/wpa_supplicant( 1178): req_ies - hexdump(len=149): 00 17 48 79 6f 6b 61 54 2d 42 75 66 66 61 6c 6f 2d 42 5f 32 2e 34 47 48 7a 01 08 02 04 0b 16 0c ...
09-17 19:04:34.162 D/wpa_supplicant( 1178): resp_ies - hexdump(len=165): 01 08 82 84 8b 96 24 30 48 6c 32 04 0c 12 18 60 35 01 00 41 01 00 46 05 72 00 01 00 00 2d 1a 2d ...
09-17 19:04:34.162 D/wpa_supplicant( 1178): wlan0: freq=2427 MHz
09-17 19:04:34.162 D/wpa_supplicant( 1178):  IE indicates 320 supported: 0, 160 supported: 0, 80+80 supported: 0
09-17 19:04:34.162 D/wpa_supplicant( 1178):  overall operation CBW: 1
09-17 19:04:34.162 D/wpa_supplicant( 1178): WPA: set own WPA/RSN IE - hexdump(len=22): 30 14 01 00 00 0f ac 04 01 00 00 0f ac 04 01 00 00 0f ac 02 80 00
09-17 19:04:34.162 D/wpa_supplicant( 1178): wlan0: RSN: clearing own RSNXE
09-17 19:04:34.162 D/wpa_supplicant( 1178): wlan0: State: ASSOCIATING -> ASSOCIATED
09-17 19:04:34.162 D/wpa_supplicant( 1178): nl80211: Set wlan0 operstate 0->0 (DORMANT)
09-17 19:04:34.162 D/wpa_supplicant( 1178): netlink: Operstate: ifindex=16 linkmode=-1 (no change), operstate=5 (IF_OPER_DORMANT)
09-17 19:04:34.162 D/wpa_supplicant( 1178): Notifying state change event to aidl control: 6
09-17 19:04:34.162 I/wpa_supplicant( 1178): assoc key_mgmt 0x2 network key_mgmt 0x142
09-17 19:04:34.162 D/SupplicantStaIfaceHalAidlImpl(  702): ISupplicantStaIfaceCallback.onStateChanged: newState=ASSOCIATED, bssid=74:03:bd:f8:3e:00, ssid="HyokaT-Buffalo-B_2.4GHz", filsHlpSent=false, supplicantKeyMgmtMask=0x00000002, frameworkKeyMgmtMask={1}, frequencyMhz=2427 received
09-17 19:04:34.163 D/SupplicantStateTracker[wlan0](  702): HandshakeState{ when=0 what=147462 obj= ssid: "HyokaT-Buffalo-B_2.4GHz" bssid: 74:03:bd:f8:3e:00 nid: 4 frequencyMhz: 2427 state: ASSOCIATED target=com.android.wifi.x.com.android.internal.util.StateMachine$SmHandler }
09-17 19:04:34.163 D/wpa_supplicant( 1178): wlan0: Associated to a new BSS: BSSID=74:03:bd:f8:3e:00
09-17 19:04:34.163 D/wpa_supplicant( 1178): Notifying bssid changed to aidl control
09-17 19:04:34.163 D/SupplicantStaIfaceHalAidlImpl(  702): ISupplicantStaIfaceCallback.onBssidChanged received
09-17 19:04:34.163 I/wpa_supplicant( 1178): wlan0: Associated with 74:03:bd:f8:3e:00
09-17 19:04:34.163 D/wpa_supplicant( 1178): wlan0: WPA: Association event - clear replay counter
09-17 19:04:34.163 D/wpa_supplicant( 1178): wlan0: WPA: Clear old PTK
09-17 19:04:34.163 D/wpa_supplicant( 1178): TDLS: Remove peers on association
09-17 19:04:34.163 D/SupplicantStateTracker(  702): Queuing broadcast=SUPPLICANT_STATE_CHANGED_ACTION state=ASSOCIATED failedAuth=false reasonCode=0
09-17 19:04:34.163 D/wpa_supplicant( 1178): EAPOL: External notification - portEnabled=0
09-17 19:04:34.163 D/SupplicantStateTracker(  702): Sending broadcast=SUPPLICANT_STATE_CHANGED_ACTION state=ASSOCIATED failedAuth=false reasonCode=0
09-17 19:04:34.163 D/wpa_supplicant( 1178): EAPOL: External notification - portValid=0
09-17 19:04:34.163 D/wpa_supplicant( 1178): EAPOL: External notification - EAP success=0
09-17 19:04:34.163 D/wpa_supplicant( 1178): EAPOL: External notification - portEnabled=1
09-17 19:04:34.163 D/wpa_supplicant( 1178): EAPOL: SUPP_PAE entering state CONNECTING
09-17 19:04:34.163 D/wpa_supplicant( 1178): EAPOL: SUPP_BE entering state IDLE
09-17 19:04:34.163 D/wpa_supplicant( 1178): wlan0: Setting authentication timeout: 10 sec 0 usec
09-17 19:04:34.163 D/wpa_supplicant( 1178): wlan0: Cancelling scan request
09-17 19:04:34.164 D/wpa_supplicant( 1178): WMM AC: AC mandatory: AC_BE=0 AC_BK=0 AC_VI=0 AC_VO=0
09-17 19:04:34.164 D/wpa_supplicant( 1178): WMM AC: U-APSD queues=0x0
09-17 19:04:34.164 D/wpa_supplicant( 1178): WMM AC: Valid WMM association, WMM AC is enabled
09-17 19:04:34.164 I/wpa_supplicant( 1178): wlan0: CTRL-EVENT-SUBNET-STATUS-UPDATE status=0
09-17 19:04:34.164 D/wpa_supplicant( 1178): nl80211: Drv Event 46 (NL80211_CMD_CONNECT) received for wlan0
09-17 19:04:34.164 D/wpa_supplicant( 1178): nl80211: Ignore connect event (cmd=46) when using userspace SME
09-17 19:04:34.164 D/WifiClientModeImpl[17921:wlan0](  702): sendNetworkChangeBroadcast oldState=CONNECTING newState=CONNECTING hidden=false
09-17 19:04:34.164 D/WifiScoreCard(  702): Changing state to ASSOCIATED SSID: "HyokaT-Buffalo-B_2.4GHz", BSSID: 74:03:bd:f8:3e:00, MAC: fa:e8:2d:e9:3d:1f, IP: null, Security type: 2, Supplicant state: ASSOCIATING, Wi-Fi standard: 4, RSSI: -127, Link speed: -1Mbps, Tx Link speed: -1Mbps, Max Supported Tx Link speed: -1Mbps, Rx Link speed: -1Mbps, Max Supported Rx Link speed: -1Mbps, Frequency: 2427MHz, Net ID: 4, Metered hint: false, score: 0, isUsable: true, CarrierMerged: false, SubscriptionId: -1, IsPrimary: 1, Trusted: true, Restricted: false, Ephemeral: false, OEM paid: false, OEM private: false, OSU AP: false, FQDN: <none>, Provider friendly name: <none>, Requesting package name: <none><none>MLO Information: , Is TID-To-Link negotiation supported by the AP: false, AP MLD Address: <none>, AP MLO Link Id: <none>, AP MLO Affiliated links: <none>
09-17 19:04:34.165 D/WifiThroughputPredictor(  702):  airTime20: 255 airTime: 255
