09-17 19:04:58.465 I/kernel  ( 2441): [ 1791.098800][A8303-1_Driver] addr:0x08,  i2c status:0x1b from 0x1b
09-17 19:04:58.487 I/webapi-ssdp( 3947): SsdpDeviceJni_startServers iIpCount:2
09-17 19:04:58.487 I/webapi-ssdp( 3947): SsdpDeviceJni_startServers ipAddressList[0] = 192.168.11.2
09-17 19:04:58.487 I/webapi-ssdp( 3947): SsdpDeviceJni_startServers ipAddressList[1] = 192.168.11.2
09-17 19:04:58.487 I/webapi-ssdp( 3947): SsdpDeviceJni_startServers ipAddressList set done
09-17 19:04:58.487 I/webapi-ssdp( 3947): SsdpDevice::StartServers ########## HTTP -> SSDP: PORT == 4480
09-17 19:04:58.487 E/webapi-ssdp( 3947): ipAddressList[n] deleted
09-17 19:04:58.647 D/wpa_supplicant( 1178): nl80211: Drv Event 103 (NL80211_CMD_VENDOR) received for wlan0
09-17 19:04:58.647 D/WifiHAL (  586): event received NL80211_CMD_VENDOR, vendor_id = 0xce7, subcmd = 0x99
09-17 19:04:58.647 D/wpa_supplicant( 1178): nl80211: Vendor event: wiphy=0 vendor_id=0xce7 subcmd=153
09-17 19:04:58.647 D/wpa_supplicant( 1178): nl80211: Ignore unsupported vendor event
09-17 19:04:58.647 D/wpa_supplicant( 1178): RTM_NEWLINK: ifi_index=16 ifname=wlan0 wext ifi_family=0 ifi_flags=0x11043 ([UP][RUNNING][LOWER_UP])
09-17 19:04:58.648 D/wpa_supplicant( 1178): nl80211: Drv Event 103 (NL80211_CMD_VENDOR) received for wlan0
09-17 19:04:58.648 D/wpa_supplicant( 1178): nl80211: Vendor event: wiphy=0 vendor_id=0xce7 subcmd=12
09-17 19:04:58.648 D/wpa_supplicant( 1178): nl80211: Ignore unsupported vendor event
09-17 19:04:58.648 D/IpClient/wlan0( 1395): interfaceLinkStateChanged: ifindex 16 up
09-17 19:04:58.648 D/WifiHAL (  586): event received NL80211_CMD_VENDOR, vendor_id = 0xce7, subcmd = 0xc
09-17 19:04:58.648 D/wpa_supplicant( 1178): nl80211: Drv Event 34 (NL80211_CMD_NEW_SCAN_RESULTS) received for wlan0
09-17 19:04:58.648 D/wpa_supplicant( 1178): wlan0: nl80211: New scan results available
09-17 19:04:58.648 D/WifiHAL (  586): event received NL80211_CMD_NEW_SCAN_RESULTS
09-17 19:04:58.648 D/wpa_supplicant( 1178): nl80211: Scan probed for SSID ''
09-17 19:04:58.648 D/wpa_supplicant( 1178): nl80211: Scan probed for SSID 'HyokaT-Buffalo-B_2.4GHz'
09-17 19:04:58.648 D/wpa_supplicant( 1178): nl80211: Scan included frequencies: 2412 2417 2422 2427 2432 2437 2442 2447 2452 2457 2462 2467 2472 5180 5200 5220 5240 5260 5280 5300 5320 5500 5520 5540 5560 5580 5600 5620 5640 5660 5680 5700 5720 5955 5975 5995 6015 6035 6055 6075 6095 6115 6135 6155 6175 6195 6215 6235 6255 6275 6295 6315 6335 6355 6375 6395 6415
09-17 19:04:58.648 D/InterfaceObserverInternal(  702): Received interfaceLinkStateChanged, iface=wlan0 up=true
09-17 19:04:58.648 D/wpa_supplicant( 1178): wlan0: Event SCAN_RESULTS (3) received
09-17 19:04:58.648 D/InterfaceEventCallback(  702): onInterfaceLinkStateChanged, ifaceName=wlan0 up=true CurrentState=ConnectModeState
09-17 19:04:58.648 D/WifiNative(  702): interfaceLinkStateChanged: ifaceName=wlan0, mInterfaceId = 0, mIfaceMgr={0=Iface:{Name=wlan0,Id=0,Type=STA_CONNECTIVITY}}
09-17 19:04:58.649 I/netd    (  401): interfaceGetCfg(wlan0) -> {InterfaceConfigurationParcel{ifName: wlan0, hwAddr: fa:e8:2d:e9:3d:1f, ipv4Addr: 0.0.0.0, prefixLength: 0, flags: [up, broadcast, running, multicast]}} <0.18ms>
09-17 19:04:58.650 D/wpa_supplicant( 1178): nl80211: Received scan results (290 BSSes)
09-17 19:04:58.650 V/WifiNative(  702): Interface status unchanged on Iface:{Name=wlan0,Id=0,Type=STA_CONNECTIVITY} from true, Ignoring...
09-17 19:04:58.650 D/wpa_supplicant( 1178): nl80211: Scan results indicate BSS status with 74:03:bd:f8:3e:00 as associated
09-17 19:04:58.650 I/kernel  (  555): [ 1791.283224][wlan][555]scnFsmSteps:(SCN STATE) [SCAN]TRANSITION: [SCANNING] -> [IDLE]
09-17 19:04:58.650 D/WifiNl80211Manager(  702): Scan result ready event
09-17 19:04:58.650 I/kernel  ( 1178): [ 1791.283436][wlan][1178]mtk_cfg_get_txpower:(REQ WARN) STA doesn't support this function
09-17 19:04:58.650 I/kernel  (  555): [ 1791.284070][wlan][555]aisFsmSteps:(AIS STATE) [AIS0] TRANSITION: [ONLINE_SCAN] -> [NORMAL_TR]
09-17 19:04:58.650 D/WifiNative(  702): Scan result ready event
09-17 19:04:58.651 I/kernel  ( 1178): [ 1791.284516][wlan][1178]mtk_cfg_get_txpower:(REQ WARN) STA doesn't support this function
09-17 19:04:58.652 D/wpa_supplicant( 1178): wlan0: BSS: Start scan result update 155
09-17 19:04:58.652 D/wpa_supplicant( 1178): wlan0: BSS: Remove id 41398 BSSID 1c:d1:e0:de:14:6f SSID 'SWingS' due to wpa_bss_remove_oldest_unknown
09-17 19:04:58.653 D/wpa_supplicant( 1178): wlan0: BSS: Add new id 41597 BSSID 84:e8:cb:5e:3a:21 SSID 'BF_AP29_6_192bit' freq 6215
09-17 19:04:58.653 D/wpa_supplicant( 1178): wlan0: BSS: Remove id 41399 BSSID 18:c2:bf:f3:2e:58 SSID 'HyokaT-Buffalo-A_2.4GHz' due to wpa_bss_remove_oldest_unknown
09-17 19:04:58.653 D/wpa_supplicant( 1178): wlan0: BSS: Add new id 41598 BSSID 3e:52:a1:74:20:33 SSID '' freq 5220
09-17 19:04:58.653 D/wpa_supplicant( 1178): wlan0: BSS: Remove id 41400 BSSID 60:84:bd:08:27:f8 SSID 'HyokaT-Free_Common' due to wpa_bss_remove_oldest_unknown
09-17 19:04:58.653 D/wpa_supplicant( 1178): wlan0: BSS: Add new id 41599 BSSID 84:e8:cb:5e:3a:11 SSID '' freq 5180
09-17 19:04:58.653 D/wpa_supplicant( 1178): wlan0: BSS: Remove id 41401 BSSID 34:3d:c4:f1:46:87 SSID 'Devlink-Buffalo1900-5G' due to wpa_bss_remove_oldest_unknown
09-17 19:04:58.653 D/wpa_supplicant( 1178): wlan0: BSS: Add new id 41600 BSSID 3c:52:a1:54:20:32 SSID 'TP-Link_PFM1' freq 5220
09-17 19:04:58.653 D/wpa_supplicant( 1178): wlan0: BSS: Remove id 41402 BSSID 88:57:ee:7d:e2:b7 SSID 'Buffalo-A-E2BE' due to wpa_bss_remove_oldest_unknown
09-17 19:04:58.653 D/wpa_supplicant( 1178): wlan0: BSS: Add new id 41601 BSSID bc:fc:e7:22:2c:ed SSID 'BDDE261C63DA4B894A6B9214B6BE23D2' freq 5680 MLD ADDR 02:fc:e7:22:2c:ec
09-17 19:04:58.653 D/wpa_supplicant( 1178): wlan0: BSS: Remove id 41403 BSSID 3c:52:a1:54:20:33 SSID 'TP-Link_PFM1' due to wpa_bss_remove_oldest_unknown
09-17 19:04:58.653 D/wpa_supplicant( 1178): wlan0: BSS: Add new id 41602 BSSID be:fc:e7:32:2c:ed SSID 'AS_5' freq 5680
09-17 19:04:58.653 D/wpa_supplicant( 1178): wlan0: BSS: Remove id 41404 BSSID bc:fc:e7:22:2c:ec SSID 'BDDE261C63DA4B894A6B9214B6BE23D2' due to wpa_bss_remove_oldest_unknown
09-17 19:04:58.653 D/wpa_supplicant( 1178): wlan0: BSS: Add new id 41603 BSSID 3a:97:a4:64:cb:56 SSID 'elecom-s-64cb54' freq 5220
09-17 19:04:58.653 D/wpa_supplicant( 1178): wlan0: BSS: Remove id 41405 BSSID be:fc:e7:12:2c:ec SSID 'AS_2' due to wpa_bss_remove_oldest_unknown
09-17 19:04:58.653 D/wpa_supplicant( 1178): wlan0: BSS: Add new id 41604 BSSID 50:eb:f6:02:ea:84 SSID 'ASUS_80' freq 5180
09-17 19:04:58.653 D/wpa_supplicant( 1178): wlan0: BSS: Remove id 41406 BSSID a8:46:9d:38:ec:90 SSID '' due to wpa_bss_remove_oldest_unknown
09-17 19:04:58.653 D/wpa_supplicant( 1178): wlan0: BSS: Add new id 41605 BSSID d4:2c:46:c9:c9:12 SSID 'BaseApp-16F-5G' freq 5220
09-17 19:04:58.653 D/wpa_supplicant( 1178): wlan0: BSS: Remove id 41407 BSSID 3e:52:a1:24:20:33 SSID '' due to wpa_bss_remove_oldest_unknown
09-17 19:04:58.653 D/wpa_supplicant( 1178): wlan0: BSS: Add new id 41606 BSSID 96:46:8d:38:ec:90 SSID '' freq 5180
09-17 19:04:58.653 D/wpa_supplicant( 1178): wlan0: BSS: Remove id 41408 BSSID 50:eb:f6:02:ea:80 SSID 'ASUS_80' due to wpa_bss_remove_oldest_unknown
09-17 19:04:58.653 D/wpa_supplicant( 1178): wlan0: BSS: Add new id 41607 BSSID 38:97:a4:64:cb:56 SSID 'elecom-64cb54' freq 5220
09-17 19:04:58.654 D/wpa_supplicant( 1178): wlan0: BSS: Remove id 41409 BSSID 38:97:a4:64:cb:55 SSID 'elecom-64cb54' due to wpa_bss_remove_oldest_unknown
09-17 19:04:58.654 D/wpa_supplicant( 1178): wlan0: BSS: Add new id 41608 BSSID aa:46:8d:38:ec:90 SSID 'sys2_performance' freq 5180
09-17 19:04:58.654 D/wpa_supplicant( 1178): wlan0: BSS: Remove id 41410 BSSID 24:4b:fe:d1:4b:60 SSID 'ASUS-G-0316f' due to wpa_bss_remove_oldest_unknown
09-17 19:04:58.654 D/wpa_supplicant( 1178): wlan0: BSS: Add new id 41609 BSSID 50:eb:f6:a9:3b:ec SSID 'ASUS_ber7_5G' freq 5200
09-17 19:04:58.654 D/wpa_supplicant( 1178): wlan0: BSS: Remove id 41411 BSSID 50:eb:f6:a9:3b:e8 SSID 'ASUS_ber7' due to wpa_bss_remove_oldest_unknown
09-17 19:04:58.654 D/wpa_supplicant( 1178): wlan0: BSS: Add new id 41610 BSSID 24:4b:fe:d1:4b:64 SSID 'ASUS-A-0316f' freq 5200
09-17 19:04:58.654 D/wpa_supplicant( 1178): wlan0: BSS: Remove id 41412 BSSID 3a:97:a4:64:cb:55 SSID 'elecom-s-64cb54' due to wpa_bss_remove_oldest_unknown
09-17 19:04:58.654 D/wpa_supplicant( 1178): wlan0: BSS: Add new id 41611 BSSID 24:4b:fe:b6:b0:54 SSID 'Neu_vpn' freq 5500
09-17 19:04:58.654 D/wpa_supplicant( 1178): wlan0: BSS: Remove id 41413 BSSID e4:4e:2d:7b:a3:60 SSID 'SWingS' due to wpa_bss_remove_oldest_unknown
09-17 19:04:58.654 D/wpa_supplicant( 1178): wlan0: BSS: Add new id 41612 BSSID e4:4e:2d:7b:a3:6f SSID 'SWingS' freq 5260
09-17 19:04:58.654 D/wpa_supplicant( 1178): wlan0: BSS: Remove id 41414 BSSID e4:4e:2d:64:5e:60 SSID 'SWingS' due to wpa_bss_remove_oldest_unknown
09-17 19:04:58.654 D/wpa_supplicant( 1178): wlan0: BSS: Add new id 41613 BSSID e4:4e:2d:64:5e:6b SSID 'SWing' freq 5500
09-17 19:04:58.654 D/wpa_supplicant( 1178): wlan0: BSS: Remove id 41415 BSSID 6e:b2:27:1f:4e:dc SSID '' due to wpa_bss_remove_oldest_unknown
09-17 19:04:58.654 D/wpa_supplicant( 1178): wlan0: BSS: Add new id 41614 BSSID e4:4e:2d:64:5e:6d SSID '' freq 5500
09-17 19:04:58.654 D/wpa_supplicant( 1178): wlan0: BSS: Remove id 41416 BSSID 6e:b2:27:dd:d7:fd SSID '' due to wpa_bss_remove_oldest_unknown
09-17 19:04:58.654 D/wpa_supplicant( 1178): wlan0: BSS: Add new id 41615 BSSID e4:4e:2d:64:5e:6f SSID 'SWingS' freq 5500
09-17 19:04:58.654 D/wpa_supplicant( 1178): wlan0: BSS: Remove id 41417 BSSID 6e:b2:27:22:da:1c SSID '' due to wpa_bss_remove_oldest_unknown
09-17 19:04:58.654 D/wpa_supplicant( 1178): wlan0: BSS: Add new id 41616 BSSID e4:4e:2d:7b:a3:6d SSID '' freq 5260
09-17 19:04:58.654 D/wpa_supplicant( 1178): wlan0: BSS: Remove id 41418 BSSID 6e:b2:27:1a:f3:66 SSID '' due to wpa_bss_remove_oldest_unknown
09-17 19:04:58.654 D/wpa_supplicant( 1178): wlan0: BSS: Add new id 41617 BSSID 1c:b1:7f:e0:1d:3f SSID 'Aterm-WG1400HP_A' freq 5180
09-17 19:04:58.654 D/wpa_supplicant( 1178): wlan0: BSS: Remove id 41419 BSSID 6e:b2:27:86:c5:be SSID '' due to wpa_bss_remove_oldest_unknown
09-17 19:04:58.654 D/wpa_supplicant( 1178): wlan0: BSS: Add new id 41618 BSSID ec:1a:59:5c:7b:f8 SSID 'IPv6_dual_5GHz' freq 5180
09-17 19:04:58.654 D/wpa_supplicant( 1178): wlan0: BSS: Remove id 41420 BSSID ec:1a:59:5c:7b:f6 SSID 'IPv6_dual_2.4GHz' due to wpa_bss_remove_oldest_unknown
09-17 19:04:58.654 D/wpa_supplicant( 1178): wlan0: BSS: Add new id 41619 BSSID 58:ef:68:ab:66:e4 SSID 'Linksys18401_5Ghz' freq 5240
09-17 19:04:58.654 D/wpa_supplicant( 1178): wlan0: BSS: Remove id 41421 BSSID c0:25:a2:df:54:7e SSID 'HyokaT-NEC_2.4GHz' due to wpa_bss_remove_oldest_unknown
09-17 19:04:58.655 D/wpa_supplicant( 1178): wlan0: BSS: Add new id 41620 BSSID 58:52:8a:47:85:a1 SSID 'rs500m-47859f-3' freq 5320
09-17 19:04:58.655 D/wpa_supplicant( 1178): wlan0: BSS: Remove id 41422 BSSID 6e:b2:27:86:b8:4f SSID '' due to wpa_bss_remove_oldest_unknown
09-17 19:04:58.655 D/wpa_supplicant( 1178): wlan0: BSS: Add new id 41621 BSSID 6c:e4:da:e2:f9:9b SSID 'DevlinkAterm5g' freq 5580
09-17 19:04:58.655 D/wpa_supplicant( 1178): wlan0: BSS: Remove id 41423 BSSID d4:2c:46:c9:c9:0a SSID 'BaseApp-16F-2G-WPA3' due to wpa_bss_remove_oldest_unknown
09-17 19:04:58.655 D/wpa_supplicant( 1178): wlan0: BSS: Add new id 41622 BSSID 60:84:bd:08:27:f0 SSID 'HyokaT-Free_Common' freq 5220
09-17 19:04:58.655 D/wpa_supplicant( 1178): wlan0: BSS: Remove id 41424 BSSID 1c:b1:7f:2e:09:0b SSID 'veri-video-5a' due to wpa_bss_remove_oldest_unknown
09-17 19:04:58.655 D/wpa_supplicant( 1178): wlan0: BSS: Add new id 41623 BSSID c0:25:a2:df:54:7f SSID 'HyokaT-NEC_5GHz' freq 5180
09-17 19:04:58.655 D/wpa_supplicant( 1178): wlan0: BSS: Remove id 41425 BSSID 1c:d1:e0:d5:75:00 SSID 'SWingS' due to wpa_bss_remove_oldest_unknown
09-17 19:04:58.655 D/wpa_supplicant( 1178): wlan0: BSS: Add new id 41624 BSSID 74:03:bd:d2:43:d7 SSID 'DevlinkBT16F_Buffalo5' freq 5240
09-17 19:04:58.655 D/wpa_supplicant( 1178): wlan0: BSS: Remove id 41426 BSSID d4:2c:46:c9:c9:09 SSID 'BaseApp-16F-2G' due to wpa_bss_remove_oldest_unknown
09-17 19:04:58.655 D/wpa_supplicant( 1178): wlan0: BSS: Add new id 41625 BSSID 08:10:86:0c:e0:53 SSID 'PerformanceWiFi-a' freq 5180
09-17 19:04:58.655 D/wpa_supplicant( 1178): wlan0: BSS: Remove id 41427 BSSID 24:4b:fe:b6:b0:50 SSID 'Neu_vpn' due to wpa_bss_remove_oldest_unknown
09-17 19:04:58.655 D/wpa_supplicant( 1178): wlan0: BSS: Add new id 41626 BSSID 80:22:a7:26:9c:67 SSID 'arch-16f-a' freq 5180
09-17 19:04:58.655 D/wpa_supplicant( 1178): wlan0: BSS: Remove id 41428 BSSID 1c:d1:e0:d5:75:04 SSID 'SWing' due to wpa_bss_remove_oldest_unknown
09-17 19:04:58.655 D/wpa_supplicant( 1178): wlan0: BSS: Add new id 41627 BSSID 60:84:bd:9e:81:7c SSID 'Buffalo-A-8178' freq 5220
09-17 19:04:58.655 D/wpa_supplicant( 1178): wlan0: BSS: Remove id 41429 BSSID 1c:d1:e0:d5:75:02 SSID '' due to wpa_bss_remove_oldest_unknown
09-17 19:04:58.655 D/wpa_supplicant( 1178): wlan0: BSS: Add new id 41628 BSSID 18:c2:bf:f3:2e:50 SSID 'HyokaT-Buffalo-A_2.4GHz' freq 5200
09-17 19:04:58.655 D/wpa_supplicant( 1178): wlan0: BSS: Remove id 41430 BSSID e4:4e:2d:7c:49:02 SSID '' due to wpa_bss_remove_oldest_unknown
09-17 19:04:58.655 D/wpa_supplicant( 1178): wlan0: BSS: Add new id 41629 BSSID c0:25:a2:c9:2b:53 SSID 'devlink-aterm-wg1800hp2-5g' freq 5180
09-17 19:04:58.655 D/wpa_supplicant( 1178): wlan0: BSS: Remove id 41431 BSSID e4:4e:2d:7c:49:00 SSID 'SWingS' due to wpa_bss_remove_oldest_unknown
09-17 19:04:58.655 D/wpa_supplicant( 1178): wlan0: BSS: Add new id 41630 BSSID c0:25:a2:7a:43:c7 SSID 'MIB-16F-P17W-a' freq 5580
09-17 19:04:58.655 D/wpa_supplicant( 1178): wlan0: BSS: Remove id 41432 BSSID e4:4e:2d:64:30:c2 SSID '' due to wpa_bss_remove_oldest_unknown
09-17 19:04:58.655 D/wpa_supplicant( 1178): wlan0: BSS: Add new id 41631 BSSID 98:f1:99:67:fa:53 SSID 'aterm-a07850-a' freq 5180
09-17 19:04:58.655 D/wpa_supplicant( 1178): wlan0: BSS: Remove id 41433 BSSID 6e:b2:27:b1:dc:f2 SSID '' due to wpa_bss_remove_oldest_unknown
09-17 19:04:58.655 D/wpa_supplicant( 1178): wlan0: BSS: Add new id 41632 BSSID e4:4e:2d:7b:a3:6b SSID 'SWing' freq 5260
09-17 19:04:58.655 D/wpa_supplicant( 1178): wlan0: BSS: Remove id 41434 BSSID 6e:b2:27:7a:0a:c7 SSID '' due to wpa_bss_remove_oldest_unknown
09-17 19:04:58.656 D/wpa_supplicant( 1178): wlan0: BSS: Add new id 41633 BSSID 84:af:ec:c1:df:3c SSID 'Buffalo-A-DF38' freq 5180
09-17 19:04:58.656 D/wpa_supplicant( 1178): wlan0: BSS: Remove id 41435 BSSID 6e:b2:27:de:13:aa SSID '' due to wpa_bss_remove_oldest_unknown
09-17 19:04:58.656 D/wpa_supplicant( 1178): wlan0: BSS: Add new id 41634 BSSID 10:4b:46:d8:31:75 SSID 'pr500m-d83173-3' freq 5320
09-17 19:04:58.656 D/wpa_supplicant( 1178): wlan0: BSS: Remove id 41436 BSSID 58:52:8a:47:85:a2 SSID 'rs500m-47859f-1' due to wpa_bss_remove_oldest_unknown
09-17 19:04:58.656 D/wpa_supplicant( 1178): wlan0: BSS: Add new id 41635 BSSID c4:3c:ea:6c:7b:99 SSID 'Buffalo-A-7B90' freq 5180
09-17 19:04:58.656 D/wpa_supplicant( 1178): wlan0: BSS: Remove id 41437 BSSID 60:84:bd:9e:81:78 SSID 'Buffalo-G-8178' due to wpa_bss_remove_oldest_unknown
09-17 19:04:58.656 D/wpa_supplicant( 1178): wlan0: BSS: Add new id 41636 BSSID c4:3c:ea:6c:7b:98 SSID '' freq 5180
09-17 19:04:58.656 D/wpa_supplicant( 1178): wlan0: BSS: Remove id 41438 BSSID 5a:52:8a:47:85:a2 SSID 'rs500m-47859f-2' due to wpa_bss_remove_oldest_unknown
09-17 19:04:58.656 D/wpa_supplicant( 1178): wlan0: BSS: Add new id 41637 BSSID c4:3c:ea:6c:7b:9a SSID 'Buffalo-A-7B90-WPA3' freq 5180
09-17 19:04:58.656 D/wpa_supplicant( 1178): wlan0: BSS: Remove id 41439 BSSID 1c:b1:7f:e0:1d:3e SSID 'Aterm-WG1400HP_G' due to wpa_bss_remove_oldest_unknown
09-17 19:04:58.656 D/wpa_supplicant( 1178): wlan0: BSS: Add new id 41638 BSSID 48:f8:b3:a5:e4:ff SSID 'Devlink_Linksys_5GHz' freq 5180
09-17 19:04:58.656 D/wpa_supplicant( 1178): wlan0: BSS: Remove id 41440 BSSID 34:3d:c4:f1:46:80 SSID 'Devlink-Buffalo1900-2G' due to wpa_bss_remove_oldest_unknown
09-17 19:04:58.656 D/wpa_supplicant( 1178): wlan0: BSS: Add new id 41639 BSSID 34:97:f6:01:f4:cc SSID 'PJINTEG-012-A-CTSRoom' freq 5220
09-17 19:04:58.656 D/wpa_supplicant( 1178): wlan0: BSS: Remove id 41441 BSSID 60:84:bd:08:27:e8 SSID 'HyokaT-Free_Common' due to wpa_bss_remove_oldest_unknown
09-17 19:04:58.656 D/wpa_supplicant( 1178): wlan0: BSS: Add new id 41640 BSSID 88:57:ee:2c:18:d7 SSID 'Buffalo-A-18D5' freq 5240
09-17 19:04:58.656 D/wpa_supplicant( 1178): wlan0: BSS: Remove id 41442 BSSID 48:f8:b3:a5:e4:fe SSID 'Devlink_Linksys_2GHz' due to wpa_bss_remove_oldest_unknown
09-17 19:04:58.656 D/wpa_supplicant( 1178): wlan0: BSS: Add new id 41641 BSSID ec:5a:31:ac:ab:11 SSID '_b2b_wpa3_192' freq 5180
09-17 19:04:58.656 D/wpa_supplicant( 1178): wlan0: BSS: Remove id 41443 BSSID 74:03:bd:d2:43:d0 SSID 'DevlinkBT16F_Buffalo24' due to wpa_bss_remove_oldest_unknown
09-17 19:04:58.656 D/wpa_supplicant( 1178): wlan0: BSS: Add new id 41642 BSSID 34:3d:c4:1e:98:68 SSID 'Buffalo-A-9866' freq 5320
09-17 19:04:58.656 D/wpa_supplicant( 1178): wlan0: BSS: Remove id 41444 BSSID 58:ef:68:ab:66:e3 SSID 'Linksys18401_2.4GHz' due to wpa_bss_remove_oldest_unknown
09-17 19:04:58.656 D/wpa_supplicant( 1178): wlan0: BSS: Add new id 41643 BSSID b0:be:76:a0:3d:53 SSID 'TP-Link_3D54' freq 5240
09-17 19:04:58.656 D/wpa_supplicant( 1178): wlan0: BSS: Remove id 41445 BSSID 18:c2:bf:f3:2e:48 SSID 'HyokaT-Buffalo-A_2.4GHz' due to wpa_bss_remove_oldest_unknown
09-17 19:04:58.656 D/wpa_supplicant( 1178): wlan0: BSS: Add new id 41644 BSSID 18:c2:bf:c3:90:20 SSID 'PJInteg-CTSRoom' freq 5620
09-17 19:04:58.656 D/wpa_supplicant( 1178): wlan0: BSS: Remove id 41446 BSSID c0:25:a2:c9:2b:52 SSID 'devlink-aterm-wg1800hp2-2g' due to wpa_bss_remove_oldest_unknown
09-17 19:04:58.656 D/wpa_supplicant( 1178): wlan0: BSS: Add new id 41645 BSSID 58:52:8a:68:27:06 SSID 'PJINTEG-015-A-NotUseForCTS' freq 5320
09-17 19:04:58.657 D/wpa_supplicant( 1178): wlan0: BSS: Remove id 41447 BSSID 6c:e4:da:e2:f9:9a SSID 'DevlinkAterm2g' due to wpa_bss_remove_oldest_unknown
09-17 19:04:58.657 D/wpa_supplicant( 1178): wlan0: BSS: Add new id 41646 BSSID b6:be:76:a0:3d:53 SSID '' freq 5240
09-17 19:04:58.657 D/wpa_supplicant( 1178): wlan0: BSS: Remove id 41448 BSSID 80:22:a7:26:9c:66 SSID 'arch-16f-g' due to wpa_bss_remove_oldest_unknown
09-17 19:04:58.657 D/wpa_supplicant( 1178): wlan0: BSS: Add new id 41647 BSSID b0:be:76:92:b4:6b SSID 'TP-Link_B46C_5G' freq 5220
09-17 19:04:58.657 D/wpa_supplicant( 1178): wlan0: BSS: Remove id 41449 BSSID 08:10:86:0c:e0:52 SSID 'PerformanceWiFi-g' due to wpa_bss_remove_oldest_unknown
09-17 19:04:58.657 D/wpa_supplicant( 1178): wlan0: BSS: Add new id 41648 BSSID 18:c2:bf:c3:90:10 SSID 'PJInteg-CTSRoom' freq 5200
09-17 19:04:58.657 D/wpa_supplicant( 1178): wlan0: BSS: Remove id 41450 BSSID 08:10:86:a2:8f:9a SSID 'SPW_X11_d1ef0b' due to wpa_bss_remove_oldest_unknown
09-17 19:04:58.657 D/wpa_supplicant( 1178): wlan0: BSS: Add new id 41649 BSSID ec:5a:31:ac:ab:21 SSID '_b2b_wpa3_192' freq 6135
09-17 19:04:58.657 D/wpa_supplicant( 1178): wlan0: BSS: Remove id 41451 BSSID 88:57:ee:2c:18:d6 SSID 'Buffalo-G-18D5' due to wpa_bss_remove_oldest_unknown
09-17 19:04:58.657 D/wpa_supplicant( 1178): wlan0: BSS: Add new id 41650 BSSID 84:e8:cb:a3:c9:38 SSID 'Buffalo-5G-C930' freq 5260
09-17 19:04:58.657 D/wpa_supplicant( 1178): wlan0: BSS: Remove id 41452 BSSID 98:f1:99:67:fa:52 SSID 'aterm-a07850-g' due to wpa_bss_remove_oldest_unknown
09-17 19:04:58.657 D/wpa_supplicant( 1178): wlan0: BSS: Add new id 41651 BSSID d4:2c:46:1c:12:69 SSID 'Buffalo-A-1260' freq 5180
09-17 19:04:58.657 D/wpa_supplicant( 1178): wlan0: BSS: Remove id 41453 BSSID 84:af:ec:c1:df:38 SSID 'Neu_net' due to wpa_bss_remove_oldest_unknown
09-17 19:04:58.657 D/wpa_supplicant( 1178): wlan0: BSS: Add new id 41652 BSSID e4:4e:2d:7c:49:0b SSID 'SWing' freq 5540
09-17 19:04:58.657 D/wpa_supplicant( 1178): wlan0: BSS: Remove id 41454 BSSID 60:38:e0:55:f4:84 SSID 'HyokaT-Belkin_2.4GHz' due to wpa_bss_remove_oldest_unknown
09-17 19:04:58.657 D/wpa_supplicant( 1178): wlan0: BSS: Add new id 41653 BSSID 84:e8:cb:a3:c9:39 SSID '' freq 5260
09-17 19:04:58.657 D/wpa_supplicant( 1178): wlan0: BSS: Remove id 41455 BSSID 74:03:bd:b9:c5:f0 SSID 'Buffalo-G-C5FE' due to wpa_bss_remove_oldest_unknown
09-17 19:04:58.657 D/wpa_supplicant( 1178): wlan0: BSS: Add new id 41654 BSSID d4:2c:46:1c:12:6a SSID 'Buffalo-A-1260-WPA3' freq 5180
09-17 19:04:58.657 D/wpa_supplicant( 1178): wlan0: BSS: Remove id 41456 BSSID b0:be:76:92:b4:6c SSID 'TP-Link_B46C' due to wpa_bss_remove_oldest_unknown
09-17 19:04:58.657 D/wpa_supplicant( 1178): wlan0: BSS: Add new id 41655 BSSID 74:03:bd:b9:c5:f7 SSID 'Buffalo-A-C5FE' freq 5500
09-17 19:04:58.657 D/wpa_supplicant( 1178): wlan0: BSS: Remove id 41457 BSSID a6:12:42:87:dc:2c SSID 'pr500m-d83173-2' due to wpa_bss_remove_oldest_unknown
09-17 19:04:58.658 D/wpa_supplicant( 1178): wlan0: BSS: Add new id 41656 BSSID 2c:ff:65:00:7e:48 SSID 'rs500k-007e08-3' freq 5180
09-17 19:04:58.658 D/wpa_supplicant( 1178): wlan0: BSS: Remove id 41458 BSSID 1a:ed:b9:42:c9:a0 SSID 'DIRECT-Df-BRAVIA' due to wpa_bss_remove_oldest_unknown
09-17 19:04:58.658 D/wpa_supplicant( 1178): wlan0: BSS: Add new id 41657 BSSID 60:32:b1:21:cb:23 SSID 'TP-Link_CB24_5G' freq 5220
09-17 19:04:58.658 D/WifiNl80211Manager(  702): get 290 scan results from wificond
09-17 19:04:58.658 D/wpa_supplicant( 1178): wlan0: BSS: Remove id 41459 BSSID 34:3d:c4:1e:98:67 SSID 'Buffalo-G-9866' due to wpa_bss_remove_oldest_unknown
09-17 19:04:58.658 D/wpa_supplicant( 1178): wlan0: BSS: Add new id 41658 BSSID 2c:ff:65:00:0a:78 SSID 'rs500k-000a38-3' freq 5320
09-17 19:04:58.658 W/IE_Capabilities(  702): Unknown RSN cipher suite: 6ac0f00
09-17 19:04:58.658 D/wpa_supplicant( 1178): wlan0: BSS: Remove id 41460 BSSID b0:c7:45:d5:df:fc SSID 'Buffalo-G-DFFC' due to wpa_bss_remove_oldest_unknown
09-17 19:04:58.658 D/wpa_supplicant( 1178): wlan0: BSS: Add new id 41659 BSSID d4:2c:46:c9:c9:13 SSID 'BaseApp-16F-5G-WPA3' freq 5220
09-17 19:04:58.659 D/wpa_supplicant( 1178): wlan0: BSS: Remove id 41461 BSSID cc:e1:d5:77:c6:d0 SSID 'Buffalo-G-C6D0' due to wpa_bss_remove_oldest_unknown
09-17 19:04:58.659 D/wpa_supplicant( 1178): wlan0: BSS: Add new id 41660 BSSID e4:4e:2d:7b:bc:af SSID 'SWingS' freq 5660
09-17 19:04:58.659 D/wpa_supplicant( 1178): wlan0: BSS: Remove id 41462 BSSID 1c:b1:7f:2e:09:0a SSID 'veri-video-24g' due to wpa_bss_remove_oldest_unknown
09-17 19:04:58.659 D/wpa_supplicant( 1178): wlan0: BSS: Add new id 41661 BSSID 84:e8:cb:a3:c9:3a SSID 'Buffalo-5G-C930-WPA3' freq 5260
09-17 19:04:58.659 D/wpa_supplicant( 1178): wlan0: BSS: Remove id 41463 BSSID e4:4e:2d:a4:3b:2f SSID 'SWingS' due to wpa_bss_remove_oldest_unknown
09-17 19:04:58.659 D/wpa_supplicant( 1178): wlan0: BSS: Add new id 41662 BSSID 1c:d1:e0:dc:8e:4f SSID 'SWingS' freq 5580
09-17 19:04:58.659 D/wpa_supplicant( 1178): wlan0: BSS: Remove id 41464 BSSID e4:4e:2d:a4:3b:2d SSID '' due to wpa_bss_remove_oldest_unknown
09-17 19:04:58.659 D/wpa_supplicant( 1178): wlan0: BSS: Add new id 41663 BSSID 18:ec:e7:86:05:79 SSID 'arib-system-ax4-50' freq 5180
09-17 19:04:58.659 W/IE_Capabilities(  702): Unknown RSN cipher suite: 6ac0f00
09-17 19:04:58.659 D/wpa_supplicant( 1178): wlan0: BSS: Remove id 41465 BSSID a0:04:60:68:81:5f SSID 'HyokaT-Netgear_5GHz ' due to wpa_bss_remove_oldest_unknown
09-17 19:04:58.659 D/wpa_supplicant( 1178): wlan0: BSS: Add new id 41664 BSSID e4:4e:2d:a4:3b:2b SSID 'SWing' freq 5540
09-17 19:04:58.659 D/wpa_supplicant( 1178): wlan0: BSS: Remove id 41466 BSSID bc:fc:e7:22:2c:ee SSID 'BDDE261C63DA4B894A6B9214B6BE23D2' due to wpa_bss_remove_oldest_unknown
09-17 19:04:58.659 D/wpa_supplicant( 1178): wlan0: BSS: Add new id 41665 BSSID e4:4e:2d:a4:3b:2d SSID '' freq 5540
09-17 19:04:58.659 D/wpa_supplicant( 1178): wlan0: BSS: Remove id 41467 BSSID be:fc:e7:32:2c:ee SSID 'AS_6' due to wpa_bss_remove_oldest_unknown
09-17 19:04:58.659 D/wpa_supplicant( 1178): wlan0: BSS: Add new id 41666 BSSID e4:4e:2d:7c:49:0d SSID '' freq 5540
09-17 19:04:58.659 D/wpa_supplicant( 1178): wlan0: BSS: Remove id 41468 BSSID d4:2c:46:c9:c9:1b SSID 'BaseApp-16F-6G-WPA3' due to wpa_bss_remove_oldest_unknown
09-17 19:04:58.659 D/wpa_supplicant( 1178): wlan0: BSS: Add new id 41667 BSSID e4:4e:2d:7c:49:0f SSID 'SWingS' freq 5540
09-17 19:04:58.659 D/wpa_supplicant( 1178): wlan0: BSS: Remove id 41469 BSSID e4:4e:2d:7c:9c:a2 SSID '' due to wpa_bss_remove_oldest_unknown
09-17 19:04:58.659 D/wpa_supplicant( 1178): wlan0: BSS: Add new id 41668 BSSID e4:4e:2d:a4:62:2b SSID 'SWing' freq 5560
09-17 19:04:58.659 D/wpa_supplicant( 1178): wlan0: BSS: Remove id 41470 BSSID 6e:b2:27:67:20:53 SSID 'SurroundMaster_69fafe' due to wpa_bss_remove_oldest_unknown
09-17 19:04:58.659 D/wpa_supplicant( 1178): wlan0: BSS: Add new id 41669 BSSID e4:4e:2d:a4:62:2d SSID '' freq 5560
09-17 19:04:58.659 D/wpa_supplicant( 1178): wlan0: BSS: Remove id 41471 BSSID 6e:b2:27:ea:e1:0a SSID '' due to wpa_bss_remove_oldest_unknown
09-17 19:04:58.659 D/wpa_supplicant( 1178): wlan0: BSS: Add new id 41670 BSSID e4:4e:2d:a4:62:2f SSID 'SWingS' freq 5560
09-17 19:04:58.659 D/wpa_supplicant( 1178): wlan0: BSS: Remove id 41472 BSSID e4:4e:2d:79:8e:4d SSID '' due to wpa_bss_remove_oldest_unknown
09-17 19:04:58.659 D/wpa_supplicant( 1178): wlan0: BSS: Add new id 41671 BSSID 1c:d1:e0:d5:75:0b SSID 'SWing' freq 5580
09-17 19:04:58.660 D/wpa_supplicant( 1178): wlan0: BSS: Remove id 41473 BSSID e4:4e:2d:7c:9c:af SSID 'SWingS' due to wpa_bss_remove_oldest_unknown
09-17 19:04:58.660 D/wpa_supplicant( 1178): wlan0: BSS: Add new id 41672 BSSID 1c:d1:e0:d5:75:0d SSID '' freq 5580
09-17 19:04:58.660 D/wpa_supplicant( 1178): wlan0: BSS: Remove id 41474 BSSID e4:4e:2d:7c:9c:ab SSID 'SWing' due to wpa_bss_remove_oldest_unknown
09-17 19:04:58.660 D/wpa_supplicant( 1178): wlan0: BSS: Add new id 41673 BSSID 1c:d1:e0:d5:75:0f SSID 'SWingS' freq 5580
09-17 19:04:58.660 D/wpa_supplicant( 1178): wlan0: BSS: Remove id 41475 BSSID 4c:e6:76:fa:9c:e1 SSID 'PF_VPN_5GHz' due to wpa_bss_remove_oldest_unknown
09-17 19:04:58.660 D/wpa_supplicant( 1178): wlan0: BSS: Add new id 41674 BSSID e4:4e:2d:64:30:cf SSID 'SWingS' freq 5660
09-17 19:04:58.660 W/IE_Capabilities(  702): Unknown RSN cipher suite: 6ac0f00
09-17 19:04:58.660 D/wpa_supplicant( 1178): wlan0: BSS: Remove id 41476 BSSID e4:4e:2d:79:8e:4b SSID 'SWing' due to wpa_bss_remove_oldest_unknown
09-17 19:04:58.660 D/wpa_supplicant( 1178): wlan0: BSS: Add new id 41675 BSSID e4:4e:2d:64:30:cd SSID '' freq 5660
09-17 19:04:58.660 D/wpa_supplicant( 1178): wlan0: BSS: Remove id 41478 BSSID 04:f0:21:59:e8:e4 SSID 'r3001390' due to wpa_bss_remove_oldest_unknown
09-17 19:04:58.660 W/IE_Capabilities(  702): Unknown RSN cipher suite: 6ac0f00
09-17 19:04:58.660 D/wpa_supplicant( 1178): wlan0: BSS: Add new id 41676 BSSID 1c:d1:e0:dc:8e:4b SSID 'SWing' freq 5580
09-17 19:04:58.660 D/wpa_supplicant( 1178): wlan0: BSS: Remove id 41479 BSSID 1c:d1:e0:de:14:6d SSID '' due to wpa_bss_remove_oldest_unknown
09-17 19:04:58.660 D/wpa_supplicant( 1178): wlan0: BSS: Add new id 41677 BSSID e4:4e:2d:79:8e:4f SSID 'SWingS' freq 5260
09-17 19:04:58.660 D/wpa_supplicant( 1178): wlan0: BSS: Remove id 41480 BSSID e4:4e:2d:7d:82:2d SSID '' due to wpa_bss_remove_oldest_unknown
09-17 19:04:58.660 D/wpa_supplicant( 1178): wlan0: BSS: Add new id 41678 BSSID e4:4e:2d:a4:55:4b SSID 'SWing' freq 5680
09-17 19:04:58.660 D/wpa_supplicant( 1178): wlan0: BSS: Remove id 41481 BSSID e4:4e:2d:a4:aa:ad SSID '' due to wpa_bss_remove_oldest_unknown
09-17 19:04:58.660 D/wpa_supplicant( 1178): wlan0: BSS: Add new id 41679 BSSID e4:4e:2d:7b:bc:ad SSID '' freq 5660
09-17 19:04:58.660 D/wpa_supplicant( 1178): wlan0: BSS: Remove id 41482 BSSID e4:4e:2d:a4:aa:ab SSID 'SWing' due to wpa_bss_remove_oldest_unknown
09-17 19:04:58.660 D/wpa_supplicant( 1178): wlan0: BSS: Add new id 41680 BSSID e4:4e:2d:a4:55:4d SSID '' freq 5680
09-17 19:04:58.660 D/wpa_supplicant( 1178): wlan0: BSS: Remove id 41483 BSSID e4:4e:2d:a4:aa:af SSID 'SWingS' due to wpa_bss_remove_oldest_unknown
09-17 19:04:58.660 D/wpa_supplicant( 1178): wlan0: BSS: Add new id 41681 BSSID e4:4e:2d:7c:28:8f SSID 'SWingS' freq 5320
09-17 19:04:58.660 D/wpa_supplicant( 1178): wlan0: BSS: Remove id 41484 BSSID 1c:d1:e0:dc:46:8b SSID 'SWing' due to wpa_bss_remove_oldest_unknown
09-17 19:04:58.660 D/wpa_supplicant( 1178): wlan0: BSS: Add new id 41682 BSSID e4:4e:2d:64:30:cb SSID 'SWing' freq 5660
09-17 19:04:58.660 D/wpa_supplicant( 1178): wlan0: BSS: Remove id 41485 BSSID 6e:b2:27:5c:05:7a SSID '' due to wpa_bss_remove_oldest_unknown
09-17 19:04:58.660 D/wpa_supplicant( 1178): wlan0: BSS: Add new id 41683 BSSID e4:4e:2d:7c:28:8b SSID 'SWing' freq 5320
09-17 19:04:58.660 D/wpa_supplicant( 1178): wlan0: BSS: Remove id 41486 BSSID 00:11:32:77:a5:e9 SSID 'hes-b2b-syno1' due to wpa_bss_remove_oldest_unknown
09-17 19:04:58.661 D/wpa_supplicant( 1178): wlan0: BSS: Add new id 41684 BSSID 1c:d1:e0:dc:46:8f SSID 'SWingS' freq 5680
09-17 19:04:58.661 D/wpa_supplicant( 1178): wlan0: BSS: Remove id 41487 BSSID e4:4e:2d:7c:06:2f SSID 'SWingS' due to wpa_bss_remove_oldest_unknown
09-17 19:04:58.661 D/wpa_supplicant( 1178): wlan0: BSS: Add new id 41685 BSSID e4:4e:2d:a4:55:4f SSID 'SWingS' freq 5680
09-17 19:04:58.661 D/wpa_supplicant( 1178): wlan0: BSS: Remove id 41488 BSSID e4:4e:2d:7c:06:2d SSID '' due to wpa_bss_remove_oldest_unknown
09-17 19:04:58.661 W/IE_Capabilities(  702): Unknown RSN cipher suite: 6ac0f00
09-17 19:04:58.661 D/wpa_supplicant( 1178): wlan0: BSS: Add new id 41686 BSSID 1c:d1:e0:dc:8e:4d SSID '' freq 5580
09-17 19:04:58.661 D/wpa_supplicant( 1178): wlan0: BSS: Remove id 41489 BSSID e4:4e:2d:7d:82:2f SSID 'SWingS' due to wpa_bss_remove_oldest_unknown
09-17 19:04:58.661 D/wpa_supplicant( 1178): wlan0: BSS: Add new id 41687 BSSID e4:4e:2d:7c:28:8d SSID '' freq 5320
09-17 19:04:58.661 D/wpa_supplicant( 1178): wlan0: BSS: Remove id 41490 BSSID e4:4e:2d:7c:06:2b SSID 'SWing' due to wpa_bss_remove_oldest_unknown
09-17 19:04:58.661 D/wpa_supplicant( 1178): wlan0: BSS: Add new id 41688 BSSID 04:ab:18:3e:fc:f6 SSID 'elecom-3efcf3' freq 5220
09-17 19:04:58.661 D/wpa_supplicant( 1178): wlan0: BSS: Remove id 41491 BSSID 1c:d1:e0:e0:ed:2b SSID 'SWing' due to wpa_bss_remove_oldest_unknown
09-17 19:04:58.661 D/wpa_supplicant( 1178): wlan0: BSS: Add new id 41689 BSSID 1c:d1:e0:de:14:6d SSID '' freq 5540
09-17 19:04:58.661 D/wpa_supplicant( 1178): wlan0: BSS: Remove id 41492 BSSID 1c:d1:e0:e0:ed:2f SSID 'SWingS' due to wpa_bss_remove_oldest_unknown
09-17 19:04:58.661 D/wpa_supplicant( 1178): wlan0: BSS: Add new id 41690 BSSID e4:4e:2d:7d:82:2b SSID 'SWing' freq 5580
09-17 19:04:58.661 D/wpa_supplicant( 1178): wlan0: BSS: Remove id 41493 BSSID 68:e1:dc:a9:f6:2a SSID 'Buffalo-5G-F620-WPA3' due to wpa_bss_remove_oldest_unknown
09-17 19:04:58.661 D/wpa_supplicant( 1178): wlan0: BSS: Add new id 41691 BSSID e4:4e:2d:79:8e:4d SSID '' freq 5260
09-17 19:04:58.661 D/wpa_supplicant( 1178): wlan0: BSS: Remove id 41494 BSSID 04:ab:18:65:c1:d3 SSID '' due to wpa_bss_remove_oldest_unknown
09-17 19:04:58.661 D/wpa_supplicant( 1178): wlan0: BSS: Add new id 41692 BSSID e4:4e:2d:79:8e:4b SSID 'SWing' freq 5260
09-17 19:04:58.661 D/wpa_supplicant( 1178): wlan0: BSS: Remove id 41495 BSSID 1c:d1:e0:e0:ed:2d SSID '' due to wpa_bss_remove_oldest_unknown
09-17 19:04:58.661 D/wpa_supplicant( 1178): wlan0: BSS: Add new id 41693 BSSID 1c:d1:e0:de:14:6f SSID 'SWingS' freq 5540
09-17 19:04:58.661 D/wpa_supplicant( 1178): wlan0: BSS: Remove id 41496 BSSID 1c:3a:60:68:9f:ad SSID '' due to wpa_bss_remove_oldest_unknown
09-17 19:04:58.661 D/wpa_supplicant( 1178): wlan0: BSS: Add new id 41694 BSSID 18:c2:bf:f3:2e:58 SSID 'HyokaT-Buffalo-A_2.4GHz' freq 5500
09-17 19:04:58.661 D/wpa_supplicant( 1178): wlan0: BSS: Remove id 41497 BSSID e4:4e:2d:76:f2:4b SSID 'SWing' due to wpa_bss_remove_oldest_unknown
09-17 19:04:58.662 D/wpa_supplicant( 1178): wlan0: BSS: Add new id 41695 BSSID 60:84:bd:08:27:f8 SSID 'HyokaT-Free_Common' freq 5500
09-17 19:04:58.662 D/wpa_supplicant( 1178): wlan0: BSS: Remove id 41498 BSSID e4:4e:2d:76:f2:4f SSID 'SWingS' due to wpa_bss_remove_oldest_unknown
09-17 19:04:58.662 D/wpa_supplicant( 1178): wlan0: BSS: Add new id 41696 BSSID 34:3d:c4:f1:46:87 SSID 'Devlink-Buffalo1900-5G' freq 5220
09-17 19:04:58.662 D/wpa_supplicant( 1178): wlan0: BSS: Remove id 41499 BSSID 34:98:b5:db:aa:42 SSID 'RXE500_5G' due to wpa_bss_remove_oldest_unknown
09-17 19:04:58.662 D/wpa_supplicant( 1178): wlan0: BSS: Add new id 41697 BSSID 88:57:ee:7d:e2:b7 SSID 'Buffalo-A-E2BE' freq 5180
09-17 19:04:58.662 D/wpa_supplicant( 1178): wlan0: BSS: Remove id 41500 BSSID 1c:3a:60:a8:9f:ad SSID '' due to wpa_bss_remove_oldest_unknown
09-17 19:04:58.662 D/wpa_supplicant( 1178): wlan0: BSS: Add new id 41698 BSSID a0:04:60:68:81:5f SSID 'HyokaT-Netgear_5GHz ' freq 5220
09-17 19:04:58.662 D/wpa_supplicant( 1178): wlan0: BSS: Remove id 41501 BSSID 1c:3a:60:28:9f:ad SSID '' due to wpa_bss_remove_oldest_unknown
09-17 19:04:58.662 D/wpa_supplicant( 1178): wlan0: BSS: Add new id 41699 BSSID bc:fc:e7:22:2c:ee SSID 'BDDE261C63DA4B894A6B9214B6BE23D2' freq 5955 MLD ADDR 02:fc:e7:22:2c:ec
09-17 19:04:58.662 D/wpa_supplicant( 1178): wlan0: BSS: Remove id 41502 BSSID 1c:3a:60:e8:9f:ac SSID '' due to wpa_bss_remove_oldest_unknown
09-17 19:04:58.662 D/wpa_supplicant( 1178): wlan0: BSS: Add new id 41700 BSSID be:fc:e7:32:2c:ee SSID 'AS_6' freq 5955
09-17 19:04:58.662 D/wpa_supplicant( 1178): wlan0: BSS: Remove id 41503 BSSID 1c:3a:60:a8:9f:ac SSID '' due to wpa_bss_remove_oldest_unknown
09-17 19:04:58.662 D/wpa_supplicant( 1178): wlan0: BSS: Add new id 41701 BSSID 3e:52:a1:24:20:33 SSID '' freq 2442
09-17 19:04:58.662 D/wpa_supplicant( 1178): wlan0: BSS: Remove id 41504 BSSID 1c:3a:60:68:9f:ac SSID '' due to wpa_bss_remove_oldest_unknown
09-17 19:04:58.662 D/wpa_supplicant( 1178): wlan0: BSS: Add new id 41702 BSSID 3c:52:a1:54:20:33 SSID 'TP-Link_PFM1' freq 2442
09-17 19:04:58.662 D/wpa_supplicant( 1178): wlan0: BSS: Remove id 41505 BSSID 68:e1:dc:a9:f6:28 SSID '' due to wpa_bss_remove_oldest_unknown
09-17 19:04:58.662 D/wpa_supplicant( 1178): wlan0: BSS: Add new id 41703 BSSID a8:46:9d:38:ec:90 SSID '' freq 2412
09-17 19:04:58.662 D/wpa_supplicant( 1178): wlan0: BSS: Remove id 41506 BSSID 00:09:b4:71:0a:ac SSID '0000softbank' due to wpa_bss_remove_oldest_unknown
09-17 19:04:58.662 D/wpa_supplicant( 1178): wlan0: BSS: Add new id 41704 BSSID bc:fc:e7:22:2c:ec SSID 'BDDE261C63DA4B894A6B9214B6BE23D2' freq 2447 MLD ADDR 02:fc:e7:22:2c:ec
09-17 19:04:58.662 D/wpa_supplicant( 1178): wlan0: BSS: Remove id 41507 BSSID e4:4e:2d:76:f2:4d SSID '' due to wpa_bss_remove_oldest_unknown
09-17 19:04:58.663 D/wpa_supplicant( 1178): wlan0: BSS: Add new id 41705 BSSID be:fc:e7:12:2c:ec SSID 'AS_2' freq 2447
09-17 19:04:58.663 D/wpa_supplicant( 1178): wlan0: BSS: Remove id 41508 BSSID c8:08:73:ff:cb:6c SSID '' due to wpa_bss_remove_oldest_unknown
09-17 19:04:58.663 D/wpa_supplicant( 1178): wlan0: BSS: Add new id 41706 BSSID 50:eb:f6:02:ea:80 SSID 'ASUS_80' freq 2462
09-17 19:04:58.663 D/wpa_supplicant( 1178): wlan0: BSS: Remove id 41509 BSSID 1c:3a:60:28:9f:ac SSID '' due to wpa_bss_remove_oldest_unknown
09-17 19:04:58.663 D/wpa_supplicant( 1178): wlan0: BSS: Add new id 41707 BSSID 38:97:a4:64:cb:55 SSID 'elecom-64cb54' freq 2472
09-17 19:04:58.663 D/wpa_supplicant( 1178): wlan0: BSS: Remove id 41510 BSSID c8:08:73:7f:cb:6c SSID '' due to wpa_bss_remove_oldest_unknown
09-17 19:04:58.663 D/wpa_supplicant( 1178): wlan0: BSS: Add new id 41708 BSSID 84:e8:cb:5e:3a:01 SSID '' freq 2412
09-17 19:04:58.663 D/wpa_supplicant( 1178): wlan0: BSS: Remove id 41511 BSSID c8:08:73:bf:cb:6c SSID '' due to wpa_bss_remove_oldest_unknown
09-17 19:04:58.663 D/wpa_supplicant( 1178): wlan0: BSS: Add new id 41709 BSSID 24:4b:fe:d1:4b:60 SSID 'ASUS-G-0316f' freq 2457
09-17 19:04:58.663 W/IE_Capabilities(  702): Unknown RSN cipher suite: 6ac0f00
09-17 19:04:58.663 D/wpa_supplicant( 1178): wlan0: BSS: Remove id 41512 BSSID 1e:b1:7f:2e:09:0b SSID 'aterm-8e5749-aw' due to wpa_bss_remove_oldest_unknown
09-17 19:04:58.663 D/wpa_supplicant( 1178): wlan0: BSS: Add new id 41710 BSSID 50:eb:f6:a9:3b:e8 SSID 'ASUS_ber7' freq 2452
09-17 19:04:58.663 D/wpa_supplicant( 1178): wlan0: BSS: Remove id 41513 BSSID 2e:b1:7f:e0:1d:3e SSID 'Aterm-WG1400HP_GW' due to wpa_bss_remove_oldest_unknown
09-17 19:04:58.663 D/wpa_supplicant( 1178): wlan0: BSS: Add new id 41711 BSSID 3a:97:a4:64:cb:55 SSID 'elecom-s-64cb54' freq 2472
09-17 19:04:58.663 D/wpa_supplicant( 1178): wlan0: BSS: Remove id 41514 BSSID d2:25:a2:c9:2b:52 SSID '\x00\x00\x00\x00\x00\x00\x00\x00\x00\x00\x00\x00\x00\x00\x00' due to wpa_bss_remove_oldest_unknown
09-17 19:04:58.663 D/wpa_supplicant( 1178): wlan0: BSS: Add new id 41712 BSSID e4:4e:2d:7b:a3:60 SSID 'SWingS' freq 2437
09-17 19:04:58.663 D/wpa_supplicant( 1178): wlan0: BSS: Remove id 41515 BSSID 62:45:b9:30:b8:a2 SSID '' due to wpa_bss_remove_oldest_unknown
09-17 19:04:58.663 D/wpa_supplicant( 1178): wlan0: BSS: Add new id 41713 BSSID e4:4e:2d:64:5e:60 SSID 'SWingS' freq 2412
09-17 19:04:58.663 D/wpa_supplicant( 1178): wlan0: BSS: Remove id 41516 BSSID 62:45:b8:ba:90:70 SSID '' due to wpa_bss_remove_oldest_unknown
09-17 19:04:58.663 D/wpa_supplicant( 1178): wlan0: BSS: Add new id 41714 BSSID 6e:b2:27:1f:4e:dc SSID '' freq 5180
09-17 19:04:58.663 D/wpa_supplicant( 1178): wlan0: BSS: Remove id 41517 BSSID 62:45:b9:32:53:f4 SSID '' due to wpa_bss_remove_oldest_unknown
09-17 19:04:58.663 D/wpa_supplicant( 1178): wlan0: BSS: Add new id 41715 BSSID 6e:b2:27:dd:d7:fd SSID '' freq 5180
09-17 19:04:58.663 W/IE_Capabilities(  702): Unknown RSN cipher suite: 6ac0f00
09-17 19:04:58.663 D/wpa_supplicant( 1178): wlan0: BSS: Remove id 41518 BSSID 62:45:b9:18:8e:b9 SSID '' due to wpa_bss_remove_oldest_unknown
09-17 19:04:58.664 D/wpa_supplicant( 1178): wlan0: BSS: Add new id 41716 BSSID 6e:b2:27:22:da:1c SSID '' freq 5200
09-17 19:04:58.664 D/wpa_supplicant( 1178): wlan0: BSS: Remove id 41519 BSSID 62:45:b8:d9:bb:e9 SSID '' due to wpa_bss_remove_oldest_unknown
09-17 19:04:58.664 D/wpa_supplicant( 1178): wlan0: BSS: Add new id 41717 BSSID 6e:b2:27:86:c5:be SSID '' freq 5220
09-17 19:04:58.664 D/wpa_supplicant( 1178): wlan0: BSS: Remove id 41520 BSSID e4:4e:2d:64:5e:6a SSID 'SWingCert-Enroll' due to wpa_bss_remove_oldest_unknown
09-17 19:04:58.664 D/wpa_supplicant( 1178): wlan0: BSS: Add new id 41718 BSSID ec:1a:59:5c:7b:f6 SSID 'IPv6_dual_2.4GHz' freq 2462
09-17 19:04:58.664 D/wpa_supplicant( 1178): wlan0: BSS: Remove id 41521 BSSID e4:4e:2d:7b:a3:6a SSID 'SWingCert-Enroll' due to wpa_bss_remove_oldest_unknown
09-17 19:04:58.664 D/wpa_supplicant( 1178): wlan0: BSS: Add new id 41719 BSSID c0:25:a2:df:54:7e SSID 'HyokaT-NEC_2.4GHz' freq 2427
09-17 19:04:58.664 D/wpa_supplicant( 1178): wlan0: BSS: Remove id 41522 BSSID e4:4e:2d:7b:a3:6e SSID 'GuestNet' due to wpa_bss_remove_oldest_unknown
09-17 19:04:58.664 D/wpa_supplicant( 1178): wlan0: BSS: Add new id 41720 BSSID 6e:b2:27:86:b8:4f SSID '' freq 5240
09-17 19:04:58.664 D/wpa_supplicant( 1178): wlan0: BSS: Remove id 41523 BSSID e4:4e:2d:7b:a3:6c SSID 'EngN' due to wpa_bss_remove_oldest_unknown
09-17 19:04:58.664 D/wpa_supplicant( 1178): wlan0: BSS: Add new id 41721 BSSID d4:2c:46:c9:c9:0a SSID 'BaseApp-16F-2G-WPA3' freq 2462
09-17 19:04:58.664 D/wpa_supplicant( 1178): wlan0: BSS: Remove id 41524 BSSID e4:4e:2d:64:5e:6c SSID 'EngN' due to wpa_bss_remove_oldest_unknown
09-17 19:04:58.664 D/wpa_supplicant( 1178): wlan0: BSS: Add new id 41722 BSSID d4:2c:46:c9:c9:1b SSID 'BaseApp-16F-6G-WPA3' freq 6275
09-17 19:04:58.664 D/wpa_supplicant( 1178): wlan0: BSS: Remove id 41525 BSSID e4:4e:2d:64:5e:6e SSID 'GuestNet' due to wpa_bss_remove_oldest_unknown
09-17 19:04:58.664 D/wpa_supplicant( 1178): wlan0: BSS: Add new id 41723 BSSID 1c:b1:7f:2e:09:0b SSID 'veri-video-5a' freq 5220
09-17 19:04:58.664 D/wpa_supplicant( 1178): wlan0: BSS: Remove id 41526 BSSID 1c:d1:e0:d5:75:0a SSID 'SWingCert-Enroll' due to wpa_bss_remove_oldest_unknown
09-17 19:04:58.664 D/wpa_supplicant( 1178): wlan0: BSS: Add new id 41724 BSSID d4:2c:46:c9:c9:09 SSID 'BaseApp-16F-2G' freq 2462
09-17 19:04:58.664 D/wpa_supplicant( 1178): wlan0: BSS: Remove id 41527 BSSID 1c:d1:e0:d5:75:0c SSID 'EngN' due to wpa_bss_remove_oldest_unknown
09-17 19:04:58.664 D/wpa_supplicant( 1178): wlan0: BSS: Add new id 41725 BSSID 24:4b:fe:b6:b0:50 SSID 'Neu_vpn' freq 2412
09-17 19:04:58.665 D/wpa_supplicant( 1178): wlan0: BSS: Remove id 41528 BSSID 1c:d1:e0:dc:8e:4a SSID 'SWingCert-Enroll' due to wpa_bss_remove_oldest_unknown
09-17 19:04:58.665 D/wpa_supplicant( 1178): wlan0: BSS: Add new id 41726 BSSID 1c:d1:e0:d5:75:04 SSID 'SWing' freq 2462
09-17 19:04:58.665 D/wpa_supplicant( 1178): wlan0: BSS: Remove id 41529 BSSID e4:4e:2d:7c:49:0c SSID 'EngN' due to wpa_bss_remove_oldest_unknown
09-17 19:04:58.665 D/wpa_supplicant( 1178): wlan0: BSS: Add new id 41727 BSSID 1c:d1:e0:d5:75:00 SSID 'SWingS' freq 2462
09-17 19:04:58.665 D/wpa_supplicant( 1178): wlan0: BSS: Remove id 41530 BSSID e4:4e:2d:64:30:ce SSID 'GuestNet' due to wpa_bss_remove_oldest_unknown
09-17 19:04:58.665 D/wpa_supplicant( 1178): wlan0: BSS: Add new id 41728 BSSID 1c:d1:e0:d5:75:02 SSID '' freq 2462
09-17 19:04:58.665 D/wpa_supplicant( 1178): wlan0: BSS: Remove id 41531 BSSID e4:4e:2d:a4:3b:2c SSID 'EngN' due to wpa_bss_remove_oldest_unknown
09-17 19:04:58.665 D/wpa_supplicant( 1178): wlan0: BSS: Add new id 41729 BSSID 1c:d1:e0:dc:8e:40 SSID 'SWingS' freq 2412
09-17 19:04:58.665 D/wpa_supplicant( 1178): wlan0: BSS: Remove id 41532 BSSID 1c:d1:e0:dc:8e:4e SSID 'GuestNet' due to wpa_bss_remove_oldest_unknown
09-17 19:04:58.665 D/wpa_supplicant( 1178): wlan0: BSS: Add new id 41730 BSSID e4:4e:2d:7c:49:02 SSID '' freq 2412
09-17 19:04:58.665 D/wpa_supplicant( 1178): wlan0: BSS: Remove id 41533 BSSID 1c:d1:e0:dc:8e:4c SSID 'EngN' due to wpa_bss_remove_oldest_unknown
09-17 19:04:58.665 D/wpa_supplicant( 1178): wlan0: BSS: Add new id 41731 BSSID e4:4e:2d:7c:49:00 SSID 'SWingS' freq 2412
09-17 19:04:58.665 D/wpa_supplicant( 1178): wlan0: BSS: Remove id 41534 BSSID e4:4e:2d:64:30:cc SSID 'EngN' due to wpa_bss_remove_oldest_unknown
09-17 19:04:58.665 D/wpa_supplicant( 1178): wlan0: BSS: Add new id 41732 BSSID e4:4e:2d:64:30:c0 SSID 'SWingS' freq 2437
09-17 19:04:58.665 D/wpa_supplicant( 1178): wlan0: BSS: Remove id 41535 BSSID e4:4e:2d:7b:bc:ae SSID 'GuestNet' due to wpa_bss_remove_oldest_unknown
09-17 19:04:58.665 D/wpa_supplicant( 1178): wlan0: BSS: Add new id 41733 BSSID 6e:b2:27:b1:dc:f2 SSID '' freq 5700
09-17 19:04:58.665 D/wpa_supplicant( 1178): wlan0: BSS: Remove id 41536 BSSID e4:4e:2d:64:30:ca SSID 'SWingCert-Enroll' due to wpa_bss_remove_oldest_unknown
09-17 19:04:58.665 D/wpa_supplicant( 1178): wlan0: BSS: Add new id 41734 BSSID 6e:b2:27:7a:0a:c7 SSID '' freq 5240
09-17 19:04:58.666 D/wpa_supplicant( 1178): wlan0: BSS: Remove id 41537 BSSID e4:4e:2d:a4:55:4e SSID 'GuestNet' due to wpa_bss_remove_oldest_unknown
09-17 19:04:58.666 D/wpa_supplicant( 1178): wlan0: BSS: Add new id 41735 BSSID 6e:b2:27:ea:e1:0a SSID '' freq 5700
09-17 19:04:58.666 D/wpa_supplicant( 1178): wlan0: BSS: Remove id 41538 BSSID 1c:d1:e0:d5:75:0e SSID 'GuestNet' due to wpa_bss_remove_oldest_unknown
09-17 19:04:58.666 D/wpa_supplicant( 1178): wlan0: BSS: Add new id 41736 BSSID 6e:b2:27:de:13:aa SSID '' freq 5300
09-17 19:04:58.666 D/wpa_supplicant( 1178): wlan0: BSS: Remove id 41539 BSSID e4:4e:2d:a4:3b:2e SSID 'GuestNet' due to wpa_bss_remove_oldest_unknown
09-17 19:04:58.666 D/wpa_supplicant( 1178): wlan0: BSS: Add new id 41737 BSSID 5a:52:8a:47:85:a2 SSID 'rs500m-47859f-2' freq 2412
09-17 19:04:58.666 D/wpa_supplicant( 1178): wlan0: BSS: Remove id 41540 BSSID e4:4e:2d:a4:62:2e SSID 'GuestNet' due to wpa_bss_remove_oldest_unknown
09-17 19:04:58.666 D/wpa_supplicant( 1178): wlan0: BSS: Add new id 41738 BSSID 58:52:8a:47:85:a2 SSID 'rs500m-47859f-1' freq 2412
09-17 19:04:58.666 D/wpa_supplicant( 1178): wlan0: BSS: Remove id 41541 BSSID e4:4e:2d:a4:62:2c SSID 'EngN' due to wpa_bss_remove_oldest_unknown
09-17 19:04:58.666 D/wpa_supplicant( 1178): wlan0: BSS: Add new id 41739 BSSID 1c:b1:7f:e0:1d:3e SSID 'Aterm-WG1400HP_G' freq 2437
09-17 19:04:58.666 D/wpa_supplicant( 1178): wlan0: BSS: Remove id 41542 BSSID 1c:d1:e0:de:14:6c SSID 'EngN' due to wpa_bss_remove_oldest_unknown
09-17 19:04:58.666 D/wpa_supplicant( 1178): wlan0: BSS: Add new id 41740 BSSID 48:f8:b3:a5:e4:fe SSID 'Devlink_Linksys_2GHz' freq 2432
09-17 19:04:58.666 D/wpa_supplicant( 1178): wlan0: BSS: Remove id 41543 BSSID e4:4e:2d:a4:aa:ac SSID 'EngN' due to wpa_bss_remove_oldest_unknown
09-17 19:04:58.666 D/wpa_supplicant( 1178): wlan0: BSS: Add new id 41741 BSSID 60:84:bd:08:27:e8 SSID 'HyokaT-Free_Common' freq 2447
09-17 19:04:58.666 D/wpa_supplicant( 1178): wlan0: BSS: Remove id 41544 BSSID e4:4e:2d:7c:28:8e SSID 'GuestNet' due to wpa_bss_remove_oldest_unknown
09-17 19:04:58.666 D/wpa_supplicant( 1178): wlan0: BSS: Add new id 41742 BSSID 60:84:bd:9e:81:78 SSID 'Buffalo-G-8178' freq 2422
09-17 19:04:58.666 D/wpa_supplicant( 1178): wlan0: BSS: Remove id 41545 BSSID e4:4e:2d:7c:28:8c SSID 'EngN' due to wpa_bss_remove_oldest_unknown
09-17 19:04:58.666 D/wpa_supplicant( 1178): wlan0: BSS: Add new id 41743 BSSID 34:3d:c4:f1:46:80 SSID 'Devlink-Buffalo1900-2G' freq 2452
09-17 19:04:58.666 D/wpa_supplicant( 1178): wlan0: BSS: Remove id 41546 BSSID e4:4e:2d:7c:49:0e SSID 'GuestNet' due to wpa_bss_remove_oldest_unknown
09-17 19:04:58.666 D/wpa_supplicant( 1178): wlan0: BSS: Add new id 41744 BSSID 18:c2:bf:f3:2e:48 SSID 'HyokaT-Buffalo-A_2.4GHz' freq 2427
09-17 19:04:58.666 D/wpa_supplicant( 1178): wlan0: BSS: Remove id 41547 BSSID e4:4e:2d:a4:62:2a SSID 'SWingCert-Enroll' due to wpa_bss_remove_oldest_unknown
09-17 19:04:58.667 D/wpa_supplicant( 1178): wlan0: BSS: Add new id 41745 BSSID 58:ef:68:ab:66:e3 SSID 'Linksys18401_2.4GHz' freq 2412
09-17 19:04:58.667 D/wpa_supplicant( 1178): wlan0: BSS: Remove id 41548 BSSID e4:4e:2d:7b:a3:63 SSID 'EngN' due to wpa_bss_remove_oldest_unknown
09-17 19:04:58.667 D/wpa_supplicant( 1178): wlan0: BSS: Add new id 41746 BSSID 6c:e4:da:e2:f9:9a SSID 'DevlinkAterm2g' freq 2437
09-17 19:04:58.667 D/wpa_supplicant( 1178): wlan0: BSS: Remove id 41549 BSSID e4:4e:2d:7b:a3:61 SSID 'GuestNet' due to wpa_bss_remove_oldest_unknown
09-17 19:04:58.667 D/wpa_supplicant( 1178): wlan0: BSS: Add new id 41747 BSSID 74:03:bd:d2:43:d0 SSID 'DevlinkBT16F_Buffalo24' freq 2422
09-17 19:04:58.667 D/wpa_supplicant( 1178): wlan0: BSS: Remove id 41550 BSSID e4:4e:2d:64:5e:61 SSID 'GuestNet' due to wpa_bss_remove_oldest_unknown
09-17 19:04:58.667 D/wpa_supplicant( 1178): wlan0: BSS: Add new id 41748 BSSID c0:25:a2:c9:2b:52 SSID 'devlink-aterm-wg1800hp2-2g' freq 2417
09-17 19:04:58.667 D/wpa_supplicant( 1178): wlan0: BSS: Remove id 41551 BSSID 1c:d1:e0:d5:75:03 SSID 'EngN' due to wpa_bss_remove_oldest_unknown
09-17 19:04:58.667 D/wpa_supplicant( 1178): wlan0: BSS: Add new id 41749 BSSID 80:22:a7:26:9c:66 SSID 'arch-16f-g' freq 2462
09-17 19:04:58.667 D/wpa_supplicant( 1178): wlan0: BSS: Remove id 41552 BSSID 1c:d1:e0:d5:75:01 SSID 'GuestNet' due to wpa_bss_remove_oldest_unknown
09-17 19:04:58.667 D/wpa_supplicant( 1178): wlan0: BSS: Add new id 41750 BSSID 08:10:86:0c:e0:52 SSID 'PerformanceWiFi-g' freq 2462
09-17 19:04:58.667 D/wpa_supplicant( 1178): wlan0: BSS: Remove id 41553 BSSID 1c:d1:e0:d5:75:05 SSID 'SWingCert-Enroll' due to wpa_bss_remove_oldest_unknown
09-17 19:04:58.667 D/wpa_supplicant( 1178): wlan0: BSS: Add new id 41751 BSSID 88:57:ee:2c:18:d6 SSID 'Buffalo-G-18D5' freq 2462
09-17 19:04:58.667 D/wpa_supplicant( 1178): wlan0: BSS: Remove id 41554 BSSID e4:4e:2d:64:30:c3 SSID 'EngN' due to wpa_bss_remove_oldest_unknown
09-17 19:04:58.667 D/wpa_supplicant( 1178): wlan0: BSS: Add new id 41752 BSSID 98:f1:99:67:fa:52 SSID 'aterm-a07850-g' freq 2462
09-17 19:04:58.667 D/wpa_supplicant( 1178): wlan0: BSS: Remove id 41555 BSSID e4:4e:2d:64:30:c5 SSID 'SWingCert-Enroll' due to wpa_bss_remove_oldest_unknown
09-17 19:04:58.667 D/wpa_supplicant( 1178): wlan0: BSS: Add new id 41753 BSSID 84:af:ec:c1:df:38 SSID 'Neu_net' freq 2412
09-17 19:04:58.667 D/wpa_supplicant( 1178): wlan0: BSS: Remove id 41556 BSSID fa:8f:ca:93:35:a5 SSID 'HT-A9.l055,' due to wpa_bss_remove_oldest_unknown
09-17 19:04:58.667 D/wpa_supplicant( 1178): wlan0: BSS: Add new id 41754 BSSID 60:38:e0:55:f4:84 SSID 'HyokaT-Belkin_2.4GHz' freq 2457
09-17 19:04:58.667 D/wpa_supplicant( 1178): wlan0: BSS: Remove id 41557 BSSID fa:8f:ca:7f:51:36 SSID 'JBL Bar 5.0_64A8.l041' due to wpa_bss_remove_oldest_unknown
09-17 19:04:58.667 D/wpa_supplicant( 1178): wlan0: BSS: Add new id 41755 BSSID 74:03:bd:b9:c5:f0 SSID 'Buffalo-G-C5FE' freq 2427
09-17 19:04:58.668 D/wpa_supplicant( 1178): wlan0: BSS: Remove id 41558 BSSID fa:8f:ca:94:48:12 SSID 'STR-AN1000.h056,' due to wpa_bss_remove_oldest_unknown
09-17 19:04:58.668 D/wpa_supplicant( 1178): wlan0: BSS: Add new id 41756 BSSID 08:10:86:a2:8f:9a SSID 'SPW_X11_d1ef0b' freq 2437
09-17 19:04:58.668 D/wpa_supplicant( 1178): wlan0: BSS: Remove id 41559 BSSID fa:8f:ca:6b:56:e0 SSID 'HT-A7000.l054,' due to wpa_bss_remove_oldest_unknown
09-17 19:04:58.668 W/IE_Capabilities(  702): Unknown RSN cipher suite: 6ac0f00
09-17 19:04:58.668 D/wpa_supplicant( 1178): wlan0: BSS: Add new id 41757 BSSID a6:12:42:87:dc:2c SSID 'pr500m-d83173-2' freq 2462
09-17 19:04:58.668 D/wpa_supplicant( 1178): wlan0: BSS: Remove id 41560 BSSID 60:38:e0:55:f4:87 SSID 'belkin.484.guests' due to wpa_bss_remove_oldest_unknown
09-17 19:04:58.668 D/wpa_supplicant( 1178): wlan0: BSS: Add new id 41758 BSSID b0:be:76:92:b4:6c SSID 'TP-Link_B46C' freq 2447
09-17 19:04:58.668 D/wpa_supplicant( 1178): wlan0: BSS: Remove id 41561 BSSID fa:8f:ca:5d:8c:39 SSID 'STR-AN1000.h056,' due to wpa_bss_remove_oldest_unknown
