08-08 04:46:01.931 I/JpTis_TlvSateServiceDbRestore( 1899): [restore][ISDB-S3] isdbS3ParameterList : [IsdbS3Parameter(transponder=SatelliteTransponder(rfFrequency=11842560, polarization=CIRCULAR_RIGHT), tlvStreamId=45168), IsdbS3Parameter(transponder=SatelliteTransponder(rfFrequency=11842560, polarization=CIRCULAR_RIGHT), tlvStreamId=45169), IsdbS3Parameter(transponder=SatelliteTransponder(rfFrequency=11842560, polarization=CIRCULAR_RIGHT), tlvStreamId=45170), IsdbS3Parameter(transponder=SatelliteTransponder(rfFrequency=11861740, polarization=CIRCULAR_LEFT), tlvStreamId=45184), IsdbS3Parameter(transponder=SatelliteTransponder(rfFrequency=11861740, polarization=CIRCULAR_LEFT), tlvStreamId=45185), IsdbS3Parameter(transponder=SatelliteTransponder(rfFrequency=11861740, polarization=CIRCULAR_LEFT), tlvStreamId=45186), IsdbS3Parameter(transponder=SatelliteTransponder(rfFrequency=11976820, polarization=CIRCULAR_LEFT), tlvStreamId=45280), IsdbS3Parameter(transponder=SatelliteTransponder(rfFrequency=12034360, polarization=CIRCULAR_RIGHT), tlvStreamId=45328), IsdbS3Parameter(transponder=SatelliteTransponder(rfFrequency=12034360, polarization=CIRCULAR_RIGHT), tlvStreamId=45329), IsdbS3Parameter(transponder=SatelliteTransponder(rfFrequency=12034360, polarization=CIRCULAR_RIGHT), tlvStreamId=45330), IsdbS3Parameter(transponder=SatelliteTransponder(rfFrequency=12431000, polarization=CIRCULAR_LEFT), tlvStreamId=49296), IsdbS3Parameter(transponder=SatelliteTransponder(rfFrequency=12471000, polarization=CIRCULAR_LEFT), tlvStreamId=49328), IsdbS3Parameter(transponder=SatelliteTransponder(rfFrequency=12631000, polarization=CIRCULAR_LEFT), tlvStreamId=49456), IsdbS3Parameter(transponder=SatelliteTransponder(rfFrequency=12671000, polarization=CIRCULAR_LEFT), tlvStreamId=49488), IsdbS3Parameter(transponder=SatelliteTransponder(rfFrequency=12711000, polarization=CIRCULAR_LEFT), tlvStreamId=49520)]
08-08 04:46:01.932 I/JpTis_TlvSatelliteRepository( 1899): [restore][ISDB-S3] isdbS3Parameter : [IsdbS3Parameter(transponder=SatelliteTransponder(rfFrequency=11842560, polarization=CIRCULAR_RIGHT), tlvStreamId=45168), IsdbS3Parameter(transponder=SatelliteTransponder(rfFrequency=11842560, polarization=CIRCULAR_RIGHT), tlvStreamId=45169), IsdbS3Parameter(transponder=SatelliteTransponder(rfFrequency=11842560, polarization=CIRCULAR_RIGHT), tlvStreamId=45170), IsdbS3Parameter(transponder=SatelliteTransponder(rfFrequency=11861740, polarization=CIRCULAR_LEFT), tlvStreamId=45184), IsdbS3Parameter(transponder=SatelliteTransponder(rfFrequency=11861740, polarization=CIRCULAR_LEFT), tlvStreamId=45185), IsdbS3Parameter(transponder=SatelliteTransponder(rfFrequency=11861740, polarization=CIRCULAR_LEFT), tlvStreamId=45186), IsdbS3Parameter(transponder=SatelliteTransponder(rfFrequency=11976820, polarization=CIRCULAR_LEFT), tlvStreamId=45280), IsdbS3Parameter(transponder=SatelliteTransponder(rfFrequency=12034360, polarization=CIRCULAR_RIGHT), tlvStreamId=45328), IsdbS3Parameter(transponder=SatelliteTransponder(rfFrequency=12034360, polarization=CIRCULAR_RIGHT), tlvStreamId=45329), IsdbS3Parameter(transponder=SatelliteTransponder(rfFrequency=12034360, polarization=CIRCULAR_RIGHT), tlvStreamId=45330), IsdbS3Parameter(transponder=SatelliteTransponder(rfFrequency=12431000, polarization=CIRCULAR_LEFT), tlvStreamId=49296), IsdbS3Parameter(transponder=SatelliteTransponder(rfFrequency=12471000, polarization=CIRCULAR_LEFT), tlvStreamId=49328), IsdbS3Parameter(transponder=SatelliteTransponder(rfFrequency=12631000, polarization=CIRCULAR_LEFT), tlvStreamId=49456), IsdbS3Parameter(transponder=SatelliteTransponder(rfFrequency=12671000, polarization=CIRCULAR_LEFT), tlvStreamId=49488), IsdbS3Parameter(transponder=SatelliteTransponder(rfFrequency=12711000, polarization=CIRCULAR_LEFT), tlvStreamId=49520)]
08-08 04:46:01.932 I/JpTis_TlvSateServiceDbRestore( 1899): [restore][ISDB-S3]Start End
08-08 04:46:01.937 D/IrbService-R( 2232): [IrbService][ShareDataService] onStartCommand()
08-08 04:46:01.937 W/ActivityManager(  741): Slow operation: 226ms so far, now at startProcess: done updating battery stats
08-08 04:46:01.937 D/nativeloader( 2567): Configuring clns-shared-5 for other apk /system_ext/priv-app/GoogleServicesFramework/GoogleServicesFramework.apk. target_sdk_version=34, uses_libraries=, library_path=/system_ext/priv-app/GoogleServicesFramework/lib/arm:/system_ext/priv-app/GoogleServicesFramework/GoogleServicesFramework.apk!/lib/armeabi-v7a:/system/lib:/system_ext/lib, permitted_path=/data:/mnt/expand:/data/user/0/com.google.android.gsf:/system_ext/priv-app/GoogleServicesFramework:/system/lib:/system_ext/lib
08-08 04:46:01.938 W/ActivityManager(  741): Slow operation: 226ms so far, now at startProcess: building log message
08-08 04:46:01.938 I/ActivityManager(  741): Start proc 2667:com.android.localtransport/1000 for service {com.android.localtransport/com.android.localtransport.LocalTransportService}
08-08 04:46:01.938 W/ActivityManager(  741): Slow operation: 226ms so far, now at startProcess: starting to update pids map
08-08 04:46:01.938 W/ActivityManager(  741): Slow operation: 226ms so far, now at startProcess: done updating pids map
08-08 04:46:01.940 D/CompatibilityChangeReporter(  741): Compat change id reported: 161145287; UID 10230; state: ENABLED
08-08 04:46:01.941 D/IrbService-R( 2232): [IrbService][ShareDataService] Intent { cmp=com.sony.dtv.irbservice/.IrbServiceShareDataService (has extras) } StartId[2]
08-08 04:46:01.941 D/IrbService-R( 2232): [IrbService][ShareDataService] stopSelfTimerCancel START
08-08 04:46:01.942 W/FontsContract( 2274): Platform version of downloadable fonts is deprecated. Please use androidx version instead.
08-08 04:46:01.945 D/IrbService-R( 2232): [IrbService][ShareDataService] stopSelfTimerCancel END
08-08 04:46:01.945 D/IrbService-R( 2232): [IrbService][ShareDataService] startForeground START
08-08 04:46:01.950 D/nativeloader( 2594): Configuring clns-shared-5 for other apk /vendor/framework/InteractiveTvUtil_Client.jar. target_sdk_version=34, uses_libraries=ALL, library_path=/system_ext/priv-app/HomeNetworkSettings/lib/arm:/system/lib:/system_ext/lib, permitted_path=/data:/mnt/expand:/data/user/0/com.sony.dtv.homenetwork:/system_ext/priv-app/HomeNetworkSettings:/system/lib:/system_ext/lib
08-08 04:46:01.950 D/nativeloader( 2594): Extending system_exposed_libraries: libimagedecoder.sony.so
08-08 04:46:01.953 D/HotWordContentProvider( 2041): update content provider!! content://atv.hotwordmic/togglestate mic_unmute:1
08-08 04:46:01.959 I/.localtransport( 2667): Using CollectorTypeCC GC.
08-08 04:46:01.963 D/ConnectivityService(  741): NetReassign [no changes] [c 0] [a 0] [i 0]
08-08 04:46:01.964 D/MTK_VoiceService( 1824): update-
08-08 04:46:01.966 D/ConnectivityService(  741): NetReassign [no changes] [c 0] [a 0] [i 0]
08-08 04:46:01.976 W/ActivityManager(  741): Foreground service started from background can not have location/camera/microphone access: service com.sony.dtv.irbservice/.IrbServiceShareDataService
08-08 04:46:01.976 W/Looper  (  741): Drained
08-08 04:46:01.978 D/IrbService-R( 2232): [IrbService][ShareDataService] startForeground END
08-08 04:46:01.979 D/IrbService-R( 2232): [IrbService][ShareDataService] stopSelfTimerStart START
08-08 04:46:01.979 D/IrbService-R( 2232): [IrbService][ShareDataService] stopSelfTimerStart END
08-08 04:46:01.980 D/IrbService-R( 2232): [IrbService][ShareDataService] Command[1] received.
08-08 04:46:01.980 D/IrbService-R( 2232): [IrbService][ShareDataService] updateAllData()
08-08 04:46:01.980 D/IrbService-R( 2232): [IrbService][ShareDataService] updateIrbServiceSettingData()
08-08 04:46:01.980 D/IrbService-R( 2232): [IrbService][ShareData] update()
08-08 04:46:01.980 D/IrbService-R( 2232): [IrbService][ShareData] uri:content://com.sony.dtv.irbservice.irbservicesharedata values:gnpostalcode= externalinputinfo= keyinterval=0 avrmodelname= stbprovidername= zipcode= stbmodelname= systemportid= gnproviderid= enterenable=0 avrbrandname= stbcontrolconfigenable=0 zeropadding=0 gnzipcode= gnprovidername= avrcontrolconfigenable=0 avrsettingstatus=0 stbsettingstatus=0
08-08 04:46:01.980 D/IrbService-R( 2232): [IrbService][ShareData] notifyChange gnpostalcode= externalinputinfo= keyinterval=0 avrmodelname= stbprovidername= zipcode= stbmodelname= systemportid= gnproviderid= enterenable=0 avrbrandname= stbcontrolconfigenable=0 zeropadding=0 gnzipcode= gnprovidername= avrcontrolconfigenable=0 avrsettingstatus=0 stbsettingstatus=0
08-08 04:46:01.984 W/ContextImpl( 1498): Calling a method in the system process without a qualified user: android.app.ContextImpl.bindService:1988 android.content.ContextWrapper.bindService:861 com.sony.dtv.sonysystemservice.audiocontrol.feature.ContentModeMonitorFeature.bindToModules:349 com.sony.dtv.sonysystemservice.audiocontrol.feature.ContentModeMonitorFeature.onEventFired:209 com.sony.dtv.sonysystemservice.audiocontrol.handler.ManagerEventHandler.broadcastEvent:261 
08-08 04:46:01.986 I/GservicesProvider( 2474): Gservices pushing to system: true; secure/global: true
08-08 04:46:01.987 D/CompatibilityChangeReporter(  741): Compat change id reported: 135634846; UID 10119; state: DISABLED
08-08 04:46:01.988 D/IrbService-R( 2232): [IrbService][ShareDataService] updateIrbDongleInsertStatusInfo()
08-08 04:46:01.988 D/IrbService-R( 2232): [IrbService][ShareData] update()
08-08 04:46:01.988 D/IrbService-R( 2232): [IrbService][ShareData] uri:content://com.sony.dtv.irbservice.irbservicesharedata values:irbdongleinsertstatus=0 irbdongleproductname=
08-08 04:46:01.988 D/IrbService-R( 2232): [IrbService][ShareDataService] updateIrbReceiverSharedDataInfo()
08-08 04:46:01.989 D/IrbService-R( 2232): [IrbService][ShareData] update()
08-08 04:46:01.989 D/IrbService-R( 2232): [IrbService][ShareData] uri:content://com.sony.dtv.irbservice.irbservicesharedata values:speakersetting= countrycode=JP avrnotifyspeaker= gnupdatedbexe=1 gnportid= avrgetcontrolstatus=0
08-08 04:46:01.989 D/IrbService-R( 2232): [IrbService][ShareDataService] updateIrbSupportTypeInfo()
08-08 04:46:01.989 D/IrbService-R( 2232): [IrbService][ShareData] update()
08-08 04:46:01.989 D/IrbService-R( 2232): [IrbService][ShareData] uri:content://com.sony.dtv.irbservice.irbservicesharedata values:irbsupporttype=-1
08-08 04:46:01.990 D/IrbService-R( 2232): [IrbService][ShareDataService] updateIsIrbSupportedInfo()
08-08 04:46:01.990 D/IrbService-R( 2232): [IrbService][ShareData] update()
08-08 04:46:01.990 D/IrbService-R( 2232): [IrbService][ShareData] uri:content://com.sony.dtv.irbservice.irbservicesharedata values:isirbsupported=0
08-08 04:46:01.990 D/IrbService-R( 2232): [IrbService][ShareDataService] updateIsStbMetaSupportedInfo()
08-08 04:46:01.990 D/IrbService-R( 2232): [IrbService][ShareData] update()
08-08 04:46:01.990 D/IrbService-R( 2232): [IrbService][ShareData] uri:content://com.sony.dtv.irbservice.irbservicesharedata values:isstbmetasupported=-1
08-08 04:46:01.991 D/IrbService-R( 2232): [IrbService][ShareDataService] updateRf4ceSettingInfo()
08-08 04:46:01.991 D/IrbService-R( 2232): [IrbService][ShareData] update()
08-08 04:46:01.991 D/CompatibilityChangeReporter(  741): Compat change id reported: 143937733; UID 10119; state: ENABLED
08-08 04:46:01.991 D/IrbService-R( 2232): [IrbService][ShareData] uri:content://com.sony.dtv.irbservice.irbservicesharedata values:rf4cesetting=-1
08-08 04:46:01.991 D/IrbService-R( 2232): [IrbService][ShareDataService] updateIsRf4ceSupportedInfo()
08-08 04:46:01.991 D/IrbService-R( 2232): [IrbService][ShareData] update()
08-08 04:46:01.991 D/IrbService-R( 2232): [IrbService][ShareData] uri:content://com.sony.dtv.irbservice.irbservicesharedata values:isrf4cesupported=0
08-08 04:46:01.991 D/IrbService-R( 2232): [IrbService][ShareDataService] updateOnlineDbUniqueId()
08-08 04:46:01.996 E/.localtransport( 2667): Not starting debugger since process cannot load the jdwp agent.
08-08 04:46:02.002 D/CoreBackPreview(  741): Window{819fbd6 u0 com.google.android.apps.tv.launcherx/com.google.android.apps.tv.launcherx.home.HomeActivity}: Setting back callback OnBackInvokedCallbackInfo{mCallback=android.window.IOnBackInvokedCallback$Stub$Proxy@3ccae6, mPriority=0, mIsAnimationCallback=false}
08-08 04:46:02.003 D/IrbService-R( 2232): [IrbService][ShareData] update()
08-08 04:46:02.004 D/IrbService-R( 2232): [IrbService][ShareData] uri:content://com.sony.dtv.irbservice.irbservicesharedata values:onlinedbuniqueid=Bravia_1ec27871-47e1-4a37-b733-01ed71c9b120
08-08 04:46:02.004 D/IrbService-R( 2232): [IrbService][ShareDataService] updatePermitOnlineAccess()
08-08 04:46:02.004 D/IrbService-R( 2232): [IrbService][ShareData] update()
08-08 04:46:02.004 D/IrbService-R( 2232): [IrbService][ShareData] uri:content://com.sony.dtv.irbservice.irbservicesharedata values:permitonlineaccess=0
08-08 04:46:02.005 D/IrbService-R( 2232): [IrbService][ShareDataService] updateDatabaseCountry()
08-08 04:46:02.005 D/IrbService-R( 2232): [IrbService][ShareData] update()
08-08 04:46:02.005 D/IrbService-R( 2232): [IrbService][ShareData] uri:content://com.sony.dtv.irbservice.irbservicesharedata values:databasecountry=
08-08 04:46:02.006 W/ContextImpl( 1498): Calling a method in the system process without a qualified user: android.app.ContextImpl.bindService:1988 android.content.ContextWrapper.bindService:861 com.sony.dtv.sonysystemservice.audiocontrol.feature.ContentModeMonitorFeature.bindToModules:354 com.sony.dtv.sonysystemservice.audiocontrol.feature.ContentModeMonitorFeature.onEventFired:209 com.sony.dtv.sonysystemservice.audiocontrol.handler.ManagerEventHandler.broadcastEvent:261 
08-08 04:46:02.011 W/ContextImpl( 1498): Calling a method in the system process without a qualified user: android.app.ContextImpl.bindService:1988 android.content.ContextWrapper.bindService:861 com.sony.dtv.sonysystemservice.audiocontrol.feature.ContentModeMonitorFeature.bindToModules:359 com.sony.dtv.sonysystemservice.audiocontrol.feature.ContentModeMonitorFeature.onEventFired:209 com.sony.dtv.sonysystemservice.audiocontrol.handler.ManagerEventHandler.broadcastEvent:261 
08-08 04:46:02.017 D/CompatibilityChangeReporter(  741): Compat change id reported: 265195908; UID 10119; state: ENABLED
08-08 04:46:02.019 I/SSS_ManagerEventHandler( 1498): ContentModeMonitorFeature - com.sony.dtv.sonysystemservice.audiocontrol.devicemanager.ManagerEvent$EventManagerInit@513c81b = true
08-08 04:46:02.019 I/SSS_ManagerEventHandler( 1498): DampPowerSavingFeature - com.sony.dtv.sonysystemservice.audiocontrol.devicemanager.ManagerEvent$EventManagerInit@513c81b = false
08-08 04:46:02.019 I/SSS_ManagerEventHandler( 1498): SpdifOutputFeature - com.sony.dtv.sonysystemservice.audiocontrol.devicemanager.ManagerEvent$EventManagerInit@513c81b = false
08-08 04:46:02.019 I/SSS_ManagerEventHandler( 1498): VideoLatencyFeature - com.sony.dtv.sonysystemservice.audiocontrol.devicemanager.ManagerEvent$EventManagerInit@513c81b = false
08-08 04:46:02.019 I/SSS_ManagerEventHandler( 1498): MonoAudioOutputFeature - com.sony.dtv.sonysystemservice.audiocontrol.devicemanager.ManagerEvent$EventManagerInit@513c81b = false
08-08 04:46:02.019 I/SSS_ManagerEventHandler( 1498): HandlerCallback - onEventFired com.sony.dtv.sonysystemservice.audiocontrol.devicemanager.ManagerEvent$EventManagerInit@513c81b
08-08 04:46:02.019 I/SSS_ManagerEventHandler( 1498): HandlerCallback - onEventFired com.sony.dtv.sonysystemservice.audiocontrol.devicemanager.ManagerEvent$EventManagerInit@513c81b
08-08 04:46:02.020 E/Scheduler(  684): trackPendingFrame: Invalid present fence
08-08 04:46:02.022 I/ActivityManager(  741): Flag disabled. Ignoring finishAttachApplication from uid: 10198. pid: 2379
08-08 04:46:02.032 D/IrbService-R( 2232): [IrbService] onStartCommand Start startId : 1
08-08 04:46:02.033 D/IrbService-R( 2232): [IrbService] Command [6] received.
08-08 04:46:02.033 D/IrbService-R( 2232): [IrbService] updateDb request accepted.
08-08 04:46:02.033 D/IrbService-R( 2232): [IrbService] updateGracenoteDb Start
08-08 04:46:02.033 D/IrbService-R( 2232): [IrbService] preProcess =-1
08-08 04:46:02.033 D/IrbService-R( 2232): [IrbService] provider_id   =
08-08 04:46:02.033 D/IrbService-R( 2232): [IrbService] provider_name =
08-08 04:46:02.033 D/IrbService-R( 2232): [IrbService] input_id      =
08-08 04:46:02.033 I/IrbService-R( 2232): [IrbService] Provider_id and/or input_id is not set yet.
08-08 04:46:02.033 D/IrbService-R( 2232): [IrbService] updateGracenoteDb End
08-08 04:46:02.033 D/IrbService-R( 2232): [IrbService] onStartCommand End
08-08 04:46:02.034 D/IrbService-R( 2232): [IrbService][ExternalTIS] onServiceConnected
08-08 04:46:02.034 D/IrbService-R( 2232): [IrbService][API] setIrbControlStatusChangeMonitor Start
08-08 04:46:02.034 D/IrbService-R( 2232): [IrbService][API] setIrbControlStatusChangeMonitor End
08-08 04:46:02.034 D/IrbService-R( 2232): [IrbService][API] setStbInputChangeMonitor Start
08-08 04:46:02.034 D/IrbService-R( 2232): [IrbService][API] setStbInputChangeMonitor End
08-08 04:46:02.034 D/IrbService-R( 2232): [IrbService][API] registerAsyncCallback Start
08-08 04:46:02.034 D/IrbService-R( 2232): [IrbService][API] registerAsyncCallback End
08-08 04:46:02.034 D/IrbService-R( 2232): [IrbService][ExternalTIS] updateIrbState start
08-08 04:46:02.034 D/IrbService-R( 2232): [IrbService][API] getStbInput Start
08-08 04:46:02.034 D/IrbService-R( 2232): [IrbService][API] getStbInput  systemportid:[value]=
08-08 04:46:02.034 D/IrbService-R( 2232): [IrbService][API] getStbInput End return:true
08-08 04:46:02.034 D/IrbService-R( 2232): [IrbService][ExternalTIS] irbSettingPort :
08-08 04:46:02.034 D/IrbService-R( 2232): [IrbService][API] getIrbControlStatus Start
08-08 04:46:02.034 D/IrbService-R( 2232): [IrbService][API] getIrbControlStatus [STB]:[value]=false
08-08 04:46:02.034 D/IrbService-R( 2232): [IrbService][API] getIrbControlStatus End return:true
08-08 04:46:02.034 D/IrbService-R( 2232): [IrbService][API] getCountryCode Start
08-08 04:46:02.034 D/IrbService-R( 2232): [IrbService][ExternalTIS] KEYCODE_BUTTON_10 convert to Home
08-08 04:46:02.024 D/Zygote  (  405): Forked child process 2686
08-08 04:46:02.037 I/ActivityManager(  741): Start proc 2686:com.google.android.tungsten.setupwraith/u0a119 for content provider {com.google.android.tungsten.setupwraith/com.google.android.libraries.tv.setupwraith.libs.provider.SetupProvider}
08-08 04:46:02.038 W/ActivityManager(  741): Slow operation: 51ms so far, now at startProcess: done updating pids map
08-08 04:46:02.041 I/RecService-RecServiceLib( 2345): RecSystemInfo.getRecordingCapability(sContext):1
08-08 04:46:02.043 I/ten.setupwraith( 2686): Using CollectorTypeCC GC.
08-08 04:46:02.045 I/SSS_ProdRenderServiceApi( 1498): Service is ready
08-08 04:46:02.045 D/WM-SystemJobScheduler( 1866): Scheduling work ID 5e9b56b5-bf3f-4467-bbd0-fa27c51af26aJob ID 45
08-08 04:46:02.049 E/ten.setupwraith( 2686): Not starting debugger since process cannot load the jdwp agent.
08-08 04:46:02.055 D/CompatibilityChangeReporter( 2187): Compat change id reported: 194532703; UID 10126; state: ENABLED
08-08 04:46:02.055 D/CompatibilityChangeReporter( 2187): Compat change id reported: 253665015; UID 10126; state: ENABLED
08-08 04:46:02.056 I/SystemMemoryMap( 1699): [sleepsegment] recovering 0 entries [CONTEXT service_id=6 ]
08-08 04:46:02.056 I/SystemMemoryMap( 1699): [sleepsegment] initialization complete [CONTEXT service_id=6 ]
08-08 04:46:02.057 D/CompatibilityChangeReporter(  741): Compat change id reported: 271850009; UID 10126; state: ENABLED
08-08 04:46:02.058 D/CompatibilityChangeReporter(  741): Compat change id reported: 253665015; UID 10126; state: ENABLED
08-08 04:46:02.059 D/CompatibilityChangeReporter(  741): Compat change id reported: 194532703; UID 10126; state: ENABLED
08-08 04:46:02.061 E/IPCThreadState(  617): binder thread pool (1 threads) starved for 226 ms
08-08 04:46:02.066 I/RenderHal(  626): [Render]RegisterRenderCustomizedParamListener is called.
08-08 04:46:02.255 W/.localtransport( 2667): type=1400 audit(0.0:289): avc:  denied  { search } for  name="proc" dev="debugfs" ino=10174 scontext=u:r:system_app:s0 tcontext=u:object_r:debugfs_binder:s0 tclass=dir permissive=0
08-08 04:46:02.066 D/RenderHal(  626): [RegisterRenderCustomizedParamListener][7086] keys.size() = 1
08-08 04:46:02.066 D/RenderHal(  626): RegisterRenderCustomizedParamListener: ParamListener obj OK.
08-08 04:46:02.066 D/RenderHal(  626): [RegisterRenderCustomizedParamListener][7113] ListenerID = 11
08-08 04:46:02.067 D/RenderService( 1824): put listenerId & Client callback instans
08-08 04:46:02.067 D/RenderService( 1824): registerRenderParamCustomizedListener_impl OK.
08-08 04:46:02.067 D/RenderService( 1824): Get listenerId : 11
08-08 04:46:02.069 D/CompatibilityChangeReporter( 2274): Compat change id reported: 160794467; UID 10110; state: ENABLED
08-08 04:46:02.078 I/RenderHal(  626): [Render]RegisterRenderCustomizedParamListener is called.
08-08 04:46:02.078 D/RenderHal(  626): [RegisterRenderCustomizedParamListener][7086] keys.size() = 1
08-08 04:46:02.078 D/RenderHal(  626): RegisterRenderCustomizedParamListener: ParamListener obj OK.
08-08 04:46:02.078 D/RenderHal(  626): [RegisterRenderCustomizedParamListener][7113] ListenerID = 11
08-08 04:46:02.078 D/RenderHal(  626): [RegisterRenderCustomizedParamListener][7113] ListenerID = 12
08-08 04:46:02.078 D/RenderService( 1824): put listenerId & Client callback instans
08-08 04:46:02.078 D/RenderService( 1824): registerRenderParamCustomizedListener_impl OK.
08-08 04:46:02.078 D/RenderService( 1824): Get listenerId : 12
08-08 04:46:02.082 W/dtv.homenetwork( 2594): ClassLoaderContext shared library size mismatch. Expected=1, found=2 (PCL[]{PCL[/system/framework/huey.jar*3186868048]} | PCL[]{PCL[/system_ext/framework/huey.jar*3330481096]#PCL[/vendor/framework/InteractiveTvUtil_Client.jar*924132989]})
08-08 04:46:02.091 V/MediaStore( 1864): Examining volume emulated;0 with name external_primary and state mounted
08-08 04:46:02.091 I/RenderHal(  626): [Render]RegisterRenderCustomizedParamListener is called.
08-08 04:46:02.091 D/RenderHal(  626): [RegisterRenderCustomizedParamListener][7086] keys.size() = 1
08-08 04:46:02.091 D/RenderHal(  626): RegisterRenderCustomizedParamListener: ParamListener obj OK.
08-08 04:46:02.091 D/RenderHal(  626): [RegisterRenderCustomizedParamListener][7113] ListenerID = 11
08-08 04:46:02.091 D/RenderHal(  626): [RegisterRenderCustomizedParamListener][7113] ListenerID = 12
08-08 04:46:02.091 D/RenderHal(  626): [RegisterRenderCustomizedParamListener][7113] ListenerID = 13
08-08 04:46:02.091 D/RenderService( 1824): put listenerId & Client callback instans
08-08 04:46:02.091 D/RenderService( 1824): registerRenderParamCustomizedListener_impl OK.
08-08 04:46:02.091 D/RenderService( 1824): Get listenerId : 13
08-08 04:46:02.092 I/Nearby  ( 1699): is blocked device type true, isAuto=false, isIot=false, isLatchsky=false, isChinaWearable=false, isTv=true, isWearable=false (supportWearOs=false), isChromeOsDevice=false (supportChromeOs=false) [CONTEXT service_id=49 ]
08-08 04:46:02.092 D/nativeloader( 2542): Configuring clns-shared-7 for other apk /system_ext/framework/com.sony.dtv.sonysystemservice.picturecontrol.pqawareapphelper.jar. target_sdk_version=34, uses_libraries=ALL, library_path=/system_ext/priv-app/RecApp/lib/arm:/system_ext/priv-app/RecApp/RecApp.apk!/lib/armeabi-v7a:/system/lib:/system_ext/lib, permitted_path=/data:/mnt/expand:/data/user/0/com.sony.dtv.recapp:/system_ext/priv-app/RecApp:/system/lib:/system_ext/lib
08-08 04:46:02.092 D/nativeloader( 2542): Extending system_exposed_libraries: libimagedecoder.sony.so
08-08 04:46:02.093 I/SSS_ProdRenderServiceApi( 1498): Service is ready
08-08 04:46:02.096 I/RenderHal(  626): [Render]RegisterRenderCustomizedParamListener is called.
08-08 04:46:02.096 D/RenderHal(  626): [RegisterRenderCustomizedParamListener][7086] keys.size() = 1
08-08 04:46:02.096 D/RenderHal(  626): RegisterRenderCustomizedParamListener: ParamListener obj OK.
08-08 04:46:02.096 D/RenderHal(  626): [RegisterRenderCustomizedParamListener][7113] ListenerID = 11
08-08 04:46:02.096 D/RenderHal(  626): [RegisterRenderCustomizedParamListener][7113] ListenerID = 12
08-08 04:46:02.096 D/RenderHal(  626): [RegisterRenderCustomizedParamListener][7113] ListenerID = 13
08-08 04:46:02.096 D/RenderHal(  626): [RegisterRenderCustomizedParamListener][7113] ListenerID = 14
08-08 04:46:02.096 D/RenderService( 1824): put listenerId & Client callback instans
08-08 04:46:02.096 D/RenderService( 1824): registerRenderParamCustomizedListener_impl OK.
08-08 04:46:02.096 D/RenderService( 1824): Get listenerId : 14
08-08 04:46:02.096 D/RenderExtensionWrapper( 1498): registerLowLatencyRequestStatusListener() called.
08-08 04:46:02.097 D/BoundBrokerSvc( 1699): onBind: Intent { act=com.google.android.gms.auth.account.data.service.START pkg=com.google.android.gms }
08-08 04:46:02.097 D/BoundBrokerSvc( 1699): Loading bound service for intent: Intent { act=com.google.android.gms.auth.account.data.service.START pkg=com.google.android.gms }
08-08 04:46:02.098 W/AccountSelectorDataServ( 2187): Single user condition 1 [true]
08-08 04:46:02.099 W/AccountSelectorDataServ( 2187): Single user condition 2 [true]
08-08 04:46:02.099 I/RenderHal(  626): [Render]RegisterRenderCustomizedParamListener is called.
08-08 04:46:02.099 D/RenderHal(  626): [RegisterRenderCustomizedParamListener][7086] keys.size() = 1
08-08 04:46:02.099 D/RenderHal(  626): RegisterRenderCustomizedParamListener: ParamListener obj OK.
08-08 04:46:02.099 D/RenderHal(  626): [RegisterRenderCustomizedParamListener][7113] ListenerID = 11
08-08 04:46:02.099 D/RenderHal(  626): [RegisterRenderCustomizedParamListener][7113] ListenerID = 12
08-08 04:46:02.099 D/RenderHal(  626): [RegisterRenderCustomizedParamListener][7113] ListenerID = 13
08-08 04:46:02.099 D/RenderHal(  626): [RegisterRenderCustomizedParamListener][7113] ListenerID = 14
08-08 04:46:02.099 D/RenderHal(  626): [RegisterRenderCustomizedParamListener][7113] ListenerID = 15
08-08 04:46:02.099 W/AccountSelectorDataServ( 2187): Single user condition 3 [true]
08-08 04:46:02.099 D/RenderService( 1824): put listenerId & Client callback instans
08-08 04:46:02.099 D/RenderService( 1824): registerRenderParamCustomizedListener_impl OK.
08-08 04:46:02.099 D/RenderService( 1824): Get listenerId : 15
08-08 04:46:02.099 W/AccountSelectorDataServ( 2187): Single user condition 4 [true]
08-08 04:46:02.101 I/SSS_HdmiInputChangeModule( 1498): bind HdmiInputChange
08-08 04:46:02.104 W/ContextImpl( 1498): Calling a method in the system process without a qualified user: android.app.ContextImpl.bindService:1988 android.content.ContextWrapper.bindService:861 com.sony.dtv.sonysystemservice.picturecontrol.devicecontrolservice.PictureModeTraitProviderService.onCreate:61 android.app.ActivityThread.handleCreateService:4651 android.app.ActivityThread.-$$Nest$mhandleCreateService:0 
08-08 04:46:02.109 I/ActivityManager(  741): Background started FGS: Allowed [callingPackage: com.sony.dtv.recservice; callingUid: 10230; uidState: FGS ; uidBFSL: [BFSL]; intent: Intent { act=com.sony.dtv.recservice.action.SERVICE_WAKE_UP cmp=com.sony.dtv.recservice/.dlna.service.DlnaService }; code:PROC_STATE_FGS; tempAllowListReason:<null>; targetSdkVersion:34; callerTargetSdkVersion:34; startForegroundCount:0; bindFromPackage:null: isBindService:false]
08-08 04:46:02.110 I/GCoreUlr( 1699): ULR code skipped on unsupported form factor.
08-08 04:46:02.111 D/CompatibilityChangeReporter(  741): Compat change id reported: 135634846; UID 10230; state: DISABLED
08-08 04:46:02.111 D/CompatibilityChangeReporter(  741): Compat change id reported: 177438394; UID 10230; state: DISABLED
08-08 04:46:02.111 D/CompatibilityChangeReporter(  741): Compat change id reported: 135772972; UID 10230; state: DISABLED
08-08 04:46:02.111 W/ContextImpl( 1498): Calling a method in the system process without a qualified user: android.app.ContextImpl.bindService:1988 android.content.ContextWrapper.bindService:861 com.sony.dtv.sonysystemservice.picturecontrol.devicecontrolservice.BrightnessTraitProviderService.onCreate:60 android.app.ActivityThread.handleCreateService:4651 android.app.ActivityThread.-$$Nest$mhandleCreateService:0 
08-08 04:46:02.111 D/CompatibilityChangeReporter(  741): Compat change id reported: 135754954; UID 10230; state: ENABLED
08-08 04:46:02.112 D/CompatibilityChangeReporter(  741): Compat change id reported: 143937733; UID 10230; state: ENABLED
08-08 04:46:02.125 D/nativeloader( 2542): Configuring clns-shared-8 for other apk /vendor/framework/com.sony.dtv.recutil.jar. target_sdk_version=34, uses_libraries=ALL, library_path=/system_ext/priv-app/RecApp/lib/arm:/system_ext/priv-app/RecApp/RecApp.apk!/lib/armeabi-v7a:/system/lib:/system_ext/lib, permitted_path=/data:/mnt/expand:/data/user/0/com.sony.dtv.recapp:/system_ext/priv-app/RecApp:/system/lib:/system_ext/lib
08-08 04:46:02.125 D/nativeloader( 2542): Extending system_exposed_libraries: libimagedecoder.sony.so
08-08 04:46:02.126 D/Zygote  (  405): Forked child process 2703
08-08 04:46:02.127 D/LibProductConfigInfo(  280): [getString:163] key:Main SoC value:M6L
08-08 04:46:02.127 D/productConfig@1.0-service(  280): [vendor/sony/frameworks/native/services/productConfig/1.0/ProductConfig.cpp(127):getString] key:Main SoC value:M6L len:3
08-08 04:46:02.134 I/ActivityManager(  741): Start proc 2703:com.sony.dtv.recservice:dlna/u0a230 for service {com.sony.dtv.recservice/com.sony.dtv.recservice.dlna.service.DlnaService}
08-08 04:46:02.141 W/ContextImpl( 1498): Calling a method in the system process without a qualified user: android.app.ContextImpl.bindService:1988 android.content.ContextWrapper.bindService:861 com.sony.dtv.sonysystemservice.picturecontrol.devicecontrolservice.VideoSignalInfoTraitProviderService.onCreate:60 android.app.ActivityThread.handleCreateService:4651 android.app.ActivityThread.-$$Nest$mhandleCreateService:0 
08-08 04:46:02.147 W/ContextImpl( 1498): Calling a method in the system process without a qualified user: android.app.ContextImpl.bindService:1988 android.content.ContextWrapper.bindService:861 com.sony.dtv.sonysystemservice.picturecontrol.devicecontrolservice.PartnerCalibratedModeTraitProviderService.onCreate:61 android.app.ActivityThread.handleCreateService:4651 android.app.ActivityThread.-$$Nest$mhandleCreateService:0 
08-08 04:46:02.149 I/SSS_ProdRenderServiceApi( 1498): BindEventListener()ServiceConnected)
08-08 04:46:02.149 I/SSS_ProdRenderServiceApi( 1498): Service is ready
08-08 04:46:02.150 I/SSS_PixelShiftHelper( 1498): BindEventListener#onEvent() event:ServiceConnected
08-08 04:46:02.151 D/HNS     ( 2345): [RecordingServerUtils] [getRefreshDmsContentUri()] uri: content://com.sony.huey.dlna.upnp/, contentUri: content://com.sony.huey.dlna.upnp/?refresh_dms=true
08-08 04:46:02.151 D/MTK_PqService( 1824):  getPerstreamRange_impl
08-08 04:46:02.151 D/MTK_PqService_native( 1824): PqService_getPerstreamRange_native entered
08-08 04:46:02.151 D/MTK_PqService_native( 1824): label : "[\"Range\",\"SR_Strength\",\"Default\"]"
08-08 04:46:02.152 I/PQ_AIDL (  626): mdbgin_pqhal: PQ::getPerstreamRange is called.
08-08 04:46:02.152 I/PQ_AIDL (  626): mdbgin_pqhal: _getParamsWithLabel is called.
08-08 04:46:02.152 I/PQ_AIDL (  626): in_label : "[\"Range\",\"SR_Strength\",\"Default\"]"
08-08 04:46:02.152 I/PQ_AIDL (  626): getPerstreamRange: {
08-08 04:46:02.152 I/PQ_AIDL (  626): 	"Release_Information":	[{
08-08 04:46:02.152 I/PQ_AIDL (  626): 			"Release_version":	"2025.07.24.00_u-develop-01"
08-08 04:46:02.152 I/PQ_AIDL (  626): 		}],
08-08 04:46:02.152 I/PQ_AIDL (  626): 	"Format_Version":	4,
08-08 04:46:02.152 I/PQ_AIDL (  626): 	"$HearderComment":	["Copyright 2023-2025 Sony Corporation.", "PresetDB for Capability and Range", "Struct Version 0.100 : 1st version ", "Struct Version 0.200 : Separated Keys from the setting for Global and only for Per-Stream.", "Struct Version 0.300 : Added Smooth Gradation, Color detail adjustment, Private parameters.", "                     : Deleted Reality_Creation and modified Resolution.", "                     : Deleted Color_System, Dynamic Range.", "                     : Modified Color_Space structure.", "Struct Version 0.400 : Added HDR Tone mapping.", "Struct Version 0.500 : Changed Resolution structure.", "Struct Version 0.600 : Deleted Default", "Struct Version 0.700 : Change Color_Space to Force_Color_Space.", "                     : Modified Color_Space and adv color adjust structure.", "                     : Change HDR_Type to Force_HDR_Type.", "Struct Version 0
08-08 04:46:02.152 I/PQ_AIDL (  626): mdbgin_pqhal: _getParamsWithLabel exit
08-08 04:46:02.154 I/SSS_PlatformAccessManager( 1498): getPerStreamParameterRange() is called
08-08 04:46:02.170 I/StorageSessionController(  741): Notifying volume state changed for session with id: emulated;0
08-08 04:46:02.179 I/SSS_PixelShiftHelper( 1498): BindEventListener#onEvent() isPixelShiftOn true
08-08 04:46:02.180 D/RenderExtensionWrapper( 1498): setPixelShift() called
08-08 04:46:02.181 D/RenderService( 1824):  setPixelShift_impl
08-08 04:46:02.181 D/RenderService( 1824): renderHal getService is OK
08-08 04:46:02.182 I/RenderHal(  626): Render::OpenController is called.
08-08 04:46:02.182 D/RenderHal(  626): Call MI_RENDER_OpenControllers(), Ret = 0
08-08 04:46:02.181 I/recservice:dlna( 2703): Using CollectorTypeCC GC.
08-08 04:46:02.182 D/RenderHal(  626): hController =  -234881025
08-08 04:46:02.182 D/RenderService( 1824): Controler = -234881025
08-08 04:46:02.182 D/RenderService( 1824):  renderHal setPixelShift_impl and enable = true
08-08 04:46:02.182 I/RenderHal(  626): [Render]SetPixelShift is called.
08-08 04:46:02.182 E/RENDER  (  626): MI_RENDER_SetPixelShift[33504] Chipset don't support pixel shift.
08-08 04:46:02.182 E/RENDER  (  626): [ERROR]MI_RENDER_SetPixelShift[33507] <<< FAIL, RET: 5
08-08 04:46:02.182 D/RenderHal(  626): SetPixelShift lib func ret: 5
08-08 04:46:02.259 W/ten.setupwraith( 2686): type=1400 audit(0.0:290): avc:  denied  { search } for  name="proc" dev="debugfs" ino=10174 scontext=u:r:setupwraith_app:s0:c512,c768 tcontext=u:object_r:debugfs_binder:s0 tclass=dir permissive=0 app=com.google.android.tungsten.setupwraith
08-08 04:46:02.267 W/recservice:dlna( 2703): type=1400 audit(0.0:291): avc:  denied  { search } for  name="proc" dev="debugfs" ino=10174 scontext=u:r:sony_platform_app:s0:c512,c768 tcontext=u:object_r:debugfs_binder:s0 tclass=dir permissive=0 app=com.sony.dtv.recservice
08-08 04:46:02.182 E/RenderHal(  626): SetPixelShift failed.
08-08 04:46:02.182 I/RenderHal(  626): Render::CloseController is called.
08-08 04:46:02.183 D/RenderHal(  626): Call MI_RENDER_CloseContorller(), Ret = 0
08-08 04:46:02.184 D/MTK_PqService( 1824):  getGlobalRange_impl
08-08 04:46:02.184 D/MTK_PqService_native( 1824): PqService_getGlobalRange_native entered
08-08 04:46:02.184 D/MTK_PqService_native( 1824): "[\"Range\",\"LD_MODE\",\"Default\"]"
08-08 04:46:02.185 I/PQ_AIDL (  626): mdbgin_pqhal: PQ::getGlobalRange is called.
08-08 04:46:02.185 I/PQ_AIDL (  626): mdbgin_pqhal: _getParamsWithLabel is called.
08-08 04:46:02.185 I/PQ_AIDL (  626): in_label : "[\"Range\",\"LD_MODE\",\"Default\"]"
08-08 04:46:02.185 I/PQ_AIDL (  626): getGlobalRange: {
08-08 04:46:02.185 I/PQ_AIDL (  626): 	"Release_Information":	[{
08-08 04:46:02.185 I/PQ_AIDL (  626): 			"Release_version":	"2025.07.24.00_u-develop-01"
08-08 04:46:02.185 I/PQ_AIDL (  626): 		}],
08-08 04:46:02.185 I/PQ_AIDL (  626): 	"Format_Version":	4,
08-08 04:46:02.185 I/PQ_AIDL (  626): 	"$HearderComment":	["Copyright 2023-2025 Sony Corporation.", "PresetDB for Capability and Range", "Global is not per-stream settng, This setting is common to all Windows (Video / GFX). ", "Struct Version 0.100 : 1st Version", "Struct Version 0.200 : Deleted Smooth Gradation, Ambient Senser.", "                     : Added Private parameters. ", "Struct Version 0.300 : Deleted Default", "Struct Version 0.400 : Added Global PQ Mode.", "                     : Modified WB offset Sructure (10point/20point). ", "                     : Modified Global PQ mode value. ", "Struct Version 0.500 : Changed value difinition of Global_PQ_Mode from PQ_Photo__Prioritized to PQ_Photo_Prioritized", "                     : Modified Range of XDR.", "                     : Added PartnerCalibrated and PartnerCalibrated_DV to Range value of panel_gamma_mode.", "                     : Added PartnerCalibrated a
08-08 04:46:02.185 I/PQ_AIDL (  626): mdbgin_pqhal: _getParamsWithLabel exit
08-08 04:46:02.186 I/SSS_PlatformAccessManager( 1498): getGlobalParameterRange() is called
08-08 04:46:02.187 W/LastUsedInputProtoDataS( 2187): Sending last used input update broadcast
08-08 04:46:02.194 I/SSS_PqRangeProvider( 1498): initialization is done.
08-08 04:46:02.195 D/MTK_PqService_native( 1824): PqService_getPresetPerstreamPqParams_native entered
08-08 04:46:02.195 D/MTK_PqService_native( 1824): label : "[\"Preset_PQ_Value\",\"User\",\"SDR\"]"
08-08 04:46:02.195 I/PQ_AIDL (  626): mdbgin_pqhal: _getParamsWithLabel is called.
08-08 04:46:02.195 I/PQ_AIDL (  626): in_label : "[\"Preset_PQ_Value\",\"User\",\"SDR\"]"
08-08 04:46:02.196 I/PQ_AIDL (  626): getPresetPerstreamPqParams: {
08-08 04:46:02.196 I/PQ_AIDL (  626): 	"Release_Information":	[{
08-08 04:46:02.196 I/PQ_AIDL (  626): 			"Release_version":	"2025.07.24.00_u-develop-01"
08-08 04:46:02.196 I/PQ_AIDL (  626): 		}],
08-08 04:46:02.196 I/PQ_AIDL (  626): 	"Format_Version":	4,
08-08 04:46:02.196 I/PQ_AIDL (  626): 	"$HearderComment":	["Copyright 2023-2025 Sony Corporation.", "Struct Version 0.100 : 1st version ", "Struct Version 0.200 : Separated Keys from the setting for Global and only for Per-Stream.", "Struct Version 0.300 : Added Smooth Gradation, Color detail adjustment, Private parameters.", "                     : Deleted Reality_Creation and modified Resolution.", "                     : Deleted Color System, Dynamic Range.", "                     : Modified Color_Space structure.", "Struct Version 0.400 : Added HDR Tone mapping.", "Struct Version 0.500 : Changed Resolution structure.", "Struct Version 0.600 : Changed Color_Space to Force_Color_Space.", "                     : Modified Color_Space and adv color adjust structure.", "                     : Changed HDR_Type to Force_HDR_Type.", "                     : Changed Key name form Color_Adj_Default_Value to Color_Adj_Va
08-08 04:46:02.196 I/PQ_AIDL (  626): mdbgin_pqhal: _getParamsWithLabel exit
08-08 04:46:02.197 W/LastUsedInputUpdateRece( 2187): Notify last used input data change
08-08 04:46:02.199 I/SSS_PlatformParamManager( 1498): VisibleActivitiesInfoListener.onChanged called()
08-08 04:46:02.199 I/SSS_PlatformParamManager( 1498): Skipping PQ parameter posting by VisibleActivitiesInfo change because the packages are consistent with the previous state.
08-08 04:46:02.200 I/SSS_PlatformParamManager( 1498): VisibleActivitiesInfoListener.onChanged called()
08-08 04:46:02.201 I/SSS_PlatformParamManager( 1498): Skipping PQ parameter posting by VisibleActivitiesInfo change because the packages are consistent with the previous state.
08-08 04:46:02.201 I/SSS_PlatformAccessManager( 1498): getPresetPerStreamPqParameters() is called
08-08 04:46:02.202 D/MTK_PqService_native( 1824): PqService_getPresetGlobalPqParams_native entered
08-08 04:46:02.202 D/MTK_PqService_native( 1824): label : "[\"Preset_PQ_Value\",\"SDR\",\"Saturation\"]"
08-08 04:46:02.203 I/PQ_AIDL (  626): mdbgin_pqhal: PQ::getPresetGlobalPqParams is called.
08-08 04:46:02.203 I/PQ_AIDL (  626): mdbgin_pqhal: _getParamsWithLabel is called.
08-08 04:46:02.203 I/PQ_AIDL (  626): in_label : "[\"Preset_PQ_Value\",\"SDR\",\"Saturation\"]"
08-08 04:46:02.204 I/PQ_AIDL (  626): getPresetGlobalPqParams: {
08-08 04:46:02.204 I/PQ_AIDL (  626): 	"Release_Information":	[{
08-08 04:46:02.204 I/PQ_AIDL (  626): 			"Release_version":	"2025.07.24.00_u-develop-01"
08-08 04:46:02.204 I/PQ_AIDL (  626): 		}],
08-08 04:46:02.204 I/PQ_AIDL (  626): 	"Format_Version":	4,
08-08 04:46:02.204 I/PQ_AIDL (  626): 	"$HearderComment":	["Copyright 2023-2025 Sony Corporation.", "PresetDB for Initial Value for Global", "Global is not per-stream settng, This setting is common to all Windows (Video / GFX). ", "Struct Version 0.100 : 1st Version", "Struct Version 0.200 : Deleted Smooth Gradation, Ambient Senser.", "                     : Added Private parameters. ", "Struct Version 0.300 : Added Global PQ Mode.", "                     : Modified WB offset Sructure (10point/20point). ", "                     : Changed Key name from WB_Default_Value to WB_Value", "                     : Modified Global PQ mode value. ", "Struct Version 0.400 : Change Key name form Preset_PQ_Value_for_Global to PQ_Values_for_Global.", "                     : Change Key name form WB_Value to WB_Value.", "                     : Deleted HDR10 and HLG", "Struct Version 0.500 : Added PartnerCalibrated, PartnerCalibrate
08-08 04:46:02.204 I/PQ_AIDL (  626): mdbgin_pqhal: _getParamsWithLabel exit
08-08 04:46:02.207 I/SSS_PlatformAccessManager( 1498): getPresetGlobalPqParameters() is called
08-08 04:46:02.208 D/LibProductConfigInfo(  280): [getString:163] key:Tuner Disable for B2B value:-
08-08 04:46:02.208 D/productConfig@1.0-service(  280): [vendor/sony/frameworks/native/services/productConfig/1.0/ProductConfig.cpp(127):getString] key:Tuner Disable for B2B value:- len:1
08-08 04:46:02.226 I/ExternalStorageServiceImpl( 1864): Ignoring volume state for vol:external_primary. State: checking
08-08 04:46:02.231 E/recservice:dlna( 2703): Not starting debugger since process cannot load the jdwp agent.
08-08 04:46:02.231 D/LibProductConfigInfo(  280): [getString:163] key:SW Package value:WWA
08-08 04:46:02.231 D/productConfig@1.0-service(  280): [vendor/sony/frameworks/native/services/productConfig/1.0/ProductConfig.cpp(127):getString] key:SW Package value:WWA len:3
08-08 04:46:02.234 I/WM-GreedyScheduler( 1866): Ignoring schedule request in a secondary process
08-08 04:46:02.237 D/HdmiCecUtilFactory( 2345): getInstance
08-08 04:46:02.237 D/HdmiCecUtilFactory( 2345): HdmiCecUtilFactory
08-08 04:46:02.237 D/HdmiCecUtilFactory( 2345): createUtil
08-08 04:46:02.237 D/HdmiCecUtil( 2345): HdmiCecUtil
08-08 04:46:02.238 D/HdmiCecUtil( 2345): bind
08-08 04:46:02.240 D/CompatibilityChangeReporter(  741): Compat change id reported: 261072174; UID 10230; state: ENABLED
08-08 04:46:02.242 D/HdmiCecUtil( 2345): isBind:true
08-08 04:46:02.243 D/name: %s( 2345): {com.sony.dtv.sonysystemservice/com.sony.dtv.sonysystemservice.OwnerService}
08-08 04:46:02.243 D/HdmiCecUtil( 2345): addDeviceEventListener listener:com.sony.dtv.recservice.rec.device.cec.CecDevice@d11fea6
08-08 04:46:02.247 D/HdmiCecUtil( 2345): getDeviceList
08-08 04:46:02.256 D/nativeloader( 2633): Configuring clns-shared-4 for other apk /system_ext/priv-app/QuicksetSDK/QuicksetSDK.apk. target_sdk_version=34, uses_libraries=, library_path=/system_ext/priv-app/QuicksetSDK/lib/arm:/system_ext/priv-app/QuicksetSDK/QuicksetSDK.apk!/lib/armeabi-v7a:/system/lib:/system_ext/lib, permitted_path=/data:/mnt/expand:/data/user/0/com.uei.quicksetsdk:/system_ext/priv-app/QuicksetSDK:/system/lib:/system_ext/lib
08-08 04:46:02.259 I/JpTis_AribSdbImpl( 1899): [init()] ServiceDb Sync start.
08-08 04:46:02.259 I/JpTis_AribSdbImpl( 1899): [init()] LogoDb Sync start.
08-08 04:46:02.261 I/JpTis_SyncLogoDb( 1899): [syncLogoCheckAndUpdateFromIsdbT] ISDBT_LOGO_SYNCHRONIZED.journal is Not Exist
08-08 04:46:02.263 I/JpTis_SyncLogoDb( 1899): [syncLogoCheckAndUpdateFromIsdbS] ISDBS_LOGO_SYNCHRONIZED.journal is Not Exist
08-08 04:46:02.263 I/JpTis_SyncLogoDb( 1899): [syncLogoCheckAndUpdateFromIsdbS] ISDBS3_LOGO_SYNCHRONIZED.journal is Not Exist
08-08 04:46:02.263 I/JpTis_AribSdbImpl( 1899): [init()] LogoDb Sync end.
08-08 04:46:02.264 I/JpTis_TvdbMigration( 1899): [checkForMigrateAribExternalCharacter] ServiceDB version = 102
08-08 04:46:02.264 I/JpTis_SdbRestoreStatus( 1899): [LogoListener][ReqId:33] sendAribSdbLogoRestoreStatusListener. onLogoRestoreEnded()
08-08 04:46:02.264 I/JpTis_AribBjsRegistry( 1899): onLogoRestoreEnded called.
08-08 04:46:02.266 I/JpTis_AribSdbImpl( 1899): [init()] EmmDataDb Restore start.
08-08 04:46:02.267 W/com.sony.dtv.sonyselect.util.AndroidAppUtil( 2379): Activity not found
08-08 04:46:02.269 D/CompatibilityChangeReporter(  741): Compat change id reported: 168419799; UID 10119; state: DISABLED
08-08 04:46:02.270 D/CompatibilityChangeReporter(  741): Compat change id reported: 273564678; UID 10119; state: DISABLED
08-08 04:46:02.279 W/ActivityManager(  741): Unable to start service Intent { act=com.google.android.gms.gservices.START pkg=com.google.android.gms } U=0: not found
08-08 04:46:02.280 D/CompatibilityChangeReporter(  741): Compat change id reported: 168419799; UID 1000; state: DISABLED
08-08 04:46:02.280 D/CompatibilityChangeReporter(  741): Compat change id reported: 273564678; UID 1000; state: DISABLED
08-08 04:46:02.284 I/JpTis_TvdbMigration( 1899): [checkForMigrateAribExternalCharacter] sdbMigration: [SdbMigrationEntity(isMigratedAribExternalCharacter=true)]
08-08 04:46:02.284 I/JpTis_TvdbMigration( 1899): [migrateAribExternalCharacterForChannels] start
08-08 04:46:02.284 I/JpTis_TvdbMigration( 1899): [migrateAribExternalCharacterForChannels] end
08-08 04:46:02.285 I/JpTis_syncTvDbChannels( 1899): [syncCheckAndUpdateFromIsdbT] journalFile is Not Exist. Channels Synchronization will not be performed. 
08-08 04:46:02.285 I/JpTis_syncTvDbChannels( 1899): [syncCheckAndUpdateFromIsdbS] journalFile is Not Exist. Channels Synchronization will not be performed. 
08-08 04:46:02.285 I/JpTis_syncTvDbChannels( 1899): [syncCheckAndUpdateFromIsdbS3] journalFile is Not Exist. Channels Synchronization will not be performed. 
08-08 04:46:02.286 D/CompatibilityChangeReporter(  741): Compat change id reported: 168419799; UID 10230; state: DISABLED
08-08 04:46:02.287 D/CompatibilityChangeReporter(  741): Compat change id reported: 273564678; UID 10230; state: DISABLED
08-08 04:46:02.287 I/JpTis_AribSdbImpl( 1899): [init()] EventDb Restore calling start.
08-08 04:46:02.295 I/JpTis_AribSdbImpl( 1899): initialPresetScan()
08-08 04:46:02.296 V/GraphicsEnvironment( 2524): Currently set values for:
08-08 04:46:02.296 V/GraphicsEnvironment( 2524):   angle_gl_driver_selection_pkgs=[]
08-08 04:46:02.296 V/GraphicsEnvironment( 2524):   angle_gl_driver_selection_values=[]
08-08 04:46:02.297 W/ActivityManager(  741): Unbind failed: could not find connection for android.os.BinderProxy@a1947c4
08-08 04:46:02.300 V/GraphicsEnvironment( 2524): ANGLE GameManagerService for com.sony.dtv.aribfontserver: false
08-08 04:46:02.300 V/GraphicsEnvironment( 2524): com.sony.dtv.aribfontserver is not listed in per-application setting
08-08 04:46:02.307 D/CompatibilityChangeReporter( 2703): Compat change id reported: 171979766; UID 10230; state: ENABLED
08-08 04:46:02.307 D/CompatibilityChangeReporter( 2703): Compat change id reported: 242716250; UID 10230; state: ENABLED
08-08 04:46:02.311 D/CompatibilityChangeReporter(  741): Compat change id reported: 170503758; UID 10230; state: ENABLED
08-08 04:46:02.319 D/nativeloader( 2703): Configuring clns-shared-4 for other apk /vendor/framework/com.sony.dtv.recutil.jar. target_sdk_version=34, uses_libraries=ALL, library_path=/system_ext/app/RecService/lib/arm:/system/lib:/system_ext/lib, permitted_path=/data:/mnt/expand:/data/user/0/com.sony.dtv.recservice:/system_ext/app/RecService:/system/lib:/system_ext/lib
08-08 04:46:02.319 D/nativeloader( 2703): Extending system_exposed_libraries: libimagedecoder.sony.so
08-08 04:46:02.323 I/JpTis_AribSdttAccumulatingBjMgr( 1899): AribBjMgrBase setup
08-08 04:46:02.323 I/JpTis_AribBroadcastClockManager( 1899): addBroadcastClockStoredListener() id=54 sessionToken=null
08-08 04:46:02.323 I/JpTis_AribSdbImpl( 1899): [ReqId:33] removeAribSdbLogoRestoreStatusListener()
08-08 04:46:02.324 I/JpTis_AribAsuBjMgr( 1899): AribAsuBjMgr setup.
08-08 04:46:02.324 I/JpTis_AribCommonDLBjMgr( 1899): AribCommonDLBjMgr setup.
08-08 04:46:02.324 I/JpTis_AribSdbImpl( 1899): getSupportedDownloadType()
08-08 04:46:02.324 I/JpTis_AribSdbImpl( 1899): [ReqId:55] addSdttCommonDataChangeListener()
08-08 04:46:02.325 I/JpTis_AribSdbImpl( 1899): getSdttCommonDataChangeNotifyInfo() downloadType:BS_COMMON
08-08 04:46:02.325 I/JpTis_AribSdttAccumulatingBjMgr( 1899): startBackgroundProcess.
08-08 04:46:02.325 I/JpTis_AribSdttAccumulatingBjMgr( 1899): new create TaskOperation.
08-08 04:46:02.325 I/JpTis_AribSdttAccumulatingBjMgr( 1899): createTaskConfig config: BackgroundTaskConfiguration(scheduleStrategy=TimeSchedule(priority=300, allowDelay=true, broadcastTime=01:00))
08-08 04:46:02.325 I/JpTis_AribSdttAccumulatingBjMgr( 1899): updateTaskScheduling taskOp: AribBackgroundTaskOperation(request=ADD, taskInfo=AribBackgroundTaskInfo(config=BackgroundTaskConfiguration(scheduleStrategy=TimeSchedule(priority=300, allowDelay=true, broadcastTime=01:00)), status=AribBackgroundTaskStatus(state=NONE, err=NONE, info=null)))
08-08 04:46:02.326 W/FontLog ( 1699): Exception in extracting assets. [CONTEXT service_id=132 ]
08-08 04:46:02.326 W/FontLog ( 1699): java.io.FileNotFoundException: Google_Sans_Flex-400-100_0-0_0.ttf
08-08 04:46:02.326 W/FontLog ( 1699): 	at android.content.res.AssetManager.nativeOpenAsset(Native Method)
08-08 04:46:02.326 W/FontLog ( 1699): 	at android.content.res.AssetManager.open(AssetManager.java:908)
08-08 04:46:02.326 W/FontLog ( 1699): 	at android.content.res.AssetManager.open(AssetManager.java:885)
08-08 04:46:02.326 W/FontLog ( 1699): 	at ajws.run(:com.google.android.gms@253434118@25.34.34 (180306-800653487):8)
08-08 04:46:02.326 W/FontLog ( 1699): 	at afdn.c(:com.google.android.gms@253434118@25.34.34 (180306-800653487):50)
