01-01 09:00:06.348 I/SystemConfig(  741): Reading permissions from /system_ext/etc/permissions/com.sony.dtv.picturequalitycontrol.xml
01-01 09:00:06.349 I/SystemConfig(  741): Reading permissions from /system_ext/etc/permissions/com.sony.dtv.pqrepository.xml
01-01 09:00:06.350 I/SystemConfig(  741): Reading permissions from /system_ext/etc/permissions/com.sony.dtv.sonyimagedecoder.xml
01-01 09:00:06.351 I/SystemConfig(  741): Reading permissions from /system_ext/etc/permissions/com.sony.dtv.sonysystemservice.picturecontrol.pqawareapphelper.xml
01-01 09:00:06.352 I/SystemConfig(  741): Reading permissions from /system_ext/etc/permissions/com.sony.dtv.storage.xml
01-01 09:00:06.354 I/SystemConfig(  741): Reading permissions from /system_ext/etc/permissions/com.sony.dtv.update.xml
01-01 09:00:06.354 V/<MI_PQ> (  626): CUSTOM_QMAP Insert file  is success!!
01-01 09:00:06.354 V/<MI_PQ> (  626):  CUSTOM_QMAP FilePath = /mnt/vendor/featuredata/pq/qmap/online 
01-01 09:00:06.354 V/<MI_PQ> (  626):  CUSTOM_QMAP eQmapFileTypeIndx = 0 eFileType = 2 ePQMapType = 0
01-01 09:00:06.354 V/<MI_PQ> (  626): [MI_PQ_Apply_InsertController, 3221][qmap log]FileName: aisr_rm.json; Path: /mnt/vendor/featuredata/pq/qmap/online/aisr/aisr_rm.json
01-01 09:00:06.355 I/SystemConfig(  741): Reading permissions from /system_ext/etc/permissions/com.sonymobile.mediacontent.xml
01-01 09:00:06.356 V/<MI_PQ> (  626): [MI_PQ_Apply_InsertController, 3221][qmap log]FileName: ca_param_rm.json; Path: /vendor/tvconfig/bsp/chip/mt5897/pq/ts_domain/qmap_main/online/ca/ca_param_rm.json
01-01 09:00:06.356 I/SystemConfig(  741): Reading permissions from /system_ext/etc/permissions/huey.xml
01-01 09:00:06.356 V/<MI_PQ> (  626): [MI_PQ_Apply_InsertController, 3221][qmap log]FileName: hdr_3x3_csc_inputto2020_rm.json; Path: /mnt/vendor/featuredata/pq/qmap/online/cfd/hdr_3x3_csc_inputto2020_rm.json
01-01 09:00:06.357 V/<MI_PQ> (  626): [MI_PQ_Apply_InsertController, 3221][qmap log]FileName: hdr_in_csc_rm.json; Path: /mnt/vendor/featuredata/pq/qmap/online/cfd/hdr_in_csc_rm.json
01-01 09:00:06.357 I/SystemConfig(  741): Reading permissions from /system_ext/etc/permissions/privapp-permissions-com.android.tv.feedbackconsent.xml
01-01 09:00:06.358 V/<MI_PQ> (  626): [MI_PQ_Apply_InsertController, 3221][qmap log]FileName: hdr_out_csc_rm.json; Path: /mnt/vendor/featuredata/pq/qmap/online/cfd/hdr_out_csc_rm.json
01-01 09:00:06.358 V/<MI_PQ> (  626): [MI_PQ_Apply_InsertController, 3221][qmap log]FileName: ip2csc_rm.json; Path: /mnt/vendor/featuredata/pq/qmap/online/cfd/ip2csc_rm.json
01-01 09:00:06.358 I/SystemConfig(  741): Reading permissions from /system_ext/etc/permissions/privapp-permissions-com.android.tv.mdnsoffloadmanager.xml
01-01 09:00:06.358 V/<MI_PQ> (  626): [MI_PQ_Apply_InsertController, 3221][qmap log]FileName: rgb3dlut_rm.json; Path: /vendor/tvconfig/bsp/chip/mt5897/pq/ts_domain/qmap_main/online/cfd/rgb3dlut_rm.json
01-01 09:00:06.359 V/<MI_PQ> (  626): [MI_PQ_Apply_InsertController, 3221][qmap log]FileName: vopcsc_rm.json; Path: /mnt/vendor/featuredata/pq/qmap/online/cfd/vopcsc_rm.json
01-01 09:00:06.359 I/SystemConfig(  741): Reading permissions from /system_ext/etc/permissions/privapp-permissions-extservice.xml
01-01 09:00:06.359 V/<MI_PQ> (  626): [MI_PQ_Apply_InsertController, 3221][qmap log]FileName: xvycc_rm.json; Path: /vendor/tvconfig/bsp/chip/mt5897/pq/ts_domain/qmap_main/online/cfd/xvycc_rm.json
01-01 09:00:06.360 V/<MI_PQ> (  626): [MI_PQ_Apply_InsertController, 3221][qmap log]FileName: avc_rm.json; Path: /mnt/vendor/featuredata/pq/qmap/online/color/avc_rm.json
01-01 09:00:06.360 V/<MI_PQ> (  626): [MI_PQ_Apply_InsertController, 3221][qmap log]FileName: cti2nd_UM_rm.json; Path: /mnt/vendor/featuredata/pq/qmap/online/color/cti2nd_UM_rm.json
01-01 09:00:06.361 V/<MI_PQ> (  626): [MI_PQ_Apply_InsertController, 3221][qmap log]FileName: fwc_UM_rm.json; Path: /mnt/vendor/featuredata/pq/qmap/online/color/fwc_UM_rm.json
01-01 09:00:06.361 V/<MI_PQ> (  626): [MI_PQ_Apply_InsertController, 3221][qmap log]FileName: hsy_rm.json; Path: /vendor/tvconfig/bsp/chip/mt5897/pq/ts_domain/qmap_main/online/color/hsy_rm.json
01-01 09:00:06.362 V/<MI_PQ> (  626): [MI_PQ_Apply_InsertController, 3221][qmap log]FileName: lpq_color_rm.json; Path: /mnt/vendor/featuredata/pq/qmap/online/color/lpq_color_rm.json
01-01 09:00:06.362 V/<MI_PQ> (  626): [MI_PQ_Apply_InsertController, 3221][qmap log]FileName: ycbcreng_rm.json; Path: /vendor/tvconfig/bsp/chip/mt5897/pq/ts_domain/qmap_main/online/color/ycbcreng_rm.json
01-01 09:00:06.363 I/SystemConfig(  741): Reading permissions from /system_ext/etc/permissions/privapp-permissions-google-se.xml
01-01 09:00:06.363 V/<MI_PQ> (  626): [MI_PQ_Apply_InsertController, 3221][qmap log]FileName: madi_rm.json; Path: /vendor/tvconfig/bsp/chip/mt5897/pq/ts_domain/qmap_main/online/di/madi_rm.json
01-01 09:00:06.363 V/<MI_PQ> (  626): [MI_PQ_Apply_InsertController, 3221][qmap log]FileName: film_rm.json; Path: /mnt/vendor/featuredata/pq/qmap/online/film/film_rm.json
01-01 09:00:06.365 V/<MI_PQ> (  626): [MI_PQ_Apply_InsertController, 3221][qmap log]FileName: dlc_UM055_rm.json; Path: /mnt/vendor/featuredata/pq/qmap/online/globalcontrast/dlc_UM055_rm.json
01-01 09:00:06.366 V/<MI_PQ> (  626): [MI_PQ_Apply_InsertController, 3221][qmap log]FileName: dlcai_rm.json; Path: /mnt/vendor/featuredata/pq/qmap/online/globalcontrast/dlcai_rm.json
01-01 09:00:06.367 V/<MI_PQ> (  626): [MI_PQ_Apply_InsertController, 3221][qmap log]FileName: tmo_rm.json; Path: /vendor/tvconfig/bsp/chip/mt5897/pq/ts_domain/qmap_main/online/hdr/tmo_rm.json
01-01 09:00:06.368 V/<MI_PQ> (  626): [MI_PQ_Apply_InsertController, 3221][qmap log]FileName: lvt_rm.json; Path: /mnt/vendor/featuredata/pq/qmap/online/livetone/lvt_rm.json
01-01 09:00:06.369 V/<MI_PQ> (  626): [MI_PQ_Apply_InsertController, 3221][qmap log]FileName: lce_UM055_rm.json; Path: /mnt/vendor/featuredata/pq/qmap/online/localcontrast/lce_UM055_rm.json
01-01 09:00:06.369 V/<MI_PQ> (  626): [MI_PQ_Apply_InsertController, 3221][qmap log]FileName: ucd_rm.json; Path: /mnt/vendor/featuredata/pq/qmap/online/localcontrast/ucd_rm.json
01-01 09:00:06.370 E/audio_hw_primary(  617): create: pipeline[0x1f000004], event[OffloadInputChannel] rigister callback, ret 5!!
01-01 09:00:06.370 V/<MI_PQ> (  626): [MI_PQ_Apply_InsertController, 3221][qmap log]FileName: lpq_UM_rm.json; Path: /mnt/vendor/featuredata/pq/qmap/online/lpq/lpq_UM_rm.json
01-01 09:00:06.370 I/SystemConfig(  741): Reading permissions from /system_ext/etc/permissions/privapp-permissions-mediatek-mdns.xml
01-01 09:00:06.370 V/<MI_PQ> (  626): [MI_PQ_Apply_InsertController, 3221][qmap log]FileName: demo_rm.json; Path: /mnt/vendor/featuredata/pq/qmap/online/mwe/demo_rm.json
01-01 09:00:06.371 V/<MI_PQ> (  626): [MI_PQ_Apply_InsertController, 3221][qmap log]FileName: abf_UM_rm.json; Path: /mnt/vendor/featuredata/pq/qmap/online/nr/abf_UM_rm.json
01-01 09:00:06.372 V/<MI_PQ> (  626): [MI_PQ_Apply_InsertController, 3221][qmap log]FileName: dbk_UM_rm.json; Path: /mnt/vendor/featuredata/pq/qmap/online/nr/dbk_UM_rm.json
01-01 09:00:06.372 V/<MI_PQ> (  626): [MI_PQ_Apply_InsertController, 3221][qmap log]FileName: dnr_rm.json; Path: /mnt/vendor/featuredata/pq/qmap/online/nr/dnr_rm.json
01-01 09:00:06.373 V/<MI_PQ> (  626): [MI_PQ_Apply_InsertController, 3221][qmap log]FileName: mcnr_UM_rm.json; Path: /mnt/vendor/featuredata/pq/qmap/online/nr/mcnr_UM_rm.json
01-01 09:00:06.373 I/<APAF>  (  617): <PRINT>_MI_APAF_FILTER_SYNC_SetParam_IncludeDecLatencyInStc[10127]: bIncludeDecodeLatencyInStc=1
01-01 09:00:06.374 V/<MI_PQ> (  626): [MI_PQ_Apply_InsertController, 3221][qmap log]FileName: mnc_UM_rm.json; Path: /mnt/vendor/featuredata/pq/qmap/online/nr/mnc_UM_rm.json
01-01 09:00:06.375 V/<MI_PQ> (  626): [MI_PQ_Apply_InsertController, 3221][qmap log]FileName: snr_UM_rm.json; Path: /mnt/vendor/featuredata/pq/qmap/online/nr/snr_UM_rm.json
01-01 09:00:06.376 I/SystemConfig(  741): Reading permissions from /system_ext/etc/permissions/privapp-permissions-mediatek.xml
01-01 09:00:06.376 V/<MI_PQ> (  626): [MI_PQ_Apply_InsertController, 3221][qmap log]FileName: spike_UM_rm.json; Path: /mnt/vendor/featuredata/pq/qmap/online/nr/spike_UM_rm.json
01-01 09:00:06.376 V/<MI_PQ> (  626): [MI_PQ_Apply_InsertController, 3221][qmap log]FileName: vcti_UM_rm.json; Path: /mnt/vendor/featuredata/pq/qmap/online/nr/vcti_UM_rm.json
01-01 09:00:06.377 V/<MI_PQ> (  626): [MI_PQ_Apply_InsertController, 3221][qmap log]FileName: fhdqm_rm.json; Path: /vendor/tvconfig/bsp/chip/mt5897/pq/ts_domain/qmap_main/online/qualitymeasure/fhdqm_rm.json
01-01 09:00:06.377 V/<MI_PQ> (  626): [MI_PQ_Apply_InsertController, 3221][qmap log]FileName: 2dds_rm.json; Path: /vendor/tvconfig/bsp/chip/mt5897/pq/ts_domain/qmap_main/online/scaling/2dds_rm.json
01-01 09:00:06.378 I/<APAF>  (  617): <PRINT>_MI_APAF_FILTER_SYNC_SetParam_SyncEnable[9625]: pipeline:Decoder_37, bSyncEnable=0, bEnableDropAddtionalOneFrame=0
01-01 09:00:06.378 V/<MI_PQ> (  626): [MI_PQ_Apply_InsertController, 3221][qmap log]FileName: aipdma_hsd_UM_rm.json; Path: /mnt/vendor/featuredata/pq/qmap/online/scaling/aipdma_hsd_UM_rm.json
01-01 09:00:06.378 I/SystemConfig(  741): Reading permissions from /system_ext/etc/permissions/privapp-permissions-mtknetworkmonitorservice.xml
01-01 09:00:06.378 I/audio_hw_primary(  617): applySyncFilterConfig: Decoder_37 run with foreground app: 
01-01 09:00:06.379 V/<MI_PQ> (  626): [MI_PQ_Apply_InsertController, 3221][qmap log]FileName: aipdma_vsd_rm.json; Path: /vendor/tvconfig/bsp/chip/mt5897/pq/ts_domain/qmap_main/online/scaling/aipdma_vsd_rm.json
01-01 09:00:06.379 I/SystemConfig(  741): Reading permissions from /system_ext/etc/permissions/privapp-permissions-sonytv-common_system_ext.xml
01-01 09:00:06.379 V/<MI_PQ> (  626): [MI_PQ_Apply_InsertController, 3221][qmap log]FileName: mainscaler_hsp_UM_rm.json; Path: /mnt/vendor/featuredata/pq/qmap/online/scaling/mainscaler_hsp_UM_rm.json
01-01 09:00:06.380 V/<MI_PQ> (  626): [MI_PQ_Apply_InsertController, 3221][qmap log]FileName: mainscaler_other_rm.json; Path: /vendor/tvconfig/bsp/chip/mt5897/pq/ts_domain/qmap_main/online/scaling/mainscaler_other_rm.json
01-01 09:00:06.380 E/audio_hw_primary(  617): applySyncFilterConfig: pipeline[0x1f000004], event[Sync_Event_Underrun] rigister callback, ret 5!!
01-01 09:00:06.380 V/<MI_PQ> (  626): [MI_PQ_Apply_InsertController, 3221][qmap log]FileName: mainscaler_v_UM_rm.json; Path: /mnt/vendor/featuredata/pq/qmap/online/scaling/mainscaler_v_UM_rm.json
01-01 09:00:06.380 E/audio_hw_primary(  617): applySyncFilterConfig: pipeline[0x1f000004], event[OffloadInputChannel] rigister callback, ret 5!!
01-01 09:00:06.380 I/audio_hw_primary(  617): create: decoder pipeline Decoder_37[InputSource=MM, DecoderFormat=Ac3, PathType=Offload] handle [0x1f000004] Done !!
01-01 09:00:06.381 V/<MI_PQ> (  626): [MI_PQ_Apply_InsertController, 3221][qmap log]FileName: precti_UM_rm.json; Path: /mnt/vendor/featuredata/pq/qmap/online/scaling/precti_UM_rm.json
01-01 09:00:06.382 V/<MI_PQ> (  626): [MI_PQ_Apply_InsertController, 3221][qmap log]FileName: ltiee_UM_rm.json; Path: /mnt/vendor/featuredata/pq/qmap/online/sr/ltiee_UM_rm.json
01-01 09:00:06.382 I/audio_hw_primary(  617): utils_set_decoder_tb11: out[37] SetParameters (RfSignalType=2) (DolbyTb11Enable=1) to (Ac3) in pipeline(0x1f000004)[Decoder_37]
01-01 09:00:06.382 V/<MI_PQ> (  626): [MI_PQ_Apply_InsertController, 3221][qmap log]FileName: peaking_UM_rm.json; Path: /mnt/vendor/featuredata/pq/qmap/online/sr/peaking_UM_rm.json
01-01 09:00:06.383 I/SystemConfig(  741): Reading permissions from /system_ext/etc/permissions/privapp-permissions-sonytv-m6_system_ext.xml
01-01 09:00:06.385 I/SystemConfig(  741): Reading permissions from /system_ext/etc/permissions/privapp-permissions-sonytv-wyvern_ww_system_ext.xml
01-01 09:00:06.386 I/<APAF>  (  617): <PRINT>_MI_APAF_FILTER_SYNC_SetParam_DropFramesBegin[10097]: u32DropFramesBegin=0
01-01 09:00:06.386 I/audio_hw_primary(  617): utils_out_stream_open_pipeline: out[37], pipeline[0x1f000004][InputSource=MM, DecoderFormat=Ac3, PathType=Offload] Done !!
01-01 09:00:06.386 V/<MI_PQ> (  626): [MI_PQ_Apply_InsertController, 3221][qmap log]FileName: pq_gamma_rm.json; Path: /vendor/tvconfig/bsp/chip/mt5897/pq/ts_domain/qmap_main/online/vop2/pq_gamma_rm.json
01-01 09:00:06.386 I/ac3_parser(  617): ac3_parser_init
01-01 09:00:06.386 I/SystemConfig(  741): Reading permissions from /system_ext/etc/permissions/unavailable-features-sonytv-m6.xml
01-01 09:00:06.387 D/SystemConfig(  741): Removed unavailable feature android.hardware.wifi.direct
01-01 09:00:06.387 I/audio_parser(  617): version number : 0x00023120
01-01 09:00:06.387 V/<MI_PQ> (  626): [MI_PQ_Apply_InsertController, 3221][qmap log]FileName: mcnr_B2B_rm.json; Path: /mnt/vendor/featuredata/pq/qmap/online/nr/mcnr_B2B_rm.json
01-01 09:00:06.387 I/audio_hw_primary(  617): adev_open_output_stream:  handle:37 parser open ok.
01-01 09:00:06.388 I/SystemConfig(  741): Reading permissions from /apex/com.android.tethering/etc/permissions/permissions.xml
01-01 09:00:06.388 D/audio_hw_primary(  617): utils_apply_audio_description_ui_setting: out->handle = 37, AudioDescription = 0, UiAdEnable = 0, UiSpsEnable = 0, PanFadeEnable = 1, AdVolumeDb = 0.000000, DialogEnhancerGain = 0, DapDialogEnhancerGain = 0AdMixedInSpkDisable = 0, AdMixedInHpDisable = 0
01-01 09:00:06.388 E/PQ_UTILITY(  626): [PQMAP][PIM][__rm_get_setting] Cannot find label: MCNR_EN#L_Interlace_1440
01-01 09:00:06.388 E/PQ_UTILITY(  626): [PQMAP][RM][__rm_get_rulemap] Error parsing settings
01-01 09:00:06.388 E/PQ_UTILITY(  626): [PQMAP][PIM][__rm_get_setting] Cannot find label: MCNR_EN#M_Interlace_1440
01-01 09:00:06.388 E/PQ_UTILITY(  626): [PQMAP][RM][__rm_get_rulemap] Error parsing settings
01-01 09:00:06.389 E/PQ_UTILITY(  626): [PQMAP][PIM][__rm_get_setting] Cannot find label: MCNR_EN#H_Interlace_1440
01-01 09:00:06.389 E/PQ_UTILITY(  626): [PQMAP][RM][__rm_get_rulemap] Error parsing settings
01-01 09:00:06.389 V/<MI_PQ> (  626): [MI_PQ_Apply_InsertController, 3221][qmap log]FileName: freqdet_UM_rm.json; Path: /mnt/vendor/featuredata/pq/qmap/online/qualitymeasure/freqdet_UM_rm.json
01-01 09:00:06.390 D/audio_hw_primary(  617): out_common_get_buffer_size: stream=0xef0c0c10, handle=37, format=0x9000000, BufferSize=784
01-01 09:00:06.390 I/AudioFlinger(  680): HAL output buffer size 784 frames, normal sink buffer size 784 frames
01-01 09:00:06.390 I/audio_hw_primary(  617): out_set_event_callback: handle = 37
01-01 09:00:06.391 I/AudioFlinger(  680): AudioFlinger's thread 0xeaa8c1c0 tid=971 ready to run
01-01 09:00:06.391 W/AudioFlinger(  680): no wake lock to update, system not ready yet
01-01 09:00:06.391 D/AudioFlinger(  680): ro.audio.silent is ignored since no output device is set
01-01 09:00:06.392 V/<MI_PQ> (  626): CUSTOM_QMAP Insert file  is success!!
01-01 09:00:06.392 V/<MI_PQ> (  626):  CUSTOM_QMAP FilePath = /mnt/vendor/featuredata/pq/qmap/online 
01-01 09:00:06.392 V/<MI_PQ> (  626):  CUSTOM_QMAP eQmapFileTypeIndx = 0 eFileType = 1 ePQMapType = 0
01-01 09:00:06.393 W/AudioFlinger(  680): no wake lock to update, system not ready yet
01-01 09:00:06.393 D/AudioFlinger(  680): ro.audio.silent is ignored since no output device is set
01-01 09:00:06.394 I/SystemConfig(  741): Reading permissions from /apex/com.android.permission/etc/permissions/privapp_allowlist_com.google.android.permissioncontroller.xml
01-01 09:00:06.396 I/SystemConfig(  741): Reading permissions from /apex/com.android.extservices/etc/permissions/privapp_allowlist_com.google.android.ext.services.xml
01-01 09:00:06.397 I/SystemConfig(  741): Reading permissions from /apex/com.android.btservices/etc/permissions/privapp_allowlist_com.android.bluetooth.xml
01-01 09:00:06.398 V/<MI_PQ> (  626): [MI_PQ_Apply_Init_PQMap_offline, 3969][qmap log]GetPath [CUS_PQ_TS_DOMAIN:m_pCusExPath] is success  Path = /mnt/vendor/persist/chip/mt5897/pq/ts_domain/qmap_main_ex !!
01-01 09:00:06.398 I/SystemConfig(  741): Reading permissions from /apex/com.android.mediaprovider/etc/permissions/privapp_allowlist_com.android.providers.media.module.xml
01-01 09:00:06.399 D/audio_hw_primary(  617): out_common_set_parameters: handle=37, kvpairs closing=true !!
01-01 09:00:06.400 I/SystemConfig(  741): Reading permissions from /apex/com.android.devicelock/etc/permissions/privapp_allowlist_com.android.devicelockcontroller.xml
01-01 09:00:06.400 V/<MI_PQ> (  626): [MI_PQ_Apply_Init_PQMap_offline, 3969][qmap log]GetPath [PQ_TS_DOMAIN:m_pExPath] is success  Path = /vendor/tvconfig/bsp/chip/mt5897/pq/ts_domain/qmap_main_ex !!
01-01 09:00:06.400 E/<MI_PQ> (  626): <ERR>_MI_PQ_Apply_InsertPQMapFile[3712]: SONY_PQ_CUSTOM_QMAP sony_custom_dir data_variation.json nothing
01-01 09:00:06.401 V/<MI_PQ> (  626): [MI_PQ_Apply_InsertController, 3269][qmap log]FileName: pim.bin; Path: /vendor/tvconfig/bsp/chip/mt5897/pq/ts_domain/qmap_main_ex/offline/pim.bin
01-01 09:00:06.402 I/SystemConfig(  741): Reading permissions from /apex/com.android.healthfitness/etc/permissions/privapp_allowlist_com.android.healthconnect.controller.xml
01-01 09:00:06.403 I/SystemConfig(  741): Reading permissions from /apex/com.android.ipsec/etc/permissions/android.net.ipsec.ike.xml
01-01 09:00:06.404 D/audio_hw_primary(  617): out_common_set_parameters: handle=37, kvpairs exiting=1 !!
01-01 09:00:06.404 D/audio_hw_primary(  617): out_drain: stream=0xef0c0c10, handle=37, type=0
01-01 09:00:06.404 I/audio_hw_primary(  617): out_set_event_callback: handle = 37
01-01 09:00:06.405 I/audio_hw_primary(  617): adev_close_output_stream: out->handle(37)
01-01 09:00:06.405 I/audio_hw_primary(  617): utils_close_tpcaudio_pipeline: release TPC AUDIO LINK stuff
01-01 09:00:06.405 I/audio_hw_primary(  617): utils_out_stream_close_pipeline: Set Paramter[Param_DecodeFormat] decoder_format = 0x0. Ok.
01-01 09:00:06.406 V/<MI_PQ> (  626): CUSTOM_QMAP Insert file  is success!!
01-01 09:00:06.406 V/<MI_PQ> (  626):  CUSTOM_QMAP FilePath = /vendor/tvconfig/bsp/chip/mt5897/pq/ts_domain/qmap_main_ex/offline 
01-01 09:00:06.406 V/<MI_PQ> (  626):  CUSTOM_QMAP eQmapFileTypeIndx = 1 eFileType = 5 ePQMapType = 1
01-01 09:00:06.406 E/<MI_PQ> (  626): <ERR>_MI_PQ_Apply_InsertPQMapFile[3712]: SONY_PQ_CUSTOM_QMAP sony_custom_dir data_variation.json nothing
01-01 09:00:06.407 V/<MI_PQ> (  626): [MI_PQ_Apply_InsertController, 3281][qmap log]FileName: rm.bin; Path: /vendor/tvconfig/bsp/chip/mt5897/pq/ts_domain/qmap_main_ex/offline/rm.bin
01-01 09:00:06.409 V/<MI_PQ> (  626): CUSTOM_QMAP Insert file  is success!!
01-01 09:00:06.409 V/<MI_PQ> (  626):  CUSTOM_QMAP FilePath = /vendor/tvconfig/bsp/chip/mt5897/pq/ts_domain/qmap_main_ex/offline 
01-01 09:00:06.409 V/<MI_PQ> (  626):  CUSTOM_QMAP eQmapFileTypeIndx = 1 eFileType = 6 ePQMapType = 1
01-01 09:00:06.409 I/SystemConfig(  741): Reading permissions from /apex/com.android.adservices/etc/permissions/privapp_allowlist_com.android.adservices.api.xml
01-01 09:00:06.411 I/audio_hw_primary(  617): release: pipeline [Decoder_37] handle [0x1f000004] Done !!
01-01 09:00:06.411 V/<MI_PQ> (  626): [_MI_PQ_Apply_GetPathFromDataIndex, 3359][qmap log]Cannot get key 'PQ_TS_DOMAIN:m_pExModelPath' in dataIndex file /vendor/tvconfig//dataIndex_mt5897_1.ini
01-01 09:00:06.412 V/<MI_PQ> (  626): [MI_PQ_Apply_Init, 3120][qmap log]Init done
01-01 09:00:06.412 I/AudioFlinger(  680): openOutput() this 0xeeec1cc0, module 10 Device AUDIO_DEVICE_OUT_SPEAKER, @:, SamplingRate 8000, Format 0x9000000, Channels 0x1, flags 0x41
01-01 09:00:06.412 I/<MI_PQ> (  626): <QMAP_INFO><<<_MI_PQ_Apply_SyncMem[8707][qmap err]DMA_BUF_IOCTL_SYNC Fail!
01-01 09:00:06.412 V/<MI_PQ> (  626): [_MI_PQ_Apply_SyncMem, 8710][qmap log]s32Ret -1, s32Fd:37, flags:3
01-01 09:00:06.412 I/audio_hw_primary(  617): adev_open_output_stream: handle:45 dev:AUDIO_DEVICE_OUT_SPEAKER fmt/chn/sr 0x09000000/1/8000, flag 0x00000041, encsl_m/cnt_id/sync_id 0/0/0
01-01 09:00:06.412 I/audio_hw_primary(  617): utils_out_stream_init_tpc_audio: assign TpcAudioLink to OutputStream struct
01-01 09:00:06.412 I/audio_hw_primary(  617): utils_out_stream_init_tpc_audio: MM in tunnel mode
01-01 09:00:06.413 I/audio_hw_primary(  617): utils_set_tempo_synth_mode: out:Decoder_45, set Tempo SynthMode to 0
01-01 09:00:06.419 V/SystemConfig(  741): readAllPermissions took to complete: 322ms
01-01 09:00:06.419 I/<MI_PQ> (  626): <QMAP_INFO><<<_MI_PQ_Apply_SyncMem[8707][qmap err]DMA_BUF_IOCTL_SYNC Fail!
01-01 09:00:06.419 W/system_server(  741): Long monitor contention with owner system-server-init-thread1 (953) at com.android.server.SystemConfig com.android.server.SystemConfig.getInstance()(SystemConfig.java:368) waiters=0 in com.android.server.SystemConfig com.android.server.SystemConfig.getInstance() for 168ms
01-01 09:00:06.419 V/<MI_PQ> (  626): [_MI_PQ_Apply_SyncMem, 8710][qmap log]s32Ret -1, s32Fd:37, flags:7
01-01 09:00:06.420 D/SystemServerInitThreadPool(  741): Finished executing ReadingSystemConfig
01-01 09:00:06.420 V/SystemServerTimingAsync(  741): InitThreadPoolExec:ReadingSystemConfig took to complete: 325ms
01-01 09:00:06.422 V/<MI_PQ> (  626): [_MI_PQ_Apply_GetDIPMapPath, 2584][dipmap]Can not find directory: /mnt/vendor/persist/chip/mt5897/pq/dip_domain/qmap_main/online, errno:2
01-01 09:00:06.425 V/<MI_PQ> (  626): [_MI_PQ_Apply_GetDIPMapPath, 2604][dipmap]Get DIP Map path success: /vendor/tvconfig/bsp/chip/mt5897/pq/dip_domain/qmap_main/online
01-01 09:00:06.425 V/<MI_PQ> (  626): [MI_PQ_Apply_DIPInsert, 2833][dipmap]first time:can not find directory: /vendor/tvconfig/bsp/chip/mt5897/pq/dip_domain/qmap_main/online/bin
01-01 09:00:06.425 V/<MI_PQ> (  626): [MI_PQ_Apply_Init_DIPMap_online, 3052][dipmap]Not support bin on this chip
01-01 09:00:06.425 V/<MI_PQ> (  626): [MI_PQ_Apply_DIPInsert, 2853][dipmap]string = /vendor/tvconfig/bsp/chip/mt5897/pq/dip_domain/qmap_main/online/reglist
01-01 09:00:06.426 V/<MI_PQ> (  626): [MI_PQ_Apply_DIPInsert, 2853][dipmap]string = /vendor/tvconfig/bsp/chip/mt5897/pq/dip_domain/qmap_main/online/rulelist
01-01 09:00:06.426 V/<MI_PQ> (  626): [MI_PQ_Apply_DIPInsert, 2853][dipmap]string = /vendor/tvconfig/bsp/chip/mt5897/pq/dip_domain/qmap_main/online/version
01-01 09:00:06.426 V/<MI_PQ> (  626): [MI_PQ_Apply_DIPInsertController, 2732][dipmap]FileName: version_pim.json; Path: /vendor/tvconfig/bsp/chip/mt5897/pq/dip_domain/qmap_main/online/version/version_pim.json
01-01 09:00:06.427 V/<MI_PQ> (  626): [MI_PQ_Apply_DIPInsertController, 2752][dipmap]FileName: rulelist.json; Path: /vendor/tvconfig/bsp/chip/mt5897/pq/dip_domain/qmap_main/online/rulelist/rulelist.json
01-01 09:00:06.428 E/kernel  (  885): [   11.025182][HDMIRX_KERN_INFO][MDrv_HDMI_pullhpd][1954] [50] HPD Inverse : 0, HighLow Flag 1 !!
01-01 09:00:06.428 E/kernel  (  885): [   11.025199][HDMIRX_KERN_INFO][_hdmirx_sctrl_v4l2_cid_hdmi_rx_hpd_control][3226] ** HDMI HPD ctrl by v4l2, port 80, HPD = 1, bInverse = 0
01-01 09:00:06.428 E/kernel  (  885): [   11.025261][HDMIRX_KERN_INFO][MDrv_HDMI_pullhpd][1954] [51] HPD Inverse : 0, HighLow Flag 1 !!
01-01 09:00:06.428 E/kernel  (  885): [   11.025266][HDMIRX_KERN_INFO][_hdmirx_sctrl_v4l2_cid_hdmi_rx_hpd_control][3226] ** HDMI HPD ctrl by v4l2, port 81, HPD = 1, bInverse = 0
01-01 09:00:06.428 E/kernel  (  885): [   11.025287][HDMIRX_KERN_INFO][MDrv_HDMI_pullhpd][1954] [52] HPD Inverse : 0, HighLow Flag 1 !!
01-01 09:00:06.428 E/kernel  (  885): [   11.025293][HDMIRX_KERN_INFO][_hdmirx_sctrl_v4l2_cid_hdmi_rx_hpd_control][3226] ** HDMI HPD ctrl by v4l2, port 82, HPD = 1, bInverse = 0
01-01 09:00:06.429 V/<MI_PQ> (  626): [MI_PQ_Apply_DIPInsert, 2853][dipmap]string = /vendor/tvconfig/bsp/chip/mt5897/pq/dip_domain/qmap_main/online/reglist
01-01 09:00:06.429 V/<MI_PQ> (  626): [MI_PQ_Apply_DIPInsert, 2853][dipmap]string = /vendor/tvconfig/bsp/chip/mt5897/pq/dip_domain/qmap_main/online/rulelist
01-01 09:00:06.429 V/<MI_PQ> (  626): [MI_PQ_Apply_DIPInsert, 2853][dipmap]string = /vendor/tvconfig/bsp/chip/mt5897/pq/dip_domain/qmap_main/online/version
01-01 09:00:06.429 V/<MI_PQ> (  626): [MI_PQ_Apply_Init_DIPMap_online, 3113][dipmap]Init DIPMAP[0] successed
01-01 09:00:06.431 V/<MI_PQ> (  626): [_MI_PQ_Apply_GetDIPMapPath, 2584][dipmap]Can not find directory: /mnt/vendor/persist/chip/mt5897/pq/dip_domain/qmap_main_ex, errno:2
01-01 09:00:06.434 V/<MI_PQ> (  626): [_MI_PQ_Apply_GetDIPMapPath, 2604][dipmap]Get DIP Map path success: /vendor/tvconfig/bsp/chip/mt5897/pq/dip_domain/qmap_main_ex
01-01 09:00:06.434 V/<MI_PQ> (  626): [MI_PQ_Apply_DIPInsertController, 2782][dipmap]FileName: pim.bin; Path: /vendor/tvconfig/bsp/chip/mt5897/pq/dip_domain/qmap_main_ex/offline/pim.bin
01-01 09:00:06.435 V/<MI_PQ> (  626): [MI_PQ_Apply_DIPInsertController, 2792][dipmap]FileName: rm.bin; Path: /vendor/tvconfig/bsp/chip/mt5897/pq/dip_domain/qmap_main_ex/offline/rm.bin
01-01 09:00:06.436 V/<MI_PQ> (  626): [MI_PQ_Apply_Init_DIPMap_offline, 3179][dipmap]Init DIPMAP[1] successed
01-01 09:00:06.436 V/<MI_PQ> (  626): [MI_PQ_Apply_DIPInit, 2642][dipmap]Init done
01-01 09:00:06.436 V/<MI_PQ> (  626): [MI_PQ_Apply_SetDIPMapInfo, 3425][dipmap]MI_PQ_Apply_SetDIPMapInfo ended
01-01 09:00:06.438 I/PackageWatchdog(  741): Updated health check state for package com.google.android.ext.services: INACTIVE -> PASSED
01-01 09:00:06.438 I/PackageWatchdog(  741): Updated health check state for package com.android.tv.settings: INACTIVE -> PASSED
01-01 09:00:06.439 I/PackageWatchdog(  741): Updated health check state for package com.android.networkstack: INACTIVE -> PASSED
01-01 09:00:06.439 I/PackageWatchdog(  741): Updated health check state for package android: INACTIVE -> PASSED
01-01 09:00:06.439 I/PackageWatchdog(  741): Updated health check state for package com.google.android.permissioncontroller: INACTIVE -> PASSED
01-01 09:00:06.439 I/PackageWatchdog(  741): Updated health check state for package com.google.android.gms: INACTIVE -> PASSED
01-01 09:00:06.439 I/PackageWatchdog(  741): Updated health check state for package com.android.providers.media.module: INACTIVE -> PASSED
01-01 09:00:06.439 I/PackageWatchdog(  741): Updated health check state for package com.android.systemui: INACTIVE -> PASSED
01-01 09:00:06.439 I/PackageWatchdog(  741): Updated health check state for package com.android.bluetooth: INACTIVE -> PASSED
01-01 09:00:06.443 W/        (  626): [IPAUTH][EFUSE]{MApi_IPAUTH_CheckEfuse,1111} MApi_IPAUTH_CheckEfuse(0x41F) ==> 0x1
01-01 09:00:06.443 W/        (  626): [IPAUTH][EFUSE]{MApi_IPAUTH_CheckEfuse,1111} MApi_IPAUTH_CheckEfuse(0x45A) ==> 0x0
01-01 09:00:06.443 W/        (  626): [IPAUTH][HASHKEY]{MApi_IPAUTH_CheckHashkey,1027} MApi_IPAUTH_CheckHashkey(118) ==> 1
01-01 09:00:06.443 W/        (  626): [IPAUTH][HASHKEY]{MApi_IPAUTH_CheckHashkey,1027} MApi_IPAUTH_CheckHashkey(39) ==> 0
01-01 09:00:06.443 W/        (  626): [IPAUTH][EFUSE]{MApi_IPAUTH_CheckEfuse,1111} MApi_IPAUTH_CheckEfuse(0x41F) ==> 0x1
01-01 09:00:06.443 W/        (  626): [IPAUTH][EFUSE]{MApi_IPAUTH_CheckEfuse,1111} MApi_IPAUTH_CheckEfuse(0x45A) ==> 0x0
01-01 09:00:06.443 W/        (  626): [IPAUTH][HASHKEY]{MApi_IPAUTH_CheckHashkey,1027} MApi_IPAUTH_CheckHashkey(39) ==> 0
01-01 09:00:06.443 W/        (  626): [IPAUTH][EFUSE]{MApi_IPAUTH_CheckEfuse,1111} MApi_IPAUTH_CheckEfuse(0x41F) ==> 0x1
01-01 09:00:06.443 W/        (  626): [IPAUTH][EFUSE]{MApi_IPAUTH_CheckEfuse,1111} MApi_IPAUTH_CheckEfuse(0x45A) ==> 0x0
01-01 09:00:06.443 W/        (  626): [IPAUTH][HASHKEY]{MApi_IPAUTH_CheckHashkey,1027} MApi_IPAUTH_CheckHashkey(39) ==> 0
01-01 09:00:06.443 I/[v]     (  626): Dolby PQ config control action:6, viewmode:0
01-01 09:00:06.443 I/[v]     (  626): [DvPqCfg] GET_AUTH: dolby_vision = 1, dolby_pr = 0, dolby_iq = 0
01-01 09:00:06.447 D/LibProductConfigInfo(  280): [getString:163] key:4KBE value:-
01-01 09:00:06.447 D/productConfig@1.0-service(  280): [getString:35] key:4KBE outBuf:- len:1
01-01 09:00:06.447 D/SONY_PQ (  626): SONY_PQ 4KBE::-
01-01 09:00:06.448 D/BatteryStatsImpl(  741): Reading daily items from /data/system/batterystats-daily.xml
01-01 09:00:06.449 D/LibProductConfigInfo(  280): [getString:163] key:PanelID value:YDEM007UNG0101
01-01 09:00:06.449 D/productConfig@1.0-service(  280): [getString:35] key:PanelID outBuf:YDEM007UNG0101 len:14
01-01 09:00:06.449 D/SONY_PQ (  626): SONY_PQ Panel ID String::YDEM007UNG0101
01-01 09:00:06.450 V/<MI_PQ> (  626): SONY_PQ final pqdata filename{/mnt/vendor/featuredata/pq/pqmw/dvcf-data/SDK50_dvcf-UM055.cfg}
01-01 09:00:06.451 E/audio_hw_primary(  617): create: pipeline[0x1f000004], event[OffloadInputChannel] rigister callback, ret 5!!
01-01 09:00:06.451 V/<PRINT> (  589): [INPUTSRC]_MI_INPUTSRC_HDMI_ProcessEarcHpd[5212]: Current eARC status = LOST_5V, len = 7.
01-01 09:00:06.453 I/<APAF>  (  617): <PRINT>_MI_APAF_FILTER_SYNC_SetParam_IncludeDecLatencyInStc[10127]: bIncludeDecodeLatencyInStc=1
01-01 09:00:06.455 E/kernel  (  885): [   11.051359][HDMIRX_KERN_INFO][MDrv_HDMI_pullhpd][1954] [53] HPD Inverse : 0, HighLow Flag 1 !!
01-01 09:00:06.455 E/kernel  (  885): [   11.051376][HDMIRX_KERN_INFO][_hdmirx_sctrl_v4l2_cid_hdmi_rx_hpd_control][3226] ** HDMI HPD ctrl by v4l2, port 83, HPD = 1, bInverse = 0
01-01 09:00:06.456 I/audio_hw_primary(  617): utils_isSyncFreeRun: free_run=0
01-01 09:00:06.457 I/<APAF>  (  617): <PRINT>_MI_APAF_FILTER_SYNC_SetParam_SyncEnable[9625]: pipeline:Decoder_45, bSyncEnable=0, bEnableDropAddtionalOneFrame=0
01-01 09:00:06.457 I/KernelCpuUidFreqTimeReader(  741): mPerClusterTimesAvailable=false
01-01 09:00:06.457 I/audio_hw_primary(  617): applySyncFilterConfig: Decoder_45 run with foreground app: 
01-01 09:00:06.460 D/LibProductConfigInfo(  280): [getString:163] key:motionflow value:XR Motion Clarity, Auto mode
01-01 09:00:06.460 D/productConfig@1.0-service(  280): [getString:35] key:motionflow outBuf:XR Motion Clarity, Auto mode len:28
01-01 09:00:06.460 D/SONY_PQ (  626): SONY_PQ motionflow::XR Motion Clarity, Auto mode
01-01 09:00:06.461 D/LibProductConfigInfo(  280): [getString:163] key:4KBE value:-
01-01 09:00:06.461 D/productConfig@1.0-service(  280): [getString:35] key:4KBE outBuf:- len:1
01-01 09:00:06.461 D/SONY_PQ (  626): SONY_PQ 4KBE::-
01-01 09:00:06.462 E/audio_hw_primary(  617): applySyncFilterConfig: pipeline[0x1f000004], event[Sync_Event_Underrun] rigister callback, ret 5!!
01-01 09:00:06.462 E/audio_hw_primary(  617): applySyncFilterConfig: pipeline[0x1f000004], event[OffloadInputChannel] rigister callback, ret 5!!
01-01 09:00:06.462 I/audio_hw_primary(  617): create: decoder pipeline Decoder_45[InputSource=MM, DecoderFormat=Ac3, PathType=HwAvSync] handle [0x1f000004] Done !!
01-01 09:00:06.462 I/audio_hw_primary(  617): utils_set_decoder_tb11: out[45] SetParameters (RfSignalType=2) (DolbyTb11Enable=1) to (Ac3) in pipeline(0x1f000004)[Decoder_45]
01-01 09:00:06.462 D/LibProductConfigInfo(  280): [getString:163] key:8KBE value:-
01-01 09:00:06.463 D/productConfig@1.0-service(  280): [getString:35] key:8KBE outBuf:- len:1
01-01 09:00:06.463 D/SONY_PQ (  626): SONY_PQ 8KBE::-
01-01 09:00:06.463 I/audio_hw_primary(  617): utils_out_stream_open_pipeline: out[45], pipeline[0x1f000004][InputSource=MM, DecoderFormat=Ac3, PathType=HwAvSync] Done !!
01-01 09:00:06.463 I/ac3_parser(  617): ac3_parser_init
01-01 09:00:06.463 I/audio_parser(  617): version number : 0x00023120
01-01 09:00:06.464 D/LibProductConfigInfo(  280): [getString:163] key:Audio Safety value:-
01-01 09:00:06.464 D/productConfig@1.0-service(  280): [getString:35] key:Audio Safety outBuf:- len:1
01-01 09:00:06.464 D/SONY_PQ (  626): SONY_PQ Audio Safety::-
01-01 09:00:06.465 D/LibProductConfigInfo(  280): [getString:163] key:Trial Level value:DVT
01-01 09:00:06.465 D/productConfig@1.0-service(  280): [getString:35] key:Trial Level outBuf:DVT len:3
01-01 09:00:06.465 D/SONY_PQ (  626): SONY_PQ Trial Level::DVT
01-01 09:00:06.466 I/audio_hw_primary(  617): adev_open_output_stream:  handle:45 parser open ok.
01-01 09:00:06.467 D/audio_hw_primary(  617): utils_apply_audio_description_ui_setting: out->handle = 45, AudioDescription = 0, UiAdEnable = 0, UiSpsEnable = 0, PanFadeEnable = 1, AdVolumeDb = 0.000000, DialogEnhancerGain = 0, DapDialogEnhancerGain = 0AdMixedInSpkDisable = 0, AdMixedInHpDisable = 0
01-01 09:00:06.467 D/LibProductConfigInfo(  280): [getString:163] key:SW Sku value:JP
01-01 09:00:06.467 D/productConfig@1.0-service(  280): [getString:35] key:SW Sku outBuf:JP len:2
01-01 09:00:06.467 D/SONY_PQ (  626): SONY_PQ SW Sku::JP
01-01 09:00:06.468 D/audio_hw_primary(  617): out_common_get_buffer_size: stream=0xef0c4410, handle=45, format=0x9000000, BufferSize=784
01-01 09:00:06.468 I/AudioFlinger(  680): HAL output buffer size 784 frames, normal sink buffer size 784 frames
01-01 09:00:06.468 D/LibProductConfigInfo(  280): [getString:163] key:ECO Customize FLAG value:JPN
01-01 09:00:06.468 D/productConfig@1.0-service(  280): [getString:35] key:ECO Customize FLAG outBuf:JPN len:3
01-01 09:00:06.468 I/audio_hw_primary(  617): out_set_event_callback: handle = 45
01-01 09:00:06.468 D/SONY_PQ (  626): SONY_PQ ECO Customize FLAG::JPN
01-01 09:00:06.469 D/LibProductConfigInfo(  280): [getString:163] key:Rich Color Enhancer value:-
01-01 09:00:06.469 D/productConfig@1.0-service(  280): [getString:35] key:Rich Color Enhancer outBuf:- len:1
01-01 09:00:06.469 D/SONY_PQ (  626): SONY_PQ Rich Color Enhancer::-
01-01 09:00:06.471 I/hwservicemanager(  233): getTransport: Cannot find entry android.hardware.power.stats@1.0::IPowerStats/default in either framework or device VINTF manifest.
01-01 09:00:06.471 E/BatteryStatsService(  741): Unable to load Power.Stats.HAL. Setting rail availability to false
01-01 09:00:06.471 D/LibProductConfigInfo(  280): [getString:163] key:PanelID value:YDEM007UNG0101
01-01 09:00:06.472 D/productConfig@1.0-service(  280): [getString:35] key:PanelID outBuf:YDEM007UNG0101 len:14
01-01 09:00:06.472 D/SONY_PQ (  626): SONY_PQ Panel ID String::YDEM007UNG0101
01-01 09:00:06.474 E/DataVariationResolver(  626): data not found
01-01 09:00:06.476 E/DataVariationResolver(  626): getCorrespondingDataVariation Error
01-01 09:00:06.476 E/SONY_PQ (  626): SONY_PQ data resolver find PCD failed
01-01 09:00:06.476 D/CompatibilityChangeReporter(  741): Compat change id reported: 263076149; UID 1000; state: ENABLED
01-01 09:00:06.478 V/<MI_PQ> (  626): SONY_PQ load default fileName ::hard coded::{Sony_Dolby_User.cfg}
01-01 09:00:06.478 V/<MI_PQ> (  626): SONY_PQ final pqdata filename{/vendor/etc/pq/pq_ext/sony_dolbyvision/Sony_DolbyVision_User_Config/Sony_Dolby_User.cfg}
01-01 09:00:06.478 V/<MI_PQ> (  626): SONY_PQ s_factory_dv_config_file: /mnt/vendor/featuredata/pq/pqmw/dvcf-data/SDK50_dvcf-UM055.cfg
01-01 09:00:06.478 W/        (  626): [IPAUTH][EFUSE]{MApi_IPAUTH_CheckEfuse,1111} MApi_IPAUTH_CheckEfuse(0x41F) ==> 0x1
01-01 09:00:06.478 W/        (  626): [IPAUTH][EFUSE]{MApi_IPAUTH_CheckEfuse,1111} MApi_IPAUTH_CheckEfuse(0x45A) ==> 0x0
01-01 09:00:06.478 W/        (  626): [IPAUTH][HASHKEY]{MApi_IPAUTH_CheckHashkey,1027} MApi_IPAUTH_CheckHashkey(39) ==> 0
01-01 09:00:06.478 W/        (  626): [IPAUTH][EFUSE]{MApi_IPAUTH_CheckEfuse,1111} MApi_IPAUTH_CheckEfuse(0x41F) ==> 0x1
01-01 09:00:06.478 W/        (  626): [IPAUTH][EFUSE]{MApi_IPAUTH_CheckEfuse,1111} MApi_IPAUTH_CheckEfuse(0x45A) ==> 0x0
01-01 09:00:06.478 W/        (  626): [IPAUTH][HASHKEY]{MApi_IPAUTH_CheckHashkey,1027} MApi_IPAUTH_CheckHashkey(39) ==> 0
01-01 09:00:06.478 I/[v]     (  626): Dolby PQ config control action:0, viewmode:0
01-01 09:00:06.478 I/[v]     (  626): [DvPqCfg] bin (DEFAULT_BIN_PATH), factory cfg (/mnt/vendor/featuredata/pq/pqmw/dvcf-data/SDK50_dvcf-UM055.cfg), user cfg (/vendor/etc/pq/pq_ext/sony_dolbyvision/Sony_DolbyVision_User_Config/Sony_Dolby_User.cfg)
01-01 09:00:06.479 E/BluetoothAdapter(  741): Bluetooth service is null
01-01 09:00:06.486 I/AudioFlinger(  680): AudioFlinger's thread 0xeaa8c1c0 tid=980 ready to run
01-01 09:00:06.486 W/AudioFlinger(  680): no wake lock to update, system not ready yet
01-01 09:00:06.486 D/AudioFlinger(  680): ro.audio.silent is ignored since no output device is set
01-01 09:00:06.487 D/audio_hw_primary(  617): out_common_set_parameters: handle=45, kvpairs closing=true !!
01-01 09:00:06.488 D/audio_hw_primary(  617): out_standby: stream=0xef0c4410, handle=45
01-01 09:00:06.488 I/audio_hw_primary(  617): out_standby: totalPresentationPosition:0 current_position:0
01-01 09:00:06.488 D/audio_hw_primary(  617): out_standby: stream=0xef0c4410, handle=45, end
01-01 09:00:06.488 D/audio_hw_primary(  617): out_common_set_parameters: handle=45, kvpairs exiting=1 !!
01-01 09:00:06.488 W/AudioFlinger(  680): no wake lock to update, system not ready yet
01-01 09:00:06.489 D/AudioFlinger(  680): ro.audio.silent is ignored since no output device is set
01-01 09:00:06.489 I/audio_hw_primary(  617): out_set_event_callback: handle = 45
01-01 09:00:06.489 I/audio_hw_primary(  617): adev_close_output_stream: out->handle(45)
01-01 09:00:06.489 I/audio_hw_primary(  617): utils_close_tpcaudio_pipeline: release TPC AUDIO LINK stuff
01-01 09:00:06.489 I/audio_hw_primary(  617): utils_out_stream_close_pipeline: Set Paramter[Param_DecodeFormat] decoder_format = 0x0. Ok.
01-01 09:00:06.501 I/audio_hw_primary(  617): release: pipeline [Decoder_45] handle [0x1f000004] Done !!
01-01 09:00:06.504 I/voc_hw  (  617): adev_voc_open_input_stream    :0826 hAudioHandle:14 dev:AUDIO_DEVICE_IN_BUILTIN_MIC fmt/chn/sr 3/2/16000 source 1 flags 0x0
01-01 09:00:06.506 I/voc_hw  (  617): adev_voc_open_input_stream    :0893 adopt 16ms buffer
01-01 09:00:06.506 I/voc_hw  (  617): get_aq_path_from_dataindex    :0615 get_aq_path_from_dataindex(615): szRegionFilePath= 
01-01 09:00:06.509 D/LibProductConfigInfo(  280): [getString:163] key:Audio Safety value:-
01-01 09:00:06.509 D/productConfig@1.0-service(  280): [vendor/sony/frameworks/native/services/productConfig/1.0/ProductConfig.cpp(127):getString] key:Audio Safety value:- len:1
01-01 09:00:06.510 D/LibProductConfigInfo(  280): [getString:163] key:PanelID value:YDEM007UNG0101
01-01 09:00:06.510 D/productConfig@1.0-service(  280): [vendor/sony/frameworks/native/services/productConfig/1.0/ProductConfig.cpp(127):getString] key:PanelID value:YDEM007UNG0101 len:14
01-01 09:00:06.511 D/LibProductConfigInfo(  280): [getString:163] key:Spec Code value:J1
01-01 09:00:06.511 D/productConfig@1.0-service(  280): [vendor/sony/frameworks/native/services/productConfig/1.0/ProductConfig.cpp(127):getString] key:Spec Code value:J1 len:2
01-01 09:00:06.512 I/voc_hw  (  617): get_aq_path_from_dataindex    :0643 get_aq_path_from_dataindex(643): sysfs Panel ID String=FFFFFFFFFFFFFFFF 
01-01 09:00:06.512 I/voc_hw  (  617): get_aq_path_from_dataindex    :0675 get_aq_path_from_dataindex(675): szRegionFilePath={"Audio Safety":"-","Panel ID String":"YDEM007UNG0101"} 
01-01 09:00:06.512 D/SONY_AQ_SERVICE(  617): utilsAqDataInit [1243] pszInfo={"Audio Safety":"-","Panel ID String":"YDEM007UNG0101"} 
01-01 09:00:06.512 I/SONY_AQ_SERVICE(  617): utilsAqDataInit [1256] VERSION version=
01-01 09:00:06.512 I/SONY_AQ_SERVICE(  617): [{
01-01 09:00:06.512 I/SONY_AQ_SERVICE(  617): 		"_copyright":	"Copyright 2023-2025 Sony Corporation"
01-01 09:00:06.512 I/SONY_AQ_SERVICE(  617): 	}, {
01-01 09:00:06.512 I/SONY_AQ_SERVICE(  617): 		"category":	"Version",
01-01 09:00:06.512 I/SONY_AQ_SERVICE(  617): 		"data":	"AQ.0056.01"
01-01 09:00:06.512 I/SONY_AQ_SERVICE(  617): 	}, {
01-01 09:00:06.512 I/SONY_AQ_SERVICE(  617): 		"category":	"date",
01-01 09:00:06.512 I/SONY_AQ_SERVICE(  617): 		"data":	"2025/08/07"
01-01 09:00:06.512 I/SONY_AQ_SERVICE(  617): 	}, {
01-01 09:00:06.512 I/SONY_AQ_SERVICE(  617): 		"category":	" Specification",
01-01 09:00:06.512 I/SONY_AQ_SERVICE(  617): 		"data":	"3.02"
01-01 09:00:06.512 I/SONY_AQ_SERVICE(  617): 	}, {
01-01 09:00:06.512 I/SONY_AQ_SERVICE(  617): 		"category":	"AQDATA_TableSS",
01-01 09:00:06.512 I/SONY_AQ_SERVICE(  617): 		"data":	"3.01"
01-01 09:00:06.512 I/SONY_AQ_SERVICE(  617): 	}, {
01-01 09:00:06.512 I/SONY_AQ_SERVICE(  617): 		"category":	"Table_Index_Detail",
01-01 09:00:06.512 I/SONY_AQ_SERVICE(  617): 		"data":	"3.00"
01-01 09:00:06.512 I/SONY_AQ_SERVICE(  617): 	}] 
01-01 09:00:06.512 D/SONY_AQ_SERVICE(  617): utils_aq_data_det_path [555] INDEX path=aqdata_0014/ !!!!!!!!
01-01 09:00:06.519 W/KernelMemoryBandwidthStats(  741): No kernel memory bandwidth stats available
01-01 09:00:06.523 D/SONY_AQ_SERVICE(  617): utilsAqDataGetNum [1427]  pszConditionInfo={"SVT_AEC": {"TV position": "TV Stand (0)"}} *psztSize=0 
01-01 09:00:06.523 D/SONY_AQ_SERVICE(  617): utils_aq_data_det_case [698] USECASE grp=SVT_AEC case=case0!!!!!!!! 
01-01 09:00:06.525 D/SONY_AQ_SERVICE(  617): utilsAqDataDeInit [1302] Called!!!!!!! 
01-01 09:00:06.533 D/voc_hw  (  617): _in_voc_device_open_pcm_device:0240 u32SoundCardId 86 u32SoundDeviceId 77
01-01 09:00:06.533 D/voc_hw  (  617): _in_voc_device_open_pcm_device:0241 pcm channels 2
01-01 09:00:06.533 D/voc_hw  (  617): _in_voc_device_open_pcm_device:0242 pcm format 32 bits
01-01 09:00:06.533 D/voc_hw  (  617): _in_voc_device_open_pcm_device:0243 pcm rate 16000
01-01 09:00:06.533 D/voc_hw  (  617): _in_voc_device_open_pcm_device:0244 pcm period_count 200
01-01 09:00:06.533 D/voc_hw  (  617): _in_voc_device_open_pcm_device:0245 pcm period_size 256
01-01 09:00:06.539 D/mtk_sdk_device(  686): hw_params           :0225 sdk_mic open c86d77 2 ch 16 k 32 bits 256 frame 200 count
01-01 09:00:06.539 D/mtk_snd_device(  686): hw_params           :0153 mic open c77d77 2 ch 16 k 32 bits 256 frame 200 count
01-01 09:00:06.539 D/mtk_mic (  686): set_mixer_ctrl      :0242 normal record setting
01-01 09:00:06.541 W/mtk_mic (  686): map                 :0787 not supported
01-01 09:00:06.541 W/mtk_mic (  686): ttstamp             :0695 not supported
01-01 09:00:06.542 W/voicesdk_pcm_plugin(  686): mmap                :0682 not supported
01-01 09:00:06.543 W/voicesdk_pcm_plugin(  686): ttstamp             :0533 not supported
01-01 09:00:06.543 W/        (  626): [IPAUTH][EFUSE]{MApi_IPAUTH_CheckEfuse,1111} MApi_IPAUTH_CheckEfuse(0x41F) ==> 0x1
01-01 09:00:06.543 W/        (  626): [IPAUTH][EFUSE]{MApi_IPAUTH_CheckEfuse,1111} MApi_IPAUTH_CheckEfuse(0x45A) ==> 0x0
01-01 09:00:06.543 W/        (  626): [IPAUTH][HASHKEY]{MApi_IPAUTH_CheckHashkey,1027} MApi_IPAUTH_CheckHashkey(39) ==> 0
01-01 09:00:06.543 W/        (  626): [IPAUTH][EFUSE]{MApi_IPAUTH_CheckEfuse,1111} MApi_IPAUTH_CheckEfuse(0x41F) ==> 0x1
01-01 09:00:06.543 W/        (  626): [IPAUTH][EFUSE]{MApi_IPAUTH_CheckEfuse,1111} MApi_IPAUTH_CheckEfuse(0x45A) ==> 0x0
01-01 09:00:06.543 W/        (  626): [IPAUTH][HASHKEY]{MApi_IPAUTH_CheckHashkey,1027} MApi_IPAUTH_CheckHashkey(39) ==> 0
01-01 09:00:06.543 I/[v]     (  626): Dolby PQ config control action:6, viewmode:0
01-01 09:00:06.543 I/[v]     (  626): [DvPqCfg] GET_AUTH: dolby_vision = 1, dolby_pr = 0, dolby_iq = 0
01-01 09:00:06.543 W/        (  626): [IPAUTH][EFUSE]{MApi_IPAUTH_CheckEfuse,1111} MApi_IPAUTH_CheckEfuse(0x41F) ==> 0x1
01-01 09:00:06.543 W/        (  626): [IPAUTH][EFUSE]{MApi_IPAUTH_CheckEfuse,1111} MApi_IPAUTH_CheckEfuse(0x45A) ==> 0x0
01-01 09:00:06.543 W/        (  626): [IPAUTH][HASHKEY]{MApi_IPAUTH_CheckHashkey,1027} MApi_IPAUTH_CheckHashkey(39) ==> 0
01-01 09:00:06.543 W/        (  626): [IPAUTH][EFUSE]{MApi_IPAUTH_CheckEfuse,1111} MApi_IPAUTH_CheckEfuse(0x41F) ==> 0x1
01-01 09:00:06.543 W/        (  626): [IPAUTH][EFUSE]{MApi_IPAUTH_CheckEfuse,1111} MApi_IPAUTH_CheckEfuse(0x45A) ==> 0x0
01-01 09:00:06.543 W/        (  626): [IPAUTH][HASHKEY]{MApi_IPAUTH_CheckHashkey,1027} MApi_IPAUTH_CheckHashkey(39) ==> 0
01-01 09:00:06.543 I/[v]     (  626): Dolby PQ config control action:5, viewmode:0
01-01 09:00:06.544 D/mtk_snd_device(  686): prepare             :0333 mic prepare
01-01 09:00:06.546 D/voicesdk_syncer(  686): process_command     :0478 sdk_mic execute command 1; mic status 1, ref status 0
01-01 09:00:06.550 I/AudioFlinger(  680): AudioFlinger's thread 0xee64bea0 tid=983 ready to run
01-01 09:00:06.550 W/APM::AudioPolicyEngine/PFWWrapper(  680): setDeviceConnectionState: unknown device address reported (bottom) for criterion AvailableInputDevicesAddresses
01-01 09:00:06.550 D/voc_hw  (  617): in_voc_standby                :0457 unsupported
01-01 09:00:06.552 W/AudioFlinger(  680): no wake lock to update, system not ready yet
01-01 09:00:06.553 D/LibProductConfigInfo(  280): [getString:163] key:4KBE value:-
01-01 09:00:06.553 D/productConfig@1.0-service(  280): [getString:35] key:4KBE outBuf:- len:1
01-01 09:00:06.553 D/SONY_PQ (  626): SONY_PQ 4KBE::-
01-01 09:00:06.555 D/LibProductConfigInfo(  280): [getString:163] key:SW Sku value:JP
01-01 09:00:06.555 D/productConfig@1.0-service(  280): [getString:35] key:SW Sku outBuf:JP len:2
01-01 09:00:06.555 D/SONY_PQ (  626): SONY_PQ SW Sku::JP
01-01 09:00:06.556 D/LibProductConfigInfo(  280): [getString:163] key:PanelID value:YDEM007UNG0101
01-01 09:00:06.556 D/productConfig@1.0-service(  280): [getString:35] key:PanelID outBuf:YDEM007UNG0101 len:14
01-01 09:00:06.556 D/SONY_PQ (  626): SONY_PQ Panel ID String::YDEM007UNG0101
01-01 09:00:06.557 D/voc_hw  (  617): in_voc_standby                :0457 unsupported
01-01 09:00:06.560 V/<MI_PQ> (  626): SONY_PQ final pqdata filename{/mnt/vendor/featuredata/pq/pqmw/restriction-data/sony_restrictionDB_without_BE.json}
01-01 09:00:06.562 V/<MI_PQ> (  626): SONY_PQ initialBrightness: 50
01-01 09:00:06.562 V/<MI_PQ> (  626): SONY_PQ {"TargetBrightness": 1.0}
01-01 09:00:06.565 E/<MI_PQ> (  626): <ERR><<<MI_PQ_CONFIG_QueryAttrValueFromConfigRoot[225]errCode = 17
01-01 09:00:06.566 W/AudioFlinger(  680): no wake lock to update, system not ready yet
01-01 09:00:06.566 I/audio_hw_primary(  617): adev_close_input_stream: handle:14
01-01 09:00:06.566 I/voc_hw  (  617): adev_voc_close_input_stream   :0958 hAudioHandle : 14
01-01 09:00:06.567 D/mtk_sdk_device(  686): close_dev           :0441 sdk_mic close
01-01 09:00:06.567 D/voicesdk_syncer(  686): process_command     :0478 sdk_mic execute command 0; mic status 0, ref status 0
01-01 09:00:06.568 I/PQ_AIDL (  626): PQ::initPqSubHal ok done.
01-01 09:00:06.568 D/hwcomposer3(  626): PQHAL:initPqSubHal finished!
01-01 09:00:06.569 I/PQ_AIDL (  626): SetPqAttrContol
01-01 09:00:06.563 W/servicemanager(  232): type=1400 audit(0.0:213): avc:  denied  { call } for  scontext=u:r:service