08-08 04:45:56.211 I/tv.mdns.offload( 1454): Using CollectorTypeCC GC.
08-08 04:45:56.219 D/CompatibilityChangeReporter(  741): Compat change id reported: 194480991; UID 1000; state: ENABLED
08-08 04:45:56.221 E/tv.mdns.offload( 1454): Not starting debugger since process cannot load the jdwp agent.
08-08 04:45:56.224 E/CellBroadcastUtils(  741): getDefaultCellBroadcastReceiverPackageName: no package found
08-08 04:45:56.223 W/tv.mdns.offload( 1454): type=1400 audit(0.0:230): avc:  denied  { search } for  name="proc" dev="debugfs" ino=10174 scontext=u:r:googlecast_offload_app:s0 tcontext=u:object_r:debugfs_binder:s0 tclass=dir permissive=0 app=com.mediatek.android.tv.mdns.offload
08-08 04:45:56.232 D/CompatibilityChangeReporter(  741): Compat change id reported: 197654537; UID 1000; state: ENABLED
08-08 04:45:56.237 I/ActivityTaskManager(  741): START u0 {act=android.intent.action.MAIN cat=[android.intent.category.HOME] flg=0x10000100 cmp=com.android.tv.settings/.system.FallbackHome (has extras)} with LAUNCH_MULTIPLE from uid 0 (BAL_ALLOW_ALLOWLISTED_UID) result code=0
08-08 04:45:56.240 V/SystemServerTiming(  741): startHomeOnAllDisplays took to complete: 49ms
08-08 04:45:56.240 D/SystemServerTiming(  741): showSystemReadyErrorDialogs
08-08 04:45:56.240 I/system_server(  741): getFrameworkHalManifest: Reading VINTF information.
08-08 04:45:56.242 I/system_server(  741): getDeviceHalManifest: Reading VINTF information.
08-08 04:45:56.252 E/Scheduler(  684): trackPendingFrame: Invalid present fence
08-08 04:45:56.259 I/system_server(  741): getDeviceHalManifest: Successfully processed VINTF information
08-08 04:45:56.259 I/system_server(  741): getFrameworkHalManifest: Successfully processed VINTF information
08-08 04:45:56.259 I/system_server(  741): getFrameworkCompatibilityMatrix: Reading VINTF information.
08-08 04:45:56.270 I/bt_stack_config( 1437): packages/modules/Bluetooth/system/main/stack_config.cc:199 get_pts_broadcast_audio_config_options: Config isn't ready, use default option
08-08 04:45:56.281 I/droid.bluetooth( 1437): [0808/044556.281441:INFO:btif_config_cache.cc(67)] BtifConfigCache, capacity: 10000
08-08 04:45:56.294 W/JavaBinder(  741): BinderProxy is being destroyed but the application did not call unlinkToDeath to unlink all of its death recipients beforehand.  Releasing leaked death recipient: com.android.server.am.ActivityManagerService$14
08-08 04:45:56.294 I/BpBinder(  741): onLastStrongRef automatically unlinking death recipients: 
08-08 04:45:56.295 W/System  (  741): A resource failed to call close. 
08-08 04:45:56.296 W/System  (  741): A resource failed to call close. 
08-08 04:45:56.297 W/System  (  741): A resource failed to call close. 
08-08 04:45:56.297 W/System  (  741): A resource failed to call close. 
08-08 04:45:56.297 W/System  (  741): A resource failed to call close. 
08-08 04:45:56.297 W/System  (  741): A resource failed to call close. 
08-08 04:45:56.297 W/System  (  741): A resource failed to call close. 
08-08 04:45:56.297 W/System  (  741): A resource failed to call close. 
08-08 04:45:56.297 W/System  (  741): A resource failed to call close. 
08-08 04:45:56.297 W/System  (  741): A resource failed to call close. 
08-08 04:45:56.297 W/System  (  741): A resource failed to call close. 
08-08 04:45:56.297 W/System  (  741): A resource failed to call close. 
08-08 04:45:56.297 W/System  (  741): A resource failed to call close. 
08-08 04:45:56.297 W/System  (  741): A resource failed to call close. 
08-08 04:45:56.297 W/System  (  741): A resource failed to call close. 
08-08 04:45:56.297 W/System  (  741): A resource failed to call close. 
08-08 04:45:56.297 W/System  (  741): A resource failed to call close. 
08-08 04:45:56.298 W/System  (  741): A resource failed to call close. 
08-08 04:45:56.320 I/system_server(  741): getFrameworkCompatibilityMatrix: Successfully processed VINTF information
08-08 04:45:56.320 I/system_server(  741): getDeviceCompatibilityMatrix: Reading VINTF information.
08-08 04:45:56.321 I/system_server(  741): getDeviceCompatibilityMatrix: Successfully processed VINTF information
08-08 04:45:56.322 V/SystemServerTiming(  741): showSystemReadyErrorDialogs took to complete: 83ms
08-08 04:45:56.322 D/SystemServerTiming(  741): sendUserStartBroadcast
08-08 04:45:56.323 V/SystemServerTiming(  741): sendUserStartBroadcast took to complete: 1ms
08-08 04:45:56.323 D/SystemServerTiming(  741): resumeTopActivities
08-08 04:45:56.325 V/SystemServerTiming(  741): resumeTopActivities took to complete: 1ms
08-08 04:45:56.325 D/SystemServerTiming(  741): sendUserSwitchBroadcasts
08-08 04:45:56.326 V/SystemServerTiming(  741): sendUserSwitchBroadcasts took to complete: 1ms
08-08 04:45:56.326 D/SystemServerTiming(  741): setBinderProxies
08-08 04:45:56.326 V/SystemServerTiming(  741): setBinderProxies took to complete: 0ms
08-08 04:45:56.326 V/SystemServerTiming(  741): ActivityManagerStartApps took to complete: 460ms
08-08 04:45:56.326 D/SystemServerTiming(  741): componentAlias
08-08 04:45:56.327 D/ComponentAliasResolver(  741): Compat listener set.
08-08 04:45:56.327 V/SystemServerTiming(  741): componentAlias took to complete: 1ms
08-08 04:45:56.327 V/SystemServerTiming(  741): PhaseActivityManagerReady took to complete: 2189ms
08-08 04:45:56.327 D/SystemServerTiming(  741): LockSettingsThirdPartyAppsStarted
08-08 04:45:56.327 V/SystemServerTiming(  741): LockSettingsThirdPartyAppsStarted took to complete: 0ms
08-08 04:45:56.327 D/SystemServerTiming(  741): StartSystemUI
08-08 04:45:56.327 W/ActivityManager(  741): Slow operation: 146ms so far, now at startProcess: done updating battery stats
08-08 04:45:56.327 W/ActivityManager(  741): Slow operation: 146ms so far, now at startProcess: building log message
08-08 04:45:56.327 I/ActivityManager(  741): Start proc 1454:com.mediatek.android.tv.mdns.offload/u0a178 for added application com.mediatek.android.tv.mdns.offload
08-08 04:45:56.327 W/ActivityManager(  741): Slow operation: 146ms so far, now at startProcess: starting to update pids map
08-08 04:45:56.328 W/ActivityManager(  741): Slow operation: 146ms so far, now at startProcess: done updating pids map
08-08 04:45:56.328 W/ActivityManager(  741): Slow operation: 138ms so far, now at startProcess: asking zygote to start proc
08-08 04:45:56.328 D/CompatibilityChangeReporter(  741): Compat change id reported: 168419799; UID 10178; state: DISABLED
08-08 04:45:56.329 D/CompatibilityChangeReporter(  741): Compat change id reported: 273564678; UID 10178; state: DISABLED
08-08 04:45:56.332 D/CompatibilityChangeReporter(  741): Compat change id reported: 135634846; UID 1000; state: DISABLED
08-08 04:45:56.333 D/CompatibilityChangeReporter( 1454): Compat change id reported: 171979766; UID 10178; state: ENABLED
08-08 04:45:56.333 D/CompatibilityChangeReporter( 1454): Compat change id reported: 242716250; UID 10178; state: ENABLED
08-08 04:45:56.336 D/CompatibilityChangeReporter(  741): Compat change id reported: 170503758; UID 10178; state: ENABLED
08-08 04:45:56.339 W/ActivityManager(  741): Unable to start service Intent { flg=0x100 cmp=com.android.systemui/.keyguard.KeyguardService } U=0: not found
08-08 04:45:56.339 V/KeyguardServiceDelegate(  741): *** Keyguard: can't bind to ComponentInfo{com.android.systemui/com.android.systemui.keyguard.KeyguardService}
08-08 04:45:56.340 V/SystemServerTiming(  741): StartSystemUI took to complete: 12ms
08-08 04:45:56.340 D/SystemServerTiming(  741): StartSonySystemService
08-08 04:45:56.340 D/ConnectivityService(  741): Got NetworkProvider Messenger for VpnNetworkProvider:0
08-08 04:45:56.339 W/tv.mdns.offload( 1454): type=1400 audit(0.0:231): avc:  denied  { search } for  name="_V7n6AAAAAAEjiLUgtwVj7Cv-Jsm9mCPGTL_00sbvIlQEm0tWbn-bZqtWy3NkFquyAALRyAOq9U" dev="dm-48" ino=3220 scontext=u:r:googlecast_offload_app:s0 tcontext=u:object_r:googlecast_offload_app_data_file:s0 tclass=dir permissive=0 app=com.mediatek.android.tv.mdns.offload
08-08 04:45:56.339 W/tv.mdns.offload( 1454): type=1400 audit(0.0:232): avc:  denied  { search } for  name="_V7n6AAAAAAEjiLUgtwVj7Cv-Jsm9mCPGTL_00sbvIlQEm0tWbn-bZqtWy3NkFquyAALRyAOq9U" dev="dm-48" ino=3220 scontext=u:r:googlecast_offload_app:s0 tcontext=u:object_r:googlecast_offload_app_data_file:s0 tclass=dir permissive=0 app=com.mediatek.android.tv.mdns.offload
08-08 04:45:56.346 V/SystemServerTiming(  741): StartSonySystemService took to complete: 6ms
08-08 04:45:56.346 V/SystemServerTiming(  741): StartLogcatManager took to complete: 4085ms
08-08 04:45:56.346 D/SystemServerTiming(  741): startApexServices
08-08 04:45:56.346 D/SystemServerTiming(  741): starting com.android.server.devicelock.DeviceLockService
08-08 04:45:56.348 D/CompatibilityChangeReporter(  741): Compat change id reported: 218533173; UID 10150; state: ENABLED
08-08 04:45:56.350 I/SystemServiceManager(  741): Starting com.android.server.devicelock.DeviceLockService
08-08 04:45:56.350 D/DeviceLockService(  741): DeviceLockService constructor
08-08 04:45:56.350 D/Zygote  (  405): Forked child process 1472
08-08 04:45:56.355 W/tv.mdns.offload( 1454): type=1400 audit(0.0:233): avc:  denied  { getattr } for  path="/data/data/com.mediatek.android.tv.mdns.offload" dev="dm-48" ino=3220 scontext=u:r:googlecast_offload_app:s0 tcontext=u:object_r:googlecast_offload_app_data_file:s0 tclass=dir permissive=0 app=com.mediatek.android.tv.mdns.offload
08-08 04:45:56.355 W/tv.mdns.offload( 1454): type=1400 audit(0.0:234): avc:  denied  { getattr } for  path="/data/data/com.mediatek.android.tv.mdns.offload" dev="dm-48" ino=3220 scontext=u:r:googlecast_offload_app:s0 tcontext=u:object_r:googlecast_offload_app_data_file:s0 tclass=dir permissive=0 app=com.mediatek.android.tv.mdns.offload
08-08 04:45:56.351 W/ActivityManager(  741): Slow operation: 161ms so far, now at startProcess: returned from zygote!
08-08 04:45:56.351 W/ActivityManager(  741): Slow operation: 162ms so far, now at startProcess: done updating battery stats
08-08 04:45:56.351 W/ActivityManager(  741): Slow operation: 162ms so far, now at startProcess: building log message
08-08 04:45:56.351 I/ActivityManager(  741): Start proc 1472:com.android.se/1068 for added application com.android.se
08-08 04:45:56.351 W/ActivityManager(  741): Slow operation: 162ms so far, now at startProcess: starting to update pids map
08-08 04:45:56.352 W/ActivityThread( 1437): Failed to find provider info for bluetooth_legacy.provider (user not unlocked)
08-08 04:45:56.352 D/DataMigration( 1437): Legacy migration skiped: no migration app installed
08-08 04:45:56.352 W/ActivityManager(  741): Slow operation: 162ms so far, now at startProcess: done updating pids map
08-08 04:45:56.357 D/CompatibilityChangeReporter(  741): Compat change id reported: 262645982; UID 10150; state: ENABLED
08-08 04:45:56.360 D/nativeloader( 1454): Configuring clns-shared-4 for other apk /system_ext/priv-app/MtkMdnsOffloadService/MtkMdnsOffloadService.apk. target_sdk_version=34, uses_libraries=, library_path=/system_ext/priv-app/MtkMdnsOffloadService/lib/arm:/system/lib:/system_ext/lib, permitted_path=/data:/mnt/expand:/data/user/0/com.mediatek.android.tv.mdns.offload:/system_ext/priv-app/MtkMdnsOffloadService:/system/lib:/system_ext/lib
08-08 04:45:56.360 V/SystemUIBootTiming( 1221): StartServices com.android.systemui.SliceBroadcastRelayHandler took to complete: 0ms
08-08 04:45:56.363 V/SystemUIBootTiming( 1221): StartServices com.android.systemui.VendorServices took to complete: 1ms
08-08 04:45:56.364 W/Settings( 1221): Setting secure_frp_mode has moved from android.provider.Settings.Secure to android.provider.Settings.Global, returning global URI.
08-08 04:45:56.367 I/com.android.se( 1472): Using CollectorTypeCC GC.
08-08 04:45:56.369 D/CompatibilityChangeReporter(  741): Compat change id reported: 218533173; UID 10201; state: ENABLED
08-08 04:45:56.371 D/CompatibilityChangeReporter(  741): Compat change id reported: 262645982; UID 10201; state: ENABLED
08-08 04:45:56.372 I/DeviceLockService(  741): Registering device_lock
08-08 04:45:56.372 E/com.android.se( 1472): Not starting debugger since process cannot load the jdwp agent.
08-08 04:45:56.371 W/com.android.se( 1472): type=1400 audit(0.0:235): avc:  denied  { search } for  name="proc" dev="debugfs" ino=10174 scontext=u:r:secure_element:s0:c44,c260,c512,c768 tcontext=u:object_r:debugfs_binder:s0 tclass=dir permissive=0
08-08 04:45:56.372 D/NavigationModeController( 1221): getCurrentUserContext: contextUser=0 currentUser=0
08-08 04:45:56.373 D/NavigationModeController( 1221): getCurrentInteractionMode: mode=0 contextUser=0
08-08 04:45:56.373 V/SystemServerTiming(  741): starting com.android.server.devicelock.DeviceLockService took to complete: 28ms
08-08 04:45:56.373 D/SystemServerTiming(  741): starting com.android.server.scheduling.RebootReadinessManagerService$Lifecycle
08-08 04:45:56.374 I/SystemServiceManager(  741): Starting com.android.server.scheduling.RebootReadinessManagerService$Lifecycle
08-08 04:45:56.374 I/SystemServiceManager(  741): Not starting an already started service com.android.server.scheduling.RebootReadinessManagerService$Lifecycle
08-08 04:45:56.374 V/SystemServerTiming(  741): starting com.android.server.scheduling.RebootReadinessManagerService$Lifecycle took to complete: 0ms
08-08 04:45:56.374 V/SystemServerTiming(  741): startApexServices took to complete: 28ms
08-08 04:45:56.374 D/SystemServerTiming(  741): UpdateWatchdogTimeout
08-08 04:45:56.374 I/Watchdog(  741): Watchdog timeout updated to 60000 millis
08-08 04:45:56.374 I/BluetoothAvrcpControllerJni( 1437): classInitNative: succeeds
08-08 04:45:56.375 D/NavigationModeController( 1221): updateCurrentInteractionMode: mode=0
08-08 04:45:56.375 D/NavigationModeController( 1221):   contextUser=0
08-08 04:45:56.375 D/NavigationModeController( 1221):   assetPaths=
08-08 04:45:56.375 D/NavigationModeController( 1221):     <empty> and /system/framework/framework-res.apk
08-08 04:45:56.375 D/NavigationModeController( 1221):     /vendor/overlay/framework-res__auto_generated_rro_vendor.apk
08-08 04:45:56.375 D/NavigationModeController( 1221):     /product/overlay/GoogleExtServicesConfigOverlay.apk
08-08 04:45:56.375 D/NavigationModeController( 1221):     /product/overlay/GooglePermissionControllerFrameworkOverlay.apk
08-08 04:45:56.375 D/NavigationModeController( 1221):     /product/overlay/GoogleWebViewOverlay.apk
08-08 04:45:56.375 D/CompatibilityChangeReporter(  741): Compat change id reported: 218533173; UID 10260; state: DISABLED
08-08 04:45:56.375 D/NavigationModeController( 1221):     /product/overlay/ModuleMetadataGoogleOverlay.apk
08-08 04:45:56.375 D/NavigationModeController( 1221):     /product/overlay/PqRepositoryConfigOverlay.apk
08-08 04:45:56.375 D/NavigationModeController( 1221):     /product/overlay/TvFrameworkOverlay.apk
08-08 04:45:56.375 D/CompatibilityChangeReporter( 1437): Compat change id reported: 263076149; UID 1002; state: ENABLED
08-08 04:45:56.375 D/NavigationModeController( 1221):     /product/overlay/GTVSConfigOverlayX.apk
08-08 04:45:56.375 D/NavigationModeController( 1221):     /product/overlay/framework-res__auto_generated_rro_product.apk
08-08 04:45:56.375 D/NavigationModeController( 1221):     /product/overlay/SonySystemsoundOverlay.apk
08-08 04:45:56.375 D/NavigationModeController( 1221):     /product/overlay/AccessibilityShortcutFrameworkOverlay.apk
08-08 04:45:56.375 D/NavigationModeController( 1221):     <empty> and /system_ext/priv-app/TvSystemUI/TvSystemUI.apk
08-08 04:45:56.375 D/NavigationModeController( 1221):     /product/overlay/sku_JP/PowerOnKeyOverlayJP.apk
08-08 04:45:56.375 D/NavigationModeController( 1221):     /product/overlay/sku_JP/SonyGlobalKeyOverlayJP.apk
08-08 04:45:56.375 D/NavigationModeController( 1221):     /data/resource-cache/com.android.systemui-neutral-9gcu.frro
08-08 04:45:56.375 D/NavigationModeController( 1221):     /data/resource-cache/com.android.systemui-accent-DpTC.frro
08-08 04:45:56.375 D/NavigationModeController( 1221):     /data/resource-cache/com.android.systemui-dynamic-8qBI.frro
08-08 04:45:56.375 D/CompatibilityChangeReporter(  741): Compat change id reported: 262645982; UID 10260; state: DISABLED
08-08 04:45:56.375 D/NavigationModeController( 1221):     /product/overlay/SystemUIOverlay.apk
08-08 04:45:56.375 D/NavigationModeController( 1221):     /product/overlay/sku_JP/MultiViewOverlayJP.apk
08-08 04:45:56.376 I/BluetoothHidHostServiceJni( 1437): classInitNative: succeeds
08-08 04:45:56.377 I/BluetoothPanServiceJni( 1437): classInitNative(L108): succeeds
08-08 04:45:56.378 V/SystemServerTiming(  741): UpdateWatchdogTimeout took to complete: 4ms
08-08 04:45:56.378 V/SystemServerTiming(  741): startOtherServices took to complete: 4526ms
08-08 04:45:56.378 I/AdapterServiceConfig( 1437): init: profile=A2dpService, enabled=true
08-08 04:45:56.378 I/AdapterServiceConfig( 1437): init: profile=A2dpSinkService, enabled=false
08-08 04:45:56.378 I/AdapterServiceConfig( 1437): init: profile=AvrcpTargetService, enabled=true
08-08 04:45:56.379 I/AdapterServiceConfig( 1437): init: profile=AvrcpControllerService, enabled=false
08-08 04:45:56.379 I/AdapterServiceConfig( 1437): init: profile=BassClientService, enabled=false
08-08 04:45:56.379 I/AdapterServiceConfig( 1437): init: profile=BatteryService, enabled=true
08-08 04:45:56.379 I/AdapterServiceConfig( 1437): init: profile=CsipSetCoordinatorService, enabled=false
08-08 04:45:56.379 I/AdapterServiceConfig( 1437): init: profile=HapClientService, enabled=false
08-08 04:45:56.379 I/AdapterServiceConfig( 1437): init: profile=HeadsetService, enabled=false
08-08 04:45:56.379 I/AdapterServiceConfig( 1437): init: profile=HeadsetClientService, enabled=false
08-08 04:45:56.379 I/AdapterServiceConfig( 1437): init: profile=HearingAidService, enabled=false
08-08 04:45:56.379 I/AdapterServiceConfig( 1437): init: profile=HidDeviceService, enabled=false
08-08 04:45:56.379 I/AdapterServiceConfig( 1437): init: profile=HidHostService, enabled=true
08-08 04:45:56.379 I/AdapterServiceConfig( 1437): init: profile=GattService, enabled=true
08-08 04:45:56.379 I/AdapterServiceConfig( 1437): init: profile=LeAudioService, enabled=false
08-08 04:45:56.379 I/AdapterServiceConfig( 1437): init: profile=TbsService, enabled=false
08-08 04:45:56.379 I/AdapterServiceConfig( 1437): init: profile=BluetoothMapService, enabled=false
08-08 04:45:56.379 I/AdapterServiceConfig( 1437): init: profile=MapClientService, enabled=false
08-08 04:45:56.379 I/AdapterServiceConfig( 1437): init: profile=McpService, enabled=false
08-08 04:45:56.379 I/AdapterServiceConfig( 1437): init: profile=BluetoothOppService, enabled=false
08-08 04:45:56.379 I/AdapterServiceConfig( 1437): init: profile=PanService, enabled=false
08-08 04:45:56.379 I/AdapterServiceConfig( 1437): init: profile=BluetoothPbapService, enabled=false
08-08 04:45:56.379 I/AdapterServiceConfig( 1437): init: profile=PbapClientService, enabled=false
08-08 04:45:56.379 I/AdapterServiceConfig( 1437): init: profile=SapService, enabled=false
08-08 04:45:56.379 I/AdapterServiceConfig( 1437): init: profile=VolumeControlService, enabled=false
08-08 04:45:56.380 I/ActivityManager(  741): Flag disabled. Ignoring finishAttachApplication from uid: 1002. pid: 1437
08-08 04:45:56.391 W/tv.mdns.offload( 1454): type=1400 audit(0.0:236): avc:  denied  { search } for  name="_V7n6AAAAAAEjiLUgtwVj7Cv-Jsm9mCPGTL_00sbvIlQEm0tWbn-bZqtWy3NkFquyAALRyAOq9U" dev="dm-48" ino=3220 scontext=u:r:googlecast_offload_app:s0 tcontext=u:object_r:googlecast_offload_app_data_file:s0 tclass=dir permissive=0 app=com.mediatek.android.tv.mdns.offload
08-08 04:45:56.395 W/tv.mdns.offload( 1454): type=1400 audit(0.0:237): avc:  denied  { search } for  name="_V7n6AAAAAAEjiLUgtwVj7Cv-Jsm9mCPGTL_00sbvIlQEm0tWbn-bZqtWy3NkFquyAALRyAOq9U" dev="dm-48" ino=3220 scontext=u:r:googlecast_offload_app:s0 tcontext=u:object_r:googlecast_offload_app_data_file:s0 tclass=dir permissive=0 app=com.mediatek.android.tv.mdns.offload
08-08 04:45:56.395 W/tv.mdns.offload( 1454): type=1400 audit(0.0:238): avc:  denied  { search } for  name="_V7n6AAAAAAEjiLUgtwVj7Cv-Jsm9mCPGTL_00sbvIlQEm0tWbn-bZqtWy3NkFquyAALRyAOq9U" dev="dm-48" ino=3220 scontext=u:r:googlecast_offload_app:s0 tcontext=u:object_r:googlecast_offload_app_data_file:s0 tclass=dir permissive=0 app=com.mediatek.android.tv.mdns.offload
08-08 04:45:56.399 W/tv.mdns.offload( 1454): type=1400 audit(0.0:239): avc:  denied  { search } for  name="com.mediatek.android.tv.mdns.offload" dev="dm-48" ino=1543 scontext=u:r:googlecast_offload_app:s0 tcontext=u:object_r:googlecast_offload_app_data_file:s0 tclass=dir permissive=0 app=com.mediatek.android.tv.mdns.offload
08-08 04:45:56.399 W/tv.mdns.offload( 1454): type=1400 audit(0.0:240): avc:  denied  { search } for  name="com.mediatek.android.tv.mdns.offload" dev="dm-48" ino=1543 scontext=u:r:googlecast_offload_app:s0 tcontext=u:object_r:googlecast_offload_app_data_file:s0 tclass=dir permissive=0 app=com.mediatek.android.tv.mdns.offload
08-08 04:45:56.399 W/tv.mdns.offload( 1454): type=1400 audit(0.0:241): avc:  denied  { search } for  name="com.mediatek.android.tv.mdns.offload" dev="dm-48" ino=1543 scontext=u:r:googlecast_offload_app:s0 tcontext=u:object_r:googlecast_offload_app_data_file:s0 tclass=dir permissive=0 app=com.mediatek.android.tv.mdns.offload
08-08 04:45:56.403 W/tv.mdns.offload( 1454): type=1400 audit(0.0:242): avc:  denied  { search } for  name="com.mediatek.android.tv.mdns.offload" dev="dm-48" ino=1543 scontext=u:r:googlecast_offload_app:s0 tcontext=u:object_r:googlecast_offload_app_data_file:s0 tclass=dir permissive=0 app=com.mediatek.android.tv.mdns.offload
08-08 04:45:56.403 W/tv.mdns.offload( 1454): type=1400 audit(0.0:243): avc:  denied  { search } for  name="com.mediatek.android.tv.mdns.offload" dev="dm-48" ino=1543 scontext=u:r:googlecast_offload_app:s0 tcontext=u:object_r:googlecast_offload_app_data_file:s0 tclass=dir permissive=0 app=com.mediatek.android.tv.mdns.offload
08-08 04:45:56.403 W/tv.mdns.offload( 1454): type=1400 audit(0.0:244): avc:  denied  { search } for  name="com.mediatek.android.tv.mdns.offload" dev="dm-48" ino=1543 scontext=u:r:googlecast_offload_app:s0 tcontext=u:object_r:googlecast_offload_app_data_file:s0 tclass=dir permissive=0 app=com.mediatek.android.tv.mdns.offload
08-08 04:45:56.382 D/CompatibilityChangeReporter(  741): Compat change id reported: 168419799; UID 1068; state: DISABLED
08-08 04:45:56.382 D/CompatibilityChangeReporter(  741): Compat change id reported: 273564678; UID 1068; state: DISABLED
08-08 04:45:56.382 I/BluetoothMetricsLogger( 1437): setCounterMetricsAlarm()
08-08 04:45:56.383 D/CompatibilityChangeReporter(  741): Compat change id reported: 218533173; UID 10254; state: ENABLED
08-08 04:45:56.386 W/Looper  (  741): Slow delivery took 9098ms main h=android.app.PropertyInvalidatedCache$AutoCorker$1 c=null m=0
08-08 04:45:56.387 D/CompatibilityChangeReporter(  741): Compat change id reported: 262645982; UID 10254; state: ENABLED
08-08 04:45:56.387 D/CompatibilityChangeReporter(  741): Compat change id reported: 218533173; UID 10019; state: ENABLED
08-08 04:45:56.388 D/CompatibilityChangeReporter(  741): Compat change id reported: 262645982; UID 10019; state: ENABLED
08-08 04:45:56.391 D/CompatibilityChangeReporter( 1472): Compat change id reported: 171979766; UID 1068; state: ENABLED
08-08 04:45:56.391 D/CompatibilityChangeReporter( 1472): Compat change id reported: 242716250; UID 1068; state: ENABLED
08-08 04:45:56.391 D/CompatibilityChangeReporter(  741): Compat change id reported: 218533173; UID 10259; state: ENABLED
08-08 04:45:56.391 D/CompatibilityChangeReporter(  741): Compat change id reported: 262645982; UID 10259; state: ENABLED
08-08 04:45:56.392 D/CompatibilityChangeReporter(  741): Compat change id reported: 218533173; UID 10090; state: ENABLED
08-08 04:45:56.393 I/DisplayDeviceRepository(  741): Display device changed: DisplayDeviceInfo{"Built-in Screen": uniqueId="local:4627014146675823360", 3840 x 2160, modeId 1, renderFrameRate 60.000004, defaultModeId 1, supportedModes [{id=1, width=3840, height=2160, fps=60.000004, alternativeRefreshRates=[], supportedHdrTypes=[1, 2, 3]}, {id=2, width=3840, height=2160, fps=50.0, alternativeRefreshRates=[], supportedHdrTypes=[1, 2, 3]}, {id=3, width=3840, height=2160, fps=48.000004, alternativeRefreshRates=[], supportedHdrTypes=[1, 2, 3]}], colorMode 0, supportedColorModes [0, 7, 9], hdrCapabilities HdrCapabilities{mSupportedHdrTypes=[1, 2, 3], mMaxLuminance=100.0, mMaxAverageLuminance=50.0, mMinLuminance=0.05}, isForceSdr false, allmSupported false, gameContentTypeSupported false, density 640, 80.0 x 80.0 dpi, appVsyncOff 1000000, presDeadline 16666666, touch INTERNAL, rotation 0, type INTERNAL, address {port=0, model=0x403674d9f751d3}, deviceProductInfo DeviceProductInfo{name=MStar Demo, manufacturerPnpId=MST, productId=48, modelYear=null, manufactureDate=ManufactureDate{week=10, year=2014}, connectionToSinkType=1}, state OFF, committedState OFF, frameRateOverride , brightnessMinimum 0.0, brightnessMaximum 1.0, brightnessDefault 0.39763778, hdrSdrRatio NaN, FLAG_ALLOWED_TO_BE_DEFAULT_DISPLAY, FLAG_ROTATES_WITH_CONTENT, FLAG_SECURE, FLAG_SUPPORTS_PROTECTED_BUFFERS, FLAG_TRUSTED, installOrientation 0, displayShape DisplayShape{ spec=-545313861 displayWidth=3840 displayHeight=2160 physicalPixelDisplaySizeRatio=1.0 rotation=0 offsetX=0 offsetY=0 scale=1.0}}
08-08 04:45:56.395 D/Zygote  (  405): Forked child process 1494
08-08 04:45:56.396 W/ActivityManager(  741): Slow operation: 65ms so far, now at startProcess: returned from zygote!
08-08 04:45:56.396 W/ActivityManager(  741): Slow operation: 65ms so far, now at startProcess: done updating battery stats
08-08 04:45:56.396 W/ActivityManager(  741): Slow operation: 65ms so far, now at startProcess: building log message
08-08 04:45:56.396 I/ActivityManager(  741): Start proc 1494:com.android.tv.settings/1000 for top-activity {com.android.tv.settings/com.android.tv.settings.system.FallbackHome}
08-08 04:45:56.396 W/ActivityManager(  741): Slow operation: 65ms so far, now at startProcess: starting to update pids map
08-08 04:45:56.396 W/ActivityManager(  741): Slow operation: 66ms so far, now at startProcess: done updating pids map
08-08 04:45:56.396 W/ActivityManager(  741): Slow operation: 56ms so far, now at startProcess: asking zygote to start proc
08-08 04:45:56.396 D/ConditionProviders.SCP(  741): onConnected
08-08 04:45:56.397 D/CompatibilityChangeReporter(  741): Compat change id reported: 150939131; UID 1000; state: ENABLED
08-08 04:45:56.399 W/ContextImpl( 1454): Failed to ensure /data/user/0/com.mediatek.android.tv.mdns.offload/cache: mkdir failed: EACCES (Permission denied)
08-08 04:45:56.400 D/ConditionProviders.SCP(  741): onSubscribe condition://android/schedule?days=1.2.3.4.5.6.7&start=22.0&end=7.0&exitAtAlarm=true
08-08 04:45:56.401 D/ConditionProviders.SCP(  741): setRegistered true
08-08 04:45:56.402 D/CompatibilityChangeReporter(  741): Compat change id reported: 262645982; UID 10090; state: ENABLED
08-08 04:45:56.403 D/CompatibilityChangeReporter(  741): Compat change id reported: 218533173; UID 10255; state: ENABLED
08-08 04:45:56.403 D/CompatibilityChangeReporter(  741): Compat change id reported: 262645982; UID 10255; state: ENABLED
08-08 04:45:56.404 W/ContextImpl( 1454): Failed to update user.inode_cache: stat failed: EACCES (Permission denied)
08-08 04:45:56.405 D/ConditionProviders.SCP(  741): evaluateSubscriptionLocked cal=ScheduleCalendar[mDays={1, 2, 3, 4, 5, 6, 7}, mSchedule=ScheduleInfo{days=[1, 2, 3, 4, 5, 6, 7], startHour=22, startMinute=0, endHour=7, endMinute=0, exitAtAlarm=true, nextAlarm=Thu Jan 01 09:00:00 GMT+09:00 1970 (0)}], now=Fri Aug 08 04:45:56 GMT+09:00 2025 (1754595956401), nextUserAlarmTime=Thu Jan 01 09:00:00 GMT+09:00 1970 (0)
08-08 04:45:56.405 W/ContextImpl( 1454): Failed to ensure /data/user_de/0/com.mediatek.android.tv.mdns.offload/code_cache: mkdir failed: EACCES (Permission denied)
08-08 04:45:56.405 D/ConditionProviders.SCP(  741): notifyCondition condition://android/schedule?days=1.2.3.4.5.6.7&start=22.0&end=7.0&exitAtAlarm=true STATE_TRUE reason=meetsSchedule
08-08 04:45:56.405 W/ContextImpl( 1454): Failed to update user.inode_code_cache: stat failed: EACCES (Permission denied)
08-08 04:45:56.406 D/ConditionProviders.SCP(  741): Scheduling evaluate for Fri Aug 08 07:00:00 GMT+09:00 2025 (1754604000000), in +2h14m3s599ms, now=Fri Aug 08 04:45:56 GMT+09:00 2025 (1754595956401)
08-08 04:45:56.406 W/ContextImpl( 1454): Failed to ensure /data/user_de/0/com.mediatek.android.tv.mdns.offload/cache: mkdir failed: EACCES (Permission denied)
08-08 04:45:56.449 I/kernel  (  621): [   20.555578]mtk_pmu_cec virtio0.cec.-1.1: enable = 1
08-08 04:45:56.467 W/nysystemservice( 1498): type=1400 audit(0.0:245): avc:  denied  { search } for  name="proc" dev="debugfs" ino=10174 scontext=u:r:system_app:s0 tcontext=u:object_r:debugfs_binder:s0 tclass=dir permissive=0
08-08 04:45:56.483 W/oid.tv.settings( 1494): type=1400 audit(0.0:246): avc:  denied  { search } for  name="proc" dev="debugfs" ino=10174 scontext=u:r:system_app:s0 tcontext=u:object_r:debugfs_binder:s0 tclass=dir permissive=0
08-08 04:45:56.407 D/CompatibilityChangeReporter(  741): Compat change id reported: 218533173; UID 1000; state: ENABLED
08-08 04:45:56.407 W/ContextImpl( 1454): Failed to update user.inode_cache: stat failed: EACCES (Permission denied)
08-08 04:45:56.407 D/BluetoothAdapterService( 1437): onCreate()
08-08 04:45:56.408 D/CompatibilityChangeReporter( 1472): Compat change id reported: 3400644; UID 1068; state: ENABLED
08-08 04:45:56.408 D/CompatibilityChangeReporter(  741): Compat change id reported: 218533173; UID 10108; state: ENABLED
08-08 04:45:56.410 D/CompatibilityChangeReporter(  741): Compat change id reported: 262645982; UID 10108; state: ENABLED
08-08 04:45:56.410 D/HdmiControlService(  741): Switching to full volume behavior
08-08 04:45:56.410 W/ActivityThread(  741): Failed to find provider info for com.android.calendar (user not unlocked)
08-08 04:45:56.412 V/GraphicsEnvironment( 1454): Currently set values for:
08-08 04:45:56.412 V/GraphicsEnvironment( 1454):   angle_gl_driver_selection_pkgs=[]
08-08 04:45:56.412 V/GraphicsEnvironment( 1454):   angle_gl_driver_selection_values=[]
08-08 04:45:56.413 D/CompatibilityChangeReporter(  741): Compat change id reported: 218533173; UID 10180; state: ENABLED
08-08 04:45:56.413 D/CEC_HAL (  571): Get vendor id [0x80046] in [/odm/etc/hdmi_cec.ini]
08-08 04:45:56.414 I/CEC_HAL (  571): addLogicalAddress
08-08 04:45:56.414 V/GraphicsEnvironment( 1454): ANGLE GameManagerService for com.mediatek.android.tv.mdns.offload: false
08-08 04:45:56.414 V/GraphicsEnvironment( 1454): com.mediatek.android.tv.mdns.offload is not listed in per-application setting
08-08 04:45:56.414 V/GraphicsEnvironment( 1454): Neither updatable production driver nor prerelease driver is supported.
08-08 04:45:56.413 D/CompatibilityChangeReporter(  741): Compat change id reported: 262645982; UID 10180; state: ENABLED
08-08 04:45:56.419 D/CompatibilityChangeReporter(  741): Compat change id reported: 218533173; UID 10249; state: ENABLED
08-08 04:45:56.419 W/ActivityThread(  741): Failed to find provider info for com.android.calendar (user not unlocked)
08-08 04:45:56.420 D/CompatibilityChangeReporter(  741): Compat change id reported: 262645982; UID 10249; state: ENABLED
08-08 04:45:56.423 D/Zygote  (  405): Forked child process 1498
08-08 04:45:56.423 W/ActivityManager(  741): Slow operation: 82ms so far, now at startProcess: returned from zygote!
08-08 04:45:56.423 W/ActivityManager(  741): Slow operation: 83ms so far, now at startProcess: done updating battery stats
08-08 04:45:56.423 W/ActivityManager(  741): Slow operation: 83ms so far, now at startProcess: building log message
08-08 04:45:56.423 I/ActivityManager(  741): Start proc 1498:com.sony.dtv.sonysystemservice/1000 for service {com.sony.dtv.sonysystemservice/com.sony.dtv.sonysystemservice.OwnerService}
08-08 04:45:56.423 W/ActivityManager(  741): Slow operation: 83ms so far, now at startProcess: starting to update pids map
08-08 04:45:56.424 W/ActivityManager(  741): Slow operation: 83ms so far, now at startProcess: done updating pids map
08-08 04:45:56.424 D/CompatibilityChangeReporter(  741): Compat change id reported: 218533173; UID 10054; state: ENABLED
08-08 04:45:56.424 D/CompatibilityChangeReporter(  741): Compat change id reported: 262645982; UID 10054; state: ENABLED
08-08 04:45:56.427 D/CompatibilityChangeReporter(  741): Compat change id reported: 218533173; UID 10057; state: ENABLED
08-08 04:45:56.427 D/CompatibilityChangeReporter(  741): Compat change id reported: 262645982; UID 10057; state: ENABLED
08-08 04:45:56.428 W/ActivityThread(  741): Failed to find provider info for com.android.calendar (user not unlocked)
08-08 04:45:56.430 D/CompatibilityChangeReporter(  741): Compat change id reported: 218533173; UID 10154; state: ENABLED
08-08 04:45:56.431 D/CompatibilityChangeReporter(  741): Compat change id reported: 262645982; UID 10154; state: ENABLED
08-08 04:45:56.432 D/CompatibilityChangeReporter(  741): Compat change id reported: 218533173; UID 10181; state: ENABLED
08-08 04:45:56.433 D/CompatibilityChangeReporter(  741): Compat change id reported: 262645982; UID 10181; state: ENABLED
08-08 04:45:56.435 W/ActivityThread(  741): Failed to find provider info for com.android.calendar (user not unlocked)
08-08 04:45:56.442 I/ActivityManager(  741): Flag disabled. Ignoring finishAttachApplication from uid: 10178. pid: 1454
08-08 04:45:56.443 D/CEC_HAL (  571): cec some event in queue 
08-08 04:45:56.444 D/CEC_HAL (  571): CEC_ADAP_S_LOG_ADDRS success, num[1]LA[0]
08-08 04:45:56.444 D/CEC_HAL (  571): DQ success, event[1], flags[0] statechangePA[0]
08-08 04:45:56.444 D/HDMI    (  741): Getting CEC setting value 'tv_wake_on_one_touch_play'.
08-08 04:45:56.444 D/HDMI    (  741): Reading 'tv_wake_on_one_touch_play' shared preference.
08-08 04:45:56.444 D/HDMI    (  741): enableWakeupByOtp: true
08-08 04:45:56.445 D/CEC_HAL (  571): enableWakeupByOtp [1]
08-08 04:45:56.445 D/vendor.mediatek.hardware.cecext-service(  621): Open CEC device success 
08-08 04:45:56.445 D/vendor.mediatek.hardware.cecext-service(  621): Call setWakeupConfig(true) of CEC DD
08-08 04:45:56.445 D/vendor.mediatek.hardware.cecext-service(  621): Readlink success, symlink path: [/sys/bus/cec/devices/../../../devices/platform/1c020340.pmu_rpmsg/remoteproc/remoteproc0/remoteproc0#vdev0buffer/virtio0/virtio0.cec.-1.1/cec0]
08-08 04:45:56.446 D/vendor.mediatek.hardware.cecext-service(  621): [setWakeupConfig] sysfs ofstream open, file[/sys/bus/cec/devices/../../../devices/platform/1c020340.pmu_rpmsg/remoteproc/remoteproc0/remoteproc0#vdev0buffer/virtio0/virtio0.cec.-1.1/cec0/../mtk_dbg/cec_wakeup_enable] stderr[Success]
08-08 04:45:56.446 D/vendor.mediatek.hardware.cecext-service(  621): sysfs cmd setWakeupConfig[1]
08-08 04:45:56.446 D/HdmiControlService(  741): Local device is under address allocation. Queue display callback for later process.
08-08 04:45:56.447 D/CompatibilityChangeReporter(  741): Compat change id reported: 218533173; UID 10159; state: ENABLED
08-08 04:45:56.447 D/CompatibilityChangeReporter(  741): Compat change id reported: 262645982; UID 10159; state: ENABLED
08-08 04:45:56.449 D/CompatibilityChangeReporter(  741): Compat change id reported: 218533173; UID 10097; state: ENABLED
08-08 04:45:56.449 D/CompatibilityChangeReporter(  741): Compat change id reported: 262645982; UID 10097; state: ENABLED
08-08 04:45:56.450 I/HdmiCecController(  741): [S]:<Report Physical Address> 0F:84:00:00:00
08-08 04:45:56.450 D/CompatibilityChangeReporter(  741): Compat change id reported: 218533173; UID 10250; state: ENABLED
08-08 04:45:56.450 D/CEC_HAL (  571): [S]: [00]->[15] opcode[0x84], param length[3], params:[00, 00, 00, ]
08-08 04:45:56.450 D/CEC_HAL (  571): Get vendor id [0x80046] in [/odm/etc/hdmi_cec.ini]
08-08 04:45:56.450 D/CompatibilityChangeReporter(  741): Compat change id reported: 262645982; UID 10250; state: ENABLED
08-08 04:45:56.451 D/HDMI    (  741): Getting CEC setting value 'system_audio_mode'.
08-08 04:45:56.451 D/HDMI    (  741): Reading 'system_audio_mode' shared preference.
08-08 04:45:56.449 I/oid.tv.settings( 1494): Using CollectorTypeCC GC.
08-08 04:45:56.452 I/HdmiCecLocalDevice(  741): addAndStartAction action: com.android.server.hdmi.DeviceDiscoveryAction@ad001ec mActions: []
08-08 04:45:56.452 D/CompatibilityChangeReporter(  741): Compat change id reported: 218533173; UID 10070; state: ENABLED
08-08 04:45:56.452 D/HDMI    (  741): Getting CEC setting value 'system_audio_mode'.
08-08 04:45:56.452 D/HDMI    (  741): Reading 'system_audio_mode' shared preference.
08-08 04:45:56.452 D/CompatibilityChangeReporter(  741): Compat change id reported: 262645982; UID 10070; state: ENABLED
08-08 04:45:56.453 D/CompatibilityChangeReporter(  741): Compat change id reported: 218533173; UID 10230; state: ENABLED
08-08 04:45:56.454 D/CompatibilityChangeReporter(  741): Compat change id reported: 262645982; UID 10230; state: ENABLED
08-08 04:45:56.454 W/HdmiCecLocalDeviceTv(  741): Preferred addres will not be stored for TV
08-08 04:45:56.450 I/nysystemservice( 1498): Using CollectorTypeCC GC.
08-08 04:45:56.454 W/HdmiControlService(  741): Local source device not available
08-08 04:45:56.455 D/CompatibilityChangeReporter(  741): Compat change id reported: 218533173; UID 10173; state: ENABLED
08-08 04:45:56.459 D/CompatibilityChangeReporter(  741): Compat change id reported: 135634846; UID 10259; state: DISABLED
08-08 04:45:56.460 D/CompatibilityChangeReporter(  741): Compat change id reported: 143937733; UID 10259; state: ENABLED
08-08 04:45:56.461 D/CompatibilityChangeReporter(  741): Compat change id reported: 262645982; UID 10173; state: ENABLED
08-08 04:45:56.462 E/nysystemservice( 1498): Not starting debugger since process cannot load the jdwp agent.
08-08 04:45:56.472 D/Zygote  (  405): Forked child process 1519
08-08 04:45:56.472 D/CompatibilityChangeReporter(  741): Compat change id reported: 161145287; UID 1002; state: ENABLED
08-08 04:45:56.472 D/CompatibilityChangeReporter(  741): Compat change id reported: 218533173; UID 10114; state: ENABLED
08-08 04:45:56.472 I/ActivityManager(  741): Start proc 1519:com.google.android.ext.services/u0a259 for service {com.google.android.ext.services/android.ext.services.autofill.InlineSuggestionRenderServiceImpl}
08-08 04:45:56.473 D/CompatibilityChangeReporter(  741): Compat change id reported: 262645982; UID 10114; state: ENABLED
08-08 04:45:56.474 D/CompatibilityChangeReporter(  741): Compat change id reported: 218533173; UID 10243; state: ENABLED
08-08 04:45:56.474 D/CompatibilityChangeReporter(  741): Compat change id reported: 262645982; UID 10243; state: ENABLED
08-08 04:45:56.475 D/CompatibilityChangeReporter(  741): Compat change id reported: 218533173; UID 10010; state: ENABLED
08-08 04:45:56.476 D/CompatibilityChangeReporter(  741): Compat change id reported: 262645982; UID 10010; state: ENABLED
08-08 04:45:56.476 D/CompatibilityChangeReporter(  741): Compat change id reported: 168419799; UID 1000; state: DISABLED
08-08 04:45:56.476 D/nativeloader( 1472): Configuring clns-shared-4 for other apk /system/app/SecureElement/SecureElement.apk. target_sdk_version=34, uses_libraries=, library_path=/system/app/SecureElement/lib/arm:/system/lib:/system_ext/lib, permitted_path=/data:/mnt/expand:/data/user/0/com.android.se:/system/app/SecureElement:/system/lib:/system_ext/lib
08-08 04:45:56.476 D/CompatibilityChangeReporter(  741): Compat change id reported: 218533173; UID 10093; state: ENABLED
08-08 04:45:56.476 D/CompatibilityChangeReporter(  741): Compat change id reported: 262645982; UID 10093; state: ENABLED
08-08 04:45:56.477 D/CompatibilityChangeReporter(  741): Compat change id reported: 218533173; UID 10226; state: ENABLED
08-08 04:45:56.478 D/CompatibilityChangeReporter(  741): Compat change id reported: 262645982; UID 10226; state: ENABLED
08-08 04:45:56.478 D/CompatibilityChangeReporter(  741): Compat change id reported: 273564678; UID 1000; state: DISABLED
08-08 04:45:56.479 D/CompatibilityChangeReporter(  741): Compat change id reported: 218533173; UID 10191; state: ENABLED
08-08 04:45:56.479 D/CompatibilityChangeReporter(  741): Compat change id reported: 262645982; UID 10191; state: ENABLED
08-08 04:45:56.481 E/oid.tv.settings( 1494): Not starting debugger since process cannot load the jdwp agent.
08-08 04:45:56.482 D/HdmiConnection(  572): isConnected portId=1, bConnectStatus=0
08-08 04:45:56.482 D/CompatibilityChangeReporter(  741): Compat change id reported: 218533173; UID 10156; state: ENABLED
08-08 04:45:56.482 D/CompatibilityChangeReporter(  741): Compat change id reported: 262645982; UID 10156; state: ENABLED
08-08 04:45:56.483 D/HdmiConnection(  572): isConnected portId=2, bConnectStatus=0
08-08 04:45:56.483 D/HdmiConnection(  572): isConnected portId=3, bConnectStatus=0
08-08 04:45:56.483 D/CompatibilityChangeReporter(  741): Compat change id reported: 218533173; UID 10199; state: ENABLED
08-08 04:45:56.484 D/HdmiConnection(  572): isConnected portId=4, bConnectStatus=0
08-08 04:45:56.484 D/CompatibilityChangeReporter(  741): Compat change id reported: 262645982; UID 10199; state: ENABLED
08-08 04:45:56.484 D/CompatibilityChangeReporter(  741): Compat change id reported: 218533173; UID 10006; state: ENABLED
08-08 04:45:56.485 D/CompatibilityChangeReporter(  741): Compat change id reported: 262645982; UID 10006; state: ENABLED
08-08 04:45:56.486 D/CompatibilityChangeReporter(  741): Compat change id reported: 218533173; UID 10232; state: ENABLED
08-08 04:45:56.487 D/CompatibilityChangeReporter(  741): Compat change id reported: 262645982; UID 10232; state: ENABLED
08-08 04:45:56.487 D/CompatibilityChangeReporter(  741): Compat change id reported: 218533173; UID 10079; state: ENABLED
08-08 04:45:56.488 D/CompatibilityChangeReporter(  741): Compat change id reported: 262645982; UID 10079; state: ENABLED
08-08 04:45:56.488 D/HdmiConnection(  572): isConnected portId=1, bConnectStatus=0
08-08 04:45:56.488 D/CompatibilityChangeReporter(  741): Compat change id reported: 218533173; UID 10126; state: ENABLED
08-08 04:45:56.489 D/CompatibilityChangeReporter(  741): Compat change id reported: 262645982; UID 10126; state: ENABLED
08-08 04:45:56.489 D/HdmiConnection(  572): isConnected portId=2, bConnectStatus=0
08-08 04:45:56.490 D/CompatibilityChangeReporter(  741): Compat change id reported: 218533173; UID 10001; state: ENABLED
08-08 04:45:56.490 D/HdmiConnection(  572): isConnected portId=3, bConnectStatus=0
08-08 04:45:56.490 D/CompatibilityChangeReporter(  741): Compat change id reported: 262645982; UID 10001; state: ENABLED
08-08 04:45:56.491 D/CompatibilityChangeReporter(  741): Compat change id reported: 218533173; UID 10105; state: ENABLED
08-08 04:45:56.491 D/CompatibilityChangeReporter(  741): Compat change id reported: 262645982; UID 10105; state: ENABLED
08-08 04:45:56.492 D/CompatibilityChangeReporter(  741): Compat change id reported: 218533173; UID 10206; state: ENABLED
08-08 04:45:56.492 D/CompatibilityChangeReporter(  741): Compat change id reported: 262645982; UID 10206; state: ENABLED
08-08 04:45:56.493 D/CompatibilityChangeReporter(  741): Compat change id reported: 218533173; UID 10056; state: ENABLED
08-08 04:45:56.494 D/CompatibilityChangeReporter(  741): Compat change id reported: 262645982; UID 10056; state: ENABLED
08-08 04:45:56.495 D/CompatibilityChangeReporter(  741): Compat change id reported: 218533173; UID 10071; state: ENABLED
08-08 04:45:56.495 D/CompatibilityChangeReporter(  741): Compat change id reported: 262645982; UID 10071; state: ENABLED
08-08 04:45:56.495 I/id.ext.services( 1519): Using CollectorTypeCC GC.
08-08 04:45:56.496 D/CompatibilityChangeReporter(  741): Compat change id reported: 218533173; UID 10073; state: ENABLED
08-08 04:45:56.496 D/CompatibilityChangeReporter(  741): Compat change id reported: 262645982; UID 10073; state: ENABLED
08-08 04:45:56.496 D/HdmiConnection(  572): isConnected portId=4, bConnectStatus=0
08-08 04:45:56.497 W/HdmiControlService(  741): Local source device not available
08-08 04:45:56.497 D/CompatibilityChangeReporter(  741): Compat change id reported: 218533173; UID 10228; state: ENABLED
08-08 04:45:56.498 D/CompatibilityChangeReporter(  741): Compat change id reported: 262645982; UID 10228; state: ENABLED
08-08 04:45:56.499 D/CompatibilityChangeReporter(  741): Compat change id reported: 218533173; UID 10143; state: ENABLED
08-08 04:45:56.499 D/WallpaperManagerService(  741): WPMS.onServiceConnected-ComponentInfo{com.android.systemui/com.android.systemui.wallpapers.ImageWallpaper}
08-08 04:45:56.499 D/CompatibilityChangeReporter(  741): Compat change id reported: 262645982; UID 10143; state: ENABLED
08-08 04:45:56.499 D/WallpaperManagerService(  741): WPMS.attachServiceLocked
08-08 04:45:56.499 V/WallpaperManagerService(  741): WPMS.attachServiceLocked took to complete: 0ms
08-08 04:45:56.500 V/WallpaperManagerService(  741): WPMS.onServiceConnected-ComponentInfo{com.android.systemui/com.android.systemui.wallpapers.ImageWallpaper} took to complete: 1ms
08-08 04:45:56.500 D/CompatibilityChangeReporter(  741): Compat change id reported: 218533173; UID 10194; state: ENABLED
08-08 04:45:56.500 D/CompatibilityChangeReporter(  741): Compat change id reported: 262645982; UID 10194; state: ENABLED
08-08 04:45:56.501 D/CompatibilityChangeReporter(  741): Compat change id reported: 218533173; UID 10116; state: ENABLED
08-08 04:45:56.501 D/CompatibilityChangeReporter(  741): Compat change id reported: 262645982; UID 10116; state: ENABLED
08-08 04:45:56.502 D/CompatibilityChangeReporter(  741): Compat change id reported: 218533173; UID 10064; state: ENABLED
08-08 04:45:56.503 D/CompatibilityChangeReporter(  741): Compat change id reported: 262645982; UID 10064; state: ENABLED
08-08 04:45:56.503 D/CompatibilityChangeReporter(  741): Compat change id reported: 218533173; UID 10234; state: ENABLED
08-08 04:45:56.503 D/CompatibilityChangeReporter(  741): Compat change id reported: 262645982; UID 10234; state: ENABLED
08-08 04:45:56.504 D/CompatibilityChangeReporter(  741): Compat change id reported: 218533173; UID 10080; state: ENABLED
08-08 04:45:56.505 D/CompatibilityChangeReporter(  741): Compat change id reported: 262645982; UID 10080; state: ENABLED
08-08 04:45:56.505 D/CompatibilityChangeReporter(  741): Compat change id reported: 218533173; UID 10020; state: ENABLED
08-08 04:45:56.506 D/CompatibilityChangeReporter(  741): Compat change id reported: 262645982; UID 10020; state: ENABLED
08-08 04:45:56.506 D/CompatibilityChangeReporter(  741): Compat change id reported: 218533173; UID 10257; state: ENABLED
08-08 04:45:56.507 D/CompatibilityChangeReporter(  741): Compat change id reported: 262645982; UID 10257; state: ENABLED
08-08 04:45:56.508 D/CompatibilityChangeReporter(  741): Compat change id reported: 218533173; UID 10215; state: ENABLED
08-08 04:45:56.508 D/CompatibilityChangeReporter(  741): Compat change id reported: 262645982; UID 10215; state: ENABLED
08-08 04:45:56.508 D/CompatibilityChangeReporter(  741): Compat change id reported: 218533173; UID 10205; state: ENABLED
08-08 04:45:56.509 D/CompatibilityChangeReporter(  741): Compat change id reported: 262645982; UID 10205; state: ENABLED
08-08 04:45:56.510 D/CompatibilityChangeReporter(  741): Compat change id reported: 218533173; UID 10040; state: ENABLED
08-08 04:45:56.510 D/CompatibilityChangeReporter(  741): Compat change id reported: 262645982; UID 10040; state: ENABLED
08-08 04:45:56.511 D/CompatibilityChangeReporter(  741): Compat change id reported: 218533173; UID 10187; state: ENABLED
08-08 04:45:56.511 D/CompatibilityChangeReporter(  741): Compat change id reported: 262645982; UID 10187; state: ENABLED
08-08 04:45:56.512 D/CompatibilityChangeReporter(  741): Compat change id reported: 218533173; UID 10119; state: ENABLED
08-08 04:45:56.512 D/CompatibilityChangeReporter(  741): Compat change id reported: 262645982; UID 10119; state: DISABLED
08-08 04:45:56.514 D/CompatibilityChangeReporter(  741): Compat change id reported: 218533173; UID 10190; state: ENABLED
08-08 04:45:56.514 D/CompatibilityChangeReporter(  741): Compat change id reported: 262645982; UID 10190; state: ENABLED
08-08 04:45:56.515 D/CompatibilityChangeReporter(  741): Compat change id reported: 218533173; UID 10152; state: ENABLED
08-08 04:45:56.515 D/CompatibilityChangeReporter(  741): Compat change id reported: 262645982; UID 10152; state: ENABLED
08-08 04:45:56.516 D/CompatibilityChangeReporter(  741): Compat change id reported: 218533173; UID 10018; state: ENABLED
08-08 04:45:56.516 D/CompatibilityChangeReporter(  741): Compat change id reported: 262645982; UID 10018; state: ENABLED
08-08 04:45:56.517 D/CompatibilityChangeReporter(  741): Compat change id reported: 218533173; UID 10235; state: ENABLED
08-08 04:45:56.517 D/CompatibilityChangeReporter(  741): Compat change id reported: 262645982; UID 10235; state: ENABLED
08-08 04:45:56.518 D/CompatibilityChangeReporter(  741): Compat change id reported: 218533173; UID 10164; state: ENABLED
08-08 04:45:56.518 D/CompatibilityChangeReporter(  741): Compat change id reported: 168419799; UID 1000; state: DISABLED
08-08 04:45:56.518 D/CompatibilityChangeReporter(  741): Compat change id reported: 262645982; UID 10164; state: ENABLED
08-08 04:45:56.518 D/CompatibilityChangeReporter(  741): Compat change id reported: 273564678; UID 1000; state: DISABLED
08-08 04:45:56.519 D/CompatibilityChangeReporter(  741): Compat change id reported: 218533173; UID 10017; state: ENABLED
08-08 04:45:56.519 D/CompatibilityChangeReporter(  741): Compat change id reported: 262645982; UID 10017; state: ENABLED
