08-08 04:46:00.577 W/ContextImpl( 1498): Calling a method in the system process without a qualified user: android.app.ContextImpl.startService:1899 android.content.ContextWrapper.startService:825 com.sony.dtv.sonysystemservice.optionspeakermanager.OptionSpeakerManager.initForDirectBoot:66 com.sony.dtv.sonysystemservice.core.Modules.initForDirectBoot:76 com.sony.dtv.sonysystemservice.core.Modules.<init>:49 
08-08 04:46:00.578 V/GraphicsEnvironment( 2239): Currently set values for:
08-08 04:46:00.579 V/GraphicsEnvironment( 2239):   angle_gl_driver_selection_pkgs=[]
08-08 04:46:00.579 V/GraphicsEnvironment( 2239):   angle_gl_driver_selection_values=[]
08-08 04:46:00.579 V/GraphicsEnvironment( 2239): ANGLE GameManagerService for com.sony.huey.dlna.module: false
08-08 04:46:00.579 V/GraphicsEnvironment( 2239): com.sony.huey.dlna.module is not listed in per-application setting
08-08 04:46:00.579 V/GraphicsEnvironment( 2239): Neither updatable production driver nor prerelease driver is supported.
08-08 04:46:00.581 V/GraphicsEnvironment( 2041): ANGLE GameManagerService for com.mediatek.extservice: false
08-08 04:46:00.582 V/GraphicsEnvironment( 2041): com.mediatek.extservice is not listed in per-application setting
08-08 04:46:00.583 V/GraphicsEnvironment( 2041): Neither updatable production driver nor prerelease driver is supported.
08-08 04:46:00.585 D/CompatibilityChangeReporter(  741): Compat change id reported: 168419799; UID 10110; state: DISABLED
08-08 04:46:00.586 D/CompatibilityChangeReporter(  741): Compat change id reported: 273564678; UID 10110; state: DISABLED
08-08 04:46:00.591 I/katniss_interactor_InitSystem( 1866): Processing 1 tasks
08-08 04:46:00.591 W/ziparchive( 2187): Unable to open '/data/app/~~kAEHmVp4LUFsxcdC23_97g==/com.google.android.apps.tv.launcherx-bMdp0qM2eMLtO2xZAkAdDg==/split_config.armeabi_v7a.dm': No such file or directory
08-08 04:46:00.591 W/ziparchive( 2187): Unable to open '/data/app/~~kAEHmVp4LUFsxcdC23_97g==/com.google.android.apps.tv.launcherx-bMdp0qM2eMLtO2xZAkAdDg==/split_config.armeabi_v7a.dm': No such file or directory
08-08 04:46:00.591 I/katniss_interactor_InitSystem( 1866): Running 1 critical task(s)
08-08 04:46:00.592 W/ps.tv.launcherx( 2187): Entry not found
08-08 04:46:00.595 D/CompatibilityChangeReporter( 2274): Compat change id reported: 171979766; UID 10110; state: ENABLED
08-08 04:46:00.596 D/CompatibilityChangeReporter( 2274): Compat change id reported: 242716250; UID 10110; state: ENABLED
08-08 04:46:00.598 I/katniss_interactor_InitSystem( 1866): PRIMES running
08-08 04:46:00.598 I/katniss_interactor_InitSystem( 1866): PRIMES ran in 0 seconds & 0 milliseconds
08-08 04:46:00.598 I/SSS_UserDataManager( 1498): userPowerSavingMode is changed: LOW
08-08 04:46:00.599 I/katniss_interactor_InitSystem( 1866): All critical tasks run in 0 seconds & 7 milliseconds
08-08 04:46:00.600 I/SSS_core( 1498): Modules platform: com.sony.dtv.sonysystemservice.core.PlatformImpl@2788c69
08-08 04:46:00.600 I/SSS_core( 1498): Modules boot is not completed
08-08 04:46:00.600 D/EcoDataCollectorModule( 1498): #getName: EcoDataCollectorModule
08-08 04:46:00.600 D/CountrySettingsModule( 1498): CountrySettingsModule getName()
08-08 04:46:00.600 D/CompatibilityChangeReporter(  741): Compat change id reported: 170503758; UID 10110; state: ENABLED
08-08 04:46:00.601 I/SSS_core( 1498): owner=true modules=intentdeliver gotosleep bleadvertise NewStorageDevice remotekey hdmicec hdmiinputchange AudioControlModule remotefinder btrcrecovery ledcontrol assistant network parentalcontrols HdmiPortModule NRDPConfig AudioPictureAutoAdjustModule ContentControlModule PictureControlModule audioplayermonitor PictureOffModule PanelSettingModule connecteddevicedetection IrbUtilModule HrtfDongleDetectionModule simultaneousaudiooutput networkinterface StorageMgrIF AudioPictureTargetMonitorModule healthinfo AccessibilityModule EcoDataCollectorModule BtRcManagerModule seedsiot pqrepositoryinterface CountrySettingsModule keydispatcher VolumeLoggerModule privacylogging OptionSpeakerManager PowerModule BroadcastSettingsMonitorModule 
08-08 04:46:00.604 W/ziparchive( 2274): Unable to open '/vendor/framework/InteractiveTvUtil_Client.dm': No such file or directory
08-08 04:46:00.604 W/ziparchive( 2274): Unable to open '/vendor/framework/InteractiveTvUtil_Client.dm': No such file or directory
08-08 04:46:00.606 W/ziparchive( 2187): Unable to open '/data/app/~~kAEHmVp4LUFsxcdC23_97g==/com.google.android.apps.tv.launcherx-bMdp0qM2eMLtO2xZAkAdDg==/split_config.en.dm': No such file or directory
08-08 04:46:00.606 W/ziparchive( 2187): Unable to open '/data/app/~~kAEHmVp4LUFsxcdC23_97g==/com.google.android.apps.tv.launcherx-bMdp0qM2eMLtO2xZAkAdDg==/split_config.en.dm': No such file or directory
08-08 04:46:00.607 W/ps.tv.launcherx( 2187): Entry not found
08-08 04:46:00.607 D/Zygote  (  405): Forked child process 2379
08-08 04:46:00.607 W/ziparchive( 2187): Unable to open '/data/app/~~kAEHmVp4LUFsxcdC23_97g==/com.google.android.apps.tv.launcherx-bMdp0qM2eMLtO2xZAkAdDg==/split_config.xhdpi.dm': No such file or directory
08-08 04:46:00.607 W/ziparchive( 2187): Unable to open '/data/app/~~kAEHmVp4LUFsxcdC23_97g==/com.google.android.apps.tv.launcherx-bMdp0qM2eMLtO2xZAkAdDg==/split_config.xhdpi.dm': No such file or directory
08-08 04:46:00.607 W/ActivityManager(  741): Slow operation: 803ms so far, now at startProcess: returned from zygote!
08-08 04:46:00.607 W/ps.tv.launcherx( 2187): Entry not found
08-08 04:46:00.608 D/CompatibilityChangeReporter(  741): Compat change id reported: 168419799; UID 10230; state: DISABLED
08-08 04:46:00.608 D/CompatibilityChangeReporter(  741): Compat change id reported: 273564678; UID 10230; state: DISABLED
08-08 04:46:00.610 D/nativeloader( 2274): InitLlndkLibrariesVendor: libEGL.so:libGLESv1_CM.so:libGLESv2.so:libGLESv3.so:libRS.so:libandroid_net.so:libbinder_ndk.so:libc.so:libcgrouprc.so:libclang_rt.asan-arm-android.so:libcom.android.tethering.connectivity_native.so:libdl.so:libft2.so:liblog.so:libm.so:libmediandk.so:libnativewindow.so:libneuralnetworks.so:libselinux.so:libsync.so:libvndksupport.so:libvulkan.so
08-08 04:46:00.610 I/ActivityManager(  741): Flag disabled. Ignoring finishAttachApplication from uid: 10108. pid: 1866
08-08 04:46:00.611 D/nativeloader( 2274): Configuring vendor-clns-4 for unbundled vendor apk /vendor/framework/InteractiveTvUtil_Client.jar. target_sdk_version=34, uses_libraries=ALL, library_path=/product/priv-app/LivingFit/lib/arm:/product/priv-app/LivingFit/LivingFit.apk!/lib/armeabi-v7a:/vendor/lib, permitted_path=/data:/mnt/expand:/data/user/0/com.sony.dtv.livingfit:/vendor/lib
08-08 04:46:00.614 D/nativeloader( 2274): InitVndkspLibrariesVendor: android.hardware.common-V2-ndk.so:android.hardware.common.fmq-V1-ndk.so:android.hardware.graphics.allocator-V2-ndk.so:android.hardware.graphics.common-V4-ndk.so:android.hardware.graphics.common@1.0.so:android.hardware.graphics.common@1.1.so:android.hardware.graphics.common@1.2.so:android.hardware.graphics.composer3-V1-ndk.so:android.hardware.graphics.mapper@2.0.so:android.hardware.graphics.mapper@2.1.so:android.hardware.graphics.mapper@3.0.so:android.hardware.graphics.mapper@4.0.so:android.hardware.renderscript@1.0.so:android.hidl.memory.token@1.0.so:android.hidl.memory@1.0-impl.so:android.hidl.memory@1.0.so:android.hidl.safe_union@1.0.so:libRSCpuRef.so:libRSDriver.so:libRS_internal.so:libbase.so:libbcinfo.so:libblas.so:libc++.so:libcompiler_rt.so:libcutils.so:libdmabufheap.so:libgralloctypes.so:libhardware.so:libhidlbase.so:libhidlmemory.so:libion.so:libjsoncpp.so:liblzma.so:libprocessgroup.so:libunwindstack.so:libutils.so:libutilscallstack.so:libz.so
08-08 04:46:00.616 W/ActivityManager(  741): Slow operation: 812ms so far, now at startProcess: done updating battery stats
08-08 04:46:00.617 W/ActivityManager(  741): Slow operation: 812ms so far, now at startProcess: building log message
08-08 04:46:00.617 I/ActivityManager(  741): Start proc 2379:com.sony.dtv.sonyselect/u0a198 for content provider {com.sony.dtv.sonyselect/com.sony.dtv.sonyselect.provider.LaunchAppInfoProvider}
08-08 04:46:00.617 W/ActivityManager(  741): Slow operation: 812ms so far, now at startProcess: starting to update pids map
08-08 04:46:00.617 W/ActivityManager(  741): Slow operation: 812ms so far, now at startProcess: done updating pids map
08-08 04:46:00.617 W/ActivityManager(  741): Slow operation: 649ms so far, now at startProcess: asking zygote to start proc
08-08 04:46:00.617 D/CompatibilityChangeReporter(  741): Compat change id reported: 143937733; UID 10097; state: ENABLED
08-08 04:46:00.623 I/ServiceWatcher(  741): [network] connected to {com.google.android.gms/com.google.android.location.network.NetworkLocationService}
08-08 04:46:00.625 I/LocationManagerService(  741): network provider loaded extra attribution tags: [activity_recognition_provider, awareness_provider, current_semantic_location, fused_location_provider, geofencer_provider, gnss_location_provider, network_location_calibration, network_location_provider, wearable_flp_shim]
08-08 04:46:00.628 D/Zygote  (  405): Forked child process 2383
08-08 04:46:00.629 W/ActivityManager(  741): Slow operation: 660ms so far, now at startProcess: returned from zygote!
08-08 04:46:00.629 W/ActivityManager(  741): Slow operation: 660ms so far, now at startProcess: done updating battery stats
08-08 04:46:00.629 W/ActivityManager(  741): Slow operation: 661ms so far, now at startProcess: building log message
08-08 04:46:00.629 I/ActivityManager(  741): Start proc 2383:com.google.android.onetimeinitializer/u0a97 for broadcast {com.google.android.onetimeinitializer/com.google.android.onetimeinitializer.OneTimeInitializerReceiver}
08-08 04:46:00.629 W/ActivityManager(  741): Slow operation: 661ms so far, now at startProcess: starting to update pids map
08-08 04:46:00.630 W/ActivityManager(  741): Slow operation: 661ms so far, now at startProcess: done updating pids map
08-08 04:46:00.630 W/ActivityManager(  741): Slow operation: 359ms so far, now at startProcess: asking zygote to start proc
08-08 04:46:00.630 D/CompatibilityChangeReporter(  741): Compat change id reported: 143937733; UID 10123; state: ENABLED
08-08 04:46:00.631 D/nativeloader( 2187): Configuring clns-5 for other apk /data/app/~~kAEHmVp4LUFsxcdC23_97g==/com.google.android.apps.tv.launcherx-bMdp0qM2eMLtO2xZAkAdDg==/base.apk:/data/app/~~kAEHmVp4LUFsxcdC23_97g==/com.google.android.apps.tv.launcherx-bMdp0qM2eMLtO2xZAkAdDg==/split_config.armeabi_v7a.apk:/data/app/~~kAEHmVp4LUFsxcdC23_97g==/com.google.android.apps.tv.launcherx-bMdp0qM2eMLtO2xZAkAdDg==/split_config.en.apk:/data/app/~~kAEHmVp4LUFsxcdC23_97g==/com.google.android.apps.tv.launcherx-bMdp0qM2eMLtO2xZAkAdDg==/split_config.xhdpi.apk. target_sdk_version=36, uses_libraries=, library_path=/data/app/~~kAEHmVp4LUFsxcdC23_97g==/com.google.android.apps.tv.launcherx-bMdp0qM2eMLtO2xZAkAdDg==/lib/arm:/data/app/~~kAEHmVp4LUFsxcdC23_97g==/com.google.android.apps.tv.launcherx-bMdp0qM2eMLtO2xZAkAdDg==/base.apk!/lib/armeabi-v7a:/data/app/~~kAEHmVp4LUFsxcdC23_97g==/com.google.android.apps.tv.launcherx-bMdp0qM2eMLtO2xZAkAdDg==/split_config.armeabi_v7a.apk!/lib/armeabi-v7a:/data/app/~~kAEHmVp4LUFsxcdC23_97g==/com.google.android.apps.tv.launcherx-bMdp0qM2
08-08 04:46:00.634 D/CompatibilityChangeReporter( 2345): Compat change id reported: 171979766; UID 10230; state: ENABLED
08-08 04:46:00.635 D/CompatibilityChangeReporter( 2345): Compat change id reported: 242716250; UID 10230; state: ENABLED
08-08 04:46:00.635 I/katniss_interactor_DefaultProcessValidator( 1866): Validating WorkManager process
08-08 04:46:00.637 I/SSS_PowerSavingModeController( 1498): status is changed: PowerSavingModeStatus(userPowerSavingMode=LOW, forcePowerSavingMode=DEFAULT, activePowerSavingMode=LOW, isForcePowerSavingRequested=false, isForcePowerSavingModeOverridden=false)
08-08 04:46:00.638 I/katniss_interactor_DefaultProcessValidator( 1866): Processes: NONE, false, com.google.android.katniss:search, com.google.android.katniss
08-08 04:46:00.638 D/EcoDataCollectorModule( 1498): #getDynamicBroadcasts:
08-08 04:46:00.638 D/WM-PackageManagerHelper( 1866): Skipping component enablement for androidx.work.impl.background.systemjob.SystemJobService
08-08 04:46:00.638 D/WM-Schedulers( 1866): Created SystemJobScheduler and enabled SystemJobService
08-08 04:46:00.639 I/SSS_core( 1498): RegisterReceiver
08-08 04:46:00.639 I/SSS_core( 1498): IntentFilter
08-08 04:46:00.639 I/SSS_core( 1498): Actions:
08-08 04:46:00.639 I/SSS_core( 1498): 0. android.intent.action.SCREEN_OFF
08-08 04:46:00.639 I/SSS_core( 1498): 1. android.os.action.LOW_POWER_STANDBY_POLICY_CHANGED
08-08 04:46:00.639 I/SSS_core( 1498): 2. android.media.ACTION_SCO_AUDIO_STATE_UPDATED
08-08 04:46:00.639 I/SSS_core( 1498): 3. android.intent.action.HEADSET_PLUG
08-08 04:46:00.639 I/SSS_core( 1498): 4. android.bluetooth.adapter.action.STATE_CHANGED
08-08 04:46:00.639 I/SSS_core( 1498): 5. com.sony.dtv.seconddispsetting.action.REGID_HAS_CHANGED
08-08 04:46:00.639 I/SSS_core( 1498): 6. android.intent.action.SCREEN_ON
08-08 04:46:00.639 I/SSS_core( 1498): 7. android.media.AUDIO_BECOMING_NOISY
08-08 04:46:00.639 I/SSS_core( 1498): 8. android.media.action.HDMI_AUDIO_PLUG
08-08 04:46:00.639 I/SSS_core( 1498): 9. android.intent.action.LOCALE_CHANGED
08-08 04:46:00.639 I/SSS_core( 1498): 10. android.intent.action.TIME_SET
08-08 04:46:00.639 I/SSS_core( 1498): 11. com.sony.dtv.sonysystemservice.pictureoff.action.DELETE_NOTIFICATION
08-08 04:46:00.639 I/SSS_core( 1498): 12. android.media.action.MICROPHONE_MUTE_CHANGED
08-08 04:46:00.639 I/SSS_core( 1498): 13. android.intent.action.USER_SWITCHED
08-08 04:46:00.639 I/SSS_core( 1498): 14. android.bluetooth.device.action.ALIAS_CHANGED
08-08 04:46:00.639 I/SSS_core( 1498): 15. android.bluetooth.a2dp.profile.action.CONNECTION_STATE_CHANGED
08-08 04:46:00.639 I/SSS_core( 1498): 16. com.sony.dtv.sonysystemservice.audiopicturesetting.action.PICTURE_ON_OFF
08-08 04:46:00.639 I/SSS_core( 1498): 17. android.bluetooth.device.action.BOND_STATE_CHANGED
08-08 04:46:00.639 I/SSS_core( 1498): DataSchemes:
08-08 04:46:00.639 I/SSS_core( 1498): none
08-08 04:46:00.639 I/SSS_core( 1498): Permission = null
08-08 04:46:00.639 D/WM-ForceStopRunnable( 1866): The default process name was not specified.
08-08 04:46:00.640 D/WM-ForceStopRunnable( 1866): Performing cleanup operations.
08-08 04:46:00.642 I/katniss_interactor_InitSystem( 1866): Processing 40 async tasks
08-08 04:46:00.643 I/katniss_interactor_InitSystem( 1866): Launching 30 async tasks
08-08 04:46:00.644 I/katniss_interactor_InitSystem( 1866): All async tasks launched in 0 seconds & 52 milliseconds
08-08 04:46:00.644 I/katniss_interactor_InitSystem( 1866): ASSISTANT_WRAPPER running
08-08 04:46:00.645 I/katniss_interactor_InitSystem( 1866): ASSISTANT_WRAPPER ran in 0 seconds & 0 milliseconds
08-08 04:46:00.645 I/katniss_interactor_InitSystem( 1866): DEVICE_DATA_STORE running
08-08 04:46:00.647 I/katniss_interactor_InitSystem( 1866): GSERVICES running
08-08 04:46:00.649 I/SSS_core( 1498): RegisterReceiver
08-08 04:46:00.649 I/SSS_core( 1498): IntentFilter
08-08 04:46:00.649 I/SSS_core( 1498): Actions:
08-08 04:46:00.649 I/SSS_core( 1498): 0. android.intent.action.PACKAGE_REPLACED
08-08 04:46:00.649 I/SSS_core( 1498): 1. android.intent.action.PACKAGE_REMOVED
08-08 04:46:00.649 I/SSS_core( 1498): 2. android.intent.action.PACKAGE_ADDED
08-08 04:46:00.649 I/SSS_core( 1498): DataSchemes:
08-08 04:46:00.649 I/SSS_core( 1498): 0. package
08-08 04:46:00.649 I/SSS_core( 1498): Permission = null
08-08 04:46:00.650 I/SSS_core( 1498): RegisterReceiver
08-08 04:46:00.650 I/SSS_core( 1498): IntentFilter
08-08 04:46:00.650 I/SSS_core( 1498): Actions:
08-08 04:46:00.650 I/SSS_core( 1498): 0. com.sony.dtv.webapi.intent.action.WAKEUP_COMPLETED
08-08 04:46:00.650 I/SSS_core( 1498): DataSchemes:
08-08 04:46:00.650 I/SSS_core( 1498): none
08-08 04:46:00.650 I/SSS_core( 1498): Permission = com.sony.dtv.sonysystemservice.permission.BIND_SERVICE
08-08 04:46:00.652 I/katniss_interactor_InitSystem( 1866): USERS_DATA_STORE running
08-08 04:46:00.652 I/SSS_ManagerEventHandler( 1498): #onIntentReceived: com.sony.dtv.sonysystemservice.ACTION_BROADCAST_REGISTERED
08-08 04:46:00.652 I/SSS_ManagerEventHandler( 1498): broadcastEvent: com.sony.dtv.sonysystemservice.audiocontrol.devicemanager.ManagerEvent$EventBroadcastRegistered@438cf13
08-08 04:46:00.652 I/SSS_AudioDeviceControl( 1498): TvSpeakerSurroundSetting - com.sony.dtv.sonysystemservice.audiocontrol.devicemanager.ManagerEvent$EventBroadcastRegistered@438cf13 = false
08-08 04:46:00.652 I/SSS_AudioDeviceControl( 1498): TvSpeakerPostProcessorSetting - com.sony.dtv.sonysystemservice.audiocontrol.devicemanager.ManagerEvent$EventBroadcastRegistered@438cf13 = false
08-08 04:46:00.652 I/SSS_AudioDeviceControl( 1498): TvSpeakerEqualizerSetting - com.sony.dtv.sonysystemservice.audiocontrol.devicemanager.ManagerEvent$EventBroadcastRegistered@438cf13 = false
08-08 04:46:00.652 I/SSS_AudioDeviceControl( 1498): TvSpeakerBalanceSetting - com.sony.dtv.sonysystemservice.audiocontrol.devicemanager.ManagerEvent$EventBroadcastRegistered@438cf13 = false
08-08 04:46:00.652 I/SSS_AudioDeviceControl( 1498): TvSpeakerAutoVolumeSetting - com.sony.dtv.sonysystemservice.audiocontrol.devicemanager.ManagerEvent$EventBroadcastRegistered@438cf13 = false
08-08 04:46:00.652 I/SSS_AudioDeviceControl( 1498): TvSpeakerPositionSetting - com.sony.dtv.sonysystemservice.audiocontrol.devicemanager.ManagerEvent$EventBroadcastRegistered@438cf13 = false
08-08 04:46:00.652 I/SSS_AudioDeviceControl( 1498): TvSpeakerCodecSetting - com.sony.dtv.sonysystemservice.audiocontrol.devicemanager.ManagerEvent$EventBroadcastRegistered@438cf13 = false
08-08 04:46:00.652 I/SSS_AudioDeviceControl( 1498): TvSpeakerVoiceModeSetting - com.sony.dtv.sonysystemservice.audiocontrol.devicemanager.ManagerEvent$EventBroadcastRegistered@438cf13 = false
08-08 04:46:00.652 I/SSS_AudioDeviceControl( 1498): TvSpeakerBeamTweeterSetting - com.sony.dtv.sonysystemservice.audiocontrol.devicemanager.ManagerEvent$EventBroadcastRegistered@438cf13 = false
08-08 04:46:00.653 I/SSS_AudioDeviceControl( 1498): TvSpeakerAcousticAutoCalibration - com.sony.dtv.sonysystemservice.audiocontrol.devicemanager.ManagerEvent$EventBroadcastRegistered@438cf13 = false
08-08 04:46:00.653 I/SSS_ManagerEventHandler( 1498): TvSpeakerControl - onEventFired com.sony.dtv.sonysystemservice.audiocontrol.devicemanager.ManagerEvent$EventBroadcastRegistered@438cf13
08-08 04:46:00.653 I/SSS_AudioDeviceControl( 1498): HdmiSoundModeSetting - com.sony.dtv.sonysystemservice.audiocontrol.devicemanager.ManagerEvent$EventBroadcastRegistered@438cf13 = false
08-08 04:46:00.653 I/SSS_AudioDeviceControl( 1498): HdmiVoiceModeSetting - com.sony.dtv.sonysystemservice.audiocontrol.devicemanager.ManagerEvent$EventBroadcastRegistered@438cf13 = false
08-08 04:46:00.653 I/SSS_AudioDeviceControl( 1498): HdmiNightModeSetting - com.sony.dtv.sonysystemservice.audiocontrol.devicemanager.ManagerEvent$EventBroadcastRegistered@438cf13 = false
08-08 04:46:00.653 I/katniss_interactor_InitSystem( 1866): CAST running
08-08 04:46:00.653 I/SSS_AudioDeviceControl( 1498): HdmiSoundFieldSetting - com.sony.dtv.sonysystemservice.audiocontrol.devicemanager.ManagerEvent$EventBroadcastRegistered@438cf13 = false
08-08 04:46:00.653 I/SSS_AudioDeviceControl( 1498): HdmiSubwooferBassSetting - com.sony.dtv.sonysystemservice.audiocontrol.devicemanager.ManagerEvent$EventBroadcastRegistered@438cf13 = false
08-08 04:46:00.653 I/SSS_AudioDeviceControl( 1498): HdmiVerticalImmersiveSetting - com.sony.dtv.sonysystemservice.audiocontrol.devicemanager.ManagerEvent$EventBroadcastRegistered@438cf13 = false
08-08 04:46:00.653 I/SSS_AudioDeviceControl( 1498): HdmiRearSetting - com.sony.dtv.sonysystemservice.audiocontrol.devicemanager.ManagerEvent$EventBroadcastRegistered@438cf13 = false
08-08 04:46:00.653 I/katniss_interactor_InitSystem( 1866): DSC_CACHE waiting for [USERS_DATA_STORE]
08-08 04:46:00.653 I/SSS_AudioDeviceControl( 1498): Hdmi360SsmSetting - com.sony.dtv.sonysystemservice.audiocontrol.devicemanager.ManagerEvent$EventBroadcastRegistered@438cf13 = false
08-08 04:46:00.654 I/SSS_ManagerEventHandler( 1498): HdmiDeviceControl - onEventFired com.sony.dtv.sonysystemservice.audiocontrol.devicemanager.ManagerEvent$EventBroadcastRegistered@438cf13
08-08 04:46:00.654 I/katniss_interactor_InitSystem( 1866): HOTWORD_CACHE waiting for [DEVICE_DATA_STORE]
08-08 04:46:00.655 I/katniss_interactor_InitSystem( 1866): KATNISS_ACCOUNT_MANAGER waiting for [USERS_DATA_STORE]
08-08 04:46:00.655 I/katniss_interactor_InitSystem( 1866): LOGGER running
08-08 04:46:00.657 D/FarFieldMicContentProvider( 2041): create
08-08 04:46:00.657 D/HotWordContentProvider( 2041): create
08-08 04:46:00.658 I/katniss_interactor_SearchProcessClient( 1866): Create the SearchProcessClient
08-08 04:46:00.659 I/katniss_interactor_InitSystem( 1866): LOGGER ran in 0 seconds & 4 milliseconds
08-08 04:46:00.660 D/FarFieldMicContentProvider( 2041): update content provider!! content://tvlauncher.mic/farfield_mic_status mic_status:3
08-08 04:46:00.663 I/.dtv.sonyselect( 2379): Using CollectorTypeCC GC.
08-08 04:46:00.664 D/CompatibilityChangeReporter(  741): Compat change id reported: 170503758; UID 10230; state: ENABLED
08-08 04:46:00.668 I/katniss_interactor_InitSystem( 1866): NETWORK_STATE_CACHE waiting for [USERS_DATA_STORE]
08-08 04:46:00.669 I/katniss_interactor_InitSystem( 1866): PENDING_CHECK_AUTO_LOGOUT_CACHE waiting for [USERS_DATA_STORE]
08-08 04:46:00.669 I/katniss_interactor_InitSystem( 1866): TOKEN_UPDATER waiting for [USERS_DATA_STORE]
08-08 04:46:00.669 I/katniss_interactor_InitSystem( 1866): HOTWORD running
08-08 04:46:00.669 D/CompatibilityChangeReporter(  741): Compat change id reported: 161145287; UID 10108; state: ENABLED
08-08 04:46:00.671 I/katniss_interactor_InitSystem( 1866): HOTWORD ran in 0 seconds & 1 milliseconds
08-08 04:46:00.672 E/.dtv.sonyselect( 2379): Not starting debugger since process cannot load the jdwp agent.
08-08 04:46:00.673 I/katniss_interactor_InitSystem( 1866): KIDS_MODE_DATA_CACHE waiting for [USERS_DATA_STORE]
08-08 04:46:00.673 I/katniss_interactor_InitSystem( 1866): LED_REBOOT running
08-08 04:46:00.679 I/katniss_interactor_CecConfigFactory( 1866): Using HdmiControlManager for CEC settings
08-08 04:46:00.680 I/Timers  ( 1998): TimerApplication: [TimerApplication] onCreate
08-08 04:46:00.683 D/FirebaseApp( 2132): com.google.firebase.auth.FirebaseAuth is not linked. Skipping initialization.
08-08 04:46:00.684 D/FirebaseApp( 2132): com.google.firebase.crash.FirebaseCrash is not linked. Skipping initialization.
08-08 04:46:00.684 I/FirebaseInitProvider( 2132): FirebaseApp initialization successful
08-08 04:46:00.685 I/ServerMgrDmsProvider( 2132): isOwner User Num: 0
08-08 04:46:00.694 D/IDolbyAudioServiceImpl( 2194): isFeatureSupported(AAC_PROGRAM_REFERENCE_LEVEL)
08-08 04:46:00.694 D/IDolbyAudioServiceImpl( 2194): setAacProgramReferenceLevel(92)
08-08 04:46:00.695 W/tvinput.jptuner( 1899): Verification of java.util.List com.sony.dtv.renderextension.RenderExtensionWrapper.getAvailableRefreshRates() took 124.756ms (593.15 bytecodes/s) (2056B approximate peak alloc)
08-08 04:46:00.703 I/timeinitializer( 2383): Using CollectorTypeCC GC.
08-08 04:46:00.704 D/MS12Server(  617): setDevParameters_l: AAC_Dialnorm=92, with ms12server
08-08 04:46:00.705 D/audio_hw_primary(  617): adev_set_parameters: AAC_Dialnorm=92
08-08 04:46:00.705 I/katniss_interactor_AssistantLedsImpl( 1866): Opening lightsSession
08-08 04:46:00.707 D/audio_hw_primary(  617): getBeqSpeakerInfoDiff: end: gainCh=0,inputCh=0,getCh=0,hpfCh=0
08-08 04:46:00.714 I/ServiceWatcher(  741): [fused] connected to {com.google.android.gms/com.google.android.location.fused.FusedLocationService}
08-08 04:46:00.715 I/katniss_interactor_HotwordUtilsImpl( 1866): Checking for LowPowerStandby, isKatnissExempt=false, isHardwareHotwordAllowed=false
08-08 04:46:00.716 I/katniss_interactor_AnimationParser( 1866): BrightnessMultiplier: [1.000000]
08-08 04:46:00.717 D/LibProductConfigInfo(  280): [getString:163] key:Voice Assistant LED value:RGB
08-08 04:46:00.717 D/productConfig@1.0-service(  280): [getString:35] key:Voice Assistant LED outBuf:RGB len:3
08-08 04:46:00.718 I/android.hardware.lights@1.0-service.sony(  587): Lights setting state for id=8 to color 0
08-08 04:46:00.718 E/timeinitializer( 2383): Not starting debugger since process cannot load the jdwp agent.
08-08 04:46:00.719 I/katniss_interactor_AssistantLedsImpl( 1866): Closing lightsSession
08-08 04:46:00.719 D/IDolbyAudioServiceImpl( 2194): isFeatureSupported(AC4_DIALOGUE_ENHANCER)
08-08 04:46:00.720 D/MS12Server(  617): setAc4DialogueEnhancerStrength() After AC ON, the initial setting is ignored
08-08 04:46:00.720 D/IDolbyAudioServiceImpl( 2194): isFeatureSupported(VIRTUALIZER)
08-08 04:46:00.720 D/IDolbyAudioServiceImpl( 2194): isFeatureSupported(VOLUME_LEVELER)
08-08 04:46:00.720 D/IDolbyAudioServiceImpl( 2194): setVolumeLevelerMode(DISABLE)
08-08 04:46:00.720 D/MS12Server(  617): setDevParameters_l: AQ_DolbyVolumeLevler=Off, with ms12server
08-08 04:46:00.720 D/audio_hw_primary(  617): adev_set_parameters: AQ_DolbyVolumeLevler=Off
08-08 04:46:00.721 D/audio_hw_primary(  617): getBeqSpeakerInfoDiff: end: gainCh=0,inputCh=0,getCh=0,hpfCh=0
08-08 04:46:00.721 D/IDolbyAudioServiceImpl( 2194): isFeatureSupported(AC4_PRESENTATION_PREFERENCE)
08-08 04:46:00.721 D/LibProductConfigInfo(  280): [getString:163] key:Resolution value:QFHD
08-08 04:46:00.721 D/productConfig@1.0-service(  280): [vendor/sony/frameworks/native/services/productConfig/1.0/ProductConfig.cpp(127):getString] key:Resolution value:QFHD len:4
08-08 04:46:00.722 D/IDolbyAudioServiceImpl( 2194): isFeatureSupported(FLEXIBLE_RENDERING)
08-08 04:46:00.722 D/IDolbyAudioServiceImpl( 2194): enableFlexibleRendering(false)
08-08 04:46:00.722 D/MS12Server(  617): enableFlexibleRendering() enable:false
08-08 04:46:00.722 D/MS12Server(  617): setDevParameters_l: DolbyFlapEnable=0, with ms12server
08-08 04:46:00.722 D/audio_hw_primary(  617): adev_set_parameters: DolbyFlapEnable=0
08-08 04:46:00.722 I/katniss_interactor_LedRebootStateTask( 1866): Lights off, hotword is disallowed in energy mode and screen off
08-08 04:46:00.722 I/Timers  ( 1998): s: [s] ProductConfigInfo=[destination=JP-ISDB, resolution=QFHD]
08-08 04:46:00.723 I/Timers  ( 1998): m: #bindService
08-08 04:46:00.723 D/audio_hw_primary(  617): getBeqSpeakerInfoDiff: end: gainCh=0,inputCh=0,getCh=0,hpfCh=0
08-08 04:46:00.723 I/audio_hw_primary(  617): [setFlapEnable:6011] flap_enable:0
08-08 04:46:00.724 E/audio_hw_primary(  617): setFlapEnable: SetParameter(Dap, FlapMode, flap_enable:0) fail(5) !!
08-08 04:46:00.724 I/katniss_interactor_AnimationParser( 1866): BrightnessMultiplier: [1.000000]
08-08 04:46:00.724 W/ActivityManager(  741): Unable to start service Intent { act=com.mediatek.dtv.tvinput.framework.server.ITvInputManagerService cmp=com.mediatek.dtv.tvinput.framework.server/.TvInputManagerService } U=0: not found
08-08 04:46:00.725 I/ActivityManager(  741): Flag disabled. Ignoring finishAttachApplication from uid: 10199. pid: 1998
08-08 04:46:00.731 D/MediaTvTuner( 1899): Current Tuner version is 3.0.
08-08 04:46:00.731 I/LocationManagerService(  741): fused provider loaded extra attribution tags: [activity_recognition_provider, awareness_provider, current_semantic_location, fused_location_provider, geofencer_provider, gnss_location_provider, network_location_calibration, network_location_provider, wearable_flp_shim]
08-08 04:46:00.732 W/system_server(  741): Long monitor contention with owner SyncManager (1209) at android.content.res.Resources android.app.ResourcesManager.createResources(android.content.res.ResourcesKey, java.lang.ClassLoader, android.app.ResourcesManager$ApkAssetsSupplier)(ResourcesManager.java:1040) waiters=0 in android.content.res.Resources android.app.ResourcesManager.createResources(android.content.res.ResourcesKey, java.lang.ClassLoader, android.app.ResourcesManager$ApkAssetsSupplier) for 126ms
08-08 04:46:00.711 I/SSS_BluetoothDeviceControl( 1498): onEventFired > hasAddedDevices: false
08-08 04:46:00.733 I/SSS_ManagerEventHandler( 1498): BluetoothDeviceControl - onEventFired com.sony.dtv.sonysystemservice.audiocontrol.devicemanager.ManagerEvent$EventBroadcastRegistered@438cf13
08-08 04:46:00.733 I/SSS_ManagerEventHandler( 1498): AnalogDeviceControl - onEventFired com.sony.dtv.sonysystemservice.audiocontrol.devicemanager.ManagerEvent$EventBroadcastRegistered@438cf13
08-08 04:46:00.733 I/SSS_ManagerEventHandler( 1498): AudioActivationFeature - com.sony.dtv.sonysystemservice.audiocontrol.devicemanager.ManagerEvent$EventBroadcastRegistered@438cf13 = false
08-08 04:46:00.733 I/SSS_ManagerEventHandler( 1498): SetAudioPathFeature - com.sony.dtv.sonysystemservice.audiocontrol.devicemanager.ManagerEvent$EventBroadcastRegistered@438cf13 = false
08-08 04:46:00.733 I/SSS_ManagerEventHandler( 1498): ActivationCheckFeature - com.sony.dtv.sonysystemservice.audiocontrol.devicemanager.ManagerEvent$EventBroadcastRegistered@438cf13 = false
08-08 04:46:00.733 I/SSS_ManagerEventHandler( 1498): AvSyncFeature - com.sony.dtv.sonysystemservice.audiocontrol.devicemanager.ManagerEvent$EventBroadcastRegistered@438cf13 = false
08-08 04:46:00.734 I/SSS_ManagerEventHandler( 1498): BluetoothSurroundFeature - com.sony.dtv.sonysystemservice.audiocontrol.devicemanager.ManagerEvent$EventBroadcastRegistered@438cf13 = false
08-08 04:46:00.734 I/SSS_ManagerEventHandler( 1498): DigitalAudioOutputFeature - com.sony.dtv.sonysystemservice.audiocontrol.devicemanager.ManagerEvent$EventBroadcastRegistered@438cf13 = false
08-08 04:46:00.734 I/SSS_ManagerEventHandler( 1498): SetPassthroughEncodingFeature - com.sony.dtv.sonysystemservice.audiocontrol.devicemanager.ManagerEvent$EventBroadcastRegistered@438cf13 = false
08-08 04:46:00.734 I/SSS_ManagerEventHandler( 1498): DigitalOutputVolumeFeature - com.sony.dtv.sonysystemservice.audiocontrol.devicemanager.ManagerEvent$EventBroadcastRegistered@438cf13 = false
08-08 04:46:00.734 I/katniss_interactor_AnimationParser( 1866): BrightnessMultiplier: [1.000000]
08-08 04:46:00.760 D/IDolbyAudioServiceImpl( 2194): isFeatureSupported(MAT_OUTPUT_SINGLE_OBJECT_AUDIO_ELEMENT)
08-08 04:46:00.760 D/IDolbyAudioServiceImpl( 2194): enforceMatOutputSingleObjectAudioElement(false)
08-08 04:46:00.761 D/IDolbyAudioServiceImpl( 2194): isFeatureSupported(DIALOGUE_ENHANCER)
08-08 04:46:00.761 D/nativeloader( 2274): InitLlndkLibrariesProduct: libEGL.so:libGLESv1_CM.so:libGLESv2.so:libGLESv3.so:libRS.so:libandroid_net.so:libbinder_ndk.so:libc.so:libcgrouprc.so:libclang_rt.asan-arm-android.so:libcom.android.tethering.connectivity_native.so:libdl.so:libft2.so:liblog.so:libm.so:libmediandk.so:libnativewindow.so:libneuralnetworks.so:libselinux.so:libsync.so:libvndksupport.so:libvulkan.so
08-08 04:46:00.761 D/nativeloader( 2274): Configuring product-clns-5 for unbundled product apk /product/priv-app/LivingFit/LivingFit.apk. target_sdk_version=34, uses_libraries=, library_path=/product/priv-app/LivingFit/lib/arm:/product/priv-app/LivingFit/LivingFit.apk!/lib/armeabi-v7a:/product/lib:/system/product/lib, permitted_path=/data:/mnt/expand:/data/user/0/com.sony.dtv.livingfit:/product/lib:/system/product/lib
08-08 04:46:00.761 D/MS12Server(  617): isFeatureSupported() MSD doesn't support: DIALOGUE_ENHANCER
08-08 04:46:00.761 D/IDolbyAudioServiceImpl( 2194): isFeatureSupported(DIALOGUE_ENHANCER_ALL)
08-08 04:46:00.761 D/IDolbyAudioServiceImpl( 2194): setAllDialogueEnhancerStrength(0)
08-08 04:46:00.761 D/MS12Server(  617): setDevParameters_l: AQ_DolbyDialogEnhancer=0;AQ_DolbyManualDialogEnhancer=0, with ms12server
08-08 04:46:00.761 D/audio_hw_primary(  617): adev_set_parameters: AQ_DolbyDialogEnhancer=0;AQ_DolbyManualDialogEnhancer=0
08-08 04:46:00.762 D/audio_hw_primary(  617): getBeqSpeakerInfoDiff: end: gainCh=0,inputCh=0,getCh=0,hpfCh=0
08-08 04:46:00.763 D/nativeloader( 2274): InitVndkspLibrariesProduct: android.hardware.common-V2-ndk.so:android.hardware.common.fmq-V1-ndk.so:android.hardware.graphics.allocator-V2-ndk.so:android.hardware.graphics.common-V4-ndk.so:android.hardware.graphics.common@1.0.so:android.hardware.graphics.common@1.1.so:android.hardware.graphics.common@1.2.so:android.hardware.graphics.composer3-V1-ndk.so:android.hardware.graphics.mapper@2.0.so:android.hardware.graphics.mapper@2.1.so:android.hardware.graphics.mapper@3.0.so:android.hardware.graphics.mapper@4.0.so:android.hardware.renderscript@1.0.so:android.hidl.memory.token@1.0.so:android.hidl.memory@1.0-impl.so:android.hidl.memory@1.0.so:android.hidl.safe_union@1.0.so:libRSCpuRef.so:libRSDriver.so:libRS_internal.so:libbase.so:libbcinfo.so:libblas.so:libc++.so:libcompiler_rt.so:libcutils.so:libdmabufheap.so:libgralloctypes.so:libhardware.so:libhidlbase.so:libhidlmemory.so:libion.so:libjsoncpp.so:liblzma.so:libprocessgroup.so:libunwindstack.so:libutils.so:libutilscallstack.so:libz.so
08-08 04:46:00.765 W/ActivityTaskManager(  741): Activity top resumed state loss timeout for ActivityRecord{8d3f490 u0 com.google.android.apps.tv.launcherx/.home.HomeActivity t107}
08-08 04:46:00.765 W/ActivityTaskManager(  741): Activity pause timeout for ActivityRecord{8d3f490 u0 com.google.android.apps.tv.launcherx/.home.HomeActivity t107}
08-08 04:46:00.766 I/SSS_ManagerEventHandler( 1498): AudioSystemPriorityFeature - com.sony.dtv.sonysystemservice.audiocontrol.devicemanager.ManagerEvent$EventBroadcastRegistered@438cf13 = false
08-08 04:46:00.766 I/SSS_ManagerEventHandler( 1498): HdmiEarcFeature - com.sony.dtv.sonysystemservice.audiocontrol.devicemanager.ManagerEvent$EventBroadcastRegistered@438cf13 = false
08-08 04:46:00.766 I/SSS_ManagerEventHandler( 1498): CenterSpeakerModeFeature - com.sony.dtv.sonysystemservice.audiocontrol.devicemanager.ManagerEvent$EventBroadcastRegistered@438cf13 = false
08-08 04:46:00.766 I/SSS_ManagerEventHandler( 1498): EdidFeature - com.sony.dtv.sonysystemservice.audiocontrol.devicemanager.ManagerEvent$EventBroadcastRegistered@438cf13 = false
08-08 04:46:00.766 I/SSS_ManagerEventHandler( 1498): SetAmpAccelerationFeature - com.sony.dtv.sonysystemservice.audiocontrol.devicemanager.ManagerEvent$EventBroadcastRegistered@438cf13 = false
08-08 04:46:00.766 I/SSS_ManagerEventHandler( 1498): HrtfFeature - com.sony.dtv.sonysystemservice.audiocontrol.devicemanager.ManagerEvent$EventBroadcastRegistered@438cf13 = true
08-08 04:46:00.766 I/SSS_ManagerEventHandler( 1498): ContentModeMonitorFeature - com.sony.dtv.sonysystemservice.audiocontrol.devicemanager.ManagerEvent$EventBroadcastRegistered@438cf13 = false
08-08 04:46:00.766 I/SSS_ManagerEventHandler( 1498): DampPowerSavingFeature - com.sony.dtv.sonysystemservice.audiocontrol.devicemanager.ManagerEvent$EventBroadcastRegistered@438cf13 = false
08-08 04:46:00.766 I/SSS_ManagerEventHandler( 1498): SpdifOutputFeature - com.sony.dtv.sonysystemservice.audiocontrol.devicemanager.ManagerEvent$EventBroadcastRegistered@438cf13 = false
08-08 04:46:00.766 I/SSS_ManagerEventHandler( 1498): VideoLatencyFeature - com.sony.dtv.sonysystemservice.audiocontrol.devicemanager.ManagerEvent$EventBroadcastRegistered@438cf13 = false
08-08 04:46:00.766 I/SSS_ManagerEventHandler( 1498): MonoAudioOutputFeature - com.sony.dtv.sonysystemservice.audiocontrol.devicemanager.ManagerEvent$EventBroadcastRegistered@438cf13 = false
08-08 04:46:00.766 D/audio_hw_primary(  617): utils_apply_audio_description_ui_setting: out->handle = 13, AudioDescription = 0, UiAdEnable = 0, UiSpsEnable = 0, PanFadeEnable = 1, AdVolumeDb = 0.000000, DialogEnhancerGain = 0, DapDialogEnhancerGain = 0AdMixedInSpkDisable = 0, AdMixedInHpDisable = 0
08-08 04:46:00.766 I/SSS_ManagerEventHandler( 1498): HandlerCallback - onEventFired com.sony.dtv.sonysystemservice.audiocontrol.devicemanager.ManagerEvent$EventBroadcastRegistered@438cf13
08-08 04:46:00.766 I/SSS_ManagerEventHandler( 1498): HandlerCallback - onEventFired com.sony.dtv.sonysystemservice.audiocontrol.devicemanager.ManagerEvent$EventBroadcastRegistered@438cf13
08-08 04:46:00.767 D/EcoDataCollectorModule( 1498): #getName: EcoDataCollectorModule
08-08 04:46:00.767 D/CountrySettingsModule( 1498): CountrySettingsModule getName()
08-08 04:46:00.767 D/IDolbyAudioServiceImpl( 2194): isFeatureSupported(TUNING_HEADPHONE)
08-08 04:46:00.768 D/IDolbyAudioServiceImpl( 2194): isFeatureSupported(AC4_MAIN_ASSOCIATED_MIX_LEVEL)
08-08 04:46:00.768 D/IDolbyAudioServiceImpl( 2194): setAc4MainAssociatedMixLevel(type=NORMAL, level=0)
08-08 04:46:00.768 D/MS12Server(  617): setDevParameters_l: AC4_MixBalance=0, with ms12server
08-08 04:46:00.768 D/audio_hw_primary(  617): adev_set_parameters: AC4_MixBalance=0
08-08 04:46:00.769 D/audio_hw_primary(  617): getBeqSpeakerInfoDiff: end: gainCh=0,inputCh=0,getCh=0,hpfCh=0
08-08 04:46:00.771 I/ActivityManager(  741): Flag disabled. Ignoring finishAttachApplication from uid: 10218. pid: 2239
08-08 04:46:00.776 D/CompatibilityChangeReporter(  741): Compat change id reported: 168419799; UID 10198; state: DISABLED
08-08 04:46:00.776 D/CompatibilityChangeReporter(  741): Compat change id reported: 273564678; UID 10198; state: DISABLED
08-08 04:46:00.779 I/ServiceWatcher(  741): [GeocoderProxy] connected to {com.google.android.gms/com.google.android.gms.location.geocode.GeocodeService}
08-08 04:46:00.786 D/Zygote  (  405): Forked child process 2423
08-08 04:46:00.788 D/audio_hw_primary(  617): utils_apply_audio_description_ui_setting: out->handle = 13, AudioDescription = 0, UiAdEnable = 0, UiSpsEnable = 0, PanFadeEnable = 1, AdVolumeDb = 0.000000, DialogEnhancerGain = 0, DapDialogEnhancerGain = 0AdMixedInSpkDisable = 0, AdMixedInHpDisable = 0
08-08 04:46:00.788 D/DolbyAudioService( 2194): Notifying serviceReady() callback...
08-08 04:46:00.790 D/CompatibilityChangeReporter(  741): Compat change id reported: 265195908; UID 10077; state: ENABLED
08-08 04:46:00.790 I/JpTis_AribSdbImpl( 1899): init()
08-08 04:46:00.791 I/JpTis_AribSdbImpl( 1899): [init()] ServiceDb Restore start.
08-08 04:46:00.794 W/Looper  (  741): Slow dispatch took 552ms main h=android.app.ActivityThread$H c=android.app.LoadedApk$ReceiverDispatcher$Args$$ExternalSyntheticLambda0@42b5d39 m=0
08-08 04:46:00.796 V/NearbyService(  741): Initiating BluetoothAdapter when Bluetooth is turned on.
08-08 04:46:00.800 D/CompatibilityChangeReporter( 2379): Compat change id reported: 171979766; UID 10198; state: ENABLED
08-08 04:46:00.801 W/ActivityManager(  741): Slow operation: 530ms so far, now at startProcess: returned from zygote!
08-08 04:46:00.801 D/CompatibilityChangeReporter( 2379): Compat change id reported: 242716250; UID 10198; state: ENABLED
08-08 04:46:00.806 I/IrbServiceDbHelper( 1221): irbSettingPortId: null
08-08 04:46:00.808 I/ExternalInputRepository( 1221): hdmiDeviceInfos: [], tvInputList: [[id: tv.abema/.components.service.AbemaLiveTvInputService, getParentId: null, type: 0, hdmiDeviceInfo: null]]
08-08 04:46:00.808 I/JpTis_TsTerrServiceDbRestore( 1899): [restore][ISDB-T]Restore Start
08-08 04:46:00.813 I/JpTis_AribRenderService( 1899): notify RenderExtension BindEvent: ServiceConnected
08-08 04:46:00.814 I/IrbServiceDbHelper( 1221): irbSettingPortId: null
08-08 04:46:00.816 I/ExInputItemManager( 1221): hiddenTvInputIds: []
08-08 04:46:00.816 W/ActivityManager(  741): Slow operation: 546ms so far, now at startProcess: done updating battery stats
08-08 04:46:00.817 W/ActivityManager(  741): Slow operation: 546ms so far, now at startProcess: building log message
08-08 04:46:00.817 I/ActivityManager(  741): Start proc 2423:com.google.android.gms/u0a123 for service {com.google.android.gms/com.google.android.gms.chimera.GmsBoundBrokerService}
08-08 04:46:00.817 W/ActivityManager(  741): Slow operation: 546ms so far, now at startProcess: starting to update pids map
08-08 04:46:00.817 W/ActivityManager(  741): Slow operation: 546ms so far, now at startProcess: done updating pids map
08-08 04:46:00.817 W/ActivityManager(  741): Slow operation: 492ms so far, now at startProcess: asking zygote to start proc
08-08 04:46:00.820 D/IrbService-R( 2232): [IrbServiceApplication] onCreate....
08-08 04:46:00.826 I/ChimeraSrvcProxy( 1699): com.google.android.location.internal.server.HardwareArProviderService returning NullBinder for action com.android.location.service.ActivityRecognitionProvider
08-08 04:46:00.828 D/CompatibilityChangeReporter(  741): Compat change id reported: 170503758; UID 10198; state: ENABLED
08-08 04:46:00.829 I/katniss_interactor_AnimationParser( 1866): BrightnessMultiplier: [1.000000]
08-08 04:46:00.830 I/ServiceWatcher(  741): [HardwareActivityRecognitionProxy] connected to {com.google.android.gms/com.google.android.location.internal.server.HardwareArProviderService}
08-08 04:46:00.830 E/Parcel  (  741): Reading a NULL string not supported here.
08-08 04:46:00.831 E/ARProxy (  741): Unknown descriptor: 
08-08 04:46:00.915 W/timeinitializer( 2383): type=1400 audit(0.0:280): avc:  denied  { search } for  name="proc" dev="debugfs" ino=10174 scontext=u:r:priv_app:s0:c512,c768 tcontext=u:object_r:debugfs_binder:s0 tclass=dir permissive=0 app=com.google.android.onetimeinitializer
08-08 04:46:01.003 I/kernel  ( 2470): [   25.110426]mtk_cfm: [cfm_init][600]
08-08 04:46:01.003 I/kernel  ( 2470): [   25.110439]mtk_cfm: [_confirm_which_tuner_use][299]
08-08 04:46:01.003 I/kernel  ( 2470): [   25.110442]mtk_cfm: [_convert_array_to_u16][282], testValue.element[i = 0] = [0x1], value = [0x2]
08-08 04:46:01.003 I/kernel  ( 2470): [   25.110446]mtk_cfm: [_convert_array_to_u16][282], testValue.element[i = 1] = [0x2], value = [0x6]
08-08 04:46:01.003 I/kernel  ( 2470): [   25.110448]mtk_cfm: [_convert_array_to_u16][282], testValue.element[i = 2] = [0x3], value = [0xe]
08-08 04:46:01.003 I/kernel  ( 2470): [   25.110451]mtk_cfm: [_convert_array_to_u16][282], testValue.element[i = 3] = [0x5], value = [0x2e]
08-08 04:46:01.003 I/kernel  ( 2470): [   25.110454]mtk_cfm: [_convert_array_to_u16][282], testValue.element[i = 4] = [0x6], value = [0x6e]
08-08 04:46:01.003 I/kernel  ( 2470): [   25.110456]mtk_cfm: [_convert_array_to_u16][282], testValue.element[i = 5] = [0x8], value = [0x16e]
08-08 04:46:01.003 I/kernel  ( 2470): [   25.110459]mtk_cfm: [_convert_array_to_u16][282], testValue.element[i = 6] = [0x9], value = [0x36e]
08-08 04:46:01.003 I/kernel  ( 2470): [   25.110462]mtk_cfm: [_convert_array_to_u16][282], testValue.element[i = 7] = [0xa], value = [0x76e]
08-08 04:46:01.003 I/kernel  ( 2470): [   25.110464]mtk_cfm: [_convert_array_to_u16][282], testValue.element[i = 8] = [0xb], value = [0xf6e]
08-08 04:46:01.003 I/kernel  ( 2470): [   25.110466]mtk_cfm: [_convert_array_to_u16][282], testValue.element[i = 9] = [0xd], value = [0x2f6e]
08-08 04:46:01.003 I/kernel  ( 2470): [   25.110469]mtk_cfm: [_convert_array_to_u16][282], testValue.element[i = 10] = [0x10], value = [0x12f6e]
08-08 04:46:01.003 I/kernel  ( 2470): [   25.110471]mtk_cfm: [_convert_array_to_u16][282], testValue.element[i = 11] = [0x12], value = [0x52f6e]
08-08 04:46:01.003 I/kernel  ( 2470): [   25.110474]mtk_cfm: [_convert_array_to_u16][282], testValue.element[i = 12] = [0x14], value = [0x152f6e]
08-08 04:46:01.003 I/kernel  ( 2470): [   25.110477]mtk_cfm: [_convert_array_to_u16][282], testValue.element[i = 13] = [0x15], value = [0x352f6e]
08-08 04:46:01.003 I/kernel  ( 2470): [   25.110479]mtk_cfm: [_convert_array_to_u16][282], testValue.element[i = 14] = [0x13], value = [0x3d2f6e]
08-08 04:46:01.003 I/kernel  ( 2470): [   25.110481]mtk_cfm: [_confirm_which_tuner_use][322], board_del_sys_capability = [0x3d2f6e]
08-08 04:46:01.004 I/kernel  ( 2470): [   25.110484]mtk_cfm: [_confirm_which_tuner_use][327], act_del_sys_capability = [0x3d2f6e]
08-08 04:46:01.004 I/kernel  ( 2470): [   25.110486]mtk_cfm: [_confirm_which_tuner_use][333], Correct to selected tuner index = [0]
08-08 04:46:01.004 I/kernel  ( 2470): [   25.110488]mtk_cfm: [_confirm_which_demod_use][368]
08-08 04:46:00.832 D/BoundBrokerSvc( 1699): onBind: Intent { act=com.google.android.gms.phenotype.service.START pkg=com.google.android.gms }
08-08 04:46:00.832 D/BoundBrokerSvc( 1699): Loading bound service for intent: Intent { act=com.google.android.gms.phenotype.service.START pkg=com.google.android.gms }
08-08 04:46:00.839 I/JpTis_AribCasAgent( 1899): setup()
08-08 04:46:00.839 I/JpTis_AribCasAgent:AribCasPasswordClearApiImpl( 1899): AribCasPasswordClearApiImpl Created.
08-08 04:46:00.840 V/GraphicsEnvironment( 2187): Currently set values for:
08-08 04:46:00.840 V/GraphicsEnvironment( 2187):   angle_gl_driver_selection_pkgs=[]
08-08 04:46:00.840 V/GraphicsEnvironment( 2187):   angle_gl_driver_selection_values=[]
08-08 04:46:00.842 V/GraphicsEnvironment( 2187): ANGLE GameManagerService for com.google.android.apps.tv.launcherx: false
08-08 04:46:00.843 V/GraphicsEnvironment( 2187): com.google.android.apps.tv.launcherx is not listed in per-application setting
08-08 04:46:00.843 V/GraphicsEnvironment( 2187): Neither updatable production driver nor prerelease driver is supported.
08-08 04:46:00.846 W/ziparchive( 2379): Unable to open '/vendor/framework/InteractiveTvUtil_Client.dm': No such file or directory
08-08 04:46:00.847 W/ziparchive( 2379): Unable to open '/vendor/framework/InteractiveTvUtil_Client.dm': No such file or directory
08-08 04:46:00.849 I/katniss_interactor_AnimationParser( 1866): BrightnessMultiplier: [1.000000]
08-08 04:46:00.850 I/katniss_interactor_AnimationParser( 1866): BrightnessMultiplier: [1.000000]
08-08 04:46:00.852 W/ps.tv.launcherx( 2187): Accessing hidden method Landroid/app/slice/SliceManager;->enforceSlicePermission(Landroid/net/Uri;II[Ljava/lang/String;)V (blocked, reflection, denied)
08-08 04:46:00.852 W/ps.tv.launcherx( 2187): Accessing hidden method Landroid/app/slice/SliceManager;->grantPermissionFromUser(Landroid/net/Uri;Ljava/lang/String;Z)V (max-target-o, reflection, denied)
08-08 04:46:00.854 W/NotificationHistory(  741): Attempted to add notif for locked/gone/disabled user 0
08-08 04:46:00.854 V/NotificationAssistants(  741): 0 notification assistant service connected: ComponentInfo{com.google.android.ext.services/android.ext.services.notification.Assistant}
08-08 04:46:00.856 D/HdmiConnection(  572): isConnected portId=1, bConnectStatus=0
08-08 04:46:00.859 I/katniss_interactor_AnimationParser( 1866): BrightnessMultiplier: [1.000000]
08-08 04:46:00.858 D/nativeloader( 2345): Configuring clns-shared-4 for other apk /vendor/framework/com.sony.dtv.recutil.jar. target_sdk_version=34, uses_libraries=ALL, library_path=/system_ext/app/RecService/lib/arm:/system/lib:/system_ext/lib, permitted_path=/data:/mnt/expand:/data/user/0/com.sony.dtv.recservice:/system_ext/app/RecService:/system/lib:/system_ext/lib
08-08 04:46:00.859 D/nativeloader( 2345): Extending system_exposed_libraries: libimagedecoder.sony.so
08-08 04:46:00.860 I/katniss_interactor_AnimationParser( 1866): BrightnessMultiplier: [1.000000]
08-08 04:46:00.861 I/katniss_interactor_AnimationParser( 1866): BrightnessMultiplier: [1.000000]
08-08 04:46:00.862 W/niss:interactor( 1866): Long monitor contention with owner main (1866) at java.lang.Object aeuu.d()(PG:42) waiters=0 in java.lang.Object aeuu.d() for 124ms
08-08 04:46:00.862 I/katniss_interactor_KatnissLedController( 1866): Executing state[OFF_NO_ANIMATION]
08-08 04:46:00.863 I/katniss_interactor_InitSystem( 1866): LED_REBOOT ran in 0 seconds & 1.9e+02 milliseconds
08-08 04:46:00.863 I/katniss_interactor_InitSystem( 1866): LIB_ASSISTANT_LED_UTILS running
08-08 04:46:00.863 I/katniss_interactor_AssistantLedsImpl( 1866): Opening lightsSession
08-08 04:46:00.865 I/katniss_interactor_AssistantLedsImpl( 1866): Closing lightsSession
08-08 04:46:00.867 I/katniss_interactor_CecConfigFactory( 1866): Using HdmiControlManager for CEC settings
08-08 04:46:00.869 I/SSS_PlatformParamManager( 1498): VisibleActivitiesInfoListener.onChanged called()
08-08 04:46:00.870 I/SSS_PlatformParamManager( 1498): Skipping PQ parameter posting by VisibleActivitiesInfo change because the packages are consistent with the previous state.
08-08 04:46:00.870 I/ActivityManager(  741): Flag disabled. Ignoring finishAttachApplication from uid: 10233. pid: 2132
08-08 04:46:00.883 D/HotWordContentProvider( 2041): query content provider!! content://atv.hotwordmic/togglestate mic_unmute:1
08-08 04:46:00.883 I/katniss_interactor_CecConfigFactory( 1866): Using HdmiControlManager for CEC settings
08-08 04:46:00.888 D/MediaCas( 1899): Trying to get AIDL service
08-08 04:46:00.890 D/MediaCas( 1899): Use CAS AIDL interface to create plugin
08-08 04:46:00.896 I/SSS_Accessibility( 1498): [VolumeReset] doVolumeReset | isVolumeResetStateEnable=false, volumeResetValue=15
08-08 04:46:00.896 W/[SSS-BtRcManager] ( 1498): BluetoothLeService.connectGattServer() mBluetoothDevice is NULL (BluetoothLeService.java:101)
08-08 04:46:00.907 I/gle.android.gms( 2423): Using CollectorTypeCC GC.
08-08 04:46:00.910 D/HdmiConnection(  572): isConnected portId=2, bConnectStatus=0
08-08 04:46:00.911 W/rx:coreservices( 2136): Long monitor contention with owner binder:2136_3 (2314) at java.lang.Object acjd.B()(PG:30) waiters=0 in java.lang.Object acjd.B() for 308ms
08-08 04:46:00.911 D/nativeloader( 2345): Configuring clns-shared-5 for other apk /system_ext/app/RecService/RecService.apk. target_sdk_version=34, uses_libraries=, library_path=/system_ext/app/RecService/lib/arm:/system/lib:/system_ext/lib, permitted_path=/data:/mnt/expand:/data/user/0/com.sony.dtv.recservice:/system_ext/app/RecService:/system/lib:/system_ext/lib
08-08 04:46:00.913 W/rx:coreservices( 2136): Long monitor contention with owner binder:2136_3 (2314) at java.lang.Object acjd.B()(PG:30) waiters=1 in java.lang.Object acjd.B() for 248ms
08-08 04:46:00.914 D/HdmiConnection(  572): isConnected portId=3, bConnectStatus=0
08-08 04:46:00.925 V/GraphicsEnvironment( 2345): Currently set values for:
