08-08 04:45:54.292 D/CompatibilityChangeReporter(  741): Compat change id reported: 273564678; UID 1000; state: DISABLED
08-08 04:45:54.300 D/CompatibilityChangeReporter( 1197): Compat change id reported: 171979766; UID 1000; state: ENABLED
08-08 04:45:54.300 D/CompatibilityChangeReporter( 1197): Compat change id reported: 242716250; UID 1000; state: ENABLED
08-08 04:45:54.314 D/nativeloader( 1197): Configuring clns-shared-4 for other apk /system_ext/priv-app/SonySettingsProvider-dev/SonySettingsProvider-dev.apk. target_sdk_version=34, uses_libraries=, library_path=/system_ext/priv-app/SonySettingsProvider-dev/lib/arm:/system_ext/priv-app/SonySettingsProvider-dev/SonySettingsProvider-dev.apk!/lib/armeabi-v7a:/system/lib:/system_ext/lib, permitted_path=/data:/mnt/expand:/data/user_de/0/com.sony.dtv.settingsprovider:/system_ext/priv-app/SonySettingsProvider-dev:/system/lib:/system_ext/lib
08-08 04:45:54.325 V/SystemServerTiming(  741): OnBootPhase_550_com.android.server.inputmethod.InputMethodManagerService$Lifecycle took to complete: 37ms
08-08 04:45:54.325 D/SystemServerTiming(  741): OnBootPhase_550_com.android.server.accessibility.AccessibilityManagerService$Lifecycle
08-08 04:45:54.325 V/SystemServerTiming(  741): OnBootPhase_550_com.android.server.accessibility.AccessibilityManagerService$Lifecycle took to complete: 0ms
08-08 04:45:54.325 D/SystemServerTiming(  741): OnBootPhase_550_com.android.server.StorageManagerService$Lifecycle
08-08 04:45:54.327 V/SystemServerTiming(  741): OnBootPhase_550_com.android.server.StorageManagerService$Lifecycle took to complete: 1ms
08-08 04:45:54.327 D/SystemServerTiming(  741): OnBootPhase_550_com.android.server.usage.StorageStatsService$Lifecycle
08-08 04:45:54.327 V/SystemServerTiming(  741): OnBootPhase_550_com.android.server.usage.StorageStatsService$Lifecycle took to complete: 0ms
08-08 04:45:54.327 D/SystemServerTiming(  741): OnBootPhase_550_com.android.server.UiModeManagerService
08-08 04:45:54.327 V/SystemServerTiming(  741): OnBootPhase_550_com.android.server.UiModeManagerService took to complete: 0ms
08-08 04:45:54.327 D/SystemServerTiming(  741): OnBootPhase_550_com.android.server.locales.LocaleManagerService
08-08 04:45:54.327 V/SystemServerTiming(  741): OnBootPhase_550_com.android.server.locales.LocaleManagerService took to complete: 1ms
08-08 04:45:54.327 V/GraphicsEnvironment( 1197): Currently set values for:
08-08 04:45:54.327 D/SystemServerTiming(  741): OnBootPhase_550_com.android.server.grammaticalinflection.GrammaticalInflectionService
08-08 04:45:54.327 V/SystemServerTiming(  741): OnBootPhase_550_com.android.server.grammaticalinflection.GrammaticalInflectionService took to complete: 0ms
08-08 04:45:54.327 V/GraphicsEnvironment( 1197):   angle_gl_driver_selection_pkgs=[]
08-08 04:45:54.327 D/SystemServerTiming(  741): OnBootPhase_550_com.android.server.apphibernation.AppHibernationService
08-08 04:45:54.328 V/GraphicsEnvironment( 1197):   angle_gl_driver_selection_values=[]
08-08 04:45:54.328 V/SystemServerTiming(  741): OnBootPhase_550_com.android.server.apphibernation.AppHibernationService took to complete: 0ms
08-08 04:45:54.328 D/SystemServerTiming(  741): OnBootPhase_550_com.android.server.locksettings.LockSettingsService$Lifecycle
08-08 04:45:54.329 V/GraphicsEnvironment( 1197): ANGLE GameManagerService for com.sony.dtv.settingsprovider: false
08-08 04:45:54.330 W/vold    (  248): Cannot find dev sysfs path
08-08 04:45:54.330 W/StorageManagerService(  741): Failed to get storage lifetime
08-08 04:45:54.330 V/GraphicsEnvironment( 1197): com.sony.dtv.settingsprovider is not listed in per-application setting
08-08 04:45:54.330 V/GraphicsEnvironment( 1197): Neither updatable production driver nor prerelease driver is supported.
08-08 04:45:54.332 D/SystemServerInitThreadPool(  741): Finished executing Lazily initialize IMMS#mImeDrawsImeNavBarRes
08-08 04:45:54.332 V/SystemServerTimingAsync(  741): InitThreadPoolExec:Lazily initialize IMMS#mImeDrawsImeNavBarRes took to complete: 42ms
08-08 04:45:54.336 I/RebootEscrowManager(  741): No reboot escrow data found for users, skipping loading escrow data
08-08 04:45:54.340 E/Binder  (  741): Outgoing transactions from this process must be FLAG_ONEWAY
08-08 04:45:54.340 E/Binder  (  741): java.lang.Throwable
08-08 04:45:54.340 E/Binder  (  741): 	at android.os.BinderProxy.transact(BinderProxy.java:541)
08-08 04:45:54.340 E/Binder  (  741): 	at android.content.ContentProviderProxy.query(ContentProviderNative.java:493)
08-08 04:45:54.340 E/Binder  (  741): 	at android.content.ContentResolver.query(ContentResolver.java:1229)
08-08 04:45:54.340 E/Binder  (  741): 	at android.content.ContentResolver.query(ContentResolver.java:1161)
08-08 04:45:54.340 E/Binder  (  741): 	at android.content.ContentResolver.query(ContentResolver.java:1117)
08-08 04:45:54.340 E/Binder  (  741): 	at com.sony.dtv.server.util.SonySettingsProviderUtil.isSonySettingsProviderReady(SonySettingsProviderUtil.java:137)
08-08 04:45:54.340 E/Binder  (  741): 	at com.sony.dtv.server.policy.KeyResponseManager$1.run(KeyResponseManager.java:106)
08-08 04:45:54.340 E/Binder  (  741): 	at android.os.Handler.handleCallback(Handler.java:958)
08-08 04:45:54.340 E/Binder  (  741): 	at android.os.Handler.dispatchMessage(Handler.java:99)
08-08 04:45:54.340 E/Binder  (  741): 	at android.os.Looper.loopOnce(Looper.java:205)
08-08 04:45:54.340 E/Binder  (  741): 	at android.os.Looper.loop(Looper.java:294)
08-08 04:45:54.340 E/Binder  (  741): 	at android.os.HandlerThread.run(HandlerThread.java:67)
08-08 04:45:54.340 E/Binder  (  741): 	at com.android.server.ServiceThread.run(ServiceThread.java:46)
08-08 04:45:54.340 E/Binder  (  741): 	at com.android.server.UiThread.run(UiThread.java:45)
08-08 04:45:54.341 I/ActivityManager(  741): Flag disabled. Ignoring finishAttachApplication from uid: 1000. pid: 1197
08-08 04:45:54.342 V/SystemServerTiming(  741): OnBootPhase_550_com.android.server.locksettings.LockSettingsService$Lifecycle took to complete: 14ms
08-08 04:45:54.342 D/SystemServerTiming(  741): OnBootPhase_550_com.android.server.PersistentDataBlockService
08-08 04:45:54.342 V/SystemServerTiming(  741): OnBootPhase_550_com.android.server.PersistentDataBlockService took to complete: 0ms
08-08 04:45:54.342 D/SystemServerTiming(  741): OnBootPhase_550_com.android.server.testharness.TestHarnessModeService
08-08 04:45:54.342 V/SystemServerTiming(  741): OnBootPhase_550_com.android.server.testharness.TestHarnessModeService took to complete: 0ms
08-08 04:45:54.343 D/SystemServerTiming(  741): OnBootPhase_550_com.android.server.oemlock.OemLockService
08-08 04:45:54.343 V/SystemServerTiming(  741): OnBootPhase_550_com.android.server.oemlock.OemLockService took to complete: 0ms
08-08 04:45:54.343 D/SystemServerTiming(  741): OnBootPhase_550_com.android.server.DeviceIdleController
08-08 04:45:54.343 V/SystemServerTiming(  741): OnBootPhase_550_com.android.server.DeviceIdleController took to complete: 0ms
08-08 04:45:54.343 D/SystemServerTiming(  741): OnBootPhase_550_com.android.server.devicepolicy.DevicePolicyManagerService$Lifecycle
08-08 04:45:54.343 V/SystemServerTiming(  741): OnBootPhase_550_com.android.server.devicepolicy.DevicePolicyManagerService$Lifecycle took to complete: 1ms
08-08 04:45:54.343 D/SystemServerTiming(  741): OnBootPhase_550_com.android.server.texttospeech.TextToSpeechManagerService
08-08 04:45:54.344 V/SystemServerTiming(  741): OnBootPhase_550_com.android.server.texttospeech.TextToSpeechManagerService took to complete: 0ms
08-08 04:45:54.344 D/SystemServerTiming(  741): OnBootPhase_550_com.android.server.ambientcontext.AmbientContextManagerService
08-08 04:45:54.344 V/SystemServerTiming(  741): OnBootPhase_550_com.android.server.ambientcontext.AmbientContextManagerService took to complete: 0ms
08-08 04:45:54.344 D/SystemServerTiming(  741): OnBootPhase_550_com.android.server.wearable.WearableSensingManagerService
08-08 04:45:54.344 V/SystemServerTiming(  741): OnBootPhase_550_com.android.server.wearable.WearableSensingManagerService took to complete: 0ms
08-08 04:45:54.344 D/SystemServerTiming(  741): OnBootPhase_550_com.android.server.speech.SpeechRecognitionManagerService
08-08 04:45:54.344 V/SystemServerTiming(  741): OnBootPhase_550_com.android.server.speech.SpeechRecognitionManagerService took to complete: 0ms
08-08 04:45:54.344 D/SystemServerTiming(  741): OnBootPhase_550_com.android.server.searchui.SearchUiManagerService
08-08 04:45:54.344 V/SystemServerTiming(  741): OnBootPhase_550_com.android.server.searchui.SearchUiManagerService took to complete: 0ms
08-08 04:45:54.344 D/SystemServerTiming(  741): OnBootPhase_550_com.android.server.smartspace.SmartspaceManagerService
08-08 04:45:54.344 V/SystemServerTiming(  741): OnBootPhase_550_com.android.server.smartspace.SmartspaceManagerService took to complete: 0ms
08-08 04:45:54.344 D/SystemServerTiming(  741): OnBootPhase_550_com.android.server.graphics.fonts.FontManagerService$Lifecycle
08-08 04:45:54.344 V/SystemServerTiming(  741): OnBootPhase_550_com.android.server.graphics.fonts.FontManagerService$Lifecycle took to complete: 0ms
08-08 04:45:54.344 D/SystemServerTiming(  741): OnBootPhase_550_com.android.server.textservices.TextServicesManagerService$Lifecycle
08-08 04:45:54.344 V/SystemServerTiming(  741): OnBootPhase_550_com.android.server.textservices.TextServicesManagerService$Lifecycle took to complete: 0ms
08-08 04:45:54.344 D/SystemServerTiming(  741): OnBootPhase_550_com.android.server.textclassifier.TextClassificationManagerService$Lifecycle
08-08 04:45:54.344 V/SystemServerTiming(  741): OnBootPhase_550_com.android.server.textclassifier.TextClassificationManagerService$Lifecycle took to complete: 0ms
08-08 04:45:54.344 D/SystemServerTiming(  741): OnBootPhase_550_com.android.server.NetworkScoreService$Lifecycle
08-08 04:45:54.344 V/SystemServerTiming(  741): OnBootPhase_550_com.android.server.NetworkScoreService$Lifecycle took to complete: 0ms
08-08 04:45:54.344 D/SystemServerTiming(  741): OnBootPhase_550_com.android.server.NetworkStatsServiceInitializer
08-08 04:45:54.347 D/MediaCodecList(  780): Allowing only non-surface-encoder OMX codecs
08-08 04:45:54.348 I/hwservicemanager(  233): getTransport: Cannot find entry android.hardware.media.omx@1.0::IOmxStore/default in either framework or device VINTF manifest.
08-08 04:45:54.348 E/OmxInfoBuilder(  780): Cannot find an IOmxStore service.
08-08 04:45:54.348 D/MediaCodecList(  780): ignored failed builder
08-08 04:45:54.349 I/Codec2Client(  780): Available Codec2 services: "default" "software"
08-08 04:45:54.352 V/C2MtkComponentStore(  589): in init
08-08 04:45:54.353 V/C2MtkComponentStore(  589): loading dll libcodec2.MTK.so
08-08 04:45:54.353 V/Codec2Plugin(  589): in CreateCodec2Factory
08-08 04:45:54.353 I/Codec2Plugin(  589): createInterface(131076)
08-08 04:45:54.354 I/Codec2Plugin(  589): getAudioExtClient: got audioext service. loop cnt = 0
08-08 04:45:54.354 D/AudioExtService(  617): getSoundParameters: PASS : parameters with key(DEC_CHECK_HASHKEY_CAPABILITY=AC3)
08-08 04:45:54.354 D/audio_hw_primary(  617): adev_get_parameters: DEC_CHECK_HASHKEY_CAPABILITY=AC3
08-08 04:45:54.354 D/audio_hw_primary(  617): adev_get_parameters: DEC_CHECK_HASHKEY_CAPABILITY=1
08-08 04:45:54.355 V/Codec2Plugin(  589): _checkSupported_audioDec: getSoundParameters key(DEC_CHECK_HASHKEY_CAPABILITY=AC3) codecType(AC3) success, reply(DEC_CHECK_HASHKEY_CAPABILITY=1)
08-08 04:45:54.355 I/C2MtkAudioDec(  589): createC2MtkAudioDecInterface: name=c2.mtk.ac3.decoder, kind=1, domain=2, mediaType=audio/ac3
08-08 04:45:54.355 I/C2MtkAc3Dec(  589): createC2MtkAc3DecInterface: name=c2.mtk.ac3.decoder
08-08 04:45:54.355 I/C2MtkAudioDec(  589): C2MtkAudioDecIntfImpl
08-08 04:45:54.355 I/C2MtkAudioDec(  589): OutputMediaTypeSetter
08-08 04:45:54.355 I/C2MtkAc3Dec(  589): IntfImpl
08-08 04:45:54.355 I/C2MtkAudioDec(  589): ~C2MtkAudioDecIntfImpl
08-08 04:45:54.355 D/C2MtkComponentStore(  589): visit: name=c2.mtk.ac3.decoder, key=c2.mtk.ac3.decoder
08-08 04:45:54.355 V/C2MtkComponentStore(  589): in init
08-08 04:45:54.355 V/C2MtkComponentStore(  589): loading dll libcodec2.MTK.so
08-08 04:45:54.355 V/Codec2Plugin(  589): in CreateCodec2Factory
08-08 04:45:54.356 I/Codec2Plugin(  589): createInterface(131081)
08-08 04:45:54.356 I/Codec2Plugin(  589): getAudioExtClient: got audioext service. loop cnt = 0
08-08 04:45:54.356 D/AudioExtService(  617): getSoundParameters: PASS : parameters with key(DEC_CHECK_HASHKEY_CAPABILITY=ADPCM_IMA)
08-08 04:45:54.356 D/audio_hw_primary(  617): adev_get_parameters: DEC_CHECK_HASHKEY_CAPABILITY=ADPCM_IMA
08-08 04:45:54.356 D/audio_hw_primary(  617): adev_get_parameters: DEC_CHECK_HASHKEY_CAPABILITY=1
08-08 04:45:54.356 V/Codec2Plugin(  589): _checkSupported_audioDec: getSoundParameters key(DEC_CHECK_HASHKEY_CAPABILITY=ADPCM_IMA) codecType(ADPCM_IMA) success, reply(DEC_CHECK_HASHKEY_CAPABILITY=1)
08-08 04:45:54.356 I/C2MtkAudioDec(  589): createC2MtkAudioDecInterface: name=c2.mtk.adpcmima.decoder, kind=1, domain=2, mediaType=audio/x-adpcm-dvi-ima
08-08 04:45:54.356 I/C2MtkAdpcmDec(  589): createC2MtkAdpcmDecInterface: name=c2.mtk.adpcmima.decoder
08-08 04:45:54.357 I/C2MtkAudioDec(  589): C2MtkAudioDecIntfImpl
08-08 04:45:54.357 I/C2MtkAudioDec(  589): OutputMediaTypeSetter
08-08 04:45:54.357 I/C2MtkAdpcmDec(  589): IntfImpl
08-08 04:45:54.357 I/C2MtkAudioDec(  589): ~C2MtkAudioDecIntfImpl
08-08 04:45:54.357 D/C2MtkComponentStore(  589): visit: name=c2.mtk.adpcmima.decoder, key=c2.mtk.adpcmima.decoder
08-08 04:45:54.357 V/C2MtkComponentStore(  589): in init
08-08 04:45:54.357 V/C2MtkComponentStore(  589): loading dll libcodec2.MTK.so
08-08 04:45:54.357 V/Codec2Plugin(  589): in CreateCodec2Factory
08-08 04:45:54.357 I/Codec2Plugin(  589): createInterface(131082)
08-08 04:45:54.357 I/Codec2Plugin(  589): getAudioExtClient: got audioext service. loop cnt = 0
08-08 04:45:54.358 D/AudioExtService(  617): getSoundParameters: PASS : parameters with key(DEC_CHECK_HASHKEY_CAPABILITY=ADPCM_MS)
08-08 04:45:54.358 D/audio_hw_primary(  617): adev_get_parameters: DEC_CHECK_HASHKEY_CAPABILITY=ADPCM_MS
08-08 04:45:54.358 D/audio_hw_primary(  617): adev_get_parameters: DEC_CHECK_HASHKEY_CAPABILITY=1
08-08 04:45:54.358 V/Codec2Plugin(  589): _checkSupported_audioDec: getSoundParameters key(DEC_CHECK_HASHKEY_CAPABILITY=ADPCM_MS) codecType(ADPCM_MS) success, reply(DEC_CHECK_HASHKEY_CAPABILITY=1)
08-08 04:45:54.358 I/C2MtkAudioDec(  589): createC2MtkAudioDecInterface: name=c2.mtk.adpcmms.decoder, kind=1, domain=2, mediaType=audio/x-adpcm-ms
08-08 04:45:54.358 I/C2MtkAdpcmDec(  589): createC2MtkAdpcmDecInterface: name=c2.mtk.adpcmms.decoder
08-08 04:45:54.358 I/C2MtkAudioDec(  589): C2MtkAudioDecIntfImpl
08-08 04:45:54.358 I/C2MtkAudioDec(  589): OutputMediaTypeSetter
08-08 04:45:54.358 I/C2MtkAdpcmDec(  589): IntfImpl
08-08 04:45:54.358 I/C2MtkAudioDec(  589): ~C2MtkAudioDecIntfImpl
08-08 04:45:54.359 D/C2MtkComponentStore(  589): visit: name=c2.mtk.adpcmms.decoder, key=c2.mtk.adpcmms.decoder
08-08 04:45:54.359 V/C2MtkComponentStore(  589): in init
08-08 04:45:54.359 V/C2MtkComponentStore(  589): loading dll libcodec2.MTK.so
08-08 04:45:54.359 V/Codec2Plugin(  589): in CreateCodec2Factory
08-08 04:45:54.359 I/Codec2Plugin(  589): createInterface(131078)
08-08 04:45:54.359 I/Codec2Plugin(  589): getAudioExtClient: got audioext service. loop cnt = 0
08-08 04:45:54.359 D/AudioExtService(  617): getSoundParameters: PASS : parameters with key(DEC_CHECK_HASHKEY_CAPABILITY=AAC)
08-08 04:45:54.359 D/audio_hw_primary(  617): adev_get_parameters: DEC_CHECK_HASHKEY_CAPABILITY=AAC
08-08 04:45:54.359 D/audio_hw_primary(  617): adev_get_parameters: DEC_CHECK_HASHKEY_CAPABILITY=1
08-08 04:45:54.359 V/Codec2Plugin(  589): _checkSupported_audioDec: getSoundParameters key(DEC_CHECK_HASHKEY_CAPABILITY=AAC) codecType(AAC) success, reply(DEC_CHECK_HASHKEY_CAPABILITY=1)
08-08 04:45:54.373 I/kernel  (  589): [   18.480172][MTK_V4L2] level=0 fops_vcodec_open(),185: decoder capability 0
08-08 04:45:54.373 I/kernel  (  589): [   18.480184][MTK_V4L2] level=0 fops_vcodec_open(),191: mtk-vcodec-dec decoder [7]
08-08 04:45:54.373 I/kernel  (  589): [   18.480425][MTK_V4L2] level=0 fops_vcodec_release(),218: [7] decoder
08-08 04:45:54.376 I/kernel  (  589): [   18.483154][MTK_V4L2] level=0 fops_vcodec_open(),185: decoder capability 0
08-08 04:45:54.376 I/kernel  (  589): [   18.483165][MTK_V4L2] level=0 fops_vcodec_open(),191: mtk-vcodec-dec decoder [8]
08-08 04:45:54.376 I/kernel  (  589): [   18.483224][MTK_V4L2] level=0 fops_vcodec_release(),218: [8] decoder
08-08 04:45:54.379 I/kernel  (  589): [   18.485832][MTK_V4L2] level=0 fops_vcodec_open(),185: decoder capability 0
08-08 04:45:54.379 I/kernel  (  589): [   18.485845][MTK_V4L2] level=0 fops_vcodec_open(),191: mtk-vcodec-dec decoder [9]
08-08 04:45:54.379 I/kernel  (  589): [   18.485910][MTK_V4L2] level=0 fops_vcodec_release(),218: [9] decoder
08-08 04:45:54.383 I/kernel  (  589): [   18.489503][MTK_V4L2] level=0 fops_vcodec_open(),185: decoder capability 0
08-08 04:45:54.383 I/kernel  (  589): [   18.489517][MTK_V4L2] level=0 fops_vcodec_open(),191: mtk-vcodec-dec decoder [10]
08-08 04:45:54.383 I/kernel  (  589): [   18.489616][MTK_V4L2] level=0 fops_vcodec_release(),218: [10] decoder
08-08 04:45:54.359 I/C2MtkAudioDec(  589): createC2MtkAudioDecInterface: name=c2.mtk.adts.decoder, kind=1, domain=2, mediaType=audio/mp4a-latm-hw
08-08 04:45:54.359 I/C2MtkAacDec(  589): createC2MtkAacDecInterface: name=c2.mtk.adts.decoder
08-08 04:45:54.360 I/C2MtkAudioDec(  589): C2MtkAudioDecIntfImpl
08-08 04:45:54.360 I/C2MtkAudioDec(  589): OutputMediaTypeSetter
08-08 04:45:54.360 I/C2MtkAacDec(  589): IntfImpl
08-08 04:45:54.360 I/C2MtkAudioDec(  589): ~C2MtkAudioDecIntfImpl
08-08 04:45:54.360 D/C2MtkComponentStore(  589): visit: name=c2.mtk.adts.decoder, key=c2.mtk.adts.decoder
08-08 04:45:54.360 V/C2MtkComponentStore(  589): in init
08-08 04:45:54.361 V/C2MtkComponentStore(  589): loading dll libcodec2.MTK.so
08-08 04:45:54.361 V/Codec2Plugin(  589): in CreateCodec2Factory
08-08 04:45:54.361 I/Codec2Plugin(  589): createInterface(131075)
08-08 04:45:54.361 I/C2MtkAudio(  589): createC2MtkAudioInterface: name=c2.mtk.analog.capture, kind=0, domain=2, mediaType=audio/vnd.analogcap
08-08 04:45:54.361 I/C2MtkAnalogCap(  589): createC2MtkAnalogCapInterface: name=c2.mtk.analog.capture
08-08 04:45:54.361 I/C2MtkAudio(  589): C2MtkAudioIntfImpl
08-08 04:45:54.361 I/C2MtkAnalogCap(  589): IntfImpl
08-08 04:45:54.361 I/C2MtkAudio(  589): ~C2MtkAudioIntfImpl
08-08 04:45:54.361 D/C2MtkComponentStore(  589): visit: name=c2.mtk.analog.capture, key=c2.mtk.analog.capture
08-08 04:45:54.361 V/C2MtkComponentStore(  589): in init
08-08 04:45:54.361 V/C2MtkComponentStore(  589): loading dll libcodec2.MTK.so
08-08 04:45:54.361 V/Codec2Plugin(  589): in CreateCodec2Factory
08-08 04:45:54.361 I/Codec2Plugin(  589): createInterface(131074)
08-08 04:45:54.361 I/C2MtkAudio(  589): createC2MtkAudioInterface: name=c2.mtk.atv.capture, kind=0, domain=2, mediaType=audio/vnd.atvcap
08-08 04:45:54.361 I/C2MtkAtvCap(  589): createC2MtkAtvCapInterface: name=c2.mtk.atv.capture
08-08 04:45:54.362 I/C2MtkAudio(  589): C2MtkAudioIntfImpl
08-08 04:45:54.362 I/C2MtkAtvCap(  589): IntfImpl
08-08 04:45:54.362 W/C2MtkAtvCap(  589): AtvStandardSetter: AtvStandard unspecified
08-08 04:45:54.362 W/C2MtkAtvCap(  589): AtvStandardDetectSetter: AtvStandard != unspecified
08-08 04:45:54.362 W/C2MtkAtvCap(  589): AtvSoundModetSetter: AtvSoundMode unspecified
08-08 04:45:54.362 I/C2MtkAtvCap(  589): AtvSoundModeDetectSetter: AtvSoundModeDetect=1, mNeedUpdateParam.size=1
08-08 04:45:54.362 W/C2MtkAtvCap(  589): AtvHidevModeSetter: AtvHidevMode unspecified
08-08 04:45:54.362 I/C2MtkAtvCap(  589): AtvScanCountrySetter: AtvScanCountry=0
08-08 04:45:54.362 I/C2MtkAtvCap(  589): AtvTvSystemSetter: AtvTvSystem=11
08-08 04:45:54.363 I/C2MtkAtvCap(  589): AtvScanModeSetter: AtvScanMode=0
08-08 04:45:54.363 W/C2MtkAtvCap(  589): AtvScanModeSetter: AtvScanMode unspecified
08-08 04:45:54.363 W/BestClock(  741): java.time.DateTimeException: Missing network time fix
08-08 04:45:54.363 I/C2MtkAudio(  589): ~C2MtkAudioIntfImpl
08-08 04:45:54.363 D/C2MtkComponentStore(  589): visit: name=c2.mtk.atv.capture, key=c2.mtk.atv.capture
08-08 04:45:54.363 V/C2MtkComponentStore(  589): in init
08-08 04:45:54.363 V/C2MtkComponentStore(  589): loading dll libcodec2.MTK.so
08-08 04:45:54.363 V/Codec2Plugin(  589): in CreateCodec2Factory
08-08 04:45:54.363 I/Codec2Plugin(  589): createInterface(393216)
08-08 04:45:54.363 I/C2MtkTvBufferBudget(  589): [getDefaultMaxBudgetSize] query vdec_fb max size: ok, 776'994'816 bytes
08-08 04:45:54.363 I/C2MtkTvBufferBudget(  589): [getDefaultMaxBudgetSize] query disp_src max size: ok, 776'994'816 bytes
08-08 04:45:54.363 I/C2MtkTvBufferBudget(  589): [getDefaultMaxBudgetSize] vdec_fb max size and disp_src max size are the same, set default max budget size to 776'994'816 bytes.
08-08 04:45:54.364 I/C2MtkVdecTvConfigFile(  589): [load] System's BufferBudgetConfig: max budget size: 776994816, preference: QUALITY
08-08 04:45:54.364 I/C2MtkVdecTvConfigFile(  589): [load] System's DVRMConfig: inputsrc decision: MUTE, mm decision: OUT_OF_MEMORY, mm checkpoint: PROCESS
08-08 04:45:54.364 I/C2MtkVdecTvConfigFile(  589): [load] System's PerfManagerConfig: mm: enable 1, normal.lateThresholdUs 2000000, low-latency.lateThresholdUs 2000000, lateToleranceDurationUs 0 ; dtv: enable 0, normal.lateThresholdUs 2000000, low-latency.lateThresholdUs 2000000, lateToleranceDurationUs 500000
08-08 04:45:54.364 I/C2MtkVdecTvConfigFile(  589): [load] System's OpRateModeConfig: realTime 0
08-08 04:45:54.364 I/C2MtkVdecTvConfigFile(  589): [load] System's dtvavsyncConfig: flushMode:1, SYNC START:0
08-08 04:45:54.364 W/C2MtkVdecTvConfigFile(  589): [readFixedFrcConfig][L 447] invalid readOttFixedFrcConfig setting.
08-08 04:45:54.364 I/C2MtkVdecTvConfigFile(  589): [load] System's FixedFrcConfig: 0
08-08 04:45:54.364 I/C2MtkVdecTvConfigFile(  589): [load] System's VCodecDropConfig: 0
08-08 04:45:54.364 W/C2MtkVdecTvConfigFile(  589): [readDtvInitDropDurationConfig][L 493] invalid DtvInitDropDuration setting.
08-08 04:45:54.364 I/C2MtkVdecTvConfigFile(  589): [load] System's DtvInitDropDuration: 1000 DtvInitDropDurationwithoutClock: 300
08-08 04:45:54.364 I/C2MtkVdecTvConfigFile(  589): [load] System's CustomizedFFRConfig: 1
08-08 04:45:54.364 I/C2MtkTvBufferBudget(  589): [BufferBudgetImpl] set max budget size to 776'994'816 (741.00 MB), preference to QUALITY
08-08 04:45:54.366 I/netd    (  404): tetherGetStats() -> {[]} <1.17ms>
08-08 04:45:54.367 I/VCodecPlugin(  589): getVCodecImpl(c2.mtk.atv.decoder)
08-08 04:45:54.367 I/C2MtkVdec(  589): not supported media type: video/atv
08-08 04:45:54.368 I/TetheringManager(  741): registerTetheringEventCallback caller:android
08-08 04:45:54.368 I/android.hardware.media.c2@1.1-mediatek(  589): missing struct descriptor #Param::CoreIndex(--001) for field red of struct #Param::CoreIndex(--002)
08-08 04:45:54.368 I/android.hardware.media.c2@1.1-mediatek(  589): missing struct descriptor #Param::CoreIndex(--001) for field green of struct #Param::CoreIndex(--002)
08-08 04:45:54.368 I/android.hardware.media.c2@1.1-mediatek(  589): missing struct descriptor #Param::CoreIndex(--001) for field blue of struct #Param::CoreIndex(--002)
08-08 04:45:54.368 I/android.hardware.media.c2@1.1-mediatek(  589): missing struct descriptor #Param::CoreIndex(--001) for field white of struct #Param::CoreIndex(--002)
08-08 04:45:54.369 I/android.hardware.media.c2@1.1-mediatek(  589): missing struct descriptor #Param::CoreIndex(--4004) for field values of struct #Param::CoreIndex(F-14005)
08-08 04:45:54.369 I/netd    (  404): registerUnsolicitedEventListener(interface:0xf0601af0) <0.03ms>
08-08 04:45:54.369 D/C2MtkComponentStore(  589): visit: name=c2.mtk.atv.decoder, key=c2.mtk.atv.decoder
08-08 04:45:54.369 V/C2MtkComponentStore(  589): in init
08-08 04:45:54.369 V/C2MtkComponentStore(  589): loading dll libcodec2.MTK.so
08-08 04:45:54.369 V/Codec2Plugin(  589): in CreateCodec2Factory
08-08 04:45:54.369 I/Codec2Plugin(  589): createInterface(13)
08-08 04:45:54.370 I/VCodecPlugin(  589): getVCodecImpl(c2.mtk.av1.decoder)
08-08 04:45:54.370 I/VCodecPlugin(  589): getVCodecImpl, create VCodecVideo(c2.mtk.av1.decoder)
08-08 04:45:54.370 I/C2MtkVdec(  589): not supported media type: video/av01
08-08 04:45:54.370 V/<SubhalVdec>(  589): <SUBHAL_VDEC><INFO> ENUM_FRAMESIZES 4352 7680 1 29
08-08 04:45:54.372 D/C2MtkVdecTv(  589): DtvChannelCommandSetter(codec_type:, hw_sync_id:0, trigger_stop:0)
08-08 04:45:54.372 W/C2MtkVdecTv(  589): DtvChannelCommandSetter: tvExtImpl is nullptr!!
08-08 04:45:54.372 I/android.hardware.media.c2@1.1-mediatek(  589): missing struct descriptor #Param::CoreIndex(--4004) for field values of struct #Param::CoreIndex(F-14005)
08-08 04:45:54.372 W/VCodecVideo(  589): [0] Destroy: not initialized
08-08 04:45:54.373 D/C2MtkComponentStore(  589): visit: name=c2.mtk.av1.decoder, key=c2.mtk.av1.decoder
08-08 04:45:54.373 V/C2MtkComponentStore(  589): in init
08-08 04:45:54.373 V/C2MtkComponentStore(  589): loading dll libcodec2.MTK.so
08-08 04:45:54.373 V/Codec2Plugin(  589): in CreateCodec2Factory
08-08 04:45:54.373 I/Codec2Plugin(  589): createInterface(14)
08-08 04:45:54.373 I/VCodecPlugin(  589): getVCodecImpl(c2.mtk.av1.decoder.secure)
08-08 04:45:54.373 I/VCodecPlugin(  589): getVCodecImpl, create VCodecVideo(c2.mtk.av1.decoder.secure)
08-08 04:45:54.373 I/C2MtkVdec(  589): not supported media type: video/av01
08-08 04:45:54.373 V/<SubhalVdec>(  589): <SUBHAL_VDEC><INFO> ENUM_FRAMESIZES 4352 7680 1 29
08-08 04:45:54.374 I/netd    (  404): bandwidthSetGlobalAlert(2097152) <2.03ms>
08-08 04:45:54.374 V/SystemServerTiming(  741): OnBootPhase_550_com.android.server.NetworkStatsServiceInitializer took to complete: 29ms
08-08 04:45:54.374 D/SystemServerTiming(  741): OnBootPhase_550_com.android.server.wifi.WifiService
08-08 04:45:54.374 V/SystemServerTiming(  741): OnBootPhase_550_com.android.server.wifi.WifiService took to complete: 0ms
08-08 04:45:54.374 D/SystemServerTiming(  741): OnBootPhase_550_com.android.server.wifi.scanner.WifiScanningService
08-08 04:45:54.374 V/SystemServerTiming(  741): OnBootPhase_550_com.android.server.wifi.scanner.WifiScanningService took to complete: 0ms
08-08 04:45:54.374 D/SystemServerTiming(  741): OnBootPhase_550_com.android.server.ConnectivityServiceInitializer
08-08 04:45:54.374 V/SystemServerTiming(  741): OnBootPhase_550_com.android.server.ConnectivityServiceInitializer took to complete: 0ms
08-08 04:45:54.374 D/SystemServerTiming(  741): OnBootPhase_550_com.android.server.notification.NotificationManagerService
08-08 04:45:54.374 V/SystemServerTiming(  741): OnBootPhase_550_com.android.server.notification.NotificationManagerService took to complete: 0ms
08-08 04:45:54.374 D/SystemServerTiming(  741): OnBootPhase_550_com.android.server.storage.DeviceStorageMonitorService
08-08 04:45:54.374 V/SystemServerTiming(  741): OnBootPhase_550_com.android.server.storage.DeviceStorageMonitorService took to complete: 0ms
08-08 04:45:54.374 D/SystemServerTiming(  741): OnBootPhase_550_com.android.server.timedetector.TimeDetectorService$Lifecycle
08-08 04:45:54.374 V/SystemServerTiming(  741): OnBootPhase_550_com.android.server.timedetector.TimeDetectorService$Lifecycle took to complete: 0ms
08-08 04:45:54.374 D/SystemServerTiming(  741): OnBootPhase_550_com.android.server.location.LocationManagerService$Lifecycle
08-08 04:45:54.374 V/SystemServerTiming(  741): OnBootPhase_550_com.android.server.location.LocationManagerService$Lifecycle took to complete: 0ms
08-08 04:45:54.374 D/SystemServerTiming(  741): OnBootPhase_550_com.android.server.timezonedetector.TimeZoneDetectorService$Lifecycle
08-08 04:45:54.374 V/SystemServerTiming(  741): OnBootPhase_550_com.android.server.timezonedetector.TimeZoneDetectorService$Lifecycle took to complete: 0ms
08-08 04:45:54.374 D/SystemServerTiming(  741): OnBootPhase_550_com.android.server.location.altitude.AltitudeService$Lifecycle
08-08 04:45:54.374 V/SystemServerTiming(  741): OnBootPhase_550_com.android.server.location.altitude.AltitudeService$Lifecycle took to complete: 0ms
08-08 04:45:54.375 D/C2MtkVdecTv(  589): DtvChannelCommandSetter(codec_type:, hw_sync_id:0, trigger_stop:0)
08-08 04:45:54.375 D/SystemServerTiming(  741): OnBootPhase_550_com.android.server.timezonedetector.location.LocationTimeZoneManagerService$Lifecycle
08-08 04:45:54.375 W/C2MtkVdecTv(  589): DtvChannelCommandSetter: tvExtImpl is nullptr!!
08-08 04:45:54.375 V/SystemServerTiming(  741): OnBootPhase_550_com.android.server.timezonedetector.location.LocationTimeZoneManagerService$Lifecycle took to complete: 0ms
08-08 04:45:54.375 D/SystemServerTiming(  741): OnBootPhase_550_com.android.server.search.SearchManagerService$Lifecycle
08-08 04:45:54.375 V/SystemServerTiming(  741): OnBootPhase_550_com.android.server.search.SearchManagerService$Lifecycle took to complete: 0ms
08-08 04:45:54.375 I/android.hardware.media.c2@1.1-mediatek(  589): missing struct descriptor #Param::CoreIndex(--4004) for field values of struct #Param::CoreIndex(F-14005)
08-08 04:45:54.375 D/SystemServerTiming(  741): OnBootPhase_550_com.android.server.wallpaper.WallpaperManagerService$Lifecycle
08-08 04:45:54.375 W/VCodecVideo(  589): [0] Destroy: not initialized
08-08 04:45:54.375 D/C2MtkComponentStore(  589): visit: name=c2.mtk.av1.decoder.secure, key=c2.mtk.av1.decoder.secure
08-08 04:45:54.375 V/C2MtkComponentStore(  589): in init
08-08 04:45:54.375 V/C2MtkComponentStore(  589): loading dll libcodec2.MTK.so
08-08 04:45:54.375 V/Codec2Plugin(  589): in CreateCodec2Factory
08-08 04:45:54.375 I/Codec2Plugin(  589): createInterface(1)
08-08 04:45:54.376 V/WallpaperManagerService(  741): bindWallpaperComponentLocked: componentName=ComponentInfo{com.android.systemui/com.android.systemui.wallpapers.ImageWallpaper}
08-08 04:45:54.376 I/VCodecPlugin(  589): getVCodecImpl(c2.mtk.avc.decoder)
08-08 04:45:54.376 I/VCodecPlugin(  589): getVCodecImpl, create VCodecVideo(c2.mtk.avc.decoder)
08-08 04:45:54.376 D/WallpaperManagerService(  741): WPMS.bindWallpaperComponentLocked-ComponentInfo{com.android.systemui/com.android.systemui.wallpapers.ImageWallpaper}
08-08 04:45:54.376 V/<SubhalVdec>(  589): <SUBHAL_VDEC><INFO> ENUM_FRAMESIZES 4352 7680 37 29
08-08 04:45:54.378 D/C2MtkVdecTv(  589): DtvChannelCommandSetter(codec_type:, hw_sync_id:0, trigger_stop:0)
08-08 04:45:54.378 W/C2MtkVdecTv(  589): DtvChannelCommandSetter: tvExtImpl is nullptr!!
08-08 04:45:54.378 I/android.hardware.media.c2@1.1-mediatek(  589): missing struct descriptor #Param::CoreIndex(--4004) for field values of struct #Param::CoreIndex(F-14005)
08-08 04:45:54.378 W/VCodecVideo(  589): [0] Destroy: not initialized
08-08 04:45:54.379 D/C2MtkComponentStore(  589): visit: name=c2.mtk.avc.decoder, key=c2.mtk.avc.decoder
08-08 04:45:54.379 V/C2MtkComponentStore(  589): in init
08-08 04:45:54.379 V/C2MtkComponentStore(  589): loading dll libcodec2.MTK.so
08-08 04:45:54.379 V/Codec2Plugin(  589): in CreateCodec2Factory
08-08 04:45:54.379 I/Codec2Plugin(  589): createInterface(2)
08-08 04:45:54.379 I/VCodecPlugin(  589): getVCodecImpl(c2.mtk.avc.decoder.secure)
08-08 04:45:54.379 I/VCodecPlugin(  589): getVCodecImpl, create VCodecVideo(c2.mtk.avc.decoder.secure)
08-08 04:45:54.380 V/<SubhalVdec>(  589): <SUBHAL_VDEC><INFO> ENUM_FRAMESIZES 4352 7680 37 29
08-08 04:45:54.381 D/C2MtkVdecTv(  589): DtvChannelCommandSetter(codec_type:, hw_sync_id:0, trigger_stop:0)
08-08 04:45:54.381 W/C2MtkVdecTv(  589): DtvChannelCommandSetter: tvExtImpl is nullptr!!
08-08 04:45:54.381 D/CompatibilityChangeReporter(  741): Compat change id reported: 135634846; UID 10204; state: DISABLED
08-08 04:45:54.381 I/android.hardware.media.c2@1.1-mediatek(  589): missing struct descriptor #Param::CoreIndex(--4004) for field values of struct #Param::CoreIndex(F-14005)
08-08 04:45:54.381 W/VCodecVideo(  589): [0] Destroy: not initialized
08-08 04:45:54.381 D/CompatibilityChangeReporter(  741): Compat change id reported: 177438394; UID 10204; state: DISABLED
08-08 04:45:54.382 D/CompatibilityChangeReporter(  741): Compat change id reported: 135772972; UID 10204; state: DISABLED
08-08 04:45:54.382 D/C2MtkComponentStore(  589): visit: name=c2.mtk.avc.decoder.secure, key=c2.mtk.avc.decoder.secure
08-08 04:45:54.382 V/C2MtkComponentStore(  589): in init
08-08 04:45:54.382 V/C2MtkComponentStore(  589): loading dll libcodec2.MTK.so
08-08 04:45:54.382 V/Codec2Plugin(  589): in CreateCodec2Factory
08-08 04:45:54.382 I/Codec2Plugin(  589): createInterface(65537)
08-08 04:45:54.382 I/VCodecVencImpl(  589): Codec[1] support
08-08 04:45:54.382 V/C2MtkVenc(  589): in createC2MtkVencInterface
08-08 04:45:54.382 D/CompatibilityChangeReporter(  741): Compat change id reported: 135754954; UID 10204; state: ENABLED
08-08 04:45:54.382 D/C2MtkVenc(  589): [0xEED07610] IntfImpl: name=c2.mtk.avc.encoder, kind=2, domain=1, mediaType=video/avc
08-08 04:45:54.383 D/C2MtkVenc(  589): [0xEED07610] IntfImpl:  mTraits name:c2.mtk.avc.encoder
08-08 04:45:54.383 V/C2MtkVencTv(  589): in getVCodec
08-08 04:45:54.383 I/VCodecPlugin(  589): getVCodecImpl(c2.mtk.avc.encoder)
08-08 04:45:54.383 I/VCodecPlugin(  589): getVCodecImpl, create VCodecVenc(c2.mtk.avc.encoder)
08-08 04:45:54.383 D/VCodecVenc(  589): [L 204][VCodecVenc]
08-08 04:45:54.383 D/VCodecVenc(  589): component:c2.mtk.avc.encoder, codec type: 2
08-08 04:45:54.383 D/VCodecVenc(  589): [L 233][Initialize]
08-08 04:45:54.383 D/VCodecVenc(  589): VCodecVenc Initialize set config
08-08 04:45:54.383 D/CompatibilityChangeReporter(  741): Compat change id reported: 143937733; UID 10204; state: ENABLED
08-08 04:45:54.383 E/VCodecVenc(  589): cb is nullptr.
08-08 04:45:54.383 D/VCodecVenc(  589): [L1174][getSupportedInputType]
08-08 04:45:54.383 D/VCodecVenc(  589): [L1180][getSupportedOutputType]
08-08 04:45:54.383 D/VCodecVenc(  589): [L1130][getSupportedProfileLevel]
08-08 04:45:54.383 V/WallpaperManagerService(  741): WPMS.bindWallpaperComponentLocked-ComponentInfo{com.android.systemui/com.android.systemui.wallpapers.ImageWallpaper} took to complete: 8ms
08-08 04:45:54.383 D/C2MtkVenc(  589): [0xEED07610] Supported profile: 20480
08-08 04:45:54.383 D/C2MtkVenc(  589): [0xEED07610] Supported profile: 20481
08-08 04:45:54.383 D/C2MtkVenc(  589): [0xEED07610] Supported profile: 20482
08-08 04:45:54.383 D/C2MtkVenc(  589): [0xEED07610] Supported profile: 20484
08-08 04:45:54.383 D/C2MtkVenc(  589): [0xEED07610] Supported level: 20480
08-08 04:45:54.383 D/C2MtkVenc(  589): [0xEED07610] Supported level: 20481
08-08 04:45:54.383 D/C2MtkVenc(  589): [0xEED07610] Supported level: 20482
08-08 04:45:54.383 D/C2MtkVenc(  589): [0xEED07610] Supported level: 20483
08-08 04:45:54.383 D/C2MtkVenc(  589): [0xEED07610] Supported level: 20484
08-08 04:45:54.383 D/C2MtkVenc(  589): [0xEED07610] Supported level: 20485
08-08 04:45:54.384 D/C2MtkVenc(  589): [0xEED07610] Supported level: 20486
08-08 04:45:54.384 D/C2MtkVenc(  589): [0xEED07610] Supported level: 20487
08-08 04:45:54.384 D/C2MtkVenc(  589): [0xEED07610] Supported level: 20488
08-08 04:45:54.384 D/C2MtkVenc(  589): [0xEED07610] Supported level: 20489
08-08 04:45:54.384 D/C2MtkVenc(  589): [0xEED07610] Supported level: 20490
08-08 04:45:54.384 D/C2MtkVenc(  589): [0xEED07610] Supported level: 20491
08-08 04:45:54.384 D/C2MtkVenc(  589): [0xEED07610] Supported level: 20492
08-08 04:45:54.384 D/C2MtkVenc(  589): [0xEED07610] Supported level: 20493
08-08 04:45:54.384 D/C2MtkVenc(  589): [0xEED07610] Max supported resolution: width 1920, height 1088
08-08 04:45:54.384 D/C2MtkVenc(  589): [0xEED07610] Min supported resolution: width 176, height 144
08-08 04:45:54.384 D/C2MtkVenc(  589): [0xEED07610] Alignment required for input buffer: width 1, height 1
08-08 04:45:54.384 I/android.hardware.media.c2@1.1-mediatek(  589): missing struct descriptor #Param::CoreIndex(--004) for field values of struct #Param::CoreIndex(F-12004)
08-08 04:45:54.384 E/C2MtkVenc(  589): BAD VALUE: Pixel format 0x32315659 not supported
08-08 04:45:54.384 D/C2MtkVenc(  589): OutputBufferAllocConfigSetter: old 5 : new 5
08-08 04:45:54.384 D/C2MtkVenc(  589): RealTimePrioritySetter: priority -1
08-08 04:45:54.385 D/C2MtkVenc(  589): ColorAspectsSetter range:0, primaries:0, transfer:0, matrix:0
08-08 04:45:54.385 D/C2MtkVenc(  589): CodedColorAspectsSetter range:0, primaries:0, transfer:0, matrix:0
08-08 04:45:54.385 D/C2MtkVenc(  589): CodedColorAspectsSetter range:0, primaries:0, transfer:0, matrix:0
08-08 04:45:54.385 I/android.hardware.media.c2@1.1-mediatek(  589): missing struct descriptor #Param::CoreIndex(--1812) for field values of struct #Param::CoreIndex(F-11812)
08-08 04:45:54.385 V/C2MtkVenc(  589): PictureQuantizationSetter(entry): i 8-51 p 8-51 b 8-51
08-08 04:45:54.385 V/C2MtkVenc(  589): PictureQuantizationSetter(exit): i 8-51 p 8-51 b 8-51
08-08 04:45:54.385 D/C2MtkVenc(  589): TileLayoutSetter OLD TileLayout 256, 256, 16, 10, 0
08-08 04:45:54.385 D/C2MtkVenc(  589): TileLayoutSetter TileLayout     256, 256, 16, 10, 0
08-08 04:45:54.385 I/C2MtkVenc(  589): setting temporal layering 0 + 0
08-08 04:45:54.385 D/VCodecVenc(  589): [L 359][Destroy]
08-08 04:45:54.385 D/VCodecVenc(  589): [L 902][doDestroy]
08-08 04:45:54.385 V/VCodecVenc(  589): [L 936][setState] old(0) -> new(0)
08-08 04:45:54.385 E/VCodecVenc(  589): doDestroy: failded, mEncHandle is nullptr
08-08 04:45:54.389 D/Zygote  (  405): Forked child process 1221
08-08 04:45:54.390 I/ActivityManager(  741): Start proc 1221:com.android.systemui/u0a204 for service {com.android.systemui/com.android.systemui.wallpapers.ImageWallpaper}
08-08 04:45:54.390 D/C2MtkComponentStore(  589): visit: name=c2.mtk.avc.encoder, key=c2.mtk.avc.encoder
08-08 04:45:54.390 V/C2MtkComponentStore(  589): in init
08-08 04:45:54.390 V/C2MtkComponentStore(  589): loading dll libcodec2.MTK.so
08-08 04:45:54.390 V/Codec2Plugin(  589): in CreateCodec2Factory
08-08 04:45:54.390 I/Codec2Plugin(  589): createInterface(655360)
08-08 04:45:54.391 I/VCodecPlugin(  589): getVCodecImpl(c2.mtk.component.decoder)
08-08 04:45:54.391 I/C2MtkVdec(  589): not supported media type: video/component
08-08 04:45:54.392 I/android.hardware.media.c2@1.1-mediatek(  589): missing struct descriptor #Param::CoreIndex(--4004) for field values of struct #Param::CoreIndex(F-14005)
08-08 04:45:54.392 D/C2MtkComponentStore(  589): visit: name=c2.mtk.component.decoder, key=c2.mtk.component.decoder
08-08 04:45:54.392 V/C2MtkComponentStore(  589): in init
08-08 04:45:54.392 V/C2MtkComponentStore(  589): loading dll libcodec2.MTK.so
08-08 04:45:54.393 V/Codec2Plugin(  589): in CreateCodec2Factory
08-08 04:45:54.393 I/Codec2Plugin(  589): createInterface(786432)
08-08 04:45:54.394 I/VCodecPlugin(  589): getVCodecImpl(c2.mtk.composite.decoder)
08-08 04:45:54.394 I/C2MtkVdec(  589): not supported media type: video/composite
08-08 04:45:54.396 I/android.hardware.media.c2@1.1-mediatek(  589): missing struct descriptor #Param::CoreIndex(--4004) for field values of struct #Param::CoreIndex(F-14005)
08-08 04:45:54.397 D/C2MtkComponentStore(  589): visit: name=c2.mtk.composite.decoder, key=c2.mtk.composite.decoder
08-08 04:45:54.397 V/C2MtkComponentStore(  589): in init
08-08 04:45:54.397 V/C2MtkComponentStore(  589): loading dll libcodec2.MTK.so
08-08 04:45:54.397 V/Codec2Plugin(  589): in CreateCodec2Factory
08-08 04:45:54.397 I/Codec2Plugin(  589): createInterface(589824)
08-08 04:45:54.397 I/VCodecPlugin(  589): getVCodecImpl(c2.mtk.dprx.decoder)
08-08 04:45:54.397 I/C2MtkVdec(  589): not supported media type: video/dprx
08-08 04:45:54.400 V/SystemServerTiming(  741): OnBootPhase_550_com.android.server.wallpaper.WallpaperManagerService$Lifecycle took to complete: 25ms
08-08 04:45:54.400 D/SystemServerTiming(  741): OnBootPhase_550_com.android.server.wallpapereffectsgeneration.WallpaperEffectsGenerationManagerService
08-08 04:45:54.400 V/SystemServerTiming(  741): OnBootPhase_550_com.android.server.wallpapereffectsgeneration.WallpaperEffectsGenerationManagerService took to complete: 0ms
08-08 04:45:54.400 D/SystemServerTiming(  741): OnBootPhase_550_com.android.server.audio.AudioService$Lifecycle
08-08 04:45:54.401 V/SystemServerTiming(  741): OnBootPhase_550_com.android.server.audio.AudioService$Lifecycle took to complete: 1ms
08-08 04:45:54.402 D/SystemServerTiming(  741): OnBootPhase_550_com.android.server.soundtrigger_middleware.SoundTriggerMiddlewareService$Lifecycle
08-08 04:45:54.402 D/BluetoothHeadset(  741): Binding service...
08-08 04:45:54.402 D/BluetoothManagerService(  741): Trying to bind to profile: 1, while Bluetooth was disabled
08-08 04:45:54.402 D/BluetoothA2dp(  741): Binding service...
08-08 04:45:54.402 D/BluetoothManagerService(  741): Trying to bind to profile: 2, while Bluetooth was disabled
08-08 04:45:54.403 D/BluetoothLeAudio(  741): Binding service...
08-08 04:45:54.403 D/BluetoothManagerService(  741): Trying to bind to profile: 22, while Bluetooth was disabled
08-08 04:45:54.403 W/BroadcastLoopers(  741): Found previously unknown looper Thread[AudioDeviceBroker,5,main]
08-08 04:45:54.403 V/SystemServerTiming(  741): OnBootPhase_550_com.android.server.soundtrigger_middleware.SoundTriggerMiddlewareService$Lifecycle took to complete: 0ms
08-08 04:45:54.403 D/SystemServerTiming(  741): OnBootPhase_550_com.android.server.adb.AdbService$Lifecycle
08-08 04:45:54.404 V/SystemServerTiming(  741): OnBootPhase_550_com.android.server.adb.AdbService$Lifecycle took to complete: 0ms
08-08 04:45:54.404 D/SystemServerTiming(  741): OnBootPhase_550_com.android.server.usb.UsbService$Lifecycle
08-08 04:45:54.404 D/SystemServerTimingAsync(  741): InitThreadPoolExec:UsbService$Lifecycle#onBootPhase
08-08 04:45:54.404 D/SystemServerInitThreadPool(  741): Started executing UsbService$Lifecycle#onBootPhase
08-08 04:45:54.406 D/HDMI    (  741): Getting CEC setting value 'soundbar_mode'.
08-08 04:45:54.407 D/HDMI    (  741): Reading 'soundbar_mode' shared preference.
08-08 04:45:54.409 D/SystemServerInitThreadPool(  741): Finished executing UsbService$Lifecycle#onBootPhase
08-08 04:45:54.409 V/SystemServerTimingAsync(  741): InitThreadPoolExec:UsbService$Lifecycle#onBootPhase took to complete: 6ms
08-08 04:45:54.410 V/SystemServerTiming(  741): OnBootPhase_550_com.android.server.usb.UsbService$Lifecycle took to complete: 6ms
08-08 04:45:54.410 D/SystemServerTiming(  741): OnBootPhase_550_com.android.server.twilight.TwilightService
08-08 04:45:54.410 V/SystemServerTiming(  741): OnBootPhase_550_com.android.server.twilight.TwilightService took to complete: 0ms
08-08 04:45:54.410 D/SystemServerTiming(  741): OnBootPhase_550_com.android.server.display.color.ColorDisplayService
08-08 04:45:54.410 V/SystemServerTiming(  741): OnBootPhase_550_com.android.server.display.color.ColorDisplayService took to complete: 0ms
08-08 04:45:54.410 D/SystemServerTiming(  741): OnBootPhase_550_com.android.server.job.JobSchedulerService
08-08 04:45:54.410 V/SystemServerTiming(  741): OnBootPhase_550_com.android.server.job.JobSchedulerService took to complete: 0ms
08-08 04:45:54.410 D/SystemServerTiming(  741): OnBootPhase_550_com.android.server.soundtrigger.SoundTriggerService
08-08 04:45:54.410 D/SoundTriggerService(  741): onBootPhase: 550 : false
08-08 04:45:54.411 V/SystemServerTiming(  741): OnBootPhase_550_com.android.server.soundtrigger.SoundTriggerService took to complete: 0ms
08-08 04:45:54.411 D/SystemServerTiming(  741): OnBootPhase_550_com.android.server.trust.TrustManagerService
08-08 04:45:54.411 V/SystemServerTiming(  741): OnBootPhase_550_com.android.server.trust.TrustManagerService took to complete: 0ms
08-08 04:45:54.411 D/SystemServerTiming(  741): OnBootPhase_550_com.android.server.backup.BackupManagerService$Lifecycle
08-08 04:45:54.411 V/SystemServerTiming(  741): OnBootPhase_550_com.android.server.backup.BackupManagerService$Lifecycle took to complete: 0ms
08-08 04:45:54.411 D/SystemServerTiming(  741): OnBootPhase_550_com.android.server.appwidget.AppWidgetService
08-08 04:45:54.411 V/SystemServerTiming(  741): OnBootPhase_550_com.android.server.appwidget.AppWidgetService took to complete: 1ms
08-08 04:45:54.411 D/SystemServerTiming(  741): OnBootPhase_550_com.android.server.voiceinteraction.VoiceInteractionManagerService
08-08 04:45:54.411 V/SystemServerTiming(  741): OnBootPhase_550_com.android.server.voiceinteraction.VoiceInteractionManagerService took to complete: 0ms
08-08 04:45:54.411 D/SystemServerTiming(  741): OnBootPhase_550_com.android.server.GestureLauncherService
08-08 04:45:54.411 V/SystemServerTiming(  741): OnBootPhase_550_com.android.server.GestureLauncherService took to complete: 0ms
08-08 04:45:54.411 D/SystemServerTiming(  741): OnBootPhase_550_com.android.server.SensorNotificationService
08-08 04:45:54.411 V/SystemServerTiming(  741): OnBootPhase_550_com.android.server.SensorNotificationService took to complete: 0ms
08-08 04:45:54.411 D/SystemServerTiming(  741): OnBootPhase_550_com.android.server.emergency.EmergencyAffordanceService
08-08 04:45:54.411 V/SystemServerTiming(  741): OnBootPhase_550_com.android.server.emergency.EmergencyAffordanceService took to complete: 0ms
08-08 04:45:54.411 D/SystemServerTiming(  741): OnBootPhase_550_com.android.server.blob.BlobStoreManagerService
08-08 04:45:54.414 I/android.hardware.media.c2@1.1-mediatek(  589): missing struct descriptor #Param::CoreIndex(--4004) for field values of struct #Param::CoreIndex(F-14005)
08-08 04:45:54.414 D/C2MtkComponentStore(  589): visit: name=c2.mtk.dprx.decoder, key=c2.mtk.dprx.decoder
08-08 04:45:54.414 V/C2MtkComponentStore(  589): in init
08-08 04:45:54.414 V/C2MtkComponentStore(  589): loading dll libcodec2.MTK.so
08-08 04:45:54.414 V/Codec2Plugin(  589): in CreateCodec2Factory
08-08 04:45:54.414 I/Codec2Plugin(  589): createInterface(131077)
08-08 04:45:54.416 V/SystemServerTiming(  741): OnBootPhase_550_com.android.server.blob.BlobStoreManagerService took to complete: 4ms
08-08 04:45:54.416 D/SystemServerTiming(  741): OnBootPhase_550_com.android.server.dreams.DreamManagerService
08-08 04:45:54.416 V/SystemServerTiming(  741): OnBootPhase_550_com.android.server.dreams.DreamManagerService took to complete: 0ms
08-08 04:45:54.416 D/SystemServerTiming(  741): OnBootPhase_550_com.android.server.security.AttestationVerificationManagerService
08-08 04:45:54.416 V/SystemServerTiming(  741): OnBootPhase_550_com.android.server.security.AttestationVerificationManagerService took to complete: 0ms
08-08 04:45:54.416 D/SystemServerTiming(  741): OnBootPhase_