08-08 04:45:53.282 V/SystemServerTiming(  741): OnBootPhase_500_com.android.server.pm.PackageInstallerService$Lifecycle took to complete: 0ms
08-08 04:45:53.282 D/SystemServerTiming(  741): OnBootPhase_500_com.android.server.pm.UserManagerService$LifeCycle
08-08 04:45:53.282 V/SystemServerTiming(  741): OnBootPhase_500_com.android.server.pm.UserManagerService$LifeCycle took to complete: 0ms
08-08 04:45:53.282 D/SystemServerTiming(  741): OnBootPhase_500_com.android.server.om.OverlayManagerService
08-08 04:45:53.282 V/SystemServerTiming(  741): OnBootPhase_500_com.android.server.om.OverlayManagerService took to complete: 0ms
08-08 04:45:53.282 D/SystemServerTiming(  741): OnBootPhase_500_com.android.server.resources.ResourcesManagerService
08-08 04:45:53.282 V/SystemServerTiming(  741): OnBootPhase_500_com.android.server.resources.ResourcesManagerService took to complete: 0ms
08-08 04:45:53.282 D/SystemServerTiming(  741): OnBootPhase_500_com.android.server.sensorprivacy.SensorPrivacyService
08-08 04:45:53.284 D/CompatibilityChangeReporter(  741): Compat change id reported: 157233955; UID 1000; state: ENABLED
08-08 04:45:53.285 V/SystemServerTiming(  741): OnBootPhase_500_com.android.server.sensorprivacy.SensorPrivacyService took to complete: 2ms
08-08 04:45:53.285 D/SystemServerTiming(  741): OnBootPhase_500_com.android.server.sensors.SensorService
08-08 04:45:53.285 V/SystemServerTiming(  741): OnBootPhase_500_com.android.server.sensors.SensorService took to complete: 0ms
08-08 04:45:53.285 D/SystemServerTiming(  741): OnBootPhase_500_com.android.server.SystemConfigService
08-08 04:45:53.285 V/SystemServerTiming(  741): OnBootPhase_500_com.android.server.SystemConfigService took to complete: 0ms
08-08 04:45:53.285 D/SystemServerTiming(  741): OnBootPhase_500_com.android.server.BatteryService
08-08 04:45:53.285 V/SystemServerTiming(  741): OnBootPhase_500_com.android.server.BatteryService took to complete: 0ms
08-08 04:45:53.285 D/SystemServerTiming(  741): OnBootPhase_500_com.android.server.usage.UsageStatsService
08-08 04:45:53.286 D/AppStandbyController(  741): Setting app idle enabled state
08-08 04:45:53.289 E/AppWidgetManager(  741): Nofity service of inheritance info
08-08 04:45:53.289 E/AppWidgetManager(  741): java.lang.IllegalStateException: User 0 must be unlocked for widgets to be available
08-08 04:45:53.289 E/AppWidgetManager(  741): 	at com.android.server.appwidget.AppWidgetServiceImpl.ensureGroupStateLoadedLocked(AppWidgetServiceImpl.java:659)
08-08 04:45:53.289 E/AppWidgetManager(  741): 	at com.android.server.appwidget.AppWidgetServiceImpl.ensureGroupStateLoadedLocked(AppWidgetServiceImpl.java:653)
08-08 04:45:53.289 E/AppWidgetManager(  741): 	at com.android.server.appwidget.AppWidgetServiceImpl.getInstalledProvidersForProfile(AppWidgetServiceImpl.java:1717)
08-08 04:45:53.289 E/AppWidgetManager(  741): 	at android.appwidget.AppWidgetManager.getInstalledProvidersForProfile(AppWidgetManager.java:923)
08-08 04:45:53.289 E/AppWidgetManager(  741): 	at android.appwidget.AppWidgetManager.getInstalledProvidersForPackage(AppWidgetManager.java:857)
08-08 04:45:53.289 E/AppWidgetManager(  741): 	at android.appwidget.AppWidgetManager.lambda$new$3(AppWidgetManager.java:536)
08-08 04:45:53.289 E/AppWidgetManager(  741): 	at android.appwidget.AppWidgetManager.$r8$lambda$WKLPyaeqLNLNb3560d7QJuq2DwQ(Unknown Source:0)
08-08 04:45:53.289 E/AppWidgetManager(  741): 	at android.appwidget.AppWidgetManager$$ExternalSyntheticLambda4.run(D8$$SyntheticClass:0)
08-08 04:45:53.289 E/AppWidgetManager(  741): 	at android.os.Handler.handleCallback(Handler.java:958)
08-08 04:45:53.289 E/AppWidgetManager(  741): 	at android.os.Handler.dispatchMessage(Handler.java:99)
08-08 04:45:53.289 E/AppWidgetManager(  741): 	at android.os.Looper.loopOnce(Looper.java:205)
08-08 04:45:53.289 E/AppWidgetManager(  741): 	at android.os.Looper.loop(Looper.java:294)
08-08 04:45:53.289 E/AppWidgetManager(  741): 	at android.os.HandlerThread.run(HandlerThread.java:67)
08-08 04:45:53.295 V/HistoricalRegistry(  741): Interaction before persistence initialized
08-08 04:45:53.304 V/SystemServerTiming(  741): OnBootPhase_500_com.android.server.usage.UsageStatsService took to complete: 18ms
08-08 04:45:53.304 D/SystemServerTiming(  741): OnBootPhase_500_com.android.server.webkit.WebViewUpdateService
08-08 04:45:53.304 V/SystemServerTiming(  741): OnBootPhase_500_com.android.server.webkit.WebViewUpdateService took to complete: 0ms
08-08 04:45:53.304 D/SystemServerTiming(  741): OnBootPhase_500_com.android.server.CachedDeviceStateService
08-08 04:45:53.304 V/SystemServerTiming(  741): OnBootPhase_500_com.android.server.CachedDeviceStateService took to complete: 1ms
08-08 04:45:53.304 D/SystemServerTiming(  741): OnBootPhase_500_com.android.server.BinderCallsStatsService$LifeCycle
08-08 04:45:53.310 V/SystemServerTiming(  741): OnBootPhase_500_com.android.server.BinderCallsStatsService$LifeCycle took to complete: 5ms
08-08 04:45:53.310 D/SystemServerTiming(  741): OnBootPhase_500_com.android.server.LooperStatsService$Lifecycle
08-08 04:45:53.310 V/SystemServerTiming(  741): OnBootPhase_500_com.android.server.LooperStatsService$Lifecycle took to complete: 1ms
08-08 04:45:53.310 D/SystemServerTiming(  741): OnBootPhase_500_com.android.server.rollback.RollbackManagerService
08-08 04:45:53.310 V/SystemServerTiming(  741): OnBootPhase_500_com.android.server.rollback.RollbackManagerService took to complete: 0ms
08-08 04:45:53.310 D/SystemServerTiming(  741): OnBootPhase_500_com.android.server.os.NativeTombstoneManagerService
08-08 04:45:53.310 V/SystemServerTiming(  741): OnBootPhase_500_com.android.server.os.NativeTombstoneManagerService took to complete: 0ms
08-08 04:45:53.310 D/SystemServerTiming(  741): OnBootPhase_500_com.android.server.os.BugreportManagerService
08-08 04:45:53.310 V/SystemServerTiming(  741): OnBootPhase_500_com.android.server.os.BugreportManagerService took to complete: 0ms
08-08 04:45:53.310 D/SystemServerTiming(  741): OnBootPhase_500_com.android.server.gpu.GpuService
08-08 04:45:53.310 V/SystemServerTiming(  741): OnBootPhase_500_com.android.server.gpu.GpuService took to complete: 0ms
08-08 04:45:53.310 D/SystemServerTiming(  741): OnBootPhase_500_com.android.server.security.rkp.RemoteProvisioningService
08-08 04:45:53.310 V/SystemServerTiming(  741): OnBootPhase_500_com.android.server.security.rkp.RemoteProvisioningService took to complete: 0ms
08-08 04:45:53.311 D/SystemServerTiming(  741): OnBootPhase_500_com.android.server.cpu.CpuMonitorService
08-08 04:45:53.311 V/SystemServerTiming(  741): OnBootPhase_500_com.android.server.cpu.CpuMonitorService took to complete: 0ms
08-08 04:45:53.311 D/SystemServerTiming(  741): OnBootPhase_500_com.android.server.security.KeyChainSystemService
08-08 04:45:53.311 V/SystemServerTiming(  741): OnBootPhase_500_com.android.server.security.KeyChainSystemService took to complete: 0ms
08-08 04:45:53.311 D/SystemServerTiming(  741): OnBootPhase_500_com.android.server.BinaryTransparencyService
08-08 04:45:53.311 V/SystemServerTiming(  741): OnBootPhase_500_com.android.server.BinaryTransparencyService took to complete: 0ms
08-08 04:45:53.311 D/SystemServerTiming(  741): OnBootPhase_500_com.android.server.accounts.AccountManagerService$Lifecycle
08-08 04:45:53.311 V/SystemServerTiming(  741): OnBootPhase_500_com.android.server.accounts.AccountManagerService$Lifecycle took to complete: 0ms
08-08 04:45:53.311 D/SystemServerTiming(  741): OnBootPhase_500_com.android.server.content.ContentService$Lifecycle
08-08 04:45:53.311 V/SystemServerTiming(  741): OnBootPhase_500_com.android.server.content.ContentService$Lifecycle took to complete: 0ms
08-08 04:45:53.311 D/SystemServerTiming(  741): OnBootPhase_500_com.android.server.deviceconfig.DeviceConfigInit$Lifecycle
08-08 04:45:53.311 V/SystemServerTiming(  741): OnBootPhase_500_com.android.server.deviceconfig.DeviceConfigInit$Lifecycle took to complete: 0ms
08-08 04:45:53.311 D/SystemServerTiming(  741): OnBootPhase_500_com.android.server.DropBoxManagerService
08-08 04:45:53.312 V/SystemServerTiming(  741): OnBootPhase_500_com.android.server.DropBoxManagerService took to complete: 1ms
08-08 04:45:53.312 D/SystemServerTiming(  741): OnBootPhase_500_com.android.role.RoleService
08-08 04:45:53.312 V/SystemServerTiming(  741): OnBootPhase_500_com.android.role.RoleService took to complete: 0ms
08-08 04:45:53.312 D/SystemServerTiming(  741): OnBootPhase_500_com.android.server.vibrator.VibratorManagerService$Lifecycle
08-08 04:45:53.312 V/VibratorManagerService(  741): Initializing VibratorManager service...
08-08 04:45:53.312 V/HistoricalRegistry(  741): Interaction before persistence initialized
08-08 04:45:53.315 V/VibratorManagerService(  741): VibratorManager service initialized
08-08 04:45:53.315 V/SystemServerTiming(  741): OnBootPhase_500_com.android.server.vibrator.VibratorManagerService$Lifecycle took to complete: 3ms
08-08 04:45:53.315 D/SystemServerTiming(  741): OnBootPhase_500_com.android.server.tare.InternalResourceService
08-08 04:45:53.318 V/SystemServerTiming(  741): OnBootPhase_500_com.android.server.tare.InternalResourceService took to complete: 3ms
08-08 04:45:53.318 D/SystemServerTiming(  741): OnBootPhase_500_com.android.server.alarm.AlarmManagerService
08-08 04:45:53.320 E/LazyAlarmStore(  741): Removed TIME_TICK alarm
08-08 04:45:53.322 I/hwservicemanager(  233): getTransport: Cannot find entry android.hardware.configstore@1.0::ISurfaceFlingerConfigs/default in either framework or device VINTF manifest.
08-08 04:45:53.324 V/SystemServerTiming(  741): OnBootPhase_500_com.android.server.alarm.AlarmManagerService took to complete: 6ms
08-08 04:45:53.324 D/SystemServerTiming(  741): OnBootPhase_500_com.android.server.devicestate.DeviceStateManagerService
08-08 04:45:53.324 V/SystemServerTiming(  741): OnBootPhase_500_com.android.server.devicestate.DeviceStateManagerService took to complete: 0ms
08-08 04:45:53.324 D/SystemServerTiming(  741): OnBootPhase_500_com.android.server.camera.CameraServiceProxy
08-08 04:45:53.324 V/SystemServerTiming(  741): OnBootPhase_500_com.android.server.camera.CameraServiceProxy took to complete: 0ms
08-08 04:45:53.324 D/SystemServerTiming(  741): OnBootPhase_500_com.android.server.bluetooth.BluetoothService
08-08 04:45:53.325 V/SystemServerTiming(  741): OnBootPhase_500_com.android.server.bluetooth.BluetoothService took to complete: 1ms
08-08 04:45:53.325 D/SystemServerTiming(  741): OnBootPhase_500_com.android.server.connectivity.IpConnectivityMetrics
08-08 04:45:53.326 D/ConnectivityService(  741): NetReassign [no changes] [c 0] [a 0] [i 0]
08-08 04:45:53.328 V/SystemServerTiming(  741): OnBootPhase_500_com.android.server.connectivity.IpConnectivityMetrics took to complete: 3ms
08-08 04:45:53.328 D/SystemServerTiming(  741): OnBootPhase_500_com.android.server.net.watchlist.NetworkWatchlistService$Lifecycle
08-08 04:45:53.328 V/SystemServerTiming(  741): OnBootPhase_500_com.android.server.net.watchlist.NetworkWatchlistService$Lifecycle took to complete: 0ms
08-08 04:45:53.328 D/SystemServerTiming(  741): OnBootPhase_500_com.android.server.PinnerService
08-08 04:45:53.329 V/SystemServerTiming(  741): OnBootPhase_500_com.android.server.PinnerService took to complete: 1ms
08-08 04:45:53.329 D/SystemServerTiming(  741): OnBootPhase_500_com.android.server.integrity.AppIntegrityManagerService
08-08 04:45:53.329 V/SystemServerTiming(  741): OnBootPhase_500_com.android.server.integrity.AppIntegrityManagerService took to complete: 0ms
08-08 04:45:53.329 D/SystemServerTiming(  741): OnBootPhase_500_com.android.server.logcat.LogcatManagerService
08-08 04:45:53.329 V/SystemServerTiming(  741): OnBootPhase_500_com.android.server.logcat.LogcatManagerService took to complete: 0ms
08-08 04:45:53.329 D/SystemServerTiming(  741): OnBootPhase_500_com.sony.dtv.server.HealthKeepService
08-08 04:45:53.329 V/SystemServerTiming(  741): OnBootPhase_500_com.sony.dtv.server.HealthKeepService took to complete: 0ms
08-08 04:45:53.329 D/SystemServerTiming(  741): OnBootPhase_500_com.android.server.inputmethod.InputMethodManagerService$Lifecycle
08-08 04:45:53.329 V/SystemServerTiming(  741): OnBootPhase_500_com.android.server.inputmethod.InputMethodManagerService$Lifecycle took to complete: 0ms
08-08 04:45:53.329 D/SystemServerTiming(  741): OnBootPhase_500_com.android.server.accessibility.AccessibilityManagerService$Lifecycle
08-08 04:45:53.329 V/SystemServerTiming(  741): OnBootPhase_500_com.android.server.accessibility.AccessibilityManagerService$Lifecycle took to complete: 1ms
08-08 04:45:53.329 D/SystemServerTiming(  741): OnBootPhase_500_com.android.server.StorageManagerService$Lifecycle
08-08 04:45:53.330 V/SystemServerTiming(  741): OnBootPhase_500_com.android.server.StorageManagerService$Lifecycle took to complete: 1ms
08-08 04:45:53.330 D/SystemServerTiming(  741): OnBootPhase_500_com.android.server.usage.StorageStatsService$Lifecycle
08-08 04:45:53.330 V/SystemServerTiming(  741): OnBootPhase_500_com.android.server.usage.StorageStatsService$Lifecycle took to complete: 0ms
08-08 04:45:53.330 D/SystemServerTiming(  741): OnBootPhase_500_com.android.server.UiModeManagerService
08-08 04:45:53.333 I/ActivityTaskManager(  741): Config changes=200 {1.0 ?mcc0mnc [en_US] ldltr sw540dp w960dp h540dp 320dpi lrg long land television night -touch -keyb/v/h dpad/v winConfig={ mBounds=Rect(0, 0 - 1920, 1080) mAppBounds=Rect(0, 0 - 1920, 1080) mMaxBounds=Rect(0, 0 - 1920, 1080) mDisplayRotation=ROTATION_0 mWindowingMode=fullscreen mDisplayWindowingMode=fullscreen mActivityType=undefined mAlwaysOnTop=undefined mRotation=ROTATION_0} s.4 ?fontWeightAdjustment}
08-08 04:45:53.335 I/WindowManager(  741): Override config changes=200 {1.0 ?mcc0mnc [en_US] ldltr sw540dp w960dp h540dp 320dpi lrg long land television night -touch -keyb/v/h dpad/v winConfig={ mBounds=Rect(0, 0 - 1920, 1080) mAppBounds=Rect(0, 0 - 1920, 1080) mMaxBounds=Rect(0, 0 - 1920, 1080) mDisplayRotation=ROTATION_0 mWindowingMode=fullscreen mDisplayWindowingMode=fullscreen mActivityType=undefined mAlwaysOnTop=undefined mRotation=ROTATION_0} s.4 ?fontWeightAdjustment} for displayId=0
08-08 04:45:53.336 V/SystemServerTiming(  741): OnBootPhase_500_com.android.server.UiModeManagerService took to complete: 6ms
08-08 04:45:53.337 D/SystemServerTiming(  741): OnBootPhase_500_com.android.server.locales.LocaleManagerService
08-08 04:45:53.337 V/SystemServerTiming(  741): OnBootPhase_500_com.android.server.locales.LocaleManagerService took to complete: 0ms
08-08 04:45:53.337 D/SystemServerTiming(  741): OnBootPhase_500_com.android.server.grammaticalinflection.GrammaticalInflectionService
08-08 04:45:53.337 V/SystemServerTiming(  741): OnBootPhase_500_com.android.server.grammaticalinflection.GrammaticalInflectionService took to complete: 0ms
08-08 04:45:53.337 D/SystemServerTiming(  741): OnBootPhase_500_com.android.server.apphibernation.AppHibernationService
08-08 04:45:53.339 V/SystemServerTiming(  741): OnBootPhase_500_com.android.server.apphibernation.AppHibernationService took to complete: 2ms
08-08 04:45:53.339 D/SystemServerTiming(  741): OnBootPhase_500_com.android.server.locksettings.LockSettingsService$Lifecycle
08-08 04:45:53.339 V/SystemServerTiming(  741): OnBootPhase_500_com.android.server.locksettings.LockSettingsService$Lifecycle took to complete: 0ms
08-08 04:45:53.339 D/SystemServerTiming(  741): OnBootPhase_500_com.android.server.PersistentDataBlockService
08-08 04:45:53.339 V/SystemServerTiming(  741): OnBootPhase_500_com.android.server.PersistentDataBlockService took to complete: 1ms
08-08 04:45:53.339 D/SystemServerTiming(  741): OnBootPhase_500_com.android.server.testharness.TestHarnessModeService
08-08 04:45:53.339 D/TestHarnessModeService(  741): Setting up test harness mode
08-08 04:45:53.339 D/TestHarnessModeService(  741): Getting PersistentDataBlockManagerInternal from LocalServices
08-08 04:45:53.353 V/SystemServerTiming(  741): OnBootPhase_500_com.android.server.testharness.TestHarnessModeService took to complete: 14ms
08-08 04:45:53.353 D/SystemServerTiming(  741): OnBootPhase_500_com.android.server.oemlock.OemLockService
08-08 04:45:53.353 V/SystemServerTiming(  741): OnBootPhase_500_com.android.server.oemlock.OemLockService took to complete: 0ms
08-08 04:45:53.353 D/SystemServerTiming(  741): OnBootPhase_500_com.android.server.DeviceIdleController
08-08 04:45:53.359 V/HistoricalRegistry(  741): Interaction before persistence initialized
08-08 04:45:53.364 V/SystemServerTiming(  741): OnBootPhase_500_com.android.server.DeviceIdleController took to complete: 10ms
08-08 04:45:53.364 D/SystemServerTiming(  741): OnBootPhase_500_com.android.server.devicepolicy.DevicePolicyManagerService$Lifecycle
08-08 04:45:53.364 V/SystemServerTiming(  741): OnBootPhase_500_com.android.server.devicepolicy.DevicePolicyManagerService$Lifecycle took to complete: 0ms
08-08 04:45:53.364 D/SystemServerTiming(  741): OnBootPhase_500_com.android.server.texttospeech.TextToSpeechManagerService
08-08 04:45:53.364 V/SystemServerTiming(  741): OnBootPhase_500_com.android.server.texttospeech.TextToSpeechManagerService took to complete: 0ms
08-08 04:45:53.364 D/SystemServerTiming(  741): OnBootPhase_500_com.android.server.ambientcontext.AmbientContextManagerService
08-08 04:45:53.367 V/SystemServerTiming(  741): OnBootPhase_500_com.android.server.ambientcontext.AmbientContextManagerService took to complete: 3ms
08-08 04:45:53.367 D/SystemServerTiming(  741): OnBootPhase_500_com.android.server.wearable.WearableSensingManagerService
08-08 04:45:53.367 V/SystemServerTiming(  741): OnBootPhase_500_com.android.server.wearable.WearableSensingManagerService took to complete: 1ms
08-08 04:45:53.367 D/SystemServerTiming(  741): OnBootPhase_500_com.android.server.speech.SpeechRecognitionManagerService
08-08 04:45:53.367 V/SystemServerTiming(  741): OnBootPhase_500_com.android.server.speech.SpeechRecognitionManagerService took to complete: 0ms
08-08 04:45:53.368 D/SystemServerTiming(  741): OnBootPhase_500_com.android.server.searchui.SearchUiManagerService
08-08 04:45:53.368 V/SystemServerTiming(  741): OnBootPhase_500_com.android.server.searchui.SearchUiManagerService took to complete: 0ms
08-08 04:45:53.368 D/SystemServerTiming(  741): OnBootPhase_500_com.android.server.smartspace.SmartspaceManagerService
08-08 04:45:53.368 V/SystemServerTiming(  741): OnBootPhase_500_com.android.server.smartspace.SmartspaceManagerService took to complete: 0ms
08-08 04:45:53.368 D/SystemServerTiming(  741): OnBootPhase_500_com.android.server.graphics.fonts.FontManagerService$Lifecycle
08-08 04:45:53.368 V/SystemServerTiming(  741): OnBootPhase_500_com.android.server.graphics.fonts.FontManagerService$Lifecycle took to complete: 0ms
08-08 04:45:53.368 D/SystemServerTiming(  741): OnBootPhase_500_com.android.server.textservices.TextServicesManagerService$Lifecycle
08-08 04:45:53.368 V/SystemServerTiming(  741): OnBootPhase_500_com.android.server.textservices.TextServicesManagerService$Lifecycle took to complete: 0ms
08-08 04:45:53.368 D/SystemServerTiming(  741): OnBootPhase_500_com.android.server.textclassifier.TextClassificationManagerService$Lifecycle
08-08 04:45:53.368 V/SystemServerTiming(  741): OnBootPhase_500_com.android.server.textclassifier.TextClassificationManagerService$Lifecycle took to complete: 0ms
08-08 04:45:53.368 D/SystemServerTiming(  741): OnBootPhase_500_com.android.server.NetworkScoreService$Lifecycle
08-08 04:45:53.369 V/SystemServerTiming(  741): OnBootPhase_500_com.android.server.NetworkScoreService$Lifecycle took to complete: 1ms
08-08 04:45:53.369 D/SystemServerTiming(  741): OnBootPhase_500_com.android.server.NetworkStatsServiceInitializer
08-08 04:45:53.369 V/SystemServerTiming(  741): OnBootPhase_500_com.android.server.NetworkStatsServiceInitializer took to complete: 0ms
08-08 04:45:53.369 D/SystemServerTiming(  741): OnBootPhase_500_com.android.server.wifi.WifiService
08-08 04:45:53.369 V/SystemServerTiming(  741): OnBootPhase_500_com.android.server.wifi.WifiService took to complete: 1ms
08-08 04:45:53.369 D/SystemServerTiming(  741): OnBootPhase_500_com.android.server.wifi.scanner.WifiScanningService
08-08 04:45:53.369 I/WifiScanningService(  741): Starting wifiscanner
08-08 04:45:53.370 V/SystemServerTiming(  741): OnBootPhase_500_com.android.server.wifi.scanner.WifiScanningService took to complete: 0ms
08-08 04:45:53.370 D/SystemServerTiming(  741): OnBootPhase_500_com.android.server.ConnectivityServiceInitializer
08-08 04:45:53.370 I/EthernetServiceImpl(  741): Starting Ethernet service
08-08 04:45:53.371 D/ConnectivityService(  741): Got NetworkProvider Messenger for EthernetNetworkFactory
08-08 04:45:53.371 V/SystemServerTiming(  741): OnBootPhase_500_com.android.server.ConnectivityServiceInitializer took to complete: 0ms
08-08 04:45:53.371 D/SystemServerTiming(  741): OnBootPhase_500_com.android.server.notification.NotificationManagerService
08-08 04:45:53.372 I/netd    (  404): interfaceGetList() -> {[sit0, ifb1, ip6tnl0, ip_vti0, eth0, ap0, gre0, p2p0, ip6_vti0, tunl0, wlan0, ifb0, ip6gre0, gretap0, lo, erspan0, dummy0]} <0.11ms>
08-08 04:45:53.373 I/EthernetTracker(  741): maybeTrackInterface: eth0
08-08 04:45:53.373 I/netd    (  404): interfaceGetCfg(eth0) -> {InterfaceConfigurationParcel{ifName: eth0, hwAddr: ac:80:0a:1a:51:1f, ipv4Addr: 0.0.0.0, prefixLength: 0, flags: [down, broadcast, multicast]}} <0.36ms>
08-08 04:45:53.374 I/netd    (  404): interfaceGetCfg(eth0) -> {InterfaceConfigurationParcel{ifName: eth0, hwAddr: ac:80:0a:1a:51:1f, ipv4Addr: 0.0.0.0, prefixLength: 0, flags: [down, broadcast, multicast]}} <0.23ms>
08-08 04:45:53.375 I/WifiContext(  741): Got resolveInfos for com.android.server.wifi.intent.action.SERVICE_WIFI_RESOURCES_APK: [ResolveInfo{bd02374 com.android.wifi.resources/android.app.Activity m=0x108000 userHandle=UserHandle{0}}]
08-08 04:45:53.375 I/WifiContext(  741): Found Wifi Resources APK at: com.android.wifi.resources
08-08 04:45:53.377 I/netd    (  404): interfaceSetCfg(InterfaceConfigurationParcel{ifName: eth0, hwAddr: ac:80:0a:1a:51:1f, ipv4Addr: 0.0.0.0, prefixLength: 0, flags: [broadcast, multicast, up]}) <2.74ms>
08-08 04:45:53.378 I/kernel  (  435): [   17.484669]mt5896-gmac 1c700000.gmac: mtk_dtv_gmac_open
08-08 04:45:53.379 I/hwservicemanager(  233): getTransport: Cannot find entry android.hardware.graphics.allocator@4.0::IAllocator/default in either framework or device VINTF manifest.
08-08 04:45:53.380 D/EthernetTracker(  741): Tracking interface in client mode: eth0
08-08 04:45:53.380 D/EthernetNetworkFactory(  741): addInterface, iface: eth0, capabilities: [ Transports: ETHERNET Capabilities: NOT_METERED&INTERNET&NOT_RESTRICTED&TRUSTED&NOT_VPN&NOT_ROAMING&NOT_CONGESTED&NOT_SUSPENDED&NOT_VCN_MANAGED LinkUpBandwidth>=100000Kbps LinkDnBandwidth>=100000Kbps Specifier: <EthernetNetworkSpecifier (eth0)> UnderlyingNetworks: Null]
08-08 04:45:53.382 V/SystemServerTiming(  741): OnBootPhase_500_com.android.server.notification.NotificationManagerService took to complete: 10ms
08-08 04:45:53.382 D/SystemServerTiming(  741): OnBootPhase_500_com.android.server.storage.DeviceStorageMonitorService
08-08 04:45:53.382 V/SystemServerTiming(  741): OnBootPhase_500_com.android.server.storage.DeviceStorageMonitorService took to complete: 0ms
08-08 04:45:53.382 D/SystemServerTiming(  741): OnBootPhase_500_com.android.server.timedetector.TimeDetectorService$Lifecycle
08-08 04:45:53.382 V/SystemServerTiming(  741): OnBootPhase_500_com.android.server.timedetector.TimeDetectorService$Lifecycle took to complete: 0ms
08-08 04:45:53.382 D/SystemServerTiming(  741): OnBootPhase_500_com.android.server.location.LocationManagerService$Lifecycle
08-08 04:45:53.382 I/EthernetTracker(  741): interfaceLinkStateChanged, iface: eth0, up: false
08-08 04:45:53.382 D/EthernetNetworkFactory(  741): updateInterfaceLinkState, iface: eth0, up: false
08-08 04:45:53.382 I/EthernetTracker(  741): interfaceLinkStateChanged, iface: eth0, up: false
08-08 04:45:53.384 D/EthernetNetworkFactory(  741): updateInterfaceLinkState, iface: eth0, up: false
08-08 04:45:53.384 V/HistoricalRegistry(  741): Interaction before persistence initialized
08-08 04:45:53.385 W/WifiXmlUtil(  741): Ignoring unknown value name found: CaptivePortalNeverDetected
08-08 04:45:53.385 V/SystemServerTiming(  741): OnBootPhase_500_com.android.server.location.LocationManagerService$Lifecycle took to complete: 4ms
08-08 04:45:53.385 D/SystemServerTiming(  741): OnBootPhase_500_com.android.server.timezonedetector.TimeZoneDetectorService$Lifecycle
08-08 04:45:53.385 V/SystemServerTiming(  741): OnBootPhase_500_com.android.server.timezonedetector.TimeZoneDetectorService$Lifecycle took to complete: 0ms
08-08 04:45:53.385 D/SystemServerTiming(  741): OnBootPhase_500_com.android.server.location.altitude.AltitudeService$Lifecycle
08-08 04:45:53.386 V/SystemServerTiming(  741): OnBootPhase_500_com.android.server.location.altitude.AltitudeService$Lifecycle took to complete: 0ms
08-08 04:45:53.386 D/SystemServerTiming(  741): OnBootPhase_500_com.android.server.timezonedetector.location.LocationTimeZoneManagerService$Lifecycle
08-08 04:45:53.386 V/SystemServerTiming(  741): OnBootPhase_500_com.android.server.timezonedetector.location.LocationTimeZoneManagerService$Lifecycle took to complete: 0ms
08-08 04:45:53.386 D/SystemServerTiming(  741): OnBootPhase_500_com.android.server.search.SearchManagerService$Lifecycle
08-08 04:45:53.386 V/SystemServerTiming(  741): OnBootPhase_500_com.android.server.search.SearchManagerService$Lifecycle took to complete: 0ms
08-08 04:45:53.386 D/SystemServerTiming(  741): OnBootPhase_500_com.android.server.wallpaper.WallpaperManagerService$Lifecycle
08-08 04:45:53.386 D/mali_gralloc(  584): [allocator_allocate():288] allocating buffer (1920, 1080) usage=0x0x60000000000b00, format=0x0x1, size=8486912, heap_name=mtk_mali_gop_uncached
08-08 04:45:53.386 V/SystemServerTiming(  741): OnBootPhase_500_com.android.server.wallpaper.WallpaperManagerService$Lifecycle took to complete: 1ms
08-08 04:45:53.386 D/SystemServerTiming(  741): OnBootPhase_500_com.android.server.wallpapereffectsgeneration.WallpaperEffectsGenerationManagerService
08-08 04:45:53.386 V/SystemServerTiming(  741): OnBootPhase_500_com.android.server.wallpapereffectsgeneration.WallpaperEffectsGenerationManagerService took to complete: 0ms
08-08 04:45:53.387 D/WifiConfigStore(  741): Reading from all stores completed in 17 ms.
08-08 04:45:53.388 E/WifiConfigManager(  741): Cannot find network with networkId -1 or configKey "HyokaT-Buffalo-B_2.4GHz"WPA_PSK or upgradable security type check
08-08 04:45:53.389 D/SystemServerTiming(  741): OnBootPhase_500_com.android.server.audio.AudioService$Lifecycle
08-08 04:45:53.389 V/SystemServerTiming(  741): OnBootPhase_500_com.android.server.audio.AudioService$Lifecycle took to complete: 0ms
08-08 04:45:53.389 D/SystemServerTiming(  741): OnBootPhase_500_com.android.server.soundtrigger_middleware.SoundTriggerMiddlewareService$Lifecycle
08-08 04:45:53.389 V/SystemServerTiming(  741): OnBootPhase_500_com.android.server.soundtrigger_middleware.SoundTriggerMiddlewareService$Lifecycle took to complete: 0ms
08-08 04:45:53.389 D/SystemServerTiming(  741): OnBootPhase_500_com.android.server.adb.AdbService$Lifecycle
08-08 04:45:53.389 V/SystemServerTiming(  741): OnBootPhase_500_com.android.server.adb.AdbService$Lifecycle took to complete: 0ms
08-08 04:45:53.389 D/SystemServerTiming(  741): OnBootPhase_500_com.android.server.usb.UsbService$Lifecycle
08-08 04:45:53.389 V/SystemServerTiming(  741): OnBootPhase_500_com.android.server.usb.UsbService$Lifecycle took to complete: 0ms
08-08 04:45:53.389 W/BroadcastLoopers(  741): Found previously unknown looper Thread[WifiHandlerThread,5,main]
08-08 04:45:53.389 D/SystemServerTiming(  741): OnBootPhase_500_com.android.server.twilight.TwilightService
08-08 04:45:53.389 V/SystemServerTiming(  741): OnBootPhase_500_com.android.server.twilight.TwilightService took to complete: 0ms
08-08 04:45:53.389 D/SystemServerTiming(  741): OnBootPhase_500_com.android.server.display.color.ColorDisplayService
08-08 04:45:53.389 V/SystemServerTiming(  741): OnBootPhase_500_com.android.server.display.color.ColorDisplayService took to complete: 0ms
08-08 04:45:53.389 D/SystemServerTiming(  741): OnBootPhase_500_com.android.server.job.JobSchedulerService
08-08 04:45:53.393 I/WifiInjector(  741): enableVerboseLogging true hal true
08-08 04:45:53.393 D/WifiNative(  741): enableVerboseLogging true hal true
08-08 04:45:53.393 E/SupplicantStaIfaceHalAidlImpl(  741): Can't call setDebugParams, ISupplicant is null
08-08 04:45:53.394 D/WifiVendorHal(  741): enableVerboseLogging verbose=true
08-08 04:45:53.395 I/WifiScanningService(  741): enableVerboseLogging: uid=1000 enabled=true
08-08 04:45:53.395 I/WifiService(  741): WifiService starting up with Wi-Fi enabled
08-08 04:45:53.397 I/update_engine(  814): [INFO:cleanup_previous_update_action.cc(112)] Executing task 5
08-08 04:45:53.398 D/mali_gralloc(  584): [allocator_allocate():288] allocating buffer (1920, 1080) usage=0x0x60000000000b00, format=0x0x1, size=8486912, heap_name=mtk_mali_gop_uncached
08-08 04:45:53.403 D/WifiActiveModeWarden(  741): setSupportedFeatureSet 0x19f010f38889419
08-08 04:45:53.403 D/WifiController(  741): isAirplaneModeOn = false, isWifiEnabled = true, isScanningAvailable = true, isLocationModeActive = true, isSatelliteModeOn = false
08-08 04:45:53.404 D/WifiActiveModeWarden(  741): Starting primary ClientModeManager in connect mode
08-08 04:45:53.407 I/WifiHalAidlImpl(  741): Obtained the IWifi binder. Local Version: 1
08-08 04:45:53.407 I/WifiHalAidlImpl(  741): Remote Version: 1
08-08 04:45:53.408 D/mali_gralloc(  584): [allocator_allocate():288] allocating buffer (1920, 1080) usage=0x0x60000000000b00, format=0x0x1, size=8486912, heap_name=mtk_mali_gop_uncached
08-08 04:45:53.409 I/WifiHalAidlImpl(  741): Initialization is complete
08-08 04:45:53.409 W/android.hardware.wifi-service(  601): Duplicate death notification registration
08-08 04:45:53.410 D/WifiNl80211Manager(  741): tearing down interfaces in wificond
08-08 04:45:53.410 D/WifiNl80211Manager(  741): Wificond handle already retrieved
08-08 04:45:53.411 I/update_engine(  814): [INFO:cleanup_previous_update_action.cc(124)] CleanupPreviousUpdateAction scheduled task ID 6 for WaitBootCompleted
08-08 04:45:53.412 I/SurfaceFlinger(  684): Enter boot animation
08-08 04:45:53.412 I/DisplayBrightnessStrategySelector(  741): Changing the DisplayBrightnessStrategy from InvalidBrightnessStrategy toScreenOffBrightnessStrategy for display 0
08-08 04:45:53.413 V/DisplayPowerController2[0](  741): Brightness [0.0] reason changing to: 'screen_off', previous reason: '0'.
08-08 04:45:53.413 I/DisplayPowerController2[0](  741): BrightnessEvent: disp=0, physDisp=local:4627014146675823360, brt=0.0, initBrt=NaN, rcmdBrt=NaN, preBrt=NaN, lux=0.0, preLux=0.0, hbmMax=1.0, hbmMode=off, rbcStrength=0, thrmMax=1.0, powerFactor=1.0, wasShortTermModelActive=false, flags=, reason=screen_off, autoBrightness=false, strategy=ScreenOffBrightnessStrategy
08-08 04:45:53.414 I/netd    (  404): registerUnsolicitedEventListener(interface:0xf0602040) <0.05ms>
08-08 04:45:53.415 I/android.hardware.lights@1.0-service.sony(  587): Lights setting state for id=0 to color ff000000
08-08 04:45:53.415 I/DisplayDeviceRepository(  741): Display device changed state: "Built-in Screen", OFF
08-08 04:45:53.416 D/SurfaceFlinger(  684): Setting power mode 0 on display 4627014146675823360
08-08 04:45:53.416 I/Scheduler(  684): Display 4627014146675823360 is the pacesetter
08-08 04:45:53.417 D/hwcomposer3(  626): HWCDisplayDevicePrimary::setPowerMode: Device[0] setPowerMode(Off)
08-08 04:45:53.417 D/hwcomposer3(  626): HWComposerOSD::setPowerMode: setPowerMode (0)
08-08 04:45:53.417 I/RENDER  (  626): MI_RENDER_PanelMaintenance[7998] MI_RENDER_PanelMaintenance Start
08-08 04:45:53.417 V/RENDER  (  626): [VERB ]MI_RENDER_Power_SetPowerMode[98] >>>
08-08 04:45:53.417 D/WifiAdaptConnObserver(  741): Adaptive connectivity status initialized to: true
08-08 04:45:53.418 D/WifiController(  741): EnabledState.enter()
08-08 04:45:53.418 D/WifiClientModeManager[17511:unknown](  741): entering IdleState
08-08 04:45:53.418 D/WifiClientModeManager[17511:unknown](  741): IdleState cmd = CMD_START { when=-13ms what=0 obj=Role: ROLE_CLIENT_PRIMARY, RequestorWs: WorkSource{1000 com.android.tv.settings}, ModeListener: com.android.server.wifi.ActiveModeWarden$ClientListener@a88292e target=com.android.wifi.x.com.android.internal.util.StateMachine$SmHandler }
08-08 04:45:53.418 I/DisplayPowerController2[0](  741): Blocking screen off
08-08 04:45:53.419 I/DisplayPowerController2[0](  741): Unblocked screen off after 0 ms
08-08 04:45:53.420 I/WifiHalAidlImpl(  741): Service is already initialized
08-08 04:45:53.420 W/SurfaceControl(  741): Invalid layer stack -1
08-08 04:45:53.420 I/DisplayDevice(  741): [0] Layerstack set to -1 for local:4627014146675823360
08-08 04:45:53.422 D/ActivityTaskManager(  741): Top Process State changed to PROCESS_STATE_TOP_SLEEPING
08-08 04:45:53.423 I/android.hardware.wifi-service(  601): Wifi HAL started
08-08 04:45:53.424 V/HistoricalRegistry(  741): Interaction before persistence initialized
08-08 04:45:53.425 I/WifiVendorHal(  741): Device Manager onStatusChanged. isReady(): true, isStarted(): true
08-08 04:45:53.424 I/kernel  (  555): [   17.530984]set led off
08-08 04:45:53.425 V/HistoricalRegistry(  741): Interaction before persistence initialized
08-08 04:45:53.426 D/OomAdjuster(  741): Not killing cached processes
08-08 04:45:53.428 E/libEGL  (  741): call to OpenGL ES API with no current context (logged once per thread)
08-08 04:45:53.430 E/WifiChipAidlImpl(  741): getMode failed with service-specific exception: android.os.ServiceSpecificException:  (code 5)
08-08 04:45:53.430 W/android.hardware.wifi-service(  601): No active wlan interfaces in use! Using default
08-08 04:45:53.430 E/android.hardware.wifi-service(  601): Unknown iface name: wlan0
08-08 04:45:53.430 E/android.hardware.wifi-service(  601): Unknown iface name: wlan0
08-08 04:45:53.432 I/WifiVendorHal(  741): Vendor Hal started successfully
08-08 04:45:53.432 D/WifiNative(  741): IfaceManager#allocateIface: type=2, pre-map={}
08-08 04:45:53.433 D/HalDevMgr(  741): createIface: createIfaceType=0, requiredChipCapabilities=0, requestorWs=WorkSource{1000 com.android.tv.settings}
08-08 04:45:53.434 E/WifiChipAidlImpl(  741): getMode failed with service-specific exception: android.os.ServiceSpecificException:  (code 5)
08-08 04:45:53.434 W/android.hardware.wifi-service(  601): No active wlan interfaces in use! Using default
08-08 04:45:53.434 E/android.hardware.wifi-service(  601): Unknown iface name: wlan0
08-08 04:45:53.434 E/android.hardware.wifi-service(  601): Unknown iface name: wlan0
08-08 04:45:53.436 D/HalDevMgr(  741): executeChipReconfiguration: ifaceCreationData={chipInfo={chipId=0, availableModes=[{id=3, availableCombinations=[{limits=[{maxIfaces=1, types=[0]}, {maxIfaces=1, types=[1]}]}, {limits=[{maxIfaces=1, types=[0]}, {maxIfaces=1, types=[3]}]}]}], currentModeIdValid=false, currentModeId=0, chipCapabilities=0, radioCombinations=null, bandCombinations=null, ifaces[1].length=0, ifaces[0].length=0, ifaces[2].length=0, ifaces[3].length=0}, chipModeId=3, interfacesToBeRemovedFirst=[], interfacesToBeDowngraded=[]), createIfaceType=0
08-08 04:45:53.436 D/HalDevMgr(  741): isModeConfigNeeded=true
08-08 04:45:53.436 I/HalDevMgr(  741): currentModeId=0, requestModeId=3, currentModeIdValid=false
08-08 04:45:53.439 I/WifiHAL (  601): Wifi HAL initializing
08-08 04:45:53.439 I/WifiHAL (  601): Creating socket
08-08 04:45:53.439 I/WifiHAL (  601): Get nl80211_family_id
08-08 04:45:53.439 I/WifiHAL (  601): init wifi interfaces
08-08 04:45:53.439 D/WifiHAL (  601): found an interface : ap0, id = 18
08-08 04:45:53.439 D/WifiHAL (  601): found an interface : p2p0, id = 17
08-08 04:45:53.439 D/WifiHAL (  601): found an interface : wlan0, id = 16
08-08 04:45:53.440 D/WifiHAL (  601): Add membership for group scan successfully
08-08 04:45:53.440 D/WifiHAL (  601): Add membership for group mlme successfully
08-08 04:45:53.440 D/WifiHAL (  601): Add membership for group regulatory successfully
08-08 04:45:53.440 D/WifiHAL (  601): Add membership for group vendor successfully
08-08 04:45:53.440 D/WifiHAL (  601): Wifi HAL initialized successfully: nl80211_family_id=27, found 3 interfaces
08-08 04:45:53.440 I/WifiHAL (  601): wifi_get_ifaces: reinit to sync dynamically created/removed ifaces
08-08 04:45:53.440 I/WifiHAL (  601): init wifi interfaces
08-08 04:45:53.440 D/WifiHAL (  601): found an interface : ap0, id = 18
08-08 04:45:53.440 D/WifiHAL (  601): found an interface : p2p0, id = 17
08-08 04:45:53.440 D/WifiHAL (  601): found an interface : wlan0, id = 16
08-08 04:45:53.440 I/android.hardware.wifi-service(  601): Adding interface handle for ap0
08-08 04:45:53.440 I/android.hardware.wifi-service(  601): Adding interface handle for p2p0
08-08 04:45:53.441 I/android.hardware.wifi-service(  601): Adding interface handle for wlan0
08-08 04:45:53.441 W/android.hardware.wifi-service(  601): No active wlan interfaces in use! Using default
08-08 04:45:53.441 E/android.hardware.wifi-service(  601): Failed to register radio mode change callback
08-08 04:45:53.441 W/android.hardware.wifi-service(  601): No active wlan interfaces in use! Using default
08-08 04:45:53.441 D/WifiHAL (  601): WifiRequest::create vendor command to iface 16, vendor_id=0x1a11, subcmd=0x1401, res=0
08-08 04:45:53.441 D/WifiHAL (  601): In DebugCommand::handleResponse
08-08 04:45:53.441 D/WifiHAL (  601): len = 24, expected len = 256
08-08 04:45:53.441 D/WifiHAL (  601): WifiRequest::create vendor command to iface 16, vendor_id=0x1a11, subcmd=0x1401, res=0
08-08 04:45:53.441 D/WifiHAL (  601): In DebugCommand::handleResponse
08-08 04:45:53.441 D/WifiHAL (  601): len = 84, expected len = 256
08-08 04:45:53.443 E/android.hardware.wifi-service(  601): Failed to get SupportedIfaceCombinations matrix from legacy HAL: NOT_SUPPORTED
08-08 04:45:53.443 I/android.hardware.wifi-service(  601): Configured chip in mode 3
08-08 04:45:53.443 W/android.hardware.wifi-service(  601): No active wlan interfaces in use! Using default
08-08 04:45:53.444 I/WifiHAL (  601): Set subsystem restart handler 0x133dd49
08-08 04:45:53.444 D/WifiHAL (  601): WifiVendorCommand 0xeb080610 created vendor_id:0xce7 subcmd:15
08-08 04:45:53.444 I/WifiHAL (  601): registering command 0
08-08 04:45:53.444 I/WifiHAL (  601): Successfully added command 0: 0xeb080610 at 0
08-08 04:45:53.444 I/WifiHAL (  601): register subsystem restart handler
08-08 04:45:53.444 I/WifiHAL (  601): wifi_register_vendor_handler: id=3303, subcmd=15, ifname=0x0 [<nullptr>]
08-08 04:45:53.444 I/WifiHAL (  601): Register vendor handler 0xeb080610:0xeb391885 for vendor 3303, subcmd 15 and iface [<nullptr>] at 1
08-08 04:45:53.446 I/kernel  (    1): [   17.553422]init: processing action (wifi.active.interface=wlan0) from (/vendor/etc/init/vendor.sony.sony_wifi_notification.rc:1)
08-08 04:45:53.447 I/kernel  (    1): [   17.554040]init: starting service 'exec 41 (/vendor/bin/sony_wifi_notification)'...
08-08 04:45:53.451 I/kernel  (    1): [   17.557668]init: ... started service 'exec 41 (/vendor/bin/sony_wifi_notification)' has pid 1179
08-08 04:45:53.451 I/kernel  (    1): [   17.557707]init: SVC_EXEC service 'exec 41 (/vendor/bin/sony_wifi_notification)' pid 1179 (uid 0 gid 0+0 context default) started; waiting...
08-08 04:45:53.446 D/WifiHAL (  601): WifiRequest::create vendor command to iface 16, vendor_id=0x1a11, subcmd=0x0002, res=0
08-08 04:45:53.447 D/WifiHAL (  601): In GetFeatureSetCommand::handleResponse for 5
08-08 04:45:53.447 D/WifiHAL (  601): vendor_id = 0x0, subcmd = 0x0
08-08 04:45:53.447 I/WifiHAL (  601): feature_set=0x80881418
08-08 04:45:53.448 I/WifiHAL (  601): wifi_get_ifaces: reinit to sync dynamically created/removed ifaces
08-08 04:45:53.448 V/HistoricalRegistry(  741): Interaction before persistence initialized
08-08 04:45:53.448 I/WifiHAL (  601): init wifi interfaces
08-08 04:45:53.448 D/WifiHAL (  601): found an interface : ap0, id = 18
08-08 04:45:53.448 D/WifiHAL (  601): found an interface : p2p0, id = 17
08-08 04:45:53.448 D/WifiHAL (  601): found an interface : wlan0, id = 16
08-08 04:45:53.448 I/android.hardware.wifi-service(  601): Adding interface handle for ap0
08-08 04:45:53.448 I/android.hardware.wifi-service(  601): Adding interface handle for p2p0
08-08 04:45:53.448 I/android.hardware.wifi-service(  601): Adding interface handle for wlan0
08-08 04:45:53.449 W/SystemServiceManager(  741): Service com.android.server.job.JobSchedulerService took 60 ms in onBootPhase
08-08 04:45:53.449 V/SystemServerTiming(  741): OnBootPhase_500_com.android.server.job.JobSchedulerService took to complete: 60ms
08-08 04:45:53.450 D/SystemServerTiming(  741): OnBootPhase_500_com.android.server.soundtrigger.SoundTriggerService
08-08 04:45:53.450 D/SoundTriggerService(  741): onBootPhase: 500 : false
08-08 04:45:53.450 V/SystemServerTiming(  741): OnBootPhase_500_com.android.server.soundtrigger.SoundTriggerService took to complete: 1ms
08-08 04:45:53.450 D/SystemServerTiming(  741): OnBootPhase_500_com.android.server.trust.TrustManagerService
08-08 04:45:53.451 D/HalDevMgr(  741): updateRttController: no one is interested in RTT controllers
08-08 04:45:53.452 V/SystemServerTiming(  741): OnBootPhase_500_com.android.server.trust.TrustManagerService took to complete: 1ms
08-08 04:45:53.452 D/SystemServerTiming(  741): OnBootPhase_500_com.android.server.backup.BackupManagerService$Lifecycle
08-08 04:45:53.452 V/SystemServerTiming(  741): OnBootPhase_500_com.android.server.backup.BackupManagerService$Lifecycle took to complete: 0ms
08-08 04:45:53.452 D/SystemServerTiming(  741): OnBootPhase_500_com.android.server.appwidget.AppWidgetService
08-08 04:45:53.452 D/HalDevMgr(  741): createIfaceIfPossible: added cacheEntry={name=wlan0, type=0, destroyedListeners.size()=1, RequestorWs=WorkSource{1000 com.android.tv.settings}, creationTime=17558}
08-08 04:45:53.452 V/SystemServerTiming(  741): OnBootPhase_500_com.android.server.appwidget.AppWidgetService took to complete: 0ms
08-08 04:45:53.452 D/SystemServerTiming(  741): OnBootPhase_500_com.android.server.voiceinteraction.VoiceInteractionManagerService
08-08 04:45:53.452 V/SystemServerTiming(  741): OnBootPhase_500_com.android.server.voiceinteraction.VoiceInteractionManagerService took to complete: 0ms
08-08 04:45:53.452 D/SystemServerTiming(  741): OnBootPhase_500_com.android.server.GestureLauncherService
08-08 04:45:53.452 V/SystemServerTiming(  741): OnBootPhase_500_com.android.server.GestureLauncherService took to complete: 0ms
08-08 04:45:53.452 D/SystemServerTiming(  741): OnBootPhase_500_com.android.server.SensorNotificationService
08-08 04:45:53.452 V/SystemServerTiming(  741): OnBootPhase_500_com.android.server.SensorNotificationService took to complete: 0ms
08-08 04:45:53.452 D/SystemServerTiming(  741): OnBootPhase_500_com.android.server.emergency.EmergencyAffordanceService
08-08 04:45:53.452 V/SystemServerTiming(  741): OnBootPhase_500_com.android.server.emergency.EmergencyAffordanceService took to complete: 0ms
08-08 04:45:53.452 D/SystemServerTiming(  741): OnBootPhase_500_com.android.server.blob.BlobStoreManagerService
08-08 04:45:53.452 V/SystemServerTiming(  741): OnBootPhase_500_com.android.server.blob.BlobStoreManagerService took to complete: 0ms
08-08 04:45:53.452 D/SystemServerTiming(  741): OnBootPhase_500_com.android.server.dreams.DreamManagerService
08-08 04:45:53.452 V/SystemServerTiming(  741): OnBootPhase_500_com.android.server.dreams.DreamManagerService took to complete: 0ms
08-08 04:45:53.452 D/SystemServerTiming(  741): OnBootPhase_500_com.android.server.security.AttestationVerificationManagerService
08-08 04:45:53.452 V/SystemServerTiming(  741): OnBootPhase_500_com.android.server.security.AttestationVerificationManagerService took to complete: 0ms
08-08 04:45:53.452 D/SystemServerTiming(  741): OnBootPhase_500_com.android.server.restrictions.RestrictionsManagerService
08-08 04:45:53.452 V/SystemServerTiming(  741): OnBootPhase_500_com.android.server.restrictions.RestrictionsManagerService took to complete: 0ms
08-08 04:45:53.452 D/SystemServerTiming(  741): OnBootPhase_500_com.android.server.media.MediaSessionService
08-08 04:45:53.452 V/SystemServerTiming(  741): OnBootPhase_500_com.android.server.media.MediaSessionService took to complete: 0ms
08-08 04:45:53.452 D/SystemServerTiming(  741): OnBootPhase_500_com.android.server.hdmi.HdmiControlService
08-08 04:45:53.454 V/SystemServerTiming(  741): OnBootPhase_500_com.android.server.hdmi.HdmiControlService took to complete: 1ms
08-08 04:45:53.454 D/SystemServerTiming(  741): OnBootPhase_500_com.android.server.tv.interactive.TvInteractiveAppManagerService
08-08 04:45:53.455 V/SystemServerTiming(  741): OnBootPhase_500_com.android.server.tv.interactive.TvInteractiveAppManagerService took to complete: 1ms
08-08 04:45:53.455 D/SystemServerTiming(  741): OnBootPhase_500_com.android.server.tv.TvInputManagerService
08-08 04:45:53.456 E/android.hardware.wifi-service(  601): Failed to get chip capabilities from legacy HAL: NOT_SUPPORTED
08-08 04:45:53.457 V/SystemServerTiming(  741): OnBootPhase_500_com.android.server.tv.TvInputManagerService took to complete: 2ms
08-08 04:45:53.457 E/WifiChipAidlImpl(  741): getWifiChipCapabilities failed with service-specific exception: android.os.ServiceSpecificException:  (code 4)
08-08 04:45:53.457 D/SystemServerTiming(  741): OnBootPhase_500_com.android.server.tv.tunerresourcemanager.TunerResourceManagerService
08-08 04:45:53.457 V/SystemServerTiming(  741): OnBootPhase_500_com.android.server.tv.tunerresourcemanager.TunerResourceManagerService took to complete: 0ms
08-08 04:45:53.457 D/SystemServerTiming(  741): OnBootPhase_500_com.sony.dtv.mediastatistics.MediaStatisticsAnchorService
08-08 04:45:53.457 V/SystemServerTiming(  741): OnBootPhase_500_com.sony.dtv.mediastatistics.MediaStatisticsAnchorService took to complete: 0ms
08-08 04:45:53.457 D/SystemServerTiming(  741): OnBootPhase_500_com.android.server.tv.TvRemoteService
08-08 04:45:53.457 V/SystemServerTiming(  741): OnBootPhase_500_com.android.server.tv.TvRemoteService took to complete: 0ms
08-08 04:45:53.457 D/SystemServerTiming(  741): OnBootPhase_500_com.android.server.biometrics.BiometricService
08-08 04:45:53.457 V/SystemServerTiming(  741): OnBootPhase_500_com.android.server.biometrics.BiometricService took to complete: 0ms
08-08 04:45:53.457 D/SystemServerTiming(  741): OnBootPhase_500_com.android.server.biometrics.AuthService
08-08 04:45:53.457 I/RENDER  (  626): MI_RENDER_CUST_POWER_SET_POWER_MODE[244] Start MI_RENDER_CUST_POWER_SET_POWER_MODE, bMode:0
08-08 04:45:53.457 V/SystemServerTiming(  741): OnBootPhase_500_com.android.server.biometrics.AuthService took to complete: 0ms
08-08 04:45:53.457 D/SystemServerTiming(  741): OnBootPhase_500_com.android.server.pm.ShortcutService$Lifecycle
08-08 04:45:53.457 I/RENDER  (  626): MI_RENDER_SetPowerModeExec[276] Skip. LastPowerMode:0 -> bMode:0
08-08 04:45:53.457 I/RENDER  (  626): MI_RENDER_CUST_POWER_SET_POWER_MODE[265] Exit MI_RENDER_CUST_POWER_SET_POWER_MODE, bMode:0
08-08 04:45:53.457 V/SystemServerTiming(  741): OnBootPhase_500_com.android.server.pm.ShortcutService$Lifecycle took to complete: 0ms
08-08 04:45:53.457 V/RENDER  (  626): [VERB ]MI_RENDER_Power_SetPowerMode[136] <<<
08-08 04:45:53.457 D/SystemServerTiming(  741): OnBootPhase_500_com.android.server.pm.LauncherAppsService
08-08 04:45:53.457 D/hwcomposer3(  626): HWComposerMiRenderWrapper::setPowerMode: setPowerMode success, inFormat = 0
08-08 04:45:53.457 V/SystemServerTiming(  741): OnBootPhase_500_com.android.server.pm.LauncherAppsService took to complete: 0ms
08-08 04:45:53.457 D/SystemServerTiming(  741): OnBootPhase_500_com.android.server.pm.CrossProfileAppsService
08-08 04:45:53.457 V/SystemServerTiming(  741): OnBootPhase_500_com.android.server.pm.CrossProfileAppsService took to complete: 0ms
08-08 04:45:53.457 D/SystemServerTiming(  741): OnBootPhase_500_com.android.server.people.PeopleService
08-08 04:45:53.457 D/WifiNl80211Manager(  741): Setting up interface for client mode: wlan0
08-08 04:45:53.457 D/WifiNl80211Manager(  741): Wificond handle already retrieved
08-08 04:45:53.458 I/wificond(  787): createClientInterface: wiphy_index 0 iface_name wlan0
08-08 04:45:53.458 V/SystemServerTiming(  741): OnBootPhase_500_com.android.server.people.PeopleService took to complete: 1ms
08-08 04:45:53.458 D/SystemServerTiming(  741): OnBootPhase_500_com.android.server.media.metrics.MediaMetricsManagerService
08-08 04:45:53.458 V/SystemServerTiming(  741): OnBootPhase_500_com.android.server.media.metrics.MediaMetricsManagerService took to complete: 0ms
08-08 04:45:53.458 D/SystemServerTiming(  741): OnBootPhase_500_com.android.server.pm.BackgroundInstallControlService
08-08 04:45:53.458 V/SystemServerTiming(  741): OnBootPhase_500_com.android.server.pm.BackgroundInstallControlService took to complete: 0ms
08-08 04:45:53.458 D/SystemServerTiming(  741): OnBootPhase_500_com.android.server.media.projection.MediaProjectionManagerService
08-08 04:45:53.458 V/SystemServerTiming(  741): OnBootPhase_500_com.android.server.media.projection.MediaProjectionManagerService took to complete: 0ms
08-08 04:45:53.459 D/SystemServerTiming(  741): OnBootPhase_500_com.android.server.slice.SliceManagerService$Lifecycle
08-08 04:45:53.459 V/SystemServerTiming(  741): OnBootPhase_500_com.android.server.slice.SliceManagerService$Lifecycle took to complete: 0ms
08-08 04:45:53.459 D/SystemServerTiming(  741): OnBootPhase_500_com.android.server.stats.StatsCompanion$Lifecycle
