08-08 04:45:53.615 D/wpa_supplicant( 1187): wlan0: State: DISCONNECTED -> DISCONNECTED
08-08 04:45:53.615 D/wpa_supplicant( 1187): nl80211: Set wlan0 operstate 0->0 (DORMANT)
08-08 04:45:53.615 D/wpa_supplicant( 1187): netlink: Operstate: ifindex=16 linkmode=-1 (no change), operstate=5 (IF_OPER_DORMANT)
08-08 04:45:53.618 I/kernel  ( 1187): [   17.724735][wlan][1187]mtk_cfg_get_txpower:(REQ WARN) STA doesn't support this function
08-08 04:45:53.616 D/wpa_supplicant( 1187): EAPOL: External notification - portEnabled=0
08-08 04:45:53.616 D/wpa_supplicant( 1187): EAPOL: External notification - portValid=0
08-08 04:45:53.616 D/wpa_supplicant( 1187): wlan0: State: DISCONNECTED -> INTERFACE_DISABLED
08-08 04:45:53.616 D/wpa_supplicant( 1187): Notifying state change event to aidl control: 1
08-08 04:45:53.617 D/SupplicantStaIfaceHalAidlImpl(  741): ISupplicantStaIfaceCallback.onStateChanged: newState=INTERFACE_DISABLED, bssid=00:00:00:00:00:00, ssid=, filsHlpSent=false, supplicantKeyMgmtMask=0x00000000, frameworkKeyMgmtMask=null, frequencyMhz=0 received
08-08 04:45:53.618 D/wpa_supplicant( 1187): RTM_NEWLINK: ifi_index=16 ifname=wlan0 operstate=2 linkmode=1 ifi_family=0 ifi_flags=0x1002 ()
08-08 04:45:53.618 D/wpa_supplicant( 1187): RTM_NEWLINK: ifi_index=16 ifname=wlan0 operstate=2 linkmode=1 ifi_family=0 ifi_flags=0x1003 ([UP])
08-08 04:45:53.618 D/wpa_supplicant( 1187): nl80211: Interface up (wlan0/wlan0)
08-08 04:45:53.618 D/wpa_supplicant( 1187): nl80211: Own MAC address on ifindex 16 (wlan0) changed from cc:5e:f8:20:e3:f7 to 76:a2:9e:56:b3:77
08-08 04:45:53.618 D/wpa_supplicant( 1187): wlan0: Event INTERFACE_ENABLED (25) received
08-08 04:45:53.618 D/wpa_supplicant( 1187): wlan0: Interface was enabled
08-08 04:45:53.618 D/wpa_supplicant( 1187): wlan0: State: INTERFACE_DISABLED -> DISCONNECTED
08-08 04:45:53.618 D/wpa_supplicant( 1187): nl80211: Set wlan0 operstate 0->0 (DORMANT)
08-08 04:45:53.618 D/wpa_supplicant( 1187): netlink: Operstate: ifindex=16 linkmode=-1 (no change), operstate=5 (IF_OPER_DORMANT)
08-08 04:45:53.618 D/wpa_supplicant( 1187): Notifying state change event to aidl control: 0
08-08 04:45:53.619 D/wpa_supplicant( 1187): wlan0: Setting scan request: 0.000000 sec
08-08 04:45:53.619 D/wpa_supplicant( 1187): wlan0: Disconnected - do not scan
08-08 04:45:53.619 D/wpa_supplicant( 1187): wlan0: State: DISCONNECTED -> DISCONNECTED
08-08 04:45:53.619 D/wpa_supplicant( 1187): nl80211: Set wlan0 operstate 0->0 (DORMANT)
08-08 04:45:53.619 D/wpa_supplicant( 1187): netlink: Operstate: ifindex=16 linkmode=-1 (no change), operstate=5 (IF_OPER_DORMANT)
08-08 04:45:53.619 D/wpa_supplicant( 1187): wpa_driver_nl80211_driver_cmd cmd:MACADDR
08-08 04:45:53.619 D/wpa_supplicant( 1187): l2_packet_receive - recvfrom: Network is down
08-08 04:45:53.620 D/SupplicantStaIfaceHalAidlImpl(  741): ISupplicantStaIfaceCallback.onStateChanged: newState=DISCONNECTED, bssid=00:00:00:00:00:00, ssid=, filsHlpSent=false, supplicantKeyMgmtMask=0x00000000, frameworkKeyMgmtMask=null, frequencyMhz=0 received
08-08 04:45:53.633 E/DefaultPermGrantPolicy(  741): Package not found: com.google.android.tv.axel
08-08 04:45:53.633 W/DefaultPermGrantPolicy(  741): No such package:com.google.android.tv.axel
08-08 04:45:53.634 V/StagingManagerTiming(  741): restoreSessions took to complete: 2ms
08-08 04:45:53.634 E/DefaultPermGrantPolicy(  741): Package not found: com.google.android.tv.dfuservice
08-08 04:45:53.635 W/DefaultPermGrantPolicy(  741): No such package:com.google.android.tv.dfuservice
08-08 04:45:53.636 V/SystemServerTiming(  741): MakePackageManagerServiceReady took to complete: 161ms
08-08 04:45:53.636 D/SystemServerTiming(  741): MakeDisplayManagerServiceReady
08-08 04:45:53.637 I/kernel  (  364): [   17.743561]AidlLazyServiceRegistrar: Process has 1 (of 1 available) client(s) in use after notification apexservice has clients: 1
08-08 04:45:53.637 I/kernel  (  364): [   17.743580]AidlLazyServiceRegistrar: Shutdown prevented by forcePersist override flag.
08-08 04:45:53.637 I/kernel  (  364): [   17.743934]apexd: getSessions() received by ApexService
08-08 04:45:54.057 D/hwcomposer3(  626): HWComposerDisplayHalMiRender::setPowerMode:  wait display done timeout!!!
08-08 04:45:54.058 D/SurfaceFlinger(  684): Finished setting power mode 0 on display 4627014146675823360
08-08 04:45:54.058 D/SurfaceControl(  741): Excessive delay in setPowerMode()
08-08 04:45:54.059 E/Scheduler(  684): trackPendingFrame: Invalid present fence
08-08 04:45:54.060 I/DisplayDeviceRepository(  741): Display device changed state: "Built-in Screen", OFF
08-08 04:45:54.061 I/PowerHAL(  612): Power isModeSupported: 9
08-08 04:45:54.061 I/PowerHAL(  612): Set Power Interactive Mode: 0
08-08 04:45:54.062 E/DisplayModeDirector(  741): Asked about unknown display, returning empty display mode specs!(id=0)
08-08 04:45:54.062 E/android.system.suspend-service(  274): error writing zygote_kwl to /sys/power/wake_unlock: Invalid argument
08-08 04:45:54.062 I/android.system.suspend-service(  274): automatic system suspend enabled
08-08 04:45:54.063 E/DisplayModeDirector(  741): Asked about unknown display, returning empty display mode specs!(id=0)
08-08 04:45:54.064 I/RefreshRateSelector(  684): Display 4627014146675823360 policy changed
08-08 04:45:54.064 I/RefreshRateSelector(  684): Previous: {defaultModeId=0, allowGroupSwitching=false, primaryRanges={physical=[0.00 Hz, 340282346638528859811704183484516925440.00 Hz], render=[0.00 Hz, 340282346638528859811704183484516925440.00 Hz]}, appRequestRanges={physical=[0.00 Hz, 340282346638528859811704183484516925440.00 Hz], render=[0.00 Hz, 340282346638528859811704183484516925440.00 Hz]}}
08-08 04:45:54.064 I/RefreshRateSelector(  684): Current:  DisplayManagerPolicy{defaultModeId=0, allowGroupSwitching=true, primaryRanges={physical=[0.00 Hz, inf Hz], render=[0.00 Hz, 60.00 Hz]}, appRequestRanges={physical=[0.00 Hz, inf Hz], render=[0.00 Hz, inf Hz]}}
08-08 04:45:54.064 I/RefreshRateSelector(  684): 0 mode changes were performed under the previous policy
08-08 04:45:54.066 I/BrightnessSynchronizer(  741): Initial brightness readings: 102(int), 0.39763778(float)
08-08 04:45:54.067 V/SystemServerTiming(  741): MakeDisplayManagerServiceReady took to complete: 431ms
08-08 04:45:54.067 D/SystemServerTiming(  741): StartDeviceSpecificServices
08-08 04:45:54.067 D/SystemServerTiming(  741): StartDeviceSpecificServices com.android.server.pq.PqRepositoryService
08-08 04:45:54.067 I/SystemServiceManager(  741): Starting com.android.server.pq.PqRepositoryService
08-08 04:45:54.068 V/SystemServerTiming(  741): StartDeviceSpecificServices com.android.server.pq.PqRepositoryService took to complete: 1ms
08-08 04:45:54.068 V/SystemServerTiming(  741): StartDeviceSpecificServices took to complete: 1ms
08-08 04:45:54.068 D/SystemServerTiming(  741): GameManagerService
08-08 04:45:54.068 I/SystemServiceManager(  741): Starting com.android.server.app.GameManagerService$Lifecycle
08-08 04:45:54.071 V/HistoricalRegistry(  741): Interaction before persistence initialized
08-08 04:45:54.073 V/SystemServerTiming(  741): GameManagerService took to complete: 4ms
08-08 04:45:54.073 D/SystemServerTiming(  741): StartBootPhaseDeviceSpecificServicesReady
08-08 04:45:54.073 I/SystemServiceManager(  741): Starting phase 520
08-08 04:45:54.073 D/SystemServerTiming(  741): OnBootPhase_520
08-08 04:45:54.073 D/SystemServerTiming(  741): OnBootPhase_520_com.android.server.security.FileIntegrityService
08-08 04:45:54.073 V/SystemServerTiming(  741): OnBootPhase_520_com.android.server.security.FileIntegrityService took to complete: 0ms
08-08 04:45:54.073 D/SystemServerTiming(  741): OnBootPhase_520_com.android.server.pm.Installer
08-08 04:45:54.073 V/SystemServerTiming(  741): OnBootPhase_520_com.android.server.pm.Installer took to complete: 0ms
08-08 04:45:54.073 D/SystemServerTiming(  741): OnBootPhase_520_com.android.server.os.DeviceIdentifiersPolicyService
08-08 04:45:54.073 V/SystemServerTiming(  741): OnBootPhase_520_com.android.server.os.DeviceIdentifiersPolicyService took to complete: 0ms
08-08 04:45:54.074 D/SystemServerTiming(  741): OnBootPhase_520_com.android.server.uri.UriGrantsManagerService$Lifecycle
08-08 04:45:54.074 V/SystemServerTiming(  741): OnBootPhase_520_com.android.server.uri.UriGrantsManagerService$Lifecycle took to complete: 0ms
08-08 04:45:54.074 D/SystemServerTiming(  741): OnBootPhase_520_com.android.server.powerstats.PowerStatsService
08-08 04:45:54.074 V/SystemServerTiming(  741): OnBootPhase_520_com.android.server.powerstats.PowerStatsService took to complete: 0ms
08-08 04:45:54.074 D/SystemServerTiming(  741): OnBootPhase_520_com.android.server.permission.access.AccessCheckingService
08-08 04:45:54.074 V/SystemServerTiming(  741): OnBootPhase_520_com.android.server.permission.access.AccessCheckingService took to complete: 0ms
08-08 04:45:54.074 D/SystemServerTiming(  741): OnBootPhase_520_com.android.server.wm.ActivityTaskManagerService$Lifecycle
08-08 04:45:54.074 V/SystemServerTiming(  741): OnBootPhase_520_com.android.server.wm.ActivityTaskManagerService$Lifecycle took to complete: 0ms
08-08 04:45:54.074 D/SystemServerTiming(  741): OnBootPhase_520_com.android.server.am.ActivityManagerService$Lifecycle
08-08 04:45:54.074 V/SystemServerTiming(  741): OnBootPhase_520_com.android.server.am.ActivityManagerService$Lifecycle took to complete: 0ms
08-08 04:45:54.074 D/SystemServerTiming(  741): OnBootPhase_520_com.android.server.pm.DataLoaderManagerService
08-08 04:45:54.074 V/SystemServerTiming(  741): OnBootPhase_520_com.android.server.pm.DataLoaderManagerService took to complete: 0ms
08-08 04:45:54.074 D/SystemServerTiming(  741): OnBootPhase_520_com.android.server.power.PowerManagerService
08-08 04:45:54.074 V/SystemServerTiming(  741): OnBootPhase_520_com.android.server.power.PowerManagerService took to complete: 0ms
08-08 04:45:54.074 D/SystemServerTiming(  741): OnBootPhase_520_com.android.server.power.ThermalManagerService
08-08 04:45:54.074 V/SystemServerTiming(  741): OnBootPhase_520_com.android.server.power.ThermalManagerService took to complete: 0ms
08-08 04:45:54.074 D/SystemServerTiming(  741): OnBootPhase_520_com.android.server.power.hint.HintManagerService
08-08 04:45:54.074 V/SystemServerTiming(  741): OnBootPhase_520_com.android.server.power.hint.HintManagerService took to complete: 0ms
08-08 04:45:54.074 D/SystemServerTiming(  741): OnBootPhase_520_com.android.server.recoverysystem.RecoverySystemService$Lifecycle
08-08 04:45:54.074 V/SystemServerTiming(  741): OnBootPhase_520_com.android.server.recoverysystem.RecoverySystemService$Lifecycle took to complete: 0ms
08-08 04:45:54.074 D/SystemServerTiming(  741): OnBootPhase_520_com.android.server.lights.LightsService
08-08 04:45:54.074 V/SystemServerTiming(  741): OnBootPhase_520_com.android.server.lights.LightsService took to complete: 0ms
08-08 04:45:54.074 D/SystemServerTiming(  741): OnBootPhase_520_com.android.server.display.DisplayManagerService
08-08 04:45:54.074 V/SystemServerTiming(  741): OnBootPhase_520_com.android.server.display.DisplayManagerService took to complete: 0ms
08-08 04:45:54.074 D/SystemServerTiming(  741): OnBootPhase_520_com.android.server.pm.verify.domain.DomainVerificationService
08-08 04:45:54.074 V/SystemServerTiming(  741): OnBootPhase_520_com.android.server.pm.verify.domain.DomainVerificationService took to complete: 0ms
08-08 04:45:54.074 D/SystemServerTiming(  741): OnBootPhase_520_com.android.server.pm.PackageInstallerService$Lifecycle
08-08 04:45:54.074 V/SystemServerTiming(  741): OnBootPhase_520_com.android.server.pm.PackageInstallerService$Lifecycle took to complete: 0ms
08-08 04:45:54.075 D/SystemServerTiming(  741): OnBootPhase_520_com.android.server.pm.UserManagerService$LifeCycle
08-08 04:45:54.075 V/SystemServerTiming(  741): OnBootPhase_520_com.android.server.pm.UserManagerService$LifeCycle took to complete: 0ms
08-08 04:45:54.075 D/SystemServerTiming(  741): OnBootPhase_520_com.android.server.om.OverlayManagerService
08-08 04:45:54.075 V/SystemServerTiming(  741): OnBootPhase_520_com.android.server.om.OverlayManagerService took to complete: 0ms
08-08 04:45:54.075 D/SystemServerTiming(  741): OnBootPhase_520_com.android.server.resources.ResourcesManagerService
08-08 04:45:54.075 V/SystemServerTiming(  741): OnBootPhase_520_com.android.server.resources.ResourcesManagerService took to complete: 0ms
08-08 04:45:54.075 D/SystemServerTiming(  741): OnBootPhase_520_com.android.server.sensorprivacy.SensorPrivacyService
08-08 04:45:54.075 V/SystemServerTiming(  741): OnBootPhase_520_com.android.server.sensorprivacy.SensorPrivacyService took to complete: 0ms
08-08 04:45:54.075 D/SystemServerTiming(  741): OnBootPhase_520_com.android.server.sensors.SensorService
08-08 04:45:54.075 V/SystemServerTiming(  741): OnBootPhase_520_com.android.server.sensors.SensorService took to complete: 0ms
08-08 04:45:54.075 D/SystemServerTiming(  741): OnBootPhase_520_com.android.server.SystemConfigService
08-08 04:45:54.075 V/SystemServerTiming(  741): OnBootPhase_520_com.android.server.SystemConfigService took to complete: 0ms
08-08 04:45:54.075 D/SystemServerTiming(  741): OnBootPhase_520_com.android.server.BatteryService
08-08 04:45:54.075 V/SystemServerTiming(  741): OnBootPhase_520_com.android.server.BatteryService took to complete: 0ms
08-08 04:45:54.075 D/SystemServerTiming(  741): OnBootPhase_520_com.android.server.usage.UsageStatsService
08-08 04:45:54.075 V/SystemServerTiming(  741): OnBootPhase_520_com.android.server.usage.UsageStatsService took to complete: 0ms
08-08 04:45:54.075 D/SystemServerTiming(  741): OnBootPhase_520_com.android.server.webkit.WebViewUpdateService
08-08 04:45:54.075 V/SystemServerTiming(  741): OnBootPhase_520_com.android.server.webkit.WebViewUpdateService took to complete: 0ms
08-08 04:45:54.075 D/SystemServerTiming(  741): OnBootPhase_520_com.android.server.CachedDeviceStateService
08-08 04:45:54.075 V/SystemServerTiming(  741): OnBootPhase_520_com.android.server.CachedDeviceStateService took to complete: 0ms
08-08 04:45:54.075 D/SystemServerTiming(  741): OnBootPhase_520_com.android.server.BinderCallsStatsService$LifeCycle
08-08 04:45:54.075 V/SystemServerTiming(  741): OnBootPhase_520_com.android.server.BinderCallsStatsService$LifeCycle took to complete: 0ms
08-08 04:45:54.075 D/SystemServerTiming(  741): OnBootPhase_520_com.android.server.LooperStatsService$Lifecycle
08-08 04:45:54.076 V/SystemServerTiming(  741): OnBootPhase_520_com.android.server.LooperStatsService$Lifecycle took to complete: 0ms
08-08 04:45:54.076 D/SystemServerTiming(  741): OnBootPhase_520_com.android.server.rollback.RollbackManagerService
08-08 04:45:54.076 V/SystemServerTiming(  741): OnBootPhase_520_com.android.server.rollback.RollbackManagerService took to complete: 0ms
08-08 04:45:54.076 D/SystemServerTiming(  741): OnBootPhase_520_com.android.server.os.NativeTombstoneManagerService
08-08 04:45:54.076 V/SystemServerTiming(  741): OnBootPhase_520_com.android.server.os.NativeTombstoneManagerService took to complete: 0ms
08-08 04:45:54.076 D/SystemServerTiming(  741): OnBootPhase_520_com.android.server.os.BugreportManagerService
08-08 04:45:54.076 V/SystemServerTiming(  741): OnBootPhase_520_com.android.server.os.BugreportManagerService took to complete: 0ms
08-08 04:45:54.076 D/SystemServerTiming(  741): OnBootPhase_520_com.android.server.gpu.GpuService
08-08 04:45:54.076 V/SystemServerTiming(  741): OnBootPhase_520_com.android.server.gpu.GpuService took to complete: 0ms
08-08 04:45:54.076 D/SystemServerTiming(  741): OnBootPhase_520_com.android.server.security.rkp.RemoteProvisioningService
08-08 04:45:54.076 V/SystemServerTiming(  741): OnBootPhase_520_com.android.server.security.rkp.RemoteProvisioningService took to complete: 0ms
08-08 04:45:54.076 D/SystemServerTiming(  741): OnBootPhase_520_com.android.server.cpu.CpuMonitorService
08-08 04:45:54.076 V/SystemServerTiming(  741): OnBootPhase_520_com.android.server.cpu.CpuMonitorService took to complete: 0ms
08-08 04:45:54.076 D/SystemServerTiming(  741): OnBootPhase_520_com.android.server.security.KeyChainSystemService
08-08 04:45:54.076 V/SystemServerTiming(  741): OnBootPhase_520_com.android.server.security.KeyChainSystemService took to complete: 0ms
08-08 04:45:54.076 D/SystemServerTiming(  741): OnBootPhase_520_com.android.server.BinaryTransparencyService
08-08 04:45:54.076 V/SystemServerTiming(  741): OnBootPhase_520_com.android.server.BinaryTransparencyService took to complete: 0ms
08-08 04:45:54.076 D/SystemServerTiming(  741): OnBootPhase_520_com.android.server.accounts.AccountManagerService$Lifecycle
08-08 04:45:54.076 V/SystemServerTiming(  741): OnBootPhase_520_com.android.server.accounts.AccountManagerService$Lifecycle took to complete: 0ms
08-08 04:45:54.076 D/SystemServerTiming(  741): OnBootPhase_520_com.android.server.content.ContentService$Lifecycle
08-08 04:45:54.076 V/SystemServerTiming(  741): OnBootPhase_520_com.android.server.content.ContentService$Lifecycle took to complete: 0ms
08-08 04:45:54.076 D/SystemServerTiming(  741): OnBootPhase_520_com.android.server.deviceconfig.DeviceConfigInit$Lifecycle
08-08 04:45:54.076 V/SystemServerTiming(  741): OnBootPhase_520_com.android.server.deviceconfig.DeviceConfigInit$Lifecycle took to complete: 0ms
08-08 04:45:54.076 D/SystemServerTiming(  741): OnBootPhase_520_com.android.server.DropBoxManagerService
08-08 04:45:54.076 V/SystemServerTiming(  741): OnBootPhase_520_com.android.server.DropBoxManagerService took to complete: 0ms
08-08 04:45:54.076 D/SystemServerTiming(  741): OnBootPhase_520_com.android.role.RoleService
08-08 04:45:54.076 V/SystemServerTiming(  741): OnBootPhase_520_com.android.role.RoleService took to complete: 0ms
08-08 04:45:54.076 D/SystemServerTiming(  741): OnBootPhase_520_com.android.server.vibrator.VibratorManagerService$Lifecycle
08-08 04:45:54.077 V/SystemServerTiming(  741): OnBootPhase_520_com.android.server.vibrator.VibratorManagerService$Lifecycle took to complete: 0ms
08-08 04:45:54.077 D/SystemServerTiming(  741): OnBootPhase_520_com.android.server.tare.InternalResourceService
08-08 04:45:54.077 V/SystemServerTiming(  741): OnBootPhase_520_com.android.server.tare.InternalResourceService took to complete: 0ms
08-08 04:45:54.077 D/SystemServerTiming(  741): OnBootPhase_520_com.android.server.alarm.AlarmManagerService
08-08 04:45:54.077 V/SystemServerTiming(  741): OnBootPhase_520_com.android.server.alarm.AlarmManagerService took to complete: 0ms
08-08 04:45:54.077 D/SystemServerTiming(  741): OnBootPhase_520_com.android.server.devicestate.DeviceStateManagerService
08-08 04:45:54.077 V/SystemServerTiming(  741): OnBootPhase_520_com.android.server.devicestate.DeviceStateManagerService took to complete: 0ms
08-08 04:45:54.077 D/SystemServerTiming(  741): OnBootPhase_520_com.android.server.camera.CameraServiceProxy
08-08 04:45:54.077 V/SystemServerTiming(  741): OnBootPhase_520_com.android.server.camera.CameraServiceProxy took to complete: 0ms
08-08 04:45:54.077 D/SystemServerTiming(  741): OnBootPhase_520_com.android.server.bluetooth.BluetoothService
08-08 04:45:54.077 V/SystemServerTiming(  741): OnBootPhase_520_com.android.server.bluetooth.BluetoothService took to complete: 0ms
08-08 04:45:54.077 D/SystemServerTiming(  741): OnBootPhase_520_com.android.server.connectivity.IpConnectivityMetrics
08-08 04:45:54.077 V/SystemServerTiming(  741): OnBootPhase_520_com.android.server.connectivity.IpConnectivityMetrics took to complete: 0ms
08-08 04:45:54.077 D/SystemServerTiming(  741): OnBootPhase_520_com.android.server.net.watchlist.NetworkWatchlistService$Lifecycle
08-08 04:45:54.077 V/SystemServerTiming(  741): OnBootPhase_520_com.android.server.net.watchlist.NetworkWatchlistService$Lifecycle took to complete: 0ms
08-08 04:45:54.077 D/SystemServerTiming(  741): OnBootPhase_520_com.android.server.PinnerService
08-08 04:45:54.077 V/SystemServerTiming(  741): OnBootPhase_520_com.android.server.PinnerService took to complete: 0ms
08-08 04:45:54.077 D/SystemServerTiming(  741): OnBootPhase_520_com.android.server.integrity.AppIntegrityManagerService
08-08 04:45:54.077 V/SystemServerTiming(  741): OnBootPhase_520_com.android.server.integrity.AppIntegrityManagerService took to complete: 0ms
08-08 04:45:54.077 D/SystemServerTiming(  741): OnBootPhase_520_com.android.server.logcat.LogcatManagerService
08-08 04:45:54.077 V/SystemServerTiming(  741): OnBootPhase_520_com.android.server.logcat.LogcatManagerService took to complete: 0ms
08-08 04:45:54.077 D/SystemServerTiming(  741): OnBootPhase_520_com.sony.dtv.server.HealthKeepService
08-08 04:45:54.077 V/SystemServerTiming(  741): OnBootPhase_520_com.sony.dtv.server.HealthKeepService took to complete: 0ms
08-08 04:45:54.077 D/SystemServerTiming(  741): OnBootPhase_520_com.android.server.inputmethod.InputMethodManagerService$Lifecycle
08-08 04:45:54.078 V/SystemServerTiming(  741): OnBootPhase_520_com.android.server.inputmethod.InputMethodManagerService$Lifecycle took to complete: 0ms
08-08 04:45:54.078 D/SystemServerTiming(  741): OnBootPhase_520_com.android.server.accessibility.AccessibilityManagerService$Lifecycle
08-08 04:45:54.078 V/SystemServerTiming(  741): OnBootPhase_520_com.android.server.accessibility.AccessibilityManagerService$Lifecycle took to complete: 0ms
08-08 04:45:54.078 D/SystemServerTiming(  741): OnBootPhase_520_com.android.server.StorageManagerService$Lifecycle
08-08 04:45:54.078 V/SystemServerTiming(  741): OnBootPhase_520_com.android.server.StorageManagerService$Lifecycle took to complete: 0ms
08-08 04:45:54.078 D/SystemServerTiming(  741): OnBootPhase_520_com.android.server.usage.StorageStatsService$Lifecycle
08-08 04:45:54.078 V/SystemServerTiming(  741): OnBootPhase_520_com.android.server.usage.StorageStatsService$Lifecycle took to complete: 0ms
08-08 04:45:54.078 D/SystemServerTiming(  741): OnBootPhase_520_com.android.server.UiModeManagerService
08-08 04:45:54.078 V/SystemServerTiming(  741): OnBootPhase_520_com.android.server.UiModeManagerService took to complete: 0ms
08-08 04:45:54.078 D/SystemServerTiming(  741): OnBootPhase_520_com.android.server.locales.LocaleManagerService
08-08 04:45:54.078 V/SystemServerTiming(  741): OnBootPhase_520_com.android.server.locales.LocaleManagerService took to complete: 0ms
08-08 04:45:54.078 D/SystemServerTiming(  741): OnBootPhase_520_com.android.server.grammaticalinflection.GrammaticalInflectionService
08-08 04:45:54.078 V/SystemServerTiming(  741): OnBootPhase_520_com.android.server.grammaticalinflection.GrammaticalInflectionService took to complete: 0ms
08-08 04:45:54.078 D/SystemServerTiming(  741): OnBootPhase_520_com.android.server.apphibernation.AppHibernationService
08-08 04:45:54.078 V/SystemServerTiming(  741): OnBootPhase_520_com.android.server.apphibernation.AppHibernationService took to complete: 0ms
08-08 04:45:54.078 D/SystemServerTiming(  741): OnBootPhase_520_com.android.server.locksettings.LockSettingsService$Lifecycle
08-08 04:45:54.078 V/SystemServerTiming(  741): OnBootPhase_520_com.android.server.locksettings.LockSettingsService$Lifecycle took to complete: 0ms
08-08 04:45:54.078 D/SystemServerTiming(  741): OnBootPhase_520_com.android.server.PersistentDataBlockService
08-08 04:45:54.078 V/SystemServerTiming(  741): OnBootPhase_520_com.android.server.PersistentDataBlockService took to complete: 0ms
08-08 04:45:54.078 D/SystemServerTiming(  741): OnBootPhase_520_com.android.server.testharness.TestHarnessModeService
08-08 04:45:54.078 V/SystemServerTiming(  741): OnBootPhase_520_com.android.server.testharness.TestHarnessModeService took to complete: 0ms
08-08 04:45:54.078 D/SystemServerTiming(  741): OnBootPhase_520_com.android.server.oemlock.OemLockService
08-08 04:45:54.078 V/SystemServerTiming(  741): OnBootPhase_520_com.android.server.oemlock.OemLockService took to complete: 0ms
08-08 04:45:54.078 D/SystemServerTiming(  741): OnBootPhase_520_com.android.server.DeviceIdleController
08-08 04:45:54.078 V/SystemServerTiming(  741): OnBootPhase_520_com.android.server.DeviceIdleController took to complete: 0ms
08-08 04:45:54.078 D/SystemServerTiming(  741): OnBootPhase_520_com.android.server.devicepolicy.DevicePolicyManagerService$Lifecycle
08-08 04:45:54.079 V/SystemServerTiming(  741): OnBootPhase_520_com.android.server.devicepolicy.DevicePolicyManagerService$Lifecycle took to complete: 0ms
08-08 04:45:54.079 D/SystemServerTiming(  741): OnBootPhase_520_com.android.server.texttospeech.TextToSpeechManagerService
08-08 04:45:54.079 V/SystemServerTiming(  741): OnBootPhase_520_com.android.server.texttospeech.TextToSpeechManagerService took to complete: 0ms
08-08 04:45:54.079 D/SystemServerTiming(  741): OnBootPhase_520_com.android.server.ambientcontext.AmbientContextManagerService
08-08 04:45:54.079 V/SystemServerTiming(  741): OnBootPhase_520_com.android.server.ambientcontext.AmbientContextManagerService took to complete: 0ms
08-08 04:45:54.079 D/SystemServerTiming(  741): OnBootPhase_520_com.android.server.wearable.WearableSensingManagerService
08-08 04:45:54.079 V/SystemServerTiming(  741): OnBootPhase_520_com.android.server.wearable.WearableSensingManagerService took to complete: 0ms
08-08 04:45:54.079 D/SystemServerTiming(  741): OnBootPhase_520_com.android.server.speech.SpeechRecognitionManagerService
08-08 04:45:54.079 V/SystemServerTiming(  741): OnBootPhase_520_com.android.server.speech.SpeechRecognitionManagerService took to complete: 0ms
08-08 04:45:54.079 D/SystemServerTiming(  741): OnBootPhase_520_com.android.server.searchui.SearchUiManagerService
08-08 04:45:54.079 V/SystemServerTiming(  741): OnBootPhase_520_com.android.server.searchui.SearchUiManagerService took to complete: 0ms
08-08 04:45:54.079 D/SystemServerTiming(  741): OnBootPhase_520_com.android.server.smartspace.SmartspaceManagerService
08-08 04:45:54.079 V/SystemServerTiming(  741): OnBootPhase_520_com.android.server.smartspace.SmartspaceManagerService took to complete: 0ms
08-08 04:45:54.079 D/SystemServerTiming(  741): OnBootPhase_520_com.android.server.graphics.fonts.FontManagerService$Lifecycle
08-08 04:45:54.079 V/SystemServerTiming(  741): OnBootPhase_520_com.android.server.graphics.fonts.FontManagerService$Lifecycle took to complete: 0ms
08-08 04:45:54.079 D/SystemServerTiming(  741): OnBootPhase_520_com.android.server.textservices.TextServicesManagerService$Lifecycle
08-08 04:45:54.079 V/SystemServerTiming(  741): OnBootPhase_520_com.android.server.textservices.TextServicesManagerService$Lifecycle took to complete: 0ms
08-08 04:45:54.079 D/SystemServerTiming(  741): OnBootPhase_520_com.android.server.textclassifier.TextClassificationManagerService$Lifecycle
08-08 04:45:54.079 V/SystemServerTiming(  741): OnBootPhase_520_com.android.server.textclassifier.TextClassificationManagerService$Lifecycle took to complete: 0ms
08-08 04:45:54.079 D/SystemServerTiming(  741): OnBootPhase_520_com.android.server.NetworkScoreService$Lifecycle
08-08 04:45:54.079 V/SystemServerTiming(  741): OnBootPhase_520_com.android.server.NetworkScoreService$Lifecycle took to complete: 0ms
08-08 04:45:54.079 D/SystemServerTiming(  741): OnBootPhase_520_com.android.server.NetworkStatsServiceInitializer
08-08 04:45:54.079 V/SystemServerTiming(  741): OnBootPhase_520_com.android.server.NetworkStatsServiceInitializer took to complete: 0ms
08-08 04:45:54.079 D/SystemServerTiming(  741): OnBootPhase_520_com.android.server.wifi.WifiService
08-08 04:45:54.079 V/SystemServerTiming(  741): OnBootPhase_520_com.android.server.wifi.WifiService took to complete: 0ms
08-08 04:45:54.079 D/SystemServerTiming(  741): OnBootPhase_520_com.android.server.wifi.scanner.WifiScanningService
08-08 04:45:54.079 V/SystemServerTiming(  741): OnBootPhase_520_com.android.server.wifi.scanner.WifiScanningService took to complete: 0ms
08-08 04:45:54.080 D/SystemServerTiming(  741): OnBootPhase_520_com.android.server.ConnectivityServiceInitializer
08-08 04:45:54.080 V/SystemServerTiming(  741): OnBootPhase_520_com.android.server.ConnectivityServiceInitializer took to complete: 0ms
08-08 04:45:54.080 D/SystemServerTiming(  741): OnBootPhase_520_com.android.server.notification.NotificationManagerService
08-08 04:45:54.092 E/Scheduler(  684): trackPendingFrame: Invalid present fence
08-08 04:45:54.101 V/SystemServerTiming(  741): OnBootPhase_520_com.android.server.notification.NotificationManagerService took to complete: 21ms
08-08 04:45:54.101 D/SystemServerTiming(  741): OnBootPhase_520_com.android.server.storage.DeviceStorageMonitorService
08-08 04:45:54.101 V/SystemServerTiming(  741): OnBootPhase_520_com.android.server.storage.DeviceStorageMonitorService took to complete: 0ms
08-08 04:45:54.101 D/SystemServerTiming(  741): OnBootPhase_520_com.android.server.timedetector.TimeDetectorService$Lifecycle
08-08 04:45:54.101 V/SystemServerTiming(  741): OnBootPhase_520_com.android.server.timedetector.TimeDetectorService$Lifecycle took to complete: 0ms
08-08 04:45:54.101 D/SystemServerTiming(  741): OnBootPhase_520_com.android.server.location.LocationManagerService$Lifecycle
08-08 04:45:54.101 V/SystemServerTiming(  741): OnBootPhase_520_com.android.server.location.LocationManagerService$Lifecycle took to complete: 0ms
08-08 04:45:54.101 D/SystemServerTiming(  741): OnBootPhase_520_com.android.server.timezonedetector.TimeZoneDetectorService$Lifecycle
08-08 04:45:54.101 V/SystemServerTiming(  741): OnBootPhase_520_com.android.server.timezonedetector.TimeZoneDetectorService$Lifecycle took to complete: 0ms
08-08 04:45:54.101 D/SystemServerTiming(  741): OnBootPhase_520_com.android.server.location.altitude.AltitudeService$Lifecycle
08-08 04:45:54.101 V/SystemServerTiming(  741): OnBootPhase_520_com.android.server.location.altitude.AltitudeService$Lifecycle took to complete: 0ms
08-08 04:45:54.101 D/SystemServerTiming(  741): OnBootPhase_520_com.android.server.timezonedetector.location.LocationTimeZoneManagerService$Lifecycle
08-08 04:45:54.102 V/SystemServerTiming(  741): OnBootPhase_520_com.android.server.timezonedetector.location.LocationTimeZoneManagerService$Lifecycle took to complete: 0ms
08-08 04:45:54.102 D/SystemServerTiming(  741): OnBootPhase_520_com.android.server.search.SearchManagerService$Lifecycle
08-08 04:45:54.102 V/SystemServerTiming(  741): OnBootPhase_520_com.android.server.search.SearchManagerService$Lifecycle took to complete: 0ms
08-08 04:45:54.102 D/SystemServerTiming(  741): OnBootPhase_520_com.android.server.wallpaper.WallpaperManagerService$Lifecycle
08-08 04:45:54.102 V/SystemServerTiming(  741): OnBootPhase_520_com.android.server.wallpaper.WallpaperManagerService$Lifecycle took to complete: 1ms
08-08 04:45:54.102 D/SystemServerTiming(  741): OnBootPhase_520_com.android.server.wallpapereffectsgeneration.WallpaperEffectsGenerationManagerService
08-08 04:45:54.102 V/SystemServerTiming(  741): OnBootPhase_520_com.android.server.wallpapereffectsgeneration.WallpaperEffectsGenerationManagerService took to complete: 0ms
08-08 04:45:54.102 D/SystemServerTiming(  741): OnBootPhase_520_com.android.server.audio.AudioService$Lifecycle
08-08 04:45:54.102 V/SystemServerTiming(  741): OnBootPhase_520_com.android.server.audio.AudioService$Lifecycle took to complete: 0ms
08-08 04:45:54.102 D/SystemServerTiming(  741): OnBootPhase_520_com.android.server.soundtrigger_middleware.SoundTriggerMiddlewareService$Lifecycle
08-08 04:45:54.102 V/SystemServerTiming(  741): OnBootPhase_520_com.android.server.soundtrigger_middleware.SoundTriggerMiddlewareService$Lifecycle took to complete: 0ms
08-08 04:45:54.102 D/SystemServerTiming(  741): OnBootPhase_520_com.android.server.adb.AdbService$Lifecycle
08-08 04:45:54.102 V/SystemServerTiming(  741): OnBootPhase_520_com.android.server.adb.AdbService$Lifecycle took to complete: 0ms
08-08 04:45:54.102 D/SystemServerTiming(  741): OnBootPhase_520_com.android.server.usb.UsbService$Lifecycle
08-08 04:45:54.102 V/SystemServerTiming(  741): OnBootPhase_520_com.android.server.usb.UsbService$Lifecycle took to complete: 0ms
08-08 04:45:54.102 D/SystemServerTiming(  741): OnBootPhase_520_com.android.server.twilight.TwilightService
08-08 04:45:54.102 V/SystemServerTiming(  741): OnBootPhase_520_com.android.server.twilight.TwilightService took to complete: 0ms
08-08 04:45:54.102 D/SystemServerTiming(  741): OnBootPhase_520_com.android.server.display.color.ColorDisplayService
08-08 04:45:54.102 V/SystemServerTiming(  741): OnBootPhase_520_com.android.server.display.color.ColorDisplayService took to complete: 0ms
08-08 04:45:54.103 D/SystemServerTiming(  741): OnBootPhase_520_com.android.server.job.JobSchedulerService
08-08 04:45:54.103 V/SystemServerTiming(  741): OnBootPhase_520_com.android.server.job.JobSchedulerService took to complete: 0ms
08-08 04:45:54.103 D/SystemServerTiming(  741): OnBootPhase_520_com.android.server.soundtrigger.SoundTriggerService
08-08 04:45:54.103 D/SoundTriggerService(  741): onBootPhase: 520 : false
08-08 04:45:54.103 V/SystemServerTiming(  741): OnBootPhase_520_com.android.server.soundtrigger.SoundTriggerService took to complete: 0ms
08-08 04:45:54.103 D/SystemServerTiming(  741): OnBootPhase_520_com.android.server.trust.TrustManagerService
08-08 04:45:54.103 V/SystemServerTiming(  741): OnBootPhase_520_com.android.server.trust.TrustManagerService took to complete: 0ms
08-08 04:45:54.103 D/SystemServerTiming(  741): OnBootPhase_520_com.android.server.backup.BackupManagerService$Lifecycle
08-08 04:45:54.103 V/SystemServerTiming(  741): OnBootPhase_520_com.android.server.backup.BackupManagerService$Lifecycle took to complete: 0ms
08-08 04:45:54.103 D/SystemServerTiming(  741): OnBootPhase_520_com.android.server.appwidget.AppWidgetService
08-08 04:45:54.103 V/SystemServerTiming(  741): OnBootPhase_520_com.android.server.appwidget.AppWidgetService took to complete: 0ms
08-08 04:45:54.103 D/SystemServerTiming(  741): OnBootPhase_520_com.android.server.voiceinteraction.VoiceInteractionManagerService
08-08 04:45:54.103 V/SystemServerTiming(  741): OnBootPhase_520_com.android.server.voiceinteraction.VoiceInteractionManagerService took to complete: 0ms
08-08 04:45:54.103 D/SystemServerTiming(  741): OnBootPhase_520_com.android.server.GestureLauncherService
08-08 04:45:54.103 V/SystemServerTiming(  741): OnBootPhase_520_com.android.server.GestureLauncherService took to complete: 0ms
08-08 04:45:54.103 D/SystemServerTiming(  741): OnBootPhase_520_com.android.server.SensorNotificationService
08-08 04:45:54.103 V/SystemServerTiming(  741): OnBootPhase_520_com.android.server.SensorNotificationService took to complete: 0ms
08-08 04:45:54.103 D/SystemServerTiming(  741): OnBootPhase_520_com.android.server.emergency.EmergencyAffordanceService
08-08 04:45:54.103 V/SystemServerTiming(  741): OnBootPhase_520_com.android.server.emergency.EmergencyAffordanceService took to complete: 0ms
08-08 04:45:54.103 D/SystemServerTiming(  741): OnBootPhase_520_com.android.server.blob.BlobStoreManagerService
08-08 04:45:54.104 V/SystemServerTiming(  741): OnBootPhase_520_com.android.server.blob.BlobStoreManagerService took to complete: 0ms
08-08 04:45:54.104 D/SystemServerTiming(  741): OnBootPhase_520_com.android.server.dreams.DreamManagerService
08-08 04:45:54.104 V/SystemServerTiming(  741): OnBootPhase_520_com.android.server.dreams.DreamManagerService took to complete: 0ms
08-08 04:45:54.104 D/SystemServerTiming(  741): OnBootPhase_520_com.android.server.security.AttestationVerificationManagerService
08-08 04:45:54.104 V/SystemServerTiming(  741): OnBootPhase_520_com.android.server.security.AttestationVerificationManagerService took to complete: 0ms
08-08 04:45:54.104 D/SystemServerTiming(  741): OnBootPhase_520_com.android.server.restrictions.RestrictionsManagerService
08-08 04:45:54.104 V/SystemServerTiming(  741): OnBootPhase_520_com.android.server.restrictions.RestrictionsManagerService took to complete: 0ms
08-08 04:45:54.104 D/SystemServerTiming(  741): OnBootPhase_520_com.android.server.media.MediaSessionService
08-08 04:45:54.104 V/SystemServerTiming(  741): OnBootPhase_520_com.android.server.media.MediaSessionService took to complete: 0ms
08-08 04:45:54.104 D/SystemServerTiming(  741): OnBootPhase_520_com.android.server.hdmi.HdmiControlService
08-08 04:45:54.104 V/SystemServerTiming(  741): OnBootPhase_520_com.android.server.hdmi.HdmiControlService took to complete: 0ms
08-08 04:45:54.104 D/SystemServerTiming(  741): OnBootPhase_520_com.android.server.tv.interactive.TvInteractiveAppManagerService
08-08 04:45:54.104 V/SystemServerTiming(  741): OnBootPhase_520_com.android.server.tv.interactive.TvInteractiveAppManagerService took to complete: 0ms
08-08 04:45:54.104 D/SystemServerTiming(  741): OnBootPhase_520_com.android.server.tv.TvInputManagerService
08-08 04:45:54.104 V/SystemServerTiming(  741): OnBootPhase_520_com.android.server.tv.TvInputManagerService took to complete: 0ms
08-08 04:45:54.104 D/SystemServerTiming(  741): OnBootPhase_520_com.android.server.tv.tunerresourcemanager.TunerResourceManagerService
08-08 04:45:54.104 V/SystemServerTiming(  741): OnBootPhase_520_com.android.server.tv.tunerresourcemanager.TunerResourceManagerService took to complete: 1ms
08-08 04:45:54.104 D/SystemServerTiming(  741): OnBootPhase_520_com.sony.dtv.mediastatistics.MediaStatisticsAnchorService
08-08 04:45:54.104 V/SystemServerTiming(  741): OnBootPhase_520_com.sony.dtv.mediastatistics.MediaStatisticsAnchorService took to complete: 0ms
08-08 04:45:54.104 D/SystemServerTiming(  741): OnBootPhase_520_com.android.server.tv.TvRemoteService
08-08 04:45:54.104 V/SystemServerTiming(  741): OnBootPhase_520_com.android.server.tv.TvRemoteService took to complete: 0ms
08-08 04:45:54.104 D/SystemServerTiming(  741): OnBootPhase_520_com.android.server.biometrics.BiometricService
08-08 04:45:54.104 V/SystemServerTiming(  741): OnBootPhase_520_com.android.server.biometrics.BiometricService took to complete: 0ms
08-08 04:45:54.104 D/SystemServerTiming(  741): OnBootPhase_520_com.android.server.biometrics.AuthService
08-08 04:45:54.104 V/SystemServerTiming(  741): OnBootPhase_520_com.android.server.biometrics.AuthService took to complete: 0ms
08-08 04:45:54.104 D/SystemServerTiming(  741): OnBootPhase_520_com.android.server.pm.ShortcutService$Lifecycle
08-08 04:45:54.104 V/SystemServerTiming(  741): OnBootPhase_520_com.android.server.pm.ShortcutService$Lifecycle took to complete: 0ms
08-08 04:45:54.104 D/SystemServerTiming(  741): OnBootPhase_520_com.android.server.pm.LauncherAppsService
08-08 04:45:54.104 V/SystemServerTiming(  741): OnBootPhase_520_com.android.server.pm.LauncherAppsService took to complete: 0ms
08-08 04:45:54.104 D/SystemServerTiming(  741): OnBootPhase_520_com.android.server.pm.CrossProfileAppsService
08-08 04:45:54.104 V/SystemServerTiming(  741): OnBootPhase_520_com.android.server.pm.CrossProfileAppsService took to complete: 0ms
08-08 04:45:54.104 D/SystemServerTiming(  741): OnBootPhase_520_com.android.server.people.PeopleService
08-08 04:45:54.105 V/SystemServerTiming(  741): OnBootPhase_520_com.android.server.people.PeopleService took to complete: 0ms
08-08 04:45:54.105 D/SystemServerTiming(  741): OnBootPhase_520_com.android.server.media.metrics.MediaMetricsManagerService
08-08 04:45:54.105 V/SystemServerTiming(  741): OnBootPhase_520_com.android.server.media.metrics.MediaMetricsManagerService took to complete: 0ms
08-08 04:45:54.105 D/SystemServerTiming(  741): OnBootPhase_520_com.android.server.pm.BackgroundInstallControlService
08-08 04:45:54.105 V/SystemServerTiming(  741): OnBootPhase_520_com.android.server.pm.BackgroundInstallControlService took to complete: 0ms
08-08 04:45:54.105 D/SystemServerTiming(  741): OnBootPhase_520_com.android.server.media.projection.MediaProjectionManagerService
08-08 04:45:54.105 V/SystemServerTiming(  741): OnBootPhase_520_com.android.server.media.projection.MediaProjectionManagerService took to complete: 0ms
08-08 04:45:54.105 D/SystemServerTiming(  741): OnBootPhase_520_com.android.server.slice.SliceManagerService$Lifecycle
08-08 04:45:54.105 V/SystemServerTiming(  741): OnBootPhase_520_com.android.server.slice.SliceManagerService$Lifecycle took to complete: 0ms
08-08 04:45:54.105 D/SystemServerTiming(  741): OnBootPhase_520_com.android.server.stats.StatsCompanion$Lifecycle
08-08 04:45:54.105 V/SystemServerTiming(  741): OnBootPhase_520_com.android.server.stats.StatsCompanion$Lifecycle took to complete: 0ms
08-08 04:45:54.105 D/SystemServerTiming(  741): OnBootPhase_520_com.android.server.scheduling.RebootReadinessManagerService$Lifecycle
08-08 04:45:54.105 V/SystemServerTiming(  741): OnBootPhase_520_com.android.server.scheduling.RebootReadinessManagerService$Lifecycle took to complete: 0ms
08-08 04:45:54.105 D/SystemServerTiming(  741): OnBootPhase_520_com.android.server.stats.pull.StatsPullAtomService
08-08 04:45:54.105 V/SystemServerTiming(  741): OnBootPhase_520_com.android.server.stats.pull.StatsPullAtomService took to complete: 0ms
08-08 04:45:54.105 D/SystemServerTiming(  741): OnBootPhase_520_com.android.server.stats.bootstrap.StatsBootstrapAtomService$Lifecycle
08-08 04:45:54.105 V/SystemServerTiming(  741): OnBootPhase_520_com.android.server.stats.bootstrap.StatsBootstrapAtomService$Lifecycle took to complete: 0ms
08-08 04:45:54.105 D/SystemServerTiming(  741): OnBootPhase_520_com.android.server.incident.IncidentCompanionService
08-08 04:45:54.105 V/SystemServerTiming(  741): OnBootPhase_520_com.android.server.incident.IncidentCompanionService took to complete: 0ms
08-08 04:45:54.105 D/SystemServerTiming(  741): OnBootPhase_520_com.android.server.sdksandbox.SdkSandboxManagerService$Lifecycle
08-08 04:45:54.105 V/SystemServerTiming(  741): OnBootPhase_520_com.android.server.sdksandbox.SdkSandboxManagerService$Lifecycle took to complete: 0ms
08-08 04:45:54.105 D/SystemServerTiming(  741): OnBootPhase_520_com.android.server.adservices.AdServicesManagerService$Lifecycle
08-08 04:45:54.105 V/SystemServerTiming(  741): OnBootPhase_520_com.android.server.adservices.AdServicesManagerService$Lifecycle took to complete: 0ms
08-08 04:45:54.105 D/SystemServerTiming(  741): OnBootPhase_520_com.android.server.ondevicepersonalization.OnDevicePersonalizationSystemService$Lifecycle
08-08 04:45:54.105 V/SystemServerTiming(  741): OnBootPhase_520_com.android.server.ondevicepersonalization.OnDevicePersonalizationSystemService$Lifecycle took to complete: 0ms
08-08 04:45:54.105 D/SystemServerTiming(  741): OnBootPhase_520_com.android.server.autofill.AutofillManagerService
08-08 04:45:54.105 V/SystemServerTiming(  741): OnBootPhase_520_com.android.server.autofill.AutofillManagerService took to complete: 0ms
08-08 04:45:54.105 D/SystemServerTiming(  741): OnBootPhase_520_com.android.server.selectiontoolbar.SelectionToolbarManagerService
08-08 04:45:54.105 V/SystemServerTiming(  741): OnBootPhase_520_com.android.server.selectiontoolbar.SelectionToolbarManagerService took to complete: 0ms
08-08 04:45:54.105 D/SystemServerTiming(  741): OnBootPhase_520_com.android.server.clipboard.ClipboardService
08-08 04:45:54.105 V/SystemServerTiming(  741): OnBootPhase_520_com.android.server.clipboard.ClipboardService took to complete: 0ms
08-08 04:45:54.105 D/SystemServerTiming(  741): OnBootPhase_520_com.android.server.appbinding.AppBindingService$Lifecycle
08-08 04:45:54.106 V/SystemServerTiming(  741): OnBootPhase_520_com.android.server.appbinding.AppBindingService$Lifecycle took to complete: 0ms
08-08 04:45:54.106 D/SystemServerTiming(  741): OnBootPhase_520_com.android.server.tracing.TracingServiceProxy
08-08 04:45:54.106 V/SystemServerTiming(  741): OnBootPhase_520_com.android.server.tracing.TracingServiceProxy took to complete: 0ms
08-08 04:45:54.106 D/SystemServerTiming(  741): OnBootPhase_520_com.android.server.policy.PermissionPolicyService
08-08 04:45:54.106 V/SystemServerTiming(  741): OnBootPhase_520_com.android.server.policy.PermissionPolicyService took to complete: 1ms
08-08 04:45:54.106 D/SystemServerTiming(  741): OnBootPhase_520_com.android.server.pm.StagingManager$Lifecycle
08-08 04:45:54.106 V/SystemServerTiming(  741): OnBootPhase_520_com.android.server.pm.StagingManager$Lifecycle took to complete: 0ms
08-08 04:45:54.106 D/SystemServerTiming(  741): OnBootPhase_520_com.android.server.pq.PqRepositoryService
08-08 04:45:54.106 V/SystemServerTiming(  741): OnBootPhase_520_com.android.server.pq.PqRepositoryService took to complete: 0ms
08-08 04:45:54.106 D/SystemServerTiming(  741): OnBootPhase_520_com.android.server.app.GameManagerService$Lifecycle
08-08 04:45:54.106 V/SystemServerTiming(  741): OnBootPhase_520_com.android.server.app.GameManagerService$Lifecycle took to complete: 0ms
08-08 04:45:54.106 V/SystemServerTiming(  741): OnBootPhase_520 took to complete: 33ms
08-08 04:45:54.106 V/SystemServerTiming(  741): StartBootPhaseDeviceSpecificServicesReady took to complete: 33ms
08-08 04:45:54.106 D/SystemServerTiming(  741): StartSafetyCenterService
08-08 04:45:54.107 I/SystemServiceManager(  741): Starting com.android.safetycenter.SafetyCenterService
08-08 04:45:54.110 I/SafetyCenterService(  741): Device does not support Safety Center, it will be disabled
08-08 04:45:54.110 V/SystemServerTiming(  741): StartSafetyCenterService took to complete: 3ms
08-08 04:45:54.110 D/SystemServerTiming(  741): AppSearchModule
08-08 04:45:54.111 I/SystemServiceManager(  741): Starting com.android.server.appsearch.AppSearchModule$Lifecycle
08-08 04:45:54.121 V/SystemServerTiming(  741): AppSearchModule took to complete: 11ms
08-08 04:45:54.122 D/SystemServerTiming(  741): StartMediaCommunicationService
08-08 04:45:54.122 I/SystemServiceManager(  741): Starting com.android.server.media.MediaCommunicationService
08-08 04:45:54.123 V/SystemServerTiming(  741): StartMediaCommunicationService took to complete: 2ms
08-08 04:45:54.123 D/SystemServerTiming(  741): AppCompatOverridesService
08-08 04:45:54.124 I/SystemServiceManager(  741): Starting com.android.server.compat.overrides.AppCompatOverridesService$Lifecycle
08-08 04:45:54.125 V/SystemServerTiming(  741): AppCompatOverridesService took to complete: 1ms
08-08 04:45:54.125 D/SystemServerTiming(  741): HealthConnectManagerService
08-08 04:45:54.126 I/SystemServiceManager(  741): Starting com.android.server.healthconnect.HealthConnectManagerService
08-08 04:45:54.133 E/HealthConnectResContext(  741): Attempted to fetch resources before Health Connect resources APK is loaded!
08-08 04:45:54.133 E/HealthConnectResContext(  741): java.lang.IllegalStateException
08-08 04:45:54.133 E/HealthConnectResContext(  741): 	at com.android.server.healthconnect.migration.notification.HealthConnectResourcesContext.resolvePackageInfo(HealthConnectResourcesContext.java:129)
08-08 04:45:54.133 E/HealthConnectResContext(  741): 	at com.android.server.healthconnect.migration.notification.HealthConnectResourcesContext.initialisePackageNames(HealthConnectResourcesContext.java:87)
08-08 04:45:54.133 E/HealthConnectResContext(  741): 	at com.android.server.healthconnect.migration.notification.HealthConnectResourcesContext.<init>(HealthConnectResourcesContext.java:83)
08-08 04:45:54.133 E/HealthConnectResContext(  741): 	at com.android.server.healthconnect.migration.notification.HealthConnectResourcesContext.<init>(HealthConnectResourcesContext.java:70)
08-08 04:45:54.133 E/HealthConnectResContext(  741): 	at com.android.server.healthconnect.migration.notification.MigrationNotificationFactory.<init>(MigrationNotificationFactory.java:107)
08-08 04:45:54.133 E/HealthConnectResContext(  741): 	at com.android.server.healthconnect.migration.notification.MigrationNotificationSender.<init>(MigrationNotificationSender.java:60)
08-08 04:45:54.133 E/HealthConnectResContext(  741): 	at com.android.server.healthconnect.HealthConnectManagerService.<init>(HealthConnectManagerService.java:105)
08-08 04:45:54.133 E/HealthConnectResContext(  741): 	at java.lang.reflect.Constructor.newInstance0(Native Method)
08-08 04:45:54.133 E/HealthConnectResContext(  741): 	at java.lang.reflect.Constructor.newInstance(Constructor.java:343)
08-08 04:45:54.133 E/HealthConnectResContext(  741): 	at com.android.server.SystemServiceManager.startService(SystemServiceManager.java:218)
08-08 04:45:54.133 E/HealthConnectResContext(  741): 	at com.android.server.SystemServiceManager.startService(SystemServiceManager.java:142)
08-08 04:45:54.133 E/HealthConnectResContext(  741): 	at com.android.server.SystemServer.startOtherServices(SystemServer.java:2886)
08-08 04:45:54.133 E/HealthConnectResContext(  741): 	at com.android.server.SystemServer.run(SystemServer.java:948)
08-08 04:45:54.133 E/HealthConnectResContext(  741): 	at com.android.server.SystemServer.main(SystemServer.java:670)
08-08 04:45:54.133 E/HealthConnectResContext(  741): 	at java.lang.reflect.Method.invoke(Native Method)
08-08 04:45:54.133 E/HealthConnectResContext(  741): 	at com.android.internal.os.RuntimeInit$MethodAndArgsCaller.run(RuntimeInit.java:552)
08-08 04:45:54.133 E/HealthConnectResContext(  741): 	at com.android.internal.os.ZygoteInit.main(ZygoteInit.java:949)
08-08 04:45:54.137 V/SystemServerTiming(  741): HealthConnectManagerService took to complete: 11ms
08-08 04:45:54.137 D/SystemServerTiming(  741): PhaseActivityManagerReady
08-08 04:45:54.137 D/SystemServerTiming(  741): controllersReady
08-08 04:45:54.146 D/SystemServerTimingAsync(  741): InitThreadPoolExec:Update app-ops uidState in case package com.android.providers.media.module changed
08-08 04:45:54.147 D/SystemServerTimingAsync(  741): InitThreadPoolExec:Update app-ops uidState in case package com.google.android.permissioncontroller changed
08-08 04:45:54.147 D/SystemServerInitThreadPool(  741): Started executing Update app-ops uidState in case package com.google.android.permissioncontroller changed
08-08 04:45:54.147 D/SystemServerInitThreadPool(  741): Started executing Update app-ops uidState in case package com.android.providers.media.module changed
