08-08 04:45:59.819 W/Looper  (  741): Slow delivery took 493ms main h=com.android.server.media.MediaSessionService$MessageHandler c=null m=1
08-08 04:45:59.819 D/wpa_supplicant( 1187): wlan0: BSS: Add new id 20 BSSID 18:c2:bf:f3:2e:50 SSID 'HyokaT-Buffalo-A_2.4GHz' freq 5200
08-08 04:45:59.819 D/wpa_supplicant( 1187): wlan0: BSS: Add new id 21 BSSID 80:22:a7:26:9c:67 SSID 'arch-16f-a' freq 5180
08-08 04:45:59.819 D/wpa_supplicant( 1187): wlan0: BSS: Add new id 22 BSSID 08:10:86:0c:e0:53 SSID 'PerformanceWiFi-a' freq 5180
08-08 04:45:59.819 D/wpa_supplicant( 1187): wlan0: BSS: Add new id 23 BSSID c0:25:a2:7a:43:c7 SSID 'MIB-16F-P17W-a' freq 5580
08-08 04:45:59.819 D/wpa_supplicant( 1187): wlan0: BSS: Add new id 24 BSSID 48:f8:b3:a5:e4:ff SSID 'Devlink_Linksys_5GHz' freq 5180
08-08 04:45:59.819 V/MediaPlayerList( 1437): onActiveSessionsChanged: number of controllers: 0
08-08 04:45:59.819 D/wpa_supplicant( 1187): wlan0: BSS: Add new id 25 BSSID 98:f1:99:67:fa:53 SSID 'aterm-a07850-a' freq 5180
08-08 04:45:59.819 D/wpa_supplicant( 1187): wlan0: BSS: Add new id 26 BSSID 84:af:ec:c1:df:3c SSID 'Buffalo-A-DF38' freq 5180
08-08 04:45:59.819 D/AvrcpTargetJni( 1437): sendPlayerSettingsNative
08-08 04:45:59.819 D/wpa_supplicant( 1187): wlan0: BSS: Add new id 27 BSSID c4:3c:ea:6c:7b:99 SSID 'Buffalo-A-7B90' freq 5180
08-08 04:45:59.819 D/wpa_supplicant( 1187): wlan0: BSS: Add new id 28 BSSID c4:3c:ea:6c:7b:9a SSID 'Buffalo-A-7B90-WPA3' freq 5180
08-08 04:45:59.819 I/bt_stack( 1437): [INFO:avrcp_service.cc(555)] virtual void bluetooth::avrcp::AvrcpService::SendPlayerSettingsChanged(std::vector<PlayerAttribute>, std::vector<uint8_t>)
08-08 04:45:59.819 D/wpa_supplicant( 1187): wlan0: BSS: Add new id 29 BSSID d4:2c:46:1c:12:6a SSID 'Buffalo-A-1260-WPA3' freq 5180
08-08 04:45:59.819 D/wpa_supplicant( 1187): wlan0: BSS: Add new id 30 BSSID 88:57:ee:2c:18:d7 SSID 'Buffalo-A-18D5' freq 5240
08-08 04:45:59.819 I/bt_stack( 1437): [INFO:avrcp_service.cc(569)] attribute=PlayerAttribute::REPEAT : value=PlayerRepeatValue::OFF
08-08 04:45:59.819 I/bt_stack( 1437): attribute=PlayerAttribute::SHUFFLE : value=PlayerShuffleValue::OFF
08-08 04:45:59.819 I/bt_stack( 1437): 
08-08 04:45:59.819 D/wpa_supplicant( 1187): wlan0: BSS: Add new id 31 BSSID 18:c2:bf:c3:90:20 SSID 'PJInteg-CTSRoom' freq 5620
08-08 04:45:59.819 D/wpa_supplicant( 1187): wlan0: BSS: Add new id 32 BSSID 34:3d:c4:1e:98:68 SSID 'Buffalo-A-9866' freq 5320
08-08 04:45:59.819 D/wpa_supplicant( 1187): wlan0: BSS: Add new id 33 BSSID b0:be:76:a0:3d:53 SSID 'TP-Link_3D54' freq 5240
08-08 04:45:59.819 D/wpa_supplicant( 1187): wlan0: BSS: Add new id 34 BSSID 84:e8:cb:a3:c9:3a SSID 'Buffalo-5G-C930-WPA3' freq 5260
08-08 04:45:59.819 D/wpa_supplicant( 1187): wlan0: BSS: Add new id 35 BSSID e4:4e:2d:7c:49:0b SSID 'SWing' freq 5540
08-08 04:45:59.819 I/SSS_PanelSettingModule( 1498): initForDirectBoot - initialize PixelShiftHelper
08-08 04:45:59.819 D/wpa_supplicant( 1187): wlan0: BSS: Add new id 36 BSSID e4:4e:2d:7c:49:0d SSID '' freq 5540
08-08 04:45:59.819 D/wpa_supplicant( 1187): wlan0: BSS: Add new id 37 BSSID e4:4e:2d:7c:49:0f SSID 'SWingS' freq 5540
08-08 04:45:59.819 W/IE_Capabilities(  741): Unknown RSN cipher suite: 6ac0f00
08-08 04:45:59.819 D/wpa_supplicant( 1187): wlan0: BSS: Add new id 38 BSSID ec:5a:31:ac:ab:11 SSID '_b2b_wpa3_192' freq 5180
08-08 04:45:59.819 D/wpa_supplicant( 1187): wlan0: BSS: Add new id 39 BSSID 84:e8:cb:a3:c9:39 SSID '' freq 5260
08-08 04:45:59.819 D/wpa_supplicant( 1187): wlan0: BSS: Add new id 40 BSSID 18:c2:bf:c3:90:10 SSID 'PJInteg-CTSRoom' freq 5200
08-08 04:45:59.819 D/wpa_supplicant( 1187): wlan0: BSS: Add new id 41 BSSID b0:be:76:92:b4:6b SSID 'TP-Link_B46C_5G' freq 5220
08-08 04:45:59.819 D/wpa_supplicant( 1187): wlan0: BSS: Add new id 42 BSSID 74:03:bd:b9:c5:f7 SSID 'Buffalo-A-C5FE' freq 5580
08-08 04:45:59.819 D/wpa_supplicant( 1187): wlan0: BSS: Add new id 43 BSSID 04:ab:18:3e:fc:f6 SSID 'elecom-3efcf3' freq 5220
08-08 04:45:59.819 D/wpa_supplicant( 1187): wlan0: BSS: Add new id 44 BSSID ec:5a:31:ac:ab:21 SSID '_b2b_wpa3_192' freq 6135
08-08 04:45:59.819 D/wpa_supplicant( 1187): wlan0: BSS: Add new id 45 BSSID e4:4e:2d:7c:9c:af SSID 'SWingS' freq 5320
08-08 04:45:59.820 D/wpa_supplicant( 1187): wlan0: BSS: Add new id 46 BSSID e4:4e:2d:a4:3b:2d SSID '' freq 5540
08-08 04:45:59.820 D/wpa_supplicant( 1187): wlan0: BSS: Add new id 47 BSSID e4:4e:2d:a4:3b:2f SSID 'SWingS' freq 5540
08-08 04:45:59.820 W/ContextImpl( 1498): Calling a method in the system process without a qualified user: android.app.ContextImpl.bindService:1988 android.content.ContextWrapper.bindService:861 com.sony.dtv.renderextension.RenderExtensionWrapper.bind:159 com.sony.dtv.sonysystemservice.panelsettings.PixelShiftHelper.bindRenderService:74 com.sony.dtv.sonysystemservice.panelsettings.PanelSettingModule.initForDirectBoot:75 
08-08 04:45:59.820 D/wpa_supplicant( 1187): wlan0: BSS: Add new id 48 BSSID e4:4e:2d:a4:3b:2b SSID 'SWing' freq 5540
08-08 04:45:59.821 D/wpa_supplicant( 1187): wlan0: BSS: Add new id 49 BSSID e4:4e:2d:7c:9c:ad SSID '' freq 5320
08-08 04:45:59.821 D/wpa_supplicant( 1187): wlan0: BSS: Add new id 50 BSSID e4:4e:2d:64:30:cd SSID '' freq 5660
08-08 04:45:59.821 D/wpa_supplicant( 1187): wlan0: BSS: Add new id 51 BSSID e4:4e:2d:a4:62:2f SSID 'SWingS' freq 5560
08-08 04:45:59.821 D/CompatibilityChangeReporter( 2029): Compat change id reported: 171979766; UID 10202; state: ENABLED
08-08 04:45:59.821 D/wpa_supplicant( 1187): wlan0: BSS: Add new id 52 BSSID e4:4e:2d:7d:82:2d SSID '' freq 5580
08-08 04:45:59.821 D/wpa_supplicant( 1187): wlan0: BSS: Add new id 53 BSSID e4:4e:2d:a4:62:2b SSID 'SWing' freq 5560
08-08 04:45:59.821 D/wpa_supplicant( 1187): wlan0: BSS: Add new id 54 BSSID e4:4e:2d:a4:62:2d SSID '' freq 5560
08-08 04:45:59.822 D/WifiClientModeImpl[17690:wlan0](  741):  handleScreenStateChanged Enter: screenOn=false mSuspendOptimizationsEnabled=true state DisconnectedState
08-08 04:45:59.822 D/WifiClientModeImpl[17690:wlan0](  741): handleScreenStateChanged Exit: false
08-08 04:45:59.822 D/WifiClientModeImpl[17690:wlan0](  741):  ClientModeImpl$ConnectableState screen=off 0 0
08-08 04:45:59.822 D/wpa_supplicant( 1187): wlan0: BSS: Add new id 55 BSSID 34:3d:c4:f1:46:87 SSID 'Devlink-Buffalo1900-5G' freq 5220
08-08 04:45:59.822 D/WifiClientModeImpl[17690:wlan0](  741):  ClientModeImpl$ConnectableState screen=off 0 0
08-08 04:45:59.822 D/wpa_supplicant( 1187): wlan0: BSS: Add new id 56 BSSID be:fc:e7:32:2c:ee SSID 'AS_6' freq 5955
08-08 04:45:59.822 D/wpa_supplicant( 1187): wlan0: BSS: Add new id 57 BSSID bc:fc:e7:22:2c:ee SSID 'BDDE261C63DA4B894A6B9214B6BE23D2' freq 5955 MLD ADDR 02:fc:e7:22:2c:ec
08-08 04:45:59.822 D/wpa_supplicant( 1187): wlan0: BSS: Add new id 58 BSSID 3c:52:a1:54:20:33 SSID 'TP-Link_PFM1' freq 2442
08-08 04:45:59.822 D/wpa_supplicant( 1187): wlan0: BSS: Add new id 59 BSSID bc:fc:e7:22:2c:ec SSID 'BDDE261C63DA4B894A6B9214B6BE23D2' freq 2447 MLD ADDR 02:fc:e7:22:2c:ec
08-08 04:45:59.822 D/wpa_supplicant( 1187): wlan0: BSS: Add new id 60 BSSID be:fc:e7:12:2c:ec SSID 'AS_2' freq 2447
08-08 04:45:59.822 D/wpa_supplicant( 1187): wlan0: BSS: Add new id 61 BSSID 50:eb:f6:02:ea:80 SSID 'ASUS_80' freq 2432
08-08 04:45:59.822 D/wpa_supplicant( 1187): wlan0: BSS: Add new id 62 BSSID 3a:97:a4:64:cb:55 SSID 'elecom-s-64cb54' freq 2472
08-08 04:45:59.822 D/wpa_supplicant( 1187): wlan0: BSS: Add new id 63 BSSID 24:4b:fe:b6:b0:50 SSID 'Neu_vpn' freq 2457
08-08 04:45:59.822 D/wpa_supplicant( 1187): wlan0: BSS: Add new id 64 BSSID 38:97:a4:64:cb:55 SSID 'elecom-64cb54' freq 2472
08-08 04:45:59.823 D/wpa_supplicant( 1187): wlan0: BSS: Add new id 65 BSSID 6e:b2:27:22:da:1c SSID '' freq 5200
08-08 04:45:59.823 D/wpa_supplicant( 1187): wlan0: BSS: Add new id 66 BSSID c0:25:a2:df:54:7e SSID 'HyokaT-NEC_2.4GHz' freq 2427
08-08 04:45:59.823 D/WifiClientModeImpl[17690:wlan0](  741): setSuspendOptimizationsNative: 4 true -want true stack:setSuspendOptimizationsNative - -$$Nest$msetSuspendOptimizationsNative - processMessageImpl - processMessage
08-08 04:45:59.823 D/wpa_supplicant( 1187): wlan0: BSS: Add new id 67 BSSID ec:1a:59:5c:7b:f6 SSID 'IPv6_dual_2.4GHz' freq 2462
08-08 04:45:59.823 D/wpa_supplicant( 1187): wlan0: BSS: Add new id 68 BSSID d4:2c:46:c9:c9:1b SSID 'BaseApp-16F-6G-WPA3' freq 6275
08-08 04:45:59.823 D/wpa_supplicant( 1187): wlan0: BSS: Add new id 69 BSSID 1c:d1:e0:d5:75:02 SSID '' freq 2462
08-08 04:45:59.823 D/WifiClientModeImpl[17690:wlan0](  741): setSuspendOptimizationsNative do it 4 true stack:setSuspendOptimizationsNative - -$$Nest$msetSuspendOptimizationsNative - processMessageImpl - processMessage
08-08 04:45:59.823 D/wpa_supplicant( 1187): wlan0: BSS: Add new id 70 BSSID 6e:b2:27:7a:0a:c7 SSID '' freq 5240
08-08 04:45:59.823 D/wpa_supplicant( 1187): wlan0: BSS: Add new id 71 BSSID 6e:b2:27:ea:e1:0a SSID '' freq 5700
08-08 04:45:59.823 D/wpa_supplicant( 1187): wlan0: BSS: Add new id 72 BSSID 5a:52:8a:47:85:a2 SSID 'rs500m-47859f-2' freq 2412
08-08 04:45:59.823 D/wpa_supplicant( 1187): wlan0: BSS: Add new id 73 BSSID 60:84:bd:08:27:e8 SSID 'HyokaT-Free_Common' freq 2447
08-08 04:45:59.823 D/wpa_supplicant( 1187): wlan0: BSS: Add new id 74 BSSID 48:f8:b3:a5:e4:fe SSID 'Devlink_Linksys_2GHz' freq 2432
08-08 04:45:59.823 D/wpa_supplicant( 1187): wlan0: BSS: Add new id 75 BSSID 1c:b1:7f:e0:1d:3e SSID 'Aterm-WG1400HP_G' freq 2437
08-08 04:45:59.823 D/wpa_supplicant( 1187): wlan0: BSS: Add new id 76 BSSID 74:03:bd:d2:43:d0 SSID 'DevlinkBT16F_Buffalo24' freq 2422
08-08 04:45:59.823 D/wpa_supplicant( 1187): wlan0: BSS: Add new id 77 BSSID 34:3d:c4:f1:46:80 SSID 'Devlink-Buffalo1900-2G' freq 2452
08-08 04:45:59.823 D/wpa_supplicant( 1187): wlan0: BSS: Add new id 78 BSSID 60:84:bd:9e:81:78 SSID 'Buffalo-G-8178' freq 2422
08-08 04:45:59.823 D/wpa_supplicant( 1187): wlan0: BSS: Add new id 79 BSSID 18:c2:bf:f3:2e:48 SSID 'HyokaT-Buffalo-A_2.4GHz' freq 2427
08-08 04:45:59.823 D/wpa_supplicant( 1187): wlan0: BSS: Add new id 80 BSSID 80:22:a7:26:9c:66 SSID 'arch-16f-g' freq 2462
08-08 04:45:59.823 W/IE_Capabilities(  741): Unknown RSN cipher suite: 6ac0f00
08-08 04:45:59.823 D/wpa_supplicant( 1187): wlan0: BSS: Add new id 81 BSSID c0:25:a2:c9:2b:52 SSID 'devlink-aterm-wg1800hp2-2g' freq 2417
08-08 04:45:59.823 D/wpa_supplicant( 1187): wlan0: BSS: Add new id 82 BSSID a4:12:42:87:dc:2c SSID 'pr500m-d83173-1' freq 2462
08-08 04:45:59.823 D/wpa_supplicant( 1187): wlan0: BSS: Add new id 83 BSSID 58:52:8a:68:27:07 SSID 'PJINTEG-016-G-NotUserForCTS' freq 2412
08-08 04:45:59.823 W/IE_Capabilities(  741): Unknown RSN cipher suite: 6ac0f00
08-08 04:45:59.823 D/wpa_supplicant( 1187): wlan0: BSS: Add new id 84 BSSID a6:12:42:87:dc:2c SSID 'pr500m-d83173-2' freq 2462
08-08 04:45:59.823 D/wpa_supplicant( 1187): wlan0: BSS: Add new id 85 BSSID 60:32:b1:21:cb:24 SSID 'TP-Link_CB24' freq 2437
08-08 04:45:59.823 D/wpa_supplicant( 1187): wlan0: BSS: Add new id 86 BSSID 6e:b2:27:67:20:53 SSID 'SurroundMaster_69fafe' freq 5240
08-08 04:45:59.823 D/wpa_supplicant( 1187): wlan0: BSS: Add new id 87 BSSID e4:4e:2d:7c:28:8f SSID 'SWingS' freq 5320
08-08 04:45:59.823 D/wpa_supplicant( 1187): wlan0: BSS: Add new id 88 BSSID e4:4e:2d:7c:28:8b SSID 'SWing' freq 5320
08-08 04:45:59.824 D/wpa_supplicant( 1187): wlan0: BSS: Add new id 89 BSSID e4:4e:2d:7c:28:8d SSID '' freq 5320
08-08 04:45:59.824 D/wpa_supplicant( 1187): wlan0: BSS: Add new id 90 BSSID 1c:d1:e0:de:14:6d SSID '' freq 5540
08-08 04:45:59.824 D/wpa_supplicant( 1187): wlan0: BSS: Add new id 91 BSSID 1c:d1:e0:de:14:6f SSID 'SWingS' freq 5540
08-08 04:45:59.824 D/wpa_supplicant( 1187): wlan0: BSS: Add new id 92 BSSID 1c:d1:e0:de:14:6b SSID 'SWing' freq 5540
08-08 04:45:59.824 D/wpa_supplicant( 1187): wlan0: BSS: Add new id 93 BSSID e4:4e:2d:7d:82:2f SSID 'SWingS' freq 5580
08-08 04:45:59.824 D/wpa_supplicant( 1187): wlan0: BSS: Add new id 94 BSSID 08:10:86:c9:28:8b SSID 'aterm-61cef3-a' freq 5320
08-08 04:45:59.824 D/wpa_supplicant( 1187): wlan0: BSS: Add new id 95 BSSID e4:4e:2d:7d:82:2b SSID 'SWing' freq 5580
08-08 04:45:59.824 D/wpa_supplicant( 1187): wlan0: BSS: Add new id 96 BSSID 6e:b2:27:5c:05:7a SSID '' freq 5700
08-08 04:45:59.824 D/wpa_supplicant( 1187): wlan0: BSS: Add new id 97 BSSID 1c:d1:e0:e0:ed:2d SSID '' freq 5260
08-08 04:45:59.824 D/wpa_supplicant( 1187): wlan0: BSS: Add new id 98 BSSID 1c:d1:e0:e0:ed:2f SSID 'SWingS' freq 5260
08-08 04:45:59.824 D/wpa_supplicant( 1187): wlan0: BSS: Add new id 99 BSSID 1c:d1:e0:e0:ed:2b SSID 'SWing' freq 5260
08-08 04:45:59.824 D/wpa_supplicant( 1187): wlan0: BSS: Add new id 100 BSSID e4:4e:2d:76:f2:4f SSID 'SWingS' freq 5680
08-08 04:45:59.824 D/wpa_supplicant( 1187): wlan0: BSS: Add new id 101 BSSID e4:4e:2d:76:f2:4b SSID 'SWing' freq 5680
08-08 04:45:59.824 D/wpa_supplicant( 1187): wlan0: BSS: Add new id 102 BSSID e4:4e:2d:76:f2:4d SSID '' freq 5680
08-08 04:45:59.824 D/wpa_supplicant( 1187): wlan0: BSS: Add new id 103 BSSID 1c:3a:60:68:9f:ad SSID '' freq 5560
08-08 04:45:59.824 D/wpa_supplicant( 1187): wlan0: BSS: Add new id 104 BSSID 1e:b1:7f:2e:09:0b SSID 'aterm-8e5749-aw' freq 5220
08-08 04:45:59.824 D/wpa_supplicant( 1187): wlan0: BSS: Add new id 105 BSSID 2e:b1:7f:e0:1d:3e SSID 'Aterm-WG1400HP_GW' freq 2437
08-08 04:45:59.824 D/wpa_supplicant( 1187): wlan0: BSS: Add new id 106 BSSID e4:4e:2d:7c:49:0a SSID 'SWingCert-Enroll' freq 5540
08-08 04:45:59.824 D/wpa_supplicant( 1187): wlan0: BSS: Add new id 107 BSSID e4:4e:2d:7c:49:0c SSID 'EngN' freq 5540
08-08 04:45:59.824 D/CompatibilityChangeReporter( 2029): Compat change id reported: 242716250; UID 10202; state: ENABLED
08-08 04:45:59.824 D/wpa_supplicant( 1187): wlan0: BSS: Add new id 108 BSSID e4:4e:2d:7c:49:0e SSID 'GuestNet' freq 5540
08-08 04:45:59.824 D/wpa_supplicant( 1187): wlan0: BSS: Add new id 109 BSSID e4:4e:2d:7d:82:2e SSID 'GuestNet' freq 5580
08-08 04:45:59.824 D/wpa_supplicant( 1187): wlan0: BSS: Add new id 110 BSSID e4:4e:2d:a4:3b:2c SSID 'EngN' freq 5540
08-08 04:45:59.824 D/wpa_supplicant( 1187): wlan0: BSS: Add new id 111 BSSID e4:4e:2d:a4:3b:2e SSID 'GuestNet' freq 5540
08-08 04:45:59.824 D/wpa_supplicant( 1187): wlan0: BSS: Add new id 112 BSSID e4:4e:2d:a4:62:2c SSID 'EngN' freq 5560
08-08 04:45:59.824 D/wpa_supplicant( 1187): wlan0: BSS: Add new id 113 BSSID e4:4e:2d:64:30:ca SSID 'SWingCert-Enroll' freq 5660
08-08 04:45:59.825 D/wpa_supplicant( 1187): wlan0: BSS: Add new id 114 BSSID e4:4e:2d:a4:62:2e SSID 'GuestNet' freq 5560
08-08 04:45:59.825 D/wpa_supplicant( 1187): wlan0: BSS: Add new id 115 BSSID e4:4e:2d:7c:9c:ae SSID 'GuestNet' freq 5320
08-08 04:45:59.825 D/wpa_supplicant( 1187): wlan0: BSS: Add new id 116 BSSID e4:4e:2d:64:30:ce SSID 'GuestNet' freq 5660
08-08 04:45:59.825 D/wpa_supplicant( 1187): wlan0: BSS: Add new id 117 BSSID e4:4e:2d:a4:3b:2a SSID 'SWingCert-Enroll' freq 5540
08-08 04:45:59.825 D/wpa_supplicant( 1187): wlan0: BSS: Add new id 118 BSSID 1c:d1:e0:d5:75:03 SSID 'EngN' freq 2462
08-08 04:45:59.825 D/wpa_supplicant( 1187): wlan0: BSS: Add new id 119 BSSID e4:4e:2d:64:30:c1 SSID 'GuestNet' freq 2437
08-08 04:45:59.825 D/wpa_supplicant( 1187): wlan0: BSS: Add new id 120 BSSID fa:8f:ca:7f:51:36 SSID 'JBL Bar 5.0_64A8.l041' freq 2452
08-08 04:45:59.825 D/wpa_supplicant( 1187): wlan0: BSS: Add new id 121 BSSID 60:38:e0:55:f4:87 SSID 'belkin.484.guests' freq 2457
08-08 04:45:59.825 D/wpa_supplicant( 1187): wlan0: BSS: Add new id 122 BSSID fa:8f:ca:5d:8c:39 SSID 'STR-AN1000.h056,' freq 2437
08-08 04:45:59.825 D/wpa_supplicant( 1187): wlan0: BSS: Add new id 123 BSSID e4:4e:2d:a4:62:2a SSID 'SWingCert-Enroll' freq 5560
08-08 04:45:59.825 D/wpa_supplicant( 1187): wlan0: BSS: Add new id 124 BSSID e4:4e:2d:7c:9c:aa SSID 'SWingCert-Enroll' freq 5320
08-08 04:45:59.825 D/wpa_supplicant( 1187): wlan0: BSS: Add new id 125 BSSID e4:4e:2d:7c:9c:ac SSID 'EngN' freq 5320
08-08 04:45:59.825 W/IE_Capabilities(  741): Unknown RSN cipher suite: 6ac0f00
08-08 04:45:59.825 D/wpa_supplicant( 1187): wlan0: BSS: Add new id 126 BSSID e4:4e:2d:7c:28:8c SSID 'EngN' freq 5320
08-08 04:45:59.825 D/wpa_supplicant( 1187): wlan0: BSS: Add new id 127 BSSID e4:4e:2d:7c:28:8a SSID 'SWingCert-Enroll' freq 5320
08-08 04:45:59.825 D/wpa_supplicant( 1187): wlan0: BSS: Add new id 128 BSSID e4:4e:2d:7c:28:8e SSID 'GuestNet' freq 5320
08-08 04:45:59.825 W/IE_Capabilities(  741): Unknown RSN cipher suite: 6ac0f00
08-08 04:45:59.825 D/wpa_supplicant( 1187): wlan0: BSS: Add new id 129 BSSID 1c:d1:e0:de:14:6a SSID 'SWingCert-Enroll' freq 5540
08-08 04:45:59.825 D/wpa_supplicant( 1187): wlan0: BSS: Add new id 130 BSSID 1c:d1:e0:de:14:6c SSID 'EngN' freq 5540
08-08 04:45:59.825 D/wpa_supplicant( 1187): wlan0: BSS: Add new id 131 BSSID 1c:d1:e0:de:14:6e SSID 'GuestNet' freq 5540
08-08 04:45:59.825 D/wpa_supplicant( 1187): wlan0: BSS: Add new id 132 BSSID e4:4e:2d:7d:82:2a SSID 'SWingCert-Enroll' freq 5580
08-08 04:45:59.825 D/wpa_supplicant( 1187): wlan0: BSS: Add new id 133 BSSID e4:4e:2d:7d:82:2c SSID 'EngN' freq 5580
08-08 04:45:59.826 D/wpa_supplicant( 1187): wlan0: BSS: Add new id 134 BSSID 1c:d1:e0:e0:ed:2a SSID 'SWingCert-Enroll' freq 5260
08-08 04:45:59.826 D/wpa_supplicant( 1187): wlan0: BSS: Add new id 135 BSSID 1c:d1:e0:e0:ed:2c SSID 'EngN' freq 5260
08-08 04:45:59.826 D/wpa_supplicant( 1187): wlan0: BSS: Add new id 136 BSSID 1c:d1:e0:e0:ed:2e SSID 'GuestNet' freq 5260
08-08 04:45:59.826 D/wpa_supplicant( 1187): wlan0: BSS: Add new id 137 BSSID e4:4e:2d:76:f2:4e SSID 'GuestNet' freq 5680
08-08 04:45:59.826 D/wpa_supplicant( 1187): BSS: last_scan_res_used=138/256
08-08 04:45:59.826 D/wpa_supplicant( 1187): wlan0: New scan results available (own=0 ext=1)
08-08 04:45:59.826 D/wpa_supplicant( 1187): wlan0: Do not use results from externally requested scan operation for network selection
08-08 04:45:59.826 D/wpa_supplicant( 1187): wpa_driver_nl80211_driver_cmd cmd:SETSUSPENDMODE 1
08-08 04:45:59.826 D/WifiClientModeImpl[17690:wlan0](  741):  ClientModeImpl$ConnectableState screen=off 1 0
08-08 04:45:59.827 I/ServiceWatcher(  741): [network] chose new implementation 10123/com.google.android.gms/com.google.android.location.network.NetworkLocationService@2
08-08 04:45:59.827 D/Zygote  (  405): Forked child process 2194
08-08 04:45:59.827 I/ServiceWatcher(  741): [fused] chose new implementation 10123/com.google.android.gms/com.google.android.location.fused.FusedLocationService@1
08-08 04:45:59.827 W/ActivityManager(  741): Slow operation: 536ms so far, now at startProcess: returned from zygote!
08-08 04:45:59.828 D/PqRepositoryService(  741): [getPqParams] packgeName: com.android.providers.media.module session:null
08-08 04:45:59.830 W/IE_Capabilities(  741): Unknown RSN cipher suite: 6ac0f00
08-08 04:45:59.832 D/wpa_supplicant( 1187): wpa_driver_nl80211_driver_cmd cmd:BTCOEXSCAN-STOP
08-08 04:45:59.833 D/WifiClientModeImpl[17690:wlan0](  741):  ClientModeImpl$ConnectableState screen=off 0 0
08-08 04:45:59.834 W/IE_Capabilities(  741): Unknown RSN cipher suite: 6ac0f00
08-08 04:45:59.834 W/IE_Capabilities(  741): Unknown RSN cipher suite: 6ac0f00
08-08 04:45:59.836 W/IE_Capabilities(  741): Unknown RSN cipher suite: 6ac0f00
08-08 04:45:59.839 D/CompatibilityChangeReporter(  741): Compat change id reported: 170503758; UID 10202; state: ENABLED
08-08 04:45:59.842 D/CompatibilityChangeReporter(  741): Compat change id reported: 168419799; UID 10161; state: DISABLED
08-08 04:45:59.842 D/CompatibilityChangeReporter(  741): Compat change id reported: 273564678; UID 10161; state: DISABLED
08-08 04:45:59.848 W/ActivityManager(  741): Slow operation: 557ms so far, now at startProcess: done updating battery stats
08-08 04:45:59.848 W/ActivityManager(  741): Slow operation: 557ms so far, now at startProcess: building log message
08-08 04:45:59.848 I/ActivityManager(  741): Start proc 2194:com.dolby.android.audio.service/u0a217 for broadcast {com.dolby.android.audio.service/com.dolby.android.audio.service.DolbyAudioServiceBooter}
08-08 04:45:59.848 W/ActivityManager(  741): Slow operation: 557ms so far, now at startProcess: starting to update pids map
08-08 04:45:59.849 W/ActivityManager(  741): Slow operation: 557ms so far, now at startProcess: done updating pids map
08-08 04:45:59.849 W/ActivityManager(  741): Slow operation: 494ms so far, now at startProcess: asking zygote to start proc
08-08 04:45:59.849 D/CompatibilityChangeReporter(  741): Compat change id reported: 143937733; UID 10176; state: ENABLED
08-08 04:45:59.855 D/CompatibilityChangeReporter(  741): Compat change id reported: 161145287; UID 1000; state: ENABLED
08-08 04:45:59.856 D/CompatibilityChangeReporter(  741): Compat change id reported: 161145287; UID 1000; state: DISABLED
08-08 04:45:59.863 D/CompatibilityChangeReporter(  741): Compat change id reported: 168419799; UID 10174; state: DISABLED
08-08 04:45:59.863 D/WifiNative(  741): get 138 scan results from wificond
08-08 04:45:59.864 D/CompatibilityChangeReporter(  741): Compat change id reported: 273564678; UID 10174; state: DISABLED
08-08 04:45:59.868 D/nativeloader( 2029): Configuring clns-shared-4 for other apk /system_ext/framework/com.sony.dtv.network.jar. target_sdk_version=34, uses_libraries=ALL, library_path=/system_ext/priv-app/VendorProtocol/lib/arm:/system/lib:/system_ext/lib, permitted_path=/data:/mnt/expand:/data/user/0/com.sony.dtv.b2b.vendorprotocol:/system_ext/priv-app/VendorProtocol:/system/lib:/system_ext/lib
08-08 04:45:59.868 D/nativeloader( 2029): Extending system_exposed_libraries: libimagedecoder.sony.so
08-08 04:45:59.866 I/d.audio.service( 2194): Using CollectorTypeCC GC.
08-08 04:45:59.882 W/Looper  (  741): Drained
08-08 04:45:59.883 E/d.audio.service( 2194): Not starting debugger since process cannot load the jdwp agent.
08-08 04:45:59.884 D/BluetoothManagerService(  741): Bluetooth Adapter address changed to CC:5E:F8:20:E3:F8
08-08 04:45:59.884 D/BluetoothManagerService(  741): Stored Bluetoothaddress: CC:5E:F8:20:E3:F8
08-08 04:45:59.884 D/BluetoothManagerService(  741): Bluetooth Adapter name changed to GoogleTV1493 by android
08-08 04:45:59.884 D/BluetoothManagerService(  741): Stored Bluetooth name: GoogleTV1493
08-08 04:45:59.887 D/CompatibilityChangeReporter( 2041): Compat change id reported: 171979766; UID 10161; state: ENABLED
08-08 04:45:59.887 D/CompatibilityChangeReporter( 2041): Compat change id reported: 242716250; UID 10161; state: DISABLED
08-08 04:45:59.888 I/adbd    (  728): jdwp connection from 2136
08-08 04:45:59.890 I/ServiceWatcher(  741): [fused] disconnected from 1000/com.android.location.fused/.FusedLocationService@0
08-08 04:45:59.894 D/CompatibilityChangeReporter(  741): Compat change id reported: 168419799; UID 10233; state: DISABLED
08-08 04:45:59.894 D/CompatibilityChangeReporter(  741): Compat change id reported: 273564678; UID 10233; state: DISABLED
08-08 04:45:59.898 D/CompatibilityChangeReporter(  741): Compat change id reported: 168419799; UID 10126; state: DISABLED
08-08 04:45:59.898 D/CompatibilityChangeReporter(  741): Compat change id reported: 273564678; UID 10126; state: DISABLED
08-08 04:45:59.901 D/CompatibilityChangeReporter(  741): Compat change id reported: 168419799; UID 1000; state: DISABLED
08-08 04:45:59.901 D/CompatibilityChangeReporter(  741): Compat change id reported: 273564678; UID 1000; state: DISABLED
08-08 04:45:59.903 I/ServiceWatcher(  741): [GeocoderProxy] chose new implementation 10123/com.google.android.gms/.location.geocode.GeocodeService@2
08-08 04:45:59.903 I/ServiceWatcher(  741): [HardwareActivityRecognitionProxy] chose new implementation 10123/com.google.android.gms/com.google.android.location.internal.server.HardwareArProviderService@1
08-08 04:45:59.905 D/wpa_supplicant( 1187): wpa_driver_nl80211_driver_cmd cmd:BTCOEXSCAN-STOP
08-08 04:45:59.905 D/WifiClientModeImpl[17690:wlan0](  741):  ClientModeImpl$ConnectableState screen=off 0 0
08-08 04:45:59.906 D/CompatibilityChangeReporter(  741): Compat change id reported: 168419799; UID 10225; state: DISABLED
08-08 04:45:59.906 D/CompatibilityChangeReporter(  741): Compat change id reported: 273564678; UID 10225; state: DISABLED
08-08 04:45:59.908 D/CompatibilityChangeReporter( 2136): Compat change id reported: 171979766; UID 10126; state: ENABLED
08-08 04:45:59.908 D/CompatibilityChangeReporter( 2136): Compat change id reported: 242716250; UID 10126; state: ENABLED
08-08 04:45:59.909 D/CompatibilityChangeReporter(  741): Compat change id reported: 265195908; UID 10199; state: ENABLED
08-08 04:45:59.911 D/CompatibilityChangeReporter( 2100): Compat change id reported: 171979766; UID 10225; state: ENABLED
08-08 04:45:59.912 D/CompatibilityChangeReporter( 2100): Compat change id reported: 242716250; UID 10225; state: ENABLED
08-08 04:45:59.913 D/CompatibilityChangeReporter( 2132): Compat change id reported: 171979766; UID 10233; state: ENABLED
08-08 04:45:59.913 D/CompatibilityChangeReporter( 2132): Compat change id reported: 242716250; UID 10233; state: ENABLED
08-08 04:45:59.916 D/CompatibilityChangeReporter(  741): Compat change id reported: 265195908; UID 10233; state: ENABLED
08-08 04:45:59.916 D/CompatibilityChangeReporter(  741): Compat change id reported: 170503758; UID 10233; state: ENABLED
08-08 04:45:59.917 D/CompatibilityChangeReporter(  741): Compat change id reported: 265195908; UID 10225; state: ENABLED
08-08 04:45:59.917 D/CompatibilityChangeReporter(  741): Compat change id reported: 265195908; UID 10218; state: ENABLED
08-08 04:45:59.918 D/CompatibilityChangeReporter(  741): Compat change id reported: 265195908; UID 10217; state: ENABLED
08-08 04:45:59.918 D/CompatibilityChangeReporter(  741): Compat change id reported: 265195908; UID 10212; state: ENABLED
08-08 04:45:59.918 D/CompatibilityChangeReporter(  741): Compat change id reported: 265195908; UID 10202; state: ENABLED
08-08 04:45:59.919 D/CompatibilityChangeReporter(  741): Compat change id reported: 265195908; UID 10176; state: ENABLED
08-08 04:45:59.922 D/CompatibilityChangeReporter( 2121): Compat change id reported: 171979766; UID 1000; state: ENABLED
08-08 04:45:59.922 D/CompatibilityChangeReporter( 2121): Compat change id reported: 242716250; UID 1000; state: DISABLED
08-08 04:45:59.922 D/CompatibilityChangeReporter(  741): Compat change id reported: 265195908; UID 10174; state: ENABLED
08-08 04:45:59.923 D/CompatibilityChangeReporter(  741): Compat change id reported: 265195908; UID 10126; state: ENABLED
08-08 04:45:59.924 D/CompatibilityChangeReporter(  741): Compat change id reported: 265195908; UID 10064; state: ENABLED
08-08 04:45:59.926 D/Zygote  (  405): Forked child process 2232
08-08 04:45:59.926 W/ActivityManager(  741): Slow operation: 572ms so far, now at startProcess: returned from zygote!
08-08 04:45:59.926 W/ActivityManager(  741): Slow operation: 572ms so far, now at startProcess: done updating battery stats
08-08 04:45:59.927 W/ActivityManager(  741): Slow operation: 572ms so far, now at startProcess: building log message
08-08 04:45:59.927 I/ActivityManager(  741): Start proc 2232:com.sony.dtv.irbservice/u0a176 for content provider {com.sony.dtv.irbservice/com.sony.dtv.irbservice.IrbServiceShareData}
08-08 04:45:59.927 W/ActivityManager(  741): Slow operation: 573ms so far, now at startProcess: starting to update pids map
08-08 04:45:59.927 W/ActivityManager(  741): Slow operation: 573ms so far, now at startProcess: done updating pids map
08-08 04:45:59.927 W/ActivityManager(  741): Slow operation: 562ms so far, now at startProcess: asking zygote to start proc
08-08 04:45:59.928 D/CompatibilityChangeReporter(  741): Compat change id reported: 143937733; UID 10064; state: ENABLED
08-08 04:45:59.930 I/ActivityManager(  741): Flag disabled. Ignoring finishAttachApplication from uid: 1000. pid: 1875
08-08 04:45:59.931 D/CompatibilityChangeReporter(  741): Compat change id reported: 168419799; UID 10212; state: DISABLED
08-08 04:45:59.931 D/CompatibilityChangeReporter(  741): Compat change id reported: 273564678; UID 10212; state: DISABLED
08-08 04:45:59.937 D/nativeloader( 2029): Configuring clns-shared-5 for other apk /system_ext/priv-app/VendorProtocol/VendorProtocol.apk. target_sdk_version=34, uses_libraries=, library_path=/system_ext/priv-app/VendorProtocol/lib/arm:/system/lib:/system_ext/lib, permitted_path=/data:/mnt/expand:/data/user/0/com.sony.dtv.b2b.vendorprotocol:/system_ext/priv-app/VendorProtocol:/system/lib:/system_ext/lib
08-08 04:45:59.942 D/CompatibilityChangeReporter( 2075): Compat change id reported: 171979766; UID 10212; state: ENABLED
08-08 04:45:59.942 D/CompatibilityChangeReporter( 2075): Compat change id reported: 242716250; UID 10212; state: ENABLED
08-08 04:45:59.943 D/Zygote  (  405): Forked child process 2233
08-08 04:45:59.943 W/ActivityManager(  741): Slow operation: 578ms so far, now at startProcess: returned from zygote!
08-08 04:45:59.945 W/ActivityManager(  741): Slow operation: 580ms so far, now at startProcess: done updating battery stats
08-08 04:45:59.945 W/ActivityManager(  741): Slow operation: 580ms so far, now at startProcess: building log message
08-08 04:45:59.945 I/ActivityManager(  741): Start proc 2233:com.android.providers.tv/u0a64 for content provider {com.android.providers.tv/com.android.providers.tv.TvProvider}
08-08 04:45:59.945 W/ActivityManager(  741): Slow operation: 580ms so far, now at startProcess: starting to update pids map
08-08 04:45:59.946 W/ActivityManager(  741): Slow operation: 581ms so far, now at startProcess: done updating pids map
08-08 04:45:59.946 W/ActivityManager(  741): Slow operation: 460ms so far, now at startProcess: asking zygote to start proc
08-08 04:45:59.946 D/CompatibilityChangeReporter(  741): Compat change id reported: 143937733; UID 10218; state: ENABLED
08-08 04:45:59.952 D/CompatibilityChangeReporter(  741): Compat change id reported: 168419799; UID 10217; state: DISABLED
08-08 04:45:59.953 D/CompatibilityChangeReporter(  741): Compat change id reported: 273564678; UID 10217; state: DISABLED
08-08 04:45:59.958 D/CompatibilityChangeReporter(  741): Compat change id reported: 170503758; UID 10212; state: ENABLED
08-08 04:45:59.961 I/ActivityManager(  741): Background started FGS: Allowed [callingPackage: com.google.android.tv.remote.service; callingUid: 10089; uidState: BFGS; uidBFSL: [BFSL]; intent: Intent { cmp=com.google.android.tv.remote.service/.RemoteService }; code:BACKGROUND_ACTIVITY_PERMISSION; tempAllowListReason:<null>; targetSdkVersion:35; callerTargetSdkVersion:35; startForegroundCount:0; bindFromPackage:null: isBindService:false]
08-08 04:45:59.963 I/id.providers.tv( 2233): Using CollectorTypeCC GC.
08-08 04:45:59.964 D/CompatibilityChangeReporter(  741): Compat change id reported: 170503758; UID 10225; state: ENABLED
08-08 04:45:59.968 D/CompatibilityChangeReporter(  741): Compat change id reported: 170503758; UID 10126; state: ENABLED
08-08 04:45:59.970 D/CompatibilityChangeReporter(  741): Compat change id reported: 135634846; UID 10097; state: DISABLED
08-08 04:45:59.971 D/CompatibilityChangeReporter(  741): Compat change id reported: 177438394; UID 10097; state: DISABLED
08-08 04:45:59.971 D/CompatibilityChangeReporter(  741): Compat change id reported: 135772972; UID 10097; state: DISABLED
08-08 04:45:59.971 D/CompatibilityChangeReporter(  741): Compat change id reported: 135754954; UID 10097; state: ENABLED
08-08 04:45:59.972 W/ziparchive( 2136): Unable to open '/system_ext/framework/com.android.libraries.tv.tvsystem.dm': No such file or directory
08-08 04:45:59.972 W/ziparchive( 2136): Unable to open '/system_ext/framework/com.android.libraries.tv.tvsystem.dm': No such file or directory
08-08 04:45:59.974 D/nativeloader( 2136): Configuring clns-4 for other apk /system_ext/framework/com.android.libraries.tv.tvsystem.jar. target_sdk_version=36, uses_libraries=ALL, library_path=/data/app/~~kAEHmVp4LUFsxcdC23_97g==/com.google.android.apps.tv.launcherx-bMdp0qM2eMLtO2xZAkAdDg==/lib/arm:/data/app/~~kAEHmVp4LUFsxcdC23_97g==/com.google.android.apps.tv.launcherx-bMdp0qM2eMLtO2xZAkAdDg==/base.apk!/lib/armeabi-v7a:/data/app/~~kAEHmVp4LUFsxcdC23_97g==/com.google.android.apps.tv.launcherx-bMdp0qM2eMLtO2xZAkAdDg==/split_config.armeabi_v7a.apk!/lib/armeabi-v7a:/data/app/~~kAEHmVp4LUFsxcdC23_97g==/com.google.android.apps.tv.launcherx-bMdp0qM2eMLtO2xZAkAdDg==/split_config.en.apk!/lib/armeabi-v7a:/data/app/~~kAEHmVp4LUFsxcdC23_97g==/com.google.android.apps.tv.launcherx-bMdp0qM2eMLtO2xZAkAdDg==/split_config.xhdpi.apk!/lib/armeabi-v7a, permitted_path=/data:/mnt/expand:/data/user/0/com.google.android.apps.tv.launcherx
08-08 04:45:59.974 D/nativeloader( 2136): Extending system_exposed_libraries: libimagedecoder.sony.so
08-08 04:45:59.976 D/AbstractExternalInputService( 1875): onCreate, mResolveInfo: ResolveInfo{768ebff com.mediatek.external/.HdmiInputService m=0x0 userHandle=null}
08-08 04:45:59.978 D/Zygote  (  405): Forked child process 2239
08-08 04:45:59.979 W/ActivityManager(  741): Slow operation: 492ms so far, now at startProcess: returned from zygote!
08-08 04:45:59.979 W/ActivityManager(  741): Slow operation: 492ms so far, now at startProcess: done updating battery stats
08-08 04:45:59.979 W/ActivityManager(  741): Slow operation: 492ms so far, now at startProcess: building log message
08-08 04:45:59.979 I/ActivityManager(  741): Start proc 2239:com.sony.huey.dlna.module/u0a218 for service {com.sony.huey.dlna.module/com.sony.huey.dlna.UpnpServiceCp}
08-08 04:45:59.979 W/ActivityManager(  741): Slow operation: 492ms so far, now at startProcess: starting to update pids map
08-08 04:45:59.979 W/ActivityManager(  741): Slow operation: 493ms so far, now at startProcess: done updating pids map
08-08 04:45:59.979 W/ActivityManager(  741): Slow operation: 257ms so far, now at startProcess: asking zygote to start proc
08-08 04:45:59.979 D/CompatibilityChangeReporter(  741): Compat change id reported: 143937733; UID 10110; state: ENABLED
08-08 04:45:59.982 D/MediaCodec( 1864): notifyMediaStatistics hash (0)
08-08 04:45:59.983 W/ResourceManagerMetrics(  780): notifyClientStopped: Start Config is missing!
08-08 04:45:59.984 D/MediaCodec( 1864): notifyMediaStatistics hash (0)
08-08 04:45:59.985 D/CCodecBufferChannel( 1864): Stop, waiting input(0) and output*(0) queue empty ...
08-08 04:45:59.985 D/CCodecBufferChannel( 1864): input queue empty
08-08 04:45:59.985 D/CCodecBufferChannel( 1864): output queue empty
08-08 04:45:59.985 D/PqApplier( 1864): [close] non aware callback has removed, list.size()=0
08-08 04:45:59.986 E/PqRepositoryService(  741): [startSession] non pq aware app not remove key
08-08 04:45:59.986 I/TranscodeHelper( 1864): Device HDR Plugin is available: false
08-08 04:45:59.987 I/TranscodeHelper( 1864): Empty transcode compat stale
08-08 04:45:59.987 I/TranscodeHelper( 1864): Parsed 0 packages from resource
08-08 04:45:59.987 I/TranscodeHelper( 1864): Parsed 8 packages from device config
08-08 04:45:59.988 D/EcoDataCollectorModule( 1498): #getName: EcoDataCollectorModule
08-08 04:45:59.988 D/EcoDataCollectorModule( 1498): #initForDirectBoot:
08-08 04:45:59.988 I/[SSS-BtRcManager] ( 1498): BtRcManagerModule.initForDirectBoot() >> (BtRcManagerModule.java:97)
08-08 04:45:59.989 I/SSS_Accessibility( 1498): [AccessibilityModule] initForDirectBoot | isBootCompleted=false
08-08 04:45:59.990 V/NotificationAssistants(  741): disabling notification assistant for user 0: ComponentInfo{com.google.android.ext.services/android.ext.services.notification.Assistant}
08-08 04:45:59.990 D/NotificationListeners(  741): Removing active service ComponentInfo{com.google.android.ext.services/android.ext.services.notification.Assistant}
08-08 04:45:59.995 D/CompatibilityChangeReporter(  741): Compat change id reported: 161145287; UID 10253; state: ENABLED
08-08 04:46:00.002 W/ContextImpl( 1875): Calling a method in the system process without a qualified user: android.app.ContextImpl.bindService:1988 android.content.ContextWrapper.bindService:861 com.mediatek.external.HdmiInputService.initService:575 com.mediatek.aowtis.AbstractExternalInputService.onCreate:129 com.mediatek.external.HdmiInputService.onCreate:628 
08-08 04:46:00.003 V/MediaStore( 1864): Examining volume emulated;0 with name external_primary and state checking
08-08 04:46:00.006 D/CompatibilityChangeReporter(  741): Compat change id reported: 170503758; UID 10161; state: ENABLED
08-08 04:46:00.006 V/GraphicsEnvironment( 1899): Currently set values for:
08-08 04:46:00.007 V/GraphicsEnvironment( 1899):   angle_gl_driver_selection_pkgs=[]
08-08 04:46:00.007 V/GraphicsEnvironment( 1899):   angle_gl_driver_selection_values=[]
08-08 04:46:00.008 E/id.providers.tv( 2233): Not starting debugger since process cannot load the jdwp agent.
08-08 04:46:00.010 D/CompatibilityChangeReporter(  741): Compat change id reported: 170668199; UID 10089; state: ENABLED
08-08 04:46:00.010 D/nativeloader( 2075): Configuring clns-shared-4 for other apk /vendor/framework/vendor.sony.hardware.productConfig-V1-java.jar. target_sdk_version=34, uses_libraries=ALL, library_path=/system_ext/app/AirPlayApp/lib/arm:/system_ext/app/AirPlayApp/AirPlayApp.apk!/lib/armeabi-v7a:/system/lib:/system_ext/lib, permitted_path=/data:/mnt/expand:/data/user/0/com.sony.dtv.airplayapp:/system_ext/app/AirPlayApp:/system/lib:/system_ext/lib
08-08 04:46:00.010 D/nativeloader( 2075): Extending system_exposed_libraries: libimagedecoder.sony.so
08-08 04:46:00.014 I/uey.dlna.module( 2239): Using CollectorTypeCC GC.
08-08 04:46:00.016 V/NotificationAssistants(  741): enabling notification assistant for 0: ComponentInfo{com.google.android.ext.services/android.ext.services.notification.Assistant}
08-08 04:46:00.017 D/C2MtkComponent(  589): [0xEEB848D0] release
08-08 04:46:00.017 D/C2MtkVdecTv(  589): [0] onRelease: [onRelease]in, hwSyncId:0 mInternalTunnel:0 mInputSource:MM mVideoSwitchFreeze:1
08-08 04:46:00.018 D/C2MtkVdecTv(  589): [0] onRelease: [onRelease]waiting disconnect tpc pipeline
08-08 04:46:00.018 D/C2MtkVdecTv(  589): [0] disconnectPipeline: [L12742][disconnectPipeline]
08-08 04:46:00.018 D/C2MtkVdecTv(  589): [0] onRelease: [onRelease]disconnect tpc pipeline done, waiting postprocess
08-08 04:46:00.018 D/C2MtkVdecTv(  589): [0] onRelease: [onRelease] postprocess done
08-08 04:46:00.018 D/C2MtkVdecTv(  589): [0] onRelease: PqLink stream off
08-08 04:46:00.018 D/C2MtkVdecTv(  589): [0] onRelease: TunerLink closed
08-08 04:46:00.018 D/C2MtkVdecTv(  589): [0] onRelease: mVCodec destroy done
08-08 04:46:00.018 D/C2MtkVdecTv(  589): [0] onRelease: Sideband(tunnel:0) flush done. (mHasSetDispLinkId:0, mVideoSwitchFreeze:1)
08-08 04:46:00.018 D/C2MtkVdecTv(  589): [0] onRelease: DisplinkClient setCmd done
08-08 04:46:00.019 D/CompatibilityChangeReporter(  741): Compat change id reported: 265195908; UID 10230; state: ENABLED
08-08 04:46:00.021 D/C2MtkVdecTv(  589): [0] onRelease: Cancel vdec iommu pool done
08-08 04:46:00.021 D/C2MtkVdecTv(  589): [0] onRelease: Buffer manager stop done
08-08 04:46:00.021 D/C2MtkVdecTv(  589): [0] onRelease: Temp buffer unbind and clear, and postPqOutBuffer clear stop done
08-08 04:46:00.021 E/uey.dlna.module( 2239): Not starting debugger since process cannot load the jdwp agent.
08-08 04:46:00.021 W/C2MtkTvDVRM(  589): [0] [releaseResource] stream 0 was NOT registered.
08-08 04:46:00.021 D/C2MtkVdecTv(  589): [0] onRelease: Release DV resource done
08-08 04:46:00.021 W/C2MtkVdecTv(  589): [0] [L12652][disconnectDispLink] dispLinkId:0 isAdi:0, mHasPlayTo:0, bDispLinkConnected:0, no need to disconnect
08-08 04:46:00.021 D/C2MtkVdecTv(  589): [0] onRelease: Disconnect DispLink done
08-08 04:46:00.021 I/C2BwManager(  589): [setCmd] [0] setcmd from ext RELEASE
08-08 04:46:00.021 I/C2BwManager(  589): [setCommitInfoChange] Trigger BWM by SOURCE_RELEASE_WTIHOUT_SOURCETABLE
08-08 04:46:00.021 V/NotificationAssistants(  741): binding: Intent { act=android.service.notification.NotificationAssistantService cmp=com.google.android.ext.services/android.ext.services.notification.Assistant (has extras) }
08-08 04:46:00.021 I/DispService(  626): [Mediator][commitInfoChange] chip pqHalType default hdr HDR10
08-08 04:46:00.022 I/DispService(  626): [Mediator][commitInfoChange] [0] chip pqHalType support hdr Dolby
08-08 04:46:00.022 I/DispService(  626): [Mediator][commitInfoChange] [1] chip pqHalType support hdr HDR10
08-08 04:46:00.022 I/DispService(  626): [Mediator][commitInfoChange] [2] chip pqHalType support hdr HLG
08-08 04:46:00.022 I/DispService(  626): [Mediator][commitInfoChange] [3] chip pqHalType support hdr HDRVIVID
08-08 04:46:00.022 I/DispService(  626): [Mediator][commitInfoChange] begin !!!!!
08-08 04:46:00.022 I/DispService(  626): [Mediator][commitInfoChange] additionInfo[0]: str 0, actId 0, act 102 (DESTROY_STREAM), generation 0
08-08 04:46:00.022 I/DispService(  626): [Mediator][commitInfoChange] additionInfo[0] DESTROY_STREAM : str 0
08-08 04:46:00.022 I/DispService(  626): [Mediator][commitInfoChange] AcrossDomainTransition 1, renderInfo.size 0, dispLinkIdTable.size 0
08-08 04:46:00.022 E/RENDER  (  626): _MI_PNLSETTINGS_LookupFrcTable[1269] Invalid window id
08-08 04:46:00.022 I/RENDER  (  626): [_MI_PNLSETTINGS_LookupFrcTable][1304] bMainWin:0, WinId:0, DLG[Caps:0][Enable:0], SuperFrmae[Caps:0][Enable:0], Framesync[0], BaseFramerate[60000], InputFps[0], InputSignalStatus[0], Output: 3840 X 2160
08-08 04:46:00.023 W/libc    (  626): Access denied finding property "renderparams.debug.modeid"
08-08 04:46:00.023 I/RENDER  (  626): MI_RENDER_CUST_PNLSETTINGS_PRE_PROCESS[364] Start MI_RENDER_CUST_PNLSETTINGS_PRE_PROCESS
08-08 04:46:00.023 I/RENDER  (  626): MI_RENDER_CUST_PNLSETTINGS_PRE_PROCESS_DONE[404] Start MI_RENDER_CUST_PNLSETTINGS_PRE_PROCESS_DONE
08-08 04:46:00.023 I/RENDER  (  626): MI_RENDER_CUST_PNLSETTINGS_MODE_CHANGE[437] Start MI_RENDER_CUST_PNLSETTINGS_MODE_CHANGE
08-08 04:46:00.023 I/RENDER  (  626): MI_RENDER_CUST_PNLSETTINGS_MODE_CHANGE_DONE[469] Start MI_RENDER_CUST_PNLSETTINGS_MODE_CHANGE_DONE
08-08 04:46:00.023 I/DispService(  626): [Mediator][notifyC2BwAsync] action[0]: ActionInfo{streamUniqueId: 0, actionIndex: 0, action: DESTROY_STREAM, dispModeInfo: DispModeInfo{pqMode: EN_DISP_MODE_BUFFER_NUM, lowLatency: false, pqVrrType: EN_PQ_NVRR, eDispHwPath: EN_DISP_XC_PATH, bNeedDisableCompress: false}, generation: 0, pqConfig: PqConfig{pqLevel: PQ_LEVEL_BEST, configAisr: false, panelInfo: ST_PANEL_INFO{width: 0, height: 0, maxFPS: 0}, configAipq: 0}, forceMultiVideoFormat: false}
08-08 04:46:00.024 I/DispService(  626): [Mediator][commitInfoChange] [commitInfoChange] end !!!!! (renderTableSize 0)
08-08 04:46:00.024 I/C2BwManager(  589): [notifyAsync] DISP_CONFIG_DECIDED (0)
08-08 04:46:00.024 I/C2BwManager(  589): [notifyAsync] erase ID:(0) in mediator table
08-08 04:46:00.024 D/C2MtkVdecTv(  589): [0] onRelease: [onRelease]wait mReleaseCond...
08-08 04:46:00.024 I/MEDIATOR_AIDL(  627): Recieve reportC2Info
08-08 04:46:00.025 I/MEDIATOR_AIDL(  627): [Stage][1/8] recieve reportC2Info event
08-08 04:46:00.025 I/MEDIATOR_AIDL(  627): [Stage][2/8] get render table
08-08 04:46:00.025 I/MEDIATOR_AIDL(  627): [Stage][3/8] Prepare pq table and pq bw budget
08-08 04:46:00.025 V/<MI3>   (  627): <INFO>[MI_BW] MI_BW_ReportScenario
08-08 04:46:00.025 I/MEDIATOR_AIDL(  627): [Stage][6/8] notify c2 excute
08-08 04:46:00.025 I/C2BwManager(  589): [notifyExecute] notifyExecute, size:0
08-08 04:46:00.026 D/C2MtkVdecTv(  589): [0] onRelease: [onRelease]wait mReleaseCond done
08-08 04:46:00.026 D/C2MtkVdecTv(  589): [0] onRelease: [onRelease]close mTaskLooper
08-08 04:46:00.026 D/C2MtkVdecTv(  589): [0] onRelease: [onRelease]remove sideband...
08-08 04:46:00.026 D/C2MtkVdecTv(  589): [0] onRelease: [onRelease]remove sideband done
08-08 04:46:00.026 I/MEDIATOR_AIDL(  627): [Stage][7/8] notify c2 finish
08-08 04:46:00.026 D/C2MtkVdecTv(  589): [0] onRelease: [onRelease]unregister PerfMonitor stream ...
08-08 04:46:00.026 D/C2MtkVdecTv(  589): [0] onRelease: [onRelease]unregister PerfMonitor stream done
08-08 04:46:00.026 D/C2MtkVdecTv(  589): [0] deleteClock: [L12837][deleteClock] delete clocks
08-08 04:46:00.026 D/C2MtkVdecTv(  589): [0] onRelease: [onRelease]close vdec buffer done
08-08 04:46:00.026 D/C2MtkVdecTv(  589): [0] onRelease: [onRelease]release AI Vision done
08-08 04:46:00.026 D/C2MtkVdecTv(  589): [0] onRelease: [onRelease]release PqLink done
08-08 04:46:00.026 D/C2MtkVdecTv(  589): [0] onRelease: [onRelease]release VCodec done
08-08 04:46:00.026 D/C2MtkVdecTv(  589): [0] onRelease: [onRelease]release CaptureLink done
08-08 04:46:00.026 D/C2MtkVdecTv(  589): [0] onRelease: [onRelease]release GTransformer done
08-08 04:46:00.026 D/C2MtkVdecTv(  589): [0] onRelease: [onRelease]C2FpsManager deinit done
08-08 04:46:00.026 E/C2MtkVdecTv(  589): [0] [L17650][genCodec2CmtInfoStr] mConfig NULL!
08-08 04:46:00.026 D/C2MtkVdecTv(  589): [0] onRelease: [onRelease]remove Process RT done
08-08 04:46:00.026 D/C2MtkVdecTv(  589): [0] onRelease: [onRelease]remove PostProcess RT done
08-08 04:46:00.026 I/C2BwManager(  589): [notifyFinish] notifyFinish table size:0
08-08 04:46:00.026 I/MEDIATOR_AIDL(  627): [Stage][8/8] notifyReportDone
08-08 04:46:00.027 D/C2MtkVdecTv(  589): [0] onRelease: [onRelease]C2Bwm remove stream done
08-08 04:46:00.027 D/C2MtkVdecTv(  589): [0] onRelease: remove stream from info service done
08-08 04:46:00.027 D/C2MtkVdecTv(  589): [0] onRelease: render module closed done
08-08 04:46:00.027 D/DispServiceClient(  589): [0] closeWinId
08-08 04:46:00.027 E/PQ_AIDL (  626): mdbgerr_pqhal: Pq::closePqRepository, in_StreamId: 0 not in mPqRepoIdMap
08-08 04:46:00.027 W/PqLink  (  626): [Mediator][closePqRepository] pqHal->closePqRepository fail
08-08 04:46:00.027 D/DispServiceClient(  589): [0] closeWinId streamUniqueId(0) OK
08-08 04:46:00.027 D/DispServiceClient(  589): closeWinId done
08-08 04:46:00.027 D/DispServiceClient(  589): [0] unregisterListener
08-08 04:46:00.028 D/DispService(  626): [unregisterDispServiceListener] str 0, callingPid 589 in
08-08 04:46:00.028 D/DispService(  626): [unregisterDispServiceListener] clearPreSetting str 0
08-08 04:46:00.028 D/DispService(  626): [unregisterDispServiceListener] str 0 out
08-08 04:46:00.028 D/DispServiceClient(  589): [0] unregisterListener done
08-08 04:46:00.028 D/C2MtkVdecTv(  589): [0] onRelease: dispService client released done
08-08 04:46:00.028 D/C2MtkVdecTv(  589): [0] onRelease: [onRelease] out
08-08 04:46:00.028 I/MEDIATOR_AIDL(  627): Finsh
08-08 04:46:00.028 I/MEDIATOR_AIDL(  627): Start mediator cycle loop
08-08 04:46:00.028 I/MEDIATOR_AIDL(  627): Wait for reportC2Info event ...
08-08 04:46:00.029 I/hw-BpHwBinder( 1864): onLastStrongRef automatically unlinking death recipients
08-08 04:46:00.029 I/hw-BpHwBinder(  589): onLastStrongRef automatically unlinking death recipients
08-08 04:46:00.029 D/C2MtkVdecTv(  589): [0] onRelease: [onRelease]in, hwSyncId:0 mInternalTunnel:0 mInputSource:MM mVideoSwitchFreeze:1
08-08 04:46:00.029 D/C2MtkVdecTv(  589): [0] onRelease: [onRelease] out
08-08 04:46:00.029 D/C2MtkVdec(  589): [0xEEB848D0] ~C2MtkVdec
08-08 04:46:00.029 D/DispServiceClient(  589): ~DispServiceClient[0] Destruct done
08-08 04:46:00.029 D/CompatibilityChangeReporter( 2085): Compat change id reported: 171979766; UID 10174; state: ENABLED
08-08 04:46:00.029 D/MediaCodec( 1864): flushMediametrics
08-08 04:46:00.029 D/CompatibilityChangeReporter( 2085): Compat change id reported: 242716250; UID 10174; state: ENABLED
08-08 04:46:00.030 W/VCodecVideo(  589): [0] Destroy: not initialized
08-08 04:46:00.031 D/MediaCodec( 1864): notifyMediaStatistics hash (0)
08-08 04:46:00.032 D/MediaCodec( 1864): flushMediametrics
08-08 04:46:00.032 W/MediaCodec( 1864): no metrics handle found
08-08 04:46:00.034 D/CompatibilityChangeReporter(  741): Compat change id reported: 170503758; UID 10174; state: ENABLED
08-08 04:46:00.039 V/GraphicsEnvironment( 1899): ANGLE GameManagerService for com.sony.dtv.tvinput.jptuner: false
08-08 04:46:00.039 V/GraphicsEnvironment( 1899): com.sony.dtv.tvinput.jptuner is not listed in per-application setting
08-08 04:46:00.039 V/GraphicsEnvironment( 1899): Neither updatable production driver nor prerelease driver is supported.
08-08 04:46:00.042 V/ConditionProviders(  741): enabling condition provider for 0: ComponentInfo{com.google.android.gms/com.google.android.location.settings.DrivingConditionProvider}
08-08 04:46:00.043 V/ConditionProviders(  741): binding: Intent { act=android.service.notification.ConditionProviderService cmp=com.google.android.gms/com.google.android.location.settings.DrivingConditionProvider (has extras) }
08-08 04:46:00.043 D/nativeloader( 2100): Configuring clns-shared-4 for other apk /system_ext/app/PhotoService/PhotoService.apk. target_sdk_version=34, uses_libraries=, library_path=/system_ext/app/PhotoService/lib/arm:/system/lib:/system_ext/lib, permitted_path=/data:/mnt/expand:/data/user/0/com.sony.dtv.photoservice:/system_ext/app/PhotoService:/system/lib:/system_ext/lib
08-08 04:46:00.043 I/RENDER  (  626): MI_RENDER_CUST_PNLSETTINGS_POST_PROCESS[480] Start MI_RENDER_CUST_PNLSETTINGS_POST_PROCESS
08-08 04:46:00.044 I/RENDER  (  626): MI_RENDER_SetRefreshRateInfo[9273] vrrMode = NONE, u32OutputRefreshRate = 60.0, RefreshRate = 60.0
08-08 04:46:00.046 V/NotificationListeners(  741): enabling notification listener for 0: ComponentInfo{com.google.android.apps.tv.launcherx/com.google.android.apps.tv.launcherx.coreservices.notificationlistener.TvNotificationListenerService}
08-08 04:46:00.046 V/NotificationListeners(  741): binding: Intent { act=android.service.notification.NotificationListenerService cmp=com.google.android.apps.tv.launcherx/.coreservices.notificationlistener.TvNotificationListenerService (has extras) }
08-08 04:46:00.061 D/BoundBrokerSvc( 1699): onBind: Intent { act=com.google.android.gms.phenotype.service.START dat=chimera-action:/... cmp=com.google.android.gms/.chimera.PersistentApiService }
08-08 04:46:00.073 D/CountrySettingsModule( 1498): CountrySettingsModule getName()
