01-01 09:00:05.815 D/kernel  (  626): [   10.412185]shmctrl shmctrl_pqu: dmaaddr = 0x00000000228ef000, phys = 0x00000000a8d84000
01-01 09:00:05.815 D/kernel  (  626): [   10.412188]shmctrl shmctrl_pqu: dmaaddr = 0x00000000228f0000, phys = 0x00000000a8d85000
01-01 09:00:05.815 D/kernel  (  626): [   10.412191]shmctrl shmctrl_pqu: dmaaddr = 0x00000000228f1000, phys = 0x00000000a8d86000
01-01 09:00:05.815 D/kernel  (  626): [   10.412193]shmctrl shmctrl_pqu: dmaaddr = 0x00000000228f2000, phys = 0x00000000a8d87000
01-01 09:00:05.815 D/kernel  (  626): [   10.412196]shmctrl shmctrl_pqu: dmaaddr = 0x00000000228f3000, phys = 0x00000000a8d88000
01-01 09:00:05.815 D/kernel  (  626): [   10.412198]shmctrl shmctrl_pqu: dmaaddr = 0x00000000228f4000, phys = 0x00000000a8d89000
01-01 09:00:05.815 D/kernel  (  626): [   10.412201]shmctrl shmctrl_pqu: dmaaddr = 0x00000000228f5000, phys = 0x00000000a8d8a000
01-01 09:00:05.815 D/kernel  (  626): [   10.412203]shmctrl shmctrl_pqu: dmaaddr = 0x00000000228f6000, phys = 0x00000000a8d8b000
01-01 09:00:05.815 D/kernel  (  626): [   10.412206]shmctrl shmctrl_pqu: dmaaddr = 0x00000000228f7000, phys = 0x00000000a8d8c000
01-01 09:00:05.815 D/kernel  (  626): [   10.412209]shmctrl shmctrl_pqu: dmaaddr = 0x00000000228f8000, phys = 0x00000000a8d8d000
01-01 09:00:05.815 D/kernel  (  626): [   10.412211]shmctrl shmctrl_pqu: dmaaddr = 0x00000000228f9000, phys = 0x00000000a8d8e000
01-01 09:00:05.815 D/kernel  (  626): [   10.412214]shmctrl shmctrl_pqu: dmaaddr = 0x00000000228fa000, phys = 0x00000000a8d8f000
01-01 09:00:05.815 D/kernel  (  626): [   10.412216]shmctrl shmctrl_pqu: dmaaddr = 0x00000000228fb000, phys = 0x00000000a8d90000
01-01 09:00:05.815 D/kernel  (  626): [   10.412219]shmctrl shmctrl_pqu: dmaaddr = 0x00000000228fc000, phys = 0x00000000a8d91000
01-01 09:00:05.815 D/kernel  (  626): [   10.412221]shmctrl shmctrl_pqu: dmaaddr = 0x00000000228fd000, phys = 0x00000000a8d92000
01-01 09:00:05.815 D/kernel  (  626): [   10.412224]shmctrl shmctrl_pqu: dmaaddr = 0x00000000228fe000, phys = 0x00000000a8d93000
01-01 09:00:05.815 D/kernel  (  626): [   10.412226]shmctrl shmctrl_pqu: dmaaddr = 0x00000000228ff000, phys = 0x00000000a8d94000
01-01 09:00:05.815 D/kernel  (  626): [   10.412229]shmctrl shmctrl_pqu: dmaaddr = 0x0000000022900000, phys = 0x00000000a8d95000
01-01 09:00:05.815 D/kernel  (  626): [   10.412232]shmctrl shmctrl_pqu: dmaaddr = 0x0000000022901000, phys = 0x00000000a8d96000
01-01 09:00:05.815 D/kernel  (  626): [   10.412234]shmctrl shmctrl_pqu: dmaaddr = 0x0000000022902000, phys = 0x00000000a8d97000
01-01 09:00:05.815 D/kernel  (  626): [   10.412237]shmctrl shmctrl_pqu: dmaaddr = 0x0000000022903000, phys = 0x00000000a8d98000
01-01 09:00:05.815 D/kernel  (  626): [   10.412239]shmctrl shmctrl_pqu: dmaaddr = 0x0000000022904000, phys = 0x00000000a8d99000
01-01 09:00:05.815 D/kernel  (  626): [   10.412242]shmctrl shmctrl_pqu: dmaaddr = 0x0000000022905000, phys = 0x00000000a8d9a000
01-01 09:00:05.815 D/kernel  (  626): [   10.412244]shmctrl shmctrl_pqu: dmaaddr = 0x0000000022906000, phys = 0x00000000a8d9b000
01-01 09:00:05.815 D/kernel  (  626): [   10.412247]shmctrl shmctrl_pqu: dmaaddr = 0x0000000022907000, phys = 0x00000000a8d9c000
01-01 09:00:05.815 D/kernel  (  626): [   10.412249]shmctrl shmctrl_pqu: dmaaddr = 0x0000000022908000, phys = 0x00000000a8d9d000
01-01 09:00:05.815 D/kernel  (  626): [   10.412252]shmctrl shmctrl_pqu: dmaaddr = 0x0000000022909000, phys = 0x00000000a8d9e000
01-01 09:00:05.815 D/kernel  (  626): [   10.412255]shmctrl shmctrl_pqu: dmaaddr = 0x000000002290a000, phys = 0x00000000a8d9f000
01-01 09:00:05.815 D/kernel  (  626): [   10.412257]shmctrl shmctrl_pqu: dmaaddr = 0x000000002290b000, phys = 0x00000000a8da0000
01-01 09:00:05.815 D/kernel  (  626): [   10.412260]shmctrl shmctrl_pqu: dmaaddr = 0x000000002290c000, phys = 0x00000000a8da1000
01-01 09:00:05.815 D/kernel  (  626): [   10.412262]shmctrl shmctrl_pqu: dmaaddr = 0x000000002290d000, phys = 0x00000000a8da2000
01-01 09:00:05.815 D/kernel  (  626): [   10.412265]shmctrl shmctrl_pqu: dmaaddr = 0x000000002290e000, phys = 0x00000000a8da3000
01-01 09:00:05.815 D/kernel  (  626): [   10.412267]shmctrl shmctrl_pqu: dmaaddr = 0x000000002290f000, phys = 0x00000000a8da4000
01-01 09:00:05.815 D/kernel  (  626): [   10.412270]shmctrl shmctrl_pqu: dmaaddr = 0x0000000022910000, phys = 0x00000000a8da5000
01-01 09:00:05.815 D/kernel  (  626): [   10.412272]shmctrl shmctrl_pqu: dmaaddr = 0x0000000022911000, phys = 0x00000000a8da6000
01-01 09:00:05.815 D/kernel  (  626): [   10.412275]shmctrl shmctrl_pqu: dmaaddr = 0x0000000022912000, phys = 0x00000000a8da7000
01-01 09:00:05.815 D/kernel  (  626): [   10.412277]shmctrl shmctrl_pqu: dmaaddr = 0x0000000022913000, phys = 0x00000000a8da8000
01-01 09:00:05.815 D/kernel  (  626): [   10.412280]shmctrl shmctrl_pqu: dmaaddr = 0x0000000022914000, phys = 0x00000000a8da9000
01-01 09:00:05.815 D/kernel  (  626): [   10.412283]shmctrl shmctrl_pqu: dmaaddr = 0x0000000022915000, phys = 0x00000000a8daa000
01-01 09:00:05.815 D/kernel  (  626): [   10.412285]shmctrl shmctrl_pqu: dmaaddr = 0x0000000022916000, phys = 0x00000000a8dab000
01-01 09:00:05.815 D/kernel  (  626): [   10.412288]shmctrl shmctrl_pqu: dmaaddr = 0x0000000022917000, phys = 0x00000000a8dac000
01-01 09:00:05.815 D/kernel  (  626): [   10.412290]shmctrl shmctrl_pqu: dmaaddr = 0x0000000022918000, phys = 0x00000000a8dad000
01-01 09:00:05.815 D/kernel  (  626): [   10.412293]shmctrl shmctrl_pqu: dmaaddr = 0x0000000022919000, phys = 0x00000000a8dae000
01-01 09:00:05.848 I/hwcomposer.merak(  626): Key PanelID not found in cache, fetching from IProductConfig service
01-01 09:00:05.815 D/kernel  (  626): [   10.412295]shmctrl shmctrl_pqu: dmaaddr = 0x000000002291a000, phys = 0x00000000a8daf000
01-01 09:00:05.815 D/kernel  (  626): [   10.412298]shmctrl shmctrl_pqu: dmaaddr = 0x000000002291b000, phys = 0x00000000a8db0000
01-01 09:00:05.815 D/kernel  (  626): [   10.412300]shmctrl shmctrl_pqu: dmaaddr = 0x000000002291c000, phys = 0x00000000a8db1000
01-01 09:00:05.815 D/kernel  (  626): [   10.412303]shmctrl shmctrl_pqu: dmaaddr = 0x000000002291d000, phys = 0x00000000a8db2000
01-01 09:00:05.815 D/kernel  (  626): [   10.412306]shmctrl shmctrl_pqu: dmaaddr = 0x000000002291e000, phys = 0x00000000a8db3000
01-01 09:00:05.816 D/kernel  (  626): [   10.412308]shmctrl shmctrl_pqu: dmaaddr = 0x000000002291f000, phys = 0x00000000a8db4000
01-01 09:00:05.816 D/kernel  (  626): [   10.412311]shmctrl shmctrl_pqu: dmaaddr = 0x0000000022920000, phys = 0x00000000a8db5000
01-01 09:00:05.848 I/audio_hw_primary(  617): adev_open: LAPAF mode is 0
01-01 09:00:05.816 D/kernel  (  626): [   10.412313]shmctrl shmctrl_pqu: dmaaddr = 0x0000000022921000, phys = 0x00000000a8db6000
01-01 09:00:05.848 D/HWStatusReporter(  617): HWStatusReporter::MonitorThread 0xf610a790 mSleepTimeUs 500000
01-01 09:00:05.816 D/kernel  (  626): [   10.412316]shmctrl shmctrl_pqu: dmaaddr = 0x0000000022922000, phys = 0x00000000a8db7000
01-01 09:00:05.816 D/kernel  (  626): [   10.412318]shmctrl shmctrl_pqu: dmaaddr = 0x0000000022923000, phys = 0x00000000a8db8000
01-01 09:00:05.816 D/kernel  (  626): [   10.412321]shmctrl shmctrl_pqu: dmaaddr = 0x0000000022924000, phys = 0x00000000a8db9000
01-01 09:00:05.816 D/kernel  (  626): [   10.412323]shmctrl shmctrl_pqu: dmaaddr = 0x0000000022925000, phys = 0x00000000a8dba000
01-01 09:00:05.816 D/kernel  (  626): [   10.412326]shmctrl shmctrl_pqu: dmaaddr = 0x0000000022926000, phys = 0x00000000a8dbb000
01-01 09:00:05.816 D/kernel  (  626): [   10.412329]shmctrl shmctrl_pqu: dmaaddr = 0x0000000022927000, phys = 0x00000000a8dbc000
01-01 09:00:05.816 D/kernel  (  626): [   10.412331]shmctrl shmctrl_pqu: dmaaddr = 0x0000000022928000, phys = 0x00000000a8dbd000
01-01 09:00:05.816 D/kernel  (  626): [   10.412334]shmctrl shmctrl_pqu: dmaaddr = 0x0000000022929000, phys = 0x00000000a8dbe000
01-01 09:00:05.816 D/kernel  (  626): [   10.412336]shmctrl shmctrl_pqu: dmaaddr = 0x000000002292a000, phys = 0x00000000a8dbf000
01-01 09:00:05.816 D/kernel  (  626): [   10.412339]shmctrl shmctrl_pqu: dmaaddr = 0x000000002292b000, phys = 0x00000000a8dc0000
01-01 09:00:05.816 D/kernel  (  626): [   10.412341]shmctrl shmctrl_pqu: dmaaddr = 0x000000002292c000, phys = 0x00000000a8dc1000
01-01 09:00:05.816 D/kernel  (  626): [   10.412344]shmctrl shmctrl_pqu: dmaaddr = 0x000000002292d000, phys = 0x00000000a8dc2000
01-01 09:00:05.816 D/kernel  (  626): [   10.412347]shmctrl shmctrl_pqu: dmaaddr = 0x000000002292e000, phys = 0x00000000a8dc3000
01-01 09:00:05.816 D/kernel  (  626): [   10.412349]shmctrl shmctrl_pqu: dmaaddr = 0x000000002292f000, phys = 0x00000000a8dc4000
01-01 09:00:05.816 D/kernel  (  626): [   10.412352]shmctrl shmctrl_pqu: dmaaddr = 0x0000000022930000, phys = 0x00000000a8dc5000
01-01 09:00:05.816 D/kernel  (  626): [   10.412354]shmctrl shmctrl_pqu: dmaaddr = 0x0000000022931000, phys = 0x00000000a8dc6000
01-01 09:00:05.816 D/kernel  (  626): [   10.412357]shmctrl shmctrl_pqu: dmaaddr = 0x0000000022932000, phys = 0x00000000a8dc7000
01-01 09:00:05.816 D/kernel  (  626): [   10.412359]shmctrl shmctrl_pqu: dmaaddr = 0x0000000022933000, phys = 0x00000000a8dc8000
01-01 09:00:05.816 D/kernel  (  626): [   10.412362]shmctrl shmctrl_pqu: dmaaddr = 0x0000000022934000, phys = 0x00000000a8dc9000
01-01 09:00:05.816 D/kernel  (  626): [   10.412364]shmctrl shmctrl_pqu: dmaaddr = 0x0000000022935000, phys = 0x00000000a8dca000
01-01 09:00:05.816 D/kernel  (  626): [   10.412367]shmctrl shmctrl_pqu: dmaaddr = 0x0000000022936000, phys = 0x00000000a8dcb000
01-01 09:00:05.816 D/kernel  (  626): [   10.412370]shmctrl shmctrl_pqu: dmaaddr = 0x0000000022937000, phys = 0x00000000a8dcc000
01-01 09:00:05.816 D/kernel  (  626): [   10.412372]shmctrl shmctrl_pqu: dmaaddr = 0x0000000022938000, phys = 0x00000000a8dcd000
01-01 09:00:05.816 D/kernel  (  626): [   10.412375]shmctrl shmctrl_pqu: dmaaddr = 0x0000000022939000, phys = 0x00000000a8dce000
01-01 09:00:05.816 D/kernel  (  626): [   10.412377]shmctrl shmctrl_pqu: dmaaddr = 0x000000002293a000, phys = 0x00000000a8dcf000
01-01 09:00:05.816 D/kernel  (  626): [   10.412380]shmctrl shmctrl_pqu: dmaaddr = 0x000000002293b000, phys = 0x00000000a8dd0000
01-01 09:00:05.816 D/kernel  (  626): [   10.412382]shmctrl shmctrl_pqu: dmaaddr = 0x000000002293c000, phys = 0x00000000a8dd1000
01-01 09:00:05.816 D/kernel  (  626): [   10.412385]shmctrl shmctrl_pqu: dmaaddr = 0x000000002293d000, phys = 0x00000000a8dd2000
01-01 09:00:05.816 D/kernel  (  626): [   10.412387]shmctrl shmctrl_pqu: dmaaddr = 0x000000002293e000, phys = 0x00000000a8dd3000
01-01 09:00:05.816 D/kernel  (  626): [   10.412390]shmctrl shmctrl_pqu: dmaaddr = 0x000000002293f000, phys = 0x00000000a8dd4000
01-01 09:00:05.816 D/kernel  (  626): [   10.412392]shmctrl shmctrl_pqu: dmaaddr = 0x0000000022940000, phys = 0x00000000a8dd5000
01-01 09:00:05.816 D/kernel  (  626): [   10.412395]shmctrl shmctrl_pqu: dmaaddr = 0x0000000022941000, phys = 0x00000000a8dd6000
01-01 09:00:05.816 D/kernel  (  626): [   10.412398]shmctrl shmctrl_pqu: dmaaddr = 0x0000000022942000, phys = 0x00000000a8dd7000
01-01 09:00:05.816 D/kernel  (  626): [   10.412400]shmctrl shmctrl_pqu: dmaaddr = 0x0000000022943000, phys = 0x00000000a8dd8000
01-01 09:00:05.816 D/kernel  (  626): [   10.412403]shmctrl shmctrl_pqu: dmaaddr = 0x0000000022944000, phys = 0x00000000a8dd9000
01-01 09:00:05.816 D/kernel  (  626): [   10.412405]shmctrl shmctrl_pqu: dmaaddr = 0x0000000022945000, phys = 0x00000000a8dda000
01-01 09:00:05.816 D/kernel  (  626): [   10.412408]shmctrl shmctrl_pqu: dmaaddr = 0x0000000022946000, phys = 0x00000000a8ddb000
01-01 09:00:05.816 D/kernel  (  626): [   10.412410]shmctrl shmctrl_pqu: dmaaddr = 0x0000000022947000, phys = 0x00000000a8ddc000
01-01 09:00:05.816 D/kernel  (  626): [   10.412413]shmctrl shmctrl_pqu: dmaaddr = 0x0000000022948000, phys = 0x00000000a8ddd000
01-01 09:00:05.816 D/kernel  (  626): [   10.412415]shmctrl shmctrl_pqu: dmaaddr = 0x0000000022949000, phys = 0x00000000a8dde000
01-01 09:00:05.816 D/kernel  (  626): [   10.412418]shmctrl shmctrl_pqu: dmaaddr = 0x000000002294a000, phys = 0x00000000a8ddf000
01-01 09:00:05.816 D/kernel  (  626): [   10.412421]shmctrl shmctrl_pqu: dmaaddr = 0x000000002294b000, phys = 0x00000000a8de0000
01-01 09:00:05.816 D/kernel  (  626): [   10.412423]shmctrl shmctrl_pqu: dmaaddr = 0x000000002294c000, phys = 0x00000000a8de1000
01-01 09:00:05.816 D/kernel  (  626): [   10.412426]shmctrl shmctrl_pqu: dmaaddr = 0x000000002294d000, phys = 0x00000000a8de2000
01-01 09:00:05.816 D/kernel  (  626): [   10.412428]shmctrl shmctrl_pqu: dmaaddr = 0x000000002294e000, phys = 0x00000000a8de3000
01-01 09:00:05.816 D/kernel  (  626): [   10.412431]shmctrl shmctrl_pqu: dmaaddr = 0x000000002294f000, phys = 0x00000000a8de4000
01-01 09:00:05.816 D/kernel  (  626): [   10.412433]shmctrl shmctrl_pqu: dmaaddr = 0x0000000022950000, phys = 0x00000000a8de5000
01-01 09:00:05.816 D/kernel  (  626): [   10.412436]shmctrl shmctrl_pqu: dmaaddr = 0x0000000022951000, phys = 0x00000000a8de6000
01-01 09:00:05.816 D/kernel  (  626): [   10.412438]shmctrl shmctrl_pqu: dmaaddr = 0x0000000022952000, phys = 0x00000000a8de7000
01-01 09:00:05.816 D/kernel  (  626): [   10.412441]shmctrl shmctrl_pqu: dmaaddr = 0x0000000022953000, phys = 0x00000000a8de8000
01-01 09:00:05.816 D/kernel  (  626): [   10.412444]shmctrl shmctrl_pqu: dmaaddr = 0x0000000022954000, phys = 0x00000000a8de9000
01-01 09:00:05.816 D/kernel  (  626): [   10.412446]shmctrl shmctrl_pqu: dmaaddr = 0x0000000022955000, phys = 0x00000000a8dea000
01-01 09:00:05.816 D/kernel  (  626): [   10.412449]shmctrl shmctrl_pqu: dmaaddr = 0x0000000022956000, phys = 0x00000000a8deb000
01-01 09:00:05.816 D/kernel  (  626): [   10.412451]shmctrl shmctrl_pqu: dmaaddr = 0x0000000022957000, phys = 0x00000000a8dec000
01-01 09:00:05.816 D/kernel  (  626): [   10.412454]shmctrl shmctrl_pqu: dmaaddr = 0x0000000022958000, phys = 0x00000000a8ded000
01-01 09:00:05.816 D/kernel  (  626): [   10.412456]shmctrl shmctrl_pqu: dmaaddr = 0x0000000022959000, phys = 0x00000000a8dee000
01-01 09:00:05.816 D/kernel  (  626): [   10.412459]shmctrl shmctrl_pqu: dmaaddr = 0x000000002295a000, phys = 0x00000000a8def000
01-01 09:00:05.816 D/kernel  (  626): [   10.412462]shmctrl shmctrl_pqu: dmaaddr = 0x000000002295b000, phys = 0x00000000a8df0000
01-01 09:00:05.816 D/kernel  (  626): [   10.412464]shmctrl shmctrl_pqu: dmaaddr = 0x000000002295c000, phys = 0x00000000a8df1000
01-01 09:00:05.816 D/kernel  (  626): [   10.412467]shmctrl shmctrl_pqu: dmaaddr = 0x000000002295d000, phys = 0x00000000a8df2000
01-01 09:00:05.816 D/kernel  (  626): [   10.412469]shmctrl shmctrl_pqu: dmaaddr = 0x000000002295e000, phys = 0x00000000a8df3000
01-01 09:00:05.816 D/kernel  (  626): [   10.412472]shmctrl shmctrl_pqu: dmaaddr = 0x000000002295f000, phys = 0x00000000a8df4000
01-01 09:00:05.816 D/kernel  (  626): [   10.412474]shmctrl shmctrl_pqu: dmaaddr = 0x0000000022960000, phys = 0x00000000a8df5000
01-01 09:00:05.816 D/kernel  (  626): [   10.412477]shmctrl shmctrl_pqu: dmaaddr = 0x0000000022961000, phys = 0x00000000a8df6000
01-01 09:00:05.816 D/kernel  (  626): [   10.412479]shmctrl shmctrl_pqu: dmaaddr = 0x0000000022962000, phys = 0x00000000a8df7000
01-01 09:00:05.816 D/kernel  (  626): [   10.412482]shmctrl shmctrl_pqu: dmaaddr = 0x0000000022963000, phys = 0x00000000a8df8000
01-01 09:00:05.816 D/kernel  (  626): [   10.412485]shmctrl shmctrl_pqu: dmaaddr = 0x0000000022964000, phys = 0x00000000a8df9000
01-01 09:00:05.816 D/kernel  (  626): [   10.412487]shmctrl shmctrl_pqu: dmaaddr = 0x0000000022965000, phys = 0x00000000a8dfa000
01-01 09:00:05.816 D/kernel  (  626): [   10.412490]shmctrl shmctrl_pqu: dmaaddr = 0x0000000022966000, phys = 0x00000000a8dfb000
01-01 09:00:05.816 D/kernel  (  626): [   10.412492]shmctrl shmctrl_pqu: dmaaddr = 0x0000000022967000, phys = 0x00000000a8dfc000
01-01 09:00:05.816 D/kernel  (  626): [   10.412495]shmctrl shmctrl_pqu: dmaaddr = 0x0000000022968000, phys = 0x00000000a8dfd000
01-01 09:00:05.816 D/kernel  (  626): [   10.412497]shmctrl shmctrl_pqu: dmaaddr = 0x0000000022969000, phys = 0x00000000a8dfe000
01-01 09:00:05.816 D/kernel  (  626): [   10.412500]shmctrl shmctrl_pqu: dmaaddr = 0x000000002296a000, phys = 0x00000000a8dff000
01-01 09:00:05.816 D/kernel  (  626): [   10.412502]shmctrl shmctrl_pqu: dmaaddr = 0x000000002296b000, phys = 0x00000000a8e00000
01-01 09:00:05.816 D/kernel  (  626): [   10.412505]shmctrl shmctrl_pqu: dmaaddr = 0x000000002296c000, phys = 0x00000000a8e01000
01-01 09:00:05.816 D/kernel  (  626): [   10.412508]shmctrl shmctrl_pqu: dmaaddr = 0x000000002296d000, phys = 0x00000000a8e02000
01-01 09:00:05.816 D/kernel  (  626): [   10.412510]shmctrl shmctrl_pqu: dmaaddr = 0x000000002296e000, phys = 0x00000000a8e03000
01-01 09:00:05.816 D/kernel  (  626): [   10.412513]shmctrl shmctrl_pqu: dmaaddr = 0x000000002296f000, phys = 0x00000000a8e04000
01-01 09:00:05.816 D/kernel  (  626): [   10.412515]shmctrl shmctrl_pqu: dmaaddr = 0x0000000022970000, phys = 0x00000000a8e05000
01-01 09:00:05.816 D/kernel  (  626): [   10.412518]shmctrl shmctrl_pqu: dmaaddr = 0x0000000022971000, phys = 0x00000000a8e06000
01-01 09:00:05.816 D/kernel  (  626): [   10.412520]shmctrl shmctrl_pqu: dmaaddr = 0x0000000022972000, phys = 0x00000000a8e07000
01-01 09:00:05.816 D/kernel  (  626): [   10.412523]shmctrl shmctrl_pqu: dmaaddr = 0x0000000022973000, phys = 0x00000000a8e08000
01-01 09:00:05.816 D/kernel  (  626): [   10.412525]shmctrl shmctrl_pqu: dmaaddr = 0x0000000022974000, phys = 0x00000000a8e09000
01-01 09:00:05.816 D/kernel  (  626): [   10.412528]shmctrl shmctrl_pqu: dmaaddr = 0x0000000022975000, phys = 0x00000000a8e0a000
01-01 09:00:05.816 D/kernel  (  626): [   10.412531]shmctrl shmctrl_pqu: dmaaddr = 0x0000000022976000, phys = 0x00000000a8e0b000
01-01 09:00:05.816 D/kernel  (  626): [   10.412533]shmctrl shmctrl_pqu: dmaaddr = 0x0000000022977000, phys = 0x00000000a8e0c000
01-01 09:00:05.816 D/kernel  (  626): [   10.412536]shmctrl shmctrl_pqu: dmaaddr = 0x0000000022978000, phys = 0x00000000a8e0d000
01-01 09:00:05.816 D/kernel  (  626): [   10.412538]shmctrl shmctrl_pqu: dmaaddr = 0x0000000022979000, phys = 0x00000000a8e0e000
01-01 09:00:05.816 D/kernel  (  626): [   10.412541]shmctrl shmctrl_pqu: dmaaddr = 0x000000002297a000, phys = 0x00000000a8e0f000
01-01 09:00:05.816 D/kernel  (  626): [   10.412543]shmctrl shmctrl_pqu: dmaaddr = 0x000000002297b000, phys = 0x00000000a8e10000
01-01 09:00:05.816 D/kernel  (  626): [   10.412546]shmctrl shmctrl_pqu: dmaaddr = 0x000000002297c000, phys = 0x00000000a8e11000
01-01 09:00:05.816 D/kernel  (  626): [   10.412548]shmctrl shmctrl_pqu: dmaaddr = 0x000000002297d000, phys = 0x00000000a8e12000
01-01 09:00:05.816 D/kernel  (  626): [   10.412551]shmctrl shmctrl_pqu: dmaaddr = 0x000000002297e000, phys = 0x00000000a8e13000
01-01 09:00:05.816 D/kernel  (  626): [   10.412553]shmctrl shmctrl_pqu: dmaaddr = 0x000000002297f000, phys = 0x00000000a8e14000
01-01 09:00:05.816 D/kernel  (  626): [   10.412556]shmctrl shmctrl_pqu: dmaaddr = 0x0000000022980000, phys = 0x00000000a8e15000
01-01 09:00:05.816 D/kernel  (  626): [   10.412559]shmctrl shmctrl_pqu: dmaaddr = 0x0000000022981000, phys = 0x00000000a8e16000
01-01 09:00:05.816 D/kernel  (  626): [   10.412561]shmctrl shmctrl_pqu: dmaaddr = 0x0000000022982000, phys = 0x00000000a8e17000
01-01 09:00:05.816 D/kernel  (  626): [   10.412564]shmctrl shmctrl_pqu: dmaaddr = 0x0000000022983000, phys = 0x00000000a8e18000
01-01 09:00:05.816 D/kernel  (  626): [   10.412566]shmctrl shmctrl_pqu: dmaaddr = 0x0000000022984000, phys = 0x00000000a8e19000
01-01 09:00:05.816 D/kernel  (  626): [   10.412569]shmctrl shmctrl_pqu: dmaaddr = 0x0000000022985000, phys = 0x00000000a8e1a000
01-01 09:00:05.816 D/kernel  (  626): [   10.412571]shmctrl shmctrl_pqu: dmaaddr = 0x0000000022986000, phys = 0x00000000a8e1b000
01-01 09:00:05.816 D/kernel  (  626): [   10.412574]shmctrl shmctrl_pqu: dmaaddr = 0x0000000022987000, phys = 0x00000000a8e1c000
01-01 09:00:05.816 D/kernel  (  626): [   10.412576]shmctrl shmctrl_pqu: dmaaddr = 0x0000000022988000, phys = 0x00000000a8e1d000
01-01 09:00:05.816 D/kernel  (  626): [   10.412579]shmctrl shmctrl_pqu: dmaaddr = 0x0000000022989000, phys = 0x00000000a8e1e000
01-01 09:00:05.816 D/kernel  (  626): [   10.412582]shmctrl shmctrl_pqu: dmaaddr = 0x000000002298a000, phys = 0x00000000a8e1f000
01-01 09:00:05.816 D/kernel  (  626): [   10.412584]shmctrl shmctrl_pqu: dmaaddr = 0x000000002298b000, phys = 0x00000000a8e20000
01-01 09:00:05.816 D/kernel  (  626): [   10.412587]shmctrl shmctrl_pqu: dmaaddr = 0x000000002298c000, phys = 0x00000000a8e21000
01-01 09:00:05.816 D/kernel  (  626): [   10.412589]shmctrl shmctrl_pqu: dmaaddr = 0x000000002298d000, phys = 0x00000000a8e22000
01-01 09:00:05.816 D/kernel  (  626): [   10.412592]shmctrl shmctrl_pqu: dmaaddr = 0x000000002298e000, phys = 0x00000000a8e23000
01-01 09:00:05.816 D/kernel  (  626): [   10.412594]shmctrl shmctrl_pqu: dmaaddr = 0x000000002298f000, phys = 0x00000000a8e24000
01-01 09:00:05.816 D/kernel  (  626): [   10.412597]shmctrl shmctrl_pqu: dmaaddr = 0x0000000022990000, phys = 0x00000000a8e25000
01-01 09:00:05.816 D/kernel  (  626): [   10.412599]shmctrl shmctrl_pqu: dmaaddr = 0x0000000022991000, phys = 0x00000000a8e26000
01-01 09:00:05.816 D/kernel  (  626): [   10.412602]shmctrl shmctrl_pqu: dmaaddr = 0x0000000022992000, phys = 0x00000000a8e27000
01-01 09:00:05.816 D/kernel  (  626): [   10.412604]shmctrl shmctrl_pqu: dmaaddr = 0x0000000022993000, phys = 0x00000000a8e28000
01-01 09:00:05.816 D/kernel  (  626): [   10.412607]shmctrl shmctrl_pqu: dmaaddr = 0x0000000022994000, phys = 0x00000000a8e29000
01-01 09:00:05.816 D/kernel  (  626): [   10.412610]shmctrl shmctrl_pqu: dmaaddr = 0x0000000022995000, phys = 0x00000000a8e2a000
01-01 09:00:05.816 D/kernel  (  626): [   10.412612]shmctrl shmctrl_pqu: dmaaddr = 0x0000000022996000, phys = 0x00000000a8e2b000
01-01 09:00:05.816 D/kernel  (  626): [   10.412615]shmctrl shmctrl_pqu: dmaaddr = 0x0000000022997000, phys = 0x00000000a8e2c000
01-01 09:00:05.816 D/kernel  (  626): [   10.412617]shmctrl shmctrl_pqu: dmaaddr = 0x0000000022998000, phys = 0x00000000a8e2d000
01-01 09:00:05.816 D/kernel  (  626): [   10.412620]shmctrl shmctrl_pqu: dmaaddr = 0x0000000022999000, phys = 0x00000000a8e2e000
01-01 09:00:05.816 D/kernel  (  626): [   10.412622]shmctrl shmctrl_pqu: dmaaddr = 0x000000002299a000, phys = 0x00000000a8e2f000
01-01 09:00:05.816 D/kernel  (  626): [   10.412625]shmctrl shmctrl_pqu: dmaaddr = 0x000000002299b000, phys = 0x00000000a8e30000
01-01 09:00:05.816 D/kernel  (  626): [   10.412627]shmctrl shmctrl_pqu: dmaaddr = 0x000000002299c000, phys = 0x00000000a8e31000
01-01 09:00:05.816 D/kernel  (  626): [   10.412630]shmctrl shmctrl_pqu: dmaaddr = 0x000000002299d000, phys = 0x00000000a8e32000
01-01 09:00:05.816 D/kernel  (  626): [   10.412633]shmctrl shmctrl_pqu: dmaaddr = 0x000000002299e000, phys = 0x00000000a8e33000
01-01 09:00:05.816 D/kernel  (  626): [   10.412635]shmctrl shmctrl_pqu: dmaaddr = 0x000000002299f000, phys = 0x00000000a8e34000
01-01 09:00:05.816 D/kernel  (  626): [   10.412638]shmctrl shmctrl_pqu: dmaaddr = 0x00000000229a0000, phys = 0x00000000a8e35000
01-01 09:00:05.816 D/kernel  (  626): [   10.412640]shmctrl shmctrl_pqu: dmaaddr = 0x00000000229a1000, phys = 0x00000000a8e36000
01-01 09:00:05.816 D/kernel  (  626): [   10.412643]shmctrl shmctrl_pqu: dmaaddr = 0x00000000229a2000, phys = 0x00000000a8e37000
01-01 09:00:05.816 D/kernel  (  626): [   10.412645]shmctrl shmctrl_pqu: dmaaddr = 0x00000000229a3000, phys = 0x00000000a8e38000
01-01 09:00:05.816 D/kernel  (  626): [   10.412648]shmctrl shmctrl_pqu: dmaaddr = 0x00000000229a4000, phys = 0x00000000a8e39000
01-01 09:00:05.816 D/kernel  (  626): [   10.412651]shmctrl shmctrl_pqu: dmaaddr = 0x00000000229a5000, phys = 0x00000000a8e3a000
01-01 09:00:05.816 D/kernel  (  626): [   10.412653]shmctrl shmctrl_pqu: dmaaddr = 0x00000000229a6000, phys = 0x00000000a8e3b000
01-01 09:00:05.816 D/kernel  (  626): [   10.412656]shmctrl shmctrl_pqu: dmaaddr = 0x00000000229a7000, phys = 0x00000000a8e3c000
01-01 09:00:05.816 D/kernel  (  626): [   10.412658]shmctrl shmctrl_pqu: dmaaddr = 0x00000000229a8000, phys = 0x00000000a8e3d000
01-01 09:00:05.816 D/kernel  (  626): [   10.412661]shmctrl shmctrl_pqu: dmaaddr = 0x00000000229a9000, phys = 0x00000000a8e3e000
01-01 09:00:05.816 D/kernel  (  626): [   10.412663]shmctrl shmctrl_pqu: dmaaddr = 0x00000000229aa000, phys = 0x00000000a8e3f000
01-01 09:00:05.816 D/kernel  (  626): [   10.412666]shmctrl shmctrl_pqu: dmaaddr = 0x00000000229ab000, phys = 0x00000000a8e40000
01-01 09:00:05.816 D/kernel  (  626): [   10.412668]shmctrl shmctrl_pqu: dmaaddr = 0x00000000229ac000, phys = 0x00000000a8e41000
01-01 09:00:05.816 D/kernel  (  626): [   10.412671]shmctrl shmctrl_pqu: dmaaddr = 0x00000000229ad000, phys = 0x00000000a8e42000
01-01 09:00:05.816 D/kernel  (  626): [   10.412674]shmctrl shmctrl_pqu: dmaaddr = 0x00000000229ae000, phys = 0x00000000a8e43000
01-01 09:00:05.816 D/kernel  (  626): [   10.412676]shmctrl shmctrl_pqu: dmaaddr = 0x00000000229af000, phys = 0x00000000a8e44000
01-01 09:00:05.816 D/kernel  (  626): [   10.412679]shmctrl shmctrl_pqu: dmaaddr = 0x00000000229b0000, phys = 0x00000000a8e45000
01-01 09:00:05.816 D/kernel  (  626): [   10.412681]shmctrl shmctrl_pqu: dmaaddr = 0x00000000229b1000, phys = 0x00000000a8e46000
01-01 09:00:05.816 D/kernel  (  626): [   10.412684]shmctrl shmctrl_pqu: dmaaddr = 0x00000000229b2000, phys = 0x00000000a8e47000
01-01 09:00:05.816 D/kernel  (  626): [   10.412686]shmctrl shmctrl_pqu: dmaaddr = 0x00000000229b3000, phys = 0x00000000a8e48000
01-01 09:00:05.816 D/kernel  (  626): [   10.412689]shmctrl shmctrl_pqu: dmaaddr = 0x00000000229b4000, phys = 0x00000000a8e49000
01-01 09:00:05.816 D/kernel  (  626): [   10.412692]shmctrl shmctrl_pqu: dmaaddr = 0x00000000229b5000, phys = 0x00000000a8e4a000
01-01 09:00:05.816 D/kernel  (  626): [   10.412694]shmctrl shmctrl_pqu: dmaaddr = 0x00000000229b6000, phys = 0x00000000a8e4b000
01-01 09:00:05.816 D/kernel  (  626): [   10.412697]shmctrl shmctrl_pqu: dmaaddr = 0x00000000229b7000, phys = 0x00000000a8e4c000
01-01 09:00:05.816 D/kernel  (  626): [   10.412699]shmctrl shmctrl_pqu: dmaaddr = 0x00000000229b8000, phys = 0x00000000a8e4d000
01-01 09:00:05.816 D/kernel  (  626): [   10.412702]shmctrl shmctrl_pqu: dmaaddr = 0x00000000229b9000, phys = 0x00000000a8e4e000
01-01 09:00:05.816 D/kernel  (  626): [   10.412704]shmctrl shmctrl_pqu: dmaaddr = 0x00000000229ba000, phys = 0x00000000a8e4f000
01-01 09:00:05.816 D/kernel  (  626): [   10.412707]shmctrl shmctrl_pqu: dmaaddr = 0x00000000229bb000, phys = 0x00000000a8e50000
01-01 09:00:05.816 D/kernel  (  626): [   10.412709]shmctrl shmctrl_pqu: dmaaddr = 0x00000000229bc000, phys = 0x00000000a8e51000
01-01 09:00:05.816 D/kernel  (  626): [   10.412712]shmctrl shmctrl_pqu: dmaaddr = 0x00000000229bd000, phys = 0x00000000a8e52000
01-01 09:00:05.816 D/kernel  (  626): [   10.412715]shmctrl shmctrl_pqu: dmaaddr = 0x00000000229be000, phys = 0x00000000a8e53000
01-01 09:00:05.816 D/kernel  (  626): [   10.412717]shmctrl shmctrl_pqu: dmaaddr = 0x00000000229bf000, phys = 0x00000000a8e54000
01-01 09:00:05.816 D/kernel  (  626): [   10.412720]shmctrl shmctrl_pqu: dmaaddr = 0x00000000229c0000, phys = 0x00000000a8e55000
01-01 09:00:05.816 D/kernel  (  626): [   10.412722]shmctrl shmctrl_pqu: dmaaddr = 0x00000000229c1000, phys = 0x00000000a8e56000
01-01 09:00:05.816 D/kernel  (  626): [   10.412725]shmctrl shmctrl_pqu: dmaaddr = 0x00000000229c2000, phys = 0x00000000a8e57000
01-01 09:00:05.816 D/kernel  (  626): [   10.412727]shmctrl shmctrl_pqu: dmaaddr = 0x00000000229c3000, phys = 0x00000000a8e58000
01-01 09:00:05.816 D/kernel  (  626): [   10.412730]shmctrl shmctrl_pqu: dmaaddr = 0x00000000229c4000, phys = 0x00000000a8e59000
01-01 09:00:05.816 D/kernel  (  626): [   10.412732]shmctrl shmctrl_pqu: dmaaddr = 0x00000000229c5000, phys = 0x00000000a8e5a000
01-01 09:00:05.816 D/kernel  (  626): [   10.412735]shmctrl shmctrl_pqu: dmaaddr = 0x00000000229c6000, phys = 0x00000000a8e5b000
01-01 09:00:05.816 D/kernel  (  626): [   10.412737]shmctrl shmctrl_pqu: dmaaddr = 0x00000000229c7000, phys = 0x00000000a8e5c000
01-01 09:00:05.850 D/LibProductConfigInfo(  280): [getString:163] key:PanelID value:YDEM007UNG0101
01-01 09:00:05.816 D/kernel  (  626): [   10.412740]shmctrl shmctrl_pqu: dmaaddr = 0x00000000229c8000, phys = 0x00000000a8e5d000
01-01 09:00:05.850 D/productConfig@1.0-service(  280): [vendor/sony/frameworks/native/services/productConfig/1.0/ProductConfig.cpp(127):getString] key:PanelID value:YDEM007UNG0101 len:14
01-01 09:00:05.850 I/hwcomposer.merak(  626): Succeed to get string for key: PanelID, value: YDEM007UNG0101
01-01 09:00:05.850 I/DataVariationResolver(  626): return default_data_name : LD_DTS_parameter_dummy.bin
01-01 09:00:05.816 D/kernel  (  626): [   10.412743]shmctrl shmctrl_pqu: dmaaddr = 0x00000000229c9000, phys = 0x00000000a8e5e000
01-01 09:00:05.816 D/kernel  (  626): [   10.412745]shmctrl shmctrl_pqu: dmaaddr = 0x00000000229ca000, phys = 0x00000000a8e5f000
01-01 09:00:05.816 D/kernel  (  626): [   10.412748]shmctrl shmctrl_pqu: dmaaddr = 0x00000000229cb000, phys = 0x00000000a8e60000
01-01 09:00:05.816 D/kernel  (  626): [   10.412750]shmctrl shmctrl_pqu: dmaaddr = 0x00000000229cc000, phys = 0x00000000a8e61000
01-01 09:00:05.816 D/kernel  (  626): [   10.412753]shmctrl shmctrl_pqu: dmaaddr = 0x00000000229cd000, phys = 0x00000000a8e62000
01-01 09:00:05.816 D/kernel  (  626): [   10.412755]shmctrl shmctrl_pqu: dmaaddr = 0x00000000229ce000, phys = 0x00000000a8e63000
01-01 09:00:05.816 D/kernel  (  626): [   10.412758]shmctrl shmctrl_pqu: dmaaddr = 0x00000000229cf000, phys = 0x00000000a8e64000
01-01 09:00:05.816 D/kernel  (  626): [   10.412760]shmctrl shmctrl_pqu: dmaaddr = 0x00000000229d0000, phys = 0x00000000a8e65000
01-01 09:00:05.816 D/kernel  (  626): [   10.412763]shmctrl shmctrl_pqu: dmaaddr = 0x00000000229d1000, phys = 0x00000000a8e66000
01-01 09:00:05.816 D/kernel  (  626): [   10.412766]shmctrl shmctrl_pqu: dmaaddr = 0x00000000229d2000, phys = 0x00000000a8e67000
01-01 09:00:05.816 D/kernel  (  626): [   10.412768]shmctrl shmctrl_pqu: dmaaddr = 0x00000000229d3000, phys = 0x00000000a8e68000
01-01 09:00:05.816 D/kernel  (  626): [   10.412771]shmctrl shmctrl_pqu: dmaaddr = 0x00000000229d4000, phys = 0x00000000a8e69000
01-01 09:00:05.816 D/kernel  (  626): [   10.412773]shmctrl shmctrl_pqu: dmaaddr = 0x00000000229d5000, phys = 0x00000000a8e6a000
01-01 09:00:05.816 D/kernel  (  626): [   10.412776]shmctrl shmctrl_pqu: dmaaddr = 0x00000000229d6000, phys = 0x00000000a8e6b000
01-01 09:00:05.816 D/kernel  (  626): [   10.412778]shmctrl shmctrl_pqu: dmaaddr = 0x00000000229d7000, phys = 0x00000000a8e6c000
01-01 09:00:05.816 D/kernel  (  626): [   10.412781]shmctrl shmctrl_pqu: dmaaddr = 0x00000000229d8000, phys = 0x00000000a8e6d000
01-01 09:00:05.816 D/kernel  (  626): [   10.412783]shmctrl shmctrl_pqu: dmaaddr = 0x00000000229d9000, phys = 0x00000000a8e6e000
01-01 09:00:05.816 D/kernel  (  626): [   10.412786]shmctrl shmctrl_pqu: dmaaddr = 0x00000000229da000, phys = 0x00000000a8e6f000
01-01 09:00:05.816 D/kernel  (  626): [   10.412788]shmctrl shmctrl_pqu: dmaaddr = 0x00000000229db000, phys = 0x00000000a8e70000
01-01 09:00:05.816 D/kernel  (  626): [   10.412791]shmctrl shmctrl_pqu: dmaaddr = 0x00000000229dc000, phys = 0x00000000a8e71000
01-01 09:00:05.816 D/kernel  (  626): [   10.412794]shmctrl shmctrl_pqu: dmaaddr = 0x00000000229dd000, phys = 0x00000000a8e72000
01-01 09:00:05.816 D/kernel  (  626): [   10.412796]shmctrl shmctrl_pqu: dmaaddr = 0x00000000229de000, phys = 0x00000000a8e73000
01-01 09:00:05.816 D/kernel  (  626): [   10.412799]shmctrl shmctrl_pqu: dmaaddr = 0x00000000229df000, phys = 0x00000000a8e74000
01-01 09:00:05.816 D/kernel  (  626): [   10.412801]shmctrl shmctrl_pqu: dmaaddr = 0x00000000229e0000, phys = 0x00000000a8e75000
01-01 09:00:05.816 D/kernel  (  626): [   10.412804]shmctrl shmctrl_pqu: dmaaddr = 0x00000000229e1000, phys = 0x00000000a8e76000
01-01 09:00:05.816 D/kernel  (  626): [   10.412806]shmctrl shmctrl_pqu: dmaaddr = 0x00000000229e2000, phys = 0x00000000a8e77000
01-01 09:00:05.816 D/kernel  (  626): [   10.412809]shmctrl shmctrl_pqu: dmaaddr = 0x00000000229e3000, phys = 0x00000000a8e78000
01-01 09:00:05.816 D/kernel  (  626): [   10.412811]shmctrl shmctrl_pqu: dmaaddr = 0x00000000229e4000, phys = 0x00000000a8e79000
01-01 09:00:05.816 D/kernel  (  626): [   10.412814]shmctrl shmctrl_pqu: dmaaddr = 0x00000000229e5000, phys = 0x00000000a8e7a000
01-01 09:00:05.816 D/kernel  (  626): [   10.412817]shmctrl shmctrl_pqu: dmaaddr = 0x00000000229e6000, phys = 0x00000000a8e7b000
01-01 09:00:05.816 D/kernel  (  626): [   10.412819]shmctrl shmctrl_pqu: dmaaddr = 0x00000000229e7000, phys = 0x00000000a8e7c000
01-01 09:00:05.816 D/kernel  (  626): [   10.412822]shmctrl shmctrl_pqu: dmaaddr = 0x00000000229e8000, phys = 0x00000000a8e7d000
01-01 09:00:05.816 D/kernel  (  626): [   10.412824]shmctrl shmctrl_pqu: dmaaddr = 0x00000000229e9000, phys = 0x00000000a8e7e000
01-01 09:00:05.816 D/kernel  (  626): [   10.412827]shmctrl shmctrl_pqu: dmaaddr = 0x00000000229ea000, phys = 0x00000000a8e7f000
01-01 09:00:05.816 D/kernel  (  626): [   10.412829]shmctrl shmctrl_pqu: dmaaddr = 0x00000000229eb000, phys = 0x00000000a8e80000
01-01 09:00:05.816 D/kernel  (  626): [   10.412832]shmctrl shmctrl_pqu: dmaaddr = 0x00000000229ec000, phys = 0x00000000a8e81000
01-01 09:00:05.816 D/kernel  (  626): [   10.412834]shmctrl shmctrl_pqu: dmaaddr = 0x00000000229ed000, phys = 0x00000000a8e82000
01-01 09:00:05.816 D/kernel  (  626): [   10.412837]shmctrl shmctrl_pqu: dmaaddr = 0x00000000229ee000, phys = 0x00000000a8e83000
01-01 09:00:05.816 D/kernel  (  626): [   10.412840]shmctrl shmctrl_pqu: dmaaddr = 0x00000000229ef000, phys = 0x00000000a8e84000
01-01 09:00:05.816 D/kernel  (  626): [   10.412842]shmctrl shmctrl_pqu: dmaaddr = 0x00000000229f0000, phys = 0x00000000a8e85000
01-01 09:00:05.816 D/kernel  (  626): [   10.412845]shmctrl shmctrl_pqu: dmaaddr = 0x00000000229f1000, phys = 0x00000000a8e86000
01-01 09:00:05.816 D/kernel  (  626): [   10.412847]shmctrl shmctrl_pqu: dmaaddr = 0x00000000229f2000, phys = 0x00000000a8e87000
01-01 09:00:05.816 D/kernel  (  626): [   10.412850]shmctrl shmctrl_pqu: dmaaddr = 0x00000000229f3000, phys = 0x00000000a8e88000
01-01 09:00:05.816 D/kernel  (  626): [   10.412853]shmctrl shmctrl_pqu: dmaaddr = 0x00000000229f4000, phys = 0x00000000a8e89000
01-01 09:00:05.816 D/kernel  (  626): [   10.412855]shmctrl shmctrl_pqu: dmaaddr = 0x00000000229f5000, phys = 0x00000000a8e8a000
01-01 09:00:05.851 I/hwcomposer.merak(  626): Model Name: LDBE::MSPI_DTS_parameter
01-01 09:00:05.816 D/kernel  (  626): [   10.412858]shmctrl shmctrl_pqu: dmaaddr = 0x00000000229f6000, phys = 0x00000000a8e8b000
01-01 09:00:05.851 I/hwcomposer.merak(  626): Path: /vendor/firmware/ldbe/MSPI_DTS_parameter
01-01 09:00:05.816 D/kernel  (  626): [   10.412860]shmctrl shmctrl_pqu: dmaaddr = 0x00000000229f7000, phys = 0x00000000a8e8c000
01-01 09:00:05.816 D/kernel  (  626): [   10.412863]shmctrl shmctrl_pqu: dmaaddr = 0x00000000229f8000, phys = 0x00000000a8e8d000
01-01 09:00:05.816 D/kernel  (  626): [   10.412865]shmctrl shmctrl_pqu: dmaaddr = 0x00000000229f9000, phys = 0x00000000a8e8e000
01-01 09:00:05.816 D/kernel  (  626): [   10.412868]shmctrl shmctrl_pqu: dmaaddr = 0x00000000229fa000, phys = 0x00000000a8e8f000
01-01 09:00:05.816 D/kernel  (  626): [   10.412871]shmctrl shmctrl_pqu: dmaaddr = 0x00000000229fb000, phys = 0x00000000a8e90000
01-01 09:00:05.816 D/kernel  (  626): [   10.412873]shmctrl shmctrl_pqu: dmaaddr = 0x00000000229fc000, phys = 0x00000000a8e91000
01-01 09:00:05.816 D/kernel  (  626): [   10.412876]shmctrl shmctrl_pqu: dmaaddr = 0x00000000229fd000, phys = 0x00000000a8e92000
01-01 09:00:05.816 D/kernel  (  626): [   10.412878]shmctrl shmctrl_pqu: dmaaddr = 0x00000000229fe000, phys = 0x00000000a8e93000
01-01 09:00:05.816 D/kernel  (  626): [   10.412881]shmctrl shmctrl_pqu: dmaaddr = 0x00000000229ff000, phys = 0x00000000a8e94000
01-01 09:00:05.816 D/kernel  (  626): [   10.412883]shmctrl shmctrl_pqu: dmaaddr = 0x0000000022a00000, phys = 0x00000000a8e95000
01-01 09:00:05.816 D/kernel  (  626): [   10.412886]shmctrl shmctrl_pqu: dmaaddr = 0x0000000022a01000, phys = 0x00000000a8e96000
01-01 09:00:05.816 D/kernel  (  626): [   10.412889]shmctrl shmctrl_pqu: dmaaddr = 0x0000000022a02000, phys = 0x00000000a8e97000
01-01 09:00:05.816 D/kernel  (  626): [   10.412891]shmctrl shmctrl_pqu: dmaaddr = 0x0000000022a03000, phys = 0x00000000a8e98000
01-01 09:00:05.816 D/kernel  (  626): [   10.412894]shmctrl shmctrl_pqu: dmaaddr = 0x0000000022a04000, phys = 0x00000000a8e99000
01-01 09:00:05.816 D/kernel  (  626): [   10.412896]shmctrl shmctrl_pqu: dmaaddr = 0x0000000022a05000, phys = 0x00000000a8e9a000
01-01 09:00:05.816 D/kernel  (  626): [   10.412899]shmctrl shmctrl_pqu: dmaaddr = 0x0000000022a06000, phys = 0x00000000a8e9b000
01-01 09:00:05.816 D/kernel  (  626): [   10.412901]shmctrl shmctrl_pqu: dmaaddr = 0x0000000022a07000, phys = 0x00000000a8e9c000
01-01 09:00:05.816 D/kernel  (  626): [   10.412904]shmctrl shmctrl_pqu: dmaaddr = 0x0000000022a08000, phys = 0x00000000a8e9d000
01-01 09:00:05.816 D/kernel  (  626): [   10.412906]shmctrl shmctrl_pqu: dmaaddr = 0x0000000022a09000, phys = 0x00000000a8e9e000
01-01 09:00:05.816 D/kernel  (  626): [   10.412909]shmctrl shmctrl_pqu: dmaaddr = 0x0000000022a0a000, phys = 0x00000000a8e9f000
01-01 09:00:05.816 D/kernel  (  626): [   10.412912]shmctrl shmctrl_pqu: dmaaddr = 0x0000000022a0b000, phys = 0x00000000a8ea0000
01-01 09:00:05.816 D/kernel  (  626): [   10.412914]shmctrl shmctrl_pqu: dmaaddr = 0x0000000022a0c000, phys = 0x00000000a8ea1000
01-01 09:00:05.816 D/kernel  (  626): [   10.412917]shmctrl shmctrl_pqu: dmaaddr = 0x0000000022a0d000, phys = 0x00000000a8ea2000
01-01 09:00:05.816 D/kernel  (  626): [   10.412919]shmctrl shmctrl_pqu: dmaaddr = 0x0000000022a0e000, phys = 0x00000000a8ea3000
01-01 09:00:05.816 D/kernel  (  626): [   10.412922]shmctrl shmctrl_pqu: dmaaddr = 0x0000000022a0f000, phys = 0x00000000a8ea4000
01-01 09:00:05.816 D/kernel  (  626): [   10.412924]shmctrl shmctrl_pqu: dmaaddr = 0x0000000022a10000, phys = 0x00000000a8ea5000
01-01 09:00:05.816 D/kernel  (  626): [   10.412927]shmctrl shmctrl_pqu: dmaaddr = 0x0000000022a11000, phys = 0x00000000a8ea6000
01-01 09:00:05.816 D/kernel  (  626): [   10.412929]shmctrl shmctrl_pqu: dmaaddr = 0x0000000022a12000, phys = 0x00000000a8ea7000
01-01 09:00:05.816 D/kernel  (  626): [   10.412932]shmctrl shmctrl_pqu: dmaaddr = 0x0000000022a13000, phys = 0x00000000a8ea8000
01-01 09:00:05.816 D/kernel  (  626): [   10.412935]shmctrl shmctrl_pqu: dmaaddr = 0x0000000022a14000, phys = 0x00000000a8ea9000
01-01 09:00:05.816 D/kernel  (  626): [   10.412937]shmctrl shmctrl_pqu: dmaaddr = 0x0000000022a15000, phys = 0x00000000a8eaa000
01-01 09:00:05.816 D/kernel  (  626): [   10.412940]shmctrl shmctrl_pqu: dmaaddr = 0x0000000022a16000, phys = 0x00000000a8eab000
01-01 09:00:05.816 D/kernel  (  626): [   10.412942]shmctrl shmctrl_pqu: dmaaddr = 0x0000000022a17000, phys = 0x00000000a8eac000
01-01 09:00:05.816 D/kernel  (  626): [   10.412945]shmctrl shmctrl_pqu: dmaaddr = 0x0000000022a18000, phys = 0x00000000a8ead000
01-01 09:00:05.816 D/kernel  (  626): [   10.412948]shmctrl shmctrl_pqu: dmaaddr = 0x0000000022a19000, phys = 0x00000000a8eae000
01-01 09:00:05.816 D/kernel  (  626): [   10.412950]shmctrl shmctrl_pqu: dmaaddr = 0x0000000022a1a000, phys = 0x00000000a8eaf000
01-01 09:00:05.816 D/kernel  (  626): [   10.412953]shmctrl shmctrl_pqu: dmaaddr = 0x0000000022a1b000, phys = 0x00000000a8eb0000
01-01 09:00:05.816 D/kernel  (  626): [   10.412955]shmctrl shmctrl_pqu: dmaaddr = 0x0000000022a1c000, phys = 0x00000000a8eb1000
01-01 09:00:05.816 D/kernel  (  626): [   10.412958]shmctrl shmctrl_pqu: dmaaddr = 0x0000000022a1d000, phys = 0x00000000a8eb2000
01-01 09:00:05.816 D/kernel  (  626): [   10.412960]shmctrl shmctrl_pqu: dmaaddr = 0x0000000022a1e000, phys = 0x00000000a8eb3000
01-01 09:00:05.816 D/kernel  (  626): [   10.412963]shmctrl shmctrl_pqu: dmaaddr = 0x0000000022a1f000, phys = 0x00000000a8eb4000
01-01 09:00:05.816 D/kernel  (  626): [   10.412966]shmctrl shmctrl_pqu: dmaaddr = 0x0000000022a20000, phys = 0x00000000a8eb5000
01-01 09:00:05.816 D/kernel  (  626): [   10.412968]shmctrl shmctrl_pqu: dmaaddr = 0x0000000022a21000, phys = 0x00000000a8eb6000
01-01 09:00:05.816 D/kernel  (  626): [   10.412971]shmctrl shmctrl_pqu: dmaaddr = 0x0000000022a22000, phys = 0x00000000a8eb7000
01-01 09:00:05.816 D/kernel  (  626): [   10.412973]shmctrl shmctrl_pqu: dmaaddr = 0x0000000022a23000, phys = 0x00000000a8eb8000
01-01 09:00:05.816 D/kernel  (  626): [   10.412976]shmctrl shmctrl_pqu: dmaaddr = 0x0000000022a24000, phys = 0x00000000a8eb9000
01-01 09:00:05.816 D/kernel  (  626): [   10.412979]shmctrl shmctrl_pqu: dmaaddr = 0x0000000022a25000, phys = 0x00000000a8eba000
01-01 09:00:05.816 D/kernel  (  626): [   10.412981]shmctrl shmctrl_pqu: dmaaddr = 0x0000000022a26000, phys = 0x00000000a8ebb000
01-01 09:00:05.816 D/kernel  (  626): [   10.412984]shmctrl shmctrl_pqu: dmaaddr = 0x0000000022a27000, phys = 0x00000000a8ebc000
01-01 09:00:05.816 D/kernel  (  626): [   10.412986]shmctrl shmctrl_pqu: dmaaddr = 0x0000000022a28000, phys = 0x00000000a8ebd000
01-01 09:00:05.816 D/kernel  (  626): [   10.412989]shmctrl shmctrl_pqu: dmaaddr = 0x0000000022a29000, phys = 0x00000000a8ebe000
01-01 09:00:05.816 D/kernel  (  626): [   10.412991]shmctrl shmctrl_pqu: dmaaddr = 0x0000000022a2a000, phys = 0x00000000a8ebf000
01-01 09:00:05.816 D/kernel  (  626): [   10.412994]shmctrl shmctrl_pqu: dmaaddr = 0x0000000022a2b000, phys = 0x00000000a8ec0000
01-01 09:00:05.816 D/kernel  (  626): [   10.412996]shmctrl shmctrl_pqu: dmaaddr = 0x0000000022a2c000, phys = 0x00000000a8ec1000
01-01 09:00:05.816 D/kernel  (  626): [   10.412999]shmctrl shmctrl_pqu: dmaaddr = 0x0000000022a2d000, phys = 0x00000000a8ec2000
01-01 09:00:05.816 D/kernel  (  626): [   10.413001]shmctrl shmctrl_pqu: dmaaddr = 0x0000000022a2e000, phys = 0x00000000a8ec3000
01-01 09:00:05.816 D/kernel  (  626): [   10.413004]shmctrl shmctrl_pqu: dmaaddr = 0x0000000022a2f000, phys = 0x00000000a8ec4000
01-01 09:00:05.816 D/kernel  (  626): [   10.413007]shmctrl shmctrl_pqu: dmaaddr = 0x0000000022a30000, phys = 0x00000000a8ec5000
01-01 09:00:05.816 D/kernel  (  626): [   10.413009]shmctrl shmctrl_pqu: dmaaddr = 0x0000000022a31000, phys = 0x00000000a8ec6000
01-01 09:00:05.816 D/kernel  (  626): [   10.413012]shmctrl shmctrl_pqu: dmaaddr = 0x0000000022a32000, phys = 0x00000000a8ec7000
01-01 09:00:05.816 D/kernel  (  626): [   10.413014]shmctrl shmctrl_pqu: dmaaddr = 0x0000000022a33000, phys = 0x00000000a8ec8000
01-01 09:00:05.816 D/kernel  (  626): [   10.413017]shmctrl shmctrl_pqu: dmaaddr = 0x0000000022a34000, phys = 0x00000000a8ec9000
01-01 09:00:05.816 D/kernel  (  626): [   10.413019]shmctrl shmctrl_pqu: dmaaddr = 0x0000000022a35000, phys = 0x00000000a8eca000
01-01 09:00:05.816 D/kernel  (  626): [   10.413022]shmctrl shmctrl_pqu: dmaaddr = 0x0000000022a36000, phys = 0x00000000a8ecb000
01-01 09:00:05.816 D/kernel  (  626): [   10.413024]shmctrl shmctrl_pqu: dmaaddr = 0x0000000022a37000, phys = 0x00000000a8ecc000
01-01 09:00:05.816 D/kernel  (  626): [   10.413027]shmctrl shmctrl_pqu: dmaaddr = 0x0000000022a38000, phys = 0x00000000a8ecd000
01-01 09:00:05.816 D/kernel  (  626): [   10.413030]shmctrl shmctrl_pqu: dmaaddr = 0x0000000022a39000, phys = 0x00000000a8ece000
01-01 09:00:05.816 D/kernel  (  626): [   10.413032]shmctrl shmctrl_pqu: dmaaddr = 0x0000000022a3a000, phys = 0x00000000a8ecf000
01-01 09:00:05.816 D/kernel  (  626): [   10.413035]shmctrl shmctrl_pqu: dmaaddr = 0x0000000022a3b000, phys = 0x00000000a8ed0000
01-01 09:00:05.816 D/kernel  (  626): [   10.413037]shmctrl shmctrl_pqu: dmaaddr = 0x0000000022a3c000, phys = 0x00000000a8ed1000
01-01 09:00:05.816 D/kernel  (  626): [   10.413040]shmctrl shmctrl_pqu: dmaaddr = 0x0000000022a3d000, phys = 0x00000000a8ed2000
01-01 09:00:05.816 D/kernel  (  626): [   10.413042]shmctrl shmctrl_pqu: dmaaddr = 0x0000000022a3e000, phys = 0x00000000a8ed3000
01-01 09:00:05.816 D/kernel  (  626): [   10.413045]shmctrl shmctrl_pqu: dmaaddr = 0x0000000022a3f000, phys = 0x00000000a8ed4000
01-01 09:00:05.816 D/kernel  (  626): [   10.413047]shmctrl shmctrl_pqu: dmaaddr = 0x0000000022a40000, phys = 0x00000000a8ed5000
01-01 09:00:05.816 D/kernel  (  626): [   10.413050]shmctrl shmctrl_pqu: dmaaddr = 0x0000000022a41000, phys = 0x00000000a8ed6000
01-01 09:00:05.816 D/kernel  (  626): [   10.413052]shmctrl shmctrl_pqu: dmaaddr = 0x0000000022a42000, phys = 0x00000000a8ed7000
01-01 09:00:05.816 D/kernel  (  626): [   10.413055]shmctrl shmctrl_pqu: dmaaddr = 0x0000000022a43000, phys = 0x00000000a8ed8000
01-01 09:00:05.852 I/hwcomposer.merak(  626): Succeed to get string for key: PanelID, value: YDEM007UNG0101
01-01 09:00:05.816 D/kernel  (  626): [   10.413058]shmctrl shmctrl_pqu: dmaaddr = 0x0000000022a44000, phys = 0x00000000a8ed9000
01-01 09:00:05.852 I/DataVariationResolver(  626): return default_data_name : MSPI_DTS_parameter_dummy.bin
01-01 09:00:05.816 D/kernel  (  626): [   10.413060]shmctrl shmctrl_pqu: dmaaddr = 0x0000000022a45000, phys = 0x00000000a8eda000
01-01 09:00:05.816 D/kernel  (  626): [   10.413063]shmctrl shmctrl_pqu: dmaaddr = 0x0000000022a46000, phys = 0x00000000a8edb000
01-01 09:00:05.816 D/kernel  (  626): [   10.413065]shmctrl shmctrl_pqu: dmaaddr = 0x0000000022a47000, phys = 0x00000000a8edc000
01-01 09:00:05.816 D/kernel  (  626): [   10.413068]shmctrl shmctrl_pqu: dmaaddr = 0x0000000022a48000, phys = 0x00000000a8edd000
01-01 09:00:05.816 D/kernel  (  626): [   10.413070]shmctrl shmctrl_pqu: dmaaddr = 0x0000000022a49000, phys = 0x00000000a8ede000
01-01 09:00:05.816 D/kernel  (  626): [   10.413073]shmctrl shmctrl_pqu: dmaaddr = 0x0000000022a4a000, phys = 0x00000000a8edf000
01-01 09:00:05.816 D/kernel  (  626): [   10.413075]shmctrl shmctrl_pqu: dmaaddr = 0x0000000022a4b000, phys = 0x00000000a8ee0000
01-01 09:00:05.816 D/kernel  (  626): [   10.413078]shmctrl shmctrl_pqu: dmaaddr = 0x0000000022a4c000, phys = 0x00000000a8ee1000
01-01 09:00:05.816 D/kernel  (  626): [   10.413081]shmctrl shmctrl_pqu: dmaaddr = 0x0000000022a4d000, phys = 0x00000000a8ee2000
01-01 09:00:05.816 I/kernel  (  464): [   10.413190]complete
01-01 09:00:05.816 D/kernel  (  464): [   10.413204]shmctrl_cb05 00 00 00 00 00 00 00 20 bd c1 0c c0 ff ff ff  ........ .......
01-01 09:00:05.816 D/kernel  (  626): [   10.413205]shmctrl shmctrl_pqu: shminfo: dma_addr(0x000000002196b000) shm_name(sony_pqu_pdat)
01-01 09:00:05.816 D/kernel  (  464): [   10.413212]shmctrl_cb00 00 00 00 00 00 00 00 00 00 00 00 00 00 00 00  ................
01-01 09:00:05.816 D/kernel  (  464): [   10.413216]shmctrl_cb00 00 00 00 00 00 00 00                          ........
01-01 09:00:05.853 I/hwcomposer.merak(  626): Model Name: LDBE::Light_Profile_S1
01-01 09:00:05.853 I/hwcomposer.merak(  626): Path: /vendor/firmware/ldbe/Light_Profile_S1
01-01 09:00:05.854 I/hwcomposer.merak(  626): Succeed to get string for key: PanelID, value: YDEM007UNG0101
01-01 09:00:05.854 I/DataVariationResolver(  626): return default_data_name : Light_Profile_S1_dummy.bin
01-01 09:00:05.855 I/hwcomposer.merak(  626): Model Name: LDBE::Light_Profile_Index_R
01-01 09:00:05.855 I/hwcomposer.merak(  626): Path: /vendor/firmware/ldbe/Light_Profile_Index_R
01-01 09:00:05.856 I/hwcomposer.merak(  626): Succeed to get string for key: PanelID, value: YDEM007UNG0101
01-01 09:00:05.856 I/DataVariationResolver(  626): return default_data_name : Light_Profile_Index_R_dummy.bin
01-01 09:00:05.856 I/hwcomposer.merak(  626): Model Name: LDBE::Light_Profile_Index_G
01-01 09:00:05.857 I/hwcomposer.merak(  626): Path: /vendor/firmware/ldbe/Light_Profile_Index_G
01-01 09:00:05.857 I/hwcomposer.merak(  626): Succeed to get string for key: PanelID, value: YDEM007UNG0101
01-01 09:00:05.857 D/audio_hw_primary(  617): utils_register_service() Try to register IMs12 AIDL service vendor.dolby.audio.ms12.IMs12/default
01-01 09:00:05.858 I/DataVariationResolver(  626): return default_data_name : Light_Profile_Index_G_dummy.bin
01-01 09:00:05.858 I/hwcomposer.merak(  626): Model Name: LDBE::Light_Profile_Index_B
01-01 09:00:05.858 I/hwcomposer.merak(  626): Path: /vendor/firmware/ldbe/Light_Profile_Index_B
01-01 09:00:05.859 I/hwcomposer.merak(  626): Succeed to get string for key: PanelID, value: YDEM007UNG0101
01-01 09:00:05.859 D/audio_hw_primary(  617): utils_register_service() Registered IMs12 AIDL service
01-01 09:00:05.859 I/DataVariationResolver(  626): return default_data_name : Light_Profile_Index_B_dummy.bin
01-01 09:00:05.859 I/TpcAudioConnection(  617): TpcAudioConnection: this 0xf60c8050, cb 0xf1ee23c8.
01-01 09:00:05.859 I/TpcAudioConnection(  617): getInstance: m_tpc_connection_instance 0xf60c8050.
01-01 09:00:05.859 I/TpcAudioLink(  617): TpcAudioLink: this 0xf5100d30, tpc audio service name='vendor.mediatek.hardware.tpc.ITpcConnection/audio'
01-01 09:00:05.859 E/<MI_PQ> (  626): <ERR>MI_PQ_OpenJson[7482]: Error opening /mnt/vendor/persist/pq/presetdb/ColorRemapping.json
01-01 09:00:05.859 E/<MI_PQ> (  626): <ERR><<<MI_PQ_OpenJson[7483]FAIL, RET: 3
01-01 09:00:05.859 I/[PQPARAM_ERR ](  626): _MI_PQ_ApplyParams_OpenJson[4354]Open Json fail [PQ_general:m_pCusPresetDbClrRemap]
01-01 09:00:05.859 E/<MI_PQ> (  626): <ERR><<<_MI_PQ_ApplyParams_OpenJson[4355]FAIL, RET: 3
01-01 09:00:05.859 I/hwcomposer.merak(  626): Model Name: LDBE::Light_Profile_Edge2D_R
01-01 09:00:05.859 I/hwcomposer.merak(  626): Path: /vendor/firmware/ldbe/Light_Profile_Edge2D_R
01-01 09:00:05.860 I/hwcomposer.merak(  626): Succeed to get string for key: PanelID, value: YDEM007UNG0101
