08-08 04:45:57.120 D/ActivityManagerTiming(  741): OnBootPhase_1000_com.android.server.alarm.AlarmManagerService
08-08 04:45:57.120 V/ActivityManagerTiming(  741): OnBootPhase_1000_com.android.server.alarm.AlarmManagerService took to complete: 0ms
08-08 04:45:57.120 D/ActivityManagerTiming(  741): OnBootPhase_1000_com.android.server.devicestate.DeviceStateManagerService
08-08 04:45:57.120 V/ActivityManagerTiming(  741): OnBootPhase_1000_com.android.server.devicestate.DeviceStateManagerService took to complete: 0ms
08-08 04:45:57.120 D/ActivityManagerTiming(  741): OnBootPhase_1000_com.android.server.camera.CameraServiceProxy
08-08 04:45:57.122 E/ActivityManager(  741): Sending non-protected broadcast com.sony.dtv.intent.action.USER_ACTIVITY_ACTIVE from system 741:system/1000 pkg android
08-08 04:45:57.122 E/ActivityManager(  741): java.lang.Throwable
08-08 04:45:57.122 E/ActivityManager(  741): 	at com.android.server.am.ActivityManagerService.checkBroadcastFromSystem(ActivityManagerService.java:14427)
08-08 04:45:57.122 E/ActivityManager(  741): 	at com.android.server.am.ActivityManagerService.broadcastIntentLockedTraced(ActivityManagerService.java:15252)
08-08 04:45:57.122 E/ActivityManager(  741): 	at com.android.server.am.ActivityManagerService.broadcastIntentLocked(ActivityManagerService.java:14491)
08-08 04:45:57.122 E/ActivityManager(  741): 	at com.android.server.am.ActivityManagerService.broadcastIntentWithFeature(ActivityManagerService.java:15457)
08-08 04:45:57.122 E/ActivityManager(  741): 	at android.app.ContextImpl.sendBroadcast(ContextImpl.java:1224)
08-08 04:45:57.122 E/ActivityManager(  741): 	at com.android.server.power.PowerManagerService.handleSonyUserActivity(PowerManagerService.java:3316)
08-08 04:45:57.122 E/ActivityManager(  741): 	at com.android.server.power.PowerManagerService.-$$Nest$mhandleSonyUserActivity(PowerManagerService.java:0)
08-08 04:45:57.122 E/ActivityManager(  741): 	at com.android.server.power.PowerManagerService$PowerManagerHandlerCallback.handleMessage(PowerManagerService.java:5473)
08-08 04:45:57.122 E/ActivityManager(  741): 	at android.os.Handler.dispatchMessage(Handler.java:102)
08-08 04:45:57.122 E/ActivityManager(  741): 	at android.os.Looper.loopOnce(Looper.java:205)
08-08 04:45:57.122 E/ActivityManager(  741): 	at android.os.Looper.loop(Looper.java:294)
08-08 04:45:57.122 E/ActivityManager(  741): 	at android.os.HandlerThread.run(HandlerThread.java:67)
08-08 04:45:57.122 E/ActivityManager(  741): 	at com.android.server.ServiceThread.run(ServiceThread.java:46)
08-08 04:45:57.122 W/ContextImpl(  741): Calling a method in the system process without a qualified user: android.app.ContextImpl.sendBroadcast:1220 com.android.server.power.PowerManagerService.handleSonyUserActivity:3316 com.android.server.power.PowerManagerService.-$$Nest$mhandleSonyUserActivity:0 com.android.server.power.PowerManagerService$PowerManagerHandlerCallback.handleMessage:5473 android.os.Handler.dispatchMessage:102 
08-08 04:45:57.123 V/ActivityManagerTiming(  741): OnBootPhase_1000_com.android.server.camera.CameraServiceProxy took to complete: 2ms
08-08 04:45:57.123 D/ActivityManagerTiming(  741): OnBootPhase_1000_com.android.server.bluetooth.BluetoothService
08-08 04:45:57.123 V/ActivityManagerTiming(  741): OnBootPhase_1000_com.android.server.bluetooth.BluetoothService took to complete: 0ms
08-08 04:45:57.123 D/ActivityManagerTiming(  741): OnBootPhase_1000_com.android.server.connectivity.IpConnectivityMetrics
08-08 04:45:57.123 V/ActivityManagerTiming(  741): OnBootPhase_1000_com.android.server.connectivity.IpConnectivityMetrics took to complete: 0ms
08-08 04:45:57.123 D/ActivityManagerTiming(  741): OnBootPhase_1000_com.android.server.net.watchlist.NetworkWatchlistService$Lifecycle
08-08 04:45:57.123 V/ActivityManagerTiming(  741): OnBootPhase_1000_com.android.server.net.watchlist.NetworkWatchlistService$Lifecycle took to complete: 0ms
08-08 04:45:57.123 D/ActivityManagerTiming(  741): OnBootPhase_1000_com.android.server.PinnerService
08-08 04:45:57.123 V/ActivityManagerTiming(  741): OnBootPhase_1000_com.android.server.PinnerService took to complete: 0ms
08-08 04:45:57.123 D/ActivityManagerTiming(  741): OnBootPhase_1000_com.android.server.integrity.AppIntegrityManagerService
08-08 04:45:57.123 V/ActivityManagerTiming(  741): OnBootPhase_1000_com.android.server.integrity.AppIntegrityManagerService took to complete: 0ms
08-08 04:45:57.123 D/ActivityManagerTiming(  741): OnBootPhase_1000_com.android.server.logcat.LogcatManagerService
08-08 04:45:57.123 V/ActivityManagerTiming(  741): OnBootPhase_1000_com.android.server.logcat.LogcatManagerService took to complete: 0ms
08-08 04:45:57.123 D/ActivityManagerTiming(  741): OnBootPhase_1000_com.sony.dtv.server.HealthKeepService
08-08 04:45:57.123 V/ActivityManagerTiming(  741): OnBootPhase_1000_com.sony.dtv.server.HealthKeepService took to complete: 0ms
08-08 04:45:57.123 D/ActivityManagerTiming(  741): OnBootPhase_1000_com.android.server.inputmethod.InputMethodManagerService$Lifecycle
08-08 04:45:57.123 V/ActivityManagerTiming(  741): OnBootPhase_1000_com.android.server.inputmethod.InputMethodManagerService$Lifecycle took to complete: 0ms
08-08 04:45:57.123 D/ActivityManagerTiming(  741): OnBootPhase_1000_com.android.server.accessibility.AccessibilityManagerService$Lifecycle
08-08 04:45:57.123 V/ActivityManagerTiming(  741): OnBootPhase_1000_com.android.server.accessibility.AccessibilityManagerService$Lifecycle took to complete: 0ms
08-08 04:45:57.123 D/ActivityManagerTiming(  741): OnBootPhase_1000_com.android.server.StorageManagerService$Lifecycle
08-08 04:45:57.123 V/ActivityManagerTiming(  741): OnBootPhase_1000_com.android.server.StorageManagerService$Lifecycle took to complete: 0ms
08-08 04:45:57.123 D/ActivityManagerTiming(  741): OnBootPhase_1000_com.android.server.usage.StorageStatsService$Lifecycle
08-08 04:45:57.123 V/ActivityManagerTiming(  741): OnBootPhase_1000_com.android.server.usage.StorageStatsService$Lifecycle took to complete: 0ms
08-08 04:45:57.123 D/ActivityManagerTiming(  741): OnBootPhase_1000_com.android.server.UiModeManagerService
08-08 04:45:57.123 V/ActivityManagerTiming(  741): OnBootPhase_1000_com.android.server.UiModeManagerService took to complete: 0ms
08-08 04:45:57.123 D/ActivityManagerTiming(  741): OnBootPhase_1000_com.android.server.locales.LocaleManagerService
08-08 04:45:57.123 V/ActivityManagerTiming(  741): OnBootPhase_1000_com.android.server.locales.LocaleManagerService took to complete: 0ms
08-08 04:45:57.123 D/ActivityManagerTiming(  741): OnBootPhase_1000_com.android.server.grammaticalinflection.GrammaticalInflectionService
08-08 04:45:57.123 V/ActivityManagerTiming(  741): OnBootPhase_1000_com.android.server.grammaticalinflection.GrammaticalInflectionService took to complete: 0ms
08-08 04:45:57.123 D/ActivityManagerTiming(  741): OnBootPhase_1000_com.android.server.apphibernation.AppHibernationService
08-08 04:45:57.124 V/ActivityManagerTiming(  741): OnBootPhase_1000_com.android.server.apphibernation.AppHibernationService took to complete: 0ms
08-08 04:45:57.124 D/ActivityManagerTiming(  741): OnBootPhase_1000_com.android.server.locksettings.LockSettingsService$Lifecycle
08-08 04:45:57.124 V/ActivityManagerTiming(  741): OnBootPhase_1000_com.android.server.locksettings.LockSettingsService$Lifecycle took to complete: 0ms
08-08 04:45:57.124 D/ActivityManagerTiming(  741): OnBootPhase_1000_com.android.server.PersistentDataBlockService
08-08 04:45:57.124 V/ActivityManagerTiming(  741): OnBootPhase_1000_com.android.server.PersistentDataBlockService took to complete: 0ms
08-08 04:45:57.124 D/ActivityManagerTiming(  741): OnBootPhase_1000_com.android.server.testharness.TestHarnessModeService
08-08 04:45:57.124 D/TestHarnessModeService(  741): Completing Test Harness Mode setup.
08-08 04:45:57.124 D/CompatibilityChangeReporter(  741): Compat change id reported: 135634846; UID 10227; state: DISABLED
08-08 04:45:57.124 D/CompatibilityChangeReporter(  741): Compat change id reported: 177438394; UID 10227; state: DISABLED
08-08 04:45:57.124 D/CompatibilityChangeReporter(  741): Compat change id reported: 135772972; UID 10227; state: DISABLED
08-08 04:45:57.124 D/CompatibilityChangeReporter(  741): Compat change id reported: 135754954; UID 10227; state: ENABLED
08-08 04:45:57.125 D/StorageManagerService(  741): Thinking about reset, mBootCompleted=true, mDaemonConnected=true
08-08 04:45:57.125 I/StorageSessionController(  741): Started resetting external storage service...
08-08 04:45:57.125 I/StorageSessionController(  741): Finished resetting external storage service
08-08 04:45:57.125 I/StorageManagerService(  741): Resetting vold...
08-08 04:45:57.126 D/Zygote  (  405): Forked child process 1664
08-08 04:45:57.126 E/IPCThreadState(  571): binder thread pool (1 threads) starved for 116 ms
08-08 04:45:57.126 I/ActivityManager(  741): Start proc 1664:com.sony.dtv.update.agent.suppressor/u0a200 for content provider {com.sony.dtv.update.agent.suppressor/com.sony.dtv.update.agent.suppressor.provider.UpdateCompletionStatusProvider}
08-08 04:45:57.127 D/CompatibilityChangeReporter(  741): Compat change id reported: 265195908; UID 1068; state: ENABLED
08-08 04:45:57.127 I/StorageManagerService(  741): Reset vold
08-08 04:45:57.127 D/CompatibilityChangeReporter(  741): Compat change id reported: 143937733; UID 10227; state: ENABLED
08-08 04:45:57.127 I/vold    (  248): onUserAdded: 0
08-08 04:45:57.131 I/vold    (  248): onUserAdded: 10
08-08 04:45:57.156 I/kernel  (  232): [   21.262866]servicemanager: Found android.hardware.wifi.IWifi/default in device VINTF manifest.
08-08 04:45:57.136 D/Zygote  (  405): Forked child process 1665
08-08 04:45:57.137 I/ActivityManager(  741): Start proc 1665:com.sony.dtv.panelsettings/u0a227 for broadcast {com.sony.dtv.panelsettings/com.sony.dtv.panelsettings.PanelSettingsReceiver}
08-08 04:45:57.138 I/HibernationStateDiskStore(  741): No hibernation file on disk for file /data/system/hibernation/states
08-08 04:45:57.140 V/ActivityManagerTiming(  741): OnBootPhase_1000_com.android.server.testharness.TestHarnessModeService took to complete: 17ms
08-08 04:45:57.140 D/ActivityManagerTiming(  741): OnBootPhase_1000_com.android.server.oemlock.OemLockService
08-08 04:45:57.140 V/ActivityManagerTiming(  741): OnBootPhase_1000_com.android.server.oemlock.OemLockService took to complete: 0ms
08-08 04:45:57.140 D/ActivityManagerTiming(  741): OnBootPhase_1000_com.android.server.DeviceIdleController
08-08 04:45:57.140 V/ActivityManagerTiming(  741): OnBootPhase_1000_com.android.server.DeviceIdleController took to complete: 0ms
08-08 04:45:57.140 D/ActivityManagerTiming(  741): OnBootPhase_1000_com.android.server.devicepolicy.DevicePolicyManagerService$Lifecycle
08-08 04:45:57.140 V/ActivityManagerTiming(  741): OnBootPhase_1000_com.android.server.devicepolicy.DevicePolicyManagerService$Lifecycle took to complete: 0ms
08-08 04:45:57.141 D/ActivityManagerTiming(  741): OnBootPhase_1000_com.android.server.texttospeech.TextToSpeechManagerService
08-08 04:45:57.141 V/ActivityManagerTiming(  741): OnBootPhase_1000_com.android.server.texttospeech.TextToSpeechManagerService took to complete: 0ms
08-08 04:45:57.141 D/ActivityManagerTiming(  741): OnBootPhase_1000_com.android.server.ambientcontext.AmbientContextManagerService
08-08 04:45:57.141 V/ActivityManagerTiming(  741): OnBootPhase_1000_com.android.server.ambientcontext.AmbientContextManagerService took to complete: 0ms
08-08 04:45:57.141 D/ActivityManagerTiming(  741): OnBootPhase_1000_com.android.server.wearable.WearableSensingManagerService
08-08 04:45:57.141 V/ActivityManagerTiming(  741): OnBootPhase_1000_com.android.server.wearable.WearableSensingManagerService took to complete: 0ms
08-08 04:45:57.141 D/ActivityManagerTiming(  741): OnBootPhase_1000_com.android.server.speech.SpeechRecognitionManagerService
08-08 04:45:57.141 V/ActivityManagerTiming(  741): OnBootPhase_1000_com.android.server.speech.SpeechRecognitionManagerService took to complete: 0ms
08-08 04:45:57.141 D/ActivityManagerTiming(  741): OnBootPhase_1000_com.android.server.searchui.SearchUiManagerService
08-08 04:45:57.141 V/ActivityManagerTiming(  741): OnBootPhase_1000_com.android.server.searchui.SearchUiManagerService took to complete: 0ms
08-08 04:45:57.141 D/ActivityManagerTiming(  741): OnBootPhase_1000_com.android.server.smartspace.SmartspaceManagerService
08-08 04:45:57.141 V/ActivityManagerTiming(  741): OnBootPhase_1000_com.android.server.smartspace.SmartspaceManagerService took to complete: 0ms
08-08 04:45:57.141 D/ActivityManagerTiming(  741): OnBootPhase_1000_com.android.server.graphics.fonts.FontManagerService$Lifecycle
08-08 04:45:57.141 V/ActivityManagerTiming(  741): OnBootPhase_1000_com.android.server.graphics.fonts.FontManagerService$Lifecycle took to complete: 0ms
08-08 04:45:57.141 D/ActivityManagerTiming(  741): OnBootPhase_1000_com.android.server.textservices.TextServicesManagerService$Lifecycle
08-08 04:45:57.141 V/ActivityManagerTiming(  741): OnBootPhase_1000_com.android.server.textservices.TextServicesManagerService$Lifecycle took to complete: 0ms
08-08 04:45:57.141 D/ActivityManagerTiming(  741): OnBootPhase_1000_com.android.server.textclassifier.TextClassificationManagerService$Lifecycle
08-08 04:45:57.141 V/ActivityManagerTiming(  741): OnBootPhase_1000_com.android.server.textclassifier.TextClassificationManagerService$Lifecycle took to complete: 0ms
08-08 04:45:57.141 D/ActivityManagerTiming(  741): OnBootPhase_1000_com.android.server.NetworkScoreService$Lifecycle
08-08 04:45:57.141 V/ActivityManagerTiming(  741): OnBootPhase_1000_com.android.server.NetworkScoreService$Lifecycle took to complete: 0ms
08-08 04:45:57.141 D/ActivityManagerTiming(  741): OnBootPhase_1000_com.android.server.NetworkStatsServiceInitializer
08-08 04:45:57.141 V/ActivityManagerTiming(  741): OnBootPhase_1000_com.android.server.NetworkStatsServiceInitializer took to complete: 0ms
08-08 04:45:57.141 D/ActivityManagerTiming(  741): OnBootPhase_1000_com.android.server.wifi.WifiService
08-08 04:45:57.142 D/WifiService(  741): Handle boot completed
08-08 04:45:57.142 D/AutofillManagerService(  741): Restriction did not change for user 0
08-08 04:45:57.143 I/WifiScoreCard(  741): Installing MemoryStore
08-08 04:45:57.143 I/WifiHealthMonitor(  741): Installing MemoryStore
08-08 04:45:57.145 D/AutofillManagerService(  741): Restriction did not change for user 10
08-08 04:45:57.145 D/WifiHealthMonitor(  741): "HyokaT-Buffalo-B_2.4GHz"
08-08 04:45:57.147 V/ActivityManagerTiming(  741): OnBootPhase_1000_com.android.server.wifi.WifiService took to complete: 6ms
08-08 04:45:57.147 D/ActivityManagerTiming(  741): OnBootPhase_1000_com.android.server.wifi.scanner.WifiScanningService
08-08 04:45:57.147 V/ActivityManagerTiming(  741): OnBootPhase_1000_com.android.server.wifi.scanner.WifiScanningService took to complete: 0ms
08-08 04:45:57.147 D/ActivityManagerTiming(  741): OnBootPhase_1000_com.android.server.ConnectivityServiceInitializer
08-08 04:45:57.149 D/CompatibilityChangeReporter( 1221): Compat change id reported: 247079863; UID 10204; state: ENABLED
08-08 04:45:57.149 V/ActivityManagerTiming(  741): OnBootPhase_1000_com.android.server.ConnectivityServiceInitializer took to complete: 1ms
08-08 04:45:57.149 D/ActivityManagerTiming(  741): OnBootPhase_1000_com.android.server.notification.NotificationManagerService
08-08 04:45:57.149 V/ActivityManagerTiming(  741): OnBootPhase_1000_com.android.server.notification.NotificationManagerService took to complete: 0ms
08-08 04:45:57.149 D/ActivityManagerTiming(  741): OnBootPhase_1000_com.android.server.storage.DeviceStorageMonitorService
08-08 04:45:57.149 V/ActivityManagerTiming(  741): OnBootPhase_1000_com.android.server.storage.DeviceStorageMonitorService took to complete: 0ms
08-08 04:45:57.149 D/ActivityManagerTiming(  741): OnBootPhase_1000_com.android.server.timedetector.TimeDetectorService$Lifecycle
08-08 04:45:57.149 V/ActivityManagerTiming(  741): OnBootPhase_1000_com.android.server.timedetector.TimeDetectorService$Lifecycle took to complete: 0ms
08-08 04:45:57.149 D/ActivityManagerTiming(  741): OnBootPhase_1000_com.android.server.location.LocationManagerService$Lifecycle
08-08 04:45:57.149 V/ActivityManagerTiming(  741): OnBootPhase_1000_com.android.server.location.LocationManagerService$Lifecycle took to complete: 0ms
08-08 04:45:57.149 D/ActivityManagerTiming(  741): OnBootPhase_1000_com.android.server.timezonedetector.TimeZoneDetectorService$Lifecycle
08-08 04:45:57.149 V/ActivityManagerTiming(  741): OnBootPhase_1000_com.android.server.timezonedetector.TimeZoneDetectorService$Lifecycle took to complete: 0ms
08-08 04:45:57.149 D/ActivityManagerTiming(  741): OnBootPhase_1000_com.android.server.location.altitude.AltitudeService$Lifecycle
08-08 04:45:57.149 V/ActivityManagerTiming(  741): OnBootPhase_1000_com.android.server.location.altitude.AltitudeService$Lifecycle took to complete: 0ms
08-08 04:45:57.149 D/ActivityManagerTiming(  741): OnBootPhase_1000_com.android.server.timezonedetector.location.LocationTimeZoneManagerService$Lifecycle
08-08 04:45:57.149 V/ActivityManagerTiming(  741): OnBootPhase_1000_com.android.server.timezonedetector.location.LocationTimeZoneManagerService$Lifecycle took to complete: 0ms
08-08 04:45:57.149 D/ActivityManagerTiming(  741): OnBootPhase_1000_com.android.server.search.SearchManagerService$Lifecycle
08-08 04:45:57.149 V/ActivityManagerTiming(  741): OnBootPhase_1000_com.android.server.search.SearchManagerService$Lifecycle took to complete: 0ms
08-08 04:45:57.150 D/ActivityManagerTiming(  741): OnBootPhase_1000_com.android.server.wallpaper.WallpaperManagerService$Lifecycle
08-08 04:45:57.150 V/ActivityManagerTiming(  741): OnBootPhase_1000_com.android.server.wallpaper.WallpaperManagerService$Lifecycle took to complete: 0ms
08-08 04:45:57.150 D/ActivityManagerTiming(  741): OnBootPhase_1000_com.android.server.wallpapereffectsgeneration.WallpaperEffectsGenerationManagerService
08-08 04:45:57.150 V/ActivityManagerTiming(  741): OnBootPhase_1000_com.android.server.wallpapereffectsgeneration.WallpaperEffectsGenerationManagerService took to complete: 0ms
08-08 04:45:57.150 D/ActivityManagerTiming(  741): OnBootPhase_1000_com.android.server.audio.AudioService$Lifecycle
08-08 04:45:57.150 V/ActivityManagerTiming(  741): OnBootPhase_1000_com.android.server.audio.AudioService$Lifecycle took to complete: 0ms
08-08 04:45:57.150 D/ActivityManagerTiming(  741): OnBootPhase_1000_com.android.server.soundtrigger_middleware.SoundTriggerMiddlewareService$Lifecycle
08-08 04:45:57.150 V/ActivityManagerTiming(  741): OnBootPhase_1000_com.android.server.soundtrigger_middleware.SoundTriggerMiddlewareService$Lifecycle took to complete: 0ms
08-08 04:45:57.150 D/ActivityManagerTiming(  741): OnBootPhase_1000_com.android.server.adb.AdbService$Lifecycle
08-08 04:45:57.151 I/WifiService(  741): getWifiEnabledState uid=1000 state=3
08-08 04:45:57.151 D/WifiNetworkFactory(  741): Registering NetworkFactory
08-08 04:45:57.151 D/UntrustedWifiNetworkFactory(  741): Registering NetworkFactory
08-08 04:45:57.151 D/RestrictedWifiNetworkFactory(  741): Registering NetworkFactory
08-08 04:45:57.152 D/OemPaidWifiNetworkFactory(  741): Registering NetworkFactory
08-08 04:45:57.152 D/MultiInternetWifiNetworkFactory(  741): Registering NetworkFactory
08-08 04:45:57.152 D/ConnectivityService(  741): Got NetworkProvider Messenger for WifiNetworkFactory
08-08 04:45:57.153 D/ConnectivityService(  741): Got NetworkProvider Messenger for UntrustedWifiNetworkFactory
08-08 04:45:57.153 D/ConnectivityService(  741): Got NetworkProvider Messenger for RestrictedWifiNetworkFactory
08-08 04:45:57.153 D/ConnectivityService(  741): Got NetworkProvider Messenger for OemPaidWifiNetworkFactory
08-08 04:45:57.153 D/ConnectivityService(  741): Got NetworkProvider Messenger for MultiInternetWifiNetworkFactory
08-08 04:45:57.156 I/ExplicitHealthCheckController(  741): Explicit health check service is connected ComponentInfo{com.google.android.ext.services/android.ext.services.watchdog.ExplicitHealthCheckServiceImpl}
08-08 04:45:57.156 I/ExplicitHealthCheckController(  741): Service initialized, syncing requests
08-08 04:45:57.157 V/NotificationAssistants(  741): 0 notification assistant service connected: ComponentInfo{com.google.android.ext.services/android.ext.services.notification.Assistant}
08-08 04:45:57.157 D/BluetoothManagerService(  741): Bluetooth Adapter name changed to GoogleTV1493 by android
08-08 04:45:57.157 D/BluetoothManagerService(  741): Stored Bluetooth name: GoogleTV1493
08-08 04:45:57.158 V/ActivityManagerTiming(  741): OnBootPhase_1000_com.android.server.adb.AdbService$Lifecycle took to complete: 7ms
08-08 04:45:57.158 D/ActivityManagerTiming(  741): OnBootPhase_1000_com.android.server.usb.UsbService$Lifecycle
08-08 04:45:57.158 V/ActivityManagerTiming(  741): OnBootPhase_1000_com.android.server.usb.UsbService$Lifecycle took to complete: 0ms
08-08 04:45:57.158 D/ActivityManagerTiming(  741): OnBootPhase_1000_com.android.server.twilight.TwilightService
08-08 04:45:57.159 D/HdmiConnection(  572): isConnected portId=1, bConnectStatus=0
08-08 04:45:57.159 I/gent.suppressor( 1664): Using CollectorTypeCC GC.
08-08 04:45:57.162 I/SSS_led ( 1498): [LedControlModule] constructor
08-08 04:45:57.162 V/ActivityManagerTiming(  741): OnBootPhase_1000_com.android.server.twilight.TwilightService took to complete: 4ms
08-08 04:45:57.163 D/ActivityManagerTiming(  741): OnBootPhase_1000_com.android.server.display.color.ColorDisplayService
08-08 04:45:57.163 V/ActivityManagerTiming(  741): OnBootPhase_1000_com.android.server.display.color.ColorDisplayService took to complete: 0ms
08-08 04:45:57.163 D/ActivityManagerTiming(  741): OnBootPhase_1000_com.android.server.job.JobSchedulerService
08-08 04:45:57.163 V/ActivityManagerTiming(  741): OnBootPhase_1000_com.android.server.job.JobSchedulerService took to complete: 0ms
08-08 04:45:57.163 D/ActivityManagerTiming(  741): OnBootPhase_1000_com.android.server.soundtrigger.SoundTriggerService
08-08 04:45:57.163 D/SoundTriggerService(  741): onBootPhase: 1000 : false
08-08 04:45:57.163 E/WifiChipAidlImpl(  741): getUsableChannels failed with service-specific exception: android.os.ServiceSpecificException:  (code 4)
08-08 04:45:57.164 I/v.panelsettings( 1665): Using CollectorTypeCC GC.
08-08 04:45:57.166 E/gent.suppressor( 1664): Not starting debugger since process cannot load the jdwp agent.
08-08 04:45:57.168 I/Tethering( 1410): USB bcast connected:true configured:true rndis:false ncm:false
08-08 04:45:57.170 V/ActivityManagerTiming(  741): OnBootPhase_1000_com.android.server.soundtrigger.SoundTriggerService took to complete: 8ms
08-08 04:45:57.170 D/ActivityManagerTiming(  741): OnBootPhase_1000_com.android.server.trust.TrustManagerService
08-08 04:45:57.171 D/ApConfigUtil(  741): Filtered channel list for band 2Ghz : 1,2,3,4,5,6,7,8,9,10,11
08-08 04:45:57.175 I/kernel  (  232): [   21.282452]servicemanager: Found android.hardware.wifi.IWifi/default in device VINTF manifest.
08-08 04:45:57.175 W/gent.suppressor( 1664): type=1400 audit(0.0:250): avc:  denied  { search } for  name="proc" dev="debugfs" ino=10174 scontext=u:r:sony_platform_app:s0:c512,c768 tcontext=u:object_r:debugfs_binder:s0 tclass=dir permissive=0 app=com.sony.dtv.update.agent.suppressor
08-08 04:45:57.171 V/ActivityManagerTiming(  741): OnBootPhase_1000_com.android.server.trust.TrustManagerService took to complete: 1ms
08-08 04:45:57.172 D/ActivityManagerTiming(  741): OnBootPhase_1000_com.android.server.backup.BackupManagerService$Lifecycle
08-08 04:45:57.172 V/ActivityManagerTiming(  741): OnBootPhase_1000_com.android.server.backup.BackupManagerService$Lifecycle took to complete: 0ms
08-08 04:45:57.172 D/ActivityManagerTiming(  741): OnBootPhase_1000_com.android.server.appwidget.AppWidgetService
08-08 04:45:57.172 V/ActivityManagerTiming(  741): OnBootPhase_1000_com.android.server.appwidget.AppWidgetService took to complete: 0ms
08-08 04:45:57.172 D/ActivityManagerTiming(  741): OnBootPhase_1000_com.android.server.voiceinteraction.VoiceInteractionManagerService
08-08 04:45:57.172 V/ActivityManagerTiming(  741): OnBootPhase_1000_com.android.server.voiceinteraction.VoiceInteractionManagerService took to complete: 0ms
08-08 04:45:57.172 D/ActivityManagerTiming(  741): OnBootPhase_1000_com.android.server.GestureLauncherService
08-08 04:45:57.172 V/ActivityManagerTiming(  741): OnBootPhase_1000_com.android.server.GestureLauncherService took to complete: 0ms
08-08 04:45:57.172 D/ActivityManagerTiming(  741): OnBootPhase_1000_com.android.server.SensorNotificationService
08-08 04:45:57.174 D/CompatibilityChangeReporter(  741): Compat change id reported: 168936375; UID 1000; state: ENABLED
08-08 04:45:57.177 E/WifiChipAidlImpl(  741): getUsableChannels failed with service-specific exception: android.os.ServiceSpecificException:  (code 4)
08-08 04:45:57.179 E/ApConfigUtil(  741): Malformed channel value detected: java.lang.NumberFormatException: For input string: ""
08-08 04:45:57.180 V/WifiManager( 1410): SoftApCallbackProxy on mode 1,  onCapabilityChanged: SoftApCapability = SupportedFeatures=106 MaximumSupportedClientNumber=16 SupportedChannelListIn24g[1, 2, 3, 4, 5, 6, 7, 8, 9, 10, 11] SupportedChannelListIn5g[36, 40, 44, 48] SupportedChannelListIn6g[] SupportedChannelListIn60g[] mCountryCodeFromDrivernull
08-08 04:45:57.180 I/adbd    (  728): adbd_auth: received a new framework connection
08-08 04:45:57.180 I/adbd    (  728): adbd_auth: received new framework fd 19 (current = -1)
08-08 04:45:57.181 E/WifiChipAidlImpl(  741): getUsableChannels failed with service-specific exception: android.os.ServiceSpecificException:  (code 4)
08-08 04:45:57.183 I/kernel  (  232): [   21.290207]servicemanager: Found android.hardware.wifi.IWifi/default in device VINTF manifest.
08-08 04:45:57.184 E/v.panelsettings( 1665): Not starting debugger since process cannot load the jdwp agent.
08-08 04:45:57.185 D/ApConfigUtil(  741): Filtered channel list for band 2Ghz : 1,2,3,4,5,6,7,8,9,10,11
08-08 04:45:57.186 E/WifiChipAidlImpl(  741): getUsableChannels failed with service-specific exception: android.os.ServiceSpecificException:  (code 4)
08-08 04:45:57.189 D/CompatibilityChangeReporter(  741): Compat change id reported: 73144566; UID 1000; state: ENABLED
08-08 04:45:57.187 W/v.panelsettings( 1665): type=1400 audit(0.0:251): avc:  denied  { search } for  name="proc" dev="debugfs" ino=10174 scontext=u:r:sony_platform_app:s0:c512,c768 tcontext=u:object_r:debugfs_binder:s0 tclass=dir permissive=0 app=com.sony.dtv.panelsettings
08-08 04:45:57.190 V/ActivityManagerTiming(  741): OnBootPhase_1000_com.android.server.SensorNotificationService took to complete: 19ms
08-08 04:45:57.190 D/ActivityManagerTiming(  741): OnBootPhase_1000_com.android.server.emergency.EmergencyAffordanceService
08-08 04:45:57.190 V/ActivityManagerTiming(  741): OnBootPhase_1000_com.android.server.emergency.EmergencyAffordanceService took to complete: 0ms
08-08 04:45:57.190 D/ActivityManagerTiming(  741): OnBootPhase_1000_com.android.server.blob.BlobStoreManagerService
08-08 04:45:57.192 I/AtvRemote.Application( 1585): Application started
08-08 04:45:57.193 E/ApConfigUtil(  741): Malformed channel value detected: java.lang.NumberFormatException: For input string: ""
08-08 04:45:57.194 V/WifiManager( 1410): SoftApCallbackProxy on mode 2,  onCapabilityChanged: SoftApCapability = SupportedFeatures=106 MaximumSupportedClientNumber=16 SupportedChannelListIn24g[1, 2, 3, 4, 5, 6, 7, 8, 9, 10, 11] SupportedChannelListIn5g[36, 40, 44, 48] SupportedChannelListIn6g[] SupportedChannelListIn60g[] mCountryCodeFromDrivernull
08-08 04:45:57.194 I/SsidTranslator(  741): Locale language changed to en, alternate charset is now null
08-08 04:45:57.194 I/WifiService(  741): getSupportedFeatures uid=1000 returns 19f010f38889419
08-08 04:45:57.195 D/WifiService(  741): user restrictions changed
08-08 04:45:57.195 D/ConnectivityService(  741): register offer from providerId 4 : NetworkOffer [ Provider Id (4) Score(Policies : EVER_EVALUATED&IS_UNMETERED&EVER_VALIDATED&IS_VALIDATED ; KeepConnected : 0) Caps [ Transports: WIFI Capabilities: NOT_METERED&INTERNET&NOT_RESTRICTED&TRUSTED&NOT_VPN&NOT_ROAMING&NOT_CONGESTED&NOT_SUSPENDED&NOT_VCN_MANAGED LinkUpBandwidth>=1048576Kbps LinkDnBandwidth>=1048576Kbps Specifier: <android.net.MatchAllNetworkSpecifier@0> UnderlyingNetworks: Null] Needed by []]
08-08 04:45:57.196 D/ConnectivityService(  741): register offer from providerId 5 : NetworkOffer [ Provider Id (5) Score(Policies : EVER_EVALUATED&IS_INVINCIBLE&IS_UNMETERED&EVER_VALIDATED&IS_VALIDATED ; KeepConnected : 0) Caps [ Transports: WIFI Capabilities: NOT_METERED&INTERNET&NOT_RESTRICTED&TRUSTED&NOT_VPN&NOT_ROAMING&NOT_CONGESTED&NOT_SUSPENDED&NOT_VCN_MANAGED LinkUpBandwidth>=1048576Kbps LinkDnBandwidth>=1048576Kbps Specifier: <android.net.MatchAllNetworkSpecifier@0> UnderlyingNetworks: Null] Needed by []]
08-08 04:45:57.196 D/ConnectivityService(  741): register offer from providerId 6 : NetworkOffer [ Provider Id (6) Score(Policies : EVER_EVALUATED&IS_INVINCIBLE&IS_UNMETERED&EVER_VALIDATED&IS_VALIDATED ; KeepConnected : 0) Caps [ Transports: WIFI Capabilities: NOT_METERED&INTERNET&TRUSTED&NOT_VPN&NOT_ROAMING&NOT_CONGESTED&NOT_SUSPENDED&NOT_VCN_MANAGED LinkUpBandwidth>=1048576Kbps LinkDnBandwidth>=1048576Kbps Specifier: <android.net.MatchAllNetworkSpecifier@0> UnderlyingNetworks: Null] Needed by []]
08-08 04:45:57.197 D/ConnectivityService(  741): register offer from providerId 7 : NetworkOffer [ Provider Id (7) Score(Policies : EVER_EVALUATED&IS_INVINCIBLE&IS_UNMETERED&EVER_VALIDATED&IS_VALIDATED ; KeepConnected : 0) Caps [ Transports: WIFI Capabilities: NOT_METERED&INTERNET&NOT_RESTRICTED&TRUSTED&NOT_VPN&NOT_ROAMING&NOT_CONGESTED&NOT_SUSPENDED&OEM_PAID&OEM_PRIVATE&NOT_VCN_MANAGED LinkUpBandwidth>=1048576Kbps LinkDnBandwidth>=1048576Kbps Specifier: <android.net.MatchAllNetworkSpecifier@0> UnderlyingNetworks: Null] Needed by []]
08-08 04:45:57.197 D/ConnectivityService(  741): register offer from providerId 8 : NetworkOffer [ Provider Id (8) Score(Policies : EVER_EVALUATED&IS_INVINCIBLE&IS_UNMETERED&EVER_VALIDATED&IS_VALIDATED ; KeepConnected : 0) Caps [ Transports: WIFI Capabilities: NOT_METERED&INTERNET&NOT_RESTRICTED&TRUSTED&NOT_VPN&NOT_ROAMING&NOT_CONGESTED&NOT_SUSPENDED&NOT_VCN_MANAGED LinkUpBandwidth>=1048576Kbps LinkDnBandwidth>=1048576Kbps Specifier: <android.net.MatchAllNetworkSpecifier@0> UnderlyingNetworks: Null] Needed by []]
08-08 04:45:57.198 D/WifiNetworkFactory(  741): got request NetworkRequest [ REQUEST id=30, [ Capabilities: INTERNET&NOT_RESTRICTED&TRUSTED&NOT_VCN_MANAGED Uid: 1000 RequestorUid: 1000 RequestorPkg: android UnderlyingNetworks: Null] ]
08-08 04:45:57.198 V/WifiNetworkFactory(  741): Accepted network request NetworkRequest [ REQUEST id=30, [ Capabilities: INTERNET&NOT_RESTRICTED&TRUSTED&NOT_VCN_MANAGED Uid: 1000 RequestorUid: 1000 RequestorPkg: android UnderlyingNetworks: Null] ]
08-08 04:45:57.198 V/WifiConnectivityManager(  741): setTrustedConnectionAllowed: allowed=true
08-08 04:45:57.198 V/WifiConnectivityManager(  741): Starting up WifiConnectivityManager
08-08 04:45:57.198 I/WifiScanningService(  741): Registering listener= com.android.server.wifi.scanner.WifiScannerInternal$ScanListener@8113acc uid=1000 packageName=android workSource=WorkSource{1000}
08-08 04:45:57.199 I/WifiScanningService(  741): register scan listener: ClientInfo[uid=1000, package=android, com.android.server.wifi.scanner.WifiScannerInternal$ScanListener@8113acc]
08-08 04:45:57.199 I/WifiScanningService(  741): registerScanListener: ClientInfo[uid=1000, package=android, com.android.server.wifi.scanner.WifiScannerInternal$ScanListener@8113acc]
08-08 04:45:57.199 D/WifiScanningService(  741): replySucceeded onSuccess
08-08 04:45:57.199 D/WifiConnectivityHelper(  741): Firmware supported feature set: 19f010938881419
08-08 04:45:57.199 I/WifiHAL (  601): Get roaming capabilities
08-08 04:45:57.199 D/WifiHAL (  601): WifiRequest::create vendor command to iface 16, vendor_id=0x1a11, subcmd=0x0008, res=0
08-08 04:45:57.200 D/WifiHAL (  601): In GetFeatureSetCommand::handleResponse for 9
08-08 04:45:57.200 D/WifiHAL (  601): vendor_id = 0x0, subcmd = 0x0
08-08 04:45:57.200 W/WifiHAL (  601): Ignore invalid attribute type = 9
08-08 04:45:57.200 W/WifiHAL (  601): Ignore invalid attribute type = 9
08-08 04:45:57.200 I/WifiHAL (  601): blacklist/whitelist: 0: 0
08-08 04:45:57.200 D/WifiConnectivityHelper(  741): Firmware roaming supported with capabilities: max num blocklist bssid=0 max num allowlist ssid=0
08-08 04:45:57.200 D/WifiChannelUtilization(  741): initializing
08-08 04:45:57.200 I/WifiConnectivityManager(  741): SetInitialScanState to : 0
08-08 04:45:57.201 V/WifiConnectivityManager(  741): startConnectivityScan: screenOn=true wifiState=disconnected scanImmediately=true wifiEnabled=true mAutoJoinEnabled=true mAutoJoinEnabledExternal=true mAutoJoinEnabledExternalSetByDeviceAdmin=false mSpecificNetworkRequestInProgress=false mTrustedConnectionAllowed=true isSufficiencyCheckEnabled=true isAssociatedNetworkSelectionEnabled=false noPotentialNetworkAvailable=false
08-08 04:45:57.201 E/WifiScoringParams(  741): Invalid frequency(-1), using 5G as default rssi array
08-08 04:45:57.201 D/CompatibilityChangeReporter(  741): Compat change id reported: 168419799; UID 10227; state: DISABLED
08-08 04:45:57.201 V/ActivityManagerTiming(  741): OnBootPhase_1000_com.android.server.blob.BlobStoreManagerService took to complete: 11ms
08-08 04:45:57.201 D/ActivityManagerTiming(  741): OnBootPhase_1000_com.android.server.dreams.DreamManagerService
08-08 04:45:57.201 V/ActivityManagerTiming(  741): OnBootPhase_1000_com.android.server.dreams.DreamManagerService took to complete: 0ms
08-08 04:45:57.201 D/ActivityManagerTiming(  741): OnBootPhase_1000_com.android.server.security.AttestationVerificationManagerService
08-08 04:45:57.201 V/ActivityManagerTiming(  741): OnBootPhase_1000_com.android.server.security.AttestationVerificationManagerService took to complete: 0ms
08-08 04:45:57.201 D/CompatibilityChangeReporter(  741): Compat change id reported: 273564678; UID 10227; state: DISABLED
08-08 04:45:57.204 D/HdmiConnection(  572): isConnected portId=2, bConnectStatus=0
08-08 04:45:57.205 D/HdmiConnection(  572): isConnected portId=3, bConnectStatus=0
08-08 04:45:57.208 D/HdmiConnection(  572): isConnected portId=4, bConnectStatus=0
08-08 04:45:57.210 V/WifiConnectivityManager(  741): No history scan channels found, Perform full band scan
08-08 04:45:57.210 I/WifiConnectivityManager(  741): SetInitialScanState to : 2
08-08 04:45:57.213 D/CompatibilityChangeReporter( 1585): Compat change id reported: 183155436; UID 10089; state: ENABLED
08-08 04:45:57.215 D/CompatibilityChangeReporter(  741): Compat change id reported: 161145287; UID 10089; state: ENABLED
08-08 04:45:57.217 D/CompatibilityChangeReporter( 1665): Compat change id reported: 171979766; UID 10227; state: ENABLED
08-08 04:45:57.217 D/CompatibilityChangeReporter( 1665): Compat change id reported: 242716250; UID 10227; state: ENABLED
08-08 04:45:57.222 I/ActivityManager(  741): Flag disabled. Ignoring finishAttachApplication from uid: 10089. pid: 1585
08-08 04:45:57.224 I/WifiScanningService(  741): Registering listener= com.android.server.wifi.scanner.WifiScannerInternal$ScanListener@436f2d7 uid=1000 packageName=null workSource=WorkSource{1000}
08-08 04:45:57.224 I/WifiScanningService(  741): start scan: ClientInfo[uid=1000, package=null, com.android.server.wifi.scanner.WifiScannerInternal$ScanListener@436f2d7] package null
08-08 04:45:57.225 I/WifiScanningService(  741): addSingleScanRequest: ClientInfo[uid=1000, package=null, com.android.server.wifi.scanner.WifiScannerInternal$ScanListener@436f2d7],WorkSource{1010}, ScanSettings {  type:HIGH ACCURACY band:24Ghz & 5Ghz (DFS incl) & 6Ghz ignoreLocationSettings:false period:0 reportEvents:3 numBssidsPerScan:0 maxScansToCache:0 rnrSetting:1 6GhzPscOnlyEnabled:true channels:[  ]  } 
08-08 04:45:57.225 D/WifiScanningService(  741): replySucceeded onSuccess
08-08 04:45:57.226 D/CompatibilityChangeReporter(  741): Compat change id reported: 170503758; UID 10227; state: ENABLED
08-08 04:45:57.226 D/ActivityManagerTiming(  741): OnBootPhase_1000_com.android.server.restrictions.RestrictionsManagerService
08-08 04:45:57.227 V/ActivityManagerTiming(  741): OnBootPhase_1000_com.android.server.restrictions.RestrictionsManagerService took to complete: 0ms
08-08 04:45:57.227 D/ActivityManagerTiming(  741): OnBootPhase_1000_com.android.server.media.MediaSessionService
08-08 04:45:57.230 D/CompatibilityChangeReporter(  741): Compat change id reported: 135634846; UID 10123; state: DISABLED
08-08 04:45:57.230 D/CompatibilityChangeReporter(  741): Compat change id reported: 143937733; UID 10123; state: ENABLED
08-08 04:45:57.231 W/ziparchive( 1665): Unable to open '/vendor/framework/InteractiveTvUtil_Client.dm': No such file or directory
08-08 04:45:57.231 W/ziparchive( 1665): Unable to open '/vendor/framework/InteractiveTvUtil_Client.dm': No such file or directory
08-08 04:45:57.234 D/nativeloader( 1665): Configuring clns-shared-4 for other apk /vendor/framework/InteractiveTvUtil_Client.jar. target_sdk_version=34, uses_libraries=ALL, library_path=/system_ext/app/PanelSettings/lib/arm:/system/lib:/system_ext/lib, permitted_path=/data:/mnt/expand:/data/user_de/0/com.sony.dtv.panelsettings:/system_ext/app/PanelSettings:/system/lib:/system_ext/lib
08-08 04:45:57.234 D/nativeloader( 1665): Extending system_exposed_libraries: libimagedecoder.sony.so
08-08 04:45:57.236 D/CompatibilityChangeReporter(  741): Compat change id reported: 265195908; UID 10259; state: ENABLED
08-08 04:45:57.248 I/kernel  (  787): [   21.354710][wlan][787]mtk_cfg80211_scan:(REQ STATE) i=0, wildcard scan
08-08 04:45:57.248 I/kernel  (  787): [   21.354723][wlan][787]mtk_cfg80211_scan:(REQ STATE) i=1, u4ValidIdx=0, Ssid=HyokaT-Buffalo-B_2.4GHz, SsidLen=23
08-08 04:45:57.248 I/kernel  (  576): [   21.354756][wlan][576]aisFsmSteps:(AIS STATE) [AIS0] TRANSITION: [IDLE] -> [SCAN]
08-08 04:45:57.248 I/kernel  (  576): [   21.354804][wlan][576]scnFsmSteps:(SCN STATE) [SCAN]TRANSITION: [IDLE] -> [SCANNING]
08-08 04:45:57.249 I/kernel  ( 1187): [   21.356483][wlan][1187]mtk_cfg_get_txpower:(REQ WARN) STA doesn't support this function
08-08 04:45:57.250 I/kernel  ( 1187): [   21.356737][wlan][1187]mtk_cfg_get_txpower:(REQ WARN) STA doesn't support this function
08-08 04:45:57.240 D/nativeloader( 1665): Configuring clns-shared-5 for other apk /vendor/framework/vendor.sony.hardware.display-V1-java-vendor.jar. target_sdk_version=34, uses_libraries=ALL, library_path=/system_ext/app/PanelSettings/lib/arm:/system/lib:/system_ext/lib, permitted_path=/data:/mnt/expand:/data/user_de/0/com.sony.dtv.panelsettings:/system_ext/app/PanelSettings:/system/lib:/system_ext/lib
08-08 04:45:57.240 D/nativeloader( 1665): Extending system_exposed_libraries: libimagedecoder.sony.so
08-08 04:45:57.240 D/Zygote  (  405): Forked child process 1699
08-08 04:45:57.241 V/WifiConnectivityManager(  741): schedulePeriodicScanTimer intervalMs 2000
08-08 04:45:57.242 D/WifiNetworkFactory(  741): got request NetworkRequest [ REQUEST id=1, [ Capabilities: INTERNET&NOT_RESTRICTED&TRUSTED&NOT_VPN&NOT_VCN_MANAGED RequestorUid: 1000 RequestorPkg: android UnderlyingNetworks: Null] ]
08-08 04:45:57.242 V/WifiNetworkFactory(  741): Accepted network request NetworkRequest [ REQUEST id=1, [ Capabilities: INTERNET&NOT_RESTRICTED&TRUSTED&NOT_VPN&NOT_VCN_MANAGED RequestorUid: 1000 RequestorPkg: android UnderlyingNetworks: Null] ]
08-08 04:45:57.242 D/WifiNetworkFactory(  741): got request NetworkRequest [ REQUEST id=32, [ Capabilities: INTERNET&NOT_RESTRICTED&TRUSTED&NOT_VCN_MANAGED Uid: 1073 RequestorUid: 1073 RequestorPkg: com.android.networkstack UnderlyingNetworks: Null] ]
08-08 04:45:57.242 V/WifiNetworkFactory(  741): Accepted network request NetworkRequest [ REQUEST id=32, [ Capabilities: INTERNET&NOT_RESTRICTED&TRUSTED&NOT_VCN_MANAGED Uid: 1073 RequestorUid: 1073 RequestorPkg: com.android.networkstack UnderlyingNetworks: Null] ]
08-08 04:45:57.242 D/WifiNetworkFactory(  741): got request NetworkRequest [ REQUEST id=26, [ Capabilities: INTERNET&NOT_RESTRICTED&TRUSTED&NOT_VCN_MANAGED Uid: 10108 RequestorUid: 1000 RequestorPkg: android UnderlyingNetworks: Null] ]
08-08 04:45:57.242 V/WifiNetworkFactory(  741): Accepted network request NetworkRequest [ REQUEST id=26, [ Capabilities: INTERNET&NOT_RESTRICTED&TRUSTED&NOT_VCN_MANAGED Uid: 10108 RequestorUid: 1000 RequestorPkg: android UnderlyingNetworks: Null] ]
08-08 04:45:57.242 D/WifiNetworkFactory(  741): got request NetworkRequest [ REQUEST id=18, [ Capabilities: INTERNET&NOT_RESTRICTED&TRUSTED&NOT_VCN_MANAGED Uid: 10148 RequestorUid: 1000 RequestorPkg: android UnderlyingNetworks: Null] ]
08-08 04:45:57.242 V/WifiNetworkFactory(  741): Accepted network request NetworkRequest [ REQUEST id=18, [ Capabilities: INTERNET&NOT_RESTRICTED&TRUSTED&NOT_VCN_MANAGED Uid: 10148 RequestorUid: 1000 RequestorPkg: android UnderlyingNetworks: Null] ]
08-08 04:45:57.242 D/WifiNetworkFactory(  741): got request NetworkRequest [ REQUEST id=7, [ Capabilities: INTERNET&NOT_RESTRICTED&TRUSTED&NOT_VCN_MANAGED Uid: 1000 RequestorUid: 1000 RequestorPkg: android UnderlyingNetworks: Null] ]
08-08 04:45:57.242 V/WifiNetworkFactory(  741): Accepted network request NetworkRequest [ REQUEST id=7, [ Capabilities: INTERNET&NOT_RESTRICTED&TRUSTED&NOT_VCN_MANAGED Uid: 1000 RequestorUid: 1000 RequestorPkg: android UnderlyingNetworks: Null] ]
08-08 04:45:57.242 D/WifiNetworkFactory(  741): got request NetworkRequest [ REQUEST id=14, [ Capabilities: INTERNET&NOT_RESTRICTED&TRUSTED&NOT_VCN_MANAGED Uid: 10263 RequestorUid: 1000 RequestorPkg: android UnderlyingNetworks: Null] ]
08-08 04:45:57.242 V/WifiNetworkFactory(  741): Accepted network request NetworkRequest [ REQUEST id=14, [ Capabilities: INTERNET&NOT_RESTRICTED&TRUSTED&NOT_VCN_MANAGED Uid: 10263 RequestorUid: 1000 RequestorPkg: android UnderlyingNetworks: Null] ]
08-08 04:45:57.243 I/ActivityManager(  741): Start proc 1699:com.google.android.gms.persistent/u0a123 for service {com.google.android.gms/com.google.android.gms.chimera.PersistentDirectBootAwareApiService}
08-08 04:45:57.244 D/wpa_supplicant( 1187): nl80211: Drv Event 103 (NL80211_CMD_VENDOR) received for wlan0
08-08 04:45:57.245 D/wpa_supplicant( 1187): nl80211: Vendor event: wiphy=0 vendor_id=0xce7 subcmd=12
08-08 04:45:57.245 D/WifiHAL (  601): event received NL80211_CMD_VENDOR, vendor_id = 0xce7, subcmd = 0xc
08-08 04:45:57.245 W/v.panelsettings( 1665): ClassLoaderContext shared library size mismatch. Expected=1, found=2 (PCL[]{PCL[/vendor/framework/vendor.sony.hardware.display-V1-java-vendor.jar*3058810023]} | PCL[]{PCL[/vendor/framework/InteractiveTvUtil_Client.jar*924132989]#PCL[/vendor/framework/vendor.sony.hardware.display-V1-java-vendor.jar*3058810023]})
08-08 04:45:57.245 D/WifiHAL (  601): event received NL80211_CMD_VENDOR, vendor_id = 0xce7, subcmd = 0x99
08-08 04:45:57.244 D/MtkNetworkManager( 1498): Create MtkNetworkManager
08-08 04:45:57.246 D/MtkNetworkNative( 1498): MtkNetworkNative begin load libcom_mediatek_net_jni.so!
08-08 04:45:57.246 D/WifiHAL (  601): event received NL80211_CMD_TRIGGER_SCAN
08-08 04:45:57.247 D/wpa_supplicant( 1187): nl80211: Ignore unsupported vendor event
08-08 04:45:57.247 D/wpa_supplicant( 1187): nl80211: Drv Event 103 (NL80211_CMD_VENDOR) received for wlan0
08-08 04:45:57.247 D/wpa_supplicant( 1187): nl80211: Vendor event: wiphy=0 vendor_id=0xce7 subcmd=153
08-08 04:45:57.247 D/wpa_supplicant( 1187): nl80211: Ignore unsupported vendor event
08-08 04:45:57.247 D/wpa_supplicant( 1187): nl80211: Drv Event 33 (NL80211_CMD_TRIGGER_SCAN) received for wlan0
08-08 04:45:57.247 D/wpa_supplicant( 1187): wlan0: nl80211: Scan trigger
08-08 04:45:57.247 D/wpa_supplicant( 1187): wlan0: Event SCAN_STARTED (47) received
08-08 04:45:57.247 D/wpa_supplicant( 1187): wlan0: External program started a scan
08-08 04:45:57.248 D/LibProductConfigInfo(  280): [getString:163] key:Illumination LED Type value:WR
08-08 04:45:57.248 D/productConfig@1.0-service(  280): [getString:35] key:Illumination LED Type outBuf:WR len:2
08-08 04:45:57.250 D/BluetoothManagerService(  741): BluetoothServiceConnection: com.android.bluetooth.btservice.AdapterService
08-08 04:45:57.250 D/BluetoothManagerService(  741): MESSAGE_BLUETOOTH_SERVICE_CONNECTED: 1
08-08 04:45:57.251 D/LibProductConfigInfo(  280): [getString:163] key:MIC (Integrated) value:Yes
08-08 04:45:57.251 D/productConfig@1.0-service(  280): [getString:35] key:MIC (Integrated) outBuf:Yes len:3
08-08 04:45:57.252 V/ActivityManagerTiming(  741): OnBootPhase_1000_com.android.server.media.MediaSessionService took to complete: 25ms
08-08 04:45:57.252 D/ActivityManagerTiming(  741): OnBootPhase_1000_com.android.server.hdmi.HdmiControlService
08-08 04:45:57.252 V/ActivityManagerTiming(  741): OnBootPhase_1000_com.android.server.hdmi.HdmiControlService took to complete: 1ms
08-08 04:45:57.252 D/ActivityManagerTiming(  741): OnBootPhase_1000_com.android.server.tv.interactive.TvInteractiveAppManagerService
08-08 04:45:57.252 V/ActivityManagerTiming(  741): OnBootPhase_1000_com.android.server.tv.interactive.TvInteractiveAppManagerService took to complete: 0ms
08-08 04:45:57.252 D/ActivityManagerTiming(  741): OnBootPhase_1000_com.android.server.tv.TvInputManagerService
08-08 04:45:57.252 V/ActivityManagerTiming(  741): OnBootPhase_1000_com.android.server.tv.TvInputManagerService took to complete: 0ms
08-08 04:45:57.252 D/ActivityManagerTiming(  741): OnBootPhase_1000_com.android.server.tv.tunerresourcemanager.TunerResourceManagerService
08-08 04:45:57.252 V/ActivityManagerTiming(  741): OnBootPhase_1000_com.android.server.tv.tunerresourcemanager.TunerResourceManagerService took to complete: 0ms
08-08 04:45:57.252 D/ActivityManagerTiming(  741): OnBootPhase_1000_com.sony.dtv.mediastatistics.MediaStatisticsAnchorService
08-08 04:45:57.254 V/ActivityManagerTiming(  741): OnBootPhase_1000_com.sony.dtv.mediastatistics.MediaStatisticsAnchorService took to complete: 0ms
08-08 04:45:57.254 D/ActivityManagerTiming(  741): OnBootPhase_1000_com.android.server.tv.TvRemoteService
08-08 04:45:57.254 V/ActivityManagerTiming(  741): OnBootPhase_1000_com.android.server.tv.TvRemoteService took to complete: 0ms
08-08 04:45:57.254 D/ActivityManagerTiming(  741): OnBootPhase_1000_com.android.server.biometrics.BiometricService
08-08 04:45:57.254 V/ActivityManagerTiming(  741): OnBootPhase_1000_com.android.server.biometrics.BiometricService took to complete: 0ms
08-08 04:45:57.254 D/ActivityManagerTiming(  741): OnBootPhase_1000_com.android.server.biometrics.AuthService
08-08 04:45:57.254 V/ActivityManagerTiming(  741): OnBootPhase_1000_com.android.server.biometrics.AuthService took to complete: 0ms
08-08 04:45:57.254 D/ActivityManagerTiming(  741): OnBootPhase_1000_com.android.server.pm.ShortcutService$Lifecycle
08-08 04:45:57.254 D/LibProductConfigInfo(  280): [getString:163] key:Camera/Mic Unit (Bundle) value:-
08-08 04:45:57.254 V/ActivityManagerTiming(  741): OnBootPhase_1000_com.android.server.pm.ShortcutService$Lifecycle took to complete: 0ms
08-08 04:45:57.254 D/productConfig@1.0-service(  280): [getString:35] key:Camera/Mic Unit (Bundle) outBuf:- len:1
08-08 04:45:57.254 D/ActivityManagerTiming(  741): OnBootPhase_1000_com.android.server.pm.LauncherAppsService
08-08 04:45:57.266 I/kernel  (  364): [   21.373286]apexd: markBootCompleted() received by ApexService
08-08 04:45:57.257 E/LibProductConfigInfo(  280): [getDataFromFiles:65] Camera/Mic Unit (option) is empty.
08-08 04:45:57.257 V/ActivityManagerTiming(  741): OnBootPhase_1000_com.android.server.pm.LauncherAppsService took to complete: 0ms
08-08 04:45:57.257 D/ActivityManagerTiming(  741): OnBootPhase_1000_com.android.server.pm.CrossProfileAppsService
08-08 04:45:57.257 V/ActivityManagerTiming(  741): OnBootPhase_1000_com.android.server.pm.CrossProfileAppsService took to complete: 0ms
08-08 04:45:57.257 D/ActivityManagerTiming(  741): OnBootPhase_1000_com.android.server.people.PeopleService
08-08 04:45:57.257 V/ActivityManagerTiming(  741): OnBootPhase_1000_com.android.server.people.PeopleService took to complete: 0ms
08-08 04:45:57.257 D/ActivityManagerTiming(  741): OnBootPhase_1000_com.android.server.media.metrics.MediaMetricsManagerService
08-08 04:45:57.257 V/ActivityManagerTiming(  741): OnBootPhase_1000_com.android.server.media.metrics.MediaMetricsManagerService took to complete: 0ms
08-08 04:45:57.257 D/ActivityManagerTiming(  741): OnBootPhase_1000_com.android.server.pm.BackgroundInstallControlService
08-08 04:45:57.257 V/ActivityManagerTiming(  741): OnBootPhase_1000_com.android.server.pm.BackgroundInstallControlService took to complete: 0ms
08-08 04:45:57.257 D/ActivityManagerTiming(  741): OnBootPhase_1000_com.android.server.media.projection.MediaProjectionManagerService
08-08 04:45:57.257 V/ActivityManagerTiming(  741): OnBootPhase_1000_com.android.server.media.projection.MediaProjectionManagerService took to complete: 0ms
08-08 04:45:57.258 D/ActivityManagerTiming(  741): OnBootPhase_1000_com.android.server.slice.SliceManagerService$Lifecycle
08-08 04:45:57.258 V/ActivityManagerTiming(  741): OnBootPhase_1000_com.android.server.slice.SliceManagerService$Lifecycle took to complete: 0ms
08-08 04:45:57.258 D/ActivityManagerTiming(  741): OnBootPhase_1000_com.android.server.stats.StatsCompanion$Lifecycle
08-08 04:45:57.258 E/LibProductConfigInfo(  280): [getDataFromFiles:65] Camera/Mic Unit (option) is empty.
08-08 04:45:57.259 E/LibProductConfigInfo(  280): [getkeyData:84] sony config file open failed.
08-08 04:45:57.259 E/LibProductConfigInfo(  280): [getString:159] key:Camera/Mic Unit (option) ret:-1
