08-08 04:45:56.979 I/bluetooth( 1437): packages/modules/Bluetooth/system/btif/src/btif_bqr.cc:739 init: BluetoothQualityReportInterfaceImpl 
08-08 04:45:56.979 I/bt_btif ( 1437): packages/modules/Bluetooth/system/btif/src/bluetooth.cc:829 get_profile_interface: get_profile_interface: id = sdp
08-08 04:45:56.979 D/CompatibilityChangeReporter(  741): Compat change id reported: 262645982; UID 10261; state: DISABLED
08-08 04:45:56.980 D/CompatibilityChangeReporter(  741): Compat change id reported: 218533173; UID 10013; state: ENABLED
08-08 04:45:56.981 D/CompatibilityChangeReporter(  741): Compat change id reported: 262645982; UID 10013; state: ENABLED
08-08 04:45:56.981 W/ziparchive( 1585): Unable to open '/system_ext/framework/com.android.libraries.tv.tvsystem.dm': No such file or directory
08-08 04:45:56.981 W/ziparchive( 1585): Unable to open '/system_ext/framework/com.android.libraries.tv.tvsystem.dm': No such file or directory
08-08 04:45:56.981 D/CompatibilityChangeReporter(  741): Compat change id reported: 218533173; UID 10025; state: ENABLED
08-08 04:45:56.982 D/AdapterProperties( 1437): Name is: GoogleTV1493
08-08 04:45:56.982 I/bluetooth( 1437): packages/modules/Bluetooth/system/gd/storage/config_cache.cc:289 ConvertEncryptOrDecryptKeyIfNeeded: ConvertEncryptOrDecryptKeyIfNeeded
08-08 04:45:56.982 D/CompatibilityChangeReporter(  741): Compat change id reported: 262645982; UID 10025; state: ENABLED
08-08 04:45:56.983 D/CompatibilityChangeReporter(  741): Compat change id reported: 218533173; UID 10151; state: ENABLED
08-08 04:45:56.983 D/CompatibilityChangeReporter(  741): Compat change id reported: 262645982; UID 10151; state: ENABLED
08-08 04:45:56.984 D/CompatibilityChangeReporter(  741): Compat change id reported: 218533173; UID 10188; state: ENABLED
08-08 04:45:56.984 D/CompatibilityChangeReporter(  741): Compat change id reported: 262645982; UID 10188; state: ENABLED
08-08 04:45:56.984 I/BluetoothAdapterService( 1437): loadLeAudioAllowDevices
08-08 04:45:56.984 I/BluetoothAdapterService( 1437): LE Audio allow list is disabled.
08-08 04:45:56.985 D/CompatibilityChangeReporter(  741): Compat change id reported: 218533173; UID 10223; state: DISABLED
08-08 04:45:56.985 D/CompatibilityChangeReporter(  741): Compat change id reported: 262645982; UID 10223; state: DISABLED
08-08 04:45:56.986 D/CompatibilityChangeReporter(  741): Compat change id reported: 218533173; UID 10024; state: ENABLED
08-08 04:45:56.986 D/nativeloader( 1585): Configuring clns-5 for other apk /system_ext/framework/com.android.libraries.tv.tvsystem.jar. target_sdk_version=35, uses_libraries=ALL, library_path=/product/priv-app/AtvRemoteService/lib/arm:/product/priv-app/AtvRemoteService/AtvRemoteService.apk!/lib/armeabi-v7a, permitted_path=/data:/mnt/expand:/data/user/0/com.google.android.tv.remote.service
08-08 04:45:56.986 D/nativeloader( 1585): Extending system_exposed_libraries: libimagedecoder.sony.so
08-08 04:45:56.986 D/CompatibilityChangeReporter(  741): Compat change id reported: 262645982; UID 10024; state: ENABLED
08-08 04:45:56.987 D/CompatibilityChangeReporter(  741): Compat change id reported: 218533173; UID 10213; state: ENABLED
08-08 04:45:56.987 D/CompatibilityChangeReporter(  741): Compat change id reported: 262645982; UID 10213; state: ENABLED
08-08 04:45:56.988 D/CompatibilityChangeReporter(  741): Compat change id reported: 218533173; UID 10109; state: ENABLED
08-08 04:45:56.988 D/CompatibilityChangeReporter(  741): Compat change id reported: 262645982; UID 10109; state: ENABLED
08-08 04:45:56.989 D/CompatibilityChangeReporter(  741): Compat change id reported: 218533173; UID 10148; state: ENABLED
08-08 04:45:56.990 D/CompatibilityChangeReporter(  741): Compat change id reported: 262645982; UID 10148; state: ENABLED
08-08 04:45:56.990 D/CompatibilityChangeReporter(  741): Compat change id reported: 218533173; UID 10171; state: ENABLED
08-08 04:45:56.991 D/CompatibilityChangeReporter(  741): Compat change id reported: 262645982; UID 10171; state: ENABLED
08-08 04:45:56.991 D/BluetoothDatabase( 1437): start()
08-08 04:45:56.991 D/CompatibilityChangeReporter(  741): Compat change id reported: 218533173; UID 10003; state: ENABLED
08-08 04:45:56.992 D/CompatibilityChangeReporter(  741): Compat change id reported: 262645982; UID 10003; state: ENABLED
08-08 04:45:56.993 D/CompatibilityChangeReporter(  741): Compat change id reported: 218533173; UID 10034; state: ENABLED
08-08 04:45:56.993 D/CompatibilityChangeReporter(  741): Compat change id reported: 262645982; UID 10034; state: ENABLED
08-08 04:45:56.994 D/CompatibilityChangeReporter(  741): Compat change id reported: 218533173; UID 10166; state: ENABLED
08-08 04:45:56.995 D/CompatibilityChangeReporter(  741): Compat change id reported: 262645982; UID 10166; state: DISABLED
08-08 04:45:56.995 E/LibProductConfigInfo(  280): [getDataFromFiles:65] Digital Audio Output(s) is empty.
08-08 04:45:56.996 D/CompatibilityChangeReporter(  741): Compat change id reported: 218533173; UID 10041; state: ENABLED
08-08 04:45:56.997 D/CompatibilityChangeReporter(  741): Compat change id reported: 262645982; UID 10041; state: ENABLED
08-08 04:45:56.997 E/Scheduler(  684): trackPendingFrame: Invalid present fence
08-08 04:45:56.999 D/BluetoothDatabase( 1437): Load Database
08-08 04:45:56.999 E/LibProductConfigInfo(  280): [getDataFromFiles:65] Digital Audio Output(s) is empty.
08-08 04:45:56.999 E/LibProductConfigInfo(  280): [getkeyData:84] sony config file open failed.
08-08 04:45:56.999 E/LibProductConfigInfo(  280): [getString:159] key:Digital Audio Output(s) ret:-1
08-08 04:45:56.999 E/productConfig@1.0-service(  280): [vendor/sony/frameworks/native/services/productConfig/1.0/ProductConfig.cpp(124):getString] get string value failure.
08-08 04:45:56.999 D/productConfig@1.0-service(  280): [vendor/sony/frameworks/native/services/productConfig/1.0/ProductConfig.cpp(127):getString] key:Digital Audio Output(s) value: len:0
08-08 04:45:56.999 I/BluetoothAdapterService( 1437): Phone policy disabled
08-08 04:45:56.999 D/ActiveDeviceManager( 1437): start()
08-08 04:45:57.000 I/SSS_ModelInfo( 1498): #supportsSpdif > Digital Audio Output(s) = 
08-08 04:45:57.001 I/SSS_AudioPathControl( 1498): init
08-08 04:45:57.003 D/CompatibilityChangeReporter(  741): Compat change id reported: 218533173; UID 10128; state: ENABLED
08-08 04:45:57.003 D/CompatibilityChangeReporter(  741): Compat change id reported: 262645982; UID 10128; state: ENABLED
08-08 04:45:57.004 D/CoreBackPreview(  741): Window{d4a3cc0 u0 com.android.tv.settings/com.android.tv.settings.system.FallbackHome}: Setting back callback OnBackInvokedCallbackInfo{mCallback=android.window.IOnBackInvokedCallback$Stub$Proxy@63fa16d, mPriority=0, mIsAnimationCallback=false}
08-08 04:45:57.005 E/LibProductConfigInfo(  280): [getDataFromFiles:65] NewSurround is empty.
08-08 04:45:57.006 E/LibProductConfigInfo(  280): [getDataFromFiles:65] NewSurround is empty.
08-08 04:45:57.006 E/LibProductConfigInfo(  280): [getkeyData:84] sony config file open failed.
08-08 04:45:57.006 E/LibProductConfigInfo(  280): [getString:159] key:NewSurround ret:-1
08-08 04:45:57.006 E/productConfig@1.0-service(  280): [vendor/sony/frameworks/native/services/productConfig/1.0/ProductConfig.cpp(124):getString] get string value failure.
08-08 04:45:57.006 D/productConfig@1.0-service(  280): [vendor/sony/frameworks/native/services/productConfig/1.0/ProductConfig.cpp(127):getString] key:NewSurround value: len:0
08-08 04:45:57.007 I/SSS_ModelInfo( 1498): #supportsTvSpeakerStandardHrtf > NewSurround = 
08-08 04:45:57.008 E/IPCThreadState(  571): binder thread pool (1 threads) starved for 140 ms
08-08 04:45:57.009 I/HdmiCecController(  741): [S]:<Active Source> 0F:82:00:00
08-08 04:45:57.009 I/SSS_ProdDeviceConnectionHistoryApi( 1498): AudioSystem had been connected before? : false
08-08 04:45:57.010 D/CEC_HAL (  571): [S]: [00]->[15] opcode[0x82], param length[2], params:[00, 00, ]
08-08 04:45:57.016 D/nativeloader( 1585): InitLlndkLibrariesProduct: libEGL.so:libGLESv1_CM.so:libGLESv2.so:libGLESv3.so:libRS.so:libandroid_net.so:libbinder_ndk.so:libc.so:libcgrouprc.so:libclang_rt.asan-arm-android.so:libcom.android.tethering.connectivity_native.so:libdl.so:libft2.so:liblog.so:libm.so:libmediandk.so:libnativewindow.so:libneuralnetworks.so:libselinux.so:libsync.so:libvndksupport.so:libvulkan.so
08-08 04:45:57.016 D/nativeloader( 1585): Configuring product-clns-6 for unbundled product apk /product/priv-app/AtvRemoteService/AtvRemoteService.apk. target_sdk_version=35, uses_libraries=, library_path=/product/priv-app/AtvRemoteService/lib/arm:/product/priv-app/AtvRemoteService/AtvRemoteService.apk!/lib/armeabi-v7a:/product/lib:/system/product/lib, permitted_path=/data:/mnt/expand:/data/user/0/com.google.android.tv.remote.service:/product/lib:/system/product/lib
08-08 04:45:57.018 D/nativeloader( 1585): InitVndkspLibrariesProduct: android.hardware.common-V2-ndk.so:android.hardware.common.fmq-V1-ndk.so:android.hardware.graphics.allocator-V2-ndk.so:android.hardware.graphics.common-V4-ndk.so:android.hardware.graphics.common@1.0.so:android.hardware.graphics.common@1.1.so:android.hardware.graphics.common@1.2.so:android.hardware.graphics.composer3-V1-ndk.so:android.hardware.graphics.mapper@2.0.so:android.hardware.graphics.mapper@2.1.so:android.hardware.graphics.mapper@3.0.so:android.hardware.graphics.mapper@4.0.so:android.hardware.renderscript@1.0.so:android.hidl.memory.token@1.0.so:android.hidl.memory@1.0-impl.so:android.hidl.memory@1.0.so:android.hidl.safe_union@1.0.so:libRSCpuRef.so:libRSDriver.so:libRS_internal.so:libbase.so:libbcinfo.so:libblas.so:libc++.so:libcompiler_rt.so:libcutils.so:libdmabufheap.so:libgralloctypes.so:libhardware.so:libhidlbase.so:libhidlmemory.so:libion.so:libjsoncpp.so:liblzma.so:libprocessgroup.so:libunwindstack.so:libutils.so:libutilscallstack.so:libz.so
08-08 04:45:57.018 D/APM_AudioPolicyManager(  680): setVolumeCurveIndex: wrong index 15 min=0 max=1
08-08 04:45:57.018 E/APM_AudioPolicyManager(  680): setVolumeIndexForAttributes failed to set curve index for group 13 device 0x40000000
08-08 04:45:57.018 E/AudioSystem-JNI(  741): Command failed for android_media_AudioSystem_setVolumeIndexForAttributes: -22
08-08 04:45:57.019 D/APM_AudioPolicyManager(  680): setVolumeCurveIndex: wrong index 15 min=0 max=1
08-08 04:45:57.019 E/APM_AudioPolicyManager(  680): setVolumeIndexForAttributes failed to set curve index for group 13 device 0x2
08-08 04:45:57.019 E/AudioSystem-JNI(  741): Command failed for android_media_AudioSystem_setVolumeIndexForAttributes: -22
08-08 04:45:57.021 D/APM_AudioPolicyManager(  680): setVolumeCurveIndex: wrong index 15 min=0 max=1
08-08 04:45:57.021 E/APM_AudioPolicyManager(  680): setVolumeIndexForAttributes failed to set curve index for group 14 device 0x40000000
08-08 04:45:57.021 E/AudioSystem-JNI(  741): Command failed for android_media_AudioSystem_setVolumeIndexForAttributes: -22
08-08 04:45:57.021 D/APM_AudioPolicyManager(  680): setVolumeCurveIndex: wrong index 15 min=0 max=1
08-08 04:45:57.022 E/APM_AudioPolicyManager(  680): setVolumeIndexForAttributes failed to set curve index for group 14 device 0x2
08-08 04:45:57.022 E/AudioSystem-JNI(  741): Command failed for android_media_AudioSystem_setVolumeIndexForAttributes: -22
08-08 04:45:57.026 I/MR2ServiceImpl(  741): addProviderRoutes | provider: com.android.server.media/.SystemMediaRoute2Provider, routes: [ROUTE_ID_BUILTIN_SPEAKER | TV, ROUTE_ID_LINE_DIGITAL | External Device]
08-08 04:45:57.027 W/MR2SystemProvider(  741): AudioManager.getDevicesForAttributes returned more than one element. Using the first one.
08-08 04:45:57.028 D/CompatibilityChangeReporter(  741): Compat change id reported: 218533173; UID 10065; state: ENABLED
08-08 04:45:57.028 D/CompatibilityChangeReporter(  741): Compat change id reported: 262645982; UID 10065; state: ENABLED
08-08 04:45:57.028 D/LibProductConfigInfo(  280): [getString:163] key:SW Sku value:JP
08-08 04:45:57.029 D/productConfig@1.0-service(  280): [vendor/sony/frameworks/native/services/productConfig/1.0/ProductConfig.cpp(127):getString] key:SW Sku value:JP len:2
08-08 04:45:57.029 D/CompatibilityChangeReporter(  741): Compat change id reported: 218533173; UID 10029; state: ENABLED
08-08 04:45:57.029 I/SSS_ModelInfo( 1498):  dest = JP
08-08 04:45:57.029 I/SSS_DigitalOutputVolumeFeature( 1498): onDirectBootInit
08-08 04:45:57.030 I/SSS_ModelInfo( 1498): #supportsSpdif > Digital Audio Output(s) = 
08-08 04:45:57.030 D/CompatibilityChangeReporter(  741): Compat change id reported: 262645982; UID 10029; state: ENABLED
08-08 04:45:57.030 I/SSS_EdidFeature( 1498): onDirectBootInit
08-08 04:45:57.031 E/Scheduler(  684): trackPendingFrame: Invalid present fence
08-08 04:45:57.031 D/CompatibilityChangeReporter(  741): Compat change id reported: 218533173; UID 10219; state: ENABLED
08-08 04:45:57.032 D/CompatibilityChangeReporter(  741): Compat change id reported: 262645982; UID 10219; state: ENABLED
08-08 04:45:57.033 D/CompatibilityChangeReporter(  741): Compat change id reported: 218533173; UID 10015; state: ENABLED
08-08 04:45:57.033 D/CompatibilityChangeReporter(  741): Compat change id reported: 262645982; UID 10015; state: ENABLED
08-08 04:45:57.034 D/BluetoothA2dp(  741): Binding service...
08-08 04:45:57.034 D/BluetoothManagerService(  741): Trying to bind to profile: 2, while Bluetooth was disabled
08-08 04:45:57.034 D/CompatibilityChangeReporter(  741): Compat change id reported: 218533173; UID 10004; state: ENABLED
08-08 04:45:57.035 D/CompatibilityChangeReporter(  741): Compat change id reported: 262645982; UID 10004; state: ENABLED
08-08 04:45:57.036 D/CompatibilityChangeReporter(  741): Compat change id reported: 218533173; UID 10256; state: ENABLED
08-08 04:45:57.036 I/netd    (  404): interfaceSetEnableIPv6(wlan0, false) <0.26ms>
08-08 04:45:57.036 D/WifiClientModeImpl[17690:wlan0](  741): setupClientMode() ifacename = wlan0
08-08 04:45:57.036 V/WifiLastResortWatchdog(  741): clearAllFailureCounts.
08-08 04:45:57.037 I/netd    (  404): interfaceClearAddrs(wlan0) <0.37ms>
08-08 04:45:57.037 D/WifiClientModeImpl[17690:wlan0](  741): Queuing broadcast=SUPPLICANT_CONNECTION_CHANGE_ACTION EXTRA_SUPPLICANT_CONNECTED=true
08-08 04:45:57.038 D/WifiClientModeImpl[17690:wlan0](  741): Sending broadcast=SUPPLICANT_CONNECTION_CHANGE_ACTION EXTRA_SUPPLICANT_CONNECTED=true
08-08 04:45:57.038 D/CompatibilityChangeReporter(  741): Compat change id reported: 262645982; UID 10256; state: ENABLED
08-08 04:45:57.039 D/WifiHAL (  601): WifiRequest::create vendor command to iface 16, vendor_id=0x1a11, subcmd=0x1401, res=0
08-08 04:45:57.040 D/CompatibilityChangeReporter(  741): Compat change id reported: 218533173; UID 10036; state: ENABLED
08-08 04:45:57.040 D/WifiHAL (  601): In DebugCommand::handleResponse
08-08 04:45:57.040 D/WifiHAL (  601): len = 24, expected len = 256
08-08 04:45:57.040 D/WifiHAL (  601): WifiRequest::create vendor command to iface 16, vendor_id=0x1a11, subcmd=0x1401, res=0
08-08 04:45:57.040 D/WifiHAL (  601): In DebugCommand::handleResponse
08-08 04:45:57.040 D/WifiHAL (  601): len = 84, expected len = 256
08-08 04:45:57.040 D/CompatibilityChangeReporter(  741): Compat change id reported: 262645982; UID 10036; state: ENABLED
08-08 04:45:57.040 I/WifiVendorHal(  741): Driver: 2_6_0-"20250808045123" Firmware: t-neptune-custom-mt7961-2034-ccn1-a30-2523-MT7961_2034_L_X86_GEN4M-20250617091614
08-08 04:45:57.041 E/WifiChipAidlImpl(  741): enableDebugErrorAlerts failed with service-specific exception: android.os.ServiceSpecificException:  (code 4)
08-08 04:45:57.042 D/WifiVendorHal(  741): startLoggingRingBuffer verboseLevel=0, flags=0, maxIntervalInSec=0, minDataSizeInBytes=0, ringName=dummy
08-08 04:45:57.044 D/WifiVendorHal(  741): startLoggingRingBuffer verboseLevel=2, flags=0, maxIntervalInSec=60, minDataSizeInBytes=16384, ringName=dummy
08-08 04:45:57.045 D/WifiDiags(  741): startLogging() iface list is {wlan0} after adding wlan0
08-08 04:45:57.045 D/MboOceController(  741): Enable MBO-OCE MBO support: true OCE support: false
08-08 04:45:57.046 W/ContextImpl( 1585): Failed to ensure /data/user/0/com.google.android.tv.remote.service/cache: mkdir failed: errno 126 (Required key not available)
08-08 04:45:57.046 W/ContextImpl( 1585): Failed to update user.inode_cache: stat failed: ENOENT (No such file or directory)
08-08 04:45:57.046 I/SSS_EdidFeature( 1498): numberOfDolbyDecoder=2
08-08 04:45:57.047 I/SSS_SpdifOutputFeature( 1498): onDirectBootInit
08-08 04:45:57.048 I/SSS_ModelInfo( 1498): #supportsSpdif > Digital Audio Output(s) = 
08-08 04:45:57.048 D/BluetoothLeAudio(  741): Binding service...
08-08 04:45:57.048 D/BluetoothManagerService(  741): Trying to bind to profile: 22, while Bluetooth was disabled
08-08 04:45:57.048 D/wpa_supplicant( 1187): wpa_driver_nl80211_driver_cmd cmd:BTCOEXSCAN-STOP
08-08 04:45:57.048 D/WifiClientModeImpl[17690:wlan0](  741): sendNetworkChangeBroadcast oldState=DISCONNECTED newState=DISCONNECTED hidden=false
08-08 04:45:57.049 D/wpa_supplicant( 1187): wpa_driver_nl80211_driver_cmd cmd:RXFILTER-STOP
08-08 04:45:57.049 D/wpa_supplicant( 1187): wpa_driver_nl80211_driver_cmd cmd:RXFILTER-ADD 2
08-08 04:45:57.049 D/wpa_supplicant( 1187): wpa_driver_nl80211_driver_cmd cmd:RXFILTER-START
08-08 04:45:57.049 D/wpa_supplicant( 1187): wpa_driver_nl80211_driver_cmd cmd:RXFILTER-STOP
08-08 04:45:57.050 D/wpa_supplicant( 1187): wpa_driver_nl80211_driver_cmd cmd:RXFILTER-ADD 3
08-08 04:45:57.050 D/LibProductConfigInfo(  280): [getString:163] key:Software Project value:Amaebi2
08-08 04:45:57.050 D/productConfig@1.0-service(  280): [vendor/sony/frameworks/native/services/productConfig/1.0/ProductConfig.cpp(127):getString] key:Software Project value:Amaebi2 len:7
08-08 04:45:57.050 D/wpa_supplicant( 1187): wpa_driver_nl80211_driver_cmd cmd:RXFILTER-START
08-08 04:45:57.050 D/wpa_supplicant( 1187): wpa_driver_nl80211_driver_cmd cmd:SETSUSPENDMODE 1
08-08 04:45:57.050 D/WifiClientModeImpl[17690:wlan0](  741): Request to set power save for: wlan0 to: true requested by: -1, mPowerSaveDisableRequests = 0
08-08 04:45:57.050 D/WifiClientModeImpl[17690:wlan0](  741): Setting power save to: true, mPowerSaveDisableRequests = 0
08-08 04:45:57.050 D/wpa_supplicant( 1187): nl80211: set_p2p_powersave (legacy_ps=1 opp_ps=-1 ctwindow=-1)
08-08 04:45:57.050 I/SSS_ModelInfo( 1498): #isAmaebiOne > Software Project = Amaebi2
08-08 04:45:57.052 I/SSS_EdidFeature( 1498): HdmiCecApi: isReady? = false
08-08 04:45:57.052 D/ActiveDeviceManager( 1437): onAudioDevicesAdded
08-08 04:45:57.052 D/ActiveDeviceManager( 1437): Audio device added: BRAVIA 4K AE2 type: 2
08-08 04:45:57.052 D/ActiveDeviceManager( 1437): Audio device added: BRAVIA 4K AE2 type: 6
08-08 04:45:57.052 D/ActiveDeviceManager( 1437): Audio device added: BRAVIA 4K AE2 type: 15
08-08 04:45:57.052 D/ActiveDeviceManager( 1437): Audio device added: BRAVIA 4K AE2 type: 25
08-08 04:45:57.052 D/ActiveDeviceManager( 1437): Audio device added: BRAVIA 4K AE2 type: 28
08-08 04:45:57.055 D/ConnectivityService(  741): requestNetwork for uid/pid:1000/1498 activeRequest: null callbackRequest: 35 [NetworkRequest [ REQUEST id=36, [ Capabilities: INTERNET&NOT_RESTRICTED&TRUSTED&NOT_VCN_MANAGED Uid: 1000 RequestorUid: 1000 RequestorPkg: com.sony.dtv.sonysystemservice UnderlyingNetworks: Null] ]] callback flags: 0 order: 2147483647
08-08 04:45:57.056 D/ConnectivityService(  741): NetReassign [no changes] [c 1] [a 0] [i 0]
08-08 04:45:57.056 W/MR2SystemProvider(  741): AudioManager.getDevicesForAttributes returned more than one element. Using the first one.
08-08 04:45:57.058 I/SSS_AudioUserDataRepository( 1498): Initial cache loading has done.
08-08 04:45:57.059 I/SSS_InitialTheatreSettingRepository( 1498): Cache is loaded from database.
08-08 04:45:57.060 D/CompatibilityChangeReporter( 1498): Compat change id reported: 263076149; UID 1000; state: ENABLED
08-08 04:45:57.061 D/CompatibilityChangeReporter(  741): Compat change id reported: 218533173; UID 10100; state: ENABLED
08-08 04:45:57.061 D/CompatibilityChangeReporter(  741): Compat change id reported: 262645982; UID 10100; state: ENABLED
08-08 04:45:57.062 D/CompatibilityChangeReporter(  741): Compat change id reported: 218533173; UID 10236; state: ENABLED
08-08 04:45:57.062 D/CompatibilityChangeReporter(  741): Compat change id reported: 262645982; UID 10236; state: ENABLED
08-08 04:45:57.063 D/CompatibilityChangeReporter(  741): Compat change id reported: 218533173; UID 10055; state: ENABLED
08-08 04:45:57.063 D/CompatibilityChangeReporter(  741): Compat change id reported: 262645982; UID 10055; state: ENABLED
08-08 04:45:57.064 D/CompatibilityChangeReporter(  741): Compat change id reported: 218533173; UID 10253; state: ENABLED
08-08 04:45:57.065 D/CompatibilityChangeReporter(  741): Compat change id reported: 262645982; UID 10253; state: ENABLED
08-08 04:45:57.065 D/CompatibilityChangeReporter(  741): Compat change id reported: 218533173; UID 10193; state: ENABLED
08-08 04:45:57.065 D/CompatibilityChangeReporter(  741): Compat change id reported: 262645982; UID 10193; state: ENABLED
08-08 04:45:57.066 D/CompatibilityChangeReporter(  741): Compat change id reported: 218533173; UID 10011; state: ENABLED
08-08 04:45:57.066 D/CompatibilityChangeReporter(  741): Compat change id reported: 262645982; UID 10011; state: ENABLED
08-08 04:45:57.067 D/CompatibilityChangeReporter(  741): Compat change id reported: 218533173; UID 10246; state: ENABLED
08-08 04:45:57.067 D/CompatibilityChangeReporter(  741): Compat change id reported: 262645982; UID 10246; state: ENABLED
08-08 04:45:57.068 D/CompatibilityChangeReporter(  741): Compat change id reported: 218533173; UID 10084; state: DISABLED
08-08 04:45:57.068 D/CompatibilityChangeReporter(  741): Compat change id reported: 262645982; UID 10084; state: DISABLED
08-08 04:45:57.069 D/CompatibilityChangeReporter(  741): Compat change id reported: 218533173; UID 10216; state: ENABLED
08-08 04:45:57.069 D/CompatibilityChangeReporter(  741): Compat change id reported: 262645982; UID 10216; state: ENABLED
08-08 04:45:57.070 D/CompatibilityChangeReporter(  741): Compat change id reported: 218533173; UID 10089; state: ENABLED
08-08 04:45:57.070 D/CompatibilityChangeReporter(  741): Compat change id reported: 262645982; UID 10089; state: ENABLED
08-08 04:45:57.071 D/CompatibilityChangeReporter(  741): Compat change id reported: 218533173; UID 10023; state: ENABLED
08-08 04:45:57.071 D/CompatibilityChangeReporter(  741): Compat change id reported: 262645982; UID 10023; state: ENABLED
08-08 04:45:57.072 D/CompatibilityChangeReporter(  741): Compat change id reported: 218533173; UID 10204; state: ENABLED
08-08 04:45:57.072 D/CompatibilityChangeReporter(  741): Compat change id reported: 262645982; UID 10204; state: ENABLED
08-08 04:45:57.073 D/CompatibilityChangeReporter(  741): Compat change id reported: 218533173; UID 10087; state: ENABLED
08-08 04:45:57.073 D/BluetoothDatabase( 1437): compactLastConnectionTime: Compacting metadata after load
08-08 04:45:57.073 D/CompatibilityChangeReporter(  741): Compat change id reported: 262645982; UID 10087; state: ENABLED
08-08 04:45:57.073 I/BluetoothDatabase( 1437): cacheMetadata
08-08 04:45:57.073 V/BluetoothDatabase( 1437): cacheMetadata: found device null
08-08 04:45:57.073 I/BluetoothDatabase( 1437): cacheMetadata: Database is ready
08-08 04:45:57.074 D/CompatibilityChangeReporter(  741): Compat change id reported: 218533173; UID 10238; state: ENABLED
08-08 04:45:57.074 D/CompatibilityChangeReporter(  741): Compat change id reported: 262645982; UID 10238; state: DISABLED
08-08 04:45:57.074 D/ActivityManagerTiming(  741): FinishBooting
08-08 04:45:57.075 D/CompatibilityChangeReporter(  741): Compat change id reported: 218533173; UID 10240; state: ENABLED
08-08 04:45:57.075 D/CompatibilityChangeReporter(  741): Compat change id reported: 262645982; UID 10240; state: ENABLED
08-08 04:45:57.075 D/CompatibilityChangeReporter(  741): Compat change id reported: 218533173; UID 10039; state: ENABLED
08-08 04:45:57.076 D/CompatibilityChangeReporter(  741): Compat change id reported: 262645982; UID 10039; state: ENABLED
08-08 04:45:57.076 D/CompatibilityChangeReporter(  741): Compat change id reported: 218533173; UID 10085; state: DISABLED
08-08 04:45:57.076 D/CompatibilityChangeReporter(  741): Compat change id reported: 262645982; UID 10085; state: DISABLED
08-08 04:45:57.077 I/SurfaceFlinger(  684): Boot is finished (13020 ms)
08-08 04:45:57.077 D/CompatibilityChangeReporter(  741): Compat change id reported: 218533173; UID 10035; state: ENABLED
08-08 04:45:57.078 D/CompatibilityChangeReporter(  741): Compat change id reported: 262645982; UID 10035; state: ENABLED
08-08 04:45:57.078 D/CompatibilityChangeReporter(  741): Compat change id reported: 218533173; UID 10045; state: ENABLED
08-08 04:45:57.078 D/CompatibilityChangeReporter(  741): Compat change id reported: 262645982; UID 10045; state: ENABLED
08-08 04:45:57.079 D/CompatibilityChangeReporter(  741): Compat change id reported: 218533173; UID 10139; state: ENABLED
08-08 04:45:57.079 D/CompatibilityChangeReporter(  741): Compat change id reported: 262645982; UID 10139; state: ENABLED
08-08 04:45:57.080 D/CompatibilityChangeReporter(  741): Compat change id reported: 218533173; UID 10048; state: ENABLED
08-08 04:45:57.080 D/SurfaceFlinger(  684): Power hint is disabled
08-08 04:45:57.080 D/ActivityManagerTiming(  741): FinishBooting
08-08 04:45:57.080 D/CompatibilityChangeReporter(  741): Compat change id reported: 262645982; UID 10048; state: ENABLED
08-08 04:45:57.080 W/Zygote  (  405): forkRepeatedly terminated due to non-simple command
08-08 04:45:57.080 D/Zygote  (  405): mbuffer starts with 1 , nice name is , mEnd = 19, mNext = 19, mLinesLeft = 0, mFd = 6
08-08 04:45:57.081 D/CompatibilityChangeReporter(  741): Compat change id reported: 218533173; UID 10107; state: ENABLED
08-08 04:45:57.081 D/CompatibilityChangeReporter(  741): Compat change id reported: 262645982; UID 10107; state: ENABLED
08-08 04:45:57.082 D/CompatibilityChangeReporter(  741): Compat change id reported: 218533173; UID 10258; state: ENABLED
08-08 04:45:57.082 I/ActivityManager(  741): About to commit checkpoint
08-08 04:45:57.082 D/CompatibilityChangeReporter(  741): Compat change id reported: 262645982; UID 10258; state: ENABLED
08-08 04:45:57.083 D/CompatibilityChangeReporter(  741): Compat change id reported: 218533173; UID 10149; state: ENABLED
08-08 04:45:57.083 D/CompatibilityChangeReporter(  741): Compat change id reported: 262645982; UID 10149; state: ENABLED
08-08 04:45:57.084 I/SystemServiceManager(  741): Starting phase 1000
08-08 04:45:57.084 D/ActivityManagerTiming(  741): OnBootPhase_1000
08-08 04:45:57.084 D/ActivityManagerTiming(  741): OnBootPhase_1000_com.android.server.security.FileIntegrityService
08-08 04:45:57.084 V/ActivityManagerTiming(  741): OnBootPhase_1000_com.android.server.security.FileIntegrityService took to complete: 0ms
08-08 04:45:57.084 D/ActivityManagerTiming(  741): OnBootPhase_1000_com.android.server.pm.Installer
08-08 04:45:57.084 V/ActivityManagerTiming(  741): OnBootPhase_1000_com.android.server.pm.Installer took to complete: 0ms
08-08 04:45:57.084 D/ActivityManagerTiming(  741): OnBootPhase_1000_com.android.server.os.DeviceIdentifiersPolicyService
08-08 04:45:57.084 V/ActivityManagerTiming(  741): OnBootPhase_1000_com.android.server.os.DeviceIdentifiersPolicyService took to complete: 0ms
08-08 04:45:57.084 D/CompatibilityChangeReporter(  741): Compat change id reported: 218533173; UID 10233; state: ENABLED
08-08 04:45:57.084 D/ActivityManagerTiming(  741): OnBootPhase_1000_com.android.server.uri.UriGrantsManagerService$Lifecycle
08-08 04:45:57.084 V/ActivityManagerTiming(  741): OnBootPhase_1000_com.android.server.uri.UriGrantsManagerService$Lifecycle took to complete: 0ms
08-08 04:45:57.084 D/ActivityManagerTiming(  741): OnBootPhase_1000_com.android.server.powerstats.PowerStatsService
08-08 04:45:57.084 D/CompatibilityChangeReporter(  741): Compat change id reported: 262645982; UID 10233; state: ENABLED
08-08 04:45:57.084 E/PowerStatsService(  741): Failed to start PowerStatsService loggers
08-08 04:45:57.084 V/ActivityManagerTiming(  741): OnBootPhase_1000_com.android.server.powerstats.PowerStatsService took to complete: 0ms
08-08 04:45:57.084 D/ActivityManagerTiming(  741): OnBootPhase_1000_com.android.server.permission.access.AccessCheckingService
08-08 04:45:57.084 V/ActivityManagerTiming(  741): OnBootPhase_1000_com.android.server.permission.access.AccessCheckingService took to complete: 0ms
08-08 04:45:57.084 D/ActivityManagerTiming(  741): OnBootPhase_1000_com.android.server.wm.ActivityTaskManagerService$Lifecycle
08-08 04:45:57.084 V/ActivityManagerTiming(  741): OnBootPhase_1000_com.android.server.wm.ActivityTaskManagerService$Lifecycle took to complete: 0ms
08-08 04:45:57.084 D/ActivityManagerTiming(  741): OnBootPhase_1000_com.android.server.am.ActivityManagerService$Lifecycle
08-08 04:45:57.084 V/ActivityManagerTiming(  741): OnBootPhase_1000_com.android.server.am.ActivityManagerService$Lifecycle took to complete: 0ms
08-08 04:45:57.084 D/ActivityManagerTiming(  741): OnBootPhase_1000_com.android.server.pm.DataLoaderManagerService
08-08 04:45:57.085 V/ActivityManagerTiming(  741): OnBootPhase_1000_com.android.server.pm.DataLoaderManagerService took to complete: 0ms
08-08 04:45:57.085 D/ActivityManagerTiming(  741): OnBootPhase_1000_com.android.server.power.PowerManagerService
08-08 04:45:57.085 D/CompatibilityChangeReporter(  741): Compat change id reported: 218533173; UID 10077; state: ENABLED
08-08 04:45:57.085 D/CompatibilityChangeReporter(  741): Compat change id reported: 262645982; UID 10077; state: ENABLED
08-08 04:45:57.086 I/droid.bluetooth( 1437): [0808/044557.086122:INFO:com_android_bluetooth_btservice_ActivityAttribution.cpp(96)] classInitNative: succeeds
08-08 04:45:57.086 D/BluetoothAdapterService( 1437): setAdapterService() - trying to set service to com.android.bluetooth.btservice.AdapterService@f1ad2ef
08-08 04:45:57.086 D/CompatibilityChangeReporter(  741): Compat change id reported: 218533173; UID 10068; state: ENABLED
08-08 04:45:57.086 D/WifiClientModeImpl[17690:wlan0](  741):  handleScreenStateChanged Enter: screenOn=true mSuspendOptimizationsEnabled=true state DisconnectedState
08-08 04:45:57.086 D/CompatibilityChangeReporter(  741): Compat change id reported: 262645982; UID 10068; state: DISABLED
08-08 04:45:57.087 D/WifiClientModeImpl[17690:wlan0](  741): handleScreenStateChanged Exit: true
08-08 04:45:57.088 D/WifiClientModeImpl[17690:wlan0](  741): sendNetworkChangeBroadcast oldState=DISCONNECTED newState=DISCONNECTED hidden=false
08-08 04:45:57.089 D/WifiScoreCard(  741): ifaceName=wlan0,wifiInfo=SSID: <unknown ssid>, BSSID: <none>, MAC: 02:00:00:00:00:00, IP: null, Security type: -1, Supplicant state: DISCONNECTED, Wi-Fi standard: 0, RSSI: -127, Link speed: -1Mbps, Tx Link speed: -1Mbps, Max Supported Tx Link speed: -1Mbps, Rx Link speed: -1Mbps, Max Supported Rx Link speed: -1Mbps, Frequency: -1MHz, Net ID: -1, Metered hint: false, score: 0, isUsable: true, CarrierMerged: false, SubscriptionId: -1, IsPrimary: 0, Trusted: false, Restricted: false, Ephemeral: false, OEM paid: false, OEM private: false, OSU AP: false, FQDN: <none>, Provider friendly name: <none>, Requesting package name: <none><none>MLO Information: , Is TID-To-Link negotiation supported by the AP: false, AP MLD Address: <none>, AP MLO Link Id: <none>, AP MLO Affiliated links: <none>
08-08 04:45:57.089 D/WifiClientModeImpl[17690:wlan0](  741):  ClientModeImpl$ConnectableState screen=on 0 0
08-08 04:45:57.089 D/WifiClientModeImpl[17690:wlan0](  741):  ClientModeImpl$ConnectableState screen=on 1 0
08-08 04:45:57.089 I/PowerGroup(  741): Sleeping power group (groupId=0, uid=1000, reason=quiescent)...
08-08 04:45:57.090 I/PowerManagerService(  741): Sleeping (uid 1000)...
08-08 04:45:57.090 D/WifiClientModeImpl[17690:wlan0](  741): setSuspendOptimizationsNative: 4 false -want true stack:setSuspendOptimizationsNative - -$$Nest$msetSuspendOptimizationsNative - processMessageImpl - processMessage
08-08 04:45:57.090 D/wpa_supplicant( 1187): wpa_driver_nl80211_driver_cmd cmd:SETSUSPENDMODE 0
08-08 04:45:57.090 D/WifiClientModeImpl[17690:wlan0](  741):  ClientModeImpl$ConnectableState screen=on 0 0
08-08 04:45:57.091 D/CompatibilityChangeReporter(  741): Compat change id reported: 218533173; UID 10096; state: ENABLED
08-08 04:45:57.091 D/CompatibilityChangeReporter(  741): Compat change id reported: 262645982; UID 10096; state: ENABLED
08-08 04:45:57.092 D/CompatibilityChangeReporter(  741): Compat change id reported: 218533173; UID 10125; state: ENABLED
08-08 04:45:57.092 D/CompatibilityChangeReporter(  741): Compat change id reported: 262645982; UID 10125; state: ENABLED
08-08 04:45:57.093 D/CompatibilityChangeReporter(  741): Compat change id reported: 218533173; UID 10208; state: ENABLED
08-08 04:45:57.093 D/CompatibilityChangeReporter(  741): Compat change id reported: 262645982; UID 10208; state: ENABLED
08-08 04:45:57.094 V/ActivityManagerTiming(  741): OnBootPhase_1000_com.android.server.power.PowerManagerService took to complete: 10ms
08-08 04:45:57.094 D/ActivityManagerTiming(  741): OnBootPhase_1000_com.android.server.power.ThermalManagerService
08-08 04:45:57.095 V/ActivityManagerTiming(  741): OnBootPhase_1000_com.android.server.power.ThermalManagerService took to complete: 0ms
08-08 04:45:57.095 V/GraphicsEnvironment( 1585): Currently set values for:
08-08 04:45:57.098 W/ContextImpl(  741): Calling a method in the system process without a qualified user: android.app.ContextImpl.sendBroadcast:1220 com.android.server.power.PowerManagerService.handleSonyUserActivity:3306 com.android.server.power.PowerManagerService.-$$Nest$mhandleSonyUserActivity:0 com.android.server.power.PowerManagerService$PowerManagerHandlerCallback.handleMessage:5473 android.os.Handler.dispatchMessage:102 
08-08 04:45:57.098 D/ActivityManagerTiming(  741): OnBootPhase_1000_com.android.server.power.hint.HintManagerService
08-08 04:45:57.099 V/ActivityManagerTiming(  741): OnBootPhase_1000_com.android.server.power.hint.HintManagerService took to complete: 0ms
08-08 04:45:57.099 D/ActivityManagerTiming(  741): OnBootPhase_1000_com.android.server.recoverysystem.RecoverySystemService$Lifecycle
08-08 04:45:57.099 V/ActivityManagerTiming(  741): OnBootPhase_1000_com.android.server.recoverysystem.RecoverySystemService$Lifecycle took to complete: 0ms
08-08 04:45:57.099 D/ActivityManagerTiming(  741): OnBootPhase_1000_com.android.server.lights.LightsService
08-08 04:45:57.099 V/ActivityManagerTiming(  741): OnBootPhase_1000_com.android.server.lights.LightsService took to complete: 0ms
08-08 04:45:57.099 D/ActivityManagerTiming(  741): OnBootPhase_1000_com.android.server.display.DisplayManagerService
08-08 04:45:57.099 D/CompatibilityChangeReporter(  741): Compat change id reported: 218533173; UID 10138; state: ENABLED
08-08 04:45:57.099 I/LogicalDisplayMapper(  741): Requesting Transition to state: 0, from state=-1, interactive=true, mBootCompleted=true
08-08 04:45:57.099 I/LogicalDisplayMapper(  741): Applying layout: [{dispId: 0(ON), displayGroupName: , addr: {port=0, model=0x403674d9f751d3}, mThermalBrightnessThrottlingMapId: null, mRefreshRateZoneId: null, mLeadDisplayId: -1, mThermalRefreshRateThrottlingMapId: null}], Previous layout: [{dispId: 0(ON), displayGroupName: , addr: {port=0, model=0x403674d9f751d3}, mThermalBrightnessThrottlingMapId: null, mRefreshRateZoneId: null, mLeadDisplayId: -1, mThermalRefreshRateThrottlingMapId: null}]
08-08 04:45:57.099 V/ActivityManagerTiming(  741): OnBootPhase_1000_com.android.server.display.DisplayManagerService took to complete: 1ms
08-08 04:45:57.099 D/ActivityManagerTiming(  741): OnBootPhase_1000_com.android.server.pm.verify.domain.DomainVerificationService
08-08 04:45:57.099 D/CompatibilityChangeReporter(  741): Compat change id reported: 262645982; UID 10138; state: ENABLED
08-08 04:45:57.100 V/ActivityManagerTiming(  741): OnBootPhase_1000_com.android.server.pm.verify.domain.DomainVerificationService took to complete: 0ms
08-08 04:45:57.100 D/ActivityManagerTiming(  741): OnBootPhase_1000_com.android.server.pm.PackageInstallerService$Lifecycle
08-08 04:45:57.100 V/ActivityManagerTiming(  741): OnBootPhase_1000_com.android.server.pm.PackageInstallerService$Lifecycle took to complete: 0ms
08-08 04:45:57.100 D/ActivityManagerTiming(  741): OnBootPhase_1000_com.android.server.pm.UserManagerService$LifeCycle
08-08 04:45:57.100 V/ActivityManagerTiming(  741): OnBootPhase_1000_com.android.server.pm.UserManagerService$LifeCycle took to complete: 0ms
08-08 04:45:57.100 D/ActivityManagerTiming(  741): OnBootPhase_1000_com.android.server.om.OverlayManagerService
08-08 04:45:57.100 V/ActivityManagerTiming(  741): OnBootPhase_1000_com.android.server.om.OverlayManagerService took to complete: 0ms
08-08 04:45:57.100 D/ActivityManagerTiming(  741): OnBootPhase_1000_com.android.server.resources.ResourcesManagerService
08-08 04:45:57.100 V/ActivityManagerTiming(  741): OnBootPhase_1000_com.android.server.resources.ResourcesManagerService took to complete: 0ms
08-08 04:45:57.100 D/ActivityManagerTiming(  741): OnBootPhase_1000_com.android.server.sensorprivacy.SensorPrivacyService
08-08 04:45:57.100 V/ActivityManagerTiming(  741): OnBootPhase_1000_com.android.server.sensorprivacy.SensorPrivacyService took to complete: 0ms
08-08 04:45:57.100 D/ActivityManagerTiming(  741): OnBootPhase_1000_com.android.server.sensors.SensorService
08-08 04:45:57.100 V/ActivityManagerTiming(  741): OnBootPhase_1000_com.android.server.sensors.SensorService took to complete: 0ms
08-08 04:45:57.100 D/ActivityManagerTiming(  741): OnBootPhase_1000_com.android.server.SystemConfigService
08-08 04:45:57.100 V/ActivityManagerTiming(  741): OnBootPhase_1000_com.android.server.SystemConfigService took to complete: 0ms
08-08 04:45:57.100 D/ActivityManagerTiming(  741): OnBootPhase_1000_com.android.server.BatteryService
08-08 04:45:57.100 V/ActivityManagerTiming(  741): OnBootPhase_1000_com.android.server.BatteryService took to complete: 0ms
08-08 04:45:57.100 D/ActivityManagerTiming(  741): OnBootPhase_1000_com.android.server.usage.UsageStatsService
08-08 04:45:57.101 D/CompatibilityChangeReporter(  741): Compat change id reported: 218533173; UID 10049; state: ENABLED
08-08 04:45:57.101 D/CompatibilityChangeReporter(  741): Compat change id reported: 262645982; UID 10049; state: ENABLED
08-08 04:45:57.101 V/ActivityManagerTiming(  741): OnBootPhase_1000_com.android.server.usage.UsageStatsService took to complete: 1ms
08-08 04:45:57.102 D/ActivityManagerTiming(  741): OnBootPhase_1000_com.android.server.webkit.WebViewUpdateService
08-08 04:45:57.102 V/ActivityManagerTiming(  741): OnBootPhase_1000_com.android.server.webkit.WebViewUpdateService took to complete: 0ms
08-08 04:45:57.102 D/ActivityManagerTiming(  741): OnBootPhase_1000_com.android.server.CachedDeviceStateService
08-08 04:45:57.102 V/ActivityManagerTiming(  741): OnBootPhase_1000_com.android.server.CachedDeviceStateService took to complete: 0ms
08-08 04:45:57.102 D/ActivityManagerTiming(  741): OnBootPhase_1000_com.android.server.BinderCallsStatsService$LifeCycle
08-08 04:45:57.102 V/ActivityManagerTiming(  741): OnBootPhase_1000_com.android.server.BinderCallsStatsService$LifeCycle took to complete: 0ms
08-08 04:45:57.102 D/ActivityManagerTiming(  741): OnBootPhase_1000_com.android.server.LooperStatsService$Lifecycle
08-08 04:45:57.102 V/ActivityManagerTiming(  741): OnBootPhase_1000_com.android.server.LooperStatsService$Lifecycle took to complete: 0ms
08-08 04:45:57.102 D/ActivityManagerTiming(  741): OnBootPhase_1000_com.android.server.rollback.RollbackManagerService
08-08 04:45:57.102 D/CompatibilityChangeReporter(  741): Compat change id reported: 218533173; UID 10237; state: ENABLED
08-08 04:45:57.103 V/ActivityManagerTiming(  741): OnBootPhase_1000_com.android.server.rollback.RollbackManagerService took to complete: 0ms
08-08 04:45:57.103 D/ActivityManagerTiming(  741): OnBootPhase_1000_com.android.server.os.NativeTombstoneManagerService
08-08 04:45:57.103 V/ActivityManagerTiming(  741): OnBootPhase_1000_com.android.server.os.NativeTombstoneManagerService took to complete: 0ms
08-08 04:45:57.103 D/ActivityManagerTiming(  741): OnBootPhase_1000_com.android.server.os.BugreportManagerService
08-08 04:45:57.103 V/ActivityManagerTiming(  741): OnBootPhase_1000_com.android.server.os.BugreportManagerService took to complete: 0ms
08-08 04:45:57.103 D/ActivityManagerTiming(  741): OnBootPhase_1000_com.android.server.gpu.GpuService
08-08 04:45:57.103 V/ActivityManagerTiming(  741): OnBootPhase_1000_com.android.server.gpu.GpuService took to complete: 0ms
08-08 04:45:57.103 D/ActivityManagerTiming(  741): OnBootPhase_1000_com.android.server.security.rkp.RemoteProvisioningService
08-08 04:45:57.103 V/ActivityManagerTiming(  741): OnBootPhase_1000_com.android.server.security.rkp.RemoteProvisioningService took to complete: 0ms
08-08 04:45:57.103 D/ActivityManagerTiming(  741): OnBootPhase_1000_com.android.server.cpu.CpuMonitorService
08-08 04:45:57.103 V/ActivityManagerTiming(  741): OnBootPhase_1000_com.android.server.cpu.CpuMonitorService took to complete: 0ms
08-08 04:45:57.103 D/ActivityManagerTiming(  741): OnBootPhase_1000_com.android.server.security.KeyChainSystemService
08-08 04:45:57.103 V/ActivityManagerTiming(  741): OnBootPhase_1000_com.android.server.security.KeyChainSystemService took to complete: 0ms
08-08 04:45:57.103 D/ActivityManagerTiming(  741): OnBootPhase_1000_com.android.server.BinaryTransparencyService
08-08 04:45:57.103 I/TransparencyService(  741): Boot completed. Getting VBMeta Digest.
08-08 04:45:57.103 D/TransparencyService(  741): VBMeta Digest: b6a57650afb9c5549a454d8b2b67520dd28f28666e9a03d1d53f35d1b9b4e044
08-08 04:45:57.104 I/TransparencyService(  741): Boot completed. Collecting biometric system properties.
08-08 04:45:57.104 D/RollbackManager(  741): mRollbackLifetimeDurationInMillis=1209600000
08-08 04:45:57.105 I/TransparencyService(  741): Scheduling measurements to be taken.
08-08 04:45:57.105 I/TransparencyService(  741): Scheduling binary content-digest computation job
08-08 04:45:57.106 D/CompatibilityChangeReporter(  741): Compat change id reported: 253665015; UID 1000; state: DISABLED
08-08 04:45:57.106 D/CompatibilityChangeReporter(  741): Compat change id reported: 253665015; UID 1000; state: ENABLED
08-08 04:45:57.107 D/CompatibilityChangeReporter(  741): Compat change id reported: 262645982; UID 10237; state: ENABLED
08-08 04:45:57.107 W/Looper  (  741): Slow dispatch took 235ms main h=android.app.ActivityThread$H c=android.app.LoadedApk$ReceiverDispatcher$Args$$ExternalSyntheticLambda0@13b72b0 m=0
08-08 04:45:57.108 D/CompatibilityChangeReporter(  741): Compat change id reported: 218533173; UID 10007; state: ENABLED
08-08 04:45:57.108 D/CompatibilityChangeReporter(  741): Compat change id reported: 194532703; UID 1000; state: ENABLED
08-08 04:45:57.108 D/CompatibilityChangeReporter(  741): Compat change id reported: 262645982; UID 10007; state: ENABLED
08-08 04:45:57.108 D/CompatibilityChangeReporter(  741): Compat change id reported: 218533173; UID 10160; state: ENABLED
08-08 04:45:57.109 D/CompatibilityChangeReporter(  741): Compat change id reported: 262645982; UID 10160; state: ENABLED
08-08 04:45:57.109 D/CompatibilityChangeReporter(  741): Compat change id reported: 218533173; UID 10218; state: ENABLED
08-08 04:45:57.109 D/CompatibilityChangeReporter(  741): Compat change id reported: 262645982; UID 10218; state: ENABLED
08-08 04:45:57.110 D/CompatibilityChangeReporter(  741): Compat change id reported: 265195908; UID 10178; state: ENABLED
08-08 04:45:57.110 V/GraphicsEnvironment( 1585):   angle_gl_driver_selection_pkgs=[]
08-08 04:45:57.110 V/GraphicsEnvironment( 1585):   angle_gl_driver_selection_values=[]
08-08 04:45:57.111 V/GraphicsEnvironment( 1585): ANGLE GameManagerService for com.google.android.tv.remote.service: false
08-08 04:45:57.111 V/GraphicsEnvironment( 1585): com.google.android.tv.remote.service is not listed in per-application setting
08-08 04:45:57.111 V/GraphicsEnvironment( 1585): Neither updatable production driver nor prerelease driver is supported.
08-08 04:45:57.112 D/TransparencyService(  741): Job 1740526926 to measure binaries was scheduled successfully.
08-08 04:45:57.112 D/TransparencyService(  741): Registering APK & Non-Staged APEX updates...
08-08 04:45:57.112 I/DropBoxManagerService(  741): add tag=system_app_strictmode isTagEnabled=true flags=0x2
08-08 04:45:57.113 D/CompatibilityChangeReporter(  741): Compat change id reported: 135634846; UID 10200; state: DISABLED
08-08 04:45:57.113 D/CompatibilityChangeReporter(  741): Compat change id reported: 177438394; UID 10200; state: DISABLED
08-08 04:45:57.114 D/CompatibilityChangeReporter(  741): Compat change id reported: 135772972; UID 10200; state: DISABLED
08-08 04:45:57.114 D/CompatibilityChangeReporter(  741): Compat change id reported: 135754954; UID 10200; state: ENABLED
08-08 04:45:57.114 D/CompatibilityChangeReporter(  741): Compat change id reported: 143937733; UID 10200; state: ENABLED
08-08 04:45:57.116 D/BluetoothAdapterService( 1437): onBind()
08-08 04:45:57.117 W/BroadcastLoopers(  741): Found previously unknown looper Thread[PowerManagerService,5,main]
08-08 04:45:57.117 I/Zygote  (  405): Entering forkRepeatedly native zygote loop
08-08 04:45:57.117 E/ActivityManager(  741): Sending non-protected broadcast com.sony.dtv.intent.action.USER_ACTIVITY_ACTIVE from system 741:system/1000 pkg android
08-08 04:45:57.117 E/ActivityManager(  741): java.lang.Throwable
08-08 04:45:57.117 E/ActivityManager(  741): 	at com.android.server.am.ActivityManagerService.checkBroadcastFromSystem(ActivityManagerService.java:14427)
08-08 04:45:57.117 E/ActivityManager(  741): 	at com.android.server.am.ActivityManagerService.broadcastIntentLockedTraced(ActivityManagerService.java:15252)
08-08 04:45:57.117 E/ActivityManager(  741): 	at com.android.server.am.ActivityManagerService.broadcastIntentLocked(ActivityManagerService.java:14491)
08-08 04:45:57.117 E/ActivityManager(  741): 	at com.android.server.am.ActivityManagerService.broadcastIntentWithFeature(ActivityManagerService.java:15457)
08-08 04:45:57.117 E/ActivityManager(  741): 	at android.app.ContextImpl.sendBroadcast(ContextImpl.java:1224)
08-08 04:45:57.117 E/ActivityManager(  741): 	at com.android.server.power.PowerManagerService.handleSonyUserActivity(PowerManagerService.java:3306)
08-08 04:45:57.117 E/ActivityManager(  741): 	at com.android.server.power.PowerManagerService.-$$Nest$mhandleSonyUserActivity(PowerManagerService.java:0)
08-08 04:45:57.117 E/ActivityManager(  741): 	at com.android.server.power.PowerManagerService$PowerManagerHandlerCallback.handleMessage(PowerManagerService.java:5473)
08-08 04:45:57.117 E/ActivityManager(  741): 	at android.os.Handler.dispatchMessage(Handler.java:102)
08-08 04:45:57.117 E/ActivityManager(  741): 	at android.os.Looper.loopOnce(Looper.java:205)
08-08 04:45:57.117 E/ActivityManager(  741): 	at android.os.Looper.loop(Looper.java:294)
08-08 04:45:57.117 E/ActivityManager(  741): 	at android.os.HandlerThread.run(HandlerThread.java:67)
08-08 04:45:57.117 E/ActivityManager(  741): 	at com.android.server.ServiceThread.run(ServiceThread.java:46)
08-08 04:45:57.118 W/ContextImpl(  741): Calling a method in the system process without a qualified user: android.app.ContextImpl.sendBroadcast:1220 com.android.server.power.PowerManagerService.handleSonyUserActivity:3316 com.android.server.power.PowerManagerService.-$$Nest$mhandleSonyUserActivity:0 com.android.server.power.PowerManagerService$PowerManagerHandlerCallback.handleMessage:5473 android.os.Handler.dispatchMessage:102 
08-08 04:45:57.119 D/TransparencyService(  741): Registering APEX updates...
08-08 04:45:57.120 V/ActivityManagerTiming(  741): OnBootPhase_1000_com.android.server.BinaryTransparencyService took to complete: 16ms
08-08 04:45:57.120 D/ActivityManagerTiming(  741): OnBootPhase_1000_com.android.server.accounts.AccountManagerService$Lifecycle
08-08 04:45:57.120 V/ActivityManagerTiming(  741): OnBootPhase_1000_com.android.server.accounts.AccountManagerService$Lifecycle took to complete: 0ms
08-08 04:45:57.120 D/ActivityManagerTiming(  741): OnBootPhase_1000_com.android.server.content.ContentService$Lifecycle
08-08 04:45:57.120 V/ActivityManagerTiming(  741): OnBootPhase_1000_com.android.server.content.ContentService$Lifecycle took to complete: 0ms
08-08 04:45:57.120 D/ActivityManagerTiming(  741): OnBootPhase_1000_com.android.server.deviceconfig.DeviceConfigInit$Lifecycle
08-08 04:45:57.120 V/ActivityManagerTiming(  741): OnBootPhase_1000_com.android.server.deviceconfig.DeviceConfigInit$Lifecycle took to complete: 0ms
08-08 04:45:57.120 D/ActivityManagerTiming(  741): OnBootPhase_1000_com.android.server.DropBoxManagerService
08-08 04:45:57.120 V/ActivityManagerTiming(  741): OnBootPhase_1000_com.android.server.DropBoxManagerService took to complete: 0ms
08-08 04:45:57.120 D/ActivityManagerTiming(  741): OnBootPhase_1000_com.android.role.RoleService
08-08 04:45:57.120 V/ActivityManagerTiming(  741): OnBootPhase_1000_com.android.role.RoleService took to complete: 0ms
08-08 04:45:57.120 D/ActivityManagerTiming(  741): OnBootPhase_1000_com.android.server.vibrator.VibratorManagerService$Lifecycle
08-08 04:45:57.120 V/ActivityManagerTiming(  741): OnBootPhase_1000_com.android.server.vibrator.VibratorManagerService$Lifecycle took to complete: 0ms
08-08 04:45:57.120 D/ActivityManagerTiming(  741): OnBootPhase_1000_com.android.server.tare.InternalResourceService
08-08 04:45:57.120 V/ActivityManagerTiming(  741): OnBootPhase_1000_com.android.server.tare.InternalResourceService took to complete: 0ms
