--------- beginning of main
01-01 09:00:05.362 D/LibProductConfigInfo(  280): [getString:163] key:HLG value:Yes
01-01 09:00:05.362 D/productConfig@1.0-service(  280): [vendor/sony/frameworks/native/services/productConfig/1.0/ProductConfig.cpp(127):getString] key:HLG value:Yes len:3
01-01 09:00:05.363 D/LibProductConfigInfo(  280): [getString:163] key:Dolby Vision value:Yes
01-01 09:00:05.363 D/productConfig@1.0-service(  280): [vendor/sony/frameworks/native/services/productConfig/1.0/ProductConfig.cpp(127):getString] key:Dolby Vision value:Yes len:3
01-01 09:00:05.364 D/LibProductConfigInfo(  280): [getString:163] key:TRILUMINOS value:XR Triluminos Pro
01-01 09:00:05.364 D/productConfig@1.0-service(  280): [vendor/sony/frameworks/native/services/productConfig/1.0/ProductConfig.cpp(127):getString] key:TRILUMINOS value:XR Triluminos Pro len:17
01-01 09:00:05.365 D/LibProductConfigInfo(  280): [getInt:187] key:HF-2K format Type_HDMI4 value:1
01-01 09:00:05.365 D/productConfig@1.0-service(  280): [vendor/sony/frameworks/native/services/productConfig/1.0/ProductConfig.cpp(145):getInt] key:HF-2K format Type_HDMI4 value:1
01-01 09:00:05.370 D/LibProductConfigInfo(  280): [getInt:187] key:HF-QHD format Type_HDMI4 value:0
01-01 09:00:05.370 D/productConfig@1.0-service(  280): [vendor/sony/frameworks/native/services/productConfig/1.0/ProductConfig.cpp(145):getInt] key:HF-QHD format Type_HDMI4 value:0
01-01 09:00:05.371 V/<PRINT> (  589): [INPUTSRC]_MI_INPUTSRC_StandbyDetectEvtHandle[1123]: GPIO standby detect event, eSrcType = 0(HDMI), u8SrcIdx = 1.
01-01 09:00:05.371 D/LibProductConfigInfo(  280): [getInt:187] key:HF-4K format Type_HDMI4 value:1
01-01 09:00:05.371 D/productConfig@1.0-service(  280): [vendor/sony/frameworks/native/services/productConfig/1.0/ProductConfig.cpp(145):getInt] key:HF-4K format Type_HDMI4 value:1
01-01 09:00:05.371 D/TV_HAL_SourceLinkConnection(  605): notify id=ffffffff, halnotify=SIGNAL_STATUS, eventParames[3,2,0,0]
01-01 09:00:05.371 D/TV_HAL_SourceLinkConnection(  605): SIGNAL_STATUS deviceId: 3, status: 2 
01-01 09:00:05.371 D/android.hardware.tv.input-service.mediatek(  605): setDeviceStatus devicemap id : 3 , status: 2 
01-01 09:00:05.371 D/android.hardware.tv.input-service.mediatek(  605): isDeviceExist 3 :
01-01 09:00:05.371 D/android.hardware.tv.input-service.mediatek(  605): isDeviceExist it:0xea4c0610, end : 0x0 !
01-01 09:00:05.371 D/android.hardware.tv.input-service.mediatek(  605): TV_INPUT_MSG_DEVICE_STATUS_CHANGED tv hal initalized, update conncet status.
01-01 09:00:05.372 D/LibProductConfigInfo(  280): [getInt:187] key:HF-8K format Type_HDMI4 value:0
01-01 09:00:05.373 D/productConfig@1.0-service(  280): [vendor/sony/frameworks/native/services/productConfig/1.0/ProductConfig.cpp(145):getInt] key:HF-8K format Type_HDMI4 value:0
01-01 09:00:05.374 D/LibProductConfigInfo(  280): [getString:163] key:PS5 collab-HDR gaming Support value:Yes
01-01 09:00:05.374 D/productConfig@1.0-service(  280): [vendor/sony/frameworks/native/services/productConfig/1.0/ProductConfig.cpp(127):getString] key:PS5 collab-HDR gaming Support value:Yes len:3
01-01 09:00:05.371 D/ExternIn(  589): notifySourceLink[2265]: Notify device id = 3, connect status = 0, standby status = 0.
01-01 09:00:05.374 V/<PRINT> (  589): [INPUTSRC]_MI_INPUTSRC_StandbyDetectEvtHandle[1123]: GPIO standby detect event, eSrcType = 0(HDMI), u8SrcIdx = 2.
01-01 09:00:05.374 D/TV_HAL_SourceLinkConnection(  605): notify id=ffffffff, halnotify=SIGNAL_STATUS, eventParames[4,2,0,0]
01-01 09:00:05.374 D/TV_HAL_SourceLinkConnection(  605): SIGNAL_STATUS deviceId: 4, status: 2 
01-01 09:00:05.374 D/android.hardware.tv.input-service.mediatek(  605): setDeviceStatus devicemap id : 4 , status: 2 
01-01 09:00:05.374 D/android.hardware.tv.input-service.mediatek(  605): isDeviceExist 4 :
01-01 09:00:05.374 D/android.hardware.tv.input-service.mediatek(  605): isDeviceExist it:0xea4c0700, end : 0x0 !
01-01 09:00:05.374 D/android.hardware.tv.input-service.mediatek(  605): TV_INPUT_MSG_DEVICE_STATUS_CHANGED tv hal initalized, update conncet status.
01-01 09:00:05.374 D/ExternIn(  589): notifySourceLink[2265]: Notify device id = 4, connect status = 0, standby status = 0.
01-01 09:00:05.375 D/LibProductConfigInfo(  280): [getString:163] key:PS5 collab-Genre Support value:Yes
01-01 09:00:05.375 D/productConfig@1.0-service(  280): [vendor/sony/frameworks/native/services/productConfig/1.0/ProductConfig.cpp(127):getString] key:PS5 collab-Genre Support value:Yes len:3
01-01 09:00:05.376 D/LibProductConfigInfo(  280): [getString:163] key:iMAX Support_HDMI4 value:-
01-01 09:00:05.376 D/productConfig@1.0-service(  280): [vendor/sony/frameworks/native/services/productConfig/1.0/ProductConfig.cpp(127):getString] key:iMAX Support_HDMI4 value:- len:1
01-01 09:00:05.378 D/LibProductConfigInfo(  280): [getString:163] key:SBTM Support_HDMI4 value:Yes
01-01 09:00:05.378 D/productConfig@1.0-service(  280): [vendor/sony/frameworks/native/services/productConfig/1.0/ProductConfig.cpp(127):getString] key:SBTM Support_HDMI4 value:Yes len:3
01-01 09:00:05.379 D/LibProductConfigInfo(  280): [getString:163] key:HDR Vivid_HDMI4 value:No
01-01 09:00:05.379 D/productConfig@1.0-service(  280): [vendor/sony/frameworks/native/services/productConfig/1.0/ProductConfig.cpp(127):getString] key:HDR Vivid_HDMI4 value:No len:2
01-01 09:00:05.383 E/PQ_UTILITY(  626): [__presetdb_get_AISR][380]PresetDB parsing fail!!
01-01 09:00:05.383 E/PQ_UTILITY(  626): [graphic_presetdb_parse][414]PresetDB parsing fail!!
01-01 09:00:05.383 D/hwcomposer3(  626): OsdPqCfdSettingSony::OsdPqCfdSettingSony: [GMMbrt]OsdPqCfdSettingSony start
01-01 09:00:05.383 D/hwcomposer3(  626): OsdPqCfdSettingSony::OsdPqCfdSettingSonyInit: [GMMbrt]OsdPqCfdSettingSonyInit start
01-01 09:00:05.385 D/LibProductConfigInfo(  280): [getString:163] key:Segment value:UM
01-01 09:00:05.386 D/productConfig@1.0-service(  280): [getString:35] key:Segment outBuf:UM len:2
01-01 09:00:05.386 D/LibProductConfigInfo(  280): [getString:163] key:VRR Support_HDMI4 value:Yes
01-01 09:00:05.386 D/hwcomposer3(  626): OsdPqCfdSettingSony::operator(): [GMMbrt]Segment = UM
01-01 09:00:05.386 D/productConfig@1.0-service(  280): [vendor/sony/frameworks/native/services/productConfig/1.0/ProductConfig.cpp(127):getString] key:VRR Support_HDMI4 value:Yes len:3
01-01 09:00:05.386 D/LibProductConfigInfo(  280): [getString:163] key:ScreenSize value:55
01-01 09:00:05.387 D/productConfig@1.0-service(  280): [getString:35] key:ScreenSize outBuf:55 len:2
01-01 09:00:05.387 D/hwcomposer3(  626): OsdPqCfdSettingSony::operator(): [GMMbrt]ScreenSize = 55
01-01 09:00:05.387 D/hwcomposer3(  626): OsdPqCfdSettingSony::loadBrightnessMode: [GMMbrt]segment UM screenSize 55
01-01 09:00:05.387 D/hwcomposer3(  626): OsdPqCfdSettingSony::loadBrightnessMode: [GMMbrt]cModelName : UM cSegment UM len = 2
01-01 09:00:05.387 D/hwcomposer3(  626): OsdPqCfdSettingSony::loadBrightnessMode: [GMMbrt]cModelName : UM55 cScreenSize 55 len = 2
01-01 09:00:05.387 D/LibProductConfigInfo(  280): [getString:163] key:ALLM Support_HDMI4 value:Yes
01-01 09:00:05.387 D/productConfig@1.0-service(  280): [vendor/sony/frameworks/native/services/productConfig/1.0/ProductConfig.cpp(127):getString] key:ALLM Support_HDMI4 value:Yes len:3
01-01 09:00:05.388 D/LibProductConfigInfo(  280): [getString:163] key:DSC Support_HDMI4 value:-
01-01 09:00:05.388 D/productConfig@1.0-service(  280): [vendor/sony/frameworks/native/services/productConfig/1.0/ProductConfig.cpp(127):getString] key:DSC Support_HDMI4 value:- len:1
01-01 09:00:05.389 D/LibProductConfigInfo(  280): [getString:163] key:FRL Support_HDMI4 value:Yes
01-01 09:00:05.389 D/productConfig@1.0-service(  280): [vendor/sony/frameworks/native/services/productConfig/1.0/ProductConfig.cpp(127):getString] key:FRL Support_HDMI4 value:Yes len:3
01-01 09:00:05.390 D/LibProductConfigInfo(  280): [getString:163] key:Dolby Audio-VSADB Support value:-
01-01 09:00:05.390 D/productConfig@1.0-service(  280): [vendor/sony/frameworks/native/services/productConfig/1.0/ProductConfig.cpp(127):getString] key:Dolby Audio-VSADB Support value:- len:1
01-01 09:00:05.392 D/LibProductConfigInfo(  280): [getString:163] key:HDMI Special Support value:-
01-01 09:00:05.392 D/productConfig@1.0-service(  280): [vendor/sony/frameworks/native/services/productConfig/1.0/ProductConfig.cpp(127):getString] key:HDMI Special Support value:- len:1
01-01 09:00:05.393 D/hwcomposer3(  626): OsdPqCfdSettingSony::loadBrightnessMode: [GMMbrt]open success /mnt/vendor/featuredata/render_domain/hwc/gammactl/data/modelSpecificBrightnessRelativeRatio/gop_modelSpecificBrightnessRelativeRatio_UM55.json
01-01 09:00:05.394 D/hwcomposer3(  626): OsdPqCfdSettingSony::loadBrightnessMode: [GMMbrt]readline = "High": {

01-01 09:00:05.394 D/hwcomposer3(  626): OsdPqCfdSettingSony::loadBrightnessMode: [GMMbrt]found key=High
01-01 09:00:05.394 D/hwcomposer3(  626): OsdPqCfdSettingSony::loadBrightnessMode: [GMMbrt]data orig =     SdrBrightnessRatio:1.0

01-01 09:00:05.394 D/hwcomposer3(  626): OsdPqCfdSettingSony::loadBrightnessMode: [GMMbrt]data = 1.0

01-01 09:00:05.394 D/hwcomposer3(  626): OsdPqCfdSettingSony::loadBrightnessMode: [GMMbrt]key=High, value=    SdrBrightnessRatio:1.0
 dRatio=1.000000
01-01 09:00:05.394 D/hwcomposer3(  626): OsdPqCfdSettingSony::loadBrightnessMode: [GMMbrt]readline = }

01-01 09:00:05.394 D/hwcomposer3(  626): OsdPqCfdSettingSony::loadBrightnessMode: [GMMbrt]read data is nothing or short
01-01 09:00:05.394 D/hwcomposer3(  626): OsdPqCfdSettingSony::loadBrightnessMode: [GMMbrt]readline = "Mid": {

01-01 09:00:05.394 D/hwcomposer3(  626): OsdPqCfdSettingSony::loadBrightnessMode: [GMMbrt]found key=Mid
01-01 09:00:05.394 D/hwcomposer3(  626): OsdPqCfdSettingSony::loadBrightnessMode: [GMMbrt]data orig =     SdrBrightnessRatio:0.73

01-01 09:00:05.394 D/hwcomposer3(  626): OsdPqCfdSettingSony::loadBrightnessMode: [GMMbrt]data = 0.73

01-01 09:00:05.394 D/hwcomposer3(  626): OsdPqCfdSettingSony::loadBrightnessMode: [GMMbrt]key=Mid, value=    SdrBrightnessRatio:0.73
 dRatio=0.730000
01-01 09:00:05.394 D/hwcomposer3(  626): OsdPqCfdSettingSony::loadBrightnessMode: [GMMbrt]readline = }

01-01 09:00:05.394 D/hwcomposer3(  626): OsdPqCfdSettingSony::loadBrightnessMode: [GMMbrt]read data is nothing or short
01-01 09:00:05.394 D/hwcomposer3(  626): OsdPqCfdSettingSony::loadBrightnessMode: [GMMbrt]readline = "Low": {

01-01 09:00:05.394 D/hwcomposer3(  626): OsdPqCfdSettingSony::loadBrightnessMode: [GMMbrt]found key=Low
01-01 09:00:05.395 D/hwcomposer3(  626): OsdPqCfdSettingSony::loadBrightnessMode: [GMMbrt]data orig =     SdrBrightnessRatio:0.431

01-01 09:00:05.395 D/hwcomposer3(  626): OsdPqCfdSettingSony::loadBrightnessMode: [GMMbrt]data = 0.431

01-01 09:00:05.395 D/hwcomposer3(  626): OsdPqCfdSettingSony::loadBrightnessMode: [GMMbrt]key=Low, value=    SdrBrightnessRatio:0.431
 dRatio=0.431000
01-01 09:00:05.395 D/hwcomposer3(  626): OsdPqCfdSettingSony::loadBrightnessMode: [GMMbrt]readline = }

01-01 09:00:05.395 D/hwcomposer3(  626): OsdPqCfdSettingSony::loadBrightnessMode: [GMMbrt]read data is nothing or short
01-01 09:00:05.395 D/hwcomposer3(  626): /sys/devices/platform/mediatek-drm-tv-kms/mtk_dbg/mtk_drm_GOP_SubVideoIdx : -1 
01-01 09:00:05.396 D/hwcomposer3(  626): /sys/devices/platform/mediatek-drm-tv-kms/mtk_dbg/mtk_drm_capability_GOP1_Max_Width : 0 
01-01 09:00:05.396 D/hwcomposer3(  626): HWComposerOSD::HWComposerOSD: gop 1 is inited with sub-video PQ, and its max width = 3840
01-01 09:00:05.396 D/hwcomposer3(  626): /sys/devices/platform/mediatek-drm-tv-kms/mtk_dbg/mtk_drm_capability_GOP_AISR : 0 
01-01 09:00:05.396 D/hwcomposer3(  626): HWComposerOSD::HWComposerOSD: /sys/devices/platform/mediatek-drm-tv-kms/mtk_dbg/mtk_drm_capability_GOP_AISR: false
01-01 09:00:05.417 I/RENDER  (  626): [1;36mSet RENDER debug level 0x20
01-01 09:00:05.417 I/RENDER  (  626): [0m
01-01 09:00:05.417 I/RENDER  (  626): MI_RENDER_SetDebugLevel[27395] _u32DbgLevel     is 0x20
01-01 09:00:05.417 I/RENDER  (  626): Set COMPOSER debug level to 32
01-01 09:00:05.417 I/RENDER  (  626): Set RENDER Data Center debug level to 32
01-01 09:00:05.417 I/RENDER  (  626): Set Panel Settings debug level to 32
01-01 09:00:05.417 V/<MI3>   (  626): <INFO>[1;33mSet Preferfmt debuglevel to 32
01-01 09:00:05.417 V/<MI3>   (  626): [0m
01-01 09:00:05.417 V/<MI3>   (  626): <INFO>[1;33mSet WinPrior debuglevel to 32
01-01 09:00:05.417 V/<MI3>   (  626): [0m
01-01 09:00:05.417 V/<MI3>   (  626): <INFO>[1;33mSet Allocate debuglevel to 32
01-01 09:00:05.417 V/<MI3>   (  626): [0m
01-01 09:00:05.417 I/RENDER  (  626): MI_RENDER_PixelShift_SetDebugLevel[635] _u32DbgLevel     is 0x20
01-01 09:00:05.417 V/<MI3>   (  626): <INFO>[1;33mSet GPU debug level to 32
01-01 09:00:05.417 V/<MI3>   (  626): [0m
01-01 09:00:05.417 V/<MI3>   (  626): <INFO>[1;33mSet GPU debug level to 32
01-01 09:00:05.417 V/<MI3>   (  626): [0m
01-01 09:00:05.417 I/RENDER  (  626): Set Frame Domain PQ debug level to 32
01-01 09:00:05.417 I/RENDER  (  626): [MI_RENDER_PQMAP] Set PQMAP debug level to 32
01-01 09:00:05.417 I/RENDER  (  626): Set StateMachine debug level to 32
01-01 09:00:05.417 I/RENDER  (  626): Set common debug level to 32
01-01 09:00:05.417 V/<MI3>   (  626): <INFO>[1;33mSet Band Width Manager debug level to 32
01-01 09:00:05.417 V/<MI3>   (  626): [0m
01-01 09:00:05.417 V/<MI3>   (  626): <INFO>[1;33mSet Display Mode Manager debug level to 32
01-01 09:00:05.417 V/<MI3>   (  626): [0m
01-01 09:00:05.417 I/RENDER  (  626): Set RENDER Graphic debug level to 32
01-01 09:00:05.417 I/RENDER  (  626): [RENDER_DMA] Set RENDER Dma debug level to 32
01-01 09:00:05.417 D/hwcomposer3(  626): HWComposerMiRenderWrapper::HWComposerMiRenderWrapper: init MI_RENDER...1
01-01 09:00:05.417 I/RENDER  (  626): MI_RENDER_Init[27466] >>>
01-01 09:00:05.417 I/RENDER  (  626): _bModuleInited = 1; _u8ModuleState = 4
01-01 09:00:05.417 I/RENDER  (  626): [1;36mSet RENDER debug level 0x20
01-01 09:00:05.417 I/RENDER  (  626): [0m
01-01 09:00:05.417 I/RENDER  (  626): MI_RENDER_SetDebugLevel[27395] _u32DbgLevel     is 0x20
01-01 09:00:05.417 I/RENDER  (  626): Set COMPOSER debug level to 32
01-01 09:00:05.417 I/RENDER  (  626): Set RENDER Data Center debug level to 32
01-01 09:00:05.417 I/RENDER  (  626): Set Panel Settings debug level to 32
01-01 09:00:05.417 V/<MI3>   (  626): <INFO>[1;33mSet Preferfmt debuglevel to 32
01-01 09:00:05.417 V/<MI3>   (  626): [0m
01-01 09:00:05.417 V/<MI3>   (  626): <INFO>[1;33mSet WinPrior debuglevel to 32
01-01 09:00:05.417 V/<MI3>   (  626): [0m
01-01 09:00:05.417 V/<MI3>   (  626): <INFO>[1;33mSet Allocate debuglevel to 32
01-01 09:00:05.417 V/<MI3>   (  626): [0m
01-01 09:00:05.417 I/RENDER  (  626): MI_RENDER_PixelShift_SetDebugLevel[635] _u32DbgLevel     is 0x20
01-01 09:00:05.417 V/<MI3>   (  626): <INFO>[1;33mSet GPU debug level to 32
01-01 09:00:05.417 V/<MI3>   (  626): [0m
01-01 09:00:05.417 V/<MI3>   (  626): <INFO>[1;33mSet GPU debug level to 32
01-01 09:00:05.417 V/<MI3>   (  626): [0m
01-01 09:00:05.417 I/RENDER  (  626): Set Frame Domain PQ debug level to 32
01-01 09:00:05.417 I/RENDER  (  626): [MI_RENDER_PQMAP] Set PQMAP debug level to 32
01-01 09:00:05.417 I/RENDER  (  626): Set StateMachine debug level to 32
01-01 09:00:05.417 I/RENDER  (  626): Set common debug level to 32
01-01 09:00:05.417 V/<MI3>   (  626): <INFO>[1;33mSet Band Width Manager debug level to 32
01-01 09:00:05.417 V/<MI3>   (  626): [0m
01-01 09:00:05.417 V/<MI3>   (  626): <INFO>[1;33mSet Display Mode Manager debug level to 32
01-01 09:00:05.417 V/<MI3>   (  626): [0m
01-01 09:00:05.418 I/RENDER  (  626): Set RENDER Graphic debug level to 32
01-01 09:00:05.418 I/RENDER  (  626): [RENDER_DMA] Set RENDER Dma debug level to 32
01-01 09:00:05.418 D/hwcomposer3(  626): HWComposerMiRenderWrapper::HWComposerMiRenderWrapper: init MI_RENDER...1
01-01 09:00:05.418 I/RENDER  (  626): MI_RENDER_Init[27466] >>>
01-01 09:00:05.418 I/RENDER  (  626): _bModuleInited = 1; _u8ModuleState = 4
01-01 09:00:05.418 D/hwcomposer3(  626): HWComposerMiRenderWrapper::getSupportedVSyncPeriods: Supported panel mode info[0]: [3840x2160@60]
01-01 09:00:05.418 D/hwcomposer3(  626): HWComposerMiRenderWrapper::getSupportedVSyncPeriods: Supported panel mode info[1]: [3840x2160@50]
01-01 09:00:05.418 D/hwcomposer3(  626): HWComposerMiRenderWrapper::getSupportedVSyncPeriods: Supported panel mode info[2]: [3840x2160@48]
01-01 09:00:05.418 D/hwcomposer3(  626): HWCDisplayDevice::initConfigs: initConfigs new config 0: 3840 x 2160 @ 60.0 Hz, DPI: 80.0 x 80.0
01-01 09:00:05.418 D/hwcomposer3(  626): HWCDisplayDevice::initConfigs: initConfigs new config 1: 3840 x 2160 @ 50.0 Hz, DPI: 80.0 x 80.0
01-01 09:00:05.418 D/hwcomposer3(  626): HWCDisplayDevice::initConfigs: initConfigs new config 2: 3840 x 2160 @ 48.0 Hz, DPI: 80.0 x 80.0
01-01 09:00:05.418 D/hwcomposer3(  626): /sys/devices/platform/mediatek-drm-tv-kms/mtk_dbg/mtk_drm_capability_GOP_Num : 1 
01-01 09:00:05.418 D/hwcomposer3(  626): HWComposerDisplayHalMiRender::getHdrCapabilities: getHdrCapabilities successfully, GOPNum = 5
01-01 09:00:05.418 D/hwcomposer3(  626): /sys/devices/platform/mediatek-drm-tv-kms/mtk_dbg/mtk_drm_capability_GOP0_HDRMode : 0 
01-01 09:00:05.418 D/hwcomposer3(  626): HWComposerDisplayHalMiRender::getHdrCapabilities: getHdrCapabilities successfully, HDRCapsValue = 16
01-01 09:00:05.418 D/hwcomposer3(  626): /sys/devices/platform/mediatek-drm-tv-kms/mtk_dbg/mtk_drm_capability_GOP1_HDRMode : 0 
01-01 09:00:05.418 D/hwcomposer3(  626): HWComposerDisplayHalMiRender::getHdrCapabilities: getHdrCapabilities successfully, HDRCapsValue = 0
01-01 09:00:05.418 D/hwcomposer3(  626): /sys/devices/platform/mediatek-drm-tv-kms/mtk_dbg/mtk_drm_capability_GOP2_HDRMode : 0 
01-01 09:00:05.418 D/LibProductConfigInfo(  280): [getString:163] key:PanelID value:YDEM007UNG0101
01-01 09:00:05.418 D/productConfig@1.0-service(  280): [vendor/sony/frameworks/native/services/productConfig/1.0/ProductConfig.cpp(127):getString] key:PanelID value:YDEM007UNG0101 len:14
01-01 09:00:05.419 D/hwcomposer3(  626): HWComposerDisplayHalMiRender::getHdrCapabilities: getHdrCapabilities successfully, HDRCapsValue = 0
01-01 09:00:05.419 D/hwcomposer3(  626): /sys/devices/platform/mediatek-drm-tv-kms/mtk_dbg/mtk_drm_capability_GOP3_HDRMode : 0 
01-01 09:00:05.419 D/hwcomposer3(  626): HWComposerDisplayHalMiRender::getHdrCapabilities: getHdrCapabilities successfully, HDRCapsValue = 0
01-01 09:00:05.419 D/hwcomposer3(  626): /sys/devices/platform/mediatek-drm-tv-kms/mtk_dbg/mtk_drm_capability_GOP4_HDRMode : 0 
01-01 09:00:05.419 D/hwcomposer3(  626): HWComposerDisplayHalMiRender::getHdrCapabilities: getHdrCapabilities successfully, HDRCapsValue = 0
01-01 09:00:05.419 D/hwcomposer3(  626): HWCDisplayDevicePrimary::HWCDisplayDevicePrimary: Osd hdr type num = 1
01-01 09:00:05.420 D/hwcomposer3(  626): HWCDisplayDevicePrimary::HWCDisplayDevicePrimary: get DisplayDataSpace = 60000
01-01 09:00:05.420 D/hwcomposer3(  626): HWCDisplayDevicePrimary::HWCDisplayDevicePrimary: mUIReadyIdx is 4
01-01 09:00:05.420 D/hwcomposer3(  626): HWComposerDevice::initPrimaryDisplay: callHotplug called, but no valid callback registered, storing display
01-01 09:00:05.420 D/hwcomposer3(  626): HWComposerDevice::eventWorkThread: Use RealTime hwcVsyncThread
01-01 09:00:05.421 D/hwcomposer3(  626): HWComposerRealTimeController::addThread: HWC realtime addThread Class_HWC_VsyncThread
01-01 09:00:05.421 D/hwcomposer3(  626): Instantiating pq service...
01-01 09:00:05.423 D/LibProductConfigInfo(  280): [getString:163] key:PanelID value:YDEM007UNG0101
01-01 09:00:05.423 D/productConfig@1.0-service(  280): [vendor/sony/frameworks/native/services/productConfig/1.0/ProductConfig.cpp(127):getString] key:PanelID value:YDEM007UNG0101 len:14
01-01 09:00:05.439 D/LibProductConfigInfo(  280): [getString:163] key:PanelID value:YDEM007UNG0101
01-01 09:00:05.439 D/productConfig@1.0-service(  280): [vendor/sony/frameworks/native/services/productConfig/1.0/ProductConfig.cpp(127):getString] key:PanelID value:YDEM007UNG0101 len:14
01-01 09:00:05.445 D/LibProductConfigInfo(  280): [getString:163] key:PanelID value:YDEM007UNG0101
01-01 09:00:05.445 D/productConfig@1.0-service(  280): [vendor/sony/frameworks/native/services/productConfig/1.0/ProductConfig.cpp(127):getString] key:PanelID value:YDEM007UNG0101 len:14
01-01 09:00:05.452 D/LibProductConfigInfo(  280): [getString:163] key:PanelID value:YDEM007UNG0101
01-01 09:00:05.452 D/productConfig@1.0-service(  280): [vendor/sony/frameworks/native/services/productConfig/1.0/ProductConfig.cpp(127):getString] key:PanelID value:YDEM007UNG0101 len:14
01-01 09:00:05.454 D/ExternIn(  589): setHdmiReceiverEnableMode[3629]: Input port = 1 and ReceiverEnableMode = 0.
01-01 09:00:05.454 D/ExternIn(  589): setHdmiReceiverEnableMode[3654]: Port[0], CLK Rterm = 0, DATA Rterm = 0
01-01 09:00:05.454 D/ExternIn(  589): setHdmiReceiverEnableMode[3658]: It's no need to set CLK/DATA Rterm again.
01-01 09:00:05.454 D/ExternIn(  589): setHdmiReceiverEnableMode[3629]: Input port = 2 and ReceiverEnableMode = 0.
01-01 09:00:05.454 D/ExternIn(  589): setHdmiReceiverEnableMode[3654]: Port[1], CLK Rterm = 0, DATA Rterm = 0
01-01 09:00:05.454 D/ExternIn(  589): setHdmiReceiverEnableMode[3658]: It's no need to set CLK/DATA Rterm again.
01-01 09:00:05.454 D/ExternIn(  589): setHdmiReceiverEnableMode[3629]: Input port = 3 and ReceiverEnableMode = 0.
01-01 09:00:05.454 D/ExternIn(  589): setHdmiReceiverEnableMode[3654]: Port[2], CLK Rterm = 0, DATA Rterm = 0
01-01 09:00:05.454 D/ExternIn(  589): setHdmiReceiverEnableMode[3658]: It's no need to set CLK/DATA Rterm again.
01-01 09:00:05.454 D/ExternIn(  589): setHdmiReceiverEnableMode[3629]: Input port = 4 and ReceiverEnableMode = 0.
01-01 09:00:05.454 D/ExternIn(  589): setHdmiReceiverEnableMode[3654]: Port[3], CLK Rterm = 0, DATA Rterm = 0
01-01 09:00:05.455 D/ExternIn(  589): setHdmiReceiverEnableMode[3658]: It's no need to set CLK/DATA Rterm again.
01-01 09:00:05.463 D/hwcomposer3(  626): PQHAL:initPqSubHal initLib!
01-01 09:00:05.463 I/PQ_AIDL (  626): mdbgin_pqhal: Pq:initPqSubHal is called.
01-01 09:00:05.467 V/<PRINT> (  589): [INPUTSRC]MI_INPUTSRC_HDMI_SetEDID[5741]: Input HDMI port:0, Type:1, Version:0, EDID idx = 0.
01-01 09:00:05.468 E/<ERROR> (  589): [INPUTSRC]_MI_INPUTSRC_HDMI_LoadInternalEdid[4356]: Open /vendor/tvconfig/bsp/common/EDID_BIN/Mstar_EDID1_v2.0_4K_2K_3D_HDR.bin failed, errno:2.
01-01 09:00:05.469 E/<ERROR> (  589): [INPUTSRC]_MI_INPUTSRC_HDMI_LoadInternalEdid[4356]: Open /vendor/tvconfig/bsp/common/EDID_BIN/Mstar_EDID1_v2.0_4K_2K_3D_HDR.bin failed, errno:2.
01-01 09:00:05.473 D/ExternIn(  589): setEdidData[2471]: Set customer's EDID done, port(caller) = 1.
01-01 09:00:05.473 V/<PRINT> (  589): [INPUTSRC]MI_INPUTSRC_HDMI_SetEDID[5741]: Input HDMI port:1, Type:1, Version:0, EDID idx = 0.
01-01 09:00:05.473 E/<ERROR> (  589): [INPUTSRC]_MI_INPUTSRC_HDMI_LoadInternalEdid[4356]: Open /vendor/tvconfig/bsp/common/EDID_BIN/Mstar_EDID2_v2.0_4K_2K_3D_HDR.bin failed, errno:2.
01-01 09:00:05.475 V/<PRINT> (  589): [INPUTSRC]_MI_INPUTSRC_StandbyDetectEvtHandle[1123]: GPIO standby detect event, eSrcType = 0(HDMI), u8SrcIdx = 2.
01-01 09:00:05.484 E/<ERROR> (  589): [INPUTSRC]_MI_INPUTSRC_HDMI_LoadInternalEdid[4356]: Open /vendor/tvconfig/bsp/common/EDID_BIN/Mstar_EDID2_v2.0_4K_2K_3D_HDR.bin failed, errno:2.
01-01 09:00:05.488 V/<MI_PQ> (  626): SONY_PQ_CUSTOM_NRPATH PqrmPath=/mnt/vendor/featuredata/pq/nr_path/pqrm/CustPqrmEnumMapping.json
01-01 09:00:05.491 V/<MI_PQ> (  626): SONY_PQ_CUSTOM_OUTPUTFORMAT first-time
01-01 09:00:05.491 D/ExternIn(  589): setEdidData[2471]: Set customer's EDID done, port(caller) = 2.
01-01 09:00:05.492 V/<PRINT> (  589): [INPUTSRC]MI_INPUTSRC_HDMI_SetEDID[5741]: Input HDMI port:2, Type:1, Version:0, EDID idx = 0.
01-01 09:00:05.492 E/<ERROR> (  589): [INPUTSRC]_MI_INPUTSRC_HDMI_LoadInternalEdid[4356]: Open /vendor/tvconfig/bsp/common/EDID_BIN/Mstar_EDID3_v2.0_4K_2K_3D_HDR.bin failed, errno:2.
01-01 09:00:05.492 D/TV_HAL_SourceLinkConnection(  605): notify id=ffffffff, halnotify=SIGNAL_STATUS, eventParames[4,2,0,0]
01-01 09:00:05.492 D/TV_HAL_SourceLinkConnection(  605): SIGNAL_STATUS deviceId: 4, status: 2 
01-01 09:00:05.492 D/android.hardware.tv.input-service.mediatek(  605): setDeviceStatus devicemap id : 4 , status: 2 
01-01 09:00:05.492 D/android.hardware.tv.input-service.mediatek(  605): isDeviceExist 4 :
01-01 09:00:05.492 D/android.hardware.tv.input-service.mediatek(  605): isDeviceExist it:0xea4c0700, end : 0x0 !
01-01 09:00:05.492 D/android.hardware.tv.input-service.mediatek(  605): TV_INPUT_MSG_DEVICE_STATUS_CHANGED tv hal initalized, update conncet status.
01-01 09:00:05.492 D/ExternIn(  589): notifySourceLink[2265]: Notify device id = 4, connect status = 0, standby status = 0.
01-01 09:00:05.492 V/<PRINT> (  589): [INPUTSRC]_MI_INPUTSRC_StandbyDetectEvtHandle[1123]: GPIO standby detect event, eSrcType = 0(HDMI), u8SrcIdx = 3.
01-01 09:00:05.495 E/<ERROR> (  589): [INPUTSRC]_MI_INPUTSRC_HDMI_LoadInternalEdid[4356]: Open /vendor/tvconfig/bsp/common/EDID_BIN/Mstar_EDID3_v2.0_4K_2K_3D_HDR.bin failed, errno:2.
01-01 09:00:05.496 D/LibProductConfigInfo(  280): [getString:163] key:Segment value:UM
01-01 09:00:05.496 D/productConfig@1.0-service(  280): [getString:35] key:Segment outBuf:UM len:2
01-01 09:00:05.496 D/SONY_PQ (  626): SONY_PQ Segment::UM
01-01 09:00:05.496 V/<MI_PQ> (  626): SONY_PQ_CUSTOM_NRPATH PqrmPath=/mnt/vendor/featuredata/pq/mtk_config/custoutputformat/CustOutputFormat_UM.json
01-01 09:00:05.497 V/<PRINT> (  589): [INPUTSRC]_MI_INPUTSRC_HDMI_RepullHpd[3821]: Repull HDMI[2]'s HPD, triggered by non-SAD.
01-01 09:00:05.497 D/ExternIn(  589): setEdidData[2471]: Set customer's EDID done, port(caller) = 3.
01-01 09:00:05.498 V/<PRINT> (  589): [INPUTSRC]MI_INPUTSRC_HDMI_SetEDID[5741]: Input HDMI port:3, Type:1, Version:0, EDID idx = 0.
01-01 09:00:05.498 E/<ERROR> (  589): [INPUTSRC]_MI_INPUTSRC_HDMI_LoadInternalEdid[4356]: Open /vendor/tvconfig/bsp/common/EDID_BIN/Mstar_EDID4_v2.0_4K_2K_3D_HDR.bin failed, errno:2.
01-01 09:00:05.498 E/<ERROR> (  589): [INPUTSRC]_MI_INPUTSRC_HDMI_LoadInternalEdid[4356]: Open /vendor/tvconfig/bsp/common/EDID_BIN/Mstar_EDID4_v2.0_4K_2K_3D_HDR.bin failed, errno:2.
01-01 09:00:05.499 V/<MI_PQ> (  626): SONY_PQ_CUSTOM_NRPATH PqrmPath=/vendor/tvconfig/bsp/chip/mt5897/pq/pqrm/CustDSCL.json
01-01 09:00:05.501 D/ExternIn(  589): setEdidData[2471]: Set customer's EDID done, port(caller) = 4.
01-01 09:00:05.501 V/<MI_PQ> (  626): SONY_PQ_CUSTOM_NRPATH first-time
01-01 09:00:05.502 D/TV_HAL_SourceLinkConnection(  605): notify id=ffffffff, halnotify=SIGNAL_STATUS, eventParames[5,2,0,0]
01-01 09:00:05.502 D/TV_HAL_SourceLinkConnection(  605): SIGNAL_STATUS deviceId: 5, status: 2 
01-01 09:00:05.502 D/android.hardware.tv.input-service.mediatek(  605): setDeviceStatus devicemap id : 5 , status: 2 
01-01 09:00:05.502 D/android.hardware.tv.input-service.mediatek(  605): isDeviceExist 5 :
01-01 09:00:05.502 D/android.hardware.tv.input-service.mediatek(  605): isDeviceExist it:0xea4c05e0, end : 0x0 !
01-01 09:00:05.502 D/android.hardware.tv.input-service.mediatek(  605): TV_INPUT_MSG_DEVICE_STATUS_CHANGED tv hal initalized, update conncet status.
01-01 09:00:05.502 D/ExternIn(  589): notifySourceLink[2265]: Notify device id = 5, connect status = 0, standby status = 0.
01-01 09:00:05.505 D/LibProductConfigInfo(  280): [getString:163] key:4KBE value:-
01-01 09:00:05.505 D/productConfig@1.0-service(  280): [getString:35] key:4KBE outBuf:- len:1
01-01 09:00:05.505 D/SONY_PQ (  626): SONY_PQ 4KBE::-
01-01 09:00:05.507 D/LibProductConfigInfo(  280): [getString:163] key:SW Sku value:JP
01-01 09:00:05.507 D/productConfig@1.0-service(  280): [getString:35] key:SW Sku outBuf:JP len:2
01-01 09:00:05.507 D/SONY_PQ (  626): SONY_PQ SW Sku::JP
01-01 09:00:05.508 V/<MI_PQ> (  626): SONY_PQ_CUSTOM_NRPATH PqrmPath=/mnt/vendor/featuredata/pq/nr_path/pqrm/custpqlevel/CustPQLevel_for_wo_SRK_and_JP.json
01-01 09:00:05.511 V/<MI_PQ> (  626): SONY_PQ_CUSTOM_NRPATH PqrmPath=/vendor/tvconfig/bsp/chip/mt5897/pq/pqrm/CustWinType.json
01-01 09:00:05.511 D/ExternIn(  589): setHdmiScdcManufactureOui[5647]: The input SCDC manufacture OUI is/are: 
01-01 09:00:05.511 D/ExternIn(  589): setHdmiScdcManufactureOui[5649]: OUI[0] = 70,
01-01 09:00:05.511 D/ExternIn(  589): setHdmiScdcManufactureOui[5649]: OUI[1] = 0,
01-01 09:00:05.511 D/ExternIn(  589): setHdmiScdcManufactureOui[5649]: OUI[2] = 8,
01-01 09:00:05.512 D/ExternIn(  589): setHdmiScdcManufactureOui[5664]: Set EDID SCDC manufacture OUI done.
--------- beginning of kernel
01-01 09:00:05.524 E/kernel  (  885): [   10.121007][HDMIRX_KERN_INFO][MDrv_HDMI_pullhpd][1954] [50] HPD Inverse : 0, HighLow Flag 0 !!
01-01 09:00:05.524 E/kernel  (  885): [   10.121028][HDMIRX_KERN_INFO][_hdmirx_sctrl_v4l2_cid_hdmi_rx_hpd_control][3226] ** HDMI HPD ctrl by v4l2, port 80, HPD = 0, bInverse = 0
01-01 09:00:05.528 D/LibProductConfigInfo(  280): [getString:163] key:4KBE value:-
01-01 09:00:05.528 D/productConfig@1.0-service(  280): [getString:35] key:4KBE outBuf:- len:1
01-01 09:00:05.528 D/SONY_PQ (  626): SONY_PQ 4KBE::-
01-01 09:00:05.530 D/LibProductConfigInfo(  280): [getString:163] key:8KBE value:-
01-01 09:00:05.530 D/productConfig@1.0-service(  280): [getString:35] key:8KBE outBuf:- len:1
01-01 09:00:05.530 D/SONY_PQ (  626): SONY_PQ 8KBE::-
01-01 09:00:05.531 D/LibProductConfigInfo(  280): [getString:163] key:SW Sku value:JP
01-01 09:00:05.531 D/productConfig@1.0-service(  280): [getString:35] key:SW Sku outBuf:JP len:2
01-01 09:00:05.531 D/SONY_PQ (  626): SONY_PQ SW Sku::JP
01-01 09:00:05.533 D/LibProductConfigInfo(  280): [getString:163] key:ECO Customize FLAG value:JPN
01-01 09:00:05.533 D/productConfig@1.0-service(  280): [getString:35] key:ECO Customize FLAG outBuf:JPN len:3
01-01 09:00:05.533 D/SONY_PQ (  626): SONY_PQ ECO Customize FLAG::JPN
01-01 09:00:05.534 D/LibProductConfigInfo(  280): [getString:163] key:PanelID value:YDEM007UNG0101
01-01 09:00:05.534 D/productConfig@1.0-service(  280): [getString:35] key:PanelID outBuf:YDEM007UNG0101 len:14
01-01 09:00:05.534 D/SONY_PQ (  626): SONY_PQ Panel ID String::YDEM007UNG0101
01-01 09:00:05.544 V/<MI_PQ> (  626): SONY_PQ final presetdb filename{/mnt/vendor/featuredata/pq/pqmw/presetdb/presetDB_PerStream_Initial_values/presetDB_Initial_values_0001.json}
01-01 09:00:05.554 E/kernel  (  885): [   10.151199][HDMIRX_KERN_INFO][MDrv_HDMI_pullhpd][1954] [51] HPD Inverse : 0, HighLow Flag 0 !!
01-01 09:00:05.554 E/kernel  (  885): [   10.151221][HDMIRX_KERN_INFO][_hdmirx_sctrl_v4l2_cid_hdmi_rx_hpd_control][3226] ** HDMI HPD ctrl by v4l2, port 81, HPD = 0, bInverse = 0
01-01 09:00:05.563 D/LibProductConfigInfo(  280): [getString:163] key:4KBE value:-
01-01 09:00:05.563 D/productConfig@1.0-service(  280): [getString:35] key:4KBE outBuf:- len:1
01-01 09:00:05.563 D/SONY_PQ (  626): SONY_PQ 4KBE::-
01-01 09:00:05.564 D/LibProductConfigInfo(  280): [getString:163] key:8KBE value:-
01-01 09:00:05.565 D/productConfig@1.0-service(  280): [getString:35] key:8KBE outBuf:- len:1
01-01 09:00:05.565 D/SONY_PQ (  626): SONY_PQ 8KBE::-
01-01 09:00:05.566 D/LibProductConfigInfo(  280): [getString:163] key:SW Sku value:JP
01-01 09:00:05.566 D/productConfig@1.0-service(  280): [getString:35] key:SW Sku outBuf:JP len:2
01-01 09:00:05.566 D/SONY_PQ (  626): SONY_PQ SW Sku::JP
01-01 09:00:05.567 D/LibProductConfigInfo(  280): [getString:163] key:ECO Customize FLAG value:JPN
01-01 09:00:05.567 D/productConfig@1.0-service(  280): [getString:35] key:ECO Customize FLAG outBuf:JPN len:3
01-01 09:00:05.567 D/SONY_PQ (  626): SONY_PQ ECO Customize FLAG::JPN
01-01 09:00:05.568 D/LibProductConfigInfo(  280): [getString:163] key:PanelID value:YDEM007UNG0101
01-01 09:00:05.568 D/productConfig@1.0-service(  280): [getString:35] key:PanelID outBuf:YDEM007UNG0101 len:14
01-01 09:00:05.569 D/SONY_PQ (  626): SONY_PQ Panel ID String::YDEM007UNG0101
01-01 09:00:05.578 V/<MI_PQ> (  626): SONY_PQ final presetdb filename{/mnt/vendor/featuredata/pq/pqmw/presetdb/presetDB_PerStream_Capability/presetDB_Capability_Range_0003.json}
01-01 09:00:05.579 V/<PRINT> (  589): [INPUTSRC]_MI_INPUTSRC_HDMI_ProcessEarcHpd[5212]: Current eARC status = LOST_5V, len = 7.
01-01 09:00:05.579 V/<PRINT> (  589): [INPUTSRC]_MI_INPUTSRC_HDMI_ProcessEarcHpd[5216]: The HDMI[2]'s HPD has not been pulled high yet.
01-01 09:00:05.596 D/LibProductConfigInfo(  280): [getString:163] key:4KBE value:-
01-01 09:00:05.596 D/productConfig@1.0-service(  280): [getString:35] key:4KBE outBuf:- len:1
01-01 09:00:05.596 D/SONY_PQ (  626): SONY_PQ 4KBE::-
01-01 09:00:05.597 D/LibProductConfigInfo(  280): [getString:163] key:8KBE value:-
01-01 09:00:05.597 D/productConfig@1.0-service(  280): [getString:35] key:8KBE outBuf:- len:1
01-01 09:00:05.598 D/SONY_PQ (  626): SONY_PQ 8KBE::-
01-01 09:00:05.599 D/LibProductConfigInfo(  280): [getString:163] key:SW Sku value:JP
01-01 09:00:05.599 D/productConfig@1.0-service(  280): [getString:35] key:SW Sku outBuf:JP len:2
01-01 09:00:05.599 D/SONY_PQ (  626): SONY_PQ SW Sku::JP
--------- beginning of system
01-01 09:00:05.599 V/SystemServerTiming(  741): InitBeforeStartServices took to complete: 1421ms
01-01 09:00:05.600 D/SystemServerTiming(  741): StartServices
01-01 09:00:05.600 D/SystemServerTiming(  741): startBootstrapServices
01-01 09:00:05.600 D/SystemServerTiming(  741): ArtModuleServiceInitializer
01-01 09:00:05.600 D/LibProductConfigInfo(  280): [getString:163] key:ECO Customize FLAG value:JPN
01-01 09:00:05.600 D/productConfig@1.0-service(  280): [getString:35] key:ECO Customize FLAG outBuf:JPN len:3
01-01 09:00:05.600 D/SONY_PQ (  626): SONY_PQ ECO Customize FLAG::JPN
01-01 09:00:05.601 V/SystemServerTiming(  741): ArtModuleServiceInitializer took to complete: 1ms
01-01 09:00:05.601 D/SystemServerTiming(  741): StartWatchdog
01-01 09:00:05.601 D/LibProductConfigInfo(  280): [getString:163] key:PanelID value:YDEM007UNG0101
01-01 09:00:05.602 D/productConfig@1.0-service(  280): [getString:35] key:PanelID outBuf:YDEM007UNG0101 len:14
01-01 09:00:05.602 D/SONY_PQ (  626): SONY_PQ Panel ID String::YDEM007UNG0101
01-01 09:00:05.602 V/<PRINT> (  589): [INPUTSRC]_MI_INPUTSRC_StandbyDetectEvtHandle[1123]: GPIO standby detect event, eSrcType = 0(HDMI), u8SrcIdx = 3.
01-01 09:00:05.602 D/TV_HAL_SourceLinkConnection(  605): notify id=ffffffff, halnotify=SIGNAL_STATUS, eventParames[5,2,0,0]
01-01 09:00:05.602 D/TV_HAL_SourceLinkConnection(  605): SIGNAL_STATUS deviceId: 5, status: 2 
01-01 09:00:05.603 D/android.hardware.tv.input-service.mediatek(  605): setDeviceStatus devicemap id : 5 , status: 2 
01-01 09:00:05.603 D/android.hardware.tv.input-service.mediatek(  605): isDeviceExist 5 :
01-01 09:00:05.603 D/android.hardware.tv.input-service.mediatek(  605): isDeviceExist it:0xea4c05e0, end : 0x0 !
01-01 09:00:05.603 D/android.hardware.tv.input-service.mediatek(  605): TV_INPUT_MSG_DEVICE_STATUS_CHANGED tv hal initalized, update conncet status.
01-01 09:00:05.603 D/ExternIn(  589): notifySourceLink[2265]: Notify device id = 5, connect status = 0, standby status = 0.
01-01 09:00:05.603 V/<PRINT> (  589): [INPUTSRC]_MI_INPUTSRC_StandbyDetectEvtHandle[1123]: GPIO standby detect event, eSrcType = 3(CVBS), u8SrcIdx = 0.
01-01 09:00:05.603 E/ExternIn(  589): getHandleFromDeviceList[2141]: Invalid device ID = 0
01-01 09:00:05.603 E/<ERROR> (  589): [INPUTSRC]MI_INPUTSRC_GetAttr[7689]: Invalid INPUTSRC handle: 0x0!!
01-01 09:00:05.603 E/<ERROR> (  589): [INPUTSRC]MI_INPUTSRC_GetAttr[7689]: Invalid INPUTSRC handle: 0x0!!
01-01 09:00:05.603 D/TV_HAL_SourceLinkConnection(  605): notify id=ffffffff, halnotify=SIGNAL_STATUS, eventParames[0,2,0,0]
01-01 09:00:05.603 D/TV_HAL_SourceLinkConnection(  605): SIGNAL_STATUS deviceId: 0, status: 2 
01-01 09:00:05.603 D/android.hardware.tv.input-service.mediatek(  605): setDeviceStatus devicemap id : 0 , status: 2 
01-01 09:00:05.603 D/android.hardware.tv.input-service.mediatek(  605): isDeviceExist 0 :
01-01 09:00:05.603 D/android.hardware.tv.input-service.mediatek(  605): isDeviceExist it:0x0, end : 0x0 !
01-01 09:00:05.603 E/android.hardware.tv.input-service.mediatek(  605): status unava fail. status: 2, deviceId: 0 
01-01 09:00:05.603 D/ExternIn(  589): notifySourceLink[2265]: Notify device id = 0, connect status = 0, standby status = 0.
01-01 09:00:05.606 W/System  (  741): No Compatibility callbacks set! Querying change 3400644
01-01 09:00:05.607 W/System  (  741): No Compatibility callbacks set! Querying change 3400644
01-01 09:00:05.608 W/System  (  741): No Compatibility callbacks set! Querying change 3400644
01-01 09:00:05.612 E/kernel  (  885): [   10.209283][HDMIRX_KERN_INFO][MDrv_HDMI_pullhpd][1954] [52] HPD Inverse : 0, HighLow Flag 0 !!
01-01 09:00:05.612 E/kernel  (  885): [   10.209305][HDMIRX_KERN_INFO][_hdmirx_sctrl_v4l2_cid_hdmi_rx_hpd_control][3226] ** HDMI HPD ctrl by v4l2, port 82, HPD = 0, bInverse = 0
01-01 09:00:05.612 W/System  (  741): No Compatibility callbacks set! Querying change 3400644
01-01 09:00:05.612 V/<MI_PQ> (  626): SONY_PQ final presetdb filename{/mnt/vendor/featuredata/pq/pqmw/presetdb/presetDB_Global_Initial_values/presetDB_Initial_values_for_global_0005.json}
01-01 09:00:05.613 I/AES     (  741): load Exception Log jni
01-01 09:00:05.617 W/ziparchive(  741): Unable to open '/system/framework/framework.dm': No such file or directory
01-01 09:00:05.617 W/ziparchive(  741): Unable to open '/system/framework/framework.dm': No such file or directory
01-01 09:00:05.632 D/LibProductConfigInfo(  280): [getString:163] key:4KBE value:-
01-01 09:00:05.632 D/productConfig@1.0-service(  280): [getString:35] key:4KBE outBuf:- len:1
01-01 09:00:05.632 D/SONY_PQ (  626): SONY_PQ 4KBE::-
01-01 09:00:05.634 D/LibProductConfigInfo(  280): [getString:163] key:8KBE value:-
01-01 09:00:05.634 D/productConfig@1.0-service(  280): [getString:35] key:8KBE outBuf:- len:1
01-01 09:00:05.634 D/SONY_PQ (  626): SONY_PQ 8KBE::-
01-01 09:00:05.635 D/LibProductConfigInfo(  280): [getString:163] key:SW Sku value:JP
01-01 09:00:05.635 D/productConfig@1.0-service(  280): [getString:35] key:SW Sku outBuf:JP len:2
01-01 09:00:05.635 D/SONY_PQ (  626): SONY_PQ SW Sku::JP
01-01 09:00:05.637 D/LibProductConfigInfo(  280): [getString:163] key:ECO Customize FLAG value:JPN
01-01 09:00:05.637 D/productConfig@1.0-service(  280): [getString:35] key:ECO Customize FLAG outBuf:JPN len:3
01-01 09:00:05.637 D/SONY_PQ (  626): SONY_PQ ECO Customize FLAG::JPN
01-01 09:00:05.638 D/LibProductConfigInfo(  280): [getString:163] key:PanelID value:YDEM007UNG0101
01-01 09:00:05.638 D/productConfig@1.0-service(  280): [getString:35] key:PanelID outBuf:YDEM007UNG0101 len:14
01-01 09:00:05.638 D/SONY_PQ (  626): SONY_PQ Panel ID String::YDEM007UNG0101
01-01 09:00:05.642 I/kernel  (  909): [   10.238973]sony_damp odm:sony_damp: sony_damp_mute 0
01-01 09:00:05.642 I/kernel  (  909): [   10.238991]sony_damp odm:sony_damp: sony_headphone_mute 0
01-01 09:00:05.642 I/kernel  (  909): [   10.238996]sony_damp odm:sony_damp: sony_damp_init_thread unlock
01-01 09:00:05.643 E/kernel  (  885): [   10.239462][HDMIRX_KERN_INFO][MDrv_HDMI_pullhpd][1954] [53] HPD Inverse : 0, HighLow Flag 0 !!
01-01 09:00:05.643 E/kernel  (  885): [   10.239481][HDMIRX_KERN_INFO][_hdmirx_sctrl_v4l2_cid_hdmi_rx_hpd_control][3226] ** HDMI HPD ctrl by v4l2, port 83, HPD = 0, bInverse = 0
01-01 09:00:05.648 V/<MI_PQ> (  626): SONY_PQ final presetdb filename{/mnt/vendor/featuredata/pq/pqmw/presetdb/presetDB_Global_Capability/presetDB_Capability_Range_for_global_0003.json}
01-01 09:00:05.652 E/LibProductConfigInfo(  280): [getDataFromFiles:65] AISR_Support is empty.
01-01 09:00:05.653 E/LibProductConfigInfo(  280): [getDataFromFiles:65] AISR_Support is empty.
01-01 09:00:05.653 E/LibProductConfigInfo(  280): [getkeyData:84] sony config file open failed.
01-01 09:00:05.653 E/LibProductConfigInfo(  280): [getString:159] key:AISR_Support ret:-1
01-01 09:00:05.654 E/productConfig@1.0-service(  280): [getString:31] get string value failure.
01-01 09:00:05.654 D/productConfig@1.0-service(  280): [getString:35] key:AISR_Support outBuf: len:0
01-01 09:00:05.654 D/SONY_PQ (  626): SONY_PQ AISR_Support::
01-01 09:00:05.654 I/DataVariationResolver(  626): use Default Value KEY : AISR_Support, VALUE : -
01-01 09:00:05.654 V/<MI_PQ> (  626): [SONY_PQ_DEBUG] model variation name[model_variation_Reality_Creation_Mode_Initial.json] presetdb name[/mnt/vendor/featuredata/pq/pqmw/presetdb/presetDB_PerStream_Initial_values/picture_preset_Reality_Creation_Mode_Initial_Sony_SRS.json]
01-01 09:00:05.657 E/LibProductConfigInfo(  280): [getDataFromFiles:65] AISR_Support is empty.
01-01 09:00:05.658 E/LibProductConfigInfo(  280): [getDataFromFiles:65] AISR_Support is empty.
01-01 09:00:05.658 E/LibProductConfigInfo(  280): [getkeyData:84] sony config file open failed.
01-01 09:00:05.658 E/LibProductConfigInfo(  280): [getString:159] key:AISR_Support ret:-1
01-01 09:00:05.658 E/productConfig@1.0-service(  280): [getString:31] get string value failure.
01-01 09:00:05.659 D/productConfig@1.0-service(  280): [getString:35] key:AISR_Support outBuf: len:0
01-01 09:00:05.659 D/SONY_PQ (  626): SONY_PQ AISR_Support::
01-01 09:00:05.659 I/DataVariationResolver(  626): use Default Value KEY : AISR_Support, VALUE : -
01-01 09:00:05.659 V/<MI_PQ> (  626): [SONY_PQ_DEBUG] model variation name[model_variation_AISR_capability.json] presetdb name[/mnt/vendor/featuredata/pq/pqmw/presetdb/presetDB_PerStream_Capability/picture_preset_AISR_capability_AISR_Disable.json]
01-01 09:00:05.662 E/LibProductConfigInfo(  280): [getDataFromFiles:65] AISR_Support is empty.
01-01 09:00:05.663 E/LibProductConfigInfo(  280): [getDataFromFiles:65] AISR_Support is empty.
01-01 09:00:05.663 E/LibProductConfigInfo(  280): [getkeyData:84] sony config file open failed.
01-01 09:00:05.663 E/LibProductConfigInfo(  280): [getString:159] key:AISR_Support ret:-1
01-01 09:00:05.663 E/productConfig@1.0-service(  280): [getString:31] get string value failure.
01-01 09:00:05.663 D/productConfig@1.0-service(  280): [getString:35] key:AISR_Support outBuf: len:0
01-01 09:00:05.663 D/SONY_PQ (  626): SONY_PQ AISR_Support::
01-01 09:00:05.664 I/DataVariationResolver(  626): use Default Value KEY : AISR_Support, VALUE : -
01-01 09:00:05.664 V/<MI_PQ> (  626): [SONY_PQ_DEBUG] model variation name[model_variation_Resolution_capability.json] presetdb name[/mnt/vendor/featuredata/pq/pqmw/presetdb/presetDB_PerStream_Capability/picture_preset_Resolution_capability_Resolution_Enable.json]
01-01 09:00:05.688 D/LibProductConfigInfo(  280): [getString:163] key:4KBE value:-
01-01 09:00:05.688 D/productConfig@1.0-service(  280): [getString:35] key:4KBE outBuf:- len:1
01-01 09:00:05.688 D/SONY_PQ (  626): SONY_PQ 4KBE::-
01-01 09:00:05.689 D/LibProductConfigInfo(  280): [getString:163] key:8KBE value:-
01-01 09:00:05.689 D/productConfig@1.0-service(  280): [getString:35] key:8KBE outBuf:- len:1
01-01 09:00:05.690 D/SONY_PQ (  626): SONY_PQ 8KBE::-
01-01 09:00:05.691 D/LibProductConfigInfo(  280): [getString:163] key:ECO Customize FLAG value:JPN
01-01 09:00:05.691 D/productConfig@1.0-service(  280): [getString:35] key:ECO Customize FLAG outBuf:JPN len:3
01-01 09:00:05.691 D/SONY_PQ (  626): SONY_PQ ECO Customize FLAG::JPN
01-01 09:00:05.692 D/LibProductConfigInfo(  280): [getString:163] key:Rich Color Enhancer value:-
01-01 09:00:05.692 D/productConfig@1.0-service(  280): [getString:35] key:Rich Color Enhancer outBuf:- len:1
01-01 09:00:05.693 D/SONY_PQ (  626): SONY_PQ Rich Color Enhancer::-
01-01 09:00:05.694 D/LibProductConfigInfo(  280): [getString:163] key:Picture Safety value:-
01-01 09:00:05.694 D/productConfig@1.0-service(  280): [getString:35] key:Picture Safety outBuf:- len:1
01-01 09:00:05.694 D/SONY_PQ (  626): SONY_PQ Picture Safety::-
01-01 09:00:05.696 D/LibProductConfigInfo(  280): [getString:163] key:PanelID value:YDEM007UNG0101
01-01 09:00:05.696 D/productConfig@1.0-service(  280): [getString:35] key:PanelID outBuf:YDEM007UNG0101 len:14
01-01 09:00:05.696 D/SONY_PQ (  626): SONY_PQ Panel ID String::YDEM007UNG0101
01-01 09:00:05.713 V/<MI_PQ> (  626): SONY_PQ tuning data read success {/mnt/vendor/featuredata/pq/pqu/files/n_data_0026.bin}
01-01 09:00:05.714 I/DMABUFHEAPS(  626): Using DMA-BUF heap named: mtk_cma_1d024200.pqu
01-01 09:00:05.715 V/<MI_PQ> (  626): SONY_PQ tuning data share content success
01-01 09:00:05.717 I/kernel  (  626): [   10.314091]shmctrl shmctrl_pqu: pfn = a7d00 last_pfn = 0
01-01 09:00:05.717 I/kernel  (  626): [   10.314106]shmctrl shmctrl_pqu: pfn = a7d01 last_pfn = a7d00
01-01 09:00:05.717 I/kernel  (  626): [   10.314110]shmctrl shmctrl_pqu: pfn = a7d02 last_pfn = a7d01
01-01 09:00:05.717 I/kernel  (  626): [   10.314112]shmctrl shmctrl_pqu: pfn = a7d03 last_pfn = a7d02
01-01 09:00:05.717 I/kernel  (  626): [   10.314115]shmctrl shmctrl_pqu: pfn = a7d04 last_pfn = a7d03
01-01 09:00:05.717 I/kernel  (  626): [   10.314118]shmctrl shmctrl_pqu: pfn = a7d05 last_pfn = a7d04
01-01 09:00:05.717 I/kernel  (  626): [   10.314120]shmctrl shmctrl_pqu: pfn = a7d06 last_pfn = a7d05
01-01 09:00:05.717 I/kernel  (  626): [   10.314122]shmctrl shmctrl_pqu: pfn = a7d07 last_pfn = a7d06
01-01 09:00:05.717 I/kernel  (  626): [   10.314125]shmctrl shmctrl_pqu: pfn = a7d08 last_pfn = a7d07
01-01 09:00:05.717 I/kernel  (  626): [   10.314127]shmctrl shmctrl_pqu: pfn = a7d09 last_pfn = a7d08
01-01 09:00:05.717 I/kernel  (  626): [   10.314129]shmctrl shmctrl_pqu: pfn = a7d0a last_pfn = a7d09
01-01 09:00:05.717 I/kernel  (  626): [   10.314131]shmctrl shmctrl_pqu: pfn = a7d0b last_pfn = a7d0a
01-01 09:00:05.717 I/kernel  (  626): [   10.314134]shmctrl shmctrl_pqu: pfn = a7d0c last_pfn = a7d0b
01-01 09:00:05.717 I/kernel  (  626): [   10.314136]shmctrl shmctrl_pqu: pfn = a7d0d last_pfn = a7d0c
01-01 09:00:05.717 I/kernel  (  626): [   10.314138]shmctrl shmctrl_pqu: pfn = a7d0e last_pfn = a7d0d
01-01 09:00:05.717 I/kernel  (  626): [   10.314140]shmctrl shmctrl_pqu: pfn = a7d0f last_pfn = a7d0e
01-01 09:00:05.717 I/kernel  (  626): [   10.314143]shmctrl shmctrl_pqu: pfn = a7d10 last_pfn = a7d0f
01-01 09:00:05.717 I/kernel  (  626): [   10.314145]shmctrl shmctrl_pqu: pfn = a7d11 last_pfn = a7d10
01-01 09:00:05.717 I/kernel  (  626): [   10.314147]shmctrl shmctrl_pqu: pfn = a7d12 last_pfn = a7d11
01-01 09:00:05.717 I/kernel  (  626): [   10.314149]shmctrl shmctrl_pqu: pfn = a7d13 last_pfn = a7d12
01-01 09:00:05.717 I/kernel  (  626): [   10.314152]shmctrl shmctrl_pqu: pfn = a7d14 last_pfn = a7d13
01-01 09:00:05.717 I/kernel  (  626): [   10.314154]shmctrl shmctrl_pqu: pfn = a7d15 last_pfn = a7d14
01-01 09:00:05.717 I/kernel  (  626): [   10.314156]shmctrl shmctrl_pqu: pfn = a7d16 last_pfn = a7d15
01-01 09:00:05.717 I/kernel  (  626): [   10.314158]shmctrl shmctrl_pqu: pfn = a7d17 last_pfn = a7d16
01-01 09:00:05.717 I/kernel  (  626): [   10.314161]shmctrl shmctrl_pqu: pfn = a7d18 last_pfn = a7d17
01-01 09:00:05.717 I/kernel  (  626): [   10.314163]shmctrl shmctrl_pqu: pfn = a7d19 last_pfn = a7d18
01-01 09:00:05.717 I/kernel  (  626): [   10.314165]shmctrl shmctrl_pqu: pfn = a7d1a last_pfn = a7d19
01-01 09:00:05.717 I/kernel  (  626): [   10.314167]shmctrl shmctrl_pqu: pfn = a7d1b last_pfn = a7d1a
01-01 09:00:05.717 I/kernel  (  626): [   10.314169]shmctrl shmctrl_pqu: pfn = a7d1c last_pfn = a7d1b
01-01 09:00:05.717 I/kernel  (  626): [   10.314172]shmctrl shmctrl_pqu: pfn = a7d1d last_pfn = a7d1c
01-01 09:00:05.717 I/kernel  (  626): [   10.314174]shmctrl shmctrl_pqu: pfn = a7d1e last_pfn = a7d1d
01-01 09:00:05.717 I/kernel  (  626): [   10.314176]shmctrl shmctrl_pqu: pfn = a7d1f last_pfn = a7d1e
01-01 09:00:05.717 I/kernel  (  626): [   10.314178]shmctrl shmctrl_pqu: pfn = a7d20 last_pfn = a7d1f
01-01 09:00:05.717 I/kernel  (  626): [   10.314181]shmctrl shmctrl_pqu: pfn = a7d21 last_pfn = a7d20
01-01 09:00:05.717 I/kernel  (  626): [   10.314183]shmctrl shmctrl_pqu: pfn = a7d22 last_pfn = a7d21
01-01 09:00:05.717 I/kernel  (  626): [   10.314185]shmctrl shmctrl_pqu: pfn = a7d23 last_pfn = a7d22
01-01 09:00:05.717 I/kernel  (  626): [   10.314187]shmctrl shmctrl_pqu: pfn = a7d24 last_pfn = a7d23
01-01 09:00:05.717 I/kernel  (  626): [   10.314190]shmctrl shmctrl_pqu: pfn = a7d25 last_pfn = a7d24
01-01 09:00:05.717 I/kernel  (  626): [   10.314192]shmctrl shmctrl_pqu: pfn = a7d26 last_pfn = a7d25
01-01 09:00:05.717 I/kernel  (  626): [   10.314194]shmctrl shmctrl_pqu: pfn = a7d27 last_pfn = a7d26
01-01 09:00:05.717 I/kernel  (  626): [   10.314196]shmctrl shmctrl_pqu: pfn = a7d28 last_pfn = a7d27
01-01 09:00:05.717 I/kernel  (  626): [   10.314198]shmctrl shmctrl_pqu: pfn = a7d29 last_pfn = a7d28
01-01 09:00:05.717 I/kernel  (  626): [   10.314201]shmctrl shmctrl_pqu: pfn = a7d2a last_pfn = a7d29
01-01 09:00:05.717 I/kernel  (  626): [   10.314203]shmctrl shmctrl_pqu: pfn = a7d2b last_pfn = a7d2a
01-01 09:00:05.717 I/kernel  (  626): [   10.314205]shmctrl shmctrl_pqu: pfn = a7d2c last_pfn = a7d2b
01-01 09:00:05.717 I/kernel  (  626): [   10.314207]shmctrl shmctrl_pqu: pfn = a7d2d last_pfn = a7d2c
01-01 09:00:05.717 I/kernel  (  626): [   10.314210]shmctrl shmctrl_pqu: pfn = a7d2e last_pfn = a7d2d
01-01 09:00:05.717 I/kernel  (  626): [   10.314212]shmctrl shmctrl_pqu: pfn = a7d2f last_pfn = a7d2e
01-01 09:00:05.717 I/kernel  (  626): [   10.314214]shmctrl shmctrl_pqu: pfn = a7d30 last_pfn = a7d2f
01-01 09:00:05.717 I/kernel  (  626): [   10.314216]shmctrl shmctrl_pqu: pfn = a7d31 last_pfn = a7d30
01-01 09:00:05.717 I/kernel  (  626): [   10.314218]shmctrl shmctrl_pqu: pfn = a7d32 last_pfn = a7d31
01-01 09:00:05.717 I/kernel  (  626): [   10.314221]shmctrl shmctrl_pqu: pfn = a7d33 last_pfn = a7d32
01-01 09:00:05.717 I/kernel  (  626): [   10.314223]shmctrl shmctrl_pqu: pfn = a7d34 last_pfn = a7d33
