08-08 04:45:53.459 V/SystemServerTiming(  741): OnBootPhase_500_com.android.server.stats.StatsCompanion$Lifecycle took to complete: 0ms
08-08 04:45:53.459 D/SystemServerTiming(  741): OnBootPhase_500_com.android.server.scheduling.RebootReadinessManagerService$Lifecycle
08-08 04:45:53.459 V/SystemServerTiming(  741): OnBootPhase_500_com.android.server.scheduling.RebootReadinessManagerService$Lifecycle took to complete: 0ms
08-08 04:45:53.459 D/SystemServerTiming(  741): OnBootPhase_500_com.android.server.stats.pull.StatsPullAtomService
08-08 04:45:53.459 V/SystemServerTiming(  741): OnBootPhase_500_com.android.server.stats.pull.StatsPullAtomService took to complete: 0ms
08-08 04:45:53.459 D/SystemServerTiming(  741): OnBootPhase_500_com.android.server.stats.bootstrap.StatsBootstrapAtomService$Lifecycle
08-08 04:45:53.459 V/SystemServerTiming(  741): OnBootPhase_500_com.android.server.stats.bootstrap.StatsBootstrapAtomService$Lifecycle took to complete: 0ms
08-08 04:45:53.459 D/SystemServerTiming(  741): OnBootPhase_500_com.android.server.incident.IncidentCompanionService
08-08 04:45:53.459 V/SystemServerTiming(  741): OnBootPhase_500_com.android.server.incident.IncidentCompanionService took to complete: 1ms
08-08 04:45:53.459 D/SystemServerTiming(  741): OnBootPhase_500_com.android.server.sdksandbox.SdkSandboxManagerService$Lifecycle
08-08 04:45:53.459 V/SystemServerTiming(  741): OnBootPhase_500_com.android.server.sdksandbox.SdkSandboxManagerService$Lifecycle took to complete: 0ms
08-08 04:45:53.459 D/SystemServerTiming(  741): OnBootPhase_500_com.android.server.adservices.AdServicesManagerService$Lifecycle
08-08 04:45:53.459 V/SystemServerTiming(  741): OnBootPhase_500_com.android.server.adservices.AdServicesManagerService$Lifecycle took to complete: 0ms
08-08 04:45:53.459 D/SystemServerTiming(  741): OnBootPhase_500_com.android.server.ondevicepersonalization.OnDevicePersonalizationSystemService$Lifecycle
08-08 04:45:53.459 V/SystemServerTiming(  741): OnBootPhase_500_com.android.server.ondevicepersonalization.OnDevicePersonalizationSystemService$Lifecycle took to complete: 0ms
08-08 04:45:53.459 D/SystemServerTiming(  741): OnBootPhase_500_com.android.server.autofill.AutofillManagerService
08-08 04:45:53.459 V/SystemServerTiming(  741): OnBootPhase_500_com.android.server.autofill.AutofillManagerService took to complete: 0ms
08-08 04:45:53.459 D/SystemServerTiming(  741): OnBootPhase_500_com.android.server.selectiontoolbar.SelectionToolbarManagerService
08-08 04:45:53.459 V/SystemServerTiming(  741): OnBootPhase_500_com.android.server.selectiontoolbar.SelectionToolbarManagerService took to complete: 0ms
08-08 04:45:53.459 D/SystemServerTiming(  741): OnBootPhase_500_com.android.server.clipboard.ClipboardService
08-08 04:45:53.459 V/SystemServerTiming(  741): OnBootPhase_500_com.android.server.clipboard.ClipboardService took to complete: 0ms
08-08 04:45:53.459 D/SystemServerTiming(  741): OnBootPhase_500_com.android.server.appbinding.AppBindingService$Lifecycle
08-08 04:45:53.459 V/SystemServerTiming(  741): OnBootPhase_500_com.android.server.appbinding.AppBindingService$Lifecycle took to complete: 0ms
08-08 04:45:53.459 D/SystemServerTiming(  741): OnBootPhase_500_com.android.server.tracing.TracingServiceProxy
08-08 04:45:53.459 V/SystemServerTiming(  741): OnBootPhase_500_com.android.server.tracing.TracingServiceProxy took to complete: 0ms
08-08 04:45:53.460 V/SystemServerTiming(  741): OnBootPhase_500 took to complete: 217ms
08-08 04:45:53.460 V/SystemServerTiming(  741): StartBootPhaseSystemServicesReady took to complete: 217ms
08-08 04:45:53.460 D/SystemServerTiming(  741): MakeWindowManagerServiceReady
08-08 04:45:53.460 I/wificond(  787): create scanner for interface with index: 16
08-08 04:45:53.460 I/wificond(  787): subscribe scan result for interface with index: 16
08-08 04:45:53.461 I/kernel  (  787): [   17.567938][wlan][787]mtk_cfg_get_txpower:(REQ WARN) STA doesn't support this function
08-08 04:45:53.461 I/wificond(  787): add channel type 0 support at wiphy index: 0
08-08 04:45:53.463 I/hwservicemanager(  233): getTransport: Cannot find entry android.hardware.configstore@1.1::ISurfaceFlingerConfigs/default in either framework or device VINTF manifest.
08-08 04:45:53.464 V/SystemServerTiming(  741): MakeWindowManagerServiceReady took to complete: 4ms
08-08 04:45:53.464 D/SystemServerTiming(  741): RegisterLogMteState
08-08 04:45:53.464 V/SystemServerTiming(  741): RegisterLogMteState took to complete: 1ms
08-08 04:45:53.464 D/WifiNative(  741): Registered new interface observer.
08-08 04:45:53.465 D/WifiMonitor(  741): startMonitoring(wlan0)
08-08 04:45:53.465 I/netd    (  404): interfaceGetCfg(wlan0) -> {InterfaceConfigurationParcel{ifName: wlan0, hwAddr: cc:5e:f8:20:e3:f7, ipv4Addr: 0.0.0.0, prefixLength: 0, flags: [up, broadcast, multicast]}} <0.33ms>
08-08 04:45:53.467 I/WifiNative(  741): Interface state changed on Iface:{Name=wlan0,Id=0,Type=STA_SCAN}, isUp=true
08-08 04:45:53.467 D/SystemServerTiming(  741): StartPermissionPolicyService
08-08 04:45:53.467 I/SystemServiceManager(  741): Starting com.android.server.policy.PermissionPolicyService
08-08 04:45:53.468 D/WifiHAL (  601): wifi_set_link_stats: not supported
08-08 04:45:53.469 I/WifiNative(  741): Successfully setup Iface:{Name=wlan0,Id=0,Type=STA_SCAN}
08-08 04:45:53.469 E/SupplicantStaIfaceHalAidlImpl(  741): Can't call getKeyMgmtCapabilities, ISupplicantStaIface is null for iface=wlan0
08-08 04:45:53.469 V/SupplicantStaIfaceHalAidlImpl(  741): getAdvancedCapabilities: Passpoint T&C supported
08-08 04:45:53.469 V/SupplicantStaIfaceHalAidlImpl(  741): getAdvancedCapabilities: RFC 7542 decorated identity supported
08-08 04:45:53.469 V/SupplicantStaIfaceHalAidlImpl(  741): getAdvancedCapabilities: Capability flags = 0
08-08 04:45:53.471 I/HealthServiceWrapperAidl(  741): health: HealthServiceWrapper listening to AIDL HAL
08-08 04:45:53.472 D/WifiHAL (  601): WifiRequest::create vendor command to iface 16, vendor_id=0x1a11, subcmd=0x0002, res=0
08-08 04:45:53.472 D/WifiHAL (  601): In GetFeatureSetCommand::handleResponse for 5
08-08 04:45:53.472 D/WifiHAL (  601): vendor_id = 0x0, subcmd = 0x0
08-08 04:45:53.472 I/WifiHAL (  601): feature_set=0x80881418
08-08 04:45:53.473 D/WifiHAL (  601): WifiRequest::create vendor command to iface 16, vendor_id=0x1a11, subcmd=0x0002, res=0
08-08 04:45:53.473 D/WifiHAL (  601): In GetFeatureSetCommand::handleResponse for 5
08-08 04:45:53.473 D/WifiHAL (  601): vendor_id = 0x0, subcmd = 0x0
08-08 04:45:53.473 I/WifiHAL (  601): feature_set=0x80881418
08-08 04:45:53.474 D/WifiHAL (  601): WifiRequest::create vendor command to iface 16, vendor_id=0x1a11, subcmd=0x0002, res=0
08-08 04:45:53.474 D/WifiHAL (  601): In GetFeatureSetCommand::handleResponse for 5
08-08 04:45:53.474 D/WifiHAL (  601): vendor_id = 0x0, subcmd = 0x0
08-08 04:45:53.474 I/WifiHAL (  601): feature_set=0x80881418
08-08 04:45:53.474 V/SystemServerTiming(  741): StartPermissionPolicyService took to complete: 7ms
08-08 04:45:53.475 D/SystemServerTiming(  741): MakePackageManagerServiceReady
08-08 04:45:53.471 W/sony_wifi_notif( 1179): type=1400 audit(0.0:217): avc:  denied  { search } for  name="proc" dev="debugfs" ino=10174 scontext=u:r:sony_wifi_notification:s0 tcontext=u:object_r:debugfs_binder:s0 tclass=dir permissive=0
08-08 04:45:53.476 D/StatsPullAtomService(  741): Registering pullers with statsd
08-08 04:45:53.476 I/WifiHAL (  601): WifiCommand::requestResponse err=-95
08-08 04:45:53.476 D/WifiHAL (  601): wifi_get_supported_radio_combinations_matrix: result=-3
08-08 04:45:53.477 E/android.hardware.wifi-service(  601): Failed to get SupportedRadioCombinations matrix from legacy HAL: NOT_SUPPORTED
08-08 04:45:53.477 E/WifiChipAidlImpl(  741): getSupportedRadioCombinations failed with service-specific exception: android.os.ServiceSpecificException:  (code 4)
08-08 04:45:53.477 D/HalDevMgr(  741): radioCombinations=null bandCombinations={}
08-08 04:45:53.477 E/SupplicantStaIfaceHalAidlImpl(  741): Can't call getWpaDriverCapabilities, ISupplicantStaIface is null for iface=wlan0
08-08 04:45:53.480 E/WifiChipAidlImpl(  741): getUsableChannels failed with service-specific exception: android.os.ServiceSpecificException:  (code 4)
08-08 04:45:53.479 I/wifi AIDLHAL(  661): setRegulatoryDomain Start countryOrRegionCode:[S1]
08-08 04:45:53.480 I/wifi AIDLHAL(  661): tryGetRegDomainBySpecialCode1 Start countryOrRegionCode:[S1]
08-08 04:45:53.480 V/HistoricalRegistry(  741): Interaction before persistence initialized
08-08 04:45:53.480 V/HistoricalRegistry(  741): Interaction before persistence initialized
08-08 04:45:53.481 D/wifi AIDLHAL(  661): RegDmainFile read regDomain[JP]
08-08 04:45:53.481 I/wifi AIDLHAL(  661): tryGetRegDomainBySpecialCode1 End regDomain:[JP]
08-08 04:45:53.481 I/wifi AIDLHAL(  661): country[JP]
08-08 04:45:53.483 I/WifiNative(  741): updateSupportedBandForStaInternal wlan0 : 0x1
08-08 04:45:53.483 E/WifiChipAidlImpl(  741): enableStaChannelForPeerNetwork failed with service-specific exception: android.os.ServiceSpecificException:  (code 4)
08-08 04:45:53.483 D/WifiNative(  741): setWifiNativeInterfaceEventCallback
08-08 04:45:53.484 D/WifiClientModeManager[17511:wlan0](  741): entering StartedState
08-08 04:45:53.484 I/netd    (  404): interfaceGetCfg(wlan0) -> {InterfaceConfigurationParcel{ifName: wlan0, hwAddr: cc:5e:f8:20:e3:f7, ipv4Addr: 0.0.0.0, prefixLength: 0, flags: [up, broadcast, multicast]}} <0.21ms>
08-08 04:45:53.487 V/UserDataPreparer(  741): Found /data/user_de/0 with serial number 0
08-08 04:45:53.487 V/UserDataPreparer(  741): Found /data/user_de/10 with serial number 10
08-08 04:45:53.487 V/UserDataPreparer(  741): Found /data/user/0 with serial number 0
08-08 04:45:53.487 V/UserDataPreparer(  741): Found /data/user/10 with serial number 10
08-08 04:45:53.487 V/UserDataPreparer(  741): Found /data/system_de/0 with serial number 0
08-08 04:45:53.488 V/UserDataPreparer(  741): Found /data/system_de/10 with serial number 10
08-08 04:45:53.488 V/UserDataPreparer(  741): Found /data/system_ce/0 with serial number 0
08-08 04:45:53.488 V/UserDataPreparer(  741): Found /data/system_ce/10 with serial number 10
08-08 04:45:53.488 V/UserDataPreparer(  741): Found /data/misc_ce/0 with serial number 0
08-08 04:45:53.488 V/UserDataPreparer(  741): Found /data/misc_ce/10 with serial number 10
08-08 04:45:53.488 D/ConnectivityService(  741): NetReassign [no changes] [c 0] [a 0] [i 0]
08-08 04:45:53.489 I/PermissionManager(  741): Permission ownership changed. Updating all permissions.
08-08 04:45:53.489 I/StatsPullAtomService(  741): register thermal listener successfully
08-08 04:45:53.491 D/WifiConfigStore(  741): Writing to stores completed in 5 ms.
08-08 04:45:53.491 D/WifiClientModeManager[17511:wlan0](  741): StartedState cmd = CMD_SWITCH_TO_CONNECT_MODE { when=-8ms what=2 obj=Role: ROLE_CLIENT_PRIMARY, RequestorWs: WorkSource{1000 com.android.tv.settings}, ModeListener: com.android.server.wifi.ActiveModeWarden$ClientListener@a88292e target=com.android.wifi.x.com.android.internal.util.StateMachine$SmHandler }
08-08 04:45:53.492 D/WifiActiveModeWarden(  741): setting wifi state to: 2
08-08 04:45:53.492 D/WifiClientModeManager[17511:wlan0](  741): Queuing broadcast=WIFI_STATE_CHANGED_ACTION EXTRA_WIFI_STATE=2 EXTRA_PREVIOUS_WIFI_STATE=1
08-08 04:45:53.492 W/PermissionManager(  741): Package com.android.adservices.api is an APK in APEX, but has permission allowlist on the system image. Please bundle the allowlist in the com.android.adservices APEX instead.
08-08 04:45:53.492 D/WifiClientModeManager[17511:wlan0](  741): Sending broadcast=WIFI_STATE_CHANGED_ACTION EXTRA_WIFI_STATE=2 EXTRA_PREVIOUS_WIFI_STATE=1
08-08 04:45:53.495 I/SupplicantStaIfaceHalAidlImpl(  741): Checking for ISupplicant service.
08-08 04:45:53.496 I/SupplicantStaIfaceHalAidlImpl(  741): Clearing internal state
08-08 04:45:53.503 D/WifiHAL (  601): event received NL80211_CMD_REG_CHANGE
08-08 04:45:53.503 I/wificond(  787): Regulatory domain changed to country: JP on wiphy_index: 0
08-08 04:45:53.503 D/WifiHAL (  601): event received NL80211_CMD_VENDOR, vendor_id = 0xce7, subcmd = 0xc
08-08 04:45:53.508 I/kernel  (  418): [   17.614835][wlan][418]rlmDomainTxPwrLimitLoad:(RLM ERROR) Can't find specified section vht160 in TxPwrLimit_MT79x1.dat
08-08 04:45:53.508 I/kernel  (  418): [   17.614984][wlan][418]rlmDomainTxPwrLimitLoad:(RLM ERROR) Can't find specified section ru996x2 in TxPwrLimit_MT79x1.dat
08-08 04:45:53.503 D/WifiNl80211Manager(  741): OnRegDomainChanged JP
08-08 04:45:53.504 D/WifiNative(  741): onCountryCodeChanged: JP
08-08 04:45:53.504 I/WifiCountryCode(  741): Receive onDriverCountryCodeChanged JP
08-08 04:45:53.504 I/wificond(  787): UpdateBandInfo
08-08 04:45:53.508 I/wificond(  787): add channel type 1 support at wiphy index: 0
08-08 04:45:53.508 I/wificond(  787): add channel type 3 support at wiphy index: 0
08-08 04:45:53.514 I/kernel  (  418): [   17.621114][wlan][418]rlmDomainTxPwrLimitLoad:(RLM ERROR) Can't find specified section cck in TxPwrLimit6G_MT79x1.dat
08-08 04:45:53.514 I/kernel  (  418): [   17.621134][wlan][418]rlmDomainTxPwrLimitLoad:(RLM ERROR) Can't find specified section ofdm in TxPwrLimit6G_MT79x1.dat
08-08 04:45:53.514 I/kernel  (  418): [   17.621143][wlan][418]rlmDomainTxPwrLimitLoad:(RLM ERROR) Can't find specified section ht20 in TxPwrLimit6G_MT79x1.dat
08-08 04:45:53.514 I/kernel  (  418): [   17.621151][wlan][418]rlmDomainTxPwrLimitLoad:(RLM ERROR) Can't find specified section ht40 in TxPwrLimit6G_MT79x1.dat
08-08 04:45:53.512 D/wifi AIDLHAL(  661): RegDmainFile read regDomain[JP]
08-08 04:45:53.514 I/kernel  (  418): [   17.621235][wlan][418]rlmDomainTxPwrLimitLoad:(RLM ERROR) Can't find specified section vht20 in TxPwrLimit6G_MT79x1.dat
08-08 04:45:53.513 I/wifi AIDLHAL(  661): regDomain is already saved : oldRegDomain[JP]
08-08 04:45:53.513 I/wifi AIDLHAL(  661): setRegulatoryDomain End
08-08 04:45:53.513 I/wificond(  787): 2.4Ghz frequencies: 2412 2417 2422 2427 2432 2437 2442 2447 2452 2457 2462 2467 2472
08-08 04:45:53.513 I/wificond(  787): 5Ghz non-DFS frequencies: 5180 5200 5220 5240
08-08 04:45:53.513 I/wificond(  787): 5Ghz DFS frequencies: 5260 5280 5300 5320 5500 5520 5540 5560 5580 5600 5620 5640 5660 5680 5700 5720
08-08 04:45:53.513 I/wificond(  787): 6Ghz frequencies: 5955 5975 5995 6015 6035 6055 6075 6095 6115 6135 6155 6175 6195 6215 6235 6255 6275 6295 6315 6335 6355 6375 6395 6415
08-08 04:45:53.513 I/wificond(  787): 60Ghz frequencies:
08-08 04:45:53.514 I/kernel  (  418): [   17.621245][wlan][418]rlmDomainTxPwrLimitLoad:(RLM ERROR) Can't find specified section vht40 in TxPwrLimit6G_MT79x1.dat
08-08 04:45:53.514 I/kernel  (  418): [   17.621253][wlan][418]rlmDomainTxPwrLimitLoad:(RLM ERROR) Can't find specified section vht80 in TxPwrLimit6G_MT79x1.dat
08-08 04:45:53.514 I/kernel  (  418): [   17.621261][wlan][418]rlmDomainTxPwrLimitLoad:(RLM ERROR) Can't find specified section vht160 in TxPwrLimit6G_MT79x1.dat
08-08 04:45:53.514 I/kernel  (  418): [   17.621305][wlan][418]rlmDomainTxPwrLimitLoad:(RLM ERROR) Can't find specified section ru996x2 in TxPwrLimit6G_MT79x1.dat
08-08 04:45:53.531 W/sony_wifi_notif( 1188): type=1400 audit(0.0:218): avc:  denied  { search } for  name="proc" dev="debugfs" ino=10174 scontext=u:r:sony_wifi_notification:s0 tcontext=u:object_r:debugfs_binder:s0 tclass=dir permissive=0
08-08 04:45:53.538 I/wifi AIDLHAL(  661): setRegulatoryDomain Start countryOrRegionCode:[S1]
08-08 04:45:53.538 I/wifi AIDLHAL(  661): tryGetRegDomainBySpecialCode1 Start countryOrRegionCode:[S1]
08-08 04:45:53.538 D/wifi AIDLHAL(  661): RegDmainFile read regDomain[JP]
08-08 04:45:53.538 I/wifi AIDLHAL(  661): tryGetRegDomainBySpecialCode1 End regDomain:[JP]
08-08 04:45:53.538 I/wifi AIDLHAL(  661): country[JP]
08-08 04:45:53.551 I/kernel  ( 1187): [   17.658433]capability: warning: `wpa_supplicant' uses 32-bit capabilities (legacy support in use)
08-08 04:45:53.549 D/wpa_supplicant( 1187): wpa_supplicant v2.11-devel-14
08-08 04:45:53.550 D/wpa_supplicant( 1187): Global control interface '@android:wpa_wlan0'
08-08 04:45:53.550 D/wpa_supplicant( 1187): Using Android control socket 'wpa_wlan0'
08-08 04:45:53.550 D/wpa_supplicant( 1187): Initing aidl control
08-08 04:45:53.547 W/wpa_supplicant( 1187): type=1400 audit(0.0:219): avc:  denied  { search } for  name="proc" dev="debugfs" ino=10174 scontext=u:r:hal_wifi_supplicant_default:s0 tcontext=u:object_r:debugfs_binder:s0 tclass=dir permissive=0
08-08 04:45:53.550 I/wpa_supplicant( 1187): Processing aidl events on FD 5
08-08 04:45:53.550 I/wpa_supplicant( 1187): Starting AIDL supplicant
08-08 04:45:53.550 I/wpa_supplicant( 1187): Interface version: 2
08-08 04:45:53.552 I/wpa_supplicant( 1187): Successfully initialized wpa_supplicant
08-08 04:45:53.553 I/SupplicantStaIfaceHalAidlImpl(  741): Obtained ISupplicant binder.
08-08 04:45:53.553 I/SupplicantStaIfaceHalAidlImpl(  741): Local Version: 2
08-08 04:45:53.554 I/SupplicantStaIfaceHalAidlImpl(  741): Remote service version was cached
08-08 04:45:53.554 I/SupplicantStaIfaceHalAidlImpl(  741): Remote Version: 2
08-08 04:45:53.556 I/SupplicantStaIfaceHalAidlImpl(  741): Non-standard cert callback was registered
08-08 04:45:53.556 D/wifi AIDLHAL(  661): RegDmainFile read regDomain[JP]
08-08 04:45:53.556 I/wifi AIDLHAL(  661): regDomain is already saved : oldRegDomain[JP]
08-08 04:45:53.556 I/wifi AIDLHAL(  661): setRegulatoryDomain End
08-08 04:45:53.557 D/wpa_supplicant( 1187): Override interface parameter: ctrl_interface ('(null)' -> '/data/vendor/wifi/wpa/sockets')
08-08 04:45:53.557 D/wpa_supplicant( 1187): Initializing interface 'wlan0' conf '/data/vendor/wifi/wpa/wpa_supplicant.conf' driver 'nl80211' ctrl_interface '/data/vendor/wifi/wpa/sockets' bridge 'N/A'
08-08 04:45:53.557 D/wpa_supplicant( 1187): Configuration file '/data/vendor/wifi/wpa/wpa_supplicant.conf' -> '/data/vendor/wifi/wpa/wpa_supplicant.conf'
08-08 04:45:53.557 D/wpa_supplicant( 1187): Reading configuration file '/data/vendor/wifi/wpa/wpa_supplicant.conf'
08-08 04:45:53.558 D/wpa_supplicant( 1187): update_config=1
08-08 04:45:53.558 D/wpa_supplicant( 1187): Reading configuration file '/vendor/etc/wifi/wpa_supplicant_overlay.conf'
08-08 04:45:53.558 D/wpa_supplicant( 1187): driver_param='p2p_capable=0use_p2p_group_interface=1'
08-08 04:45:53.558 D/wpa_supplicant( 1187): device_name='MTK-DTV'
08-08 04:45:53.558 D/wpa_supplicant( 1187): manufacturer='MTK'
08-08 04:45:53.558 D/wpa_supplicant( 1187): model_name='MT53XX'
08-08 04:45:53.558 D/wpa_supplicant( 1187): ap_scan=1
08-08 04:45:53.558 D/wpa_supplicant( 1187): wowlan_triggers='magic_pkt'
08-08 04:45:53.558 D/wpa_supplicant( 1187): p2p_disabled=1
08-08 04:45:53.558 D/wpa_supplicant( 1187): wowlan_disconnect_on_deinit=1
08-08 04:45:53.558 D/wpa_supplicant( 1187): pmf=1
08-08 04:45:53.558 D/wpa_supplicant( 1187): sae_pwe=2
08-08 04:45:53.559 D/wpa_supplicant( 1187): nl80211: TDLS supported
08-08 04:45:53.559 D/wpa_supplicant( 1187): nl80211: TDLS external setup
08-08 04:45:53.559 D/wpa_supplicant( 1187): nl80211: Supported cipher 00-0f-ac:1
08-08 04:45:53.559 D/wpa_supplicant( 1187): nl80211: Supported cipher 00-0f-ac:5
08-08 04:45:53.559 D/wpa_supplicant( 1187): nl80211: Supported cipher 00-0f-ac:2
08-08 04:45:53.560 D/wpa_supplicant( 1187): nl80211: Supported cipher 00-0f-ac:4
08-08 04:45:53.560 D/wpa_supplicant( 1187): nl80211: Supported cipher 00-0f-ac:6
08-08 04:45:53.560 D/wpa_supplicant( 1187): nl80211: Supported cipher 00-0f-ac:9
08-08 04:45:53.560 D/wpa_supplicant( 1187): nl80211: Supported cipher 00-0f-ac:12
08-08 04:45:53.560 D/wpa_supplicant( 1187): nl80211: Supported cipher 00-0f-ac:7
08-08 04:45:53.560 D/wpa_supplicant( 1187): nl80211: Using driver-based off-channel TX
08-08 04:45:53.560 D/wpa_supplicant( 1187): nl80211: Supported vendor command: vendor_id=0x1a11 subcmd=1
08-08 04:45:53.560 D/wpa_supplicant( 1187): nl80211: Supported vendor command: vendor_id=0x1a11 subcmd=6
08-08 04:45:53.560 D/wpa_supplicant( 1187): nl80211: Supported vendor command: vendor_id=0x1a11 subcmd=4
08-08 04:45:53.560 D/wpa_supplicant( 1187): nl80211: Supported vendor command: vendor_id=0x1374 subcmd=105
08-08 04:45:53.560 D/wpa_supplicant( 1187): nl80211: Supported vendor command: vendor_id=0x1374 subcmd=64
08-08 04:45:53.560 D/wpa_supplicant( 1187): nl80211: Supported vendor command: vendor_id=0x1374 subcmd=9
08-08 04:45:53.560 D/wpa_supplicant( 1187): nl80211: Supported vendor command: vendor_id=0x1a11 subcmd=8
08-08 04:45:53.560 D/wpa_supplicant( 1187): nl80211: Supported vendor command: vendor_id=0x1a11 subcmd=15
08-08 04:45:53.560 D/wpa_supplicant( 1187): nl80211: Supported vendor command: vendor_id=0x1a11 subcmd=10
08-08 04:45:53.560 D/wpa_supplicant( 1187): nl80211: Supported vendor command: vendor_id=0x1a11 subcmd=11
08-08 04:45:53.560 D/wpa_supplicant( 1187): nl80211: Supported vendor command: vendor_id=0x1a11 subcmd=4354
08-08 04:45:53.560 D/wpa_supplicant( 1187): nl80211: Supported vendor command: vendor_id=0x1a11 subcmd=4608
08-08 04:45:53.560 D/wpa_supplicant( 1187): nl80211: Supported vendor command: vendor_id=0x1a11 subcmd=7
08-08 04:45:53.560 D/wpa_supplicant( 1187): nl80211: Supported vendor command: vendor_id=0x1a11 subcmd=5632
08-08 04:45:53.560 D/wpa_supplicant( 1187): nl80211: Supported vendor command: vendor_id=0x1a11 subcmd=5633
08-08 04:45:53.560 D/wpa_supplicant( 1187): nl80211: Supported vendor command: vendor_id=0x1a11 subcmd=5121
08-08 04:45:53.560 D/wpa_supplicant( 1187): nl80211: Supported vendor command: vendor_id=0x1a11 subcmd=2
08-08 04:45:53.560 D/wpa_supplicant( 1187): nl80211: Supported vendor command: vendor_id=0x1a11 subcmd=12
08-08 04:45:53.560 D/wpa_supplicant( 1187): nl80211: Supported vendor command: vendor_id=0x1374 subcmd=103
08-08 04:45:53.560 D/wpa_supplicant( 1187): nl80211: Supported vendor command: vendor_id=0x1374 subcmd=54
08-08 04:45:53.560 D/wpa_supplicant( 1187): nl80211: Supported vendor command: vendor_id=0x1374 subcmd=55
08-08 04:45:53.560 D/wpa_supplicant( 1187): nl80211: Supported vendor command: vendor_id=0xce7 subcmd=14
08-08 04:45:53.561 D/wpa_supplicant( 1187): nl80211: Supported vendor command: vendor_id=0xce7 subcmd=15
08-08 04:45:53.561 D/wpa_supplicant( 1187): nl80211: Supported vendor command: vendor_id=0xce7 subcmd=16
08-08 04:45:53.561 D/wpa_supplicant( 1187): nl80211: Supported vendor command: vendor_id=0x1a11 subcmd=5122
08-08 04:45:53.561 D/wpa_supplicant( 1187): nl80211: Supported vendor command: vendor_id=0xce7 subcmd=14
08-08 04:45:53.561 D/wpa_supplicant( 1187): nl80211: Supported vendor command: vendor_id=0xce7 subcmd=12
08-08 04:45:53.561 D/wpa_supplicant( 1187): nl80211: Supported vendor command: vendor_id=0xce7 subcmd=81
08-08 04:45:53.561 D/wpa_supplicant( 1187): nl80211: Supported vendor event: vendor_id=0x1a11 subcmd=0
08-08 04:45:53.561 D/wpa_supplicant( 1187): nl80211: Supported vendor event: vendor_id=0x1a11 subcmd=1
08-08 04:45:53.561 D/wpa_supplicant( 1187): nl80211: Supported vendor event: vendor_id=0x1a11 subcmd=2
08-08 04:45:53.561 D/wpa_supplicant( 1187): nl80211: Supported vendor event: vendor_id=0x1a11 subcmd=3
08-08 04:45:53.561 D/wpa_supplicant( 1187): nl80211: Supported vendor event: vendor_id=0x1a11 subcmd=4
08-08 04:45:53.561 D/wpa_supplicant( 1187): nl80211: Supported vendor event: vendor_id=0x1a11 subcmd=5
08-08 04:45:53.561 D/wpa_supplicant( 1187): nl80211: Supported vendor event: vendor_id=0x1a11 subcmd=6
08-08 04:45:53.561 D/wpa_supplicant( 1187): nl80211: Supported vendor event: vendor_id=0x1a11 subcmd=7
08-08 04:45:53.561 D/wpa_supplicant( 1187): nl80211: Supported vendor event: vendor_id=0x1374 subcmd=54
08-08 04:45:53.561 D/wpa_supplicant( 1187): nl80211: Supported vendor event: vendor_id=0xce7 subcmd=9
08-08 04:45:53.561 D/wpa_supplicant( 1187): nl80211: Supported vendor event: vendor_id=0xce7 subcmd=12
08-08 04:45:53.561 D/wpa_supplicant( 1187): nl80211: Supported vendor event: vendor_id=0xce7 subcmd=81
08-08 04:45:53.561 D/wpa_supplicant( 1187): nl80211: Supported vendor event: vendor_id=0xce7 subcmd=153
08-08 04:45:53.561 D/wpa_supplicant( 1187): nl80211: wiphy supported key_mgmt 0x17076f
08-08 04:45:53.561 D/wpa_supplicant( 1187): nl80211: Use separate P2P group interface (driver advertised support)
08-08 04:45:53.561 D/wpa_supplicant( 1187): nl80211: Enable multi-channel concurrent (driver advertised support)
08-08 04:45:53.561 D/wpa_supplicant( 1187): nl80211: key_mgmt=0x17076f enc=0x154f auth=0x7 flags=0x100000429a98fae4 rrm_flags=0xd probe_resp_offloads=0x0 max_stations=20 max_remain_on_chan=5000 max_scan_ssids=11
08-08 04:45:53.561 D/wpa_supplicant( 1187): nl80211: interface wlan0 in phy phy0
08-08 04:45:53.561 D/wpa_supplicant( 1187): nl80211: Set mode ifindex 16 iftype 2 (STATION)
08-08 04:45:53.561 D/wpa_supplicant( 1187): nl80211: Subscribe to mgmt frames with non-AP handle 0xe8380d30
08-08 04:45:53.561 D/wpa_supplicant( 1187): nl80211: Register frame type=0xd0 (WLAN_FC_STYPE_ACTION) nl_handle=0xe8380d30 match=0104 multicast=0
08-08 04:45:53.562 D/wpa_supplicant( 1187): nl80211: Register frame type=0xd0 (WLAN_FC_STYPE_ACTION) nl_handle=0xe8380d30 match=040a multicast=0
08-08 04:45:53.562 D/wpa_supplicant( 1187): nl80211: Register frame type=0xd0 (WLAN_FC_STYPE_ACTION) nl_handle=0xe8380d30 match=040b multicast=0
08-08 04:45:53.562 D/wpa_supplicant( 1187): nl80211: Register frame type=0xd0 (WLAN_FC_STYPE_ACTION) nl_handle=0xe8380d30 match=040c multicast=0
08-08 04:45:53.562 D/wpa_supplicant( 1187): nl80211: Register frame type=0xd0 (WLAN_FC_STYPE_ACTION) nl_handle=0xe8380d30 match=040d multicast=0
08-08 04:45:53.562 D/wpa_supplicant( 1187): nl80211: Register frame type=0xd0 (WLAN_FC_STYPE_ACTION) nl_handle=0xe8380d30 match=090a multicast=0
08-08 04:45:53.562 D/wpa_supplicant( 1187): nl80211: Register frame type=0xd0 (WLAN_FC_STYPE_ACTION) nl_handle=0xe8380d30 match=090b multicast=0
08-08 04:45:53.562 D/wpa_supplicant( 1187): nl80211: Register frame type=0xd0 (WLAN_FC_STYPE_ACTION) nl_handle=0xe8380d30 match=090c multicast=0
08-08 04:45:53.562 D/wpa_supplicant( 1187): nl80211: Register frame type=0xd0 (WLAN_FC_STYPE_ACTION) nl_handle=0xe8380d30 match=090d multicast=0
08-08 04:45:53.562 D/wpa_supplicant( 1187): nl80211: Register frame type=0xd0 (WLAN_FC_STYPE_ACTION) nl_handle=0xe8380d30 match=0409506f9a09 multicast=0
08-08 04:45:53.562 D/wpa_supplicant( 1187): nl80211: Register frame type=0xd0 (WLAN_FC_STYPE_ACTION) nl_handle=0xe8380d30 match=7f506f9a09 multicast=0
08-08 04:45:53.562 D/wpa_supplicant( 1187): nl80211: Register frame type=0xd0 (WLAN_FC_STYPE_ACTION) nl_handle=0xe8380d30 match=0409506f9a1a multicast=0
08-08 04:45:53.562 D/wpa_supplicant( 1187): nl80211: Register frame type=0xd0 (WLAN_FC_STYPE_ACTION) nl_handle=0xe8380d30 match=0801 multicast=0
08-08 04:45:53.562 D/wpa_supplicant( 1187): nl80211: Register frame type=0xd0 (WLAN_FC_STYPE_ACTION) nl_handle=0xe8380d30 match=040e multicast=0
08-08 04:45:53.562 D/wpa_supplicant( 1187): nl80211: Register frame type=0xd0 (WLAN_FC_STYPE_ACTION) nl_handle=0xe8380d30 match=06 multicast=0
08-08 04:45:53.562 D/wpa_supplicant( 1187): nl80211: Register frame type=0xd0 (WLAN_FC_STYPE_ACTION) nl_handle=0xe8380d30 match=0a07 multicast=0
08-08 04:45:53.562 D/wpa_supplicant( 1187): nl80211: Register frame type=0xd0 (WLAN_FC_STYPE_ACTION) nl_handle=0xe8380d30 match=0a11 multicast=0
08-08 04:45:53.562 D/wpa_supplicant( 1187): nl80211: Register frame type=0xd0 (WLAN_FC_STYPE_ACTION) nl_handle=0xe8380d30 match=0a0b multicast=0
08-08 04:45:53.562 D/wpa_supplicant( 1187): nl80211: Register frame type=0xd0 (WLAN_FC_STYPE_ACTION) nl_handle=0xe8380d30 match=0a1a multicast=0
08-08 04:45:53.562 D/wpa_supplicant( 1187): nl80211: Register frame type=0xd0 (WLAN_FC_STYPE_ACTION) nl_handle=0xe8380d30 match=1101 multicast=0
08-08 04:45:53.563 D/wpa_supplicant( 1187): nl80211: Register frame type=0xd0 (WLAN_FC_STYPE_ACTION) nl_handle=0xe8380d30 match=1102 multicast=0
08-08 04:45:53.563 D/wpa_supplicant( 1187): nl80211: Register frame type=0xd0 (WLAN_FC_STYPE_ACTION) nl_handle=0xe8380d30 match=0505 multicast=0
08-08 04:45:53.563 D/wpa_supplicant( 1187): nl80211: Register frame type=0xd0 (WLAN_FC_STYPE_ACTION) nl_handle=0xe8380d30 match=0500 multicast=0
08-08 04:45:53.563 D/wpa_supplicant( 1187): nl80211: Register frame type=0xd0 (WLAN_FC_STYPE_ACTION) nl_handle=0xe8380d30 match=0502 multicast=0
08-08 04:45:53.563 D/wpa_supplicant( 1187): nl80211: Register frame type=0xd0 (WLAN_FC_STYPE_ACTION) nl_handle=0xe8380d30 match=1301 multicast=0
08-08 04:45:53.563 D/wpa_supplicant( 1187): nl80211: Register frame type=0xd0 (WLAN_FC_STYPE_ACTION) nl_handle=0xe8380d30 match=1305 multicast=0
08-08 04:45:53.563 D/wpa_supplicant( 1187): nl80211: Register frame type=0xd0 (WLAN_FC_STYPE_ACTION) nl_handle=0xe8380d30 match=7e506f9a1a multicast=0
08-08 04:45:53.563 I/wpa_supplicant( 1187): rfkill: Cannot open RFKILL control device
08-08 04:45:53.563 D/wpa_supplicant( 1187): nl80211: RFKILL status not available
08-08 04:45:53.563 D/wpa_supplicant( 1187): netlink: Operstate: ifindex=16 linkmode=1 (userspace-control), operstate=5 (IF_OPER_DORMANT)
08-08 04:45:53.562 I/kernel  ( 1187): [   17.669020][wlan][1187]mtk_cfg_get_txpower:(REQ WARN) STA doesn't support this function
08-08 04:45:53.562 I/kernel  ( 1187): [   17.669083][wlan][1187]mtk_cfg_get_txpower:(REQ WARN) STA doesn't support this function
08-08 04:45:53.564 I/kernel  ( 1187): [   17.671138][wlan][1187]mtk_cfg_get_txpower:(REQ WARN) STA doesn't support this function
08-08 04:45:53.564 I/kernel  ( 1187): [   17.671193][wlan][1187]mtk_cfg_get_txpower:(REQ WARN) STA doesn't support this function
08-08 04:45:53.566 I/kernel  ( 1187): [   17.673126][wlan][1187]mtk_cfg_get_txpower:(REQ WARN) STA doesn't support this function
08-08 04:45:53.564 D/wpa_supplicant( 1187): nl80211: driver param='p2p_capable=0use_p2p_group_interface=1'
08-08 04:45:53.564 D/wpa_supplicant( 1187): nl80211: Use separate P2P group interface
08-08 04:45:53.565 D/wpa_supplicant( 1187): Add interface wlan0 to a new radio phy0
08-08 04:45:53.566 D/wpa_supplicant( 1187): nl80211: Regulatory information - country=JP
08-08 04:45:53.566 D/wpa_supplicant( 1187): nl80211: 2402-2482 @ 20 MHz 20 mBm
08-08 04:45:53.566 D/wpa_supplicant( 1187): nl80211: 5170-5250 @ 80 MHz 20 mBm
08-08 04:45:53.566 D/wpa_supplicant( 1187): nl80211: 5250-5330 @ 80 MHz 20 mBm (DFS) (no IR)
08-08 04:45:53.566 D/wpa_supplicant( 1187): nl80211: 5490-5730 @ 80 MHz 20 mBm (DFS) (no IR)
08-08 04:45:53.566 D/wpa_supplicant( 1187): nl80211: 5945-6425 @ 80 MHz 20 mBm
08-08 04:45:53.566 D/wpa_supplicant( 1187): nl80211: Added 802.11b mode based on 802.11g information
08-08 04:45:53.566 D/wpa_supplicant( 1187): nl80211: Mode IEEE 802.11g: 2412 2417 2422 2427 2432 2437 2442 2447 2452 2457 2462 2467 2472 2484[DISABLED]
08-08 04:45:53.566 D/wpa_supplicant( 1187): nl80211: Mode IEEE 802.11a: 5180 5200 5220 5240 5260[NO_IR][RADAR] 5280[NO_IR][RADAR] 5300[NO_IR][RADAR] 5320[NO_IR][RADAR] 5500[NO_IR][RADAR] 5520[NO_IR][RADAR] 5540[NO_IR][RADAR] 5560[NO_IR][RADAR] 5580[NO_IR][RADAR] 5600[NO_IR][RADAR] 5620[NO_IR][RADAR] 5640[NO_IR][RADAR] 5660[NO_IR][RADAR] 5680[NO_IR][RADAR] 5700[NO_IR][RADAR] 5720[NO_IR][RADAR] 5745[DISABLED] 5765[DISABLED] 5785[DISABLED] 5805[DISABLED] 5825[DISABLED]
08-08 04:45:53.566 D/wpa_supplicant( 1187): nl80211: Mode IEEE 802.11a: 5955 5975 5995 6015 6035 6055 6075 6095 6115 6135 6155 6175 6195 6215 6235 6255 6275 6295 6315 6335 6355 6375 6395 6415 6435[DISABLED] 6455[DISABLED] 6475[DISABLED] 6495[DISABLED] 6515[DISABLED] 6535[DISABLED] 6555[DISABLED] 6575[DISABLED] 6595[DISABLED] 6615[DISABLED] 6635[DISABLED] 6655[DISABLED] 6675[DISABLED] 6695[DISABLED] 6715[DISABLED] 6735[DISABLED] 6755[DISABLED] 6775[DISABLED] 6795[DISABLED] 6815[DISABLED] 6835[DISABLED] 6855[DISABLED] 6875[DISABLED] 6895[DISABLED] 6915[DISABLED] 6935[DISABLED] 6955[DISABLED] 6975[DISABLED] 6995[DISABLED] 7015[DISABLED] 7035[DISABLED] 7055[DISABLED] 7075[DISABLED] 7095[DISABLED] 7115[DISABLED]
08-08 04:45:53.566 D/wpa_supplicant( 1187): nl80211: Mode IEEE 802.11b: 2412 2417 2422 2427 2432 2437 2442 2447 2452 2457 2462 2467 2472 2484[DISABLED]
08-08 04:45:53.566 D/wpa_supplicant( 1187): wlan0: Own MAC address: cc:5e:f8:20:e3:f7
08-08 04:45:53.567 D/wpa_supplicant( 1187): wpa_driver_nl80211_set_key: ifindex=16 (wlan0) alg=0 addr=0x0 key_idx=0 set_tx=0 seq_len=0 key_len=0 key_flag=0x10 link_id=-1
08-08 04:45:53.567 D/wpa_supplicant( 1187): nl80211: DEL_KEY
08-08 04:45:53.567 D/wpa_supplicant( 1187):    broadcast key
08-08 04:45:53.567 D/wpa_supplicant( 1187): wpa_driver_nl80211_set_key: ifindex=16 (wlan0) alg=0 addr=0x0 key_idx=1 set_tx=0 seq_len=0 key_len=0 key_flag=0x10 link_id=-1
08-08 04:45:53.567 D/wpa_supplicant( 1187): nl80211: DEL_KEY
08-08 04:45:53.567 D/wpa_supplicant( 1187):    broadcast key
08-08 04:45:53.567 D/wpa_supplicant( 1187): wpa_driver_nl80211_set_key: ifindex=16 (wlan0) alg=0 addr=0x0 key_idx=2 set_tx=0 seq_len=0 key_len=0 key_flag=0x10 link_id=-1
08-08 04:45:53.567 D/wpa_supplicant( 1187): nl80211: DEL_KEY
08-08 04:45:53.567 D/wpa_supplicant( 1187):    broadcast key
08-08 04:45:53.567 D/wpa_supplicant( 1187): wpa_driver_nl80211_set_key: ifindex=16 (wlan0) alg=0 addr=0x0 key_idx=3 set_tx=0 seq_len=0 key_len=0 key_flag=0x10 link_id=-1
08-08 04:45:53.567 D/wpa_supplicant( 1187): nl80211: DEL_KEY
08-08 04:45:53.567 D/wpa_supplicant( 1187):    broadcast key
08-08 04:45:53.567 D/wpa_supplicant( 1187): wpa_driver_nl80211_set_key: ifindex=16 (wlan0) alg=0 addr=0x0 key_idx=4 set_tx=0 seq_len=0 key_len=0 key_flag=0x10 link_id=-1
08-08 04:45:53.567 D/wpa_supplicant( 1187): nl80211: DEL_KEY
08-08 04:45:53.567 D/wpa_supplicant( 1187):    broadcast key
08-08 04:45:53.567 D/wpa_supplicant( 1187): wpa_driver_nl80211_set_key: ifindex=16 (wlan0) alg=0 addr=0x0 key_idx=5 set_tx=0 seq_len=0 key_len=0 key_flag=0x10 link_id=-1
08-08 04:45:53.568 D/wpa_supplicant( 1187): nl80211: DEL_KEY
08-08 04:45:53.568 D/wpa_supplicant( 1187):    broadcast key
08-08 04:45:53.568 D/wpa_supplicant( 1187): wlan0: RSN: flushing PMKID list in the driver
08-08 04:45:53.568 D/wpa_supplicant( 1187): nl80211: Flush PMKIDs
08-08 04:45:53.568 D/wpa_supplicant( 1187): wlan0: State: DISCONNECTED -> INACTIVE
08-08 04:45:53.568 D/wpa_supplicant( 1187): Notifying state change event to aidl control: 2
08-08 04:45:53.568 D/wpa_supplicant( 1187): TDLS: TDLS operation supported by driver
08-08 04:45:53.568 D/wpa_supplicant( 1187): TDLS: Driver uses external link setup
08-08 04:45:53.568 D/wpa_supplicant( 1187): TDLS: Driver does not support TDLS channel switching
08-08 04:45:53.568 D/wpa_supplicant( 1187): wlan0: WPS: UUID based on MAC address: 094816da-3953-5f3b-8d9f-41cdcf1768ba
08-08 04:45:53.568 I/wpa_supplicant( 1187): Init sm=0xe8203530
08-08 04:45:53.569 D/wpa_supplicant( 1187): EAPOL: SUPP_PAE entering state DISCONNECTED
08-08 04:45:53.569 D/wpa_supplicant( 1187): EAPOL: Supplicant port status: Unauthorized
08-08 04:45:53.569 D/wpa_supplicant( 1187): nl80211: Skip set_supp_port(unauthorized) while not associated
08-08 04:45:53.569 D/wpa_supplicant( 1187): EAPOL: KEY_RX entering state NO_KEY_RECEIVE
08-08 04:45:53.569 D/wpa_supplicant( 1187): EAPOL: SUPP_BE entering state INITIALIZE
08-08 04:45:53.569 D/wpa_supplicant( 1187): EAP: EAP entering state DISABLED
08-08 04:45:53.569 D/wpa_supplicant( 1187): Using existing control interface directory.
08-08 04:45:53.569 D/wpa_supplicant( 1187): ctrl_iface bind(PF_UNIX) failed: Address already in use
08-08 04:45:53.570 D/wpa_supplicant( 1187): ctrl_iface exists, but does not allow connections - assuming it was leftover from forced program termination
08-08 04:45:53.570 D/wpa_supplicant( 1187): Successfully replaced leftover ctrl_iface socket '/data/vendor/wifi/wpa/sockets/wlan0'
08-08 04:45:53.570 D/wpa_supplicant( 1187): nl80211: Setting wowlan
08-08 04:45:53.570 D/wpa_supplicant( 1187): MBO: Update non-preferred channels, non_pref_chan=N/A
08-08 04:45:53.570 D/wpa_supplicant( 1187): Registering interface to aidl control: wlan0
08-08 04:45:53.570 D/wpa_supplicant( 1187): wlan0: Added interface wlan0
08-08 04:45:53.570 D/wpa_supplicant( 1187): wlan0: State: INACTIVE -> DISCONNECTED
08-08 04:45:53.570 D/wpa_supplicant( 1187): nl80211: Set wlan0 operstate 0->0 (DORMANT)
08-08 04:45:53.570 D/wpa_supplicant( 1187): netlink: Operstate: ifindex=16 linkmode=-1 (no change), operstate=5 (IF_OPER_DORMANT)
08-08 04:45:53.570 D/wpa_supplicant( 1187): Notifying state change event to aidl control: 0
08-08 04:45:53.570 D/wpa_supplicant( 1187): nl80211: Received scan results (0 BSSes)
08-08 04:45:53.571 D/wpa_supplicant( 1187): wlan0: BSS: Start scan result update 1
08-08 04:45:53.571 D/wpa_supplicant( 1187): RTM_NEWLINK: ifi_index=16 ifname=wlan0 operstate=2 linkmode=1 ifi_family=0 ifi_flags=0x1003 ([UP])
08-08 04:45:53.573 V/SupplicantStaIfaceHalAidlImpl(  741): getAdvancedCapabilities: Passpoint T&C supported
08-08 04:45:53.573 V/SupplicantStaIfaceHalAidlImpl(  741): getAdvancedCapabilities: RFC 7542 decorated identity supported
08-08 04:45:53.573 V/SupplicantStaIfaceHalAidlImpl(  741): getAdvancedCapabilities: SAE supported
08-08 04:45:53.573 V/SupplicantStaIfaceHalAidlImpl(  741): getAdvancedCapabilities: SUITE_B supported
08-08 04:45:53.573 V/SupplicantStaIfaceHalAidlImpl(  741): getAdvancedCapabilities: OWE supported
08-08 04:45:53.573 V/SupplicantStaIfaceHalAidlImpl(  741): getAdvancedCapabilities: Capability flags = 4326415
08-08 04:45:53.574 D/WifiHAL (  601): WifiRequest::create vendor command to iface 16, vendor_id=0x1a11, subcmd=0x0002, res=0
08-08 04:45:53.574 D/WifiHAL (  601): In GetFeatureSetCommand::handleResponse for 5
08-08 04:45:53.574 D/WifiHAL (  601): vendor_id = 0x0, subcmd = 0x0
08-08 04:45:53.574 I/WifiHAL (  601): feature_set=0x80881418
08-08 04:45:53.574 D/WifiHAL (  601): WifiRequest::create vendor command to iface 16, vendor_id=0x1a11, subcmd=0x0002, res=0
08-08 04:45:53.575 D/WifiHAL (  601): In GetFeatureSetCommand::handleResponse for 5
08-08 04:45:53.575 D/WifiHAL (  601): vendor_id = 0x0, subcmd = 0x0
08-08 04:45:53.575 I/WifiHAL (  601): feature_set=0x80881418
08-08 04:45:53.575 D/wpa_supplicant( 1187): Driver capability mask: 0x7d
08-08 04:45:53.575 V/SupplicantStaIfaceHalAidlImpl(  741): getWpaDriverFeatureSet: MBO supported
08-08 04:45:53.575 V/SupplicantStaIfaceHalAidlImpl(  741): getWpaDriverFeatureSet: SAE-PK supported
08-08 04:45:53.575 V/SupplicantStaIfaceHalAidlImpl(  741): getWpaDriverFeatureSet: WFD-R2 supported
08-08 04:45:53.575 V/SupplicantStaIfaceHalAidlImpl(  741): getWpaDriverFeatureSet: Trust-On-First-Use supported
08-08 04:45:53.575 V/SupplicantStaIfaceHalAidlImpl(  741): getWpaDriverFeatureSetV2: EAP-TLS minimum version supported
08-08 04:45:53.575 V/SupplicantStaIfaceHalAidlImpl(  741): getWpaDriverFeatureSetV2: EAP-TLS v1.3 supported
08-08 04:45:53.576 E/WifiChipAidlImpl(  741): getUsableChannels failed with service-specific exception: android.os.ServiceSpecificException:  (code 4)
08-08 04:45:53.581 I/WifiNative(  741): updateSupportedBandForStaInternal wlan0 : 0xb
08-08 04:45:53.581 I/WifiNative(  741): Successfully switched to connectivity mode on iface=Iface:{Name=wlan0,Id=0,Type=STA_CONNECTIVITY}
08-08 04:45:53.581 D/WifiClientModeManager[17511:wlan0](  741): entering ConnectModeState, starting ClientModeImpl
08-08 04:45:53.587 D/WifiNative(  741): enableVerboseLogging true hal true
08-08 04:45:53.587 D/WifiVendorHal(  741): enableVerboseLogging verbose=true
08-08 04:45:53.589 D/WifiScoreReport(  741): setShouldReduceNetworkScore=false mNetworkAgent is null? true
08-08 04:45:53.589 V/WifiClientModeManager[17511:wlan0](  741): CurState:ConnectModeState, clientModeManager started in role: Role: ROLE_CLIENT_PRIMARY, RequestorWs: WorkSource{1000 com.android.tv.settings}, ModeListener: com.android.server.wifi.ActiveModeWarden$ClientListener@a88292e
08-08 04:45:53.589 V/WifiScanRequestProxy(  741): Scan throttle enabled true
08-08 04:45:53.589 I/WifiScanningService(  741): enable scan: package android tid 1107 enable true
08-08 04:45:53.590 I/WifiScanningService(  741): Registering listener= com.android.server.wifi.scanner.WifiScannerInternal$ScanListener@7b2db29 uid=1000 packageName=android workSource=WorkSource{1000}
08-08 04:45:53.590 I/WifiScanningService(  741): register scan listener: ClientInfo[uid=1000, package=android, com.android.server.wifi.scanner.WifiScannerInternal$ScanListener@7b2db29]
08-08 04:45:53.590 I/WifiScanningService(  741): registerScanListener: ClientInfo[uid=1000, package=android, com.android.server.wifi.scanner.WifiScannerInternal$ScanListener@7b2db29]
08-08 04:45:53.590 D/WifiScanningService(  741): replySucceeded onSuccess
08-08 04:45:53.590 I/WifiScanningService(  741): Received a request to enable scanning, UID = 1000
08-08 04:45:53.590 D/WifiScanRequestProxy(  741): Sending scan available broadcast: true
08-08 04:45:53.591 I/WifiScanRequestProxy(  741): Scanning is enabled
08-08 04:45:53.591 I/WifiScanRequestProxy(  741): Scanning for hidden networks is enabled
08-08 04:45:53.593 I/WifiService(  741): getSupportedFeatures uid=1000 returns 19f010f38889419
08-08 04:45:53.593 I/WifiHAL (  601): wifi_multi_sta_set_use_case: use_case=0
08-08 04:45:53.593 I/WifiHAL (  601): WifiCommand::requestResponse err=-95
08-08 04:45:53.593 D/WifiHAL (  601): wifi_multi_sta_set_use_case: result=-3
08-08 04:45:53.594 E/WifiChipAidlImpl(  741): setMultiStaUseCase failed with service-specific exception: android.os.ServiceSpecificException:  (code 4)
08-08 04:45:53.595 I/WifiHAL (  601): wifi_multi_sta_set_primary_connection: Set primary to wlan0
08-08 04:45:53.595 D/WifiHAL (  601): WifiRequest::create vendor command to iface 16, vendor_id=0x1a11, subcmd=0x000d, res=0
08-08 04:45:53.595 I/WifiHAL (  601): WifiCommand::requestResponse err=-95
08-08 04:45:53.595 D/WifiHAL (  601): wifi_multi_sta_set_primary_connection: result=-3
08-08 04:45:53.595 E/WifiChipAidlImpl(  741): setMultiStaPrimaryConnection failed with service-specific exception: android.os.ServiceSpecificException:  (code 4)
08-08 04:45:53.596 V/WifiActiveModeWarden(  741): ModeManager added ConcreteClientModeManager{id=17511 iface=wlan0 role=ROLE_CLIENT_PRIMARY}
08-08 04:45:53.598 D/WifiCountryCode(  741): evaluateAllCmmStateAndApplyIfAllReady: {ConcreteClientModeManager{id=17511 iface=wlan0 role=ROLE_CLIENT_PRIMARY}=true}
08-08 04:45:53.599 D/WifiCountryCode(  741): Reading country code from telephony
08-08 04:45:53.600 D/WifiCountryCode(  741): Set telephony country code to: 
08-08 04:45:53.601 D/WifiCountryCode(  741): updateCountryCode to null
08-08 04:45:53.601 V/WifiConnectivityManager(  741): Set WiFi enabled
08-08 04:45:53.601 V/WifiConnectivityManager(  741): Stopping WifiConnectivityManager
08-08 04:45:53.602 D/WifiHealthMonitor(  741): Set WiFi enabled
08-08 04:45:53.602 I/WifiScanningService(  741): Created a new impl for wlan0
08-08 04:45:53.603 E/WifiBackgroundScanStateMachine(  741): invalid max buckets in scan capabilities 0
08-08 04:45:53.604 I/WifiScanningService(  741): Registering listener= com.android.server.wifi.scanner.WifiScannerInternal$ScanListener@600a44f uid=1000 packageName=android workSource=WorkSource{1000}
08-08 04:45:53.604 I/WifiScanningService(  741): register scan listener: ClientInfo[uid=1000, package=android, com.android.server.wifi.scanner.WifiScannerInternal$ScanListener@600a44f]
08-08 04:45:53.604 I/WifiScanningService(  741): registerScanListener: ClientInfo[uid=1000, package=android, com.android.server.wifi.scanner.WifiScannerInternal$ScanListener@600a44f]
08-08 04:45:53.604 D/WifiScanningService(  741): replySucceeded onSuccess
08-08 04:45:53.605 V/WifiActiveModeWarden(  741): Primary ClientModeManager changed from null to ConcreteClientModeManager{id=17511 iface=wlan0 role=ROLE_CLIENT_PRIMARY}
08-08 04:45:53.605 D/WifiChannelUtilization(  741): initializing
08-08 04:45:53.605 D/WakeupController(  741): onWifiEnabled()
08-08 04:45:53.606 D/WifiActiveModeWarden(  741): setSupportedFeatureSet 0x19f010f38889419
08-08 04:45:53.606 D/WifiActiveModeWarden(  741): setBandSupported 0xb
08-08 04:45:53.606 D/WifiActiveModeWarden(  741): setting wifi state to: 3
08-08 04:45:53.607 D/WifiClientModeManager[17511:wlan0](  741): Queuing broadcast=WIFI_STATE_CHANGED_ACTION EXTRA_WIFI_STATE=3 EXTRA_PREVIOUS_WIFI_STATE=2
08-08 04:45:53.607 D/WifiClientModeManager[17511:wlan0](  741): Sending broadcast=WIFI_STATE_CHANGED_ACTION EXTRA_WIFI_STATE=3 EXTRA_PREVIOUS_WIFI_STATE=2
08-08 04:45:53.607 D/WifiClientModeImpl[17690:wlan0](  741): entering ConnectableState: ifaceName = wlan0
08-08 04:45:53.608 D/WifiClientModeImpl[17690:wlan0](  741): setSuspendOptimizationsNative: 2 true -want true stack:setSuspendOptimizationsNative - -$$Nest$msetSuspendOptimizationsNative - enterImpl - enter
08-08 04:45:53.609 D/WifiClientModeImpl[17690:wlan0](  741): setSuspendOptimizationsNative do it 2 true stack:setSuspendOptimizationsNative - -$$Nest$msetSuspendOptimizationsNative - enterImpl - enter
08-08 04:45:53.609 D/wpa_supplicant( 1187): wpa_driver_nl80211_driver_cmd cmd:SETSUSPENDMODE 1
08-08 04:45:53.610 D/wpa_supplicant( 1187): wlan0: Cancelling scan request
08-08 04:45:53.610 D/wpa_supplicant( 1187): wlan0: Request to deauthenticate - bssid=00:00:00:00:00:00 pending_bssid=00:00:00:00:00:00 reason=3 (DEAUTH_LEAVING) state=DISCONNECTED
08-08 04:45:53.610 D/wpa_supplicant( 1187): TDLS: Tear down peers
08-08 04:45:53.610 D/wpa_supplicant( 1187): nl80211: Data frame filter flags=0x0
08-08 04:45:53.611 W/PermissionManager(  741): Package com.android.providers.media.module is an APK in APEX, but has permission allowlist on the system image. Please bundle the allowlist in the com.android.mediaprovider APEX instead.
08-08 04:45:53.611 D/wpa_supplicant( 1187): wlan0: State: DISCONNECTED -> DISCONNECTED
08-08 04:45:53.611 W/PermissionManager(  741): Package com.android.providers.media.module is an APK in APEX, but has permission allowlist on the system image. Please bundle the allowlist in the com.android.mediaprovider APEX instead.
08-08 04:45:53.611 D/wpa_supplicant( 1187): nl80211: Set wlan0 operstate 0->0 (DORMANT)
08-08 04:45:53.611 D/wpa_supplicant( 1187): netlink: Operstate: ifindex=16 linkmode=-1 (no change), operstate=5 (IF_OPER_DORMANT)
08-08 04:45:53.611 W/PermissionManager(  741): Package com.android.providers.media.module is an APK in APEX, but has permission allowlist on the system image. Please bundle the allowlist in the com.android.mediaprovider APEX instead.
08-08 04:45:53.611 D/wpa_supplicant( 1187): EAPOL: External notification - portEnabled=0
08-08 04:45:53.611 D/wpa_supplicant( 1187): EAPOL: External notification - portValid=0
08-08 04:45:53.611 W/PermissionManager(  741): Package com.android.providers.media.module is an APK in APEX, but has permission allowlist on the system image. Please bundle the allowlist in the com.android.mediaprovider APEX instead.
08-08 04:45:53.611 D/wpa_supplicant( 1187): QM: Clear all active DSCP policies
08-08 04:45:53.611 I/wpa_supplicant( 1187): wlan0: CTRL-EVENT-DSCP-POLICY clear_all
08-08 04:45:53.611 W/PermissionManager(  741): Package com.android.providers.media.module is an APK in APEX, but has permission allowlist on the system image. Please bundle the allowlist in the com.android.mediaprovider APEX instead.
08-08 04:45:53.611 W/PermissionManager(  741): Package com.android.providers.media.module is an APK in APEX, but has permission allowlist on the system image. Please bundle the allowlist in the com.android.mediaprovider APEX instead.
08-08 04:45:53.611 W/PermissionManager(  741): Package com.android.providers.media.module is an APK in APEX, but has permission allowlist on the system image. Please bundle the allowlist in the com.android.mediaprovider APEX instead.
08-08 04:45:53.611 W/PermissionManager(  741): Package com.android.providers.media.module is an APK in APEX, but has permission allowlist on the system image. Please bundle the allowlist in the com.android.mediaprovider APEX instead.
08-08 04:45:53.611 W/PermissionManager(  741): Package com.android.providers.media.module is an APK in APEX, but has permission allowlist on the system image. Please bundle the allowlist in the com.android.mediaprovider APEX instead.
08-08 04:45:53.611 W/PermissionManager(  741): Package com.android.providers.media.module is an APK in APEX, but has permission allowlist on the system image. Please bundle the allowlist in the com.android.mediaprovider APEX instead.
08-08 04:45:53.611 W/PermissionManager(  741): Package com.android.providers.media.module is an APK in APEX, but has permission allowlist on the system image. Please bundle the allowlist in the com.android.mediaprovider APEX instead.
08-08 04:45:53.611 W/PermissionManager(  741): Package com.android.providers.media.module is an APK in APEX, but has permission allowlist on the system image. Please bundle the allowlist in the com.android.mediaprovider APEX instead.
08-08 04:45:53.612 D/WifiHAL (  601): WifiRequest::create vendor command to iface 16, vendor_id=0x1a11, subcmd=0x0002, res=0
08-08 04:45:53.612 D/WifiHAL (  601): In GetFeatureSetCommand::handleResponse for 5
08-08 04:45:53.612 D/WifiHAL (  601): vendor_id = 0x0, subcmd = 0x0
08-08 04:45:53.612 I/WifiHAL (  601): feature_set=0x80881418
08-08 04:45:53.613 D/wpa_supplicant( 1187): RTM_NEWLINK: ifi_index=16 ifname=wlan0 operstate=2 linkmode=1 ifi_family=0 ifi_flags=0x1002 ()
08-08 04:45:53.613 I/kernel  ( 1187): [   17.720303][wlan][1187]mtk_cfg_get_txpower:(REQ WARN) STA doesn't support this function
08-08 04:45:53.613 D/wpa_supplicant( 1187): nl80211: Interface down (wlan0/wlan0)
08-08 04:45:53.613 D/wpa_supplicant( 1187): wlan0: Event INTERFACE_DISABLED (26) received
08-08 04:45:53.613 D/wpa_supplicant( 1187): wlan0: Interface was disabled
08-08 04:45:53.615 D/wpa_supplicant( 1187): nl80211: Data frame filter flags=0x0
