08-08 04:45:55.960 I/SFS_service_SensingFusionDevice( 1361): onDeviceStatusChanged: start deviceStatus=DETACHED
08-08 04:45:55.961 I/SFS_service_SensingFusionDevice( 1361): onDeviceStatusChanged: end
08-08 04:45:55.961 W/idmap2d (  774): failed to find resource 'bool/sonysystemui_arib_support'
08-08 04:45:55.961 E/idmap2d (  774): no resources were overlaid
08-08 04:45:55.964 I/SFS_service_SensingFusionService( 1361): registerIntent: end
08-08 04:45:55.965 V/GraphicsEnvironment( 1410): Currently set values for:
08-08 04:45:55.965 V/GraphicsEnvironment( 1410):   angle_gl_driver_selection_pkgs=[]
08-08 04:45:55.965 V/GraphicsEnvironment( 1410):   angle_gl_driver_selection_values=[]
08-08 04:45:55.967 V/GraphicsEnvironment( 1410): ANGLE GameManagerService for com.android.networkstack: false
08-08 04:45:55.967 D/SFS_service_IntentHandler( 1361): needUpdateObserver: start needsUpdate needsDeviceUpdate=false
08-08 04:45:55.967 D/SFS_service_IntentHandler( 1361): cancelBroadcast: start: intent=com.sony.dtv.sensingfusionservice.action.DEVICE_NEED_UPDATE
08-08 04:45:55.967 D/SFS_service_IntentHandler( 1361): cancelBroadcast: end
08-08 04:45:55.967 D/SFS_service_IntentHandler( 1361): needUpdateObserver: end
08-08 04:45:55.967 D/SFS_service_IntentHandler( 1361): onIsAvailableChangedObserver: start isAvailable=false
08-08 04:45:55.967 D/SFS_service_IntentHandler( 1361): cancelBroadcast: start: intent=com.sony.dtv.sensingfusionservice.action.DEVICE_CONNECTED
08-08 04:45:55.967 D/SFS_service_IntentHandler( 1361): cancelBroadcast: end
08-08 04:45:55.967 D/SFS_service_IntentHandler( 1361): onIsAvailableChangedObserver: end
08-08 04:45:55.968 V/GraphicsEnvironment( 1410): com.android.networkstack is not listed in per-application setting
08-08 04:45:55.968 D/SFS_service_SensingFusionService( 1361): onCreate: PowerManager.isInteractive=true
08-08 04:45:55.968 V/GraphicsEnvironment( 1410): Neither updatable production driver nor prerelease driver is supported.
08-08 04:45:55.969 I/SFS_service_SensingFusionService( 1361): onCreate: end
08-08 04:45:55.969 D/SFS_hardware_Generics( 1361): SensingDeviceManager.setDevicePowered: call to HAL (p1=true) 
08-08 04:45:55.970 I/SFS_service_SensingFusionService( 1361): clearConfiguration: start
08-08 04:45:55.970 I/SFS_service_SensingFusionService( 1361): onStartCommand: intent=Intent { cmp=com.sony.dtv.sensingfusionservice/.SensingFusionService } flags=0 startId=1
08-08 04:45:55.970 I/SFS_service_SensingFusionService( 1361): startForeground: start
08-08 04:45:55.970 D/SFHAL_SensingDeviceManager(  657): setDevicePowered:[77]
08-08 04:45:55.970 D/SFHAL_PowerControl(  657): ####CAMERA_POWER_ON####
08-08 04:45:55.970 I/SFS_service_SensingFusionService( 1361): ensureNotificationChannel: start channelId=SFSServicechannel name=SFSServiceApp importance=3
08-08 04:45:55.970 E/SFHAL_PowerControl(  657): Unable to access the sys voltage path!
08-08 04:45:55.971 D/SFS_hardware_Generics( 1361): SensingDeviceManager.setDevicePowered: return rc=0 returnValue=OK 
08-08 04:45:55.972 I/SFS_domain_SensingServer( 1361): onIsPoweredChanged: Cancel because isQhb is true
08-08 04:45:55.972 D/CompatibilityChangeReporter(  741): Compat change id reported: 170668199; UID 10075; state: ENABLED
08-08 04:45:55.973 D/CompatibilityChangeReporter(  741): Compat change id reported: 170668199; UID 1000; state: ENABLED
08-08 04:45:55.975 D/CompatibilityChangeReporter(  741): Compat change id reported: 255038118; UID 10075; state: DISABLED
08-08 04:45:55.975 D/CompatibilityChangeReporter(  741): Compat change id reported: 255042465; UID 10075; state: DISABLED
08-08 04:45:55.975 D/SFS_service_SensingFusionService( 1361): clearConfiguration: packageName=com.sony.dtv.sensingfusionservice is queried by client id=1000
08-08 04:45:55.976 I/ActivityManager(  741): Flag disabled. Ignoring finishAttachApplication from uid: 1073. pid: 1410
08-08 04:45:55.976 D/SFS_service_SensingFusionService( 1361): clearConfiguration: packageName=com.sony.dtv.sensingfusionservice is queried by client id=1000
08-08 04:45:55.976 D/SFS_service_SensingFusionService( 1361): clearConfiguration: packageName=com.sony.dtv.sensingfusionservice is queried by client id=1000
08-08 04:45:55.976 D/SFS_service_SensingFusionService( 1361): clearConfiguration: packageName=com.sony.dtv.sensingfusionservice is queried by client id=1000
08-08 04:45:55.976 I/SFS_service_SensingFusionService( 1361): clearConfiguration: end
08-08 04:45:55.980 I/SFS_service_SensingFusionService( 1361): startForeground: end
08-08 04:45:55.980 I/SFS_service_SensingFusionService( 1361): onStartCommand: end
08-08 04:45:55.991 D/CompatibilityChangeReporter( 1410): Compat change id reported: 194532703; UID 1073; state: ENABLED
08-08 04:45:55.991 D/CompatibilityChangeReporter( 1410): Compat change id reported: 253665015; UID 1073; state: ENABLED
08-08 04:45:55.992 D/CompatibilityChangeReporter(  741): Compat change id reported: 253665015; UID 1073; state: ENABLED
08-08 04:45:55.993 D/CompatibilityChangeReporter(  741): Compat change id reported: 194532703; UID 1073; state: ENABLED
08-08 04:45:55.998 D/ConnectivityService(  741): requestNetwork for uid/pid:1073/1410 activeRequest: null callbackRequest: 31 [NetworkRequest [ REQUEST id=32, [ Capabilities: INTERNET&NOT_RESTRICTED&TRUSTED&NOT_VCN_MANAGED Uid: 1073 RequestorUid: 1073 RequestorPkg: com.android.networkstack UnderlyingNetworks: Null] ]] callback flags: 0 order: 2147483647
08-08 04:45:55.999 D/ConnectivityService(  741): NetReassign [no changes] [c 0] [a 0] [i 0]
08-08 04:45:56.001 D/ConnectivityService(  741): NetReassign [no changes] [c 0] [a 0] [i 1]
08-08 04:45:56.004 I/netd    (  404): registerUnsolicitedEventListener(interface:0xf0601e10) <0.02ms>
08-08 04:45:56.012 W/SystemServiceManager(  741): Service com.android.server.om.OverlayManagerService took 146 ms in onStartUser-0
08-08 04:45:56.012 V/SystemServerTimingAsync(  741): ssm.onStartUser-0_com.android.server.om.OverlayManagerService took to complete: 146ms
08-08 04:45:56.012 D/SystemServerTimingAsync(  741): ssm.onStartUser-0_com.android.server.resources.ResourcesManagerService
08-08 04:45:56.012 V/SystemServerTimingAsync(  741): ssm.onStartUser-0_com.android.server.resources.ResourcesManagerService took to complete: 0ms
08-08 04:45:56.012 D/SystemServerTimingAsync(  741): ssm.onStartUser-0_com.android.server.sensorprivacy.SensorPrivacyService
08-08 04:45:56.013 D/nativeloader( 1410): Configuring clns-shared-5 for other apk /apex/com.android.tethering/priv-app/TetheringNext@UKN4.250422.001/TetheringNext.apk. target_sdk_version=34, uses_libraries=, library_path=/apex/com.android.tethering/priv-app/TetheringNext@UKN4.250422.001/lib/arm:/apex/com.android.tethering/priv-app/TetheringNext@UKN4.250422.001/TetheringNext.apk!/lib/armeabi-v7a:/system/lib:/system_ext/lib, permitted_path=/data:/mnt/expand:/data/user_de/0/com.android.networkstack.tethering:/apex/com.android.tethering/priv-app/TetheringNext@UKN4.250422.001:/system/lib:/system_ext/lib
08-08 04:45:56.015 D/nativeloader( 1410): InitApexLibraries:
08-08 04:45:56.015 D/nativeloader( 1410):   com_android_adservices: libhpke_jni.so:libtflite_support_classifiers_native.so
08-08 04:45:56.015 D/nativeloader( 1410):   com_android_appsearch: libicing.so
08-08 04:45:56.015 D/nativeloader( 1410):   com_android_art: libartservice.so
08-08 04:45:56.015 D/nativeloader( 1410):   com_android_btservices: libbluetooth_jni.so
08-08 04:45:56.015 D/nativeloader( 1410):   com_android_conscrypt: libjavacrypto.so
08-08 04:45:56.015 D/nativeloader( 1410):   com_android_os_statsd: libstats_jni.so
08-08 04:45:56.015 D/nativeloader( 1410):   com_android_tethering: libandroid_net_connectivity_com_android_net_module_util_jni.so:libcronet.114.0.5735.84.so:libcrypto.so:libframework-connectivity-jni.so:libframework-connectivity-tiramisu-jni.so:libservice-connectivity.so:libssl.so
08-08 04:45:56.015 D/nativeloader( 1410):   com_android_uwb: libuwb_uci_jni_rust.so
08-08 04:45:56.015 D/nativeloader( 1410):   com_android_virt: libvirtualizationservice_jni.so:libvirtualmachine_jni.so
08-08 04:45:56.025 I/voc_hw  (  617): adev_voc_set_mic_mute         :0722 set mute = 0
08-08 04:45:56.027 D/voicesdk_mixer_plugin(  686): put                 :0470 ID : 16 name: Mute switch
08-08 04:45:56.029 D/CompatibilityChangeReporter(  741): Compat change id reported: 265464455; UID 10204; state: DISABLED
08-08 04:45:56.031 D/CompatibilityChangeReporter(  741): Compat change id reported: 265452344; UID 10204; state: DISABLED
08-08 04:45:56.031 D/CompatibilityChangeReporter(  741): Compat change id reported: 266124927; UID 10204; state: DISABLED
08-08 04:45:56.032 D/CompatibilityChangeReporter(  741): Compat change id reported: 265451093; UID 10204; state: DISABLED
08-08 04:45:56.032 D/CompatibilityChangeReporter(  741): Compat change id reported: 265456536; UID 10204; state: DISABLED
08-08 04:45:56.032 D/CompatibilityChangeReporter(  741): Compat change id reported: 255940284; UID 10204; state: DISABLED
08-08 04:45:56.032 D/CompatibilityChangeReporter(  741): Compat change id reported: 236283604; UID 10204; state: DISABLED
08-08 04:45:56.033 D/CompatibilityChangeReporter(  741): Compat change id reported: 263959004; UID 10204; state: DISABLED
08-08 04:45:56.033 D/CompatibilityChangeReporter(  741): Compat change id reported: 264304459; UID 10204; state: DISABLED
08-08 04:45:56.033 D/CompatibilityChangeReporter(  741): Compat change id reported: 264301586; UID 10204; state: DISABLED
08-08 04:45:56.033 D/CompatibilityChangeReporter(  741): Compat change id reported: 254631730; UID 10204; state: DISABLED
08-08 04:45:56.034 D/CompatibilityChangeReporter(  741): Compat change id reported: 273509367; UID 10204; state: DISABLED
08-08 04:45:56.034 D/CompatibilityChangeReporter(  741): Compat change id reported: 263259275; UID 10204; state: DISABLED
08-08 04:45:56.034 D/CompatibilityChangeReporter(  741): Compat change id reported: 174042980; UID 10204; state: DISABLED
08-08 04:45:56.034 D/CompatibilityChangeReporter(  741): Compat change id reported: 174042936; UID 10204; state: DISABLED
08-08 04:45:56.035 D/CompatibilityChangeReporter(  741): Compat change id reported: 181136395; UID 10204; state: DISABLED
08-08 04:45:56.042 D/CompatibilityChangeReporter(  741): Compat change id reported: 194480991; UID 10204; state: ENABLED
08-08 04:45:56.044 W/ActivityTaskManager(  741): startActivity called from non-Activity context; forcing Intent.FLAG_ACTIVITY_NEW_TASK for: Intent { flg=0x840000 cmp=com.android.systemui/.tv.sensorprivacy.TvSensorPrivacyChangedActivity (has extras) }
08-08 04:45:56.046 E/CellBroadcastUtils(  741): getDefaultCellBroadcastReceiverPackageName: no package found
08-08 04:45:56.051 D/CompatibilityChangeReporter(  741): Compat change id reported: 184838306; UID 10204; state: DISABLED
08-08 04:45:56.051 D/CompatibilityChangeReporter(  741): Compat change id reported: 185004937; UID 10204; state: DISABLED
08-08 04:45:56.053 D/CompatibilityChangeReporter(  741): Compat change id reported: 197654537; UID 10204; state: ENABLED
08-08 04:45:56.054 I/PowerHAL(  612): Power isModeSupported: 5
08-08 04:45:56.057 I/ActivityTaskManager(  741): START u0 {flg=0x840000 cmp=com.android.systemui/.tv.sensorprivacy.TvSensorPrivacyChangedActivity (has extras)} with LAUNCH_SINGLE_TOP from uid 1000 (BAL_ALLOW_ALLOWLISTED_UID) result code=0
08-08 04:45:56.060 W/ActivityTaskManager(  741): startActivity called from non-Activity context; forcing Intent.FLAG_ACTIVITY_NEW_TASK for: Intent { flg=0x840000 cmp=com.android.systemui/.tv.sensorprivacy.TvSensorPrivacyChangedActivity (has extras) }
08-08 04:45:56.061 E/CellBroadcastUtils(  741): getDefaultCellBroadcastReceiverPackageName: no package found
08-08 04:45:56.061 I/voc_hw  (  617): adev_voc_set_mic_mute         :0722 set mute = 0
08-08 04:45:56.062 I/ActivityTaskManager(  741): START u0 {flg=0x840000 cmp=com.android.systemui/.tv.sensorprivacy.TvSensorPrivacyChangedActivity (has extras)} with LAUNCH_SINGLE_TOP from uid 1000 (BAL_ALLOW_ALLOWLISTED_UID) result code=3
08-08 04:45:56.064 D/voicesdk_mixer_plugin(  686): put                 :0470 ID : 16 name: Mute switch
08-08 04:45:56.065 W/ActivityTaskManager(  741): startActivity called from non-Activity context; forcing Intent.FLAG_ACTIVITY_NEW_TASK for: Intent { flg=0x840000 cmp=com.android.systemui/.tv.sensorprivacy.TvSensorPrivacyChangedActivity (has extras) }
08-08 04:45:56.066 E/CellBroadcastUtils(  741): getDefaultCellBroadcastReceiverPackageName: no package found
08-08 04:45:56.066 E/Scheduler(  684): trackPendingFrame: Invalid present fence
08-08 04:45:56.067 D/NetworkStats(  741): registerNetworkStatsProvider from OffloadController uid/pid=1073/1410
08-08 04:45:56.068 I/ActivityTaskManager(  741): START u0 {flg=0x840000 cmp=com.android.systemui/.tv.sensorprivacy.TvSensorPrivacyChangedActivity (has extras)} with LAUNCH_SINGLE_TOP from uid 1000 (BAL_ALLOW_ALLOWLISTED_UID) result code=3
08-08 04:45:56.070 W/ActivityTaskManager(  741): startActivity called from non-Activity context; forcing Intent.FLAG_ACTIVITY_NEW_TASK for: Intent { flg=0x840000 cmp=com.android.systemui/.tv.sensorprivacy.TvSensorPrivacyChangedActivity (has extras) }
08-08 04:45:56.070 D/CompatibilityChangeReporter(  741): Compat change id reported: 161145287; UID 1073; state: ENABLED
08-08 04:45:56.071 E/CellBroadcastUtils(  741): getDefaultCellBroadcastReceiverPackageName: no package found
08-08 04:45:56.072 I/ActivityTaskManager(  741): START u0 {flg=0x840000 cmp=com.android.systemui/.tv.sensorprivacy.TvSensorPrivacyChangedActivity (has extras)} with LAUNCH_SINGLE_TOP from uid 1000 (BAL_ALLOW_ALLOWLISTED_UID) result code=3
08-08 04:45:56.072 W/SystemServiceManager(  741): Service com.android.server.sensorprivacy.SensorPrivacyService took 60 ms in onStartUser-0
08-08 04:45:56.072 V/SystemServerTimingAsync(  741): ssm.onStartUser-0_com.android.server.sensorprivacy.SensorPrivacyService took to complete: 60ms
08-08 04:45:56.072 D/SystemServerTimingAsync(  741): ssm.onStartUser-0_com.android.server.sensors.SensorService
08-08 04:45:56.072 V/SystemServerTimingAsync(  741): ssm.onStartUser-0_com.android.server.sensors.SensorService took to complete: 0ms
08-08 04:45:56.072 D/SystemServerTimingAsync(  741): ssm.onStartUser-0_com.android.server.SystemConfigService
08-08 04:45:56.072 V/SystemServerTimingAsync(  741): ssm.onStartUser-0_com.android.server.SystemConfigService took to complete: 0ms
08-08 04:45:56.072 D/SystemServerTimingAsync(  741): ssm.onStartUser-0_com.android.server.BatteryService
08-08 04:45:56.073 V/SystemServerTimingAsync(  741): ssm.onStartUser-0_com.android.server.BatteryService took to complete: 0ms
08-08 04:45:56.073 D/SystemServerTimingAsync(  741): ssm.onStartUser-0_com.android.server.usage.UsageStatsService
08-08 04:45:56.073 V/SystemServerTimingAsync(  741): ssm.onStartUser-0_com.android.server.usage.UsageStatsService took to complete: 0ms
08-08 04:45:56.073 D/SystemServerTimingAsync(  741): ssm.onStartUser-0_com.android.server.webkit.WebViewUpdateService
08-08 04:45:56.073 V/SystemServerTimingAsync(  741): ssm.onStartUser-0_com.android.server.webkit.WebViewUpdateService took to complete: 0ms
08-08 04:45:56.073 D/SystemServerTimingAsync(  741): ssm.onStartUser-0_com.android.server.CachedDeviceStateService
08-08 04:45:56.073 V/SystemServerTimingAsync(  741): ssm.onStartUser-0_com.android.server.CachedDeviceStateService took to complete: 0ms
08-08 04:45:56.073 D/SystemServerTimingAsync(  741): ssm.onStartUser-0_com.android.server.BinderCallsStatsService$LifeCycle
08-08 04:45:56.073 V/SystemServerTimingAsync(  741): ssm.onStartUser-0_com.android.server.BinderCallsStatsService$LifeCycle took to complete: 0ms
08-08 04:45:56.073 D/SystemServerTimingAsync(  741): ssm.onStartUser-0_com.android.server.LooperStatsService$Lifecycle
08-08 04:45:56.073 V/SystemServerTimingAsync(  741): ssm.onStartUser-0_com.android.server.LooperStatsService$Lifecycle took to complete: 0ms
08-08 04:45:56.073 D/SystemServerTimingAsync(  741): ssm.onStartUser-0_com.android.server.rollback.RollbackManagerService
08-08 04:45:56.073 V/SystemServerTimingAsync(  741): ssm.onStartUser-0_com.android.server.rollback.RollbackManagerService took to complete: 0ms
08-08 04:45:56.073 D/SystemServerTimingAsync(  741): ssm.onStartUser-0_com.android.server.os.NativeTombstoneManagerService
08-08 04:45:56.073 V/SystemServerTimingAsync(  741): ssm.onStartUser-0_com.android.server.os.NativeTombstoneManagerService took to complete: 0ms
08-08 04:45:56.073 D/SystemServerTimingAsync(  741): ssm.onStartUser-0_com.android.server.os.BugreportManagerService
08-08 04:45:56.073 V/SystemServerTimingAsync(  741): ssm.onStartUser-0_com.android.server.os.BugreportManagerService took to complete: 0ms
08-08 04:45:56.073 D/SystemServerTimingAsync(  741): ssm.onStartUser-0_com.android.server.gpu.GpuService
08-08 04:45:56.073 V/SystemServerTimingAsync(  741): ssm.onStartUser-0_com.android.server.gpu.GpuService took to complete: 0ms
08-08 04:45:56.073 D/SystemServerTimingAsync(  741): ssm.onStartUser-0_com.android.server.security.rkp.RemoteProvisioningService
08-08 04:45:56.073 V/SystemServerTimingAsync(  741): ssm.onStartUser-0_com.android.server.security.rkp.RemoteProvisioningService took to complete: 0ms
08-08 04:45:56.073 D/SystemServerTimingAsync(  741): ssm.onStartUser-0_com.android.server.cpu.CpuMonitorService
08-08 04:45:56.073 V/SystemServerTimingAsync(  741): ssm.onStartUser-0_com.android.server.cpu.CpuMonitorService took to complete: 0ms
08-08 04:45:56.073 D/SystemServerTimingAsync(  741): ssm.onStartUser-0_com.android.server.security.KeyChainSystemService
08-08 04:45:56.073 V/SystemServerTimingAsync(  741): ssm.onStartUser-0_com.android.server.security.KeyChainSystemService took to complete: 0ms
08-08 04:45:56.073 D/SystemServerTimingAsync(  741): ssm.onStartUser-0_com.android.server.BinaryTransparencyService
08-08 04:45:56.073 V/SystemServerTimingAsync(  741): ssm.onStartUser-0_com.android.server.BinaryTransparencyService took to complete: 0ms
08-08 04:45:56.073 D/SystemServerTimingAsync(  741): ssm.onStartUser-0_com.android.server.accounts.AccountManagerService$Lifecycle
08-08 04:45:56.073 V/SystemServerTimingAsync(  741): ssm.onStartUser-0_com.android.server.accounts.AccountManagerService$Lifecycle took to complete: 0ms
08-08 04:45:56.073 D/SystemServerTimingAsync(  741): ssm.onStartUser-0_com.android.server.content.ContentService$Lifecycle
08-08 04:45:56.074 V/SystemServerTimingAsync(  741): ssm.onStartUser-0_com.android.server.content.ContentService$Lifecycle took to complete: 0ms
08-08 04:45:56.074 D/SystemServerTimingAsync(  741): ssm.onStartUser-0_com.android.server.deviceconfig.DeviceConfigInit$Lifecycle
08-08 04:45:56.074 V/SystemServerTimingAsync(  741): ssm.onStartUser-0_com.android.server.deviceconfig.DeviceConfigInit$Lifecycle took to complete: 0ms
08-08 04:45:56.074 D/SystemServerTimingAsync(  741): ssm.onStartUser-0_com.android.server.DropBoxManagerService
08-08 04:45:56.074 V/SystemServerTimingAsync(  741): ssm.onStartUser-0_com.android.server.DropBoxManagerService took to complete: 0ms
08-08 04:45:56.074 D/SystemServerTimingAsync(  741): ssm.onStartUser-0_com.android.role.RoleService
08-08 04:45:56.084 V/SystemServerTimingAsync(  741): ssm.onStartUser-0_com.android.role.RoleService took to complete: 10ms
08-08 04:45:56.084 D/SystemServerTimingAsync(  741): ssm.onStartUser-0_com.android.server.vibrator.VibratorManagerService$Lifecycle
08-08 04:45:56.084 V/SystemServerTimingAsync(  741): ssm.onStartUser-0_com.android.server.vibrator.VibratorManagerService$Lifecycle took to complete: 0ms
08-08 04:45:56.084 D/SystemServerTimingAsync(  741): ssm.onStartUser-0_com.android.server.tare.InternalResourceService
08-08 04:45:56.084 V/SystemServerTimingAsync(  741): ssm.onStartUser-0_com.android.server.tare.InternalResourceService took to complete: 0ms
08-08 04:45:56.084 D/SystemServerTimingAsync(  741): ssm.onStartUser-0_com.android.server.alarm.AlarmManagerService
08-08 04:45:56.084 V/SystemServerTimingAsync(  741): ssm.onStartUser-0_com.android.server.alarm.AlarmManagerService took to complete: 0ms
08-08 04:45:56.084 D/SystemServerTimingAsync(  741): ssm.onStartUser-0_com.android.server.devicestate.DeviceStateManagerService
08-08 04:45:56.084 V/SystemServerTimingAsync(  741): ssm.onStartUser-0_com.android.server.devicestate.DeviceStateManagerService took to complete: 0ms
08-08 04:45:56.084 D/SystemServerTimingAsync(  741): ssm.onStartUser-0_com.android.server.camera.CameraServiceProxy
08-08 04:45:56.085 V/SystemServerTimingAsync(  741): ssm.onStartUser-0_com.android.server.camera.CameraServiceProxy took to complete: 2ms
08-08 04:45:56.085 D/SystemServerTimingAsync(  741): ssm.onStartUser-0_com.android.server.bluetooth.BluetoothService
08-08 04:45:56.085 D/BluetoothManagerService(  741): Bluetooth boot completed
08-08 04:45:56.085 D/BluetoothManagerService(  741): Auto-enabling Bluetooth.
08-08 04:45:56.086 D/BluetoothManagerService(  741): MESSAGE_ENABLE(0): mBluetooth =null
08-08 04:45:56.086 D/BluetoothManagerService(  741): Persisting Bluetooth Setting: 1
08-08 04:45:56.086 D/BluetoothManagerService(  741): binding Bluetooth service
08-08 04:45:56.086 D/CompatibilityChangeReporter( 1410): Compat change id reported: 183155436; UID 1073; state: ENABLED
08-08 04:45:56.090 D/CompatibilityChangeReporter(  741): Compat change id reported: 135634846; UID 1002; state: DISABLED
08-08 04:45:56.091 D/CompatibilityChangeReporter( 1410): Compat change id reported: 247079863; UID 1073; state: ENABLED
08-08 04:45:56.091 W/rkstack.process( 1410): type=1400 audit(0.0:226): avc:  granted  { read } for  name="psched" dev="proc" ino=4026531994 scontext=u:r:network_stack:s0 tcontext=u:object_r:proc_net:s0 tclass=file
08-08 04:45:56.091 W/rkstack.process( 1410): type=1400 audit(0.0:227): avc:  granted  { read open } for  path="/proc/1410/net/psched" dev="proc" ino=4026531994 scontext=u:r:network_stack:s0 tcontext=u:object_r:proc_net:s0 tclass=file
08-08 04:45:56.091 W/rkstack.process( 1410): type=1400 audit(0.0:228): avc:  granted  { getattr } for  path="/proc/1410/net/psched" dev="proc" ino=4026531994 scontext=u:r:network_stack:s0 tcontext=u:object_r:proc_net:s0 tclass=file
08-08 04:45:56.096 D/NetworkStats(  741): registerNetworkStatsProvider from BpfCoordinator uid/pid=1073/1410
08-08 04:45:56.098 D/Zygote  (  405): Forked child process 1437
08-08 04:45:56.099 I/ActivityManager(  741): Start proc 1437:com.android.bluetooth/1002 for service {com.android.bluetooth/com.android.bluetooth.btservice.AdapterService}
08-08 04:45:56.100 D/BluetoothA2dp(  741): Binding service...
08-08 04:45:56.100 D/BluetoothManagerService(  741): Trying to bind to profile: 2, while Bluetooth was disabled
08-08 04:45:56.100 E/Scheduler(  684): trackPendingFrame: Invalid present fence
08-08 04:45:56.100 D/BluetoothLeAudio(  741): Binding service...
08-08 04:45:56.100 D/BluetoothManagerService(  741): Trying to bind to profile: 22, while Bluetooth was disabled
08-08 04:45:56.100 I/BluetoothAirplaneModeListener(  741): start
08-08 04:45:56.101 I/netd    (  404): registerUnsolicitedEventListener(interface:0xf0601b40) <0.03ms>
08-08 04:45:56.103 D/CompatibilityChangeReporter( 1410): Compat change id reported: 147600208; UID 1073; state: ENABLED
08-08 04:45:56.104 D/CompatibilityChangeReporter(  741): Compat change id reported: 182478738; UID 1073; state: ENABLED
08-08 04:45:56.107 V/SystemServerTimingAsync(  741): ssm.onStartUser-0_com.android.server.bluetooth.BluetoothService took to complete: 21ms
08-08 04:45:56.107 D/SystemServerTimingAsync(  741): ssm.onStartUser-0_com.android.server.connectivity.IpConnectivityMetrics
08-08 04:45:56.107 V/SystemServerTimingAsync(  741): ssm.onStartUser-0_com.android.server.connectivity.IpConnectivityMetrics took to complete: 0ms
08-08 04:45:56.107 D/SystemServerTimingAsync(  741): ssm.onStartUser-0_com.android.server.net.watchlist.NetworkWatchlistService$Lifecycle
08-08 04:45:56.107 V/SystemServerTimingAsync(  741): ssm.onStartUser-0_com.android.server.net.watchlist.NetworkWatchlistService$Lifecycle took to complete: 0ms
08-08 04:45:56.107 D/SystemServerTimingAsync(  741): ssm.onStartUser-0_com.android.server.PinnerService
08-08 04:45:56.107 V/SystemServerTimingAsync(  741): ssm.onStartUser-0_com.android.server.PinnerService took to complete: 0ms
08-08 04:45:56.107 D/SystemServerTimingAsync(  741): ssm.onStartUser-0_com.android.server.integrity.AppIntegrityManagerService
08-08 04:45:56.107 V/SystemServerTimingAsync(  741): ssm.onStartUser-0_com.android.server.integrity.AppIntegrityManagerService took to complete: 0ms
08-08 04:45:56.107 D/SystemServerTimingAsync(  741): ssm.onStartUser-0_com.android.server.logcat.LogcatManagerService
08-08 04:45:56.107 V/SystemServerTimingAsync(  741): ssm.onStartUser-0_com.android.server.logcat.LogcatManagerService took to complete: 0ms
08-08 04:45:56.107 D/SystemServerTimingAsync(  741): ssm.onStartUser-0_com.sony.dtv.server.HealthKeepService
08-08 04:45:56.107 V/SystemServerTimingAsync(  741): ssm.onStartUser-0_com.sony.dtv.server.HealthKeepService took to complete: 0ms
08-08 04:45:56.107 D/SystemServerTimingAsync(  741): ssm.onStartUser-0_com.android.server.inputmethod.InputMethodManagerService$Lifecycle
08-08 04:45:56.107 V/SystemServerTimingAsync(  741): ssm.onStartUser-0_com.android.server.inputmethod.InputMethodManagerService$Lifecycle took to complete: 0ms
08-08 04:45:56.107 D/SystemServerTimingAsync(  741): ssm.onStartUser-0_com.android.server.accessibility.AccessibilityManagerService$Lifecycle
08-08 04:45:56.107 V/SystemServerTimingAsync(  741): ssm.onStartUser-0_com.android.server.accessibility.AccessibilityManagerService$Lifecycle took to complete: 0ms
08-08 04:45:56.107 D/SystemServerTimingAsync(  741): ssm.onStartUser-0_com.android.server.StorageManagerService$Lifecycle
08-08 04:45:56.110 I/WifiService(  741): getVerboseLoggingLevel uid=1073
08-08 04:45:56.111 V/WifiManager( 1410): registerSoftApCallback: callback=com.android.networkstack.tethering.Tethering$TetheringSoftApCallback@a158eeb, executor=com.android.networkstack.tethering.Tethering$TetheringThreadExecutor@17ba448
08-08 04:45:56.111 I/droid.bluetooth( 1437): Using CollectorTypeCC GC.
08-08 04:45:56.112 I/WifiService(  741): registerSoftApCallback uid=1073
08-08 04:45:56.113 D/ApConfigUtil(  741): Update Softap capability, add client control feature support
08-08 04:45:56.113 V/WifiManager( 1410): SoftApCallbackProxy on mode 1, onStateChanged: state=11, failureReason=0
08-08 04:45:56.113 D/ApConfigUtil(  741): Update Softap capability, add MAC customization support
08-08 04:45:56.113 D/ApConfigUtil(  741): Update Softap capability, add 2.4G support
08-08 04:45:56.113 D/ApConfigUtil(  741): Update Softap capability, add 5G support
08-08 04:45:56.113 D/ApConfigUtil(  741): Update Softap capability, max client = 16
08-08 04:45:56.113 D/WifiCountryCode(  741): Reading country code from telephony
08-08 04:45:56.113 V/WifiManager( 1410): SoftApCallbackProxy on mode 1, onConnectedClientsOrInfoChanged: clients: {}, infos: {}, isBridged is false, isRegistration is true
08-08 04:45:56.113 V/StorageManagerService(  741): Package com.sony.dtv.helpguidecontents does not have legacy storage
08-08 04:45:56.113 V/StorageManagerService(  741): Package com.sony.dtv.upgradesetup does not have legacy storage
08-08 04:45:56.113 V/StorageManagerService(  741): Package com.sony.dtv.settings does not have legacy storage
08-08 04:45:56.114 V/StorageManagerService(  741): Package com.android.cts.priv.ctsshim does not have legacy storage
08-08 04:45:56.114 V/WifiManager( 1410): SoftApCallbackProxy on mode 1, send InfoChanged, newInfo: SoftApInfo{bandwidth= 0, frequency= 0, wifiStandard= 0, mApInstanceIdentifier= null, mIdleShutdownTimeoutMillis= 0}
08-08 04:45:56.114 V/StorageManagerService(  741): Package com.android.uwb.resources does not have legacy storage
08-08 04:45:56.114 V/WifiManager( 1410): SoftApCallbackProxy on mode 1, send InfoChanged, changedInfoList: []
08-08 04:45:56.114 V/StorageManagerService(  741): Package com.sony.dtv.dhcpophostname.overlay does not have legacy storage
08-08 04:45:56.114 V/WifiManager( 1410): SoftApCallbackProxy on mode 1, send onConnectedClientsChanged(clients): []
08-08 04:45:56.114 V/StorageManagerService(  741): Package com.google.android.ext.services does not have legacy storage
08-08 04:45:56.114 V/StorageManagerService(  741): Package com.google.android.apps.mediashell does not have legacy storage
08-08 04:45:56.114 V/StorageManagerService(  741): Package com.android.adservices.api does not have legacy storage
08-08 04:45:56.114 V/StorageManagerService(  741): Package com.google.android.katniss does not have legacy storage
08-08 04:45:56.114 V/StorageManagerService(  741): Package jp.co.tver.tvapp does not have legacy storage
08-08 04:45:56.114 V/StorageManagerService(  741): Package com.android.dynsystem does not have legacy storage
08-08 04:45:56.114 V/StorageManagerService(  741): Package jp.ne.docomo.lemino.androidtv does not have legacy storage
08-08 04:45:56.114 D/WifiCountryCode(  741): Set telephony country code to: 
08-08 04:45:56.115 V/StorageManagerService(  741): Package com.sony.dtv.b2b.noderuntime.core does not have legacy storage
08-08 04:45:56.115 V/StorageManagerService(  741): Package com.android.healthconnect.controller does not have legacy storage
08-08 04:45:56.115 V/StorageManagerService(  741): Package com.sony.dtv.b2b.deviceadminsettings does not have legacy storage
08-08 04:45:56.115 V/WifiManager( 1410): SoftApCallbackProxy on mode 1,  onCapabilityChanged: SoftApCapability = SupportedFeatures=106 MaximumSupportedClientNumber=16 SupportedChannelListIn24g[] SupportedChannelListIn5g[] SupportedChannelListIn6g[] SupportedChannelListIn60g[] mCountryCodeFromDrivernull
08-08 04:45:56.115 V/StorageManagerService(  741): Package com.android.providers.calendar does not have legacy storage
08-08 04:45:56.115 V/StorageManagerService(  741): Package com.android.tv.settings does not have legacy storage
08-08 04:45:56.115 V/StorageManagerService(  741): Package com.sony.dtv.b2b.noderuntime.system does not have legacy storage
08-08 04:45:56.115 V/StorageManagerService(  741): Package com.sony.dtv.sonybugreportsys does not have legacy storage
08-08 04:45:56.115 V/StorageManagerService(  741): Package com.android.providers.media does not have legacy storage
08-08 04:45:56.115 V/StorageManagerService(  741): Package com.sony.dtv.b2b.adminpassword does not have legacy storage
08-08 04:45:56.115 V/StorageManagerService(  741): Package com.android.tv.mdnsoffloadmanager does not have legacy storage
08-08 04:45:56.116 V/StorageManagerService(  741): Package com.sony.dtv.otaurlprovisioning does not have legacy storage
08-08 04:45:56.116 V/StorageManagerService(  741): Package com.sony.dtv.demosupport does not have legacy storage
08-08 04:45:56.116 V/StorageManagerService(  741): Package com.google.android.onetimeinitializer does not have legacy storage
08-08 04:45:56.116 V/StorageManagerService(  741): Package com.android.health.connect.backuprestore does not have legacy storage
08-08 04:45:56.116 V/StorageManagerService(  741): Package com.google.android.ext.shared does not have legacy storage
08-08 04:45:56.116 V/StorageManagerService(  741): Package com.sony.dtv.recservice does not have legacy storage
08-08 04:45:56.116 V/StorageManagerService(  741): Package com.sony.dtv.irblaster does not have legacy storage
08-08 04:45:56.116 V/StorageManagerService(  741): Package com.sony.dtv.sensingcamera.fwupdate does not have legacy storage
08-08 04:45:56.116 V/StorageManagerService(  741): Package com.android.virtualmachine.res does not have legacy storage
08-08 04:45:56.116 V/StorageManagerService(  741): Package com.sony.dtv.broadcastsettings.overlay does not have legacy storage
08-08 04:45:56.116 V/StorageManagerService(  741): Package com.sony.dtv.promos does not have legacy storage
08-08 04:45:56.116 V/StorageManagerService(  741): Package com.sony.dtv.b2b.noderuntimeextension.node_22_9_0 does not have legacy storage
08-08 04:45:56.116 V/StorageManagerService(  741): Package com.sony.dtv.recapp does not have legacy storage
08-08 04:45:56.117 V/StorageManagerService(  741): Package com.sony.dtv.braviasyncsetting does not have legacy storage
08-08 04:45:56.117 V/StorageManagerService(  741): Package com.sony.dtv.sktvfb does not have legacy storage
08-08 04:45:56.117 V/StorageManagerService(  741): Package com.sony.dtv.timers does not have legacy storage
08-08 04:45:56.116 V/WifiManager( 1410): registerLocalOnlyHotspotSoftApCallback: callback=com.android.networkstack.tethering.Tethering$LocalOnlyHotspotCallback@56312e1, executor=com.android.networkstack.tethering.Tethering$TetheringThreadExecutor@17ba448
08-08 04:45:56.117 V/StorageManagerService(  741): Package com.sony.dtv.acousticautocalibration.overlay.tunerless does not have legacy storage
08-08 04:45:56.117 V/StorageManagerService(  741): Package com.sony.dtv.update does not have legacy storage
08-08 04:45:56.117 V/StorageManagerService(  741): Package com.sonyericsson.dlna does not have legacy storage
08-08 04:45:56.117 V/StorageManagerService(  741): Package com.espial.EspialBrowserService does not have legacy storage
08-08 04:45:56.117 V/StorageManagerService(  741): Package com.google.android.apps.tv.launcherx does not have legacy storage
08-08 04:45:56.117 V/StorageManagerService(  741): Package com.sony.dtv.poweronkeyoverlay does not have legacy storage
08-08 04:45:56.117 V/StorageManagerService(  741): Package com.sony.dtv.b2b.settingproxy does not have legacy storage
08-08 04:45:56.117 V/StorageManagerService(  741): Package com.sony.dtv.iswpowersavingsettings does not have legacy storage
08-08 04:45:56.117 V/StorageManagerService(  741): Package com.sony.dtv.webapi does not have legacy storage
08-08 04:45:56.118 V/StorageManagerService(  741): Package com.android.externalstorage does not have legacy storage
08-08 04:45:56.118 V/StorageManagerService(  741): Package com.dmm.app.androidtv does not have legacy storage
08-08 04:45:56.118 V/StorageManagerService(  741): Package com.sony.dtv.sonysystemservice does not have legacy storage
08-08 04:45:56.118 V/StorageManagerService(  741): Package com.android.htmlviewer does not have legacy storage
08-08 04:45:56.118 V/StorageManagerService(  741): Package com.android.companiondevicemanager does not have legacy storage
08-08 04:45:56.118 V/StorageManagerService(  741): Package android.autoinstalls.config.sony.bravia does not have legacy storage
08-08 04:45:56.118 V/StorageManagerService(  741): Package com.sony.dtv.common.base.AccessibilityText does not have legacy storage
08-08 04:45:56.118 V/StorageManagerService(  741): Package com.sony.dtv.seeds.iot does not have legacy storage
08-08 04:45:56.118 V/StorageManagerService(  741): Package com.android.providers.downloads does not have legacy storage
08-08 04:45:56.118 V/StorageManagerService(  741): Package com.sony.dtv.servicemode.tuner does not have legacy storage
08-08 04:45:56.118 V/StorageManagerService(  741): Package com.android.providers.tv does not have legacy storage
08-08 04:45:56.118 V/StorageManagerService(  741): Package com.android.tv.frameworkpackagestubs does not have legacy storage
08-08 04:45:56.119 V/StorageManagerService(  741): Package com.sony.dtv.tvinput.jptuner does not have legacy storage
08-08 04:45:56.119 V/StorageManagerService(  741): Package com.sony.dtv.iswaccessibility.overlay.tunerless does not have legacy storage
08-08 04:45:56.119 V/StorageManagerService(  741): Package com.android.federatedcompute.services does not have legacy storage
08-08 04:45:56.119 V/WifiPermissionsUtil(  741): enforceNearbyDevicesPermission(attributionSource=AttributionSource { uid = 1073, packageName = com.android.networkstack.tethering, attributionTag = null, token = android.os.BinderProxy@8bf9337, next = null }, checkForLocation=false
08-08 04:45:56.119 V/StorageManagerService(  741): Package com.qterics.da.product does not have legacy storage
08-08 04:45:56.119 V/StorageManagerService(  741): Package com.sony.dtv.voicesearch.overlay.tunerless does not have legacy storage
08-08 04:45:56.119 I/WifiService(  741): registerSoftApCallback uid=1073
08-08 04:45:56.119 V/StorageManagerService(  741): Package com.android.tv.settings.gms.resoverlay does not have legacy storage
08-08 04:45:56.119 V/StorageManagerService(  741): Package com.sony.dtv.notificationcenter does not have legacy storage
08-08 04:45:56.119 V/StorageManagerService(  741): Package com.sony.dtv.seeds.auth.overlay.tunerless does not have legacy storage
08-08 04:45:56.119 V/StorageManagerService(  741): Package com.google.android.tungsten.setupwraith does not have legacy storage
08-08 04:45:56.119 V/StorageManagerService(  741): Package com.sony.dtv.seeds.iot.overlay does not have legacy storage
08-08 04:45:56.119 V/StorageManagerService(  741): Package com.sony.dtv.provider.appcustomization does not have legacy storage
08-08 04:45:56.119 V/StorageManagerService(  741): Package com.google.android.overlay.modules.permissioncontroller does not have legacy storage
08-08 04:45:56.119 E/droid.bluetooth( 1437): Not starting debugger since process cannot load the jdwp agent.
08-08 04:45:56.119 V/StorageManagerService(  741): Package com.sony.dtv.tvpositionscreen does not have legacy storage
08-08 04:45:56.119 V/StorageManagerService(  741): Package com.sony.dtv.fingerprinterserver does not have legacy storage
08-08 04:45:56.119 V/StorageManagerService(  741): Package com.google.android.overlay.googlewebview does not have legacy storage
08-08 04:45:56.119 V/StorageManagerService(  741): Package com.vewd.core.browser does not have legacy storage
08-08 04:45:56.120 V/WifiManager( 1410): SoftApCallbackProxy on mode 2, onStateChanged: state=11, failureReason=0
08-08 04:45:56.120 D/ApConfigUtil(  741): Update Softap capability, add client control feature support
08-08 04:45:56.120 D/ApConfigUtil(  741): Update Softap capability, add MAC customization support
08-08 04:45:56.120 D/ApConfigUtil(  741): Update Softap capability, add 2.4G support
08-08 04:45:56.120 D/ApConfigUtil(  741): Update Softap capability, add 5G support
08-08 04:45:56.120 V/WifiManager( 1410): SoftApCallbackProxy on mode 2, onConnectedClientsOrInfoChanged: clients: {}, infos: {}, isBridged is false, isRegistration is true
08-08 04:45:56.120 D/ApConfigUtil(  741): Update Softap capability, max client = 16
08-08 04:45:56.120 V/WifiManager( 1410): SoftApCallbackProxy on mode 2, send InfoChanged, newInfo: SoftApInfo{bandwidth= 0, frequency= 0, wifiStandard= 0, mApInstanceIdentifier= null, mIdleShutdownTimeoutMillis= 0}
08-08 04:45:56.120 D/WifiCountryCode(  741): Reading country code from telephony
08-08 04:45:56.120 V/WifiManager( 1410): SoftApCallbackProxy on mode 2, send InfoChanged, changedInfoList: []
08-08 04:45:56.120 V/WifiManager( 1410): SoftApCallbackProxy on mode 2, send onConnectedClientsChanged(clients): []
08-08 04:45:56.121 D/WifiCountryCode(  741): Set telephony country code to: 
08-08 04:45:56.122 V/StorageManagerService(  741): Package com.sony.dtv.sonysystemservice.overlay.tunerless does not have legacy storage
08-08 04:45:56.122 V/WifiManager( 1410): SoftApCallbackProxy on mode 2,  onCapabilityChanged: SoftApCapability = SupportedFeatures=106 MaximumSupportedClientNumber=16 SupportedChannelListIn24g[] SupportedChannelListIn5g[] SupportedChannelListIn6g[] SupportedChannelListIn60g[] mCountryCodeFromDrivernull
08-08 04:45:56.122 V/StorageManagerService(  741): Package jp.unext.tv.player does not have legacy storage
08-08 04:45:56.122 V/StorageManagerService(  741): Package com.sony.dtv.browser.webappruntime does not have legacy storage
08-08 04:45:56.122 V/StorageManagerService(  741): Package com.android.tv.overlay.settingsprovider does not have legacy storage
08-08 04:45:56.122 V/StorageManagerService(  741): Package com.android.vending does not have legacy storage
08-08 04:45:56.122 V/StorageManagerService(  741): Package com.android.pacprocessor does not have legacy storage
08-08 04:45:56.122 V/StorageManagerService(  741): Package com.android.systemui.overlay does not have legacy storage
08-08 04:45:56.122 V/StorageManagerService(  741): Package com.sony.dtv.QuickSetupCustomizer does not have legacy storage
08-08 04:45:56.119 W/droid.bluetooth( 1437): type=1400 audit(0.0:229): avc:  denied  { search } for  name="proc" dev="debugfs" ino=10174 scontext=u:r:bluetooth:s0 tcontext=u:object_r:debugfs_binder:s0 tclass=dir permissive=0
08-08 04:45:56.122 D/ConnectivityService(  741): requestNetwork for uid/pid:1073/1410 activeRequest: null callbackRequest: 34 [NetworkRequest [ TRACK_SYSTEM_DEFAULT id=34, [ Capabilities: INTERNET&NOT_RESTRICTED&TRUSTED&NOT_VPN&NOT_VCN_MANAGED RequestorUid: 1073 RequestorPkg: com.android.networkstack.tethering UnderlyingNetworks: Null] ]] callback flags: 0 order: 2147483647
08-08 04:45:56.122 D/ConnectivityService(  741): NetReassign [no changes] [c 0] [a 0] [i 0]
08-08 04:45:56.123 V/StorageManagerService(  741): Package com.sony.dtv.b2b.noderuntime does not have legacy storage
08-08 04:45:56.123 V/StorageManagerService(  741): Package com.android.networkstack does not have legacy storage
08-08 04:45:56.125 V/StorageManagerService(  741): Package com.sony.dtv.accessibilitysettings.overlay.tunerless does not have legacy storage
08-08 04:45:56.125 V/StorageManagerService(  741): Package com.sony.dtv.appresourceswitcher.overlay does not have legacy storage
08-08 04:45:56.125 V/StorageManagerService(  741): Package com.sony.dtv.broadcastclock.broadcastrequirementcontrol does not have legacy storage
08-08 04:45:56.125 V/StorageManagerService(  741): Package com.sony.dtv.seeds.iot.remotestart does not have legacy storage
08-08 04:45:56.125 V/StorageManagerService(  741): Package com.android.connectivity.resources does not have legacy storage
08-08 04:45:56.125 V/StorageManagerService(  741): Package com.sony.dtv.livingfit does not have legacy storage
08-08 04:45:56.126 V/StorageManagerService(  741): Package jp.sony.mybravia does not have legacy storage
08-08 04:45:56.126 V/StorageManagerService(  741): Package air.jp.co.fujitv.fodviewer.tv does not have legacy storage
08-08 04:45:56.126 V/StorageManagerService(  741): Package com.sony.dtv.systemcontrolproxy does not have legacy storage
08-08 04:45:56.126 V/StorageManagerService(  741): Package com.android.certinstaller does not have legacy storage
08-08 04:45:56.126 V/StorageManagerService(  741): Package tv.abema does not have legacy storage
08-08 04:45:56.126 V/StorageManagerService(  741): Package com.sony.dtv.galleryrro.tvsettings does not have legacy storage
08-08 04:45:56.126 V/StorageManagerService(  741): Package com.google.android.marvin.talkback does not have legacy storage
08-08 04:45:56.126 V/StorageManagerService(  741): Package com.sony.dtv.dvbtvinputservice.overlay does not have legacy storage
08-08 04:45:56.126 V/StorageManagerService(  741): Package com.sony.dtv.networksettings.overlay.tunerless does not have legacy storage
08-08 04:45:56.126 V/StorageManagerService(  741): Package com.sony.dtv.pictureaudio.autoadjustsettings does not have legacy storage
08-08 04:45:56.126 V/StorageManagerService(  741): Package com.sony.dtv.sonytab does not have legacy storage
08-08 04:45:56.126 V/StorageManagerService(  741): Package com.android.wifi.dialog does not have legacy storage
08-08 04:45:56.126 V/StorageManagerService(  741): Package android does not have legacy storage
08-08 04:45:56.127 V/StorageManagerService(  741): Package com.android.hotwordenrollment.xgoogle does not have legacy storage
08-08 04:45:56.127 V/StorageManagerService(  741): Package com.sony.dtv.privacynoticelauncher does not have legacy storage
08-08 04:45:56.127 V/StorageManagerService(  741): Package com.sony.dtv.b2b.noderuntimeextension.bpk does not have legacy storage
08-08 04:45:56.127 V/StorageManagerService(  741): Package com.sony.dtv.accessibilitysettings does not have legacy storage
08-08 04:45:56.127 V/StorageManagerService(  741): Package com.espial.EspialBMLBrowserService does not have legacy storage
08-08 04:45:56.127 V/StorageManagerService(  741): Package com.sonypicturescore does not have legacy storage
08-08 04:45:56.127 V/StorageManagerService(  741): Package com.android.backupconfirm does not have legacy storage
08-08 04:45:56.127 V/StorageManagerService(  741): Package com.sony.dtv.panelsettings does not have legacy storage
08-08 04:45:56.127 V/StorageManagerService(  741): Package com.sony.dtv.systemsoundoverlay does not have legacy storage
08-08 04:45:56.127 V/StorageManagerService(  741): Package com.sony.dtv.browser.webappservice does not have legacy storage
08-08 04:45:56.127 V/StorageManagerService(  741): Package com.sony.dtv.sonyprofilelock does not have legacy storage
08-08 04:45:56.127 V/StorageManagerService(  741): Package com.android.systemui.auto_generated_rro_vendor__ does not have legacy storage
08-08 04:45:56.127 V/StorageManagerService(  741): Package com.sony.dtv.interactivetvutil.output does not have legacy storage
08-08 04:45:56.127 V/StorageManagerService(  741): Package com.android.tv.overlay.networkstack does not have legacy storage
08-08 04:45:56.127 V/StorageManagerService(  741): Package com.android.statementservice does not have legacy storage
08-08 04:45:56.127 V/StorageManagerService(  741): Package com.sony.dtv.gestureapp does not have legacy storage
08-08 04:45:56.127 V/StorageManagerService(  741): Package com.sony.dtv.gestureapp.overlays.tuner does not have legacy storage
08-08 04:45:56.128 V/StorageManagerService(  741): Package com.android.settings.intelligence does not have legacy storage
08-08 04:45:56.128 V/StorageManagerService(  741): Package com.sony.dtv.tvinput.atsc3tuner.drmlicenseinstaller does not have legacy storage
08-08 04:45:56.128 V/StorageManagerService(  741): Package com.sony.dtv.launcherxcustomizer does not have legacy storage
08-08 04:45:56.129 V/StorageManagerService(  741): Package com.sony.dtv.customersupport does not have legacy storage
08-08 04:45:56.129 V/StorageManagerService(  741): Package com.sony.dtv.b2b.vendorprotocol does not have legacy storage
08-08 04:45:56.129 V/StorageManagerService(  741): Package com.sony.dtv.b2b.ipcontrolsettings does not have legacy storage
08-08 04:45:56.130 V/StorageManagerService(  741): Package com.sony.dtv.privacypolicy does not have legacy storage
08-08 04:45:56.130 V/StorageManagerService(  741): Package com.google.android.permissioncontroller does not have legacy storage
08-08 04:45:56.130 V/StorageManagerService(  741): Package mediatek.factorymenu.ui does not have legacy storage
08-08 04:45:56.130 V/StorageManagerService(  741): Package com.sony.dtv.settings.overlay does not have legacy storage
08-08 04:45:56.130 V/StorageManagerService(  741): Package com.amazon.amazonvideo.livingroom does not have legacy storage
08-08 04:45:56.130 V/StorageManagerService(  741): Package com.sony.dtv.arib.debugplayer does not have legacy storage
08-08 04:45:56.130 V/StorageManagerService(  741): Package com.android.providers.settings does not have legacy storage
08-08 04:45:56.130 V/StorageManagerService(  741): Package com.android.wifi.resources.rro does not have legacy storage
08-08 04:45:56.130 V/StorageManagerService(  741): Package com.sony.dtv.powerrestriction.provider does not have legacy storage
08-08 04:45:56.130 V/StorageManagerService(  741): Package com.dolby.android.audio.service does not have legacy storage
08-08 04:45:56.130 V/StorageManagerService(  741): Package com.android.sharedstoragebackup does not have legacy storage
08-08 04:45:56.130 D/GameManagerService(  741): User ID '0' does not have a Game Mode selected for package: 'com.android.bluetooth'
08-08 04:45:56.130 V/StorageManagerService(  741): Package com.sony.dtv.smartmediaapp does not have legacy storage
08-08 04:45:56.130 V/StorageManagerService(  741): Package com.sony.dtv.galleryenabler does not have legacy storage
08-08 04:45:56.130 V/StorageManagerService(  741): Package com.mediatek.android.tv.mdns.offload does not have legacy storage
08-08 04:45:56.131 V/StorageManagerService(  741): Package com.android.printspooler does not have legacy storage
08-08 04:45:56.131 V/StorageManagerService(  741): Package com.sony.dtv.homenetwork.overlay.tunerless does not have legacy storage
08-08 04:45:56.131 D/CompatibilityChangeReporter(  741): Compat change id reported: 168419799; UID 1002; state: DISABLED
08-08 04:45:56.131 V/StorageManagerService(  741): Package com.android.hotwordenrollment.okgoogle does not have legacy storage
08-08 04:45:56.131 V/StorageManagerService(  741): Package com.android.dreams.basic does not have legacy storage
08-08 04:45:56.131 V/StorageManagerService(  741): Package com.android.providers.settings.auto_generated_rro_product__ does not have legacy storage
08-08 04:45:56.131 V/StorageManagerService(  741): Package com.google.android.overlay.modules.ext.services does not have legacy storage
08-08 04:45:56.131 D/CompatibilityChangeReporter(  741): Compat change id reported: 273564678; UID 1002; state: DISABLED
08-08 04:45:56.131 V/StorageManagerService(  741): Package com.sony.dtv.seconddispsetting does not have legacy storage
08-08 04:45:56.131 V/StorageManagerService(  741): Package com.sony.system.pqrepository.overlay.config does not have legacy storage
08-08 04:45:56.131 V/StorageManagerService(  741): Package com.android.se does not have legacy storage
08-08 04:45:56.131 V/StorageManagerService(  741): Package com.android.inputdevices does not have legacy storage
08-08 04:45:56.131 V/StorageManagerService(  741): Package com.sony.dtv.multiscreendemo does not have legacy storage
08-08 04:45:56.131 V/StorageManagerService(  741): Package com.android.rkpdapp does not have legacy storage
