08-08 04:46:02.645 D/CCodecConfig( 1221): no c2 equivalents for pq-session-id
08-08 04:46:02.645 D/CCodecConfig( 1221): no c2 equivalents for flags
08-08 04:46:02.646 D/CCodecConfig( 1221): c2 config diff is   c2::u32 coded.bitrate.value = 350000
08-08 04:46:02.646 D/CCodecConfig( 1221):   c2::u32 raw.channel-count.value = 2
08-08 04:46:02.646 D/CCodecConfig( 1221):   c2::u32 raw.sample-rate.value = 44100
08-08 04:46:02.646 W/Codec2Client( 1221): query -- param skipped: index = 1107298332.
08-08 04:46:02.646 D/CCodec  ( 1221): encoding statistics level = 0
08-08 04:46:02.646 D/CCodec  ( 1221): setup formats input: AMessage(what = 0x00000000) = {
08-08 04:46:02.646 D/CCodec  ( 1221):   int32_t bitrate = 350000
08-08 04:46:02.646 D/CCodec  ( 1221):   int32_t channel-count = 2
08-08 04:46:02.646 D/CCodec  ( 1221):   int32_t max-input-size = 32768
08-08 04:46:02.646 D/CCodec  ( 1221):   string mime = "audio/vorbis"
08-08 04:46:02.646 D/CCodec  ( 1221):   int32_t sample-rate = 44100
08-08 04:46:02.646 D/CCodec  ( 1221): }
08-08 04:46:02.647 D/CCodec  ( 1221): setup formats output: AMessage(what = 0x00000000) = {
08-08 04:46:02.647 D/CCodec  ( 1221):   int32_t channel-count = 2
08-08 04:46:02.647 D/CCodec  ( 1221):   string mime = "audio/raw"
08-08 04:46:02.647 D/CCodec  ( 1221):   int32_t sample-rate = 44100
08-08 04:46:02.647 D/CCodec  ( 1221):   int32_t channel-mask = 3
08-08 04:46:02.647 D/CCodec  ( 1221):   int32_t android._config-pcm-encoding = 2
08-08 04:46:02.647 D/CCodec  ( 1221): }
08-08 04:46:02.647 I/CCodecConfig( 1221): query failed after returning 7 values (BAD_INDEX)
08-08 04:46:02.647 W/Codec2Client( 1221): query -- param skipped: index = 1342179345.
08-08 04:46:02.647 W/Codec2Client( 1221): query -- param skipped: index = 2415921170.
08-08 04:46:02.648 D/C2Store ( 1221): debug.c2.use_dmabufheaps set, forcing DMABUF Heaps
08-08 04:46:02.648 D/C2Store ( 1221): Using DMABUF Heaps
08-08 04:46:02.649 D/CCodecBufferChannel( 1221): [c2.android.vorbis.decoder#193] Created input block pool with allocatorID 16 => poolID 17 - OK (0)
08-08 04:46:02.650 D/BufferPoolAccessor2.0(  741): Destruction - bufferpool2 0xecf7ea88 cached: 0/0M, 0/0% in use; allocs: 5, 0% recycled; transfers: 48, 92% unfetched
08-08 04:46:02.650 D/BufferPoolAccessor2.0(  741): Destruction - bufferpool2 0xecf7b128 cached: 0/0M, 0/0% in use; allocs: 5, 0% recycled; transfers: 36, 89% unfetched
08-08 04:46:02.650 D/BufferPoolAccessor2.0(  741): Destruction - bufferpool2 0xb8e41d68 cached: 0/0M, 0/0% in use; allocs: 7, 14% recycled; transfers: 24, 63% unfetched
08-08 04:46:02.651 D/BufferPoolAccessor2.0(  741): Destruction - bufferpool2 0xb8e4b548 cached: 0/0M, 0/0% in use; allocs: 7, 29% recycled; transfers: 22, 77% unfetched
08-08 04:46:02.651 D/BufferPoolAccessor2.0(  741): Destruction - bufferpool2 0xb8e44828 cached: 0/0M, 0/0% in use; allocs: 5, 0% recycled; transfers: 22, 82% unfetched
08-08 04:46:02.651 D/BufferPoolAccessor2.0(  741): Destruction - bufferpool2 0xb8e47768 cached: 0/0M, 0/0% in use; allocs: 5, 0% recycled; transfers: 30, 87% unfetched
08-08 04:46:02.651 D/BufferPoolAccessor2.0(  741): Destruction - bufferpool2 0xb8e4a6a8 cached: 0/0M, 0/0% in use; allocs: 7, 29% recycled; transfers: 30, 83% unfetched
08-08 04:46:02.651 I/CCodecBufferChannel( 1221): [c2.android.vorbis.decoder#193] Created output block pool with allocatorID 16 => poolID 26 - OK
08-08 04:46:02.651 D/BufferPoolAccessor2.0(  741): Destruction - bufferpool2 0xecf7df48 cached: 0/0M, 0/0% in use; allocs: 7, 29% recycled; transfers: 42, 88% unfetched
08-08 04:46:02.651 D/BufferPoolAccessor2.0(  741): Destruction - bufferpool2 0xb8e471c8 cached: 0/0M, 0/0% in use; allocs: 5, 0% recycled; transfers: 108, 94% unfetched
08-08 04:46:02.651 D/CCodecBufferChannel( 1221): [c2.android.vorbis.decoder#193] Configured output block pool ids 26 => OK
08-08 04:46:02.652 I/C2MtkComponentStore(  589): setDmaBufUsage: usage = 0x5
08-08 04:46:02.652 I/C2MtkComponentStore(  589): setDmaBufUsage: using DMABUF_SYSTEM_CACHE
08-08 04:46:02.652 I/DMABUFHEAPS( 1221): Using DMA-BUF heap named: system
08-08 04:46:02.654 D/SimpleC2Component(  810): Using output block pool with poolID 26 => got 26 - 0
08-08 04:46:02.654 I/FontLog ( 1699): Updating from directory version 0 to 29 from disk [CONTEXT service_id=132 ]
08-08 04:46:02.660 D/CCodecConfig( 1221): vendor.mtk-codec2.hdr-type is not a recognized vendor parameter; ignored.
08-08 04:46:02.660 D/CCodecConfig( 1221): vendor.mtk-codec2.frame-rate is not a recognized vendor parameter; ignored.
08-08 04:46:02.661 I/CCodecConfig( 1221): query failed after returning 7 values (BAD_INDEX)
08-08 04:46:02.661 D/CCodecConfig( 1221): c2 config diff is Dict {
08-08 04:46:02.661 D/CCodecConfig( 1221):   c2::u32 coded.bitrate.value = 64000
08-08 04:46:02.661 D/CCodecConfig( 1221):   c2::u32 input.buffers.max-size.value = 32768
08-08 04:46:02.661 D/CCodecConfig( 1221):   c2::u32 input.delay.value = 0
08-08 04:46:02.661 D/CCodecConfig( 1221):   string input.media-type.value = "audio/vorbis"
08-08 04:46:02.661 D/CCodecConfig( 1221):   string output.media-type.value = "audio/raw"
08-08 04:46:02.661 D/CCodecConfig( 1221):   c2::u32 raw.channel-count.value = 1
08-08 04:46:02.661 D/CCodecConfig( 1221):   c2::u32 raw.sample-rate.value = 48000
08-08 04:46:02.661 D/CCodecConfig( 1221): }
08-08 04:46:02.662 D/MediaCodec( 1221): flushMediametrics
08-08 04:46:02.662 D/CCodec  ( 1221): [c2.android.vorbis.decoder] buffers are bound to CCodec for this session
08-08 04:46:02.663 D/CCodecConfig( 1221): no c2 equivalents for durationUs
08-08 04:46:02.663 D/CCodecConfig( 1221): no c2 equivalents for track-id
08-08 04:46:02.663 D/CCodecConfig( 1221): no c2 equivalents for csd-1
08-08 04:46:02.663 D/CCodecConfig( 1221): no c2 equivalents for pq-session-id
08-08 04:46:02.663 D/CCodecConfig( 1221): no c2 equivalents for flags
08-08 04:46:02.664 D/CCodecConfig( 1221): c2 config diff is   c2::u32 coded.bitrate.value = 499821
08-08 04:46:02.664 D/CCodecConfig( 1221):   c2::u32 raw.channel-count.value = 2
08-08 04:46:02.664 W/Codec2Client( 1221): query -- param skipped: index = 1107298332.
08-08 04:46:02.664 D/CCodec  ( 1221): encoding statistics level = 0
08-08 04:46:02.664 D/CCodec  ( 1221): setup formats input: AMessage(what = 0x00000000) = {
08-08 04:46:02.664 D/CCodec  ( 1221):   int32_t bitrate = 499821
08-08 04:46:02.664 D/CCodec  ( 1221):   int32_t channel-count = 2
08-08 04:46:02.664 D/CCodec  ( 1221):   int32_t max-input-size = 32768
08-08 04:46:02.664 D/CCodec  ( 1221):   string mime = "audio/vorbis"
08-08 04:46:02.664 D/CCodec  ( 1221):   int32_t sample-rate = 48000
08-08 04:46:02.664 D/CCodec  ( 1221): }
08-08 04:46:02.664 D/CCodec  ( 1221): setup formats output: AMessage(what = 0x00000000) = {
08-08 04:46:02.664 D/CCodec  ( 1221):   int32_t channel-count = 2
08-08 04:46:02.664 D/CCodec  ( 1221):   string mime = "audio/raw"
08-08 04:46:02.664 D/CCodec  ( 1221):   int32_t sample-rate = 48000
08-08 04:46:02.664 D/CCodec  ( 1221):   int32_t channel-mask = 3
08-08 04:46:02.664 D/CCodec  ( 1221):   int32_t android._config-pcm-encoding = 2
08-08 04:46:02.664 D/CCodec  ( 1221): }
08-08 04:46:02.664 I/CCodecConfig( 1221): query failed after returning 7 values (BAD_INDEX)
08-08 04:46:02.666 W/Codec2Client( 1221): query -- param skipped: index = 1342179345.
08-08 04:46:02.666 W/Codec2Client( 1221): query -- param skipped: index = 2415921170.
08-08 04:46:02.669 D/CCodecBufferChannel( 1221): [c2.android.vorbis.decoder#531] Created input block pool with allocatorID 16 => poolID 18 - OK (0)
08-08 04:46:02.670 I/CCodecBufferChannel( 1221): [c2.android.vorbis.decoder#531] Created output block pool with allocatorID 16 => poolID 27 - OK
08-08 04:46:02.670 D/CCodecBufferChannel( 1221): [c2.android.vorbis.decoder#531] Configured output block pool ids 27 => OK
08-08 04:46:02.671 I/C2MtkComponentStore(  589): setDmaBufUsage: usage = 0x5
08-08 04:46:02.671 I/C2MtkComponentStore(  589): setDmaBufUsage: using DMABUF_SYSTEM_CACHE
08-08 04:46:02.672 D/SimpleC2Component(  810): Using output block pool with poolID 27 => got 27 - 0
08-08 04:46:02.680 I/C2MtkComponentStore(  589): setDmaBufUsage: usage = 0x5
08-08 04:46:02.680 I/C2MtkComponentStore(  589): setDmaBufUsage: using DMABUF_SYSTEM_CACHE
08-08 04:46:02.681 I/katniss_interactor_KatnissVoiceInteractionServicePeer( 1866): Detected hardware mic toggle.
08-08 04:46:02.686 V/GraphicsEnvironment( 2594): Currently set values for:
08-08 04:46:02.686 V/GraphicsEnvironment( 2594):   angle_gl_driver_selection_pkgs=[]
08-08 04:46:02.686 V/GraphicsEnvironment( 2594):   angle_gl_driver_selection_values=[]
08-08 04:46:02.688 V/GraphicsEnvironment( 2594): ANGLE GameManagerService for com.sony.dtv.homenetwork: false
08-08 04:46:02.688 V/GraphicsEnvironment( 2594): com.sony.dtv.homenetwork is not listed in per-application setting
08-08 04:46:02.688 V/GraphicsEnvironment( 2594): Neither updatable production driver nor prerelease driver is supported.
08-08 04:46:02.690 D/MediaCodec( 1221): notifyMediaStatistics hash (-1410874683)
08-08 04:46:02.690 D/MediaStatisticsAnchor(  741): notifyMediaStatistics(pid=1221, format="mime=audio/vorbis, component-name=c2.android.vorbis.decoder, channel-count=2, ", /*update*/ sessionId=1)
08-08 04:46:02.690 D/MediaStatisticsRepositoryService(  741): addMediaSessions: session 1, pid 1221, mime=audio/vorbis, component-name=c2.android.vorbis.decoder, channel-count=2, 
08-08 04:46:02.690 D/MediaStatisticsRepositoryService(  741): calling listener: com.sony.dtv.mediastatistics.IMediaStatisticsChangeListener$Stub$Proxy@207c4d3
08-08 04:46:02.690 D/MediaStatisticsRepositoryService(  741): calling listener: com.sony.dtv.mediastatistics.IMediaStatisticsChangeListener$Stub$Proxy@7a4ba84
08-08 04:46:02.690 I/SSS_ProdMediaStatisticsApi( 1498): updateAudioSignalInfo
08-08 04:46:02.691 W/SSS_MediaStatisticsProvider( 1498): Analysing media format is not contain pq-session-id
08-08 04:46:02.699 D/RecApp-RecStorage:SonySettingsSliceProvider( 2542): onCreateSliceProvider()
08-08 04:46:02.701 I/RecApp-Search:BaseSearchProvider( 2542): onCreate()
08-08 04:46:02.704 I/RecApp-Performance:RecApp-RecAppLib:getModelVariation():start;( 2542): 
08-08 04:46:02.707 D/MediaCodec( 1221): notifyMediaStatistics hash (-1410874683)
08-08 04:46:02.711 I/android_os_HwBinder( 2542): HwBinder: Starting thread pool for getting: vendor.sony.hardware.productConfig@1.0::IProductConfig/default
08-08 04:46:02.716 D/nativeloader( 2667): Configuring clns-shared-4 for other apk /system/priv-app/LocalTransport/LocalTransport.apk. target_sdk_version=34, uses_libraries=, library_path=/system/priv-app/LocalTransport/lib/arm:/system/priv-app/LocalTransport/LocalTransport.apk!/lib/armeabi-v7a:/system/lib:/system_ext/lib, permitted_path=/data:/mnt/expand:/data/user/0/com.android.localtransport:/system/priv-app/LocalTransport:/system/lib:/system_ext/lib
08-08 04:46:02.717 D/LibProductConfigInfo(  280): [getString:163] key:SW Sku value:JP
08-08 04:46:02.717 D/productConfig@1.0-service(  280): [getString:35] key:SW Sku outBuf:JP len:2
08-08 04:46:02.717 D/RecApp-RecAppLib:RecApp-RecAppLib( 2542): ProductInfoUtil.getSku()=JP
08-08 04:46:02.718 I/RecApp-Performance:RecApp-RecAppLib:getModelVariation():end;( 2542): 
08-08 04:46:02.738 W/SonySelectDataProvider( 2274): 0 is unknown color
08-08 04:46:02.739 W/SonySelectDataProvider( 2274): 0 is unknown color
08-08 04:46:02.744 W/SonySelectDataProvider( 2274): 0 is unknown color
08-08 04:46:02.744 W/SonySelectDataProvider( 2274): 0 is unknown color
08-08 04:46:02.744 W/SonySelectDataProvider( 2274): 0 is unknown color
08-08 04:46:02.744 W/SonySelectDataProvider( 2274): 0 is unknown color
08-08 04:46:02.744 W/SonySelectDataProvider( 2274): 0 is unknown color
08-08 04:46:02.744 W/SonySelectDataProvider( 2274): 0 is unknown color
08-08 04:46:02.745 W/SonySelectDataProvider( 2274): 0 is unknown color
08-08 04:46:02.745 W/SonySelectDataProvider( 2274): 0 is unknown color
08-08 04:46:02.745 W/SonySelectDataProvider( 2274): 0 is unknown color
08-08 04:46:02.745 W/SonySelectDataProvider( 2274): 0 is unknown color
08-08 04:46:02.745 W/SonySelectDataProvider( 2274): 0 is unknown color
08-08 04:46:02.745 W/SonySelectDataProvider( 2274): 0 is unknown color
08-08 04:46:02.745 W/SonySelectDataProvider( 2274): 0 is unknown color
08-08 04:46:02.745 W/SonySelectDataProvider( 2274): 0 is unknown color
08-08 04:46:02.745 W/SonySelectDataProvider( 2274): 0 is unknown color
08-08 04:46:02.745 W/SonySelectDataProvider( 2274): 0 is unknown color
08-08 04:46:02.745 W/SonySelectDataProvider( 2274): 0 is unknown color
08-08 04:46:02.745 W/SonySelectDataProvider( 2274): 0 is unknown color
08-08 04:46:02.745 W/SonySelectDataProvider( 2274): 0 is unknown color
08-08 04:46:02.746 W/SonySelectDataProvider( 2274): 0 is unknown color
08-08 04:46:02.746 W/SonySelectDataProvider( 2274): 0 is unknown color
08-08 04:46:02.746 W/SonySelectDataProvider( 2274): 0 is unknown color
08-08 04:46:02.746 W/SonySelectDataProvider( 2274): 0 is unknown color
08-08 04:46:02.746 W/SonySelectDataProvider( 2274): 0 is unknown color
08-08 04:46:02.746 W/SonySelectDataProvider( 2274): 0 is unknown color
08-08 04:46:02.746 W/SonySelectDataProvider( 2274): 0 is unknown color
08-08 04:46:02.752 D/MediaCodec( 1221): notifyMediaStatistics hash (0)
08-08 04:46:02.752 D/CCodecBufferChannel( 1221): Stop, waiting input(0) and output*(0) queue empty ...
08-08 04:46:02.752 D/CCodecBufferChannel( 1221): input queue empty
08-08 04:46:02.753 D/CCodecBufferChannel( 1221): output queue empty
08-08 04:46:02.754 D/CCodecBufferChannel( 1221): [c2.android.vorbis.decoder#531] MediaCodec discarded an unknown buffer
08-08 04:46:02.754 D/CCodecBufferChannel( 1221): [c2.android.vorbis.decoder#531] MediaCodec discarded an unknown buffer
08-08 04:46:02.756 D/MediaCodec( 1221): notifyMediaStatistics hash (0)
08-08 04:46:02.756 D/CCodecBufferChannel( 1221): Stop, waiting input(0) and output*(0) queue empty ...
08-08 04:46:02.756 D/CCodecBufferChannel( 1221): input queue empty
08-08 04:46:02.756 D/CCodecBufferChannel( 1221): output queue empty
08-08 04:46:02.760 D/MediaStatisticsAnchor(  741): notifyMediaStatistics(pid=1221, format="mime=audio/vorbis, component-name=c2.android.vorbis.decoder, channel-count=2, ", /*update*/ sessionId=2)
08-08 04:46:02.760 D/MediaStatisticsRepositoryService(  741): addMediaSessions: session 2, pid 1221, mime=audio/vorbis, component-name=c2.android.vorbis.decoder, channel-count=2, 
08-08 04:46:02.760 D/MediaStatisticsRepositoryService(  741): calling listener: com.sony.dtv.mediastatistics.IMediaStatisticsChangeListener$Stub$Proxy@207c4d3
08-08 04:46:02.761 D/MediaStatisticsRepositoryService(  741): calling listener: com.sony.dtv.mediastatistics.IMediaStatisticsChangeListener$Stub$Proxy@7a4ba84
08-08 04:46:02.761 I/hw-BpHwBinder( 1221): onLastStrongRef automatically unlinking death recipients
08-08 04:46:02.764 I/hw-BpHwBinder(  810): onLastStrongRef automatically unlinking death recipients
08-08 04:46:02.765 D/MediaStatisticsAnchor(  741): notifyMediaStatistics(pid=1221, format="", /*remove*/ sessionId=2)
08-08 04:46:02.765 D/MediaStatisticsRepositoryService(  741): removeMediaSessions: session 2
08-08 04:46:02.766 D/MediaStatisticsRepositoryService(  741): calling listener: com.sony.dtv.mediastatistics.IMediaStatisticsChangeListener$Stub$Proxy@207c4d3
08-08 04:46:02.766 D/MediaStatisticsRepositoryService(  741): calling listener: com.sony.dtv.mediastatistics.IMediaStatisticsChangeListener$Stub$Proxy@7a4ba84
08-08 04:46:02.761 E/SSS_HdrType( 1498): Unknown integer:null for HdrType. Returning null.
08-08 04:46:02.767 W/SSS_MediaStatisticsProvider( 1498): Couldn't resolve HDR type from media format.
08-08 04:46:02.767 I/SSS_ProdMediaStatisticsApi( 1498): Mime category is AUDIO.
08-08 04:46:02.767 I/SSS_ProdMediaStatisticsApi( 1498): MimeType is audio/vorbis
08-08 04:46:02.768 I/SSS_ProdMediaStatisticsApi( 1498): Construct AudioSignalInfo w/ package=com.android.systemui, mime=audio/vorbis, isAtmos=false and channels=UNKNOWN
08-08 04:46:02.768 I/SSS_ProdMediaStatisticsApi( 1498): Current Audio Signal Info is updated: [] -> [AudioSignalInfo(packageName=com.android.systemui, codec=VORBIS, channel=UNKNOWN)]
08-08 04:46:02.768 I/SSS_ProdMediaStatisticsApi( 1498): updateAudioSignalInfo
08-08 04:46:02.771 W/SSS_MediaStatisticsProvider( 1498): Analysing media format is not contain pq-session-id
08-08 04:46:02.771 I/SSS_ProdMediaStatisticsApi( 1498): Mime category is AUDIO.
08-08 04:46:02.772 I/SSS_ProdMediaStatisticsApi( 1498): MimeType is audio/vorbis
08-08 04:46:02.772 I/SSS_ProdMediaStatisticsApi( 1498): Construct AudioSignalInfo w/ package=com.android.systemui, mime=audio/vorbis, isAtmos=false and channels=UNKNOWN
08-08 04:46:02.772 I/SSS_ProdMediaStatisticsApi( 1498): Current Audio Signal Info is updated: [AudioSignalInfo(packageName=com.android.systemui, codec=VORBIS, channel=UNKNOWN)] -> [AudioSignalInfo(packageName=com.android.systemui, codec=VORBIS, channel=UNKNOWN)]
08-08 04:46:02.772 I/SSS_AudioTraitManager( 1498): AudioSignalInfo(packageName=com.android.systemui, codec=VORBIS, channel=UNKNOWN) is dropped because com.android.systemui is unexpected.
08-08 04:46:02.772 I/SSS_AudioTraitManager( 1498): audioSignalInfoForTraitClient is updated: [] -> []
08-08 04:46:02.773 I/SSS_ProdMediaStatisticsApi( 1498): updateAudioSignalInfo
08-08 04:46:02.775 I/SSS_ProdMediaStatisticsApi( 1498): Mime category is AUDIO.
08-08 04:46:02.776 I/SSS_ProdMediaStatisticsApi( 1498): MimeType is audio/vorbis
08-08 04:46:02.776 I/SSS_ProdMediaStatisticsApi( 1498): Construct AudioSignalInfo w/ package=com.android.systemui, mime=audio/vorbis, isAtmos=false and channels=UNKNOWN
08-08 04:46:02.776 I/SSS_ProdMediaStatisticsApi( 1498): Current Audio Signal Info is updated: [AudioSignalInfo(packageName=com.android.systemui, codec=VORBIS, channel=UNKNOWN)] -> [AudioSignalInfo(packageName=com.android.systemui, codec=VORBIS, channel=UNKNOWN)]
08-08 04:46:02.776 I/SSS_AudioTraitManager( 1498): AudioSignalInfo(packageName=com.android.systemui, codec=VORBIS, channel=UNKNOWN) is dropped because com.android.systemui is unexpected.
08-08 04:46:02.776 I/SSS_AudioTraitManager( 1498): audioSignalInfoForTraitClient is updated: [] -> []
08-08 04:46:02.776 I/SSS_AudioTraitManager( 1498): AudioSignalInfo(packageName=com.android.systemui, codec=VORBIS, channel=UNKNOWN) is dropped because com.android.systemui is unexpected.
08-08 04:46:02.776 I/SSS_AudioTraitManager( 1498): audioSignalInfoForTraitClient is updated: [] -> []
08-08 04:46:02.777 E/SSS_HdrType( 1498): Unknown integer:null for HdrType. Returning null.
08-08 04:46:02.777 W/SSS_MediaStatisticsProvider( 1498): Couldn't resolve HDR type from media format.
08-08 04:46:02.778 W/SSS_MediaStatisticsProvider( 1498): Analysing media format is not contain pq-session-id
08-08 04:46:02.779 E/SSS_HdrType( 1498): Unknown integer:null for HdrType. Returning null.
08-08 04:46:02.779 W/SSS_MediaStatisticsProvider( 1498): Couldn't resolve HDR type from media format.
08-08 04:46:02.792 D/MediaCodec( 1221): notifyMediaStatistics hash (0)
08-08 04:46:02.795 D/MediaCodec( 1221): flushMediametrics
08-08 04:46:02.795 I/FontLog ( 1699): Using directory in FlatBuffer format [CONTEXT service_id=132 ]
08-08 04:46:02.801 D/nativeloader( 2686): InitLlndkLibrariesProduct: libEGL.so:libGLESv1_CM.so:libGLESv2.so:libGLESv3.so:libRS.so:libandroid_net.so:libbinder_ndk.so:libc.so:libcgrouprc.so:libclang_rt.asan-arm-android.so:libcom.android.tethering.connectivity_native.so:libdl.so:libft2.so:liblog.so:libm.so:libmediandk.so:libnativewindow.so:libneuralnetworks.so:libselinux.so:libsync.so:libvndksupport.so:libvulkan.so
08-08 04:46:02.801 I/JpTis_TvdbChannelId( 1899): [ChannelId register] [1, 2, 3, 4, 5, 6, 7, 8, 9, 10, 11, 12, 13, 14, 15, 16, 17, 18, 19, 20, 21, 22, 23, 24, 25, 26, 27, 28, 29, 30, 31, 32, 33, 34, 35, 36, 37, 38, 39, 40, 41, 42, 43, 44, 45, 46, 47, 48, 49, 50, 51, 52, 53, 54, 55, 56, 57, 58, 59, 60, 61, 62, 63, 64, 65, 66, 68, 69, 70, 71, 72, 73, 74, 75, 76, 77, 78, 79, 80, 81, 82, 83, 84, 85, 86, 87, 88, 89, 90, 91, 92, 93, 94, 95, 96, 97, 98, 99, 100, 101, 102, 103, 104, 105, 106, 107, 108, 109, 110, 111, 112, 113, 114, 115, 116, 117, 118, 119, 120, 121, 122, 123, 124, 125, 126, 127, 128, 129, 130, 131, 132, 133, 134, 135, 136, 137, 138, 139, 140, 141, 142]
08-08 04:46:02.801 D/nativeloader( 2686): Configuring product-clns-6 for unbundled product apk /product/priv-app/SetupWraithPrebuilt/SetupWraithPrebuilt.apk. target_sdk_version=33, uses_libraries=, library_path=/product/priv-app/SetupWraithPrebuilt/lib/arm:/product/priv-app/SetupWraithPrebuilt/SetupWraithPrebuilt.apk!/lib/armeabi-v7a:/product/lib:/system/product/lib, permitted_path=/data:/mnt/expand:/data/user/0/com.google.android.tungsten.setupwraith:/product/lib:/system/product/lib
08-08 04:46:02.802 D/nativeloader( 2686): InitVndkspLibrariesProduct: android.hardware.common-V2-ndk.so:android.hardware.common.fmq-V1-ndk.so:android.hardware.graphics.allocator-V2-ndk.so:android.hardware.graphics.common-V4-ndk.so:android.hardware.graphics.common@1.0.so:android.hardware.graphics.common@1.1.so:android.hardware.graphics.common@1.2.so:android.hardware.graphics.composer3-V1-ndk.so:android.hardware.graphics.mapper@2.0.so:android.hardware.graphics.mapper@2.1.so:android.hardware.graphics.mapper@3.0.so:android.hardware.graphics.mapper@4.0.so:android.hardware.renderscript@1.0.so:android.hidl.memory.token@1.0.so:android.hidl.memory@1.0-impl.so:android.hidl.memory@1.0.so:android.hidl.safe_union@1.0.so:libRSCpuRef.so:libRSDriver.so:libRS_internal.so:libbase.so:libbcinfo.so:libblas.so:libc++.so:libcompiler_rt.so:libcutils.so:libdmabufheap.so:libgralloctypes.so:libhardware.so:libhidlbase.so:libhidlmemory.so:libion.so:libjsoncpp.so:liblzma.so:libprocessgroup.so:libunwindstack.so:libutils.so:libutilscallstack.so:libz.so
08-08 04:46:02.803 W/SonySelectDataProvider( 2274): 0 is unknown color
08-08 04:46:02.803 W/SonySelectDataProvider( 2274): 0 is unknown color
08-08 04:46:02.803 W/SonySelectDataProvider( 2274): 0 is unknown color
08-08 04:46:02.803 W/SonySelectDataProvider( 2274): 0 is unknown color
08-08 04:46:02.803 W/SonySelectDataProvider( 2274): 0 is unknown color
08-08 04:46:02.803 W/SonySelectDataProvider( 2274): 0 is unknown color
08-08 04:46:02.804 W/SonySelectDataProvider( 2274): 0 is unknown color
08-08 04:46:02.804 W/SonySelectDataProvider( 2274): 0 is unknown color
08-08 04:46:02.804 W/SonySelectDataProvider( 2274): 0 is unknown color
08-08 04:46:02.804 I/JpTis_SdbRestoreStatus( 1899): [EventListener][ReqId:32] sendAribSdbRestoreStatusListener. onEdbRestoreStarted()
08-08 04:46:02.806 D/WM-WrkMgrInitializer( 2542): Initializing WorkManager with default configuration.
08-08 04:46:02.806 I/JpTis_EdbState( 1899): [IsdbT/59] EventDB restore and Sync end.
08-08 04:46:02.807 I/JpTis_EdbState( 1899): [IsdbS/59] EventDB restore and Sync end.
08-08 04:46:02.818 I/JpTis_AribSdbImpl( 1899): [init()] ServiceDb Restore end.
08-08 04:46:02.819 W/SonySelectDataProvider( 2274): 0 is unknown color
08-08 04:46:02.819 I/JpTis_AribTotTuneManager( 1899): get BroadcastTimeSource size:4 item:[BroadcastTimeSource(deliverySystem=IsdbS, priority=41, stream=Stream(networkId=4, streamId=16400)), BroadcastTimeSource(deliverySystem=IsdbS, priority=40, stream=Stream(networkId=6, streamId=24608)), BroadcastTimeSource(deliverySystem=IsdbS3, priority=31, stream=Stream(networkId=11, streamId=45168)), BroadcastTimeSource(deliverySystem=IsdbS3, priority=30, stream=Stream(networkId=12, streamId=49296))] .
08-08 04:46:02.820 I/JpTis_AribTotTuneManager( 1899): startAcquisition list:[BroadcastTimeSource(deliverySystem=IsdbS, priority=41, stream=Stream(networkId=4, streamId=16400)), BroadcastTimeSource(deliverySystem=IsdbS, priority=40, stream=Stream(networkId=6, streamId=24608)), BroadcastTimeSource(deliverySystem=IsdbS3, priority=31, stream=Stream(networkId=11, streamId=45168)), BroadcastTimeSource(deliverySystem=IsdbS3, priority=30, stream=Stream(networkId=12, streamId=49296))] .
08-08 04:46:02.820 I/JpTis_AribTotTuneManager( 1899): createRequest source= BroadcastTimeSource(deliverySystem=IsdbS, priority=41, stream=Stream(networkId=4, streamId=16400)) .
08-08 04:46:02.820 I/JpTis_TimeAdjustingComponents@1( 1899): createTimeAdjusting(usage=100, nice=0, sessionId=null, sessionToken=[com.sony.dtv.tvinput.jptuner/.tis.JpTvInputService/HW0]1899_1) start
08-08 04:46:02.820 D/ProfileLockHelper( 1221): updateScaledSize No need to change because scaling 1.0
08-08 04:46:02.821 D/ProfileLockHelper( 1221): updateScaledSize No need to change because scaling 1.0
08-08 04:46:02.821 D/ProfileLockHelper( 1221): updateScaledSize No need to change because scaling 1.0
08-08 04:46:02.821 D/ProfileLockHelper( 1221): updateScaledSize No need to change because scaling 1.0
08-08 04:46:02.822 D/MediaTvTuner( 1899): Current Tuner version is 3.0.
08-08 04:46:02.825 I/JpTis_AribSdbImpl( 1899): [init()] EventDb Restore calling end.
08-08 04:46:02.829 I/JpTis_TimeAdjustingComponents@1( 1899): setup()
08-08 04:46:02.829 E/JpTis_AribBroadcastClockManager( 1899): getBroadcastClock() main clock is null.
08-08 04:46:02.829 I/JpTis_AribBroadcastClockManager( 1899): addBroadcastClockStoredListener() id=68 sessionToken=[com.sony.dtv.tvinput.jptuner/.tis.JpTvInputService/HW0]1899_1
08-08 04:46:02.830 I/JpTis_AribTotTuneRequest( 1899): context start source:BroadcastTimeSource(deliverySystem=IsdbS, priority=41, stream=Stream(networkId=4, streamId=16400)) location:TsSatelliteStreams(streams=[StreamIdentifier(networkId=4, streamId=0x4010)])
08-08 04:46:02.831 I/FontLog ( 1699): Fetch {Rubik, wdth 100.0, wght 300, ital 0.0, bestEffort false}, isVf false} end status Status{statusCode=SUCCESS, resolution=null} [CONTEXT service_id=132 ]
08-08 04:46:02.832 W/system_server(  741): Long monitor contention with owner PackageManagerBg (1019) at void com.android.server.pm.PackageManagerService.forEachPackageSetting(java.util.function.Consumer)(PackageManagerService.java:7179) waiters=0 in void com.android.server.pm.PackageManagerService$PackageManagerInternalImpl.notifyPackageUse(java.lang.String, int) for 367ms
08-08 04:46:02.832 W/system_server(  741): Long monitor contention with owner PackageManagerBg (1019) at void com.android.server.pm.PackageManagerService.forEachPackageSetting(java.util.function.Consumer)(PackageManagerService.java:7179) waiters=1 in void com.android.server.pm.PackageManagerService.setEnabledSettings(java.util.List, int, java.lang.String) for 230ms
08-08 04:46:02.833 D/CompatibilityChangeReporter(  741): Compat change id reported: 261072174; UID 10233; state: ENABLED
08-08 04:46:02.835 W/system_server(  741): Long monitor contention with owner binder:741_2 (806) at int com.android.server.am.ActivityManagerService.bindServiceInstance(android.app.IApplicationThread, android.os.IBinder, android.content.Intent, java.lang.String, android.app.IServiceConnection, long, java.lang.String, boolean, int, java.lang.String, android.app.IApplicationThread, java.lang.String, int)(ActivityManagerService.java:13526) waiters=0 in boolean com.android.server.am.BroadcastQueueModernImpl.lambda$new$0(android.os.Message) for 371ms
08-08 04:46:02.836 W/system_server(  741): Long monitor contention with owner binder:741_2 (806) at int com.android.server.am.ActivityManagerService.bindServiceInstance(android.app.IApplicationThread, android.os.IBinder, android.content.Intent, java.lang.String, android.app.IServiceConnection, long, java.lang.String, boolean, int, java.lang.String, android.app.IApplicationThread, java.lang.String, int)(ActivityManagerService.java:13526) waiters=1 in android.app.ContentProviderHolder com.android.server.am.ContentProviderHelper.getContentProviderImpl(android.app.IApplicationThread, java.lang.String, android.os.IBinder, int, java.lang.String, java.lang.String, boolean, int) for 345ms
08-08 04:46:02.836 I/JpTis_TsSatelliteStreamTimeAdjustingRequest@1( 1899): start context=null
08-08 04:46:02.868 I/kernel  (  875): [   26.974925]mtk_dmx: [mtk_dmx_pm_runtime][325]dmx runtime pm(1): RESUME
08-08 04:46:02.868 I/kernel  (  875): [   26.975097]mtk_dmx: [mtk_dmx_pm_runtime][325]dmx runtime pm(1): SUSPEND
08-08 04:46:02.868 I/kernel  (  875): [   26.975176]mtk_dmx: [mtk_dmx_pm_runtime][325]dmx runtime pm(1): RESUME
08-08 04:46:02.868 I/kernel  (  875): [   26.975266]mtk_dmx: [mtk_dmx_pm_runtime][325]dmx runtime pm(1): SUSPEND
08-08 04:46:02.868 I/kernel  (  875): [   26.975320]mtk_dmx: [mtk_dmx_pm_runtime][325]dmx runtime pm(1): RESUME
08-08 04:46:02.868 I/kernel  (  875): [   26.975408]mtk_dmx: [mtk_dmx_pm_runtime][325]dmx runtime pm(1): SUSPEND
08-08 04:46:02.868 I/kernel  (  875): [   26.975463]mtk_dmx: [mtk_dmx_pm_runtime][325]dmx runtime pm(1): RESUME
08-08 04:46:02.869 I/kernel  (  875): [   26.975548]mtk_dmx: [mtk_dmx_pm_runtime][325]dmx runtime pm(1): SUSPEND
08-08 04:46:02.869 I/kernel  (  875): [   26.975601]mtk_dmx: [mtk_dmx_pm_runtime][325]dmx runtime pm(1): RESUME
08-08 04:46:02.869 I/kernel  (  875): [   26.975685]mtk_dmx: [mtk_dmx_pm_runtime][325]dmx runtime pm(1): SUSPEND
08-08 04:46:02.869 I/kernel  (  875): [   26.975738]mtk_dmx: [mtk_dmx_pm_runtime][325]dmx runtime pm(1): RESUME
08-08 04:46:02.869 I/kernel  (  875): [   26.975823]mtk_dmx: [mtk_dmx_pm_runtime][325]dmx runtime pm(1): SUSPEND
08-08 04:46:02.869 I/kernel  (  875): [   26.975875]mtk_dmx: [mtk_dmx_pm_runtime][325]dmx runtime pm(1): RESUME
08-08 04:46:02.869 I/kernel  (  875): [   26.975959]mtk_dmx: [mtk_dmx_pm_runtime][325]dmx runtime pm(1): SUSPEND
08-08 04:46:02.869 I/kernel  (  875): [   26.976010]mtk_dmx: [mtk_dmx_pm_runtime][325]dmx runtime pm(1): RESUME
08-08 04:46:02.869 I/kernel  (  875): [   26.976095]mtk_dmx: [mtk_dmx_pm_runtime][325]dmx runtime pm(1): SUSPEND
08-08 04:46:02.870 I/kernel  (  875): [   26.976543]mtk_dmx: [mtk_dmx_pm_runtime][325]dmx runtime pm(1): RESUME
08-08 04:46:02.870 I/kernel  (  875): [   26.976669]mtk_dmx: [mtk_dmx_pm_runtime][325]dmx runtime pm(1): SUSPEND
08-08 04:46:02.870 I/kernel  (  875): [   26.976734]mtk_dmx: [mtk_dmx_pm_runtime][325]dmx runtime pm(1): RESUME
08-08 04:46:02.870 I/kernel  (  875): [   26.976822]mtk_dmx: [mtk_dmx_pm_runtime][325]dmx runtime pm(1): SUSPEND
08-08 04:46:02.870 I/kernel  (  875): [   26.976876]mtk_dmx: [mtk_dmx_pm_runtime][325]dmx runtime pm(1): RESUME
08-08 04:46:02.870 I/kernel  (  875): [   26.976962]mtk_dmx: [mtk_dmx_pm_runtime][325]dmx runtime pm(1): SUSPEND
08-08 04:46:02.870 I/kernel  (  875): [   26.977017]mtk_dmx: [mtk_dmx_pm_runtime][325]dmx runtime pm(1): RESUME
08-08 04:46:02.870 I/kernel  (  875): [   26.977101]mtk_dmx: [mtk_dmx_pm_runtime][325]dmx runtime pm(1): SUSPEND
08-08 04:46:02.870 I/kernel  (  875): [   26.977154]mtk_dmx: [mtk_dmx_pm_runtime][325]dmx runtime pm(1): RESUME
08-08 04:46:02.870 I/kernel  (  875): [   26.977239]mtk_dmx: [mtk_dmx_pm_runtime][325]dmx runtime pm(1): SUSPEND
08-08 04:46:02.870 I/kernel  (  875): [   26.977291]mtk_dmx: [mtk_dmx_pm_runtime][325]dmx runtime pm(1): RESUME
08-08 04:46:02.870 I/kernel  (  875): [   26.977374]mtk_dmx: [mtk_dmx_pm_runtime][325]dmx runtime pm(1): SUSPEND
08-08 04:46:02.870 I/kernel  (  875): [   26.977428]mtk_dmx: [mtk_dmx_pm_runtime][325]dmx runtime pm(1): RESUME
08-08 04:46:02.871 I/kernel  (  875): [   26.977513]mtk_dmx: [mtk_dmx_pm_runtime][325]dmx runtime pm(1): SUSPEND
08-08 04:46:02.838 D/CompatibilityChangeReporter(  741): Compat change id reported: 161145287; UID 10174; state: ENABLED
08-08 04:46:02.842 I/FontLog ( 1699): Pulling font file for id = 1, cache size = 1 [CONTEXT service_id=132 ]
08-08 04:46:02.845 I/ActivityManager(  741): Flag disabled. Ignoring finishAttachApplication from uid: 10077. pid: 2524
08-08 04:46:02.849 D/BoundBrokerSvc( 1699): onBind: Intent { act=com.google.android.gms.presencemanager.service.PRESENCE_REPORT dat=chimera-action:/... cmp=com.google.android.gms/.chimera.PersistentApiService }
08-08 04:46:02.849 D/BoundBrokerSvc( 1699): Loading bound service for intent: Intent { act=com.google.android.gms.presencemanager.service.PRESENCE_REPORT dat=chimera-action:/... cmp=com.google.android.gms/.chimera.PersistentApiService }
08-08 04:46:02.849 D/ProfileLockHelper( 1221): updateScaledSize No need to change because scaling 1.0
08-08 04:46:02.853 I/Rec-Service( 2703): Setup StrictMode: 0 (off)
08-08 04:46:02.863 I/FontLog ( 1699): Received query name=Rubik&weight=500, URI content://com.google.android.gms.fonts [CONTEXT service_id=132 ]
08-08 04:46:02.863 I/FontLog ( 1699): Query [name=Rubik&weight=500] resolved to {Rubik, wdth 100.0, wght 500, ital 0.0, bestEffort false}, isVf false} [CONTEXT service_id=132 ]
08-08 04:46:02.866 V/<MI3>   (  615): <INFO>Set all audio caps to 1
08-08 04:46:02.871 I/JpTis_IsdbSTunerTune@1( 1899): stop
08-08 04:46:02.872 I/JpTis_TsSatelliteStreamTimeAdjustingRequest@1( 1899): location=TsSatelliteStreams(streams=[StreamIdentifier(networkId=4, streamId=0x4010)])
08-08 04:46:02.872 I/JpTis_AribSdbImpl( 1899): queryIsdbSStream() networkId: 4 tsId: 16400
08-08 04:46:02.872 W/JpTis_TsSatelliteCacheData( 1899): [getPatParsedTable] No PatParsedTable found for streamId: 16400
08-08 04:46:02.872 I/JpTis_TsSatelliteRepository( 1899): [queryIsdbSStream] IsdbSStreamQueryResult StreamPresent. networkId: 4, tsId: 16400
08-08 04:46:02.873 I/JpTis_TsSatelliteStreamTimeAdjustingRequest@1( 1899): queryIsdbSStream target=StreamPresent(stream=IsdbSStreamInfo(network=IsdbSNetworkInfo(deliverySystem=IsdbS, networkId=4, nit=com.sony.dtv.tvinput.jptuner.middleware.aribtune.common.sitable.nit.NitParsedTable@bb475377, bit=com.sony.dtv.tvinput.jptuner.middleware.aribtune.common.sitable.bit.BitParsedTable@aca9b16), tsId=16400, muxParameter=IsdbSParameter(transponder=SatelliteTransponder(rfFrequency=11727480, polarization=CIRCULAR_RIGHT), tsId=16400), sdt=com.sony.dtv.tvinput.jptuner.middleware.aribtune.common.sitable.sdt.SdtParsedTable@e688e5fa, cachedPat=null))
08-08 04:46:02.875 I/ActivityManager(  741): Flag disabled. Ignoring finishAttachApplication from uid: 10230. pid: 2703
08-08 04:46:02.876 I/JpTis_TsSatelliteStreamTimeAdjustingRequest@1( 1899): send status=Started(location=TsSatelliteStreams(streams=[StreamIdentifier(networkId=4, streamId=0x4010)]))
08-08 04:46:02.876 I/JpTis_TsSatelliteStreamTimeAdjustingRequest@1( 1899): tryNext context=com.sony.dtv.tvinput.jptuner.middleware.aribtune.timeadjusting.request.AbstractTimeAdjustingRequest$Context@836d78f
08-08 04:46:02.881 D/CompatibilityChangeReporter(  741): Compat change id reported: 261072174; UID 10174; state: ENABLED
08-08 04:46:02.890 W/system_server(  741): Long monitor contention with owner binder:741_A (1967) at java.util.Set com.android.server.audio.AudioService.getDeviceSetForStream(int)(AudioService.java:7398) waiters=0 in void com.android.server.audio.AudioService$VolumeStreamState.applyAllVolumes() for 314ms
08-08 04:46:02.893 I/katniss_interactor_FindForegroundAppUtils( 1866): Foreground app name from running tasks: com.google.android.apps.tv.launcherx
08-08 04:46:02.896 I/katniss_interactor_InitSystem( 1866): HOTWORD_CACHE running
08-08 04:46:02.897 I/katniss_interactor_InitSystem( 1866): HOTWORD_CACHE ran in 0 seconds & 0 milliseconds
08-08 04:46:02.897 I/katniss_interactor_InitSystem( 1866): LOCATION running
08-08 04:46:02.897 I/katniss_interactor_LocationTask( 1866): Last known Location[fused 35.621622,139.732115 hAcc=2000.0 et=0], countryCode=JP
08-08 04:46:02.899 I/katniss_interactor_LocationTask( 1866): Requesting Request[@30m HIGH_ACCURACY, minUpdateDistance=100.0, waitForAccurateLocation]
08-08 04:46:02.899 I/katniss_interactor_InitSystem( 1866): LOCATION ran in 0 seconds & 1 milliseconds
08-08 04:46:02.899 I/katniss_interactor_InitSystem( 1866): FILE_CLEANER running
08-08 04:46:02.899 I/katniss_interactor_FileCleanerTask( 1866): Deleting obsolete files and directories
08-08 04:46:02.901 D/audio_hw_primary(  617): adev_set_parameters: spk_volume=0
08-08 04:46:02.901 D/voc_hw  (  617): adev_voc_set_speaker_volume   :1083 update speaker volume before=15 after=0
08-08 04:46:02.901 D/voc_hw  (  617): adev_voc_set_speaker_volume   :1085 update adjust ref level before=0.440000 after=-120.000000
08-08 04:46:02.901 I/JpTis_AribTotTuneRequest( 1899): onUpdated status:Started(location=TsSatelliteStreams(streams=[StreamIdentifier(networkId=4, streamId=0x4010)])) .
08-08 04:46:02.901 D/audio_hw_primary(  617): getBeqSpeakerInfoDiff: end: gainCh=0,inputCh=0,getCh=0,hpfCh=0
08-08 04:46:02.902 I/BEQSpeaker_filter(  617): _MI_APAF_FILTER_BEQSpeaker_SetParameter spk_volume 0
08-08 04:46:02.902 I/audio_hw_primary(  617): setVolume: SpeakerOutput set volume index 0.
08-08 04:46:02.903 I/BEQSpeaker_filter(  617): _MI_APAF_FILTER_BEQSpeaker_SetParameter spk_volume 0
08-08 04:46:02.903 I/audio_hw_primary(  617): setVolume: SpeakerOutput set volume index 0.
08-08 04:46:02.905 D/audio_hw_primary(  617): adev_set_parameters: headphone_volume=0
08-08 04:46:02.905 I/JpTis_TsSatelliteStreamTimeAdjustingRequest@1( 1899): remaining=[TuneElementWithLocation(tuneElementWithPlugins=TimeAdjustingTuneElementWithPlugins(tuneElement=com.sony.dtv.tvinput.jptuner.middleware.aribtune.timeadjusting.tuneelement.TsTimeAdjustingTuneElement@ca18a1c, plugins=[com.sony.dtv.tvinput.jptuner.middleware.aribtune.plugin.forwarder.DataDeduplicationForwarder@22cee84, com.sony.dtv.tvinput.jptuner.middleware.aribtune.plugin.actualmuxinfo.TsSatelliteActualMuxInfoForwarder@be5f66d, com.sony.dtv.tvinput.jptuner.middleware.aribtune.plugin.forwarder.BufferingDataListWithProviderIdDeduplicationForwarder@74d52a2, com.sony.dtv.tvinput.jptuner.middleware.aribtune.plugin.forwarder.BufferingDataListWithProviderIdForwarder@665bb33, com.sony.dtv.tvinput.jptuner.middleware.aribtune.plugin.forwarder.BufferingDataListWithProviderIdForwarder@4cc6ef0, com.sony.dtv.tvinput.jptuner.middleware.aribtune.plugin.forwarder.BufferingDataListWithProviderIdForwarder@2788c69, com.sony.dtv.tvinput.jptuner.middleware.aribtune.plugin.forwarder.BufferingDataListWithProviderIdForwarder@a51f6ee]), location=TsSatelliteStreams(streams=[StreamIdentifier(networkId=4, streamId=0x4010)]))]
08-08 04:46:02.906 D/audio_hw_primary(  617): getBeqSpeakerInfoDiff: end: gainCh=1,inputCh=0,getCh=0,hpfCh=0
08-08 04:46:02.911 I/JpTis_IsdbSFrontendTuneImpl@1( 1899): startTuning: frontendSettings: frequency:1049480000, streamId:0x4010, streamIdType:0x00, modulation:1, codeRate:1, symbolRate:0, rollOff:0
08-08 04:46:02.911 D/MediaTvTuner( 1899): Tune to 1049480000
08-08 04:46:02.919 W/ProviderHelper( 1699): Unknown dynamite feature providerinstaller.dynamite
08-08 04:46:02.920 W/system_server(  741): Long monitor contention with owner binder:741_3 (1042) at int com.android.server.job.JobSchedulerService.scheduleAsPackage(android.app.job.JobInfo, android.app.job.JobWorkItem, int, java.lang.String, int, java.lang.String, java.lang.String)(JobSchedulerService.java:1818) waiters=0 in void com.android.server.job.controllers.QuotaController$QcHandler.handleMessage(android.os.Message) for 227ms
08-08 04:46:02.921 D/RecService-AppCustomizationUtils( 2703): AppCustomizationUtils:Destination : JP-ISDB
08-08 04:46:02.921 I/HNS     ( 2594): [String] [query] query URI: content://com.sony.dtv.homenetwork.dmrprovider/dmr_config, projection: [Ljava.lang.String;@5ce5dcc, selection: key=?, selectionArgs: [Ljava.lang.String;@13a4815, sortOrder: null
08-08 04:46:02.922 D/RecService-AppCustomizationUtils( 2703): AppCustomizationUtils:PackageName : 10240170
08-08 04:46:02.922 D/RecService-RecServiceLib( 2703): AppCustomizationUtils.getDestination(DESTINATION)=JP-ISDB
08-08 04:46:02.922 D/RecService-RecServiceLib( 2703): AppCustomizationUtils.getDestination(PACKAGE_VERSION)=10240170
08-08 04:46:02.923 D/RecService-AppCustomizationUtils( 2703): AppCustomizationUtils:Destination : JP-ISDB
08-08 04:46:02.923 D/RecService-AppCustomizationUtils( 2703): AppCustomizationUtils:PackageName : 10240170
08-08 04:46:02.923 D/RecService-RecServiceLib( 2703): AppCustomizationUtils.getDestination(DESTINATION)=JP-ISDB
08-08 04:46:02.923 D/RecService-RecServiceLib( 2703): AppCustomizationUtils.getDestination(PACKAGE_VERSION)=10240170
08-08 04:46:02.926 I/MediaProvider( 1864): Begin Intent { act=com.android.providers.media.action.SCAN_VOLUME (has extras) }
08-08 04:46:02.928 V/MediaStore( 1864): Examining volume emulated;0 with name external_primary and state mounted
08-08 04:46:02.931 I/FontLog ( 1699): Fetch {Rubik, wdth 100.0, wght 500, ital 0.0, bestEffort false}, isVf false} end status Status{statusCode=SUCCESS, resolution=null} [CONTEXT service_id=132 ]
08-08 04:46:02.935 I/AxMediaRouter( 1585): Found default route: MediaRouter.RouteInfo{ uniqueId=DEFAULT_ROUTE, name=TV, description=null, iconUri=null, enabled=true, isSystemRoute=true, connectionState=0, canDisconnect=false, playbackType=0, playbackStream=3, deviceType=0, volumeHandling=1, volume=0, volumeMax=100, presentationDisplayId=-1, extras=null, settingsIntent=null, providerPackageName=android }
08-08 04:46:02.935 I/AxMediaRouter( 1585): Unselecting the current route because it is no longer selectable: null
08-08 04:46:02.935 I/d       ( 2633): Loading features from assets
08-08 04:46:02.938 I/ObservableProperty( 1221): [MainModel selectable tiles] : apply value change null -> [Help, Notification, PictureAndSound, PictureSettings, ContentMode, PictureMode, Brightness, PowerSaving, RgbSensor, AutoAdjustPictureAndSound, AutoAdjustReflection, AutoAdjustViewingPosition, VoiceZoom, SoundMode, SoundField, NightMode, SubwooferVolume, ImmersiveAe, BassLevel, RearVolume, RearLevel, SSM360, AudioMain, ThreeDSurround, NetworkSettings, Bluetooth, Accessibility, TalkBack, TextMagnification, ColorCorrection, ColorInversion, MonoAudio, EcoDashboard, AutoPowerSavingMode, ParentalControls, GestureControl, PictureOff, SleepTimer, TimerSettings, AlarmSettings, PowerOnBehavior] on Looper (main, tid 2) {68018b1}
08-08 04:46:02.941 I/AACExtractor(  778): [MTK AAC] SniffAAC
08-08 04:46:02.941 D/AACExtractor(  778): data[0] = 0x5367674f, data[1] = 0x200, data[2] = 0x0, data[3] = 0x40850000
08-08 04:46:02.941 D/AACExtractor(  778): [MTK_AAC] Sniff: Other container header
08-08 04:46:02.941 W/AC3Extractor(  778): [AC3]sampleIndex(3) error.
08-08 04:46:02.942 I/AC3Extractor(  778): SniffVendorExtractor AC3 return false, syncword offset(13633)
08-08 04:46:02.942 I/AC3Extractor(  778): SniffAC3 fail
08-08 04:46:02.942 V/AC4Extractor(  778): SniffAC4
08-08 04:46:02.942 I/FontLog ( 1699): Pulling font file for id = 2, cache size = 2 [CONTEXT service_id=132 ]
08-08 04:46:02.942 I/AC4Extractor(  778): SniffAC4 fail
08-08 04:46:02.942 D/APEExtractor(  778): SniffAPE++
08-08 04:46:02.942 D/APEExtractor(  778): getAPEInfo 0, 0
08-08 04:46:02.943 D/APEExtractor(  778): SniffAPE FALSE
08-08 04:46:02.943 D/ASFExtractor(  778): SniffVendorExtractor
08-08 04:46:02.943 I/ASF parse.cpp(  778): asf_parse_header: ASF_ERROR_INVALID_VALUE @L196
08-08 04:46:02.943 I/ASF asf.cpp(  778): parsing header: -6
08-08 04:46:02.943 D/ASFExtractor(  778): ~ASFExtractor 0xebb408d0, tid=1239
08-08 04:46:02.943 D/ASFExtractor(  778): mtk_asf_extractor_recognize OUT
08-08 04:46:02.943 D/DTCPExtractor(  778): [DTCP] SniffVendorExtractor in
08-08 04:46:02.943 V/DTSExtractor(  778): SniffDTS
08-08 04:46:02.943 D/DTSExtractor(  778): SniffVendorExtractor DTS return false
08-08 04:46:02.943 I/FLACExtractor(  778): [FLAC] no ID3
08-08 04:46:02.944 D/MP3Extractor(  778): [MTK_MP3] Sniff: Other container header
08-08 04:46:02.944 I/MtkMP4Extractor(  778): fileSize: 16860 
08-08 04:46:02.944 D/MKV     (  778): [MKV]SniffMatroska IN. Line:6073
08-08 04:46:02.944 I/MKV     (  778): mFileSize:16860, mDataCacheSize:65536
08-08 04:46:02.944 I/MKV     (  778): FileSource::readAt(offset 0, size 65536) result 16860 < size 65536! @L484
08-08 04:46:02.944 D/MKV     (  778): [MKV]SniffMatroska OUT. Line:6078
08-08 04:46:02.944 I/OgmExtractor(  778): [ogm]SniffVendorExtractor IN
08-08 04:46:02.944 I/OgmExtractor(  778): Find Vorbis audio
08-08 04:46:02.944 D/MtkMPEG2PSExtractor(  778): [MTK_PS] Sniff: Other container header
08-08 04:46:02.944 D/MPEG2TSExtractor(  778): SniffTS:unknown format
08-08 04:46:02.944 D/ESExtractor(  778): [VES]SniffVendorExtractor in
08-08 04:46:02.944 D/ESExtractor(  778): SniffES:unknown format
08-08 04:46:02.944 D/WAVExtractor(  778): SniffWAV return FALSE Header is : 79 103 103 83 0 0 0 0
08-08 04:46:02.948 D/MediaCodecList( 1221): codecHandlesFormat: no format, so no extra checks
08-08 04:46:02.949 W/CCodecBufferChannel( 1221): Get running app property failed
08-08 04:46:02.950 I/CCodecBufferChannel( 1221): Set CCBC_InputTask 2804 priority -10 success
08-08 04:46:02.950 I/CCodecBufferChannel( 1221): Set CCBC_OutputTask 2805 priority -10 success
08-08 04:46:02.951 I/AACExtractor(  778): [MTK AAC] SniffAAC
08-08 04:46:02.952 D/AACExtractor(  778): data[0] = 0x5367674f, data[1] = 0x200, data[2] = 0x0, data[3] = 0x16150000
08-08 04:46:02.952 D/AACExtractor(  778): [MTK_AAC] Sniff: Other container header
08-08 04:46:02.952 W/BroadcastLoopers(  741): Found previously unknown looper Thread[StorageManagerService,5,main]
08-08 04:46:02.953 I/ActivityManager(  741): Flag disabled. Ignoring finishAttachApplication from uid: 10169. pid: 2594
08-08 04:46:02.954 I/AC3Extractor(  778): SniffVendorExtractor AC3 return false, syncword offset(11585)
08-08 04:46:02.954 D/installd(  777): Found quota mount /dev/block/by-name/metadata at /metadata
08-08 04:46:02.954 I/AC3Extractor(  778): SniffAC3 fail
08-08 04:46:02.954 D/CCodec  ( 1221): allocate(c2.android.vorbis.decoder)
08-08 04:46:02.954 V/AC4Extractor(  778): SniffAC4
08-08 04:46:02.954 D/StorageManagerService(  741): Volume emulated;0 broadcasting mounted to UserHandle{0}
08-08 04:46:02.954 D/installd(  777): Found quota mount /dev/block/dm-48 at /data
08-08 04:46:02.955 D/installd(  777): Found quota mount /dev/block/dm-48 at /data/user/0
08-08 04:46:02.956 D/installd(  777): Found quota mount /dev/block/dm-48 at /mnt/pass_through/0/emulated
08-08 04:46:02.957 D/installd(  777): Found storage mount /dev/block/dm-48 at /mnt/pass_through/0/emulated
08-08 04:46:02.957 I/CCodec  ( 1221): setting up 'default' as default (vendor) store
08-08 04:46:02.957 D/installd(  777): Found storage mount  at /mnt/pass_through/0/emulated
08-08 04:46:02.958 I/CCodec  ( 1221): Created component [c2.android.vorbis.decoder]
08-08 04:46:02.959 D/CCodecConfig( 1221): read media type: audio/vorbis
08-08 04:46:02.959 I/ObservableProperty( 1221): [MainModel used tiles] : apply value change null -> [PictureAndSound, ContentMode, PictureMode, Brightness, PowerSaving, VoiceZoom, NetworkSettings, Bluetooth, EcoDashboard, ParentalControls, PictureOff, SleepTimer, TimerSettings, AlarmSettings, PowerOnBehavior] on Looper (main, tid 2) {68018b1}
08-08 04:46:02.960 I/UserModelDataUpdater( 1221): use default tiles
08-08 04:46:02.960 I/UserModelDataUpdater( 1221): change state[null -> USER_DATA_UNINITIALIZED]
08-08 04:46:02.961 D/ReflectedParamUpdater( 1221): extent() != 1 for single value type: algo.buffers.max-count.values
08-08 04:46:02.961 D/UserModelManager( 1221): isDefault: Accessibility
08-08 04:46:02.961 D/ReflectedParamUpdater( 1221): extent() != 1 for single value type: output.subscribed-indices.values
08-08 04:46:02.961 D/ReflectedParamUpdater( 1221): extent() != 1 for single value type: input.buffers.allocator-ids.values
08-08 04:46:02.961 D/ReflectedParamUpdater( 1221): extent() != 1 for single value type: output.buffers.allocator-ids.values
08-08 04:46:02.962 D/ReflectedParamUpdater( 1221): extent() != 1 for single value type: algo.buffers.allocator-ids.values
08-08 04:46:02.962 D/ReflectedParamUpdater( 1221): extent() != 1 for single value type: output.buffers.pool-ids.values
08-08 04:46:02.962 D/ReflectedParamUpdater( 1221): extent() != 1 for single value type: algo.buffers.pool-ids.values
08-08 04:46:02.963 D/UserModelManager( 1221): isDefault: Notification
08-08 04:46:02.963 D/UserModelManager( 1221): isDefault: TalkBack
08-08 04:46:02.963 D/CCodecConfig( 1221): vendor.mtk-codec2.hdr-type is not a recognized vendor parameter; ignored.
08-08 04:46:02.963 D/CCodecConfig( 1221): vendor.mtk-codec2.frame-rate is not a recognized vendor parameter; ignored.
08-08 04:46:02.963 D/UserModelManager( 1221): isDefault: TextMagnification
08-08 04:46:02.963 I/CCodecConfig( 1221): query failed after returning 7 values (BAD_INDEX)
08-08 04:46:02.963 D/CCodecConfig( 1221): c2 config diff is Dict {
08-08 04:46:02.963 D/CCodecConfig( 1221):   c2::u32 coded.bitrate.value = 64000
08-08 04:46:02.963 D/CCodecConfig( 1221):   c2::u32 input.buffers.max-size.value = 32768
08-08 04:46:02.963 D/CCodecConfig( 1221):   c2::u32 input.delay.value = 0
08-08 04:46:02.963 D/CCodecConfig( 1221):   string input.media-type.value = "audio/vorbis"
08-08 04:46:02.963 D/CCodecConfig( 1221):   string output.media-type.value = "audio/raw"
08-08 04:46:02.963 D/CCodecConfig( 1221):   c2::u32 raw.channel-count.value = 1
08-08 04:46:02.963 D/CCodecConfig( 1221):   c2::u32 raw.sample-rate.value = 48000
08-08 04:46:02.963 D/CCodecConfig( 1221): }
08-08 04:46:02.966 D/MediaCodec( 1221): flushMediametrics
08-08 04:46:02.966 D/CCodec  ( 1221): [c2.android.vorbis.decoder] buffers are bound to CCodec for this session
08-08 04:46:02.966 D/CCodecConfig( 1221): no c2 equivalents for durationUs
08-08 04:46:02.966 D/CCodecConfig( 1221): no c2 equivalents for track-id
08-08 04:46:02.966 D/CCodecConfig( 1221): no c2 equivalents for csd-1
08-08 04:46:02.966 D/CCodecConfig( 1221): no c2 equivalents for pq-session-id
08-08 04:46:02.966 D/CCodecConfig( 1221): no c2 equivalents for flags
08-08 04:46:02.967 D/CCodecConfig( 1221): c2 config diff is   c2::u32 coded.bitrate.value = 350000
08-08 04:46:02.967 D/CCodecConfig( 1221):   c2::u32 raw.channel-count.value = 2
08-08 04:46:02.967 D/CCodecConfig( 1221):   c2::u32 raw.sample-rate.value = 44100
