01-01 09:00:06.195 I/SystemServiceManager(  741): Starting com.android.server.pm.Installer
01-01 09:00:06.196 I/SystemConfig(  741): Reading permissions from /vendor/etc/permissions/android.software.device_id_attestation.xml
01-01 09:00:06.196 I/SystemConfig(  741): Reading permissions from /vendor/etc/permissions/android.software.ipsec_tunnels.xml
01-01 09:00:06.197 I/SystemConfig(  741): Reading permissions from /vendor/etc/permissions/android.software.opengles.deqp.level-2023-03-01.xml
01-01 09:00:06.197 D/installd(  777): Found quota mount /dev/block/by-name/metadata at /metadata
01-01 09:00:06.198 V/<MI_PQ> (  626): [MI_PQ_Apply_InsertController, 3293][qmap log]FileName: hdr_3x3_2020to2020.bin; Path: /mnt/vendor/featuredata/pq/qmap/online/bin/hdr_3x3_2020to2020.bin
01-01 09:00:06.198 D/installd(  777): Found quota mount /dev/block/dm-48 at /data
01-01 09:00:06.198 V/<MI_PQ> (  626): [MI_PQ_Apply_InsertController, 3293][qmap log]FileName: hdr_3x3_Adobeto2020.bin; Path: /mnt/vendor/featuredata/pq/qmap/online/bin/hdr_3x3_Adobeto2020.bin
01-01 09:00:06.199 V/<MI_PQ> (  626): [MI_PQ_Apply_InsertController, 3293][qmap log]FileName: hdr_3x3_DCIto2020.bin; Path: /mnt/vendor/featuredata/pq/qmap/online/bin/hdr_3x3_DCIto2020.bin
01-01 09:00:06.199 V/<MI_PQ> (  626): [MI_PQ_Apply_InsertController, 3293][qmap log]FileName: hdr_3x3_sRGBto2020.bin; Path: /mnt/vendor/featuredata/pq/qmap/online/bin/hdr_3x3_sRGBto2020.bin
01-01 09:00:06.200 D/installd(  777): Found quota mount /dev/block/dm-48 at /data/user/0
01-01 09:00:06.201 I/BEQSpeaker_filter(  617): _MI_APAF_FILTER_BEQSpeaker_SetParameter spk_volume 0
01-01 09:00:06.201 I/audio_hw_primary(  617): setVolume: SpeakerOutput set volume index 0.
01-01 09:00:06.202 V/<MI_PQ> (  626): CUSTOM_QMAP Insert file  is success!!
01-01 09:00:06.202 V/<MI_PQ> (  626):  CUSTOM_QMAP FilePath = /mnt/vendor/featuredata/pq/qmap/online 
01-01 09:00:06.202 V/<MI_PQ> (  626):  CUSTOM_QMAP eQmapFileTypeIndx = 0 eFileType = 7 ePQMapType = 0
01-01 09:00:06.202 V/<MI_PQ> (  626): [MI_PQ_Apply_InsertController, 3209][qmap log]FileName: aisr_core_pim.json; Path: /mnt/vendor/featuredata/pq/qmap/online/aisr/aisr_core_pim.json
01-01 09:00:06.202 W/libc    (  232): Unable to set property "ctl.interface_start" to "aidl/vendor.mediatek.hardware.pq.IPq/default": error code: 0x20
01-01 09:00:06.202 I/<APAF>  (  617): <PRINT>_MI_APAF_FILTER_DELAY_SetParameter[1292]: [Delay][SpeakerOutput] SetDelay RAW = 0 (CH = 0, SR = 0, BW = 16)
01-01 09:00:06.202 I/audio_hw_primary(  617): setDelay: set SpeakerOutput delay 0 ms [total delay:0][delay:0/adjust:0/extra:0]
01-01 09:00:06.202 D/audio_hw_primary(  617): setMute: pipeline:SpeakerOutput digitalout:- filter:BEQSpeaker param:spk.mute
01-01 09:00:06.202 V/SystemServerTiming(  741): StartInstaller took to complete: 6ms
01-01 09:00:06.202 D/SystemServerTiming(  741): DeviceIdentifiersPolicyService
01-01 09:00:06.202 I/SystemServiceManager(  741): Starting com.android.server.os.DeviceIdentifiersPolicyService
01-01 09:00:06.202 V/<MI_PQ> (  626): [MI_PQ_Apply_InsertController, 3209][qmap log]FileName: aisr_pim.json; Path: /mnt/vendor/featuredata/pq/qmap/online/aisr/aisr_pim.json
01-01 09:00:06.203 I/BEQSpeaker_filter(  617): _MI_APAF_FILTER_BEQSpeaker_SetParameter  spk.mute unmute
01-01 09:00:06.203 I/audio_hw_primary(  617): setMute: SpeakerOutput set volume unmute type 0 -> pipeline status is unmute . final muted:0
01-01 09:00:06.203 I/audio_hw_primary(  617): create: device pipeline SpeakerOutput[OutputDevice=SpeakerOutput, DataDrop=false] handle [0x1f000002] Done !!
01-01 09:00:06.204 V/SystemServerTiming(  741): DeviceIdentifiersPolicyService took to complete: 2ms
01-01 09:00:06.204 D/SystemServerTiming(  741): UriGrantsManagerService
01-01 09:00:06.204 I/SystemServiceManager(  741): Starting com.android.server.uri.UriGrantsManagerService$Lifecycle
01-01 09:00:06.204 I/SystemConfig(  741): Reading permissions from /vendor/etc/permissions/android.software.verified_boot.xml
01-01 09:00:06.205 V/<MI_PQ> (  626): [MI_PQ_Apply_InsertController, 3209][qmap log]FileName: ca_pim.json; Path: /vendor/tvconfig/bsp/chip/mt5897/pq/ts_domain/qmap_main/online/ca/ca_pim.json
01-01 09:00:06.205 I/audio_hw_primary(  617): connect: connect pipeline[0x1F000001, SESpeakerOutput], pipeline[0x1F000002, SpeakerOutput] Done !!
01-01 09:00:06.205 V/<MI_PQ> (  626): [MI_PQ_Apply_InsertController, 3209][qmap log]FileName: hdr_3x3_csc_pim.json; Path: /mnt/vendor/featuredata/pq/qmap/online/cfd/hdr_3x3_csc_pim.json
01-01 09:00:06.205 I/SystemConfig(  741): Reading permissions from /vendor/etc/permissions/android.software.vulkan.deqp.level-2023-03-01.xml
01-01 09:00:06.206 V/<MI_PQ> (  626): [MI_PQ_Apply_InsertController, 3209][qmap log]FileName: hdr_in_csc_pim.json; Path: /mnt/vendor/featuredata/pq/qmap/online/cfd/hdr_in_csc_pim.json
01-01 09:00:06.206 V/SystemServerTiming(  741): UriGrantsManagerService took to complete: 2ms
01-01 09:00:06.206 D/SystemServerTiming(  741): StartPowerStatsService
01-01 09:00:06.206 I/SystemServiceManager(  741): Starting com.android.server.powerstats.PowerStatsService
01-01 09:00:06.207 V/<MI_PQ> (  626): [MI_PQ_Apply_InsertController, 3209][qmap log]FileName: hdr_out_csc_pim.json; Path: /mnt/vendor/featuredata/pq/qmap/online/cfd/hdr_out_csc_pim.json
01-01 09:00:06.207 I/SystemConfig(  741): Reading permissions from /vendor/etc/permissions/camera_features.xml
01-01 09:00:06.207 V/<MI_PQ> (  626): [MI_PQ_Apply_InsertController, 3209][qmap log]FileName: ip2csc_pim.json; Path: /mnt/vendor/featuredata/pq/qmap/online/cfd/ip2csc_pim.json
01-01 09:00:06.208 V/<MI_PQ> (  626): [MI_PQ_Apply_InsertController, 3209][qmap log]FileName: rgb3dlut_pim.json; Path: /vendor/tvconfig/bsp/chip/mt5897/pq/ts_domain/qmap_main/online/cfd/rgb3dlut_pim.json
01-01 09:00:06.208 I/SystemConfig(  741): Reading permissions from /vendor/etc/permissions/com.dolby.android.audio.xml
01-01 09:00:06.208 V/<MI_PQ> (  626): [MI_PQ_Apply_InsertController, 3209][qmap log]FileName: vopcsc_pim.json; Path: /mnt/vendor/featuredata/pq/qmap/online/cfd/vopcsc_pim.json
01-01 09:00:06.209 V/<MI_PQ> (  626): [MI_PQ_Apply_InsertController, 3209][qmap log]FileName: xvycc_pim.json; Path: /vendor/tvconfig/bsp/chip/mt5897/pq/ts_domain/qmap_main/online/cfd/xvycc_pim.json
01-01 09:00:06.209 V/<MI_PQ> (  626): [MI_PQ_Apply_InsertController, 3209][qmap log]FileName: ack_pim.json; Path: /vendor/tvconfig/bsp/chip/mt5897/pq/ts_domain/qmap_main/online/color/ack_pim.json
01-01 09:00:06.210 I/audio_hw_primary(  617): create: loopback pipeline Loopback[OutputDevice=Loopback] handle [0x1f000003] Done !!
01-01 09:00:06.210 V/<MI_PQ> (  626): [MI_PQ_Apply_InsertController, 3209][qmap log]FileName: avc_pim.json; Path: /vendor/tvconfig/bsp/chip/mt5897/pq/ts_domain/qmap_main/online/color/avc_pim.json
01-01 09:00:06.210 I/hwservicemanager(  233): getTransport: Cannot find entry android.hardware.power.stats@1.0::IPowerStats/default in either framework or device VINTF manifest.
01-01 09:00:06.211 I/audio_hw_primary(  617): connect: connect pipeline[0x1F000002, SpeakerOutput, Mixer], pipeline[0x1F000003, Loopback, Delay] Done !!
01-01 09:00:06.211 I/audio_hw_primary(  617): setLoopbackBuffer: SetParameters(1).
01-01 09:00:06.211 V/<MI_PQ> (  626): [MI_PQ_Apply_InsertController, 3209][qmap log]FileName: cgain_pim.json; Path: /vendor/tvconfig/bsp/chip/mt5897/pq/ts_domain/qmap_main/online/color/cgain_pim.json
01-01 09:00:06.211 E/PowerStatsService(  741): Unable to get power.stats HAL service.
01-01 09:00:06.211 E/PowerStatsService(  741): nativeInit failed to connect to power.stats HAL
01-01 09:00:06.211 I/audio_hw_primary(  617): setLoopbackBuffer: Loopback set loopback buffer (1).
01-01 09:00:06.211 I/audio_hw_primary(  617): __handleAiaqTopology: targetPipeline , bConnect 0.
01-01 09:00:06.211 I/SystemConfig(  741): Reading permissions from /vendor/etc/permissions/com.dolby.android.audio.xml.xml
01-01 09:00:06.212 I/SystemConfig(  741): Reading permissions from /vendor/etc/permissions/com.google.android.tv.mdns_offload.xml
01-01 09:00:06.212 I/BEQSpeaker_filter(  617): _MI_APAF_FILTER_BEQSpeaker_SetParameter  InputType Mm
01-01 09:00:06.212 V/<MI_PQ> (  626): [MI_PQ_Apply_InsertController, 3209][qmap log]FileName: cti2nd_UM_pim.json; Path: /mnt/vendor/featuredata/pq/qmap/online/color/cti2nd_UM_pim.json
01-01 09:00:06.212 I/SystemConfig(  741): Reading permissions from /vendor/etc/permissions/com.mediatek.network.xml
01-01 09:00:06.212 V/SystemServerTiming(  741): StartPowerStatsService took to complete: 6ms
01-01 09:00:06.213 V/<MI_PQ> (  626): [MI_PQ_Apply_InsertController, 3209][qmap log]FileName: fcc_pim.json; Path: /vendor/tvconfig/bsp/chip/mt5897/pq/ts_domain/qmap_main/online/color/fcc_pim.json
01-01 09:00:06.213 I/<APAF>  (  617): <PRINT>_MI_APAF_CustomizedManager_DigitalAudio_GetFormatFromLogic[4131]: DigitalOutputFormat Spdif(1,PCM), ARC(1,PCM), eARC(1,PCM), Enc(1,PCM)
01-01 09:00:06.213 I/<APAF>  (  617): <PRINT>_MI_APAF_CustomizedManager_DigitalAudio_GetFormatConvert[4824]: Input format(0x0,LPCM), user output setting(pcm), forceEarcMchPcm(0)
01-01 09:00:06.213 I/<APAF>  (  617): <PRINT>_MI_APAF_CustomizedManager_DigitalAudio_GetFormatConvert[4828]: Input Format detail: DDP_ATMOS(0) MAT_ATMOS(0) SmpRate(48000) InputType(Mm) AacProfileType(4) AacMpegVersion(2) AribPlayer(0).
01-01 09:00:06.213 I/<APAF>  (  617): <PRINT>_MI_APAF_CustomizedManager_DigitalAudio_GetFormatConvert[4835]: AVR cap: LPCM(ch:0) DD(0) DDP(0) DDP_ATMOS(0,byte3:0x0) MAT_TRUEHD(0) MAT_ATMOS(0,byte3:0x0) MPEG2(0) MPEG4(0) MPEG4_22.2(0) DTS_BYPASS(0) DTS(0) DTSHD(0,byte3:0x0) DTSX(0)
01-01 09:00:06.213 I/<APAF>  (  617): <PRINT>_MI_APAF_CustomizedManager_DigitalAudio_GetFormatConvert[4837]: AAC support: SpdifMpeg2aac(1) ArcMpeg2aac(1) ArcMpeg4aac(1) eArcMpeg2aac(1) eArcMpeg4aac(1)
01-01 09:00:06.213 I/<APAF>  (  617): <PRINT>_MI_APAF_CustomizedManager_DigitalAudio_GetFormatConvert[4842]: DigitalOutputFormat Spdif(1,PCM), ARC(0,Not Connected), eARC(0,Not Connected), Enc(1,PCM)
01-01 09:00:06.213 D/SystemServerTiming(  741): StartIStatsService
01-01 09:00:06.213 I/SystemConfig(  741): Reading permissions from /vendor/etc/permissions/com.sony.dtv.interactivetvutil_client.xml
01-01 09:00:06.214 D/audio_hw_primary(  617): setEncoderChmodLock: encoder channel lock [0]
01-01 09:00:06.214 I/SystemConfig(  741): Reading permissions from /vendor/etc/permissions/com.sony.dtv.recutil.xml
01-01 09:00:06.215 V/<MI_PQ> (  626): [MI_PQ_Apply_InsertController, 3209][qmap log]FileName: fwc_UM_pim.json; Path: /mnt/vendor/featuredata/pq/qmap/online/color/fwc_UM_pim.json
01-01 09:00:06.215 I/SystemConfig(  741): Reading permissions from /vendor/etc/permissions/com.sony.dtv.system.lmkmanager.xml
01-01 09:00:06.215 D/audio_hw_primary(  617): utils_set_digital_output_type: channel_allocation:0
01-01 09:00:06.216 I/<APAF>  (  617): <PRINT>_MI_APAF_CustomizedManager_DigitalAudio_GetFormatFromLogic[4131]: DigitalOutputFormat Spdif(0,Not Connected), ARC(0,Not Connected), eARC(0,Not Connected), Enc(0,Not Connected)
01-01 09:00:06.216 I/<APAF>  (  617): <PRINT>_MI_APAF_CustomizedManager_DigitalAudio_GetFormatConvert[4824]: Input format(0x0,LPCM), user output setting(PCM), forceEarcMchPcm(0)
01-01 09:00:06.216 I/<APAF>  (  617): <PRINT>_MI_APAF_CustomizedManager_DigitalAudio_GetFormatConvert[4828]: Input Format detail: DDP_ATMOS(0) MAT_ATMOS(0) SmpRate(48000) InputType(Mm) AacProfileType(4) AacMpegVersion(2) AribPlayer(0).
01-01 09:00:06.216 I/<APAF>  (  617): <PRINT>_MI_APAF_CustomizedManager_DigitalAudio_GetFormatConvert[4835]: AVR cap: LPCM(ch:0) DD(0) DDP(0) DDP_ATMOS(0,byte3:0x0) MAT_TRUEHD(0) MAT_ATMOS(0,byte3:0x0) MPEG2(0) MPEG4(0) MPEG4_22.2(0) DTS_BYPASS(0) DTS(0) DTSHD(0,byte3:0x0) DTSX(0)
01-01 09:00:06.216 I/<APAF>  (  617): <PRINT>_MI_APAF_CustomizedManager_DigitalAudio_GetFormatConvert[4837]: AAC support: SpdifMpeg2aac(1) ArcMpeg2aac(1) ArcMpeg4aac(1) eArcMpeg2aac(1) eArcMpeg4aac(1)
01-01 09:00:06.216 I/<APAF>  (  617): <PRINT>_MI_APAF_CustomizedManager_DigitalAudio_GetFormatConvert[4842]: DigitalOutputFormat Spdif(0,Not Connected), ARC(0,Not Connected), eARC(0,Not Connected), Enc(0,Not Connected)
01-01 09:00:06.216 I/audio_hw_primary(  617): __set_HdmiOutputStatus[1859]: HdmiOutputEnable=0
01-01 09:00:06.216 I/audio_hw_primary(  617): setHdmiOutputEnable: SetParameter(0)!!
01-01 09:00:06.216 I/<APAF>  (  617): <PRINT>_MI_APAF_CustomizedManager_TrackingParameterHandler[1213]: receive HDMI_OUTPUT_ENABLE 0
01-01 09:00:06.216 I/audio_hw_primary(  617): setHdmiOutputEnable: set HdmiOutputEnable = 0.
01-01 09:00:06.216 V/<MI_PQ> (  626): [MI_PQ_Apply_InsertController, 3209][qmap log]FileName: hsy_pim.json; Path: /vendor/tvconfig/bsp/chip/mt5897/pq/ts_domain/qmap_main/online/color/hsy_pim.json
01-01 09:00:06.216 D/audio_hw_primary(  617): _utils_get_input_source_type Input Source:Mm
01-01 09:00:06.216 I/audio_hw_primary(  617): setInputSource: SetParameters(Mm).
01-01 09:00:06.216 I/SystemConfig(  741): Reading permissions from /vendor/etc/permissions/ffga_always_on_features.xml
01-01 09:00:06.216 V/<MI_PQ> (  626): [MI_PQ_Apply_InsertController, 3209][qmap log]FileName: lpq_color_pim.json; Path: /mnt/vendor/featuredata/pq/qmap/online/color/lpq_color_pim.json
01-01 09:00:06.217 D/SONY_AQ_SERVICE(APAF)(  617): libSonyAqService_GetAqDataSize [217] pstFilter->szFilterName=Volume 
01-01 09:00:06.217 D/SONY_AQ_SERVICE(  617): utilsAqDataGetNum [1427]  pszConditionInfo=Mm *psztSize=0 
01-01 09:00:06.217 E/SONY_AQ_SERVICE(  617): utils_aq_data_parse_cond [399] pszConditionInfo Parse Error(3)=
01-01 09:00:06.217 E/SONY_AQ_SERVICE(  617): Mm 
01-01 09:00:06.217 I/audio_hw_primary(  617): setInputSource: MseMvs set input source (Mm).
01-01 09:00:06.217 I/audio_hw_primary(  617): utils_eArcMchPcm_output_ctrl: Ninja(0), EarcExist(0), FastMmapExist(0), InputMchPcmExist(0), UI(PCM)
01-01 09:00:06.217 E/audio_hw_primary(  617): utils_set_dts_parameter_by_output_device: adev->main_output_stream should not be NULL !
01-01 09:00:06.217 D/voc_hw  (  617): adev_voc_set_tv_output_setting:1236 update tv output setting before=2 after=0
01-01 09:00:06.217 D/audio_hw_primary(  617): utils_update_highest_channel_capability(): add ms12Format(0)
01-01 09:00:06.217 I/audio_hw_primary(  617): utils_set_buffer_underrun_mute: out[13], Over threshold 23 ms, elased 162 ms
01-01 09:00:06.217 I/audio_hw_primary(  617): getVolNickName Not outputdevice pipelinename: Decoder_13
01-01 09:00:06.217 I/SystemConfig(  741): Reading permissions from /vendor/etc/permissions/freeviewplay_features.xml
01-01 09:00:06.218 E/PQ_UTILITY(  626): [PQMAP][PIM][__pim_get_swregister] Cannot find sw_register lpq_color.lpq_temp_iir_alpha
01-01 09:00:06.218 E/PQ_UTILITY(  626): [PQMAP][PIM][__pim_get_swregister] Cannot find sw_register lpq_color.lpq_temp_iir_alpha
01-01 09:00:06.218 E/PQ_UTILITY(  626): [PQMAP][PIM][__pim_get_swregister] Cannot find sw_register lpq_color.lpq_temp_iir_alpha
01-01 09:00:06.218 E/PQ_UTILITY(  626): [PQMAP][PIM][__pim_get_swregister] Cannot find sw_register lpq_color.lpq_temp_iir_alpha
01-01 09:00:06.218 E/PQ_UTILITY(  626): [PQMAP][PIM][__pim_get_swregister] Cannot find sw_register lpq_color.lpq_temp_iir_alpha
01-01 09:00:06.218 E/PQ_UTILITY(  626): [PQMAP][PIM][__pim_get_swregister] Cannot find sw_register lpq_color.lpq_temp_iir_alpha
01-01 09:00:06.218 E/PQ_UTILITY(  626): [PQMAP][PIM][__pim_get_swregister] Cannot find sw_register lpq_color.lpq_temp_iir_alpha
01-01 09:00:06.218 I/SystemConfig(  741): Reading permissions from /vendor/etc/permissions/mtv_core_hardware.xml
01-01 09:00:06.218 V/<MI_PQ> (  626): [MI_PQ_Apply_InsertController, 3209][qmap log]FileName: uvc2nd_pim.json; Path: /mnt/vendor/featuredata/pq/qmap/online/color/uvc2nd_pim.json
01-01 09:00:06.218 I/<APAF>  (  617): <PRINT>_MI_APAF_FILTER_VOLUME_SetMute[3238]: Pipeline Decoder_13: set Mute = 1 (Current depop time:0)
01-01 09:00:06.218 I/audio_hw_primary(  617): setMute: Decoder_13 set volume mute type 12. final muted:1
01-01 09:00:06.218 I/audio_hw_primary(  617): getVolNickName Not outputdevice pipelinename: Decoder_13
01-01 09:00:06.218 I/hwservicemanager(  233): getTransport: Cannot find entry android.frameworks.stats@1.0::IStats/default in either framework or device VINTF manifest.
01-01 09:00:06.219 E/HidlServiceManagement(  741): Service android.frameworks.stats@1.0::IStats/default must be in VINTF manifest in order to register/get.
01-01 09:00:06.219 W/system_server(  741): Cannot register HIDL android.frameworks.stats@1.0::IStats: -2147483648
01-01 09:00:06.219 I/<APAF>  (  617): <PRINT>_MI_APAF_FILTER_VOLUME_SetDepopTime[3314]: Pipeline(Decoder_13) depop duration is set to 256 ms. Current system time:10815869 us
01-01 09:00:06.219 V/SystemServerTiming(  741): StartIStatsService took to complete: 7ms
01-01 09:00:06.219 D/SystemServerTiming(  741): MemtrackProxyService
01-01 09:00:06.220 I/<APAF>  (  617): <PRINT>_MI_APAF_FILTER_VOLUME_SetMute[3238]: Pipeline Decoder_13: set Mute = 0 (Current depop time:256)
01-01 09:00:06.220 I/audio_hw_primary(  617): setMute: Decoder_13 set volume unmute type 12. final muted:0
01-01 09:00:06.220 V/<MI_PQ> (  626): [MI_PQ_Apply_InsertController, 3209][qmap log]FileName: madi_pim.json; Path: /vendor/tvconfig/bsp/chip/mt5897/pq/ts_domain/qmap_main/online/di/madi_pim.json
01-01 09:00:06.220 D/AudioFlinger(  680): updateHalSupportedLatencyModes_l: thread(13) status -38 supported latency modes: { }
01-01 09:00:06.221 V/<MI_PQ> (  626): [MI_PQ_Apply_InsertController, 3209][qmap log]FileName: film_pim.json; Path: /mnt/vendor/featuredata/pq/qmap/online/film/film_pim.json
01-01 09:00:06.221 I/Stability(  741): Interface set with vintf stability downgraded to system stability stability
01-01 09:00:06.221 V/SystemServerTiming(  741): MemtrackProxyService took to complete: 2ms
01-01 09:00:06.221 I/SystemConfig(  741): Reading permissions from /vendor/etc/permissions/nrdp.xml
01-01 09:00:06.222 V/APM_AudioPolicyManager(  680): setOutputDevices() AF::createAudioPatch returned 0 patchHandle 12 num_sources 1 num_sinks 1
01-01 09:00:06.222 V/<MI_PQ> (  626): [MI_PQ_Apply_InsertController, 3209][qmap log]FileName: ble_pim.json; Path: /vendor/tvconfig/bsp/chip/mt5897/pq/ts_domain/qmap_main/online/globalcontrast/ble_pim.json
01-01 09:00:06.222 D/SystemServerTiming(  741): StartAccessCheckingService
01-01 09:00:06.222 I/SystemServiceManager(  741): Starting com.android.server.permission.access.AccessCheckingService
01-01 09:00:06.222 W/APM::AudioPolicyEngine/ProductStrategy(  680): getVolumeGroupForStreamType: no volume group for AUDIO_STREAM_CALL_ASSISTANT, using default
01-01 09:00:06.222 W/APM::AudioPolicyEngine/ProductStrategy(  680): getVolumeGroupForStreamType: no volume group for AUDIO_STREAM_CALL_ASSISTANT, using default
01-01 09:00:06.223 W/APM::AudioPolicyEngine/ProductStrategy(  680): getVolumeGroupForStreamType: no volume group for AUDIO_STREAM_CALL_ASSISTANT, using default
01-01 09:00:06.223 V/APM_AudioPolicyManager(  680): checkAndSetVolume cannot set volume group 7 volume when is not requested for comm
01-01 09:00:06.223 W/APM::AudioPolicyEngine/ProductStrategy(  680): getVolumeGroupForStreamType: no volume group for AUDIO_STREAM_CALL_ASSISTANT, using default
01-01 09:00:06.223 W/APM::AudioPolicyEngine/ProductStrategy(  680): getVolumeGroupForStreamType: no volume group for AUDIO_STREAM_CALL_ASSISTANT, using default
01-01 09:00:06.223 V/SystemServerTiming(  741): StartAccessCheckingService took to complete: 0ms
01-01 09:00:06.223 W/APM::AudioPolicyEngine/ProductStrategy(  680): getVolumeGroupForStreamType: no volume group for AUDIO_STREAM_CALL_ASSISTANT, using default
01-01 09:00:06.223 D/SystemServerTiming(  741): StartActivityManager
01-01 09:00:06.223 W/APM::AudioPolicyEngine/ProductStrategy(  680): getVolumeGroupForStreamType: no volume group for AUDIO_STREAM_CALL_ASSISTANT, using default
01-01 09:00:06.223 I/SystemServiceManager(  741): Starting com.android.server.wm.ActivityTaskManagerService$Lifecycle
01-01 09:00:06.223 W/APM::AudioPolicyEngine/ProductStrategy(  680): getVolumeGroupForStreamType: no volume group for AUDIO_STREAM_CALL_ASSISTANT, using default
01-01 09:00:06.223 W/APM::AudioPolicyEngine/ProductStrategy(  680): getVolumeGroupForStreamType: no volume group for AUDIO_STREAM_CALL_ASSISTANT, using default
01-01 09:00:06.223 W/APM::AudioPolicyEngine/ProductStrategy(  680): getVolumeGroupForStreamType: no volume group for AUDIO_STREAM_CALL_ASSISTANT, using default
01-01 09:00:06.224 V/<MI_PQ> (  626): [MI_PQ_Apply_InsertController, 3209][qmap log]FileName: dlc_pim.json; Path: /vendor/tvconfig/bsp/chip/mt5897/pq/ts_domain/qmap_main/online/globalcontrast/dlc_pim.json
01-01 09:00:06.224 I/AudioFlinger(  680): openOutput() this 0xeeec1cc0, module 10 Device AUDIO_DEVICE_OUT_SPEAKER, @:, SamplingRate 48000, Format 0x000001, Channels 0x3, flags 0x4001
01-01 09:00:06.224 I/audio_hw_primary(  617): adev_open_output_stream: handle:21 dev:AUDIO_DEVICE_OUT_SPEAKER fmt/chn/sr 0x00000001/2/48000, flag 0x00004001, encsl_m/cnt_id/sync_id 0/0/0
01-01 09:00:06.224 I/audio_hw_primary(  617): utils_set_tempo_synth_mode: out:Decoder_21, set Tempo SynthMode to 0
01-01 09:00:06.228 I/SystemServiceManager(  741): Starting com.android.server.am.ActivityManagerService$Lifecycle
01-01 09:00:06.228 D/SONY_AQ_SERVICE(APAF)(  617): libSonyAqService_GetAqDataSize [217] pstFilter->szFilterName=Volume 
01-01 09:00:06.229 D/SONY_AQ_SERVICE(  617): utilsAqDataGetNum [1427]  pszConditionInfo=Default *psztSize=0 
01-01 09:00:06.229 E/SONY_AQ_SERVICE(  617): utils_aq_data_parse_cond [399] pszConditionInfo Parse Error(3)=
01-01 09:00:06.229 E/SONY_AQ_SERVICE(  617): Default 
01-01 09:00:06.229 I/<APAF>  (  617): <PRINT>_MI_APAF_FILTER_SetVol[1520]: [Decoder_21][0]
01-01 09:00:06.229 I/DmxLFE  (  617): _MI_APAF_FILTER_DMX_LFE_Init : Version : 0001.00.03
01-01 09:00:06.230 D/SONY_AQ_SERVICE(APAF)(  617): libSonyAqService_GetAqDataSize [217] pstFilter->szFilterName=DmxLFE 
01-01 09:00:06.230 D/SONY_AQ_SERVICE(  617): utilsAqDataGetNum [1427]  pszConditionInfo={"BT_SUR_CMIX":{"Codec":"LPCM"}} *psztSize=0 
01-01 09:00:06.230 D/SONY_AQ_SERVICE(  617): utils_aq_data_det_case [698] USECASE grp=BT_SUR_CMIX case=case0!!!!!!!! 
01-01 09:00:06.231 V/<MI_PQ> (  626): [MI_PQ_Apply_InsertController, 3209][qmap log]FileName: gce_pim.json; Path: /vendor/tvconfig/bsp/chip/mt5897/pq/ts_domain/qmap_main/online/globalcontrast/gce_pim.json
01-01 09:00:06.231 D/DmxLFE  (  617): [debug] _MI_APAF_FILTER_DMX_LFE_SetAqData:1439
01-01 09:00:06.231 V/<MI_PQ> (  626): [MI_PQ_Apply_InsertController, 3209][qmap log]FileName: gceai_pim.json; Path: /vendor/tvconfig/bsp/chip/mt5897/pq/ts_domain/qmap_main/online/globalcontrast/gceai_pim.json
01-01 09:00:06.232 I/ActivityManager(  741): Memory class: 192
01-01 09:00:06.232 V/<MI_PQ> (  626): [MI_PQ_Apply_InsertController, 3209][qmap log]FileName: swdr_pim.json; Path: /vendor/tvconfig/bsp/chip/mt5897/pq/ts_domain/qmap_main/online/globalcontrast/swdr_pim.json
01-01 09:00:06.232 D/DmxLFE  (  617): _MI_APAF_FILTER_DMX_LFE_SetAqData : Set AQ Data done !
01-01 09:00:06.233 D/SONY_AQ_SERVICE(APAF)(  617): libSonyAqService_GetAqDataSize [217] pstFilter->szFilterName=Volume 
01-01 09:00:06.233 D/SONY_AQ_SERVICE(  617): utilsAqDataGetNum [1427]  pszConditionInfo=Mm *psztSize=0 
01-01 09:00:06.233 E/SONY_AQ_SERVICE(  617): utils_aq_data_parse_cond [399] pszConditionInfo Parse Error(3)=
01-01 09:00:06.233 E/SONY_AQ_SERVICE(  617): Mm 
01-01 09:00:06.233 V/<MI_PQ> (  626): [MI_PQ_Apply_InsertController, 3209][qmap log]FileName: tmo_pim.json; Path: /mnt/vendor/featuredata/pq/qmap/online/hdr/tmo_pim.json
01-01 09:00:06.234 V/<MI_PQ> (  626): [MI_PQ_Apply_InsertController, 3209][qmap log]FileName: lvt_pim.json; Path: /vendor/tvconfig/bsp/chip/mt5897/pq/ts_domain/qmap_main/online/livetone/lvt_pim.json
01-01 09:00:06.234 V/<MI_PQ> (  626): [MI_PQ_Apply_InsertController, 3209][qmap log]FileName: lce_UM055_pim.json; Path: /mnt/vendor/featuredata/pq/qmap/online/localcontrast/lce_UM055_pim.json
01-01 09:00:06.235 V/<MI_PQ> (  626): [MI_PQ_Apply_InsertController, 3209][qmap log]FileName: ucd_pim.json; Path: /vendor/tvconfig/bsp/chip/mt5897/pq/ts_domain/qmap_main/online/localcontrast/ucd_pim.json
01-01 09:00:06.237 V/<MI_PQ> (  626): [MI_PQ_Apply_InsertController, 3209][qmap log]FileName: lpq_pim.json; Path: /mnt/vendor/featuredata/pq/qmap/online/lpq/lpq_pim.json
01-01 09:00:06.238 V/<MI_PQ> (  626): [MI_PQ_Apply_InsertController, 3209][qmap log]FileName: mwe_demo_pim.json; Path: /vendor/tvconfig/bsp/chip/mt5897/pq/ts_domain/qmap_main/online/mwe/mwe_demo_pim.json
01-01 09:00:06.239 V/<MI_PQ> (  626): [MI_PQ_Apply_InsertController, 3209][qmap log]FileName: abf_UM_pim.json; Path: /mnt/vendor/featuredata/pq/qmap/online/nr/abf_UM_pim.json
01-01 09:00:06.240 D/CompatibilityChangeReporter(  741): Compat change id reported: 3400644; UID 1000; state: ENABLED
01-01 09:00:06.240 V/<MI_PQ> (  626): [MI_PQ_Apply_InsertController, 3209][qmap log]FileName: dbk_UM_pim.json; Path: /mnt/vendor/featuredata/pq/qmap/online/nr/dbk_UM_pim.json
01-01 09:00:06.241 E/PQ_UTILITY(  626): [PQMAP][PIM][__pim_search_common_hwregister] Cannot find hw_register dbk.reg_dbk_bkn_gain_f2
01-01 09:00:06.241 E/PQ_UTILITY(  626): [PQMAP][PIM][__pim_search_common_hwregister] Cannot find hw_register dbk.reg_dbk_coarse_low_thrd_f2
01-01 09:00:06.241 E/PQ_UTILITY(  626): [PQMAP][PIM][__pim_get_hwregister] Cannot find hw_register dbk.reg_dbk_bkn_gain_f2
01-01 09:00:06.242 E/PQ_UTILITY(  626): [PQMAP][PIM][__pim_get_hwregister] Cannot find hw_register dbk.reg_dbk_coarse_low_thrd_f2
01-01 09:00:06.242 E/PQ_UTILITY(  626): [PQMAP][PIM][__pim_get_hwregister] Cannot find hw_register dbk.reg_dbk_bkn_gain_f2
01-01 09:00:06.242 E/PQ_UTILITY(  626): [PQMAP][PIM][__pim_get_hwregister] Cannot find hw_register dbk.reg_dbk_coarse_low_thrd_f2
01-01 09:00:06.242 E/PQ_UTILITY(  626): [PQMAP][PIM][__pim_get_hwregister] Cannot find hw_register dbk.reg_dbk_bkn_gain_f2
01-01 09:00:06.242 E/PQ_UTILITY(  626): [PQMAP][PIM][__pim_get_hwregister] Cannot find hw_register dbk.reg_dbk_coarse_low_thrd_f2
01-01 09:00:06.242 E/PQ_UTILITY(  626): [PQMAP][PIM][__pim_get_hwregister] Cannot find hw_register dbk.reg_dbk_bkn_gain_f2
01-01 09:00:06.242 E/PQ_UTILITY(  626): [PQMAP][PIM][__pim_get_hwregister] Cannot find hw_register dbk.reg_dbk_coarse_low_thrd_f2
01-01 09:00:06.242 E/PQ_UTILITY(  626): [PQMAP][PIM][__pim_get_hwregister] Cannot find hw_register dbk.reg_dbk_bkn_gain_f2
01-01 09:00:06.242 E/PQ_UTILITY(  626): [PQMAP][PIM][__pim_get_hwregister] Cannot find hw_register dbk.reg_dbk_coarse_low_thrd_f2
01-01 09:00:06.242 E/PQ_UTILITY(  626): [PQMAP][PIM][__pim_get_hwregister] Cannot find hw_register dbk.reg_dbk_bkn_gain_f2
01-01 09:00:06.242 E/PQ_UTILITY(  626): [PQMAP][PIM][__pim_get_hwregister] Cannot find hw_register dbk.reg_dbk_coarse_low_thrd_f2
01-01 09:00:06.242 E/PQ_UTILITY(  626): [PQMAP][PIM][__pim_search_common_hwregister] Cannot find hw_register dbk.reg_dbk_strength_gain_f2
01-01 09:00:06.242 E/PQ_UTILITY(  626): [PQMAP][PIM][__pim_search_common_hwregister] Cannot find hw_register dbk.reg_dbk_strength_gain_f2
01-01 09:00:06.242 E/PQ_UTILITY(  626): [PQMAP][PIM][__pim_get_hwregister] Cannot find hw_register dbk.reg_dbk_strength_gain_f2
01-01 09:00:06.242 E/PQ_UTILITY(  626): [PQMAP][PIM][__pim_get_hwregister] Cannot find hw_register dbk.reg_dbk_strength_gain_f2
01-01 09:00:06.242 E/PQ_UTILITY(  626): [PQMAP][PIM][__pim_get_hwregister] Cannot find hw_register dbk.reg_dbk_strength_gain_f2
01-01 09:00:06.242 V/<MI_PQ> (  626): [MI_PQ_Apply_InsertController, 3209][qmap log]FileName: dnr_pim.json; Path: /mnt/vendor/featuredata/pq/qmap/online/nr/dnr_pim.json
01-01 09:00:06.243 V/<MI_PQ> (  626): [MI_PQ_Apply_InsertController, 3209][qmap log]FileName: mcnr_UM_pim.json; Path: /mnt/vendor/featuredata/pq/qmap/online/nr/mcnr_UM_pim.json
01-01 09:00:06.244 I/SystemConfig(  741): Reading permissions from /vendor/etc/permissions/privapp-permissions-sonytv-common_vendor.xml
01-01 09:00:06.249 I/Binder  (  741): Setting heavy hitter watcher config: false, 0, 0.0
01-01 09:00:06.251 E/audio_hw_primary(  617): create: pipeline[0x1f000004], event[SamplingRate] rigister callback, ret 5!!
01-01 09:00:06.251 E/audio_hw_primary(  617): create: pipeline[0x1f000004], event[DecChannelMode] rigister callback, ret 5!!
01-01 09:00:06.251 E/audio_hw_primary(  617): create: pipeline[0x1f000004], event[DecEsChannelMapping] rigister callback, ret 5!!
01-01 09:00:06.251 E/audio_hw_primary(  617): create: pipeline[0x1f000004], event[RawFrameRate] rigister callback, ret 5!!
01-01 09:00:06.252 E/audio_hw_primary(  617): create: pipeline[0x1f000004], event[OffloadInputChannel] rigister callback, ret 5!!
01-01 09:00:06.253 I/SystemConfig(  741): Reading permissions from /vendor/etc/permissions/privapp-permissions-sonytv-m6_vendor.xml
01-01 09:00:06.253 I/SystemConfig(  741): Reading permissions from /vendor/etc/permissions/privapp-permissions-sonytv-wyvern_ww_vendor.xml
01-01 09:00:06.254 I/SystemConfig(  741): Reading permissions from /vendor/etc/permissions/vendor.sony.hardware.audio.common.xml
01-01 09:00:06.254 V/<MI_PQ> (  626): [MI_PQ_Apply_InsertController, 3209][qmap log]FileName: mnc_UM_pim.json; Path: /mnt/vendor/featuredata/pq/qmap/online/nr/mnc_UM_pim.json
01-01 09:00:06.256 I/SystemConfig(  741): Reading permissions from /vendor/etc/permissions/vendor.sony.hardware.audio.output.speaker.xml
01-01 09:00:06.256 W/audio_hw_primary(  617): create: pipeline[0x1f000004], parameter[PtsMaxRange] set fail, ret 5!!
01-01 09:00:06.256 I/audio_hw_primary(  617): create: decoder pipeline Decoder_21[InputSource=MM, DecoderFormat=PcmFix, PathType=Mmap] handle [0x1f000004] Done !!
01-01 09:00:06.256 V/<MI_PQ> (  626): [MI_PQ_Apply_InsertController, 3209][qmap log]FileName: snr_UM_pim.json; Path: /mnt/vendor/featuredata/pq/qmap/online/nr/snr_UM_pim.json
01-01 09:00:06.256 I/SystemConfig(  741): Reading permissions from /vendor/etc/permissions/vendor.sony.hardware.audio.output.virtualizer.xml
01-01 09:00:06.257 I/audio_hw_primary(  617): utils_out_stream_open_pipeline: out[21], pipeline[0x1f000004][InputSource=MM, DecoderFormat=PcmFix, PathType=Mmap] Done !!
01-01 09:00:06.257 I/SystemConfig(  741): Reading permissions from /vendor/etc/permissions/vendor.sony.hardware.audio.output.xml
01-01 09:00:06.257 V/<MI_PQ> (  626): [MI_PQ_Apply_InsertController, 3209][qmap log]FileName: spike_UM_pim.json; Path: /mnt/vendor/featuredata/pq/qmap/online/nr/spike_UM_pim.json
01-01 09:00:06.258 I/SystemConfig(  741): Reading permissions from /vendor/etc/permissions/vendor.sony.hardware.audio.xml
01-01 09:00:06.258 V/<MI_PQ> (  626): [MI_PQ_Apply_InsertController, 3209][qmap log]FileName: vcti_UM_pim.json; Path: /mnt/vendor/featuredata/pq/qmap/online/nr/vcti_UM_pim.json
01-01 09:00:06.258 I/SystemConfig(  741): Reading permissions from /vendor/etc/permissions/vendor.sony.hardware.display-V1-java-vendor.xml
01-01 09:00:06.259 D/audio_hw_primary(  617): out_common_get_buffer_size: stream=0xef0c4410, handle=21, format=0x1, BufferSize=3456
01-01 09:00:06.259 V/<MI_PQ> (  626): [MI_PQ_Apply_InsertController, 3209][qmap log]FileName: fhdqm_pim.json; Path: /vendor/tvconfig/bsp/chip/mt5897/pq/ts_domain/qmap_main/online/qualitymeasure/fhdqm_pim.json
01-01 09:00:06.259 I/SystemConfig(  741): Reading permissions from /vendor/etc/permissions/vendor.sony.hardware.hardwareDiagnosis-V1.0-java-vendor.xml
01-01 09:00:06.259 V/<MI_PQ> (  626): [MI_PQ_Apply_InsertController, 3209][qmap log]FileName: 2dds_pim.json; Path: /vendor/tvconfig/bsp/chip/mt5897/pq/ts_domain/qmap_main/online/scaling/2dds_pim.json
01-01 09:00:06.260 V/<MI_PQ> (  626): [MI_PQ_Apply_InsertController, 3209][qmap log]FileName: aipdma_pim.json; Path: /mnt/vendor/featuredata/pq/qmap/online/scaling/aipdma_pim.json
01-01 09:00:06.261 I/SystemConfig(  741): Reading permissions from /vendor/etc/permissions/vendor.sony.hardware.hdmi-V1-java-vendor.xml
01-01 09:00:06.262 I/SystemConfig(  741): Reading permissions from /vendor/etc/permissions/vendor.sony.hardware.infraredRemote-V1.0-java-vendor.xml
01-01 09:00:06.263 I/SystemConfig(  741): Reading permissions from /vendor/etc/permissions/vendor.sony.hardware.led-V1.0-java-vendor.xml
01-01 09:00:06.263 V/<MI_PQ> (  626): [MI_PQ_Apply_InsertController, 3209][qmap log]FileName: mainscaler_UM_pim.json; Path: /mnt/vendor/featuredata/pq/qmap/online/scaling/mainscaler_UM_pim.json
01-01 09:00:06.264 I/SystemConfig(  741): Reading permissions from /vendor/etc/permissions/vendor.sony.hardware.marlin.expressplay-V1-java.xml
01-01 09:00:06.265 I/SystemConfig(  741): Reading permissions from /vendor/etc/permissions/vendor.sony.hardware.productConfig-V1-java.xml
01-01 09:00:06.265 V/<MI_PQ> (  626): [MI_PQ_Apply_InsertController, 3209][qmap log]FileName: cplx_UM_pim.json; Path: /mnt/vendor/featuredata/pq/qmap/online/sr/cplx_UM_pim.json
01-01 09:00:06.265 I/SystemConfig(  741): Reading permissions from /vendor/etc/permissions/vendor.sony.hardware.productConfig-V1.0-java-vendor.xml
01-01 09:00:06.266 V/<MI_PQ> (  626): [MI_PQ_Apply_InsertController, 3209][qmap log]FileName: dsw_UM_pim.json; Path: /mnt/vendor/featuredata/pq/qmap/online/sr/dsw_UM_pim.json
01-01 09:00:06.266 V/<MI_PQ> (  626): [MI_PQ_Apply_InsertController, 3209][qmap log]FileName: peaking_UM_pim.json; Path: /mnt/vendor/featuredata/pq/qmap/online/sr/peaking_UM_pim.json
01-01 09:00:06.267 I/AudioFlinger(  680): AudioFlinger's thread 0xe9f024a0 tid=961 ready to run
01-01 09:00:06.268 D/audio_hw_primary(  617): out_common_set_parameters: handle=21, kvpairs closing=true !!
01-01 09:00:06.269 D/AudioFlinger(  680): closing mmapThread 0xe9f024a0
01-01 09:00:06.269 D/AudioFlinger(  680): mmapThread exit()
01-01 09:00:06.269 I/audio_hw_primary(  617): adev_close_output_stream: out->handle(21)
01-01 09:00:06.269 I/SystemConfig(  741): Reading permissions from /vendor/etc/permissions/vendor.sony.hardware.productConfig-V2.0-java-vendor.xml
01-01 09:00:06.270 I/SystemConfig(  741): Reading permissions from /vendor/etc/permissions/vendor.sony.hardware.sensingFusion-V1.0-java-vendor.xml
01-01 09:00:06.270 I/SystemConfig(  741): Reading permissions from /vendor/etc/permissions/vendor.sony.hardware.storage-V1.0-java-vendor.xml
01-01 09:00:06.272 I/SystemConfig(  741): Reading permissions from /product/etc/sysconfig/amati_experience.xml
01-01 09:00:06.272 I/SystemConfig(  741): Reading permissions from /product/etc/sysconfig/atv-component-overrides.xml
01-01 09:00:06.275 I/SystemConfig(  741): Reading permissions from /product/etc/sysconfig/dolby.xml
01-01 09:00:06.275 I/DmxLFE  (  617): _MI_APAF_FILTER_DMX_LFE_DeInit : Version : 0001.00.03
01-01 09:00:06.275 I/audio_hw_primary(  617): release: pipeline [Decoder_21] handle [0x1f000004] Done !!
01-01 09:00:06.276 I/SystemConfig(  741): Reading permissions from /product/etc/sysconfig/dvr.xml
01-01 09:00:06.276 I/AudioFlinger(  680): openOutput() this 0xeeec1cc0, module 10 Device AUDIO_DEVICE_OUT_SPEAKER, @:, SamplingRate 48000, Format 0x000001, Channels 0x3f, flags 0x1
01-01 09:00:06.276 I/audio_hw_primary(  617): adev_open_output_stream: handle:29 dev:AUDIO_DEVICE_OUT_SPEAKER fmt/chn/sr 0x00000001/6/48000, flag 0x00000001, encsl_m/cnt_id/sync_id 0/0/0
01-01 09:00:06.276 I/audio_hw_primary(  617): utils_out_stream_init_tpc_audio: assign TpcAudioLink to OutputStream struct
01-01 09:00:06.276 I/audio_hw_primary(  617): utils_out_stream_init_tpc_audio: MM in non-tunnel mode
01-01 09:00:06.276 I/audio_hw_primary(  617): utils_set_tempo_synth_mode: out:Decoder_29, set Tempo SynthMode to 0
01-01 09:00:06.287 I/SystemConfig(  741): Reading permissions from /product/etc/sysconfig/google-hiddenapi-package-whitelist.xml
01-01 09:00:06.288 I/SystemConfig(  741): Reading permissions from /product/etc/sysconfig/google-staged-installer-whitelist.xml
01-01 09:00:06.289 I/SystemConfig(  741): Reading permissions from /product/etc/sysconfig/google.xml
01-01 09:00:06.292 I/SystemConfig(  741): Adding association: com.google.android.as <- com.android.bluetooth
01-01 09:00:06.293 I/SystemConfig(  741): Adding association: com.google.android.as <- com.android.bluetooth.services
01-01 09:00:06.293 I/SystemConfig(  741): Adding association: com.google.android.as <- com.android.providers.contacts
01-01 09:00:06.293 I/SystemConfig(  741): Adding association: com.google.android.as <- com.android.providers.media
01-01 09:00:06.293 I/SystemConfig(  741): Adding association: com.google.android.as <- com.android.providers.telephony
01-01 09:00:06.293 I/SystemConfig(  741): Adding association: com.google.android.as <- com.android.systemui
01-01 09:00:06.293 I/SystemConfig(  741): Adding association: com.google.android.as <- com.google.android.bluetooth
01-01 09:00:06.293 I/SystemConfig(  741): Adding association: com.google.android.as <- com.google.android.bluetooth.services
01-01 09:00:06.293 I/SystemConfig(  741): Adding association: com.google.android.as <- com.google.android.providers.media.module
01-01 09:00:06.293 I/SystemConfig(  741): Adding association: com.google.android.as <- com.google.android.as.oss
01-01 09:00:06.293 I/SystemConfig(  741): Adding association: com.google.android.as.oss <- com.google.android.as
01-01 09:00:06.293 I/SystemConfig(  741): Adding association: com.google.android.as.oss <- com.google.android.aicore
01-01 09:00:06.294 I/SystemConfig(  741): Reading permissions from /product/etc/sysconfig/google_atv.xml
01-01 09:00:06.295 I/SystemConfig(  741): Reading permissions from /product/etc/sysconfig/netflix.xml
01-01 09:00:06.295 I/SystemConfig(  741): Reading permissions from /product/etc/sysconfig/sony_whitelist_product.xml
01-01 09:00:06.296 E/audio_hw_primary(  617): create: pipeline[0x1f000004], event[OffloadInputChannel] rigister callback, ret 5!!
01-01 09:00:06.296 I/SystemConfig(  741): Reading permissions from /product/etc/permissions/android.hardware.gamepad.xml
01-01 09:00:06.297 I/<APAF>  (  617): <PRINT>_MI_APAF_FILTER_SYNC_SetParam_SyncEnable[9625]: pipeline:Decoder_29, bSyncEnable=0, bEnableDropAddtionalOneFrame=0
01-01 09:00:06.297 I/SystemConfig(  741): Reading permissions from /product/etc/permissions/com.amazon.amazonvideo.livingroom.xml
01-01 09:00:06.297 I/audio_hw_primary(  617): applySyncFilterConfig: Decoder_29 run with foreground app: 
01-01 09:00:06.298 I/SystemConfig(  741): Reading permissions from /product/etc/permissions/com.android.settings.intelligence.xml
01-01 09:00:06.298 I/SystemConfig(  741): Reading permissions from /product/etc/permissions/com.apple.streamingkeydelivery.xml
01-01 09:00:06.299 E/audio_hw_primary(  617): applySyncFilterConfig: pipeline[0x1f000004], event[Sync_Event_Underrun] rigister callback, ret 5!!
01-01 09:00:06.299 E/audio_hw_primary(  617): applySyncFilterConfig: pipeline[0x1f000004], event[OffloadInputChannel] rigister callback, ret 5!!
01-01 09:00:06.299 I/audio_hw_primary(  617): create: decoder pipeline Decoder_29[InputSource=MM, DecoderFormat=PcmFix, PathType=Offload] handle [0x1f000004] Done !!
01-01 09:00:06.299 I/audio_hw_primary(  617): utils_out_stream_open_pipeline: out[29], pipeline[0x1f000004][InputSource=MM, DecoderFormat=PcmFix, PathType=Offload] Done !!
01-01 09:00:06.300 I/SystemConfig(  741): Reading permissions from /product/etc/permissions/com.mediatek.dtv.tvinput.isdbtuner.xml
01-01 09:00:06.301 I/SystemConfig(  741): Reading permissions from /product/etc/permissions/com.sony.dtv.arib.debugplayer.xml
01-01 09:00:06.302 I/SystemConfig(  741): Reading permissions from /product/etc/permissions/com.sony.dtv.livingfit.xml
01-01 09:00:06.302 W/ServiceManagerCppClient(  807): Waited one second for vendor.mediatek.hardware.render.IRender/default (is service started? Number of threads started in the threadpool: 0. Are binder threads started and available?)
01-01 09:00:06.302 I/SystemConfig(  741): Reading permissions from /product/etc/permissions/com.sony.dtv.operatorapputil.client.xml
01-01 09:00:06.303 I/SystemConfig(  741): Reading permissions from /product/etc/permissions/com.sony.dtv.sonytab.xml
01-01 09:00:06.304 I/SystemConfig(  741): Reading permissions from /product/etc/permissions/com.sony.dtv.tvinput.dvbtuner.xml
01-01 09:00:06.305 I/SystemConfig(  741): Reading permissions from /product/etc/permissions/com.sony.dtv.tvinput.jptuner.xml
01-01 09:00:06.305 I/SystemConfig(  741): Reading permissions from /product/etc/permissions/permissions_com.sony.dtv.sktvfb.xml
01-01 09:00:06.308 E/kernel  (  885): [   10.904649][HDMIRX_KERN_INFO][MDrv_HDMI_DataRtermControl][2733] [50] DataRterm Enable 1 !!
01-01 09:00:06.308 E/kernel  (  885): [   10.904696][HDMIRX_KERN_INFO][MDrv_DVI_ClkPullLow][2036] [50] Clk PullLow Flag 0 !!
01-01 09:00:06.308 E/kernel  (  885): [   10.904714][HDMIRX_KERN_INFO][MDrv_HDMI_DataRtermControl][2733] [51] DataRterm Enable 1 !!
01-01 09:00:06.308 E/kernel  (  885): [   10.904731][HDMIRX_KERN_INFO][MDrv_DVI_ClkPullLow][2036] [51] Clk PullLow Flag 0 !!
01-01 09:00:06.308 E/kernel  (  885): [   10.904744][HDMIRX_KERN_INFO][MDrv_HDMI_DataRtermControl][2733] [52] DataRterm Enable 1 !!
01-01 09:00:06.308 E/kernel  (  885): [   10.904760][HDMIRX_KERN_INFO][MDrv_DVI_ClkPullLow][2036] [52] Clk PullLow Flag 0 !!
01-01 09:00:06.308 E/kernel  (  885): [   10.904773][HDMIRX_KERN_INFO][MDrv_HDMI_DataRtermControl][2733] [53] DataRterm Enable 1 !!
01-01 09:00:06.308 E/kernel  (  885): [   10.904789][HDMIRX_KERN_INFO][MDrv_DVI_ClkPullLow][2036] [53] Clk PullLow Flag 0 !!
01-01 09:00:06.307 I/SystemConfig(  741): Reading permissions from /product/etc/permissions/privapp-permission-freeviewplay-apps.xml
01-01 09:00:06.308 I/SystemConfig(  741): Reading permissions from /product/etc/permissions/privapp-permission-mutiplayback.xml
01-01 09:00:06.309 I/SystemConfig(  741): Reading permissions from /product/etc/permissions/privapp-permissions-atv-amati-product.xml
01-01 09:00:06.311 I/SystemConfig(  741): Reading permissions from /product/etc/permissions/privapp-permissions-atv-product.xml
01-01 09:00:06.312 D/audio_hw_primary(  617): utils_apply_audio_description_ui_setting: out->handle = 29, AudioDescription = 0, UiAdEnable = 0, UiSpsEnable = 0, PanFadeEnable = 1, AdVolumeDb = 0.000000, DialogEnhancerGain = 0, DapDialogEnhancerGain = 0AdMixedInSpkDisable = 0, AdMixedInHpDisable = 0
01-01 09:00:06.313 D/audio_hw_primary(  617): out_common_get_buffer_size: stream=0xef0c0c10, handle=29, format=0x1, BufferSize=10368
01-01 09:00:06.313 I/AudioFlinger(  680): HAL output buffer size 864 frames, normal sink buffer size 864 frames
01-01 09:00:06.313 I/SystemConfig(  741): Reading permissions from /product/etc/permissions/privapp-permissions-google-p.xml
01-01 09:00:06.314 I/audio_hw_primary(  617): out_set_event_callback: handle = 29
01-01 09:00:06.316 W/libc    (  232): Unable to set property "ctl.interface_start" to "aidl/vendor.mediatek.hardware.render.IRender/default": error code: 0x20
01-01 09:00:06.320 I/SystemConfig(  741): Reading permissions from /product/etc/permissions/privapp-permissions-sonytv-common_product.xml
01-01 09:00:06.322 I/SystemConfig(  741): Reading permissions from /product/etc/permissions/privapp-permissions-sonytv-m6_product.xml
01-01 09:00:06.323 I/AudioFlinger(  680): AudioFlinger's thread 0xeaa8c1c0 tid=966 ready to run
01-01 09:00:06.323 W/AudioFlinger(  680): no wake lock to update, system not ready yet
01-01 09:00:06.323 D/AudioFlinger(  680): ro.audio.silent is ignored since no output device is set
01-01 09:00:06.323 D/audio_hw_primary(  617): out_common_set_parameters: handle=29, kvpairs closing=true !!
01-01 09:00:06.325 I/SystemConfig(  741): Reading permissions from /product/etc/permissions/privapp-permissions-sonytv-wyvern_ww_product.xml
01-01 09:00:06.327 D/audio_hw_primary(  617): out_standby: stream=0xef0c0c10, handle=29
01-01 09:00:06.327 I/audio_hw_primary(  617): out_standby: totalPresentationPosition:0 current_position:0
01-01 09:00:06.327 D/audio_hw_primary(  617): out_standby: stream=0xef0c0c10, handle=29, end
01-01 09:00:06.329 D/audio_hw_primary(  617): out_common_set_parameters: handle=29, kvpairs exiting=1 !!
01-01 09:00:06.330 W/AudioFlinger(  680): no wake lock to update, system not ready yet
01-01 09:00:06.330 D/AudioFlinger(  680): ro.audio.silent is ignored since no output device is set
01-01 09:00:06.330 I/audio_hw_primary(  617): out_set_event_callback: handle = 29
01-01 09:00:06.330 I/audio_hw_primary(  617): adev_close_output_stream: out->handle(29)
01-01 09:00:06.330 I/audio_hw_primary(  617): utils_close_tpcaudio_pipeline: release TPC AUDIO LINK stuff
01-01 09:00:06.330 D/SONY_AQ_SERVICE(APAF)(  617): libSonyAqService_GetAqDataSize [217] pstFilter->szFilterName=SAPVSE 
01-01 09:00:06.330 D/SONY_AQ_SERVICE(  617): utilsAqDataGetNum [1427]  pszConditionInfo={"DMIX_10CH":{"Channel config":"APAF_ACMOD_MONO","Codec":"LPCM"}} *psztSize=0 
01-01 09:00:06.330 D/SONY_AQ_SERVICE(  617): utils_aq_data_det_case [698] USECASE grp=DMIX_10CH case=case0!!!!!!!! 
01-01 09:00:06.330 I/SAPVSE_filter(  617): Param_DecodeFormat                         :               11 : 0x0000000b
01-01 09:00:06.330 I/audio_hw_primary(  617): utils_out_stream_close_pipeline: Set Paramter[Param_DecodeFormat] decoder_format = 0x0. Ok.
01-01 09:00:06.331 I/SystemConfig(  741): Reading permissions from /product/etc/permissions/sony_features.xml
01-01 09:00:06.332 I/SystemConfig(  741): Reading permissions from /product/etc/permissions/split-permissions-google.xml
01-01 09:00:06.332 I/SystemConfig(  741): Reading permissions from /product/etc/permissions/us.zoom.tv.xml
01-01 09:00:06.333 I/SystemConfig(  741): Reading permissions from /system_ext/etc/sysconfig/config-com.android.tv.feedbackconsent.xml
01-01 09:00:06.334 I/SystemConfig(  741): Reading permissions from /system_ext/etc/sysconfig/sony_whitelist_system_ext.xml
01-01 09:00:06.335 I/SystemConfig(  741): Reading permissions from /system_ext/etc/permissions/com.android.hotwordenrollment.common.util.xml
01-01 09:00:06.336 V/<MI_PQ> (  626): [MI_PQ_Apply_InsertController, 3209][qmap log]FileName: twodlti_UM_pim.json; Path: /mnt/vendor/featuredata/pq/qmap/online/sr/twodlti_UM_pim.json
01-01 09:00:06.336 I/SystemConfig(  741): Reading permissions from /system_ext/etc/permissions/com.android.libraries.tv.tvsystem.xml
01-01 09:00:06.338 V/<MI_PQ> (  626): [MI_PQ_Apply_InsertController, 3209][qmap log]FileName: freqdet_pim.json; Path: /vendor/tvconfig/bsp/chip/mt5897/pq/ts_domain/qmap_main/online/statistics/freqdet_pim.json
01-01 09:00:06.338 I/SystemConfig(  741): Reading permissions from /system_ext/etc/permissions/com.android.systemui.xml
01-01 09:00:06.339 V/<MI_PQ> (  626): [MI_PQ_Apply_InsertController, 3209][qmap log]FileName: version_pim.json; Path: /vendor/tvconfig/bsp/chip/mt5897/pq/ts_domain/qmap_main/online/version/version_pim.json
01-01 09:00:06.339 V/<MI_PQ> (  626): [MI_PQ_Apply_InsertController, 3209][qmap log]FileName: pq_gamma_pim.json; Path: /vendor/tvconfig/bsp/chip/mt5897/pq/ts_domain/qmap_main/online/vop2/pq_gamma_pim.json
01-01 09:00:06.340 I/SystemConfig(  741): Reading permissions from /system_ext/etc/permissions/com.android.systemui_extension.xml
01-01 09:00:06.340 V/<MI_PQ> (  626): [MI_PQ_Apply_InsertController, 3209][qmap log]FileName: freqdet_UM_pim.json; Path: /mnt/vendor/featuredata/pq/qmap/online/qualitymeasure/freqdet_UM_pim.json
01-01 09:00:06.340 I/audio_hw_primary(  617): release: pipeline [Decoder_29] handle [0x1f000004] Done !!
01-01 09:00:06.340 I/SystemConfig(  741): Reading permissions from /system_ext/etc/permissions/com.android.tv.settings.2.xml
01-01 09:00:06.342 I/SystemConfig(  741): Reading permissions from /system_ext/etc/permissions/com.mediatek.dtv.tvinput.atsctuner.xml
01-01 09:00:06.343 I/SystemConfig(  741): Reading permissions from /system_ext/etc/permissions/com.mediatek.external.xml
01-01 09:00:06.343 I/SystemConfig(  741): Reading permissions from /system_ext/etc/permissions/com.mediatek.mtkPhoto.xml
01-01 09:00:06.344 I/AudioFlinger(  680): openOutput() this 0xeeec1cc0, module 10 Device AUDIO_DEVICE_OUT_SPEAKER, @:, SamplingRate 8000, Format 0x9000000, Channels 0x1, flags 0x20011
01-01 09:00:06.344 V/<MI_PQ> (  626): CUSTOM_QMAP Insert file  is success!!
01-01 09:00:06.344 V/<MI_PQ> (  626):  CUSTOM_QMAP FilePath = /mnt/vendor/featuredata/pq/qmap/online 
01-01 09:00:06.344 V/<MI_PQ> (  626):  CUSTOM_QMAP eQmapFileTypeIndx = 0 eFileType = 0 ePQMapType = 0
01-01 09:00:06.344 I/SystemConfig(  741): Reading permissions from /system_ext/etc/permissions/com.mediatek.tis.xml
01-01 09:00:06.344 I/audio_hw_primary(  617): adev_open_output_stream: handle:37 dev:AUDIO_DEVICE_OUT_SPEAKER fmt/chn/sr 0x09000000/1/8000, flag 0x00020011, encsl_m/cnt_id/sync_id 0/0/0
01-01 09:00:06.344 I/audio_hw_primary(  617): utils_apply_offload_configs: open output stream with offload fmt/chn/sr 0x09000000/1/8000
01-01 09:00:06.344 I/audio_hw_primary(  617): utils_out_stream_init_tpc_audio: assign TpcAudioLink to OutputStream struct
01-01 09:00:06.344 I/audio_hw_primary(  617): utils_out_stream_init_tpc_audio: MM in non-tunnel mode
01-01 09:00:06.345 I/audio_hw_primary(  617): utils_set_tempo_synth_mode: out:Decoder_37, set Tempo SynthMode to 0
01-01 09:00:06.345 I/SystemConfig(  741): Reading permissions from /system_ext/etc/permissions/com.sony.dtv.calibrationmonitorlib.xml
01-01 09:00:06.346 I/SystemConfig(  741): Reading permissions from /system_ext/etc/permissions/com.sony.dtv.hdmicecutil.xml
01-01 09:00:06.346 I/SystemConfig(  741): Reading permissions from /system_ext/etc/permissions/com.sony.dtv.mediastatistics.xml
01-01 09:00:06.347 I/SystemConfig(  741): Reading permissions from /system_ext/etc/permissions/com.sony.dtv.network.xml
01-01 09:00:06.348 V/<MI_PQ> (  626): [MI_PQ_Apply_InsertController, 3233][qmap log]FileName: rulelist.json; Path: /mnt/vendor/featuredata/pq/qmap/online/rulelist/rulelist.json
